[0.007s][info][gc] Using Concurrent Mark Sweep
[0.007s][info][gc,heap,coops] Heap address: 0x0000000700000000, size: 4096 MB, Compressed Oops mode: Zero based, Oop shift amount: 3
[0.079s][info][safepoint    ] Entering safepoint region: EnableBiasedLocking
[0.079s][info][safepoint    ] Leaving safepoint region
[0.079s][info][safepoint    ] Total time for which application threads were stopped: 0.0001036 seconds, Stopping threads took: 0.0000294 seconds
[0.087s][info][safepoint    ] Application time: 0.0080980 seconds
[0.087s][info][safepoint    ] Entering safepoint region: RevokeBias
[0.087s][info][safepoint    ] Leaving safepoint region
[0.087s][info][safepoint    ] Total time for which application threads were stopped: 0.0001217 seconds, Stopping threads took: 0.0000420 seconds
[0.169s][info][safepoint    ] Application time: 0.0814743 seconds
[0.169s][info][safepoint    ] Entering safepoint region: Deoptimize
[0.169s][info][safepoint    ] Leaving safepoint region
[0.169s][info][safepoint    ] Total time for which application threads were stopped: 0.0000827 seconds, Stopping threads took: 0.0000076 seconds
[1.169s][info][safepoint    ] Application time: 1.0001079 seconds
[1.169s][info][safepoint    ] Entering safepoint region: Cleanup
[1.169s][info][safepoint    ] Leaving safepoint region
[1.169s][info][safepoint    ] Total time for which application threads were stopped: 0.0001498 seconds, Stopping threads took: 0.0000094 seconds
[1.355s][info][safepoint    ] Application time: 0.1859838 seconds
[1.355s][info][safepoint    ] Entering safepoint region: Deoptimize
[1.355s][info][safepoint    ] Leaving safepoint region
[1.355s][info][safepoint    ] Total time for which application threads were stopped: 0.0001590 seconds, Stopping threads took: 0.0000085 seconds
[1.399s][info][safepoint    ] Application time: 0.0435242 seconds
[1.399s][info][safepoint    ] Entering safepoint region: Deoptimize
[1.399s][info][safepoint    ] Leaving safepoint region
[1.399s][info][safepoint    ] Total time for which application threads were stopped: 0.0001466 seconds, Stopping threads took: 0.0000085 seconds
[1.444s][info][safepoint    ] Application time: 0.0453303 seconds
[1.445s][info][safepoint    ] Entering safepoint region: Deoptimize
[1.445s][info][safepoint    ] Leaving safepoint region
[1.445s][info][safepoint    ] Total time for which application threads were stopped: 0.0001881 seconds, Stopping threads took: 0.0000078 seconds
[2.316s][info][safepoint    ] Application time: 0.8714228 seconds
[2.316s][info][safepoint    ] Entering safepoint region: Deoptimize
[2.316s][info][safepoint    ] Leaving safepoint region
[2.316s][info][safepoint    ] Total time for which application threads were stopped: 0.0001715 seconds, Stopping threads took: 0.0000085 seconds
[2.477s][info][safepoint    ] Application time: 0.1609372 seconds
[2.477s][info][safepoint    ] Entering safepoint region: Deoptimize
[2.478s][info][safepoint    ] Leaving safepoint region
[2.478s][info][safepoint    ] Total time for which application threads were stopped: 0.0002536 seconds, Stopping threads took: 0.0000198 seconds
[2.745s][info][safepoint    ] Application time: 0.2672619 seconds
[2.745s][info][safepoint    ] Entering safepoint region: ICBufferFull
[2.745s][info][safepoint    ] Leaving safepoint region
[2.745s][info][safepoint    ] Total time for which application threads were stopped: 0.0001901 seconds, Stopping threads took: 0.0000645 seconds
[2.873s][info][safepoint    ] Application time: 0.1282693 seconds
[2.873s][info][safepoint    ] Entering safepoint region: Deoptimize
[2.874s][info][safepoint    ] Leaving safepoint region
[2.874s][info][safepoint    ] Total time for which application threads were stopped: 0.0003433 seconds, Stopping threads took: 0.0000083 seconds
[2.882s][info][safepoint    ] Application time: 0.0079259 seconds
[2.882s][info][safepoint    ] Entering safepoint region: Deoptimize
[2.883s][info][safepoint    ] Leaving safepoint region
[2.883s][info][safepoint    ] Total time for which application threads were stopped: 0.0010431 seconds, Stopping threads took: 0.0000077 seconds
[3.001s][info][safepoint    ] Application time: 0.1184893 seconds
[3.001s][info][safepoint    ] Entering safepoint region: Deoptimize
[3.002s][info][safepoint    ] Leaving safepoint region
[3.002s][info][safepoint    ] Total time for which application threads were stopped: 0.0003237 seconds, Stopping threads took: 0.0000077 seconds
[3.334s][info][safepoint    ] Application time: 0.3322832 seconds
[3.334s][info][safepoint    ] Entering safepoint region: ICBufferFull
[3.334s][info][safepoint    ] Leaving safepoint region
[3.334s][info][safepoint    ] Total time for which application threads were stopped: 0.0001626 seconds, Stopping threads took: 0.0000077 seconds
[3.364s][info][safepoint    ] Application time: 0.0303694 seconds
[3.364s][info][safepoint    ] Entering safepoint region: Deoptimize
[3.366s][info][safepoint    ] Leaving safepoint region
[3.366s][info][safepoint    ] Total time for which application threads were stopped: 0.0011225 seconds, Stopping threads took: 0.0000203 seconds
[3.455s][info][safepoint    ] Application time: 0.0898819 seconds
[3.455s][info][safepoint    ] Entering safepoint region: CollectForMetadataAllocation
[3.456s][info][safepoint    ] Leaving safepoint region
[3.456s][info][safepoint    ] Total time for which application threads were stopped: 0.0001526 seconds, Stopping threads took: 0.0000080 seconds
[3.526s][info][safepoint    ] Application time: 0.0700970 seconds
[3.526s][info][safepoint    ] Entering safepoint region: GenCollectForAllocation
[3.526s][info][gc,start     ] GC(0) Pause Young (Allocation Failure)
[3.526s][info][gc,task      ] GC(0) Using 4 workers of 4 for evacuation
[3.577s][debug][gc,ref       ] GC(0) Skipped phase1 of Reference Processing due to unavailable references
[3.577s][debug][gc,ref       ] GC(0) Skipped phase3 of Reference Processing due to unavailable references
[3.577s][debug][gc,age       ] GC(0) Desired survivor size 15368192 bytes, new threshold 1 (max threshold 6)
[3.577s][info ][gc,heap      ] GC(0) ParNew: 240320K->30015K(270336K)
[3.577s][info ][gc,heap      ] GC(0) CMS: 0K->2458K(600768K)
[3.577s][info ][gc,metaspace ] GC(0) Metaspace: 20598K->20598K(1069056K)
[3.577s][info ][gc           ] GC(0) Pause Young (Allocation Failure) 234M->31M(850M) 51.558ms
[3.577s][info ][gc,cpu       ] GC(0) User=0.15s Sys=0.03s Real=0.06s
[3.577s][info ][safepoint    ] Leaving safepoint region
[3.577s][info ][safepoint    ] Total time for which application threads were stopped: 0.0516984 seconds, Stopping threads took: 0.0000196 seconds
[3.578s][info ][safepoint    ] Application time: 0.0001672 seconds
[3.578s][info ][safepoint    ] Entering safepoint region: CMS_Initial_Mark
[3.578s][info ][gc,start     ] GC(1) Pause Initial Mark
[3.585s][info ][gc           ] GC(1) Pause Initial Mark 36M->36M(850M) 7.474ms
[3.585s][info ][gc,cpu       ] GC(1) User=0.02s Sys=0.00s Real=0.00s
[3.585s][info ][safepoint    ] Leaving safepoint region
[3.585s][info ][safepoint    ] Total time for which application threads were stopped: 0.0076122 seconds, Stopping threads took: 0.0000328 seconds
[3.585s][info ][gc           ] GC(1) Concurrent Mark
[3.585s][info ][safepoint    ] Application time: 0.0001856 seconds
[3.585s][info ][safepoint    ] Entering safepoint region: RevokeBias
[3.586s][info ][safepoint    ] Leaving safepoint region
[3.586s][info ][safepoint    ] Total time for which application threads were stopped: 0.0001389 seconds, Stopping threads took: 0.0000313 seconds
[3.586s][info ][safepoint    ] Application time: 0.0000675 seconds
[3.586s][info ][safepoint    ] Entering safepoint region: RevokeBias
[3.586s][info ][safepoint    ] Leaving safepoint region
[3.586s][info ][safepoint    ] Total time for which application threads were stopped: 0.0001207 seconds, Stopping threads took: 0.0000766 seconds
[3.587s][info ][safepoint    ] Application time: 0.0009332 seconds
[3.587s][info ][safepoint    ] Entering safepoint region: RevokeBias
[3.587s][info ][safepoint    ] Leaving safepoint region
[3.587s][info ][safepoint    ] Total time for which application threads were stopped: 0.0001211 seconds, Stopping threads took: 0.0000569 seconds
[3.611s][info ][gc           ] GC(1) Concurrent Mark 25.923ms
[3.611s][info ][gc,cpu       ] GC(1) User=0.08s Sys=0.00s Real=0.03s
[3.611s][info ][gc           ] GC(1) Concurrent Preclean
[3.611s][debug][gc,ref       ] GC(1) Preclean SoftReferences 0.002ms
[3.611s][debug][gc,ref       ] GC(1) Preclean WeakReferences 0.000ms
[3.611s][debug][gc,ref       ] GC(1) Preclean FinalReferences 0.000ms
[3.611s][debug][gc,ref       ] GC(1) Preclean PhantomReferences 0.000ms
[3.612s][info ][gc           ] GC(1) Concurrent Preclean 1.133ms
[3.612s][info ][gc,cpu       ] GC(1) User=0.00s Sys=0.00s Real=0.00s
[3.612s][info ][gc           ] GC(1) Concurrent Abortable Preclean
[3.650s][info ][safepoint    ] Application time: 0.0629481 seconds
[3.650s][info ][safepoint    ] Entering safepoint region: CollectForMetadataAllocation
[3.650s][info ][safepoint    ] Leaving safepoint region
[3.650s][info ][safepoint    ] Total time for which application threads were stopped: 0.0001231 seconds, Stopping threads took: 0.0000578 seconds
[3.668s][info ][safepoint    ] Application time: 0.0181929 seconds
[3.668s][info ][safepoint    ] Entering safepoint region: CollectForMetadataAllocation
[3.668s][info ][safepoint    ] Leaving safepoint region
[3.668s][info ][safepoint    ] Total time for which application threads were stopped: 0.0000703 seconds, Stopping threads took: 0.0000094 seconds
[3.696s][info ][safepoint    ] Application time: 0.0274806 seconds
[3.696s][info ][safepoint    ] Entering safepoint region: CollectForMetadataAllocation
[3.696s][info ][safepoint    ] Leaving safepoint region
[3.696s][info ][safepoint    ] Total time for which application threads were stopped: 0.0000920 seconds, Stopping threads took: 0.0000093 seconds
[3.734s][info ][safepoint    ] Application time: 0.0376595 seconds
[3.734s][info ][safepoint    ] Entering safepoint region: CollectForMetadataAllocation
[3.734s][info ][safepoint    ] Leaving safepoint region
[3.734s][info ][safepoint    ] Total time for which application threads were stopped: 0.0001202 seconds, Stopping threads took: 0.0000094 seconds
[3.742s][info ][safepoint    ] Application time: 0.0082580 seconds
[3.742s][info ][safepoint    ] Entering safepoint region: RevokeBias
[3.742s][info ][safepoint    ] Leaving safepoint region
[3.742s][info ][safepoint    ] Total time for which application threads were stopped: 0.0001165 seconds, Stopping threads took: 0.0000361 seconds
[3.743s][info ][safepoint    ] Application time: 0.0005317 seconds
[3.745s][info ][safepoint    ] Entering safepoint region: RevokeBias
[3.745s][info ][safepoint    ] Leaving safepoint region
[3.745s][info ][safepoint    ] Total time for which application threads were stopped: 0.0027803 seconds, Stopping threads took: 0.0026837 seconds
[3.746s][info ][safepoint    ] Application time: 0.0001389 seconds
[3.746s][info ][safepoint    ] Entering safepoint region: RevokeBias
[3.746s][info ][safepoint    ] Leaving safepoint region
[3.746s][info ][safepoint    ] Total time for which application threads were stopped: 0.0000984 seconds, Stopping threads took: 0.0000417 seconds
[3.746s][info ][safepoint    ] Application time: 0.0001889 seconds
[3.746s][info ][safepoint    ] Entering safepoint region: RevokeBias
[3.746s][info ][safepoint    ] Leaving safepoint region
[3.746s][info ][safepoint    ] Total time for which application threads were stopped: 0.0001335 seconds, Stopping threads took: 0.0000890 seconds
[3.746s][info ][safepoint    ] Application time: 0.0002787 seconds
[3.746s][info ][safepoint    ] Entering safepoint region: RevokeBias
[3.746s][info ][safepoint    ] Leaving safepoint region
[3.746s][info ][safepoint    ] Total time for which application threads were stopped: 0.0001072 seconds, Stopping threads took: 0.0000316 seconds
[3.747s][info ][safepoint    ] Application time: 0.0005777 seconds
[3.747s][info ][safepoint    ] Entering safepoint region: RevokeBias
[3.747s][info ][safepoint    ] Leaving safepoint region
[3.747s][info ][safepoint    ] Total time for which application threads were stopped: 0.0001345 seconds, Stopping threads took: 0.0000846 seconds
[3.747s][info ][safepoint    ] Application time: 0.0001551 seconds
[3.747s][info ][safepoint    ] Entering safepoint region: RevokeBias
[3.748s][info ][safepoint    ] Leaving safepoint region
[3.748s][info ][safepoint    ] Total time for which application threads were stopped: 0.0001626 seconds, Stopping threads took: 0.0000984 seconds
[3.748s][info ][safepoint    ] Application time: 0.0006892 seconds
[3.748s][info ][safepoint    ] Entering safepoint region: RevokeBias
[3.748s][info ][safepoint    ] Leaving safepoint region
[3.748s][info ][safepoint    ] Total time for which application threads were stopped: 0.0002021 seconds, Stopping threads took: 0.0001455 seconds
[3.749s][info ][safepoint    ] Application time: 0.0000952 seconds
[3.751s][info ][safepoint    ] Entering safepoint region: RevokeBias
[3.751s][info ][safepoint    ] Leaving safepoint region
[3.751s][info ][safepoint    ] Total time for which application threads were stopped: 0.0025722 seconds, Stopping threads took: 0.0025039 seconds
[3.751s][info ][safepoint    ] Application time: 0.0001509 seconds
[3.751s][info ][safepoint    ] Entering safepoint region: RevokeBias
[3.752s][info ][safepoint    ] Leaving safepoint region
[3.752s][info ][safepoint    ] Total time for which application threads were stopped: 0.0002531 seconds, Stopping threads took: 0.0001988 seconds
[3.752s][info ][safepoint    ] Application time: 0.0005630 seconds
[3.752s][info ][safepoint    ] Entering safepoint region: RevokeBias
[3.752s][info ][safepoint    ] Leaving safepoint region
[3.752s][info ][safepoint    ] Total time for which application threads were stopped: 0.0001412 seconds, Stopping threads took: 0.0000593 seconds
[3.753s][info ][safepoint    ] Application time: 0.0002782 seconds
[3.753s][info ][safepoint    ] Entering safepoint region: RevokeBias
[3.753s][info ][safepoint    ] Leaving safepoint region
[3.753s][info ][safepoint    ] Total time for which application threads were stopped: 0.0002049 seconds, Stopping threads took: 0.0001004 seconds
[3.753s][info ][safepoint    ] Application time: 0.0003749 seconds
[3.753s][info ][safepoint    ] Entering safepoint region: RevokeBias
[3.753s][info ][safepoint    ] Leaving safepoint region
[3.753s][info ][safepoint    ] Total time for which application threads were stopped: 0.0001841 seconds, Stopping threads took: 0.0001011 seconds
[3.754s][info ][safepoint    ] Application time: 0.0001903 seconds
[3.756s][info ][safepoint    ] Entering safepoint region: RevokeBias
[3.756s][info ][safepoint    ] Leaving safepoint region
[3.756s][info ][safepoint    ] Total time for which application threads were stopped: 0.0025600 seconds, Stopping threads took: 0.0025174 seconds
[3.756s][info ][safepoint    ] Application time: 0.0001792 seconds
[3.756s][info ][safepoint    ] Entering safepoint region: RevokeBias
[3.756s][info ][safepoint    ] Leaving safepoint region
[3.756s][info ][safepoint    ] Total time for which application threads were stopped: 0.0001468 seconds, Stopping threads took: 0.0000840 seconds
[3.757s][info ][safepoint    ] Application time: 0.0002531 seconds
[3.757s][info ][safepoint    ] Entering safepoint region: RevokeBias
[3.757s][info ][safepoint    ] Leaving safepoint region
[3.757s][info ][safepoint    ] Total time for which application threads were stopped: 0.0001048 seconds, Stopping threads took: 0.0000400 seconds
[3.757s][info ][safepoint    ] Application time: 0.0002846 seconds
[3.757s][info ][safepoint    ] Entering safepoint region: RevokeBias
[3.757s][info ][safepoint    ] Leaving safepoint region
[3.757s][info ][safepoint    ] Total time for which application threads were stopped: 0.0000754 seconds, Stopping threads took: 0.0000306 seconds
[3.758s][info ][safepoint    ] Application time: 0.0006505 seconds
[3.758s][info ][safepoint    ] Entering safepoint region: RevokeBias
[3.758s][info ][safepoint    ] Leaving safepoint region
[3.758s][info ][safepoint    ] Total time for which application threads were stopped: 0.0000989 seconds, Stopping threads took: 0.0000389 seconds
[3.759s][info ][safepoint    ] Application time: 0.0007211 seconds
[3.759s][info ][safepoint    ] Entering safepoint region: RevokeBias
[3.759s][info ][safepoint    ] Leaving safepoint region
[3.759s][info ][safepoint    ] Total time for which application threads were stopped: 0.0001389 seconds, Stopping threads took: 0.0000752 seconds
[3.759s][info ][safepoint    ] Application time: 0.0001012 seconds
[3.759s][info ][safepoint    ] Entering safepoint region: RevokeBias
[3.759s][info ][safepoint    ] Leaving safepoint region
[3.759s][info ][safepoint    ] Total time for which application threads were stopped: 0.0001152 seconds, Stopping threads took: 0.0000539 seconds
[3.759s][info ][safepoint    ] Application time: 0.0002139 seconds
[3.759s][info ][safepoint    ] Entering safepoint region: RevokeBias
[3.759s][info ][safepoint    ] Leaving safepoint region
[3.759s][info ][safepoint    ] Total time for which application threads were stopped: 0.0001099 seconds, Stopping threads took: 0.0000514 seconds
[3.760s][info ][safepoint    ] Application time: 0.0000851 seconds
[3.760s][info ][safepoint    ] Entering safepoint region: BulkRevokeBias
[3.760s][info ][safepoint    ] Leaving safepoint region
[3.760s][info ][safepoint    ] Total time for which application threads were stopped: 0.0003297 seconds, Stopping threads took: 0.0001796 seconds
[3.761s][info ][safepoint    ] Application time: 0.0007652 seconds
[3.761s][info ][safepoint    ] Entering safepoint region: RevokeBias
[3.761s][info ][safepoint    ] Leaving safepoint region
[3.761s][info ][safepoint    ] Total time for which application threads were stopped: 0.0001648 seconds, Stopping threads took: 0.0001036 seconds
[3.767s][info ][safepoint    ] Application time: 0.0060206 seconds
[3.767s][info ][safepoint    ] Entering safepoint region: CollectForMetadataAllocation
[3.767s][info ][safepoint    ] Leaving safepoint region
[3.767s][info ][safepoint    ] Total time for which application threads were stopped: 0.0006092 seconds, Stopping threads took: 0.0004316 seconds
[3.770s][info ][safepoint    ] Application time: 0.0021712 seconds
[3.770s][info ][safepoint    ] Entering safepoint region: RevokeBias
[3.770s][info ][safepoint    ] Leaving safepoint region
[3.770s][info ][safepoint    ] Total time for which application threads were stopped: 0.0002025 seconds, Stopping threads took: 0.0001556 seconds
[3.773s][info ][safepoint    ] Application time: 0.0034615 seconds
[3.773s][info ][safepoint    ] Entering safepoint region: RevokeBias
[3.773s][info ][safepoint    ] Leaving safepoint region
[3.773s][info ][safepoint    ] Total time for which application threads were stopped: 0.0001469 seconds, Stopping threads took: 0.0000735 seconds
[3.774s][info ][safepoint    ] Application time: 0.0002246 seconds
[3.774s][info ][safepoint    ] Entering safepoint region: CollectForMetadataAllocation
[3.774s][info ][safepoint    ] Leaving safepoint region
[3.774s][info ][safepoint    ] Total time for which application threads were stopped: 0.0000531 seconds, Stopping threads took: 0.0000077 seconds
[3.775s][info ][safepoint    ] Application time: 0.0014617 seconds
[3.775s][info ][safepoint    ] Entering safepoint region: RevokeBias
[3.775s][info ][safepoint    ] Leaving safepoint region
[3.775s][info ][safepoint    ] Total time for which application threads were stopped: 0.0001095 seconds, Stopping threads took: 0.0000724 seconds
[3.776s][info ][safepoint    ] Application time: 0.0007712 seconds
[3.776s][info ][safepoint    ] Entering safepoint region: RevokeBias
[3.776s][info ][safepoint    ] Leaving safepoint region
[3.776s][info ][safepoint    ] Total time for which application threads were stopped: 0.0001700 seconds, Stopping threads took: 0.0001286 seconds
[3.778s][info ][safepoint    ] Application time: 0.0018389 seconds
[3.778s][info ][safepoint    ] Entering safepoint region: RevokeBias
[3.778s][info ][safepoint    ] Leaving safepoint region
[3.778s][info ][safepoint    ] Total time for which application threads were stopped: 0.0001229 seconds, Stopping threads took: 0.0000584 seconds
[3.778s][info ][safepoint    ] Application time: 0.0001691 seconds
[3.779s][info ][safepoint    ] Entering safepoint region: RevokeBias
[3.779s][info ][safepoint    ] Leaving safepoint region
[3.779s][info ][safepoint    ] Total time for which application threads were stopped: 0.0001340 seconds, Stopping threads took: 0.0000945 seconds
[3.779s][info ][safepoint    ] Application time: 0.0005467 seconds
[3.779s][info ][safepoint    ] Entering safepoint region: RevokeBias
[3.779s][info ][safepoint    ] Leaving safepoint region
[3.779s][info ][safepoint    ] Total time for which application threads were stopped: 0.0001806 seconds, Stopping threads took: 0.0001335 seconds
[3.782s][info ][safepoint    ] Application time: 0.0024860 seconds
[3.782s][info ][safepoint    ] Entering safepoint region: RevokeBias
[3.782s][info ][safepoint    ] Leaving safepoint region
[3.782s][info ][safepoint    ] Total time for which application threads were stopped: 0.0001588 seconds, Stopping threads took: 0.0001081 seconds
[3.783s][info ][safepoint    ] Application time: 0.0007193 seconds
[3.783s][info ][safepoint    ] Entering safepoint region: RevokeBias
[3.783s][info ][safepoint    ] Leaving safepoint region
[3.783s][info ][safepoint    ] Total time for which application threads were stopped: 0.0001193 seconds, Stopping threads took: 0.0000449 seconds
[3.783s][info ][safepoint    ] Application time: 0.0003144 seconds
[3.783s][info ][safepoint    ] Entering safepoint region: CollectForMetadataAllocation
[3.783s][info ][safepoint    ] Leaving safepoint region
[3.783s][info ][safepoint    ] Total time for which application threads were stopped: 0.0001244 seconds, Stopping threads took: 0.0000672 seconds
[3.786s][info ][safepoint    ] Application time: 0.0023889 seconds
[3.786s][info ][safepoint    ] Entering safepoint region: RevokeBias
[3.786s][info ][safepoint    ] Leaving safepoint region
[3.786s][info ][safepoint    ] Total time for which application threads were stopped: 0.0001387 seconds, Stopping threads took: 0.0000774 seconds
[3.789s][info ][safepoint    ] Application time: 0.0031744 seconds
[3.789s][info ][safepoint    ] Entering safepoint region: RevokeBias
[3.789s][info ][safepoint    ] Leaving safepoint region
[3.789s][info ][safepoint    ] Total time for which application threads were stopped: 0.0001227 seconds, Stopping threads took: 0.0000331 seconds
[3.791s][info ][safepoint    ] Application time: 0.0013106 seconds
[3.791s][info ][safepoint    ] Entering safepoint region: CollectForMetadataAllocation
[3.791s][info ][safepoint    ] Leaving safepoint region
[3.791s][info ][safepoint    ] Total time for which application threads were stopped: 0.0001121 seconds, Stopping threads took: 0.0000244 seconds
[3.792s][info ][safepoint    ] Application time: 0.0016003 seconds
[3.792s][info ][safepoint    ] Entering safepoint region: RevokeBias
[3.792s][info ][safepoint    ] Leaving safepoint region
[3.792s][info ][safepoint    ] Total time for which application threads were stopped: 0.0001438 seconds, Stopping threads took: 0.0000712 seconds
[3.795s][info ][safepoint    ] Application time: 0.0021178 seconds
[3.795s][info ][safepoint    ] Entering safepoint region: RevokeBias
[3.795s][info ][safepoint    ] Leaving safepoint region
[3.795s][info ][safepoint    ] Total time for which application threads were stopped: 0.0001343 seconds, Stopping threads took: 0.0000700 seconds
[3.796s][info ][safepoint    ] Application time: 0.0017732 seconds
[3.797s][info ][safepoint    ] Entering safepoint region: RevokeBias
[3.797s][info ][safepoint    ] Leaving safepoint region
[3.797s][info ][safepoint    ] Total time for which application threads were stopped: 0.0001014 seconds, Stopping threads took: 0.0000495 seconds
[3.797s][info ][safepoint    ] Application time: 0.0009193 seconds
[3.798s][info ][safepoint    ] Entering safepoint region: RevokeBias
[3.798s][info ][safepoint    ] Leaving safepoint region
[3.798s][info ][safepoint    ] Total time for which application threads were stopped: 0.0001192 seconds, Stopping threads took: 0.0000584 seconds
[3.798s][info ][safepoint    ] Application time: 0.0003432 seconds
[3.798s][info ][safepoint    ] Entering safepoint region: RevokeBias
[3.798s][info ][safepoint    ] Leaving safepoint region
[3.798s][info ][safepoint    ] Total time for which application threads were stopped: 0.0001642 seconds, Stopping threads took: 0.0000631 seconds
[3.799s][info ][safepoint    ] Application time: 0.0005340 seconds
[3.799s][info ][safepoint    ] Entering safepoint region: RevokeBias
[3.799s][info ][safepoint    ] Leaving safepoint region
[3.799s][info ][safepoint    ] Total time for which application threads were stopped: 0.0001337 seconds, Stopping threads took: 0.0000057 seconds
[3.801s][info ][safepoint    ] Application time: 0.0022225 seconds
[3.801s][info ][safepoint    ] Entering safepoint region: CollectForMetadataAllocation
[3.801s][info ][safepoint    ] Leaving safepoint region
[3.801s][info ][safepoint    ] Total time for which application threads were stopped: 0.0001268 seconds, Stopping threads took: 0.0000475 seconds
[3.803s][info ][safepoint    ] Application time: 0.0017705 seconds
[3.803s][info ][safepoint    ] Entering safepoint region: RevokeBias
[3.803s][info ][safepoint    ] Leaving safepoint region
[3.803s][info ][safepoint    ] Total time for which application threads were stopped: 0.0001812 seconds, Stopping threads took: 0.0001127 seconds
[3.805s][info ][safepoint    ] Application time: 0.0016807 seconds
[3.805s][info ][safepoint    ] Entering safepoint region: RevokeBias
[3.805s][info ][safepoint    ] Leaving safepoint region
[3.805s][info ][safepoint    ] Total time for which application threads were stopped: 0.0001393 seconds, Stopping threads took: 0.0000716 seconds
[3.806s][info ][safepoint    ] Application time: 0.0007047 seconds
[3.806s][info ][safepoint    ] Entering safepoint region: RevokeBias
[3.806s][info ][safepoint    ] Leaving safepoint region
[3.806s][info ][safepoint    ] Total time for which application threads were stopped: 0.0001650 seconds, Stopping threads took: 0.0001272 seconds
[3.808s][info ][safepoint    ] Application time: 0.0019820 seconds
[3.808s][info ][safepoint    ] Entering safepoint region: RevokeBias
[3.808s][info ][safepoint    ] Leaving safepoint region
[3.808s][info ][safepoint    ] Total time for which application threads were stopped: 0.0001054 seconds, Stopping threads took: 0.0000087 seconds
[3.810s][info ][safepoint    ] Application time: 0.0017387 seconds
[3.810s][info ][safepoint    ] Entering safepoint region: RevokeBias
[3.810s][info ][safepoint    ] Leaving safepoint region
[3.810s][info ][safepoint    ] Total time for which application threads were stopped: 0.0001408 seconds, Stopping threads took: 0.0000761 seconds
[3.810s][info ][safepoint    ] Application time: 0.0005615 seconds
[3.811s][info ][safepoint    ] Entering safepoint region: BulkRevokeBias
[3.811s][info ][safepoint    ] Leaving safepoint region
[3.811s][info ][safepoint    ] Total time for which application threads were stopped: 0.0001463 seconds, Stopping threads took: 0.0000357 seconds
[3.814s][info ][safepoint    ] Application time: 0.0035925 seconds
[3.814s][info ][safepoint    ] Entering safepoint region: CollectForMetadataAllocation
[3.814s][info ][safepoint    ] Leaving safepoint region
[3.814s][info ][safepoint    ] Total time for which application threads were stopped: 0.0001676 seconds, Stopping threads took: 0.0000442 seconds
[3.817s][info ][safepoint    ] Application time: 0.0024762 seconds
[3.817s][info ][safepoint    ] Entering safepoint region: RevokeBias
[3.817s][info ][safepoint    ] Leaving safepoint region
[3.817s][info ][safepoint    ] Total time for which application threads were stopped: 0.0001769 seconds, Stopping threads took: 0.0000505 seconds
[3.825s][info ][safepoint    ] Application time: 0.0079769 seconds
[3.825s][info ][safepoint    ] Entering safepoint region: CollectForMetadataAllocation
[3.825s][info ][safepoint    ] Leaving safepoint region
[3.825s][info ][safepoint    ] Total time for which application threads were stopped: 0.0001195 seconds, Stopping threads took: 0.0000521 seconds
[3.833s][info ][safepoint    ] Application time: 0.0082411 seconds
[3.834s][info ][safepoint    ] Entering safepoint region: CollectForMetadataAllocation
[3.834s][info ][safepoint    ] Leaving safepoint region
[3.834s][info ][safepoint    ] Total time for which application threads were stopped: 0.0001525 seconds, Stopping threads took: 0.0000836 seconds
[3.839s][info ][safepoint    ] Application time: 0.0055023 seconds
[3.839s][info ][safepoint    ] Entering safepoint region: RevokeBias
[3.839s][info ][safepoint    ] Leaving safepoint region
[3.839s][info ][safepoint    ] Total time for which application threads were stopped: 0.0001487 seconds, Stopping threads took: 0.0000395 seconds
[3.840s][info ][safepoint    ] Application time: 0.0006269 seconds
[3.840s][info ][safepoint    ] Entering safepoint region: RevokeBias
[3.840s][info ][safepoint    ] Leaving safepoint region
[3.840s][info ][safepoint    ] Total time for which application threads were stopped: 0.0000795 seconds, Stopping threads took: 0.0000276 seconds
[3.846s][info ][safepoint    ] Application time: 0.0057604 seconds
[3.846s][info ][safepoint    ] Entering safepoint region: CollectForMetadataAllocation
[3.846s][info ][safepoint    ] Leaving safepoint region
[3.846s][info ][safepoint    ] Total time for which application threads were stopped: 0.0001177 seconds, Stopping threads took: 0.0000443 seconds
[3.859s][info ][safepoint    ] Application time: 0.0134047 seconds
[3.859s][info ][safepoint    ] Entering safepoint region: CollectForMetadataAllocation
[3.859s][info ][safepoint    ] Leaving safepoint region
[3.860s][info ][safepoint    ] Total time for which application threads were stopped: 0.0001090 seconds, Stopping threads took: 0.0000284 seconds
[3.864s][info ][safepoint    ] Application time: 0.0040437 seconds
[3.864s][info ][safepoint    ] Entering safepoint region: RevokeBias
[3.864s][info ][safepoint    ] Leaving safepoint region
[3.864s][info ][safepoint    ] Total time for which application threads were stopped: 0.0001580 seconds, Stopping threads took: 0.0000796 seconds
[3.872s][info ][safepoint    ] Application time: 0.0081115 seconds
[3.872s][info ][safepoint    ] Entering safepoint region: RevokeBias
[3.872s][info ][safepoint    ] Leaving safepoint region
[3.872s][info ][safepoint    ] Total time for which application threads were stopped: 0.0001019 seconds, Stopping threads took: 0.0000343 seconds
[3.874s][info ][safepoint    ] Application time: 0.0021617 seconds
[3.874s][info ][safepoint    ] Entering safepoint region: RevokeBias
[3.874s][info ][safepoint    ] Leaving safepoint region
[3.874s][info ][safepoint    ] Total time for which application threads were stopped: 0.0001516 seconds, Stopping threads took: 0.0000507 seconds
[3.875s][info ][safepoint    ] Application time: 0.0006491 seconds
[3.875s][info ][safepoint    ] Entering safepoint region: Deoptimize
[3.875s][info ][safepoint    ] Leaving safepoint region
[3.875s][info ][safepoint    ] Total time for which application threads were stopped: 0.0003465 seconds, Stopping threads took: 0.0000051 seconds
[3.876s][info ][safepoint    ] Application time: 0.0006917 seconds
[3.876s][info ][safepoint    ] Entering safepoint region: CollectForMetadataAllocation
[3.876s][info ][safepoint    ] Leaving safepoint region
[3.876s][info ][safepoint    ] Total time for which application threads were stopped: 0.0001081 seconds, Stopping threads took: 0.0000347 seconds
[3.913s][info ][safepoint    ] Application time: 0.0369190 seconds
[3.913s][info ][safepoint    ] Entering safepoint region: RevokeBias
[3.913s][info ][safepoint    ] Leaving safepoint region
[3.913s][info ][safepoint    ] Total time for which application threads were stopped: 0.0003600 seconds, Stopping threads took: 0.0001424 seconds
[3.917s][info ][safepoint    ] Application time: 0.0036441 seconds
[3.917s][info ][safepoint    ] Entering safepoint region: Deoptimize
[3.918s][info ][safepoint    ] Leaving safepoint region
[3.918s][info ][safepoint    ] Total time for which application threads were stopped: 0.0004415 seconds, Stopping threads took: 0.0000477 seconds
[3.922s][info ][safepoint    ] Application time: 0.0045838 seconds
[3.922s][info ][safepoint    ] Entering safepoint region: RevokeBias
[3.922s][info ][safepoint    ] Leaving safepoint region
[3.922s][info ][safepoint    ] Total time for which application threads were stopped: 0.0001562 seconds, Stopping threads took: 0.0000615 seconds
[3.923s][info ][safepoint    ] Application time: 0.0003358 seconds
[3.923s][info ][safepoint    ] Entering safepoint region: RevokeBias
[3.923s][info ][safepoint    ] Leaving safepoint region
[3.923s][info ][safepoint    ] Total time for which application threads were stopped: 0.0001684 seconds, Stopping threads took: 0.0001161 seconds
[3.923s][info ][safepoint    ] Application time: 0.0002334 seconds
[3.923s][info ][safepoint    ] Entering safepoint region: RevokeBias
[3.923s][info ][safepoint    ] Leaving safepoint region
[3.923s][info ][safepoint    ] Total time for which application threads were stopped: 0.0000891 seconds, Stopping threads took: 0.0000349 seconds
[3.924s][info ][safepoint    ] Application time: 0.0005051 seconds
[3.924s][info ][safepoint    ] Entering safepoint region: RevokeBias
[3.924s][info ][safepoint    ] Leaving safepoint region
[3.924s][info ][safepoint    ] Total time for which application threads were stopped: 0.0000972 seconds, Stopping threads took: 0.0000439 seconds
[3.924s][info ][safepoint    ] Application time: 0.0004187 seconds
[3.924s][info ][safepoint    ] Entering safepoint region: RevokeBias
[3.925s][info ][safepoint    ] Leaving safepoint region
[3.925s][info ][safepoint    ] Total time for which application threads were stopped: 0.0003152 seconds, Stopping threads took: 0.0000487 seconds
[3.925s][info ][safepoint    ] Application time: 0.0003179 seconds
[3.925s][info ][safepoint    ] Entering safepoint region: CollectForMetadataAllocation
[3.925s][info ][safepoint    ] Leaving safepoint region
[3.925s][info ][safepoint    ] Total time for which application threads were stopped: 0.0002815 seconds, Stopping threads took: 0.0001534 seconds
[3.925s][info ][safepoint    ] Application time: 0.0002653 seconds
[3.926s][info ][safepoint    ] Entering safepoint region: CollectForMetadataAllocation
[3.926s][info ][safepoint    ] Leaving safepoint region
[3.926s][info ][safepoint    ] Total time for which application threads were stopped: 0.0001769 seconds, Stopping threads took: 0.0001327 seconds
[3.926s][info ][safepoint    ] Application time: 0.0002688 seconds
[3.926s][info ][safepoint    ] Entering safepoint region: RevokeBias
[3.926s][info ][safepoint    ] Leaving safepoint region
[3.926s][info ][safepoint    ] Total time for which application threads were stopped: 0.0002326 seconds, Stopping threads took: 0.0001264 seconds
[3.928s][info ][safepoint    ] Application time: 0.0015444 seconds
[3.928s][info ][safepoint    ] Entering safepoint region: RevokeBias
[3.928s][info ][safepoint    ] Leaving safepoint region
[3.928s][info ][safepoint    ] Total time for which application threads were stopped: 0.0001636 seconds, Stopping threads took: 0.0000633 seconds
[3.939s][info ][safepoint    ] Application time: 0.0111521 seconds
[3.939s][info ][safepoint    ] Entering safepoint region: RevokeBias
[3.939s][info ][safepoint    ] Leaving safepoint region
[3.939s][info ][safepoint    ] Total time for which application threads were stopped: 0.0002735 seconds, Stopping threads took: 0.0001792 seconds
[3.944s][info ][safepoint    ] Application time: 0.0047951 seconds
[3.944s][info ][safepoint    ] Entering safepoint region: RevokeBias
[3.944s][info ][safepoint    ] Leaving safepoint region
[3.944s][info ][safepoint    ] Total time for which application threads were stopped: 0.0002263 seconds, Stopping threads took: 0.0000882 seconds
[3.945s][info ][safepoint    ] Application time: 0.0008341 seconds
[3.945s][info ][safepoint    ] Entering safepoint region: RevokeBias
[3.945s][info ][safepoint    ] Leaving safepoint region
[3.945s][info ][safepoint    ] Total time for which application threads were stopped: 0.0002355 seconds, Stopping threads took: 0.0001243 seconds
[3.946s][info ][safepoint    ] Application time: 0.0009164 seconds
[3.947s][info ][safepoint    ] Entering safepoint region: RevokeBias
[3.947s][info ][safepoint    ] Leaving safepoint region
[3.947s][info ][safepoint    ] Total time for which application threads were stopped: 0.0002677 seconds, Stopping threads took: 0.0001113 seconds
[3.948s][info ][safepoint    ] Application time: 0.0015959 seconds
[3.949s][info ][safepoint    ] Entering safepoint region: RevokeBias
[3.949s][info ][safepoint    ] Leaving safepoint region
[3.949s][info ][safepoint    ] Total time for which application threads were stopped: 0.0002967 seconds, Stopping threads took: 0.0002088 seconds
[3.952s][info ][safepoint    ] Application time: 0.0036171 seconds
[3.952s][info ][safepoint    ] Entering safepoint region: CollectForMetadataAllocation
[3.953s][info ][safepoint    ] Leaving safepoint region
[3.953s][info ][safepoint    ] Total time for which application threads were stopped: 0.0003093 seconds, Stopping threads took: 0.0001015 seconds
[3.953s][info ][safepoint    ] Application time: 0.0001295 seconds
[3.953s][info ][safepoint    ] Entering safepoint region: RevokeBias
[3.953s][info ][safepoint    ] Leaving safepoint region
[3.953s][info ][safepoint    ] Total time for which application threads were stopped: 0.0002337 seconds, Stopping threads took: 0.0001375 seconds
[3.954s][info ][safepoint    ] Application time: 0.0012698 seconds
[3.954s][info ][safepoint    ] Entering safepoint region: RevokeBias
[3.954s][info ][safepoint    ] Leaving safepoint region
[3.954s][info ][safepoint    ] Total time for which application threads were stopped: 0.0002620 seconds, Stopping threads took: 0.0001359 seconds
[3.956s][info ][safepoint    ] Application time: 0.0011237 seconds
[3.956s][info ][safepoint    ] Entering safepoint region: RevokeBias
[3.956s][info ][safepoint    ] Leaving safepoint region
[3.956s][info ][safepoint    ] Total time for which application threads were stopped: 0.0001840 seconds, Stopping threads took: 0.0000976 seconds
[3.977s][info ][safepoint    ] Application time: 0.0215146 seconds
[3.978s][info ][safepoint    ] Entering safepoint region: RevokeBias
[3.978s][info ][safepoint    ] Leaving safepoint region
[3.978s][info ][safepoint    ] Total time for which application threads were stopped: 0.0004332 seconds, Stopping threads took: 0.0002156 seconds
[3.984s][info ][safepoint    ] Application time: 0.0066801 seconds
[3.985s][info ][safepoint    ] Entering safepoint region: RevokeBias
[3.985s][info ][safepoint    ] Leaving safepoint region
[3.985s][info ][safepoint    ] Total time for which application threads were stopped: 0.0003669 seconds, Stopping threads took: 0.0001667 seconds
[3.985s][info ][safepoint    ] Application time: 0.0005089 seconds
[3.988s][info ][safepoint    ] Entering safepoint region: RevokeBias
[3.988s][info ][safepoint    ] Leaving safepoint region
[3.988s][info ][safepoint    ] Total time for which application threads were stopped: 0.0027289 seconds, Stopping threads took: 0.0025770 seconds
[3.994s][info ][safepoint    ] Application time: 0.0055449 seconds
[3.994s][info ][safepoint    ] Entering safepoint region: RevokeBias
[3.994s][info ][safepoint    ] Leaving safepoint region
[3.994s][info ][safepoint    ] Total time for which application threads were stopped: 0.0004410 seconds, Stopping threads took: 0.0001897 seconds
[3.995s][info ][safepoint    ] Application time: 0.0007785 seconds
[3.995s][info ][safepoint    ] Entering safepoint region: RevokeBias
[3.995s][info ][safepoint    ] Leaving safepoint region
[3.995s][info ][safepoint    ] Total time for which application threads were stopped: 0.0003950 seconds, Stopping threads took: 0.0002413 seconds
[3.996s][info ][safepoint    ] Application time: 0.0001962 seconds
[3.996s][info ][safepoint    ] Entering safepoint region: RevokeBias
[3.996s][info ][safepoint    ] Leaving safepoint region
[3.996s][info ][safepoint    ] Total time for which application threads were stopped: 0.0003248 seconds, Stopping threads took: 0.0001568 seconds
[4.013s][info ][safepoint    ] Application time: 0.0173051 seconds
[4.013s][info ][safepoint    ] Entering safepoint region: RevokeBias
[4.013s][info ][safepoint    ] Leaving safepoint region
[4.013s][info ][safepoint    ] Total time for which application threads were stopped: 0.0002276 seconds, Stopping threads took: 0.0000866 seconds
[4.014s][info ][safepoint    ] Application time: 0.0002653 seconds
[4.014s][info ][safepoint    ] Entering safepoint region: RevokeBias
[4.014s][info ][safepoint    ] Leaving safepoint region
[4.014s][info ][safepoint    ] Total time for which application threads were stopped: 0.0003434 seconds, Stopping threads took: 0.0002062 seconds
[4.021s][info ][safepoint    ] Application time: 0.0068492 seconds
[4.021s][info ][safepoint    ] Entering safepoint region: RevokeBias
[4.022s][info ][safepoint    ] Leaving safepoint region
[4.022s][info ][safepoint    ] Total time for which application threads were stopped: 0.0005416 seconds, Stopping threads took: 0.0002906 seconds
[4.027s][info ][safepoint    ] Application time: 0.0058758 seconds
[4.028s][info ][safepoint    ] Entering safepoint region: RevokeBias
[4.029s][info ][safepoint    ] Leaving safepoint region
[4.029s][info ][safepoint    ] Total time for which application threads were stopped: 0.0011360 seconds, Stopping threads took: 0.0001640 seconds
[4.031s][info ][safepoint    ] Application time: 0.0025920 seconds
[4.031s][info ][safepoint    ] Entering safepoint region: RevokeBias
[4.032s][info ][safepoint    ] Leaving safepoint region
[4.032s][info ][safepoint    ] Total time for which application threads were stopped: 0.0004366 seconds, Stopping threads took: 0.0002316 seconds
[4.033s][info ][safepoint    ] Application time: 0.0014393 seconds
[4.036s][info ][safepoint    ] Entering safepoint region: RevokeBias
[4.036s][info ][safepoint    ] Leaving safepoint region
[4.036s][info ][safepoint    ] Total time for which application threads were stopped: 0.0027802 seconds, Stopping threads took: 0.0025694 seconds
[4.039s][info ][safepoint    ] Application time: 0.0026761 seconds
[4.039s][info ][safepoint    ] Entering safepoint region: RevokeBias
[4.039s][info ][safepoint    ] Leaving safepoint region
[4.039s][info ][safepoint    ] Total time for which application threads were stopped: 0.0002731 seconds, Stopping threads took: 0.0000990 seconds
[4.043s][info ][safepoint    ] Application time: 0.0044867 seconds
[4.044s][info ][safepoint    ] Entering safepoint region: RevokeBias
[4.044s][info ][safepoint    ] Leaving safepoint region
[4.044s][info ][safepoint    ] Total time for which application threads were stopped: 0.0004029 seconds, Stopping threads took: 0.0002274 seconds
[4.055s][info ][safepoint    ] Application time: 0.0117015 seconds
[4.056s][info ][safepoint    ] Entering safepoint region: RevokeBias
[4.056s][info ][safepoint    ] Leaving safepoint region
[4.056s][info ][safepoint    ] Total time for which application threads were stopped: 0.0003680 seconds, Stopping threads took: 0.0001408 seconds
[4.059s][info ][safepoint    ] Application time: 0.0027105 seconds
[4.059s][info ][safepoint    ] Entering safepoint region: RevokeBias
[4.059s][info ][safepoint    ] Leaving safepoint region
[4.059s][info ][safepoint    ] Total time for which application threads were stopped: 0.0003865 seconds, Stopping threads took: 0.0001686 seconds
[4.065s][info ][safepoint    ] Application time: 0.0055819 seconds
[4.067s][info ][safepoint    ] Entering safepoint region: RevokeBias
[4.067s][info ][safepoint    ] Leaving safepoint region
[4.067s][info ][safepoint    ] Total time for which application threads were stopped: 0.0028481 seconds, Stopping threads took: 0.0026082 seconds
[4.087s][info ][safepoint    ] Application time: 0.0198219 seconds
[4.088s][info ][safepoint    ] Entering safepoint region: RevokeBias
[4.088s][info ][safepoint    ] Leaving safepoint region
[4.088s][info ][safepoint    ] Total time for which application threads were stopped: 0.0005288 seconds, Stopping threads took: 0.0002162 seconds
[4.089s][info ][safepoint    ] Application time: 0.0009570 seconds
[4.089s][info ][safepoint    ] Entering safepoint region: RevokeBias
[4.089s][info ][safepoint    ] Leaving safepoint region
[4.089s][info ][safepoint    ] Total time for which application threads were stopped: 0.0002803 seconds, Stopping threads took: 0.0000992 seconds
[4.091s][info ][safepoint    ] Application time: 0.0013833 seconds
[4.093s][info ][safepoint    ] Entering safepoint region: RevokeBias
[4.094s][info ][safepoint    ] Leaving safepoint region
[4.094s][info ][safepoint    ] Total time for which application threads were stopped: 0.0029956 seconds, Stopping threads took: 0.0027804 seconds
[4.114s][info ][safepoint    ] Application time: 0.0207616 seconds
[4.117s][info ][safepoint    ] Entering safepoint region: RevokeBias
[4.117s][info ][safepoint    ] Leaving safepoint region
[4.117s][info ][safepoint    ] Total time for which application threads were stopped: 0.0029629 seconds, Stopping threads took: 0.0026875 seconds
[4.127s][info ][safepoint    ] Application time: 0.0092530 seconds
[4.127s][info ][safepoint    ] Entering safepoint region: RevokeBias
[4.127s][info ][safepoint    ] Leaving safepoint region
[4.127s][info ][safepoint    ] Total time for which application threads were stopped: 0.0005679 seconds, Stopping threads took: 0.0003131 seconds
[4.149s][info ][safepoint    ] Application time: 0.0223145 seconds
[4.150s][info ][safepoint    ] Entering safepoint region: RevokeBias
[4.150s][info ][safepoint    ] Leaving safepoint region
[4.150s][info ][safepoint    ] Total time for which application threads were stopped: 0.0009801 seconds, Stopping threads took: 0.0001317 seconds
[4.173s][info ][safepoint    ] Application time: 0.0230265 seconds
[4.174s][info ][safepoint    ] Entering safepoint region: RevokeBias
[4.174s][info ][safepoint    ] Leaving safepoint region
[4.174s][info ][safepoint    ] Total time for which application threads were stopped: 0.0003519 seconds, Stopping threads took: 0.0001814 seconds
[4.226s][info ][safepoint    ] Application time: 0.0519446 seconds
[4.226s][info ][safepoint    ] Entering safepoint region: RevokeBias
[4.226s][info ][safepoint    ] Leaving safepoint region
[4.226s][info ][safepoint    ] Total time for which application threads were stopped: 0.0004383 seconds, Stopping threads took: 0.0001234 seconds
[4.227s][info ][safepoint    ] Application time: 0.0007835 seconds
[4.227s][info ][safepoint    ] Entering safepoint region: RevokeBias
[4.228s][info ][safepoint    ] Leaving safepoint region
[4.228s][info ][safepoint    ] Total time for which application threads were stopped: 0.0004558 seconds, Stopping threads took: 0.0003326 seconds
[4.229s][info ][gc           ] GC(1) Concurrent Abortable Preclean 616.651ms
[4.229s][info ][gc,cpu       ] GC(1) User=2.93s Sys=0.17s Real=0.62s
[4.230s][info ][safepoint    ] Application time: 0.0020167 seconds
[4.230s][info ][safepoint    ] Entering safepoint region: CMS_Final_Remark
[4.230s][info ][gc,start     ] GC(1) Pause Remark
[4.267s][debug][gc,phases    ] GC(1) Rescan (parallel) 36.909ms
[4.267s][debug][gc,ref       ] GC(1) Skipped phase1 of Reference Processing due to unavailable references
[4.267s][debug][gc,ref       ] GC(1) Skipped phase2 of Reference Processing due to unavailable references
[4.267s][debug][gc,ref       ] GC(1) Skipped phase3 of Reference Processing due to unavailable references
[4.267s][debug][gc,ref       ] GC(1) Skipped phase4 of Reference Processing due to unavailable references
[4.267s][debug][gc,phases    ] GC(1) Reference Processing 0.034ms
[4.267s][debug][gc,phases    ] GC(1) Weak Processing 0.029ms
[4.267s][debug][gc,phases    ] GC(1) ClassLoaderData 0.337ms
[4.267s][debug][gc,phases    ] GC(1) ProtectionDomainCacheTable 0.004ms
[4.267s][debug][gc,phases    ] GC(1) ResolvedMethodTable 0.053ms
[4.269s][debug][gc,phases    ] GC(1) Class Unloading 1.904ms
[4.271s][debug][gc,phases    ] GC(1) Scrub Symbol Table 1.839ms
[4.271s][debug][gc,phases    ] GC(1) Scrub String Table 0.202ms
[4.272s][info ][gc           ] GC(1) Pause Remark 178M->178M(850M) 41.954ms
[4.272s][info ][gc,cpu       ] GC(1) User=0.15s Sys=0.00s Real=0.04s
[4.272s][info ][safepoint    ] Leaving safepoint region
[4.272s][info ][safepoint    ] Total time for which application threads were stopped: 0.0425211 seconds, Stopping threads took: 0.0001778 seconds
[4.272s][info ][gc           ] GC(1) Concurrent Sweep
[4.273s][info ][gc           ] GC(1) Concurrent Sweep 1.246ms
[4.273s][info ][gc,cpu       ] GC(1) User=0.00s Sys=0.00s Real=0.00s
[4.273s][info ][gc           ] GC(1) Concurrent Reset
[4.284s][info ][safepoint    ] Application time: 0.0114710 seconds
[4.289s][info ][safepoint    ] Entering safepoint region: RevokeBias
[4.290s][info ][safepoint    ] Leaving safepoint region
[4.290s][info ][safepoint    ] Total time for which application threads were stopped: 0.0060057 seconds, Stopping threads took: 0.0057915 seconds
[4.290s][info ][safepoint    ] Application time: 0.0008221 seconds
[4.291s][info ][safepoint    ] Entering safepoint region: RevokeBias
[4.291s][info ][safepoint    ] Leaving safepoint region
[4.291s][info ][safepoint    ] Total time for which application threads were stopped: 0.0002831 seconds, Stopping threads took: 0.0001246 seconds
[4.301s][info ][gc           ] GC(1) Concurrent Reset 27.843ms
[4.301s][info ][gc,cpu       ] GC(1) User=0.12s Sys=0.03s Real=0.03s
[4.301s][info ][gc,heap      ] GC(1) Old: 2458K->2458K(600768K)
[4.310s][info ][safepoint    ] Application time: 0.0196505 seconds
[4.311s][info ][safepoint    ] Entering safepoint region: RevokeBias
[4.311s][info ][safepoint    ] Leaving safepoint region
[4.311s][info ][safepoint    ] Total time for which application threads were stopped: 0.0003349 seconds, Stopping threads took: 0.0001276 seconds
[4.311s][info ][safepoint    ] Application time: 0.0001765 seconds
[4.311s][info ][safepoint    ] Entering safepoint region: RevokeBias
[4.311s][info ][safepoint    ] Leaving safepoint region
[4.311s][info ][safepoint    ] Total time for which application threads were stopped: 0.0004171 seconds, Stopping threads took: 0.0002341 seconds
[4.313s][info ][safepoint    ] Application time: 0.0012872 seconds
[4.315s][info ][safepoint    ] Entering safepoint region: RevokeBias
[4.316s][info ][safepoint    ] Leaving safepoint region
[4.316s][info ][safepoint    ] Total time for which application threads were stopped: 0.0028404 seconds, Stopping threads took: 0.0026463 seconds
[4.318s][info ][safepoint    ] Application time: 0.0028794 seconds
[4.319s][info ][safepoint    ] Entering safepoint region: RevokeBias
[4.319s][info ][safepoint    ] Leaving safepoint region
[4.319s][info ][safepoint    ] Total time for which application threads were stopped: 0.0008778 seconds, Stopping threads took: 0.0006789 seconds
[4.326s][info ][safepoint    ] Application time: 0.0069903 seconds
[4.326s][info ][safepoint    ] Entering safepoint region: RevokeBias
[4.327s][info ][safepoint    ] Leaving safepoint region
[4.327s][info ][safepoint    ] Total time for which application threads were stopped: 0.0005130 seconds, Stopping threads took: 0.0001917 seconds
[4.344s][info ][safepoint    ] Application time: 0.0175934 seconds
[4.345s][info ][safepoint    ] Entering safepoint region: RevokeBias
[4.345s][info ][safepoint    ] Leaving safepoint region
[4.345s][info ][safepoint    ] Total time for which application threads were stopped: 0.0003256 seconds, Stopping threads took: 0.0001565 seconds
[4.348s][info ][safepoint    ] Application time: 0.0029773 seconds
[4.348s][info ][safepoint    ] Entering safepoint region: RevokeBias
[4.348s][info ][safepoint    ] Leaving safepoint region
[4.348s][info ][safepoint    ] Total time for which application threads were stopped: 0.0003352 seconds, Stopping threads took: 0.0001753 seconds
[4.364s][info ][safepoint    ] Application time: 0.0160041 seconds
[4.365s][info ][safepoint    ] Entering safepoint region: RevokeBias
[4.365s][info ][safepoint    ] Leaving safepoint region
[4.365s][info ][safepoint    ] Total time for which application threads were stopped: 0.0012356 seconds, Stopping threads took: 0.0010186 seconds
[4.370s][info ][safepoint    ] Application time: 0.0041431 seconds
[4.372s][info ][safepoint    ] Entering safepoint region: RevokeBias
[4.372s][info ][safepoint    ] Leaving safepoint region
[4.372s][info ][safepoint    ] Total time for which application threads were stopped: 0.0027982 seconds, Stopping threads took: 0.0025730 seconds
[4.391s][info ][safepoint    ] Application time: 0.0186750 seconds
[4.392s][info ][safepoint    ] Entering safepoint region: RevokeBias
[4.392s][info ][safepoint    ] Leaving safepoint region
[4.392s][info ][safepoint    ] Total time for which application threads were stopped: 0.0010667 seconds, Stopping threads took: 0.0008363 seconds
[4.396s][info ][safepoint    ] Application time: 0.0035561 seconds
[4.398s][info ][safepoint    ] Entering safepoint region: RevokeBias
[4.399s][info ][safepoint    ] Leaving safepoint region
[4.399s][info ][safepoint    ] Total time for which application threads were stopped: 0.0027696 seconds, Stopping threads took: 0.0025921 seconds
[4.415s][info ][safepoint    ] Application time: 0.0168020 seconds
[4.423s][info ][safepoint    ] Entering safepoint region: Deoptimize
[4.424s][info ][safepoint    ] Leaving safepoint region
[4.424s][info ][safepoint    ] Total time for which application threads were stopped: 0.0087829 seconds, Stopping threads took: 0.0081332 seconds
[4.425s][info ][safepoint    ] Application time: 0.0005746 seconds
[4.425s][info ][safepoint    ] Entering safepoint region: RevokeBias
[4.425s][info ][safepoint    ] Leaving safepoint region
[4.425s][info ][safepoint    ] Total time for which application threads were stopped: 0.0004446 seconds, Stopping threads took: 0.0001505 seconds
[4.442s][info ][safepoint    ] Application time: 0.0164465 seconds
[4.442s][info ][safepoint    ] Entering safepoint region: BulkRevokeBias
[4.443s][info ][safepoint    ] Leaving safepoint region
[4.443s][info ][safepoint    ] Total time for which application threads were stopped: 0.0013746 seconds, Stopping threads took: 0.0001616 seconds
[4.509s][info ][safepoint    ] Application time: 0.0656375 seconds
[4.509s][info ][safepoint    ] Entering safepoint region: GenCollectForAllocation
[4.509s][info ][gc,start     ] GC(2) Pause Young (Allocation Failure)
[4.509s][info ][gc,task      ] GC(2) Using 4 workers of 4 for evacuation
[4.600s][debug][gc,ref       ] GC(2) Skipped phase1 of Reference Processing due to unavailable references
[4.600s][debug][gc,ref       ] GC(2) Skipped phase3 of Reference Processing due to unavailable references
[4.600s][debug][gc,age       ] GC(2) Desired survivor size 15368192 bytes, new threshold 1 (max threshold 6)
[4.600s][info ][gc,heap      ] GC(2) ParNew: 270335K->30016K(270336K)
[4.600s][info ][gc,heap      ] GC(2) CMS: 2458K->40696K(600768K)
[4.600s][info ][gc,metaspace ] GC(2) Metaspace: 28189K->28189K(1075200K)
[4.601s][info ][gc           ] GC(2) Pause Young (Allocation Failure) 266M->69M(850M) 91.486ms
[4.601s][info ][gc,cpu       ] GC(2) User=0.27s Sys=0.03s Real=0.09s
[4.601s][info ][safepoint    ] Leaving safepoint region
[4.601s][info ][safepoint    ] Total time for which application threads were stopped: 0.0918434 seconds, Stopping threads took: 0.0001686 seconds
[4.709s][info ][safepoint    ] Application time: 0.1085131 seconds
[4.717s][info ][safepoint    ] Entering safepoint region: Deoptimize
[4.718s][info ][safepoint    ] Leaving safepoint region
[4.718s][info ][safepoint    ] Total time for which application threads were stopped: 0.0085353 seconds, Stopping threads took: 0.0078424 seconds
[4.728s][info ][safepoint    ] Application time: 0.0102225 seconds
[4.728s][info ][safepoint    ] Entering safepoint region: Deoptimize
[4.729s][info ][safepoint    ] Leaving safepoint region
[4.729s][info ][safepoint    ] Total time for which application threads were stopped: 0.0008482 seconds, Stopping threads took: 0.0001134 seconds
[4.861s][info ][safepoint    ] Application time: 0.1323637 seconds
[4.861s][info ][safepoint    ] Entering safepoint region: ICBufferFull
[4.862s][info ][safepoint    ] Leaving safepoint region
[4.862s][info ][safepoint    ] Total time for which application threads were stopped: 0.0003448 seconds, Stopping threads took: 0.0001550 seconds
[4.914s][info ][safepoint    ] Application time: 0.0529560 seconds
[4.915s][info ][safepoint    ] Entering safepoint region: Deoptimize
[4.915s][info ][safepoint    ] Leaving safepoint region
[4.915s][info ][safepoint    ] Total time for which application threads were stopped: 0.0009445 seconds, Stopping threads took: 0.0002522 seconds
[4.959s][info ][safepoint    ] Application time: 0.0431023 seconds
[4.961s][info ][safepoint    ] Entering safepoint region: RevokeBias
[4.961s][info ][safepoint    ] Leaving safepoint region
[4.961s][info ][safepoint    ] Total time for which application threads were stopped: 0.0027883 seconds, Stopping threads took: 0.0026500 seconds
[4.962s][info ][safepoint    ] Application time: 0.0001411 seconds
[4.962s][info ][safepoint    ] Entering safepoint region: RevokeBias
[4.962s][info ][safepoint    ] Leaving safepoint region
[4.962s][info ][safepoint    ] Total time for which application threads were stopped: 0.0002679 seconds, Stopping threads took: 0.0001580 seconds
[4.965s][info ][safepoint    ] Application time: 0.0032802 seconds
[4.968s][info ][safepoint    ] Entering safepoint region: RevokeBias
[4.968s][info ][safepoint    ] Leaving safepoint region
[4.968s][info ][safepoint    ] Total time for which application threads were stopped: 0.0027486 seconds, Stopping threads took: 0.0026456 seconds
[4.968s][info ][safepoint    ] Application time: 0.0000528 seconds
[4.968s][info ][safepoint    ] Entering safepoint region: RevokeBias
[4.968s][info ][safepoint    ] Leaving safepoint region
[4.968s][info ][safepoint    ] Total time for which application threads were stopped: 0.0001503 seconds, Stopping threads took: 0.0000852 seconds
[4.968s][info ][safepoint    ] Application time: 0.0000999 seconds
[4.968s][info ][safepoint    ] Entering safepoint region: RevokeBias
[4.968s][info ][safepoint    ] Leaving safepoint region
[4.968s][info ][safepoint    ] Total time for which application threads were stopped: 0.0001383 seconds, Stopping threads took: 0.0000626 seconds
[4.968s][info ][safepoint    ] Application time: 0.0000492 seconds
[4.968s][info ][safepoint    ] Entering safepoint region: RevokeBias
[4.969s][info ][safepoint    ] Leaving safepoint region
[4.969s][info ][safepoint    ] Total time for which application threads were stopped: 0.0001258 seconds, Stopping threads took: 0.0000639 seconds
[4.970s][info ][safepoint    ] Application time: 0.0014565 seconds
[4.970s][info ][safepoint    ] Entering safepoint region: RevokeBias
[4.970s][info ][safepoint    ] Leaving safepoint region
[4.970s][info ][safepoint    ] Total time for which application threads were stopped: 0.0001892 seconds, Stopping threads took: 0.0001127 seconds
[4.970s][info ][safepoint    ] Application time: 0.0001564 seconds
[4.973s][info ][safepoint    ] Entering safepoint region: RevokeBias
[4.973s][info ][safepoint    ] Leaving safepoint region
[4.973s][info ][safepoint    ] Total time for which application threads were stopped: 0.0027189 seconds, Stopping threads took: 0.0026456 seconds
[4.978s][info ][safepoint    ] Application time: 0.0045851 seconds
[4.978s][info ][safepoint    ] Entering safepoint region: GenCollectForAllocation
[4.978s][info ][gc,start     ] GC(3) Pause Young (Allocation Failure)
[4.978s][info ][gc,task      ] GC(3) Using 4 workers of 4 for evacuation
[5.052s][debug][gc,ref       ] GC(3) Skipped phase1 of Reference Processing due to unavailable references
[5.052s][debug][gc,ref       ] GC(3) Skipped phase3 of Reference Processing due to unavailable references
[5.052s][debug][gc,age       ] GC(3) Desired survivor size 15368192 bytes, new threshold 1 (max threshold 6)
[5.052s][info ][gc,heap      ] GC(3) ParNew: 270336K->28896K(270336K)
[5.052s][info ][gc,heap      ] GC(3) CMS: 40696K->73166K(600768K)
[5.052s][info ][gc,metaspace ] GC(3) Metaspace: 33549K->33549K(1079296K)
[5.052s][info ][gc           ] GC(3) Pause Young (Allocation Failure) 303M->99M(850M) 74.569ms
[5.053s][info ][gc,cpu       ] GC(3) User=0.27s Sys=0.02s Real=0.07s
[5.053s][info ][safepoint    ] Leaving safepoint region
[5.053s][info ][safepoint    ] Total time for which application threads were stopped: 0.0748525 seconds, Stopping threads took: 0.0000865 seconds
[5.053s][info ][safepoint    ] Application time: 0.0007467 seconds
[5.054s][info ][safepoint    ] Entering safepoint region: RevokeBias
[5.054s][info ][safepoint    ] Leaving safepoint region
[5.054s][info ][safepoint    ] Total time for which application threads were stopped: 0.0004131 seconds, Stopping threads took: 0.0002685 seconds
[5.054s][info ][safepoint    ] Application time: 0.0000735 seconds
[5.054s][info ][safepoint    ] Entering safepoint region: RevokeBias
[5.054s][info ][safepoint    ] Leaving safepoint region
[5.054s][info ][safepoint    ] Total time for which application threads were stopped: 0.0001390 seconds, Stopping threads took: 0.0000690 seconds
[5.269s][info ][safepoint    ] Application time: 0.2151003 seconds
[5.276s][info ][safepoint    ] Entering safepoint region: Deoptimize
[5.277s][info ][safepoint    ] Leaving safepoint region
[5.277s][info ][safepoint    ] Total time for which application threads were stopped: 0.0077092 seconds, Stopping threads took: 0.0069525 seconds
[5.285s][info ][safepoint    ] Application time: 0.0077642 seconds
[5.285s][info ][safepoint    ] Entering safepoint region: GenCollectForAllocation
[5.285s][info ][gc,start     ] GC(4) Pause Young (Allocation Failure)
[5.285s][info ][gc,task      ] GC(4) Using 4 workers of 4 for evacuation
[5.340s][debug][gc,ref       ] GC(4) Skipped phase1 of Reference Processing due to unavailable references
[5.340s][debug][gc,ref       ] GC(4) Skipped phase2 of Reference Processing due to unavailable references
[5.340s][debug][gc,ref       ] GC(4) Skipped phase3 of Reference Processing due to unavailable references
[5.340s][debug][gc,ref       ] GC(4) Skipped phase4 of Reference Processing due to unavailable references
[5.340s][debug][gc,age       ] GC(4) Desired survivor size 15368192 bytes, new threshold 6 (max threshold 6)
[5.340s][info ][gc,heap      ] GC(4) ParNew: 269216K->25673K(270336K)
[5.340s][info ][gc,heap      ] GC(4) CMS: 73166K->98063K(600768K)
[5.340s][info ][gc,metaspace ] GC(4) Metaspace: 33676K->33676K(1079296K)
[5.340s][info ][gc           ] GC(4) Pause Young (Allocation Failure) 334M->120M(850M) 55.390ms
[5.340s][info ][gc,cpu       ] GC(4) User=0.19s Sys=0.01s Real=0.06s
[5.340s][info ][safepoint    ] Leaving safepoint region
[5.340s][info ][safepoint    ] Total time for which application threads were stopped: 0.0557604 seconds, Stopping threads took: 0.0001882 seconds
[5.357s][info ][safepoint    ] Application time: 0.0165226 seconds
[5.359s][info ][safepoint    ] Entering safepoint region: Deoptimize
[5.360s][info ][safepoint    ] Leaving safepoint region
[5.360s][info ][safepoint    ] Total time for which application threads were stopped: 0.0032952 seconds, Stopping threads took: 0.0025998 seconds
[5.373s][info ][safepoint    ] Application time: 0.0131711 seconds
[5.376s][info ][safepoint    ] Entering safepoint region: RevokeBias
[5.376s][info ][safepoint    ] Leaving safepoint region
[5.376s][info ][safepoint    ] Total time for which application threads were stopped: 0.0027342 seconds, Stopping threads took: 0.0026048 seconds
[5.376s][info ][safepoint    ] Application time: 0.0001615 seconds
[5.376s][info ][safepoint    ] Entering safepoint region: RevokeBias
[5.377s][info ][safepoint    ] Leaving safepoint region
[5.377s][info ][safepoint    ] Total time for which application threads were stopped: 0.0003001 seconds, Stopping threads took: 0.0001652 seconds
[5.382s][info ][safepoint    ] Application time: 0.0052601 seconds
[5.382s][info ][safepoint    ] Entering safepoint region: RevokeBias
[5.382s][info ][safepoint    ] Leaving safepoint region
[5.382s][info ][safepoint    ] Total time for which application threads were stopped: 0.0002888 seconds, Stopping threads took: 0.0001693 seconds
[5.387s][info ][safepoint    ] Application time: 0.0046714 seconds
[5.387s][info ][safepoint    ] Entering safepoint region: RevokeBias
[5.387s][info ][safepoint    ] Leaving safepoint region
[5.387s][info ][safepoint    ] Total time for which application threads were stopped: 0.0003630 seconds, Stopping threads took: 0.0002540 seconds
[5.387s][info ][safepoint    ] Application time: 0.0000519 seconds
[5.387s][info ][safepoint    ] Entering safepoint region: RevokeBias
[5.387s][info ][safepoint    ] Leaving safepoint region
[5.387s][info ][safepoint    ] Total time for which application threads were stopped: 0.0001281 seconds, Stopping threads took: 0.0000530 seconds
[5.388s][info ][safepoint    ] Application time: 0.0000691 seconds
[5.388s][info ][safepoint    ] Entering safepoint region: RevokeBias
[5.388s][info ][safepoint    ] Leaving safepoint region
[5.388s][info ][safepoint    ] Total time for which application threads were stopped: 0.0001979 seconds, Stopping threads took: 0.0000920 seconds
[5.389s][info ][safepoint    ] Application time: 0.0008409 seconds
[5.389s][info ][safepoint    ] Entering safepoint region: RevokeBias
[5.389s][info ][safepoint    ] Leaving safepoint region
[5.389s][info ][safepoint    ] Total time for which application threads were stopped: 0.0003696 seconds, Stopping threads took: 0.0002467 seconds
[5.389s][info ][safepoint    ] Application time: 0.0002090 seconds
[5.389s][info ][safepoint    ] Entering safepoint region: RevokeBias
[5.390s][info ][safepoint    ] Leaving safepoint region
[5.390s][info ][safepoint    ] Total time for which application threads were stopped: 0.0003412 seconds, Stopping threads took: 0.0002113 seconds
[5.460s][info ][safepoint    ] Application time: 0.0707392 seconds
[5.460s][info ][safepoint    ] Entering safepoint region: RevokeBias
[5.461s][info ][safepoint    ] Leaving safepoint region
[5.461s][info ][safepoint    ] Total time for which application threads were stopped: 0.0003585 seconds, Stopping threads took: 0.0001682 seconds
[5.479s][info ][safepoint    ] Application time: 0.0182453 seconds
[5.479s][info ][safepoint    ] Entering safepoint region: GenCollectForAllocation
[5.479s][info ][safepoint    ] Leaving safepoint region
[5.479s][info ][safepoint    ] Total time for which application threads were stopped: 0.0005005 seconds, Stopping threads took: 0.0003500 seconds
[5.480s][info ][safepoint    ] Application time: 0.0002424 seconds
[5.480s][info ][safepoint    ] Entering safepoint region: GenCollectForAllocation
[5.480s][info ][gc,start     ] GC(5) Pause Young (Allocation Failure)
[5.480s][info ][gc,task      ] GC(5) Using 4 workers of 4 for evacuation
[5.493s][debug][gc,ref       ] GC(5) Skipped phase1 of Reference Processing due to unavailable references
[5.493s][debug][gc,ref       ] GC(5) Skipped phase3 of Reference Processing due to unavailable references
[5.493s][debug][gc,age       ] GC(5) Desired survivor size 15368192 bytes, new threshold 6 (max threshold 6)
[5.493s][info ][gc,heap      ] GC(5) ParNew: 265993K->17936K(270336K)
[5.493s][info ][gc,heap      ] GC(5) CMS: 98063K->98063K(600768K)
[5.493s][info ][gc,metaspace ] GC(5) Metaspace: 35245K->35245K(1081344K)
[5.493s][info ][gc           ] GC(5) Pause Young (Allocation Failure) 355M->113M(850M) 13.269ms
[5.493s][info ][gc,cpu       ] GC(5) User=0.06s Sys=0.00s Real=0.01s
[5.493s][info ][safepoint    ] Leaving safepoint region
[5.493s][info ][safepoint    ] Total time for which application threads were stopped: 0.0135818 seconds, Stopping threads took: 0.0001368 seconds
[5.567s][info ][safepoint    ] Application time: 0.0741090 seconds
[5.571s][info ][safepoint    ] Entering safepoint region: RevokeBias
[5.571s][info ][safepoint    ] Leaving safepoint region
[5.571s][info ][safepoint    ] Total time for which application threads were stopped: 0.0033717 seconds, Stopping threads took: 0.0031765 seconds
[5.571s][info ][safepoint    ] Application time: 0.0002410 seconds
[5.571s][info ][safepoint    ] Entering safepoint region: GenCollectForAllocation
[5.571s][info ][gc,start     ] GC(6) Pause Young (Allocation Failure)
[5.571s][info ][gc,task      ] GC(6) Using 4 workers of 4 for evacuation
[5.585s][debug][gc,ref       ] GC(6) Skipped phase1 of Reference Processing due to unavailable references
[5.585s][debug][gc,ref       ] GC(6) Skipped phase3 of Reference Processing due to unavailable references
[5.585s][debug][gc,ref       ] GC(6) Skipped phase4 of Reference Processing due to unavailable references
[5.585s][debug][gc,age       ] GC(6) Desired survivor size 15368192 bytes, new threshold 6 (max threshold 6)
[5.585s][info ][gc,heap      ] GC(6) ParNew: 258256K->21109K(270336K)
[5.585s][info ][gc,heap      ] GC(6) CMS: 98063K->98063K(600768K)
[5.585s][info ][gc,metaspace ] GC(6) Metaspace: 35578K->35578K(1081344K)
[5.585s][info ][gc           ] GC(6) Pause Young (Allocation Failure) 347M->116M(850M) 13.509ms
[5.585s][info ][gc,cpu       ] GC(6) User=0.05s Sys=0.00s Real=0.01s
[5.585s][info ][safepoint    ] Leaving safepoint region
[5.585s][info ][safepoint    ] Total time for which application threads were stopped: 0.0137827 seconds, Stopping threads took: 0.0000932 seconds
[5.588s][info ][safepoint    ] Application time: 0.0029445 seconds
[5.590s][info ][safepoint    ] Entering safepoint region: RevokeBias
[5.591s][info ][safepoint    ] Leaving safepoint region
[5.591s][info ][safepoint    ] Total time for which application threads were stopped: 0.0027961 seconds, Stopping threads took: 0.0026486 seconds
[5.604s][info ][safepoint    ] Application time: 0.0133047 seconds
[5.604s][info ][safepoint    ] Entering safepoint region: BulkRevokeBias
[5.608s][info ][safepoint    ] Leaving safepoint region
[5.608s][info ][safepoint    ] Total time for which application threads were stopped: 0.0037669 seconds, Stopping threads took: 0.0003380 seconds
[5.612s][info ][safepoint    ] Application time: 0.0038596 seconds
[5.614s][info ][safepoint    ] Entering safepoint region: RevokeBias
[5.614s][info ][safepoint    ] Leaving safepoint region
[5.614s][info ][safepoint    ] Total time for which application threads were stopped: 0.0026893 seconds, Stopping threads took: 0.0025899 seconds
[5.641s][info ][safepoint    ] Application time: 0.0267550 seconds
[5.644s][info ][safepoint    ] Entering safepoint region: RevokeBias
[5.644s][info ][safepoint    ] Leaving safepoint region
[5.644s][info ][safepoint    ] Total time for which application threads were stopped: 0.0030558 seconds, Stopping threads took: 0.0029296 seconds
[5.710s][info ][safepoint    ] Application time: 0.0659867 seconds
[5.710s][info ][safepoint    ] Entering safepoint region: Deoptimize
[5.711s][info ][safepoint    ] Leaving safepoint region
[5.711s][info ][safepoint    ] Total time for which application threads were stopped: 0.0009963 seconds, Stopping threads took: 0.0002721 seconds
[5.729s][info ][safepoint    ] Application time: 0.0179684 seconds
[5.731s][info ][safepoint    ] Entering safepoint region: RevokeBias
[5.731s][info ][safepoint    ] Leaving safepoint region
[5.731s][info ][safepoint    ] Total time for which application threads were stopped: 0.0014750 seconds, Stopping threads took: 0.0013750 seconds
[5.733s][info ][safepoint    ] Application time: 0.0027347 seconds
[5.734s][info ][safepoint    ] Entering safepoint region: Deoptimize
[5.735s][info ][safepoint    ] Leaving safepoint region
[5.735s][info ][safepoint    ] Total time for which application threads were stopped: 0.0016420 seconds, Stopping threads took: 0.0009793 seconds
[5.746s][info ][safepoint    ] Application time: 0.0112118 seconds
[5.746s][info ][safepoint    ] Entering safepoint region: GenCollectForAllocation
[5.747s][info ][gc,start     ] GC(7) Pause Young (Allocation Failure)
[5.747s][info ][gc,task      ] GC(7) Using 4 workers of 4 for evacuation
[5.762s][debug][gc,ref       ] GC(7) Skipped phase1 of Reference Processing due to unavailable references
[5.762s][debug][gc,ref       ] GC(7) Skipped phase3 of Reference Processing due to unavailable references
[5.762s][debug][gc,age       ] GC(7) Desired survivor size 15368192 bytes, new threshold 4 (max threshold 6)
[5.763s][info ][gc,heap      ] GC(7) ParNew: 261429K->26620K(270336K)
[5.763s][info ][gc,heap      ] GC(7) CMS: 98063K->98063K(600768K)
[5.763s][info ][gc,metaspace ] GC(7) Metaspace: 36457K->36457K(1081344K)
[5.763s][info ][gc           ] GC(7) Pause Young (Allocation Failure) 351M->121M(850M) 15.913ms
[5.763s][info ][gc,cpu       ] GC(7) User=0.07s Sys=0.01s Real=0.02s
[5.763s][info ][safepoint    ] Leaving safepoint region
[5.763s][info ][safepoint    ] Total time for which application threads were stopped: 0.0162853 seconds, Stopping threads took: 0.0001955 seconds
[5.765s][info ][safepoint    ] Application time: 0.0023719 seconds
[5.768s][info ][safepoint    ] Entering safepoint region: RevokeBias
[5.768s][info ][safepoint    ] Leaving safepoint region
[5.768s][info ][safepoint    ] Total time for which application threads were stopped: 0.0027269 seconds, Stopping threads took: 0.0026134 seconds
[5.771s][info ][safepoint    ] Application time: 0.0037804 seconds
[5.772s][info ][safepoint    ] Entering safepoint region: RevokeBias
[5.772s][info ][safepoint    ] Leaving safepoint region
[5.772s][info ][safepoint    ] Total time for which application threads were stopped: 0.0003433 seconds, Stopping threads took: 0.0002200 seconds
[5.774s][info ][safepoint    ] Application time: 0.0024543 seconds
[5.774s][info ][safepoint    ] Entering safepoint region: RevokeBias
[5.775s][info ][safepoint    ] Leaving safepoint region
[5.775s][info ][safepoint    ] Total time for which application threads were stopped: 0.0001928 seconds, Stopping threads took: 0.0001090 seconds
[5.913s][info ][safepoint    ] Application time: 0.1383778 seconds
[5.913s][info ][safepoint    ] Entering safepoint region: GenCollectForAllocation
[5.913s][info ][gc,start     ] GC(8) Pause Young (Allocation Failure)
[5.913s][info ][gc,task      ] GC(8) Using 4 workers of 4 for evacuation
[5.935s][debug][gc,ref       ] GC(8) Skipped phase1 of Reference Processing due to unavailable references
[5.935s][debug][gc,ref       ] GC(8) Skipped phase3 of Reference Processing due to unavailable references
[5.935s][debug][gc,age       ] GC(8) Desired survivor size 15368192 bytes, new threshold 6 (max threshold 6)
[5.935s][info ][gc,heap      ] GC(8) ParNew: 266940K->23383K(270336K)
[5.935s][info ][gc,heap      ] GC(8) CMS: 98063K->108590K(600768K)
[5.935s][info ][gc,metaspace ] GC(8) Metaspace: 36599K->36599K(1083392K)
[5.935s][info ][gc           ] GC(8) Pause Young (Allocation Failure) 356M->128M(850M) 21.951ms
[5.935s][info ][gc,cpu       ] GC(8) User=0.10s Sys=0.01s Real=0.03s
[5.935s][info ][safepoint    ] Leaving safepoint region
[5.935s][info ][safepoint    ] Total time for which application threads were stopped: 0.0222500 seconds, Stopping threads took: 0.0001275 seconds
[6.050s][info ][safepoint    ] Application time: 0.1151336 seconds
[6.051s][info ][safepoint    ] Entering safepoint region: GenCollectForAllocation
[6.051s][info ][gc,start     ] GC(9) Pause Young (Allocation Failure)
[6.051s][info ][gc,task      ] GC(9) Using 4 workers of 4 for evacuation
[6.057s][debug][gc,ref       ] GC(9) Skipped phase1 of Reference Processing due to unavailable references
[6.057s][debug][gc,ref       ] GC(9) Skipped phase3 of Reference Processing due to unavailable references
[6.057s][debug][gc,age       ] GC(9) Desired survivor size 15368192 bytes, new threshold 6 (max threshold 6)
[6.057s][info ][gc,heap      ] GC(9) ParNew: 263703K->15326K(270336K)
[6.057s][info ][gc,heap      ] GC(9) CMS: 108590K->108590K(600768K)
[6.057s][info ][gc,metaspace ] GC(9) Metaspace: 36600K->36600K(1083392K)
[6.057s][info ][gc           ] GC(9) Pause Young (Allocation Failure) 363M->121M(850M) 6.456ms
[6.057s][info ][gc,cpu       ] GC(9) User=0.02s Sys=0.00s Real=0.01s
[6.057s][info ][safepoint    ] Leaving safepoint region
[6.057s][info ][safepoint    ] Total time for which application threads were stopped: 0.0068164 seconds, Stopping threads took: 0.0001977 seconds
[6.118s][info ][safepoint    ] Application time: 0.0611646 seconds
[6.118s][info ][safepoint    ] Entering safepoint region: GenCollectForAllocation
[6.119s][info ][gc,start     ] GC(10) Pause Young (Allocation Failure)
[6.119s][info ][gc,task      ] GC(10) Using 4 workers of 4 for evacuation
[6.125s][debug][gc,ref       ] GC(10) Skipped phase1 of Reference Processing due to unavailable references
[6.125s][debug][gc,ref       ] GC(10) Skipped phase3 of Reference Processing due to unavailable references
[6.125s][debug][gc,age       ] GC(10) Desired survivor size 15368192 bytes, new threshold 6 (max threshold 6)
[6.126s][info ][gc,heap      ] GC(10) ParNew: 255646K->14766K(270336K)
[6.126s][info ][gc,heap      ] GC(10) CMS: 108590K->108590K(600768K)
[6.126s][info ][gc,metaspace ] GC(10) Metaspace: 36600K->36600K(1083392K)
[6.126s][info ][gc           ] GC(10) Pause Young (Allocation Failure) 355M->120M(850M) 6.928ms
[6.126s][info ][gc,cpu       ] GC(10) User=0.03s Sys=0.00s Real=0.00s
[6.126s][info ][safepoint    ] Leaving safepoint region
[6.126s][info ][safepoint    ] Total time for which application threads were stopped: 0.0072227 seconds, Stopping threads took: 0.0001180 seconds
[6.196s][info ][safepoint    ] Application time: 0.0699035 seconds
[6.196s][info ][safepoint    ] Entering safepoint region: GenCollectForAllocation
[6.196s][info ][gc,start     ] GC(11) Pause Young (Allocation Failure)
[6.196s][info ][gc,task      ] GC(11) Using 4 workers of 4 for evacuation
[6.203s][debug][gc,ref       ] GC(11) Skipped phase1 of Reference Processing due to unavailable references
[6.203s][debug][gc,ref       ] GC(11) Skipped phase3 of Reference Processing due to unavailable references
[6.204s][debug][gc,age       ] GC(11) Desired survivor size 15368192 bytes, new threshold 6 (max threshold 6)
[6.204s][info ][gc,heap      ] GC(11) ParNew: 255086K->12646K(270336K)
[6.204s][info ][gc,heap      ] GC(11) CMS: 108590K->111438K(600768K)
[6.204s][info ][gc,metaspace ] GC(11) Metaspace: 36600K->36600K(1083392K)
[6.204s][info ][gc           ] GC(11) Pause Young (Allocation Failure) 355M->121M(850M) 7.750ms
[6.204s][info ][gc,cpu       ] GC(11) User=0.03s Sys=0.00s Real=0.00s
[6.204s][info ][safepoint    ] Leaving safepoint region
[6.204s][info ][safepoint    ] Total time for which application threads were stopped: 0.0080678 seconds, Stopping threads took: 0.0001538 seconds
[6.255s][info ][safepoint    ] Application time: 0.0512838 seconds
[6.255s][info ][safepoint    ] Entering safepoint region: GenCollectForAllocation
[6.255s][info ][gc,start     ] GC(12) Pause Young (Allocation Failure)
[6.255s][info ][gc,task      ] GC(12) Using 4 workers of 4 for evacuation
[6.262s][debug][gc,ref       ] GC(12) Skipped phase1 of Reference Processing due to unavailable references
[6.262s][debug][gc,ref       ] GC(12) Skipped phase3 of Reference Processing due to unavailable references
[6.262s][debug][gc,age       ] GC(12) Desired survivor size 15368192 bytes, new threshold 6 (max threshold 6)
[6.262s][info ][gc,heap      ] GC(12) ParNew: 252966K->9533K(270336K)
[6.262s][info ][gc,heap      ] GC(12) CMS: 111438K->112173K(600768K)
[6.262s][info ][gc,metaspace ] GC(12) Metaspace: 36600K->36600K(1083392K)
[6.262s][info ][gc           ] GC(12) Pause Young (Allocation Failure) 355M->118M(850M) 7.210ms
[6.262s][info ][gc,cpu       ] GC(12) User=0.03s Sys=0.00s Real=0.00s
[6.263s][info ][safepoint    ] Leaving safepoint region
[6.263s][info ][safepoint    ] Total time for which application threads were stopped: 0.0075613 seconds, Stopping threads took: 0.0001854 seconds
[6.298s][info ][safepoint    ] Application time: 0.0358729 seconds
[6.299s][info ][safepoint    ] Entering safepoint region: GenCollectForAllocation
[6.299s][info ][gc,start     ] GC(13) Pause Young (Allocation Failure)
[6.299s][info ][gc,task      ] GC(13) Using 4 workers of 4 for evacuation
[6.307s][debug][gc,ref       ] GC(13) Skipped phase1 of Reference Processing due to unavailable references
[6.307s][debug][gc,ref       ] GC(13) Skipped phase3 of Reference Processing due to unavailable references
[6.307s][debug][gc,ref       ] GC(13) Skipped phase4 of Reference Processing due to unavailable references
[6.307s][debug][gc,age       ] GC(13) Desired survivor size 15368192 bytes, new threshold 6 (max threshold 6)
[6.307s][info ][gc,heap      ] GC(13) ParNew: 249853K->4587K(270336K)
[6.307s][info ][gc,heap      ] GC(13) CMS: 112173K->118964K(600768K)
[6.307s][info ][gc,metaspace ] GC(13) Metaspace: 36600K->36600K(1083392K)
[6.307s][info ][gc           ] GC(13) Pause Young (Allocation Failure) 353M->120M(850M) 8.270ms
[6.307s][info ][gc,cpu       ] GC(13) User=0.03s Sys=0.00s Real=0.01s
[6.307s][info ][safepoint    ] Leaving safepoint region
[6.307s][info ][safepoint    ] Total time for which application threads were stopped: 0.0087102 seconds, Stopping threads took: 0.0002204 seconds
[6.364s][info ][safepoint    ] Application time: 0.0566297 seconds
[6.364s][info ][safepoint    ] Entering safepoint region: GenCollectForAllocation
[6.364s][info ][gc,start     ] GC(14) Pause Young (Allocation Failure)
[6.364s][info ][gc,task      ] GC(14) Using 4 workers of 4 for evacuation
[6.366s][debug][gc,ref       ] GC(14) Skipped phase1 of Reference Processing due to unavailable references
[6.366s][debug][gc,ref       ] GC(14) Skipped phase2 of Reference Processing due to unavailable references
[6.366s][debug][gc,ref       ] GC(14) Skipped phase3 of Reference Processing due to unavailable references
[6.366s][debug][gc,ref       ] GC(14) Skipped phase4 of Reference Processing due to unavailable references
[6.366s][debug][gc,age       ] GC(14) Desired survivor size 15368192 bytes, new threshold 6 (max threshold 6)
[6.366s][info ][gc,heap      ] GC(14) ParNew: 244907K->1221K(270336K)
[6.366s][info ][gc,heap      ] GC(14) CMS: 118964K->119092K(600768K)
[6.366s][info ][gc,metaspace ] GC(14) Metaspace: 36600K->36600K(1083392K)
[6.366s][info ][gc           ] GC(14) Pause Young (Allocation Failure) 355M->117M(850M) 2.176ms
[6.366s][info ][gc,cpu       ] GC(14) User=0.00s Sys=0.00s Real=0.00s
[6.366s][info ][safepoint    ] Leaving safepoint region
[6.366s][info ][safepoint    ] Total time for which application threads were stopped: 0.0024539 seconds, Stopping threads took: 0.0001131 seconds
[6.411s][info ][safepoint    ] Application time: 0.0444016 seconds
[6.411s][info ][safepoint    ] Entering safepoint region: GenCollectForAllocation
[6.411s][info ][gc,start     ] GC(15) Pause Young (Allocation Failure)
[6.411s][info ][gc,task      ] GC(15) Using 4 workers of 4 for evacuation
[6.413s][debug][gc,ref       ] GC(15) Skipped phase1 of Reference Processing due to unavailable references
[6.413s][debug][gc,ref       ] GC(15) Skipped phase2 of Reference Processing due to unavailable references
[6.413s][debug][gc,ref       ] GC(15) Skipped phase3 of Reference Processing due to unavailable references
[6.413s][debug][gc,ref       ] GC(15) Skipped phase4 of Reference Processing due to unavailable references
[6.413s][debug][gc,age       ] GC(15) Desired survivor size 15368192 bytes, new threshold 6 (max threshold 6)
[6.413s][info ][gc,heap      ] GC(15) ParNew: 241541K->682K(270336K)
[6.413s][info ][gc,heap      ] GC(15) CMS: 119092K->119129K(600768K)
[6.413s][info ][gc,metaspace ] GC(15) Metaspace: 36600K->36600K(1083392K)
[6.413s][info ][gc           ] GC(15) Pause Young (Allocation Failure) 352M->117M(850M) 1.985ms
[6.413s][info ][gc,cpu       ] GC(15) User=0.01s Sys=0.00s Real=0.00s
[6.413s][info ][safepoint    ] Leaving safepoint region
[6.413s][info ][safepoint    ] Total time for which application threads were stopped: 0.0022351 seconds, Stopping threads took: 0.0000884 seconds
[6.460s][info ][safepoint    ] Application time: 0.0471599 seconds
[6.460s][info ][safepoint    ] Entering safepoint region: GenCollectForAllocation
[6.460s][info ][gc,start     ] GC(16) Pause Young (Allocation Failure)
[6.460s][info ][gc,task      ] GC(16) Using 4 workers of 4 for evacuation
[6.462s][debug][gc,ref       ] GC(16) Skipped phase1 of Reference Processing due to unavailable references
[6.462s][debug][gc,ref       ] GC(16) Skipped phase2 of Reference Processing due to unavailable references
[6.462s][debug][gc,ref       ] GC(16) Skipped phase3 of Reference Processing due to unavailable references
[6.462s][debug][gc,ref       ] GC(16) Skipped phase4 of Reference Processing due to unavailable references
[6.462s][debug][gc,age       ] GC(16) Desired survivor size 15368192 bytes, new threshold 6 (max threshold 6)
[6.463s][info ][gc,heap      ] GC(16) ParNew: 241002K->439K(270336K)
[6.463s][info ][gc,heap      ] GC(16) CMS: 119129K->119154K(600768K)
[6.463s][info ][gc,metaspace ] GC(16) Metaspace: 36600K->36600K(1083392K)
[6.463s][info ][gc           ] GC(16) Pause Young (Allocation Failure) 351M->116M(850M) 2.105ms
[6.463s][info ][gc,cpu       ] GC(16) User=0.01s Sys=0.00s Real=0.00s
[6.463s][info ][safepoint    ] Leaving safepoint region
[6.463s][info ][safepoint    ] Total time for which application threads were stopped: 0.0024479 seconds, Stopping threads took: 0.0001785 seconds
[6.519s][info ][safepoint    ] Application time: 0.0565999 seconds
[6.519s][info ][safepoint    ] Entering safepoint region: GenCollectForAllocation
[6.519s][info ][gc,start     ] GC(17) Pause Young (Allocation Failure)
[6.520s][info ][gc,task      ] GC(17) Using 4 workers of 4 for evacuation
[6.522s][debug][gc,ref       ] GC(17) Skipped phase1 of Reference Processing due to unavailable references
[6.522s][debug][gc,ref       ] GC(17) Skipped phase2 of Reference Processing due to unavailable references
[6.522s][debug][gc,ref       ] GC(17) Skipped phase3 of Reference Processing due to unavailable references
[6.522s][debug][gc,ref       ] GC(17) Skipped phase4 of Reference Processing due to unavailable references
[6.522s][debug][gc,age       ] GC(17) Desired survivor size 15368192 bytes, new threshold 6 (max threshold 6)
[6.522s][info ][gc,heap      ] GC(17) ParNew: 240759K->452K(270336K)
[6.522s][info ][gc,heap      ] GC(17) CMS: 119154K->119215K(600768K)
[6.522s][info ][gc,metaspace ] GC(17) Metaspace: 36600K->36600K(1083392K)
[6.522s][info ][gc           ] GC(17) Pause Young (Allocation Failure) 351M->116M(850M) 2.431ms
[6.522s][info ][gc,cpu       ] GC(17) User=0.01s Sys=0.00s Real=0.00s
[6.522s][info ][safepoint    ] Leaving safepoint region
[6.522s][info ][safepoint    ] Total time for which application threads were stopped: 0.0027487 seconds, Stopping threads took: 0.0001468 seconds
[6.573s][info ][safepoint    ] Application time: 0.0512708 seconds
[6.573s][info ][safepoint    ] Entering safepoint region: GenCollectForAllocation
[6.574s][info ][gc,start     ] GC(18) Pause Young (Allocation Failure)
[6.574s][info ][gc,task      ] GC(18) Using 4 workers of 4 for evacuation
[6.575s][debug][gc,ref       ] GC(18) Skipped phase1 of Reference Processing due to unavailable references
[6.575s][debug][gc,ref       ] GC(18) Skipped phase2 of Reference Processing due to unavailable references
[6.575s][debug][gc,ref       ] GC(18) Skipped phase3 of Reference Processing due to unavailable references
[6.575s][debug][gc,ref       ] GC(18) Skipped phase4 of Reference Processing due to unavailable references
[6.575s][debug][gc,age       ] GC(18) Desired survivor size 15368192 bytes, new threshold 6 (max threshold 6)
[6.575s][info ][gc,heap      ] GC(18) ParNew: 240772K->481K(270336K)
[6.575s][info ][gc,heap      ] GC(18) CMS: 119215K->119246K(600768K)
[6.575s][info ][gc,metaspace ] GC(18) Metaspace: 36600K->36600K(1083392K)
[6.575s][info ][gc           ] GC(18) Pause Young (Allocation Failure) 351M->116M(850M) 1.916ms
[6.575s][info ][gc,cpu       ] GC(18) User=0.00s Sys=0.00s Real=0.01s
[6.575s][info ][safepoint    ] Leaving safepoint region
[6.575s][info ][safepoint    ] Total time for which application threads were stopped: 0.0022314 seconds, Stopping threads took: 0.0001576 seconds
[6.614s][info ][safepoint    ] Application time: 0.0382826 seconds
[6.614s][info ][safepoint    ] Entering safepoint region: GenCollectForAllocation
[6.614s][info ][gc,start     ] GC(19) Pause Young (Allocation Failure)
[6.614s][info ][gc,task      ] GC(19) Using 4 workers of 4 for evacuation
[6.616s][debug][gc,ref       ] GC(19) Skipped phase1 of Reference Processing due to unavailable references
[6.616s][debug][gc,ref       ] GC(19) Skipped phase2 of Reference Processing due to unavailable references
[6.616s][debug][gc,ref       ] GC(19) Skipped phase3 of Reference Processing due to unavailable references
[6.616s][debug][gc,ref       ] GC(19) Skipped phase4 of Reference Processing due to unavailable references
[6.616s][debug][gc,age       ] GC(19) Desired survivor size 15368192 bytes, new threshold 6 (max threshold 6)
[6.616s][info ][gc,heap      ] GC(19) ParNew: 240801K->575K(270336K)
[6.616s][info ][gc,heap      ] GC(19) CMS: 119246K->119274K(600768K)
[6.616s][info ][gc,metaspace ] GC(19) Metaspace: 36600K->36600K(1083392K)
[6.616s][info ][gc           ] GC(19) Pause Young (Allocation Failure) 351M->117M(850M) 1.950ms
[6.616s][info ][gc,cpu       ] GC(19) User=0.00s Sys=0.00s Real=0.01s
[6.616s][info ][safepoint    ] Leaving safepoint region
[6.616s][info ][safepoint    ] Total time for which application threads were stopped: 0.0021824 seconds, Stopping threads took: 0.0000898 seconds
[6.683s][info ][safepoint    ] Application time: 0.0673174 seconds
[6.684s][info ][safepoint    ] Entering safepoint region: GenCollectForAllocation
[6.684s][info ][gc,start     ] GC(20) Pause Young (Allocation Failure)
[6.684s][info ][gc,task      ] GC(20) Using 4 workers of 4 for evacuation
[6.685s][debug][gc,ref       ] GC(20) Skipped phase1 of Reference Processing due to unavailable references
[6.685s][debug][gc,ref       ] GC(20) Skipped phase2 of Reference Processing due to unavailable references
[6.685s][debug][gc,ref       ] GC(20) Skipped phase3 of Reference Processing due to unavailable references
[6.685s][debug][gc,ref       ] GC(20) Skipped phase4 of Reference Processing due to unavailable references
[6.686s][debug][gc,age       ] GC(20) Desired survivor size 15368192 bytes, new threshold 6 (max threshold 6)
[6.686s][info ][gc,heap      ] GC(20) ParNew: 240895K->459K(270336K)
[6.686s][info ][gc,heap      ] GC(20) CMS: 119274K->119337K(600768K)
[6.686s][info ][gc,metaspace ] GC(20) Metaspace: 36601K->36601K(1083392K)
[6.686s][info ][gc           ] GC(20) Pause Young (Allocation Failure) 351M->116M(850M) 1.909ms
[6.686s][info ][gc,cpu       ] GC(20) User=0.00s Sys=0.00s Real=0.00s
[6.686s][info ][safepoint    ] Leaving safepoint region
[6.686s][info ][safepoint    ] Total time for which application threads were stopped: 0.0022837 seconds, Stopping threads took: 0.0002039 seconds
[6.727s][info ][safepoint    ] Application time: 0.0410969 seconds
[6.727s][info ][safepoint    ] Entering safepoint region: GenCollectForAllocation
[6.727s][info ][gc,start     ] GC(21) Pause Young (Allocation Failure)
[6.727s][info ][gc,task      ] GC(21) Using 4 workers of 4 for evacuation
[6.729s][debug][gc,ref       ] GC(21) Skipped phase1 of Reference Processing due to unavailable references
[6.729s][debug][gc,ref       ] GC(21) Skipped phase2 of Reference Processing due to unavailable references
[6.729s][debug][gc,ref       ] GC(21) Skipped phase3 of Reference Processing due to unavailable references
[6.729s][debug][gc,ref       ] GC(21) Skipped phase4 of Reference Processing due to unavailable references
[6.729s][debug][gc,age       ] GC(21) Desired survivor size 15368192 bytes, new threshold 6 (max threshold 6)
[6.729s][info ][gc,heap      ] GC(21) ParNew: 240779K->521K(270336K)
[6.729s][info ][gc,heap      ] GC(21) CMS: 119337K->119356K(600768K)
[6.729s][info ][gc,metaspace ] GC(21) Metaspace: 36601K->36601K(1083392K)
[6.729s][info ][gc           ] GC(21) Pause Young (Allocation Failure) 351M->117M(850M) 1.948ms
[6.729s][info ][gc,cpu       ] GC(21) User=0.01s Sys=0.00s Real=0.00s
[6.729s][info ][safepoint    ] Leaving safepoint region
[6.729s][info ][safepoint    ] Total time for which application threads were stopped: 0.0025519 seconds, Stopping threads took: 0.0004560 seconds
[6.767s][info ][safepoint    ] Application time: 0.0378927 seconds
[6.769s][info ][safepoint    ] Entering safepoint region: GenCollectForAllocation
[6.769s][info ][gc,start     ] GC(22) Pause Young (Allocation Failure)
[6.769s][info ][gc,task      ] GC(22) Using 4 workers of 4 for evacuation
[6.771s][debug][gc,ref       ] GC(22) Skipped phase1 of Reference Processing due to unavailable references
[6.771s][debug][gc,ref       ] GC(22) Skipped phase2 of Reference Processing due to unavailable references
[6.771s][debug][gc,ref       ] GC(22) Skipped phase3 of Reference Processing due to unavailable references
[6.771s][debug][gc,ref       ] GC(22) Skipped phase4 of Reference Processing due to unavailable references
[6.771s][debug][gc,age       ] GC(22) Desired survivor size 15368192 bytes, new threshold 6 (max threshold 6)
[6.772s][info ][gc,heap      ] GC(22) ParNew: 240841K->498K(270336K)
[6.772s][info ][gc,heap      ] GC(22) CMS: 119356K->119400K(600768K)
[6.772s][info ][gc,metaspace ] GC(22) Metaspace: 36601K->36601K(1083392K)
[6.772s][info ][gc           ] GC(22) Pause Young (Allocation Failure) 351M->117M(850M) 2.646ms
[6.772s][info ][gc,cpu       ] GC(22) User=0.01s Sys=0.00s Real=0.00s
[6.772s][info ][safepoint    ] Leaving safepoint region
[6.772s][info ][safepoint    ] Total time for which application threads were stopped: 0.0048712 seconds, Stopping threads took: 0.0020771 seconds
[6.836s][info ][safepoint    ] Application time: 0.0640925 seconds
[6.836s][info ][safepoint    ] Entering safepoint region: GenCollectForAllocation
[6.837s][info ][gc,start     ] GC(23) Pause Young (Allocation Failure)
[6.837s][info ][gc,task      ] GC(23) Using 4 workers of 4 for evacuation
[6.838s][debug][gc,ref       ] GC(23) Skipped phase1 of Reference Processing due to unavailable references
[6.838s][debug][gc,ref       ] GC(23) Skipped phase2 of Reference Processing due to unavailable references
[6.838s][debug][gc,ref       ] GC(23) Skipped phase3 of Reference Processing due to unavailable references
[6.838s][debug][gc,ref       ] GC(23) Skipped phase4 of Reference Processing due to unavailable references
[6.838s][debug][gc,age       ] GC(23) Desired survivor size 15368192 bytes, new threshold 6 (max threshold 6)
[6.838s][info ][gc,heap      ] GC(23) ParNew: 240818K->548K(270336K)
[6.838s][info ][gc,heap      ] GC(23) CMS: 119400K->119452K(600768K)
[6.838s][info ][gc,metaspace ] GC(23) Metaspace: 36601K->36601K(1083392K)
[6.838s][info ][gc           ] GC(23) Pause Young (Allocation Failure) 351M->117M(850M) 1.925ms
[6.838s][info ][gc,cpu       ] GC(23) User=0.01s Sys=0.00s Real=0.00s
[6.839s][info ][safepoint    ] Leaving safepoint region
[6.839s][info ][safepoint    ] Total time for which application threads were stopped: 0.0022486 seconds, Stopping threads took: 0.0001543 seconds
[6.879s][info ][safepoint    ] Application time: 0.0401304 seconds
[6.879s][info ][safepoint    ] Entering safepoint region: GenCollectForAllocation
[6.879s][info ][gc,start     ] GC(24) Pause Young (Allocation Failure)
[6.879s][info ][gc,task      ] GC(24) Using 4 workers of 4 for evacuation
[6.883s][debug][gc,ref       ] GC(24) Skipped phase1 of Reference Processing due to unavailable references
[6.883s][debug][gc,ref       ] GC(24) Skipped phase2 of Reference Processing due to unavailable references
[6.883s][debug][gc,ref       ] GC(24) Skipped phase3 of Reference Processing due to unavailable references
[6.883s][debug][gc,ref       ] GC(24) Skipped phase4 of Reference Processing due to unavailable references
[6.883s][debug][gc,age       ] GC(24) Desired survivor size 15368192 bytes, new threshold 6 (max threshold 6)
[6.883s][info ][gc,heap      ] GC(24) ParNew: 240868K->496K(270336K)
[6.883s][info ][gc,heap      ] GC(24) CMS: 119452K->119486K(600768K)
[6.883s][info ][gc,metaspace ] GC(24) Metaspace: 36601K->36601K(1083392K)
[6.883s][info ][gc           ] GC(24) Pause Young (Allocation Failure) 351M->117M(850M) 3.902ms
[6.883s][info ][gc,cpu       ] GC(24) User=0.01s Sys=0.01s Real=0.00s
[6.883s][info ][safepoint    ] Leaving safepoint region
[6.883s][info ][safepoint    ] Total time for which application threads were stopped: 0.0042928 seconds, Stopping threads took: 0.0002089 seconds
[6.929s][info ][safepoint    ] Application time: 0.0460296 seconds
[6.934s][info ][safepoint    ] Entering safepoint region: GenCollectForAllocation
[6.934s][info ][gc,start     ] GC(25) Pause Young (Allocation Failure)
[6.934s][info ][gc,task      ] GC(25) Using 4 workers of 4 for evacuation
[6.936s][debug][gc,ref       ] GC(25) Skipped phase1 of Reference Processing due to unavailable references
[6.936s][debug][gc,ref       ] GC(25) Skipped phase2 of Reference Processing due to unavailable references
[6.936s][debug][gc,ref       ] GC(25) Skipped phase3 of Reference Processing due to unavailable references
[6.936s][debug][gc,ref       ] GC(25) Skipped phase4 of Reference Processing due to unavailable references
[6.936s][debug][gc,age       ] GC(25) Desired survivor size 15368192 bytes, new threshold 6 (max threshold 6)
[6.936s][info ][gc,heap      ] GC(25) ParNew: 240816K->498K(270336K)
[6.936s][info ][gc,heap      ] GC(25) CMS: 119486K->119505K(600768K)
[6.936s][info ][gc,metaspace ] GC(25) Metaspace: 36602K->36602K(1083392K)
[6.936s][info ][gc           ] GC(25) Pause Young (Allocation Failure) 351M->117M(850M) 1.929ms
[6.936s][info ][gc,cpu       ] GC(25) User=0.01s Sys=0.00s Real=0.01s
[6.936s][info ][safepoint    ] Leaving safepoint region
[6.936s][info ][safepoint    ] Total time for which application threads were stopped: 0.0069149 seconds, Stopping threads took: 0.0048384 seconds
[6.996s][info ][safepoint    ] Application time: 0.0598684 seconds
[6.996s][info ][safepoint    ] Entering safepoint region: GenCollectForAllocation
[6.996s][info ][gc,start     ] GC(26) Pause Young (Allocation Failure)
[6.996s][info ][gc,task      ] GC(26) Using 4 workers of 4 for evacuation
[6.998s][debug][gc,ref       ] GC(26) Skipped phase1 of Reference Processing due to unavailable references
[6.998s][debug][gc,ref       ] GC(26) Skipped phase2 of Reference Processing due to unavailable references
[6.998s][debug][gc,ref       ] GC(26) Skipped phase3 of Reference Processing due to unavailable references
[6.998s][debug][gc,ref       ] GC(26) Skipped phase4 of Reference Processing due to unavailable references
[6.998s][debug][gc,age       ] GC(26) Desired survivor size 15368192 bytes, new threshold 6 (max threshold 6)
[6.998s][info ][gc,heap      ] GC(26) ParNew: 240818K->439K(270336K)
[6.998s][info ][gc,heap      ] GC(26) CMS: 119505K->119582K(600768K)
[6.998s][info ][gc,metaspace ] GC(26) Metaspace: 36602K->36602K(1083392K)
[6.998s][info ][gc           ] GC(26) Pause Young (Allocation Failure) 351M->117M(850M) 2.098ms
[6.998s][info ][gc,cpu       ] GC(26) User=0.01s Sys=0.00s Real=0.00s
[6.998s][info ][safepoint    ] Leaving safepoint region
[6.998s][info ][safepoint    ] Total time for which application threads were stopped: 0.0023453 seconds, Stopping threads took: 0.0000664 seconds
[7.044s][info ][safepoint    ] Application time: 0.0458424 seconds
[7.044s][info ][safepoint    ] Entering safepoint region: GenCollectForAllocation
[7.044s][info ][gc,start     ] GC(27) Pause Young (Allocation Failure)
[7.044s][info ][gc,task      ] GC(27) Using 4 workers of 4 for evacuation
[7.046s][debug][gc,ref       ] GC(27) Skipped phase1 of Reference Processing due to unavailable references
[7.046s][debug][gc,ref       ] GC(27) Skipped phase2 of Reference Processing due to unavailable references
[7.046s][debug][gc,ref       ] GC(27) Skipped phase3 of Reference Processing due to unavailable references
[7.046s][debug][gc,ref       ] GC(27) Skipped phase4 of Reference Processing due to unavailable references
[7.046s][debug][gc,age       ] GC(27) Desired survivor size 15368192 bytes, new threshold 6 (max threshold 6)
[7.046s][info ][gc,heap      ] GC(27) ParNew: 240759K->577K(270336K)
[7.046s][info ][gc,heap      ] GC(27) CMS: 119582K->119604K(600768K)
[7.046s][info ][gc,metaspace ] GC(27) Metaspace: 36602K->36602K(1083392K)
[7.046s][info ][gc           ] GC(27) Pause Young (Allocation Failure) 351M->117M(850M) 1.961ms
[7.046s][info ][gc,cpu       ] GC(27) User=0.01s Sys=0.00s Real=0.00s
[7.046s][info ][safepoint    ] Leaving safepoint region
[7.046s][info ][safepoint    ] Total time for which application threads were stopped: 0.0023028 seconds, Stopping threads took: 0.0001732 seconds
[7.084s][info ][safepoint    ] Application time: 0.0378307 seconds
[7.087s][info ][safepoint    ] Entering safepoint region: GenCollectForAllocation
[7.087s][info ][gc,start     ] GC(28) Pause Young (Allocation Failure)
[7.087s][info ][gc,task      ] GC(28) Using 4 workers of 4 for evacuation
[7.089s][debug][gc,ref       ] GC(28) Skipped phase1 of Reference Processing due to unavailable references
[7.089s][debug][gc,ref       ] GC(28) Skipped phase2 of Reference Processing due to unavailable references
[7.089s][debug][gc,ref       ] GC(28) Skipped phase3 of Reference Processing due to unavailable references
[7.089s][debug][gc,ref       ] GC(28) Skipped phase4 of Reference Processing due to unavailable references
[7.089s][debug][gc,age       ] GC(28) Desired survivor size 15368192 bytes, new threshold 6 (max threshold 6)
[7.089s][info ][gc,heap      ] GC(28) ParNew: 240897K->433K(270336K)
[7.089s][info ][gc,heap      ] GC(28) CMS: 119604K->119632K(600768K)
[7.089s][info ][gc,metaspace ] GC(28) Metaspace: 36602K->36602K(1083392K)
[7.089s][info ][gc           ] GC(28) Pause Young (Allocation Failure) 352M->117M(850M) 1.909ms
[7.089s][info ][gc,cpu       ] GC(28) User=0.00s Sys=0.00s Real=0.00s
[7.089s][info ][safepoint    ] Leaving safepoint region
[7.089s][info ][safepoint    ] Total time for which application threads were stopped: 0.0051176 seconds, Stopping threads took: 0.0030523 seconds
[7.155s][info ][safepoint    ] Application time: 0.0655110 seconds
[7.155s][info ][safepoint    ] Entering safepoint region: GenCollectForAllocation
[7.155s][info ][gc,start     ] GC(29) Pause Young (Allocation Failure)
[7.155s][info ][gc,task      ] GC(29) Using 4 workers of 4 for evacuation
[7.157s][debug][gc,ref       ] GC(29) Skipped phase1 of Reference Processing due to unavailable references
[7.157s][debug][gc,ref       ] GC(29) Skipped phase2 of Reference Processing due to unavailable references
[7.157s][debug][gc,ref       ] GC(29) Skipped phase3 of Reference Processing due to unavailable references
[7.157s][debug][gc,ref       ] GC(29) Skipped phase4 of Reference Processing due to unavailable references
[7.157s][debug][gc,age       ] GC(29) Desired survivor size 15368192 bytes, new threshold 6 (max threshold 6)
[7.157s][info ][gc,heap      ] GC(29) ParNew: 240753K->445K(270336K)
[7.157s][info ][gc,heap      ] GC(29) CMS: 119632K->119708K(600768K)
[7.157s][info ][gc,metaspace ] GC(29) Metaspace: 36602K->36602K(1083392K)
[7.158s][info ][gc           ] GC(29) Pause Young (Allocation Failure) 351M->117M(850M) 2.176ms
[7.158s][info ][gc,cpu       ] GC(29) User=0.01s Sys=0.00s Real=0.00s
[7.158s][info ][safepoint    ] Leaving safepoint region
[7.158s][info ][safepoint    ] Total time for which application threads were stopped: 0.0025783 seconds, Stopping threads took: 0.0002249 seconds
[7.197s][info ][safepoint    ] Application time: 0.0399413 seconds
[7.198s][info ][safepoint    ] Entering safepoint region: GenCollectForAllocation
[7.198s][info ][gc,start     ] GC(30) Pause Young (Allocation Failure)
[7.198s][info ][gc,task      ] GC(30) Using 4 workers of 4 for evacuation
[7.200s][debug][gc,ref       ] GC(30) Skipped phase1 of Reference Processing due to unavailable references
[7.200s][debug][gc,ref       ] GC(30) Skipped phase2 of Reference Processing due to unavailable references
[7.200s][debug][gc,ref       ] GC(30) Skipped phase3 of Reference Processing due to unavailable references
[7.200s][debug][gc,ref       ] GC(30) Skipped phase4 of Reference Processing due to unavailable references
[7.200s][debug][gc,age       ] GC(30) Desired survivor size 15368192 bytes, new threshold 6 (max threshold 6)
[7.200s][info ][gc,heap      ] GC(30) ParNew: 240765K->526K(270336K)
[7.200s][info ][gc,heap      ] GC(30) CMS: 119708K->119730K(600768K)
[7.200s][info ][gc,metaspace ] GC(30) Metaspace: 36602K->36602K(1083392K)
[7.200s][info ][gc           ] GC(30) Pause Young (Allocation Failure) 352M->117M(850M) 1.977ms
[7.200s][info ][gc,cpu       ] GC(30) User=0.01s Sys=0.00s Real=0.00s
[7.200s][info ][safepoint    ] Leaving safepoint region
[7.200s][info ][safepoint    ] Total time for which application threads were stopped: 0.0028049 seconds, Stopping threads took: 0.0006730 seconds
[7.263s][info ][safepoint    ] Application time: 0.0623925 seconds
[7.263s][info ][safepoint    ] Entering safepoint region: GenCollectForAllocation
[7.263s][info ][gc,start     ] GC(31) Pause Young (Allocation Failure)
[7.263s][info ][gc,task      ] GC(31) Using 4 workers of 4 for evacuation
[7.265s][debug][gc,ref       ] GC(31) Skipped phase1 of Reference Processing due to unavailable references
[7.265s][debug][gc,ref       ] GC(31) Skipped phase2 of Reference Processing due to unavailable references
[7.265s][debug][gc,ref       ] GC(31) Skipped phase3 of Reference Processing due to unavailable references
[7.265s][debug][gc,ref       ] GC(31) Skipped phase4 of Reference Processing due to unavailable references
[7.265s][debug][gc,age       ] GC(31) Desired survivor size 15368192 bytes, new threshold 6 (max threshold 6)
[7.265s][info ][gc,heap      ] GC(31) ParNew: 240846K->636K(270336K)
[7.265s][info ][gc,heap      ] GC(31) CMS: 119730K->119777K(600768K)
[7.265s][info ][gc,metaspace ] GC(31) Metaspace: 36602K->36602K(1083392K)
[7.265s][info ][gc           ] GC(31) Pause Young (Allocation Failure) 352M->117M(850M) 2.105ms
[7.265s][info ][gc,cpu       ] GC(31) User=0.01s Sys=0.00s Real=0.00s
[7.265s][info ][safepoint    ] Leaving safepoint region
[7.265s][info ][safepoint    ] Total time for which application threads were stopped: 0.0024487 seconds, Stopping threads took: 0.0001552 seconds
[7.304s][info ][safepoint    ] Application time: 0.0383643 seconds
[7.304s][info ][safepoint    ] Entering safepoint region: GenCollectForAllocation
[7.304s][info ][gc,start     ] GC(32) Pause Young (Allocation Failure)
[7.304s][info ][gc,task      ] GC(32) Using 4 workers of 4 for evacuation
[7.306s][debug][gc,ref       ] GC(32) Skipped phase1 of Reference Processing due to unavailable references
[7.306s][debug][gc,ref       ] GC(32) Skipped phase2 of Reference Processing due to unavailable references
[7.306s][debug][gc,ref       ] GC(32) Skipped phase3 of Reference Processing due to unavailable references
[7.306s][debug][gc,ref       ] GC(32) Skipped phase4 of Reference Processing due to unavailable references
[7.306s][debug][gc,age       ] GC(32) Desired survivor size 15368192 bytes, new threshold 6 (max threshold 6)
[7.306s][info ][gc,heap      ] GC(32) ParNew: 240956K->452K(270336K)
[7.306s][info ][gc,heap      ] GC(32) CMS: 119777K->119825K(600768K)
[7.306s][info ][gc,metaspace ] GC(32) Metaspace: 36602K->36602K(1083392K)
[7.306s][info ][gc           ] GC(32) Pause Young (Allocation Failure) 352M->117M(850M) 1.933ms
[7.306s][info ][gc,cpu       ] GC(32) User=0.00s Sys=0.00s Real=0.00s
[7.306s][info ][safepoint    ] Leaving safepoint region
[7.306s][info ][safepoint    ] Total time for which application threads were stopped: 0.0022729 seconds, Stopping threads took: 0.0001304 seconds
[7.354s][info ][safepoint    ] Application time: 0.0478040 seconds
[7.354s][info ][safepoint    ] Entering safepoint region: GenCollectForAllocation
[7.354s][info ][gc,start     ] GC(33) Pause Young (Allocation Failure)
[7.354s][info ][gc,task      ] GC(33) Using 4 workers of 4 for evacuation
[7.356s][debug][gc,ref       ] GC(33) Skipped phase1 of Reference Processing due to unavailable references
[7.356s][debug][gc,ref       ] GC(33) Skipped phase2 of Reference Processing due to unavailable references
[7.356s][debug][gc,ref       ] GC(33) Skipped phase3 of Reference Processing due to unavailable references
[7.356s][debug][gc,ref       ] GC(33) Skipped phase4 of Reference Processing due to unavailable references
[7.356s][debug][gc,age       ] GC(33) Desired survivor size 15368192 bytes, new threshold 6 (max threshold 6)
[7.356s][info ][gc,heap      ] GC(33) ParNew: 240772K->489K(270336K)
[7.356s][info ][gc,heap      ] GC(33) CMS: 119825K->119863K(600768K)
[7.356s][info ][gc,metaspace ] GC(33) Metaspace: 36602K->36602K(1083392K)
[7.356s][info ][gc           ] GC(33) Pause Young (Allocation Failure) 352M->117M(850M) 1.921ms
[7.356s][info ][gc,cpu       ] GC(33) User=0.01s Sys=0.00s Real=0.01s
[7.356s][info ][safepoint    ] Leaving safepoint region
[7.356s][info ][safepoint    ] Total time for which application threads were stopped: 0.0022232 seconds, Stopping threads took: 0.0001262 seconds
[7.416s][info ][safepoint    ] Application time: 0.0604713 seconds
[7.417s][info ][safepoint    ] Entering safepoint region: GenCollectForAllocation
[7.417s][info ][gc,start     ] GC(34) Pause Young (Allocation Failure)
[7.417s][info ][gc,task      ] GC(34) Using 4 workers of 4 for evacuation
[7.419s][debug][gc,ref       ] GC(34) Skipped phase1 of Reference Processing due to unavailable references
[7.419s][debug][gc,ref       ] GC(34) Skipped phase2 of Reference Processing due to unavailable references
[7.419s][debug][gc,ref       ] GC(34) Skipped phase3 of Reference Processing due to unavailable references
[7.419s][debug][gc,ref       ] GC(34) Skipped phase4 of Reference Processing due to unavailable references
[7.419s][debug][gc,age       ] GC(34) Desired survivor size 15368192 bytes, new threshold 6 (max threshold 6)
[7.419s][info ][gc,heap      ] GC(34) ParNew: 240809K->420K(270336K)
[7.419s][info ][gc,heap      ] GC(34) CMS: 119863K->119908K(600768K)
[7.419s][info ][gc,metaspace ] GC(34) Metaspace: 36602K->36602K(1083392K)
[7.419s][info ][gc           ] GC(34) Pause Young (Allocation Failure) 352M->117M(850M) 2.019ms
[7.419s][info ][gc,cpu       ] GC(34) User=0.01s Sys=0.00s Real=0.00s
[7.419s][info ][safepoint    ] Leaving safepoint region
[7.419s][info ][safepoint    ] Total time for which application threads were stopped: 0.0022679 seconds, Stopping threads took: 0.0000972 seconds
[7.463s][info ][safepoint    ] Application time: 0.0439723 seconds
[7.463s][info ][safepoint    ] Entering safepoint region: GenCollectForAllocation
[7.463s][info ][gc,start     ] GC(35) Pause Young (Allocation Failure)
[7.463s][info ][gc,task      ] GC(35) Using 4 workers of 4 for evacuation
[7.465s][debug][gc,ref       ] GC(35) Skipped phase1 of Reference Processing due to unavailable references
[7.465s][debug][gc,ref       ] GC(35) Skipped phase2 of Reference Processing due to unavailable references
[7.465s][debug][gc,ref       ] GC(35) Skipped phase3 of Reference Processing due to unavailable references
[7.465s][debug][gc,ref       ] GC(35) Skipped phase4 of Reference Processing due to unavailable references
[7.466s][debug][gc,age       ] GC(35) Desired survivor size 15368192 bytes, new threshold 6 (max threshold 6)
[7.466s][info ][gc,heap      ] GC(35) ParNew: 240740K->523K(270336K)
[7.466s][info ][gc,heap      ] GC(35) CMS: 119908K->119972K(600768K)
[7.466s][info ][gc,metaspace ] GC(35) Metaspace: 36602K->36602K(1083392K)
[7.466s][info ][gc           ] GC(35) Pause Young (Allocation Failure) 352M->117M(850M) 2.643ms
[7.466s][info ][gc,cpu       ] GC(35) User=0.01s Sys=0.00s Real=0.00s
[7.466s][info ][safepoint    ] Leaving safepoint region
[7.466s][info ][safepoint    ] Total time for which application threads were stopped: 0.0029230 seconds, Stopping threads took: 0.0001123 seconds
[7.507s][info ][safepoint    ] Application time: 0.0414943 seconds
[7.507s][info ][safepoint    ] Entering safepoint region: GenCollectForAllocation
[7.508s][info ][gc,start     ] GC(36) Pause Young (Allocation Failure)
[7.508s][info ][gc,task      ] GC(36) Using 4 workers of 4 for evacuation
[7.509s][debug][gc,ref       ] GC(36) Skipped phase1 of Reference Processing due to unavailable references
[7.509s][debug][gc,ref       ] GC(36) Skipped phase2 of Reference Processing due to unavailable references
[7.509s][debug][gc,ref       ] GC(36) Skipped phase3 of Reference Processing due to unavailable references
[7.509s][debug][gc,ref       ] GC(36) Skipped phase4 of Reference Processing due to unavailable references
[7.509s][debug][gc,age       ] GC(36) Desired survivor size 15368192 bytes, new threshold 6 (max threshold 6)
[7.509s][info ][gc,heap      ] GC(36) ParNew: 240843K->580K(270336K)
[7.509s][info ][gc,heap      ] GC(36) CMS: 119972K->119988K(600768K)
[7.509s][info ][gc,metaspace ] GC(36) Metaspace: 36602K->36602K(1083392K)
[7.509s][info ][gc           ] GC(36) Pause Young (Allocation Failure) 352M->117M(850M) 1.900ms
[7.510s][info ][gc,cpu       ] GC(36) User=0.00s Sys=0.00s Real=0.00s
[7.510s][info ][safepoint    ] Leaving safepoint region
[7.510s][info ][safepoint    ] Total time for which application threads were stopped: 0.0023373 seconds, Stopping threads took: 0.0002774 seconds
[7.570s][info ][safepoint    ] Application time: 0.0606688 seconds
[7.570s][info ][safepoint    ] Entering safepoint region: GenCollectForAllocation
[7.571s][info ][gc,start     ] GC(37) Pause Young (Allocation Failure)
[7.571s][info ][gc,task      ] GC(37) Using 4 workers of 4 for evacuation
[7.572s][debug][gc,ref       ] GC(37) Skipped phase1 of Reference Processing due to unavailable references
[7.572s][debug][gc,ref       ] GC(37) Skipped phase2 of Reference Processing due to unavailable references
[7.572s][debug][gc,ref       ] GC(37) Skipped phase3 of Reference Processing due to unavailable references
[7.572s][debug][gc,ref       ] GC(37) Skipped phase4 of Reference Processing due to unavailable references
[7.572s][debug][gc,age       ] GC(37) Desired survivor size 15368192 bytes, new threshold 6 (max threshold 6)
[7.573s][info ][gc,heap      ] GC(37) ParNew: 240900K->424K(270336K)
[7.573s][info ][gc,heap      ] GC(37) CMS: 119988K->120062K(600768K)
[7.573s][info ][gc,metaspace ] GC(37) Metaspace: 36602K->36602K(1083392K)
[7.573s][info ][gc           ] GC(37) Pause Young (Allocation Failure) 352M->117M(850M) 1.961ms
[7.573s][info ][gc,cpu       ] GC(37) User=0.00s Sys=0.00s Real=0.00s
[7.573s][info ][safepoint    ] Leaving safepoint region
[7.573s][info ][safepoint    ] Total time for which application threads were stopped: 0.0023280 seconds, Stopping threads took: 0.0002059 seconds
[7.613s][info ][safepoint    ] Application time: 0.0406352 seconds
[7.616s][info ][safepoint    ] Entering safepoint region: GenCollectForAllocation
[7.616s][info ][gc,start     ] GC(38) Pause Young (Allocation Failure)
[7.616s][info ][gc,task      ] GC(38) Using 4 workers of 4 for evacuation
[7.618s][debug][gc,ref       ] GC(38) Skipped phase1 of Reference Processing due to unavailable references
[7.618s][debug][gc,ref       ] GC(38) Skipped phase2 of Reference Processing due to unavailable references
[7.618s][debug][gc,ref       ] GC(38) Skipped phase3 of Reference Processing due to unavailable references
[7.618s][debug][gc,ref       ] GC(38) Skipped phase4 of Reference Processing due to unavailable references
[7.618s][debug][gc,age       ] GC(38) Desired survivor size 15368192 bytes, new threshold 6 (max threshold 6)
[7.618s][info ][gc,heap      ] GC(38) ParNew: 240744K->455K(270336K)
[7.618s][info ][gc,heap      ] GC(38) CMS: 120062K->120079K(600768K)
[7.618s][info ][gc,metaspace ] GC(38) Metaspace: 36603K->36603K(1083392K)
[7.618s][info ][gc           ] GC(38) Pause Young (Allocation Failure) 352M->117M(850M) 1.947ms
[7.618s][info ][gc,cpu       ] GC(38) User=0.01s Sys=0.00s Real=0.00s
[7.618s][info ][safepoint    ] Leaving safepoint region
[7.618s][info ][safepoint    ] Total time for which application threads were stopped: 0.0051174 seconds, Stopping threads took: 0.0030044 seconds
[7.672s][info ][safepoint    ] Application time: 0.0540840 seconds
[7.673s][info ][safepoint    ] Entering safepoint region: GenCollectForAllocation
[7.673s][info ][gc,start     ] GC(39) Pause Young (Allocation Failure)
[7.673s][info ][gc,task      ] GC(39) Using 4 workers of 4 for evacuation
[7.675s][debug][gc,ref       ] GC(39) Skipped phase1 of Reference Processing due to unavailable references
[7.675s][debug][gc,ref       ] GC(39) Skipped phase2 of Reference Processing due to unavailable references
[7.675s][debug][gc,ref       ] GC(39) Skipped phase3 of Reference Processing due to unavailable references
[7.675s][debug][gc,ref       ] GC(39) Skipped phase4 of Reference Processing due to unavailable references
[7.675s][debug][gc,age       ] GC(39) Desired survivor size 15368192 bytes, new threshold 6 (max threshold 6)
[7.675s][info ][gc,heap      ] GC(39) ParNew: 240775K->507K(270336K)
[7.675s][info ][gc,heap      ] GC(39) CMS: 120079K->120134K(600768K)
[7.675s][info ][gc,metaspace ] GC(39) Metaspace: 36606K->36606K(1083392K)
[7.675s][info ][gc           ] GC(39) Pause Young (Allocation Failure) 352M->117M(850M) 2.019ms
[7.675s][info ][gc,cpu       ] GC(39) User=0.00s Sys=0.00s Real=0.00s
[7.675s][info ][safepoint    ] Leaving safepoint region
[7.675s][info ][safepoint    ] Total time for which application threads were stopped: 0.0023639 seconds, Stopping threads took: 0.0001778 seconds
[7.720s][info ][safepoint    ] Application time: 0.0454343 seconds
[7.721s][info ][safepoint    ] Entering safepoint region: GenCollectForAllocation
[7.721s][info ][gc,start     ] GC(40) Pause Young (Allocation Failure)
[7.721s][info ][gc,task      ] GC(40) Using 4 workers of 4 for evacuation
[7.723s][debug][gc,ref       ] GC(40) Skipped phase1 of Reference Processing due to unavailable references
[7.723s][debug][gc,ref       ] GC(40) Skipped phase2 of Reference Processing due to unavailable references
[7.723s][debug][gc,ref       ] GC(40) Skipped phase3 of Reference Processing due to unavailable references
[7.723s][debug][gc,ref       ] GC(40) Skipped phase4 of Reference Processing due to unavailable references
[7.723s][debug][gc,age       ] GC(40) Desired survivor size 15368192 bytes, new threshold 6 (max threshold 6)
[7.723s][info ][gc,heap      ] GC(40) ParNew: 240827K->515K(270336K)
[7.723s][info ][gc,heap      ] GC(40) CMS: 120134K->120180K(600768K)
[7.723s][info ][gc,metaspace ] GC(40) Metaspace: 36607K->36607K(1083392K)
[7.723s][info ][gc           ] GC(40) Pause Young (Allocation Failure) 352M->117M(850M) 1.985ms
[7.723s][info ][gc,cpu       ] GC(40) User=0.01s Sys=0.00s Real=0.00s
[7.723s][info ][safepoint    ] Leaving safepoint region
[7.723s][info ][safepoint    ] Total time for which application threads were stopped: 0.0025004 seconds, Stopping threads took: 0.0003295 seconds
[7.775s][info ][safepoint    ] Application time: 0.0519059 seconds
[7.775s][info ][safepoint    ] Entering safepoint region: GenCollectForAllocation
[7.775s][info ][gc,start     ] GC(41) Pause Young (Allocation Failure)
[7.775s][info ][gc,task      ] GC(41) Using 4 workers of 4 for evacuation
[7.777s][debug][gc,ref       ] GC(41) Skipped phase1 of Reference Processing due to unavailable references
[7.777s][debug][gc,ref       ] GC(41) Skipped phase2 of Reference Processing due to unavailable references
[7.777s][debug][gc,ref       ] GC(41) Skipped phase3 of Reference Processing due to unavailable references
[7.777s][debug][gc,ref       ] GC(41) Skipped phase4 of Reference Processing due to unavailable references
[7.777s][debug][gc,age       ] GC(41) Desired survivor size 15368192 bytes, new threshold 6 (max threshold 6)
[7.777s][info ][gc,heap      ] GC(41) ParNew: 240835K->508K(270336K)
[7.777s][info ][gc,heap      ] GC(41) CMS: 120180K->120214K(600768K)
[7.777s][info ][gc,metaspace ] GC(41) Metaspace: 36607K->36607K(1083392K)
[7.777s][info ][gc           ] GC(41) Pause Young (Allocation Failure) 352M->117M(850M) 1.914ms
[7.777s][info ][gc,cpu       ] GC(41) User=0.01s Sys=0.00s Real=0.00s
[7.777s][info ][safepoint    ] Leaving safepoint region
[7.777s][info ][safepoint    ] Total time for which application threads were stopped: 0.0021998 seconds, Stopping threads took: 0.0001296 seconds
[7.832s][info ][safepoint    ] Application time: 0.0553940 seconds
[7.833s][info ][safepoint    ] Entering safepoint region: GenCollectForAllocation
[7.833s][info ][gc,start     ] GC(42) Pause Young (Allocation Failure)
[7.833s][info ][gc,task      ] GC(42) Using 4 workers of 4 for evacuation
[7.835s][debug][gc,ref       ] GC(42) Skipped phase1 of Reference Processing due to unavailable references
[7.835s][debug][gc,ref       ] GC(42) Skipped phase2 of Reference Processing due to unavailable references
[7.835s][debug][gc,ref       ] GC(42) Skipped phase3 of Reference Processing due to unavailable references
[7.835s][debug][gc,ref       ] GC(42) Skipped phase4 of Reference Processing due to unavailable references
[7.835s][debug][gc,age       ] GC(42) Desired survivor size 15368192 bytes, new threshold 6 (max threshold 6)
[7.835s][info ][gc,heap      ] GC(42) ParNew: 240828K->519K(270336K)
[7.835s][info ][gc,heap      ] GC(42) CMS: 120214K->120255K(600768K)
[7.835s][info ][gc,metaspace ] GC(42) Metaspace: 36607K->36607K(1083392K)
[7.835s][info ][gc           ] GC(42) Pause Young (Allocation Failure) 352M->117M(850M) 2.125ms
[7.835s][info ][gc,cpu       ] GC(42) User=0.01s Sys=0.00s Real=0.00s
[7.835s][info ][safepoint    ] Leaving safepoint region
[7.835s][info ][safepoint    ] Total time for which application threads were stopped: 0.0024267 seconds, Stopping threads took: 0.0001428 seconds
[7.872s][info ][safepoint    ] Application time: 0.0368855 seconds
[7.872s][info ][safepoint    ] Entering safepoint region: GenCollectForAllocation
[7.872s][info ][gc,start     ] GC(43) Pause Young (Allocation Failure)
[7.872s][info ][gc,task      ] GC(43) Using 4 workers of 4 for evacuation
[7.874s][debug][gc,ref       ] GC(43) Skipped phase1 of Reference Processing due to unavailable references
[7.874s][debug][gc,ref       ] GC(43) Skipped phase2 of Reference Processing due to unavailable references
[7.874s][debug][gc,ref       ] GC(43) Skipped phase3 of Reference Processing due to unavailable references
[7.874s][debug][gc,ref       ] GC(43) Skipped phase4 of Reference Processing due to unavailable references
[7.874s][debug][gc,age       ] GC(43) Desired survivor size 15368192 bytes, new threshold 6 (max threshold 6)
[7.874s][info ][gc,heap      ] GC(43) ParNew: 240839K->439K(270336K)
[7.874s][info ][gc,heap      ] GC(43) CMS: 120255K->120311K(600768K)
[7.874s][info ][gc,metaspace ] GC(43) Metaspace: 36608K->36608K(1083392K)
[7.874s][info ][gc           ] GC(43) Pause Young (Allocation Failure) 352M->117M(850M) 1.981ms
[7.874s][info ][gc,cpu       ] GC(43) User=0.01s Sys=0.00s Real=0.00s
[7.874s][info ][safepoint    ] Leaving safepoint region
[7.874s][info ][safepoint    ] Total time for which application threads were stopped: 0.0023463 seconds, Stopping threads took: 0.0001099 seconds
[7.938s][info ][safepoint    ] Application time: 0.0643513 seconds
[7.939s][info ][safepoint    ] Entering safepoint region: GenCollectForAllocation
[7.939s][info ][gc,start     ] GC(44) Pause Young (Allocation Failure)
[7.939s][info ][gc,task      ] GC(44) Using 4 workers of 4 for evacuation
[7.941s][debug][gc,ref       ] GC(44) Skipped phase1 of Reference Processing due to unavailable references
[7.941s][debug][gc,ref       ] GC(44) Skipped phase2 of Reference Processing due to unavailable references
[7.941s][debug][gc,ref       ] GC(44) Skipped phase3 of Reference Processing due to unavailable references
[7.941s][debug][gc,ref       ] GC(44) Skipped phase4 of Reference Processing due to unavailable references
[7.941s][debug][gc,age       ] GC(44) Desired survivor size 15368192 bytes, new threshold 6 (max threshold 6)
[7.941s][info ][gc,heap      ] GC(44) ParNew: 240759K->526K(270336K)
[7.941s][info ][gc,heap      ] GC(44) CMS: 120311K->120352K(600768K)
[7.941s][info ][gc,metaspace ] GC(44) Metaspace: 36608K->36608K(1083392K)
[7.941s][info ][gc           ] GC(44) Pause Young (Allocation Failure) 352M->118M(850M) 1.947ms
[7.941s][info ][gc,cpu       ] GC(44) User=0.01s Sys=0.00s Real=0.00s
[7.941s][info ][safepoint    ] Leaving safepoint region
[7.941s][info ][safepoint    ] Total time for which application threads were stopped: 0.0021984 seconds, Stopping threads took: 0.0001009 seconds
[7.977s][info ][safepoint    ] Application time: 0.0364489 seconds
[7.977s][info ][safepoint    ] Entering safepoint region: GenCollectForAllocation
[7.977s][info ][gc,start     ] GC(45) Pause Young (Allocation Failure)
[7.977s][info ][gc,task      ] GC(45) Using 4 workers of 4 for evacuation
[7.979s][debug][gc,ref       ] GC(45) Skipped phase1 of Reference Processing due to unavailable references
[7.979s][debug][gc,ref       ] GC(45) Skipped phase2 of Reference Processing due to unavailable references
[7.979s][debug][gc,ref       ] GC(45) Skipped phase3 of Reference Processing due to unavailable references
[7.979s][debug][gc,ref       ] GC(45) Skipped phase4 of Reference Processing due to unavailable references
[7.979s][debug][gc,age       ] GC(45) Desired survivor size 15368192 bytes, new threshold 6 (max threshold 6)
[7.980s][info ][gc,heap      ] GC(45) ParNew: 240846K->532K(270336K)
[7.980s][info ][gc,heap      ] GC(45) CMS: 120352K->120400K(600768K)
[7.980s][info ][gc,metaspace ] GC(45) Metaspace: 36608K->36608K(1083392K)
[7.980s][info ][gc           ] GC(45) Pause Young (Allocation Failure) 352M->118M(850M) 2.089ms
[7.980s][info ][gc,cpu       ] GC(45) User=0.01s Sys=0.00s Real=0.00s
[7.980s][info ][safepoint    ] Leaving safepoint region
[7.980s][info ][safepoint    ] Total time for which application threads were stopped: 0.0023574 seconds, Stopping threads took: 0.0001213 seconds
[8.037s][info ][safepoint    ] Application time: 0.0572892 seconds
[8.037s][info ][safepoint    ] Entering safepoint region: GenCollectForAllocation
[8.037s][info ][gc,start     ] GC(46) Pause Young (Allocation Failure)
[8.037s][info ][gc,task      ] GC(46) Using 4 workers of 4 for evacuation
[8.039s][debug][gc,ref       ] GC(46) Skipped phase1 of Reference Processing due to unavailable references
[8.039s][debug][gc,ref       ] GC(46) Skipped phase2 of Reference Processing due to unavailable references
[8.039s][debug][gc,ref       ] GC(46) Skipped phase3 of Reference Processing due to unavailable references
[8.039s][debug][gc,ref       ] GC(46) Skipped phase4 of Reference Processing due to unavailable references
[8.039s][debug][gc,age       ] GC(46) Desired survivor size 15368192 bytes, new threshold 6 (max threshold 6)
[8.039s][info ][gc,heap      ] GC(46) ParNew: 240852K->517K(270336K)
[8.039s][info ][gc,heap      ] GC(46) CMS: 120400K->120422K(600768K)
[8.039s][info ][gc,metaspace ] GC(46) Metaspace: 36608K->36608K(1083392K)
[8.039s][info ][gc           ] GC(46) Pause Young (Allocation Failure) 352M->118M(850M) 2.219ms
[8.039s][info ][gc,cpu       ] GC(46) User=0.01s Sys=0.00s Real=0.00s
[8.039s][info ][safepoint    ] Leaving safepoint region
[8.039s][info ][safepoint    ] Total time for which application threads were stopped: 0.0025513 seconds, Stopping threads took: 0.0001610 seconds
[8.082s][info ][safepoint    ] Application time: 0.0428032 seconds
[8.082s][info ][safepoint    ] Entering safepoint region: GenCollectForAllocation
[8.083s][info ][gc,start     ] GC(47) Pause Young (Allocation Failure)
[8.083s][info ][gc,task      ] GC(47) Using 4 workers of 4 for evacuation
[8.085s][debug][gc,ref       ] GC(47) Skipped phase1 of Reference Processing due to unavailable references
[8.085s][debug][gc,ref       ] GC(47) Skipped phase2 of Reference Processing due to unavailable references
[8.085s][debug][gc,ref       ] GC(47) Skipped phase3 of Reference Processing due to unavailable references
[8.085s][debug][gc,ref       ] GC(47) Skipped phase4 of Reference Processing due to unavailable references
[8.085s][debug][gc,age       ] GC(47) Desired survivor size 15368192 bytes, new threshold 6 (max threshold 6)
[8.085s][info ][gc,heap      ] GC(47) ParNew: 240837K->461K(270336K)
[8.085s][info ][gc,heap      ] GC(47) CMS: 120422K->120482K(600768K)
[8.085s][info ][gc,metaspace ] GC(47) Metaspace: 36608K->36608K(1083392K)
[8.085s][info ][gc           ] GC(47) Pause Young (Allocation Failure) 352M->118M(850M) 2.850ms
[8.085s][info ][gc,cpu       ] GC(47) User=0.00s Sys=0.00s Real=0.00s
[8.086s][info ][safepoint    ] Leaving safepoint region
[8.086s][info ][safepoint    ] Total time for which application threads were stopped: 0.0032110 seconds, Stopping threads took: 0.0001934 seconds
[8.158s][info ][safepoint    ] Application time: 0.0725592 seconds
[8.158s][info ][safepoint    ] Entering safepoint region: GenCollectForAllocation
[8.158s][info ][gc,start     ] GC(48) Pause Young (Allocation Failure)
[8.158s][info ][gc,task      ] GC(48) Using 4 workers of 4 for evacuation
[8.160s][debug][gc,ref       ] GC(48) Skipped phase1 of Reference Processing due to unavailable references
[8.160s][debug][gc,ref       ] GC(48) Skipped phase2 of Reference Processing due to unavailable references
[8.160s][debug][gc,ref       ] GC(48) Skipped phase3 of Reference Processing due to unavailable references
[8.160s][debug][gc,ref       ] GC(48) Skipped phase4 of Reference Processing due to unavailable references
[8.160s][debug][gc,age       ] GC(48) Desired survivor size 15368192 bytes, new threshold 6 (max threshold 6)
[8.160s][info ][gc,heap      ] GC(48) ParNew: 240781K->539K(270336K)
[8.160s][info ][gc,heap      ] GC(48) CMS: 120482K->120528K(600768K)
[8.160s][info ][gc,metaspace ] GC(48) Metaspace: 36608K->36608K(1083392K)
[8.160s][info ][gc           ] GC(48) Pause Young (Allocation Failure) 352M->118M(850M) 2.061ms
[8.160s][info ][gc,cpu       ] GC(48) User=0.01s Sys=0.01s Real=0.00s
[8.160s][info ][safepoint    ] Leaving safepoint region
[8.160s][info ][safepoint    ] Total time for which application threads were stopped: 0.0023589 seconds, Stopping threads took: 0.0001327 seconds
[8.212s][info ][safepoint    ] Application time: 0.0516305 seconds
[8.212s][info ][safepoint    ] Entering safepoint region: GenCollectForAllocation
[8.212s][info ][gc,start     ] GC(49) Pause Young (Allocation Failure)
[8.212s][info ][gc,task      ] GC(49) Using 4 workers of 4 for evacuation
[8.214s][debug][gc,ref       ] GC(49) Skipped phase1 of Reference Processing due to unavailable references
[8.214s][debug][gc,ref       ] GC(49) Skipped phase2 of Reference Processing due to unavailable references
[8.214s][debug][gc,ref       ] GC(49) Skipped phase3 of Reference Processing due to unavailable references
[8.214s][debug][gc,ref       ] GC(49) Skipped phase4 of Reference Processing due to unavailable references
[8.214s][debug][gc,age       ] GC(49) Desired survivor size 15368192 bytes, new threshold 6 (max threshold 6)
[8.214s][info ][gc,heap      ] GC(49) ParNew: 240859K->556K(270336K)
[8.214s][info ][gc,heap      ] GC(49) CMS: 120528K->120567K(600768K)
[8.214s][info ][gc,metaspace ] GC(49) Metaspace: 36608K->36608K(1083392K)
[8.214s][info ][gc           ] GC(49) Pause Young (Allocation Failure) 352M->118M(850M) 1.970ms
[8.214s][info ][gc,cpu       ] GC(49) User=0.00s Sys=0.00s Real=0.00s
[8.214s][info ][safepoint    ] Leaving safepoint region
[8.214s][info ][safepoint    ] Total time for which application threads were stopped: 0.0022348 seconds, Stopping threads took: 0.0001074 seconds
[8.265s][info ][safepoint    ] Application time: 0.0504123 seconds
[8.265s][info ][safepoint    ] Entering safepoint region: GenCollectForAllocation
[8.265s][info ][gc,start     ] GC(50) Pause Young (Allocation Failure)
[8.265s][info ][gc,task      ] GC(50) Using 4 workers of 4 for evacuation
[8.267s][debug][gc,ref       ] GC(50) Skipped phase1 of Reference Processing due to unavailable references
[8.267s][debug][gc,ref       ] GC(50) Skipped phase2 of Reference Processing due to unavailable references
[8.267s][debug][gc,ref       ] GC(50) Skipped phase3 of Reference Processing due to unavailable references
[8.267s][debug][gc,ref       ] GC(50) Skipped phase4 of Reference Processing due to unavailable references
[8.267s][debug][gc,age       ] GC(50) Desired survivor size 15368192 bytes, new threshold 6 (max threshold 6)
[8.267s][info ][gc,heap      ] GC(50) ParNew: 240876K->577K(270336K)
[8.267s][info ][gc,heap      ] GC(50) CMS: 120567K->120635K(600768K)
[8.267s][info ][gc,metaspace ] GC(50) Metaspace: 36609K->36609K(1083392K)
[8.267s][info ][gc           ] GC(50) Pause Young (Allocation Failure) 352M->118M(850M) 2.001ms
[8.267s][info ][gc,cpu       ] GC(50) User=0.00s Sys=0.00s Real=0.01s
[8.267s][info ][safepoint    ] Leaving safepoint region
[8.267s][info ][safepoint    ] Total time for which application threads were stopped: 0.0022847 seconds, Stopping threads took: 0.0001305 seconds
[8.311s][info ][safepoint    ] Application time: 0.0441172 seconds
[8.311s][info ][safepoint    ] Entering safepoint region: GenCollectForAllocation
[8.312s][info ][gc,start     ] GC(51) Pause Young (Allocation Failure)
[8.312s][info ][gc,task      ] GC(51) Using 4 workers of 4 for evacuation
[8.313s][debug][gc,ref       ] GC(51) Skipped phase1 of Reference Processing due to unavailable references
[8.313s][debug][gc,ref       ] GC(51) Skipped phase2 of Reference Processing due to unavailable references
[8.313s][debug][gc,ref       ] GC(51) Skipped phase3 of Reference Processing due to unavailable references
[8.313s][debug][gc,ref       ] GC(51) Skipped phase4 of Reference Processing due to unavailable references
[8.313s][debug][gc,age       ] GC(51) Desired survivor size 15368192 bytes, new threshold 6 (max threshold 6)
[8.313s][info ][gc,heap      ] GC(51) ParNew: 240897K->650K(270336K)
[8.313s][info ][gc,heap      ] GC(51) CMS: 120635K->120659K(600768K)
[8.313s][info ][gc,metaspace ] GC(51) Metaspace: 36609K->36609K(1083392K)
[8.313s][info ][gc           ] GC(51) Pause Young (Allocation Failure) 353M->118M(850M) 1.914ms
[8.313s][info ][gc,cpu       ] GC(51) User=0.01s Sys=0.00s Real=0.00s
[8.313s][info ][safepoint    ] Leaving safepoint region
[8.313s][info ][safepoint    ] Total time for which application threads were stopped: 0.0021957 seconds, Stopping threads took: 0.0001242 seconds
[8.369s][info ][safepoint    ] Application time: 0.0552473 seconds
[8.369s][info ][safepoint    ] Entering safepoint region: GenCollectForAllocation
[8.369s][info ][gc,start     ] GC(52) Pause Young (Allocation Failure)
[8.369s][info ][gc,task      ] GC(52) Using 4 workers of 4 for evacuation
[8.371s][debug][gc,ref       ] GC(52) Skipped phase1 of Reference Processing due to unavailable references
[8.371s][debug][gc,ref       ] GC(52) Skipped phase2 of Reference Processing due to unavailable references
[8.371s][debug][gc,ref       ] GC(52) Skipped phase3 of Reference Processing due to unavailable references
[8.371s][debug][gc,ref       ] GC(52) Skipped phase4 of Reference Processing due to unavailable references
[8.371s][debug][gc,age       ] GC(52) Desired survivor size 15368192 bytes, new threshold 6 (max threshold 6)
[8.371s][info ][gc,heap      ] GC(52) ParNew: 240970K->417K(270336K)
[8.371s][info ][gc,heap      ] GC(52) CMS: 120659K->120725K(600768K)
[8.371s][info ][gc,metaspace ] GC(52) Metaspace: 36610K->36610K(1083392K)
[8.371s][info ][gc           ] GC(52) Pause Young (Allocation Failure) 353M->118M(850M) 2.058ms
[8.371s][info ][gc,cpu       ] GC(52) User=0.01s Sys=0.01s Real=0.00s
[8.371s][info ][safepoint    ] Leaving safepoint region
[8.371s][info ][safepoint    ] Total time for which application threads were stopped: 0.0023628 seconds, Stopping threads took: 0.0001304 seconds
[8.417s][info ][safepoint    ] Application time: 0.0455907 seconds
[8.419s][info ][safepoint    ] Entering safepoint region: GenCollectForAllocation
[8.419s][info ][gc,start     ] GC(53) Pause Young (Allocation Failure)
[8.419s][info ][gc,task      ] GC(53) Using 4 workers of 4 for evacuation
[8.421s][debug][gc,ref       ] GC(53) Skipped phase1 of Reference Processing due to unavailable references
[8.421s][debug][gc,ref       ] GC(53) Skipped phase2 of Reference Processing due to unavailable references
[8.421s][debug][gc,ref       ] GC(53) Skipped phase3 of Reference Processing due to unavailable references
[8.421s][debug][gc,ref       ] GC(53) Skipped phase4 of Reference Processing due to unavailable references
[8.421s][debug][gc,age       ] GC(53) Desired survivor size 15368192 bytes, new threshold 6 (max threshold 6)
[8.421s][info ][gc,heap      ] GC(53) ParNew: 240737K->598K(270336K)
[8.421s][info ][gc,heap      ] GC(53) CMS: 120725K->120746K(600768K)
[8.421s][info ][gc,metaspace ] GC(53) Metaspace: 36619K->36619K(1083392K)
[8.421s][info ][gc           ] GC(53) Pause Young (Allocation Failure) 352M->118M(850M) 1.915ms
[8.421s][info ][gc,cpu       ] GC(53) User=0.00s Sys=0.00s Real=0.00s
[8.421s][info ][safepoint    ] Leaving safepoint region
[8.421s][info ][safepoint    ] Total time for which application threads were stopped: 0.0043133 seconds, Stopping threads took: 0.0022175 seconds
[8.473s][info ][safepoint    ] Application time: 0.0516760 seconds
[8.473s][info ][safepoint    ] Entering safepoint region: GenCollectForAllocation
[8.473s][info ][gc,start     ] GC(54) Pause Young (Allocation Failure)
[8.473s][info ][gc,task      ] GC(54) Using 4 workers of 4 for evacuation
[8.475s][debug][gc,ref       ] GC(54) Skipped phase1 of Reference Processing due to unavailable references
[8.475s][debug][gc,ref       ] GC(54) Skipped phase2 of Reference Processing due to unavailable references
[8.475s][debug][gc,ref       ] GC(54) Skipped phase3 of Reference Processing due to unavailable references
[8.475s][debug][gc,ref       ] GC(54) Skipped phase4 of Reference Processing due to unavailable references
[8.475s][debug][gc,age       ] GC(54) Desired survivor size 15368192 bytes, new threshold 6 (max threshold 6)
[8.475s][info ][gc,heap      ] GC(54) ParNew: 240918K->487K(270336K)
[8.475s][info ][gc,heap      ] GC(54) CMS: 120746K->120824K(600768K)
[8.475s][info ][gc,metaspace ] GC(54) Metaspace: 36625K->36625K(1083392K)
[8.475s][info ][gc           ] GC(54) Pause Young (Allocation Failure) 353M->118M(850M) 2.202ms
[8.475s][info ][gc,cpu       ] GC(54) User=0.01s Sys=0.00s Real=0.01s
[8.475s][info ][safepoint    ] Leaving safepoint region
[8.475s][info ][safepoint    ] Total time for which application threads were stopped: 0.0025626 seconds, Stopping threads took: 0.0001908 seconds
[8.534s][info ][safepoint    ] Application time: 0.0584410 seconds
[8.534s][info ][safepoint    ] Entering safepoint region: GenCollectForAllocation
[8.534s][info ][gc,start     ] GC(55) Pause Young (Allocation Failure)
[8.534s][info ][gc,task      ] GC(55) Using 4 workers of 4 for evacuation
[8.536s][debug][gc,ref       ] GC(55) Skipped phase1 of Reference Processing due to unavailable references
[8.536s][debug][gc,ref       ] GC(55) Skipped phase2 of Reference Processing due to unavailable references
[8.536s][debug][gc,ref       ] GC(55) Skipped phase3 of Reference Processing due to unavailable references
[8.536s][debug][gc,ref       ] GC(55) Skipped phase4 of Reference Processing due to unavailable references
[8.536s][debug][gc,age       ] GC(55) Desired survivor size 15368192 bytes, new threshold 6 (max threshold 6)
[8.536s][info ][gc,heap      ] GC(55) ParNew: 240807K->560K(270336K)
[8.536s][info ][gc,heap      ] GC(55) CMS: 120824K->120877K(600768K)
[8.536s][info ][gc,metaspace ] GC(55) Metaspace: 36625K->36625K(1083392K)
[8.536s][info ][gc           ] GC(55) Pause Young (Allocation Failure) 353M->118M(850M) 2.000ms
[8.536s][info ][gc,cpu       ] GC(55) User=0.01s Sys=0.00s Real=0.01s
[8.536s][info ][safepoint    ] Leaving safepoint region
[8.536s][info ][safepoint    ] Total time for which application threads were stopped: 0.0022709 seconds, Stopping threads took: 0.0001053 seconds
[8.584s][info ][safepoint    ] Application time: 0.0474481 seconds
[8.584s][info ][safepoint    ] Entering safepoint region: GenCollectForAllocation
[8.584s][info ][gc,start     ] GC(56) Pause Young (Allocation Failure)
[8.584s][info ][gc,task      ] GC(56) Using 4 workers of 4 for evacuation
[8.586s][debug][gc,ref       ] GC(56) Skipped phase1 of Reference Processing due to unavailable references
[8.586s][debug][gc,ref       ] GC(56) Skipped phase2 of Reference Processing due to unavailable references
[8.586s][debug][gc,ref       ] GC(56) Skipped phase3 of Reference Processing due to unavailable references
[8.586s][debug][gc,ref       ] GC(56) Skipped phase4 of Reference Processing due to unavailable references
[8.586s][debug][gc,age       ] GC(56) Desired survivor size 15368192 bytes, new threshold 6 (max threshold 6)
[8.586s][info ][gc,heap      ] GC(56) ParNew: 240880K->559K(270336K)
[8.586s][info ][gc,heap      ] GC(56) CMS: 120877K->120927K(600768K)
[8.586s][info ][gc,metaspace ] GC(56) Metaspace: 36625K->36625K(1083392K)
[8.586s][info ][gc           ] GC(56) Pause Young (Allocation Failure) 353M->118M(850M) 1.931ms
[8.586s][info ][gc,cpu       ] GC(56) User=0.01s Sys=0.00s Real=0.00s
[8.586s][info ][safepoint    ] Leaving safepoint region
[8.586s][info ][safepoint    ] Total time for which application threads were stopped: 0.0022922 seconds, Stopping threads took: 0.0001912 seconds
[8.636s][info ][safepoint    ] Application time: 0.0501457 seconds
[8.636s][info ][safepoint    ] Entering safepoint region: GenCollectForAllocation
[8.636s][info ][gc,start     ] GC(57) Pause Young (Allocation Failure)
[8.636s][info ][gc,task      ] GC(57) Using 4 workers of 4 for evacuation
[8.638s][debug][gc,ref       ] GC(57) Skipped phase1 of Reference Processing due to unavailable references
[8.638s][debug][gc,ref       ] GC(57) Skipped phase2 of Reference Processing due to unavailable references
[8.638s][debug][gc,ref       ] GC(57) Skipped phase3 of Reference Processing due to unavailable references
[8.638s][debug][gc,ref       ] GC(57) Skipped phase4 of Reference Processing due to unavailable references
[8.638s][debug][gc,age       ] GC(57) Desired survivor size 15368192 bytes, new threshold 6 (max threshold 6)
[8.638s][info ][gc,heap      ] GC(57) ParNew: 240879K->653K(270336K)
[8.638s][info ][gc,heap      ] GC(57) CMS: 120927K->120965K(600768K)
[8.638s][info ][gc,metaspace ] GC(57) Metaspace: 36625K->36625K(1083392K)
[8.638s][info ][gc           ] GC(57) Pause Young (Allocation Failure) 353M->118M(850M) 1.857ms
[8.638s][info ][gc,cpu       ] GC(57) User=0.01s Sys=0.00s Real=0.00s
[8.638s][info ][safepoint    ] Leaving safepoint region
[8.638s][info ][safepoint    ] Total time for which application threads were stopped: 0.0021404 seconds, Stopping threads took: 0.0001219 seconds
[8.687s][info ][safepoint    ] Application time: 0.0484506 seconds
[8.687s][info ][safepoint    ] Entering safepoint region: GenCollectForAllocation
[8.687s][info ][gc,start     ] GC(58) Pause Young (Allocation Failure)
[8.687s][info ][gc,task      ] GC(58) Using 4 workers of 4 for evacuation
[8.689s][debug][gc,ref       ] GC(58) Skipped phase1 of Reference Processing due to unavailable references
[8.689s][debug][gc,ref       ] GC(58) Skipped phase2 of Reference Processing due to unavailable references
[8.689s][debug][gc,ref       ] GC(58) Skipped phase3 of Reference Processing due to unavailable references
[8.689s][debug][gc,ref       ] GC(58) Skipped phase4 of Reference Processing due to unavailable references
[8.690s][debug][gc,age       ] GC(58) Desired survivor size 15368192 bytes, new threshold 6 (max threshold 6)
[8.690s][info ][gc,heap      ] GC(58) ParNew: 240973K->412K(270336K)
[8.690s][info ][gc,heap      ] GC(58) CMS: 120965K->121031K(600768K)
[8.690s][info ][gc,metaspace ] GC(58) Metaspace: 36625K->36625K(1083392K)
[8.690s][info ][gc           ] GC(58) Pause Young (Allocation Failure) 353M->118M(850M) 2.554ms
[8.690s][info ][gc,cpu       ] GC(58) User=0.00s Sys=0.00s Real=0.00s
[8.690s][info ][safepoint    ] Leaving safepoint region
[8.690s][info ][safepoint    ] Total time for which application threads were stopped: 0.0028598 seconds, Stopping threads took: 0.0001169 seconds
[8.741s][info ][safepoint    ] Application time: 0.0514705 seconds
[8.741s][info ][safepoint    ] Entering safepoint region: GenCollectForAllocation
[8.741s][info ][gc,start     ] GC(59) Pause Young (Allocation Failure)
[8.741s][info ][gc,task      ] GC(59) Using 4 workers of 4 for evacuation
[8.743s][debug][gc,ref       ] GC(59) Skipped phase1 of Reference Processing due to unavailable references
[8.743s][debug][gc,ref       ] GC(59) Skipped phase2 of Reference Processing due to unavailable references
[8.743s][debug][gc,ref       ] GC(59) Skipped phase3 of Reference Processing due to unavailable references
[8.743s][debug][gc,ref       ] GC(59) Skipped phase4 of Reference Processing due to unavailable references
[8.743s][debug][gc,age       ] GC(59) Desired survivor size 15368192 bytes, new threshold 6 (max threshold 6)
[8.743s][info ][gc,heap      ] GC(59) ParNew: 240732K->588K(270336K)
[8.743s][info ][gc,heap      ] GC(59) CMS: 121031K->121063K(600768K)
[8.743s][info ][gc,metaspace ] GC(59) Metaspace: 36625K->36625K(1083392K)
[8.743s][info ][gc           ] GC(59) Pause Young (Allocation Failure) 353M->118M(850M) 2.006ms
[8.743s][info ][gc,cpu       ] GC(59) User=0.01s Sys=0.00s Real=0.00s
[8.743s][info ][safepoint    ] Leaving safepoint region
[8.743s][info ][safepoint    ] Total time for which application threads were stopped: 0.0023486 seconds, Stopping threads took: 0.0001524 seconds
[8.795s][info ][safepoint    ] Application time: 0.0517975 seconds
[8.795s][info ][safepoint    ] Entering safepoint region: GenCollectForAllocation
[8.796s][info ][gc,start     ] GC(60) Pause Young (Allocation Failure)
[8.796s][info ][gc,task      ] GC(60) Using 4 workers of 4 for evacuation
[8.797s][debug][gc,ref       ] GC(60) Skipped phase1 of Reference Processing due to unavailable references
[8.797s][debug][gc,ref       ] GC(60) Skipped phase2 of Reference Processing due to unavailable references
[8.797s][debug][gc,ref       ] GC(60) Skipped phase3 of Reference Processing due to unavailable references
[8.797s][debug][gc,ref       ] GC(60) Skipped phase4 of Reference Processing due to unavailable references
[8.797s][debug][gc,age       ] GC(60) Desired survivor size 15368192 bytes, new threshold 6 (max threshold 6)
[8.798s][info ][gc,heap      ] GC(60) ParNew: 240908K->563K(270336K)
[8.798s][info ][gc,heap      ] GC(60) CMS: 121063K->121119K(600768K)
[8.798s][info ][gc,metaspace ] GC(60) Metaspace: 36625K->36625K(1083392K)
[8.798s][info ][gc           ] GC(60) Pause Young (Allocation Failure) 353M->118M(850M) 1.912ms
[8.798s][info ][gc,cpu       ] GC(60) User=0.01s Sys=0.00s Real=0.00s
[8.798s][info ][safepoint    ] Leaving safepoint region
[8.798s][info ][safepoint    ] Total time for which application threads were stopped: 0.0022403 seconds, Stopping threads took: 0.0001512 seconds
[8.841s][info ][safepoint    ] Application time: 0.0430385 seconds
[8.841s][info ][safepoint    ] Entering safepoint region: GenCollectForAllocation
[8.841s][info ][gc,start     ] GC(61) Pause Young (Allocation Failure)
[8.841s][info ][gc,task      ] GC(61) Using 4 workers of 4 for evacuation
[8.843s][debug][gc,ref       ] GC(61) Skipped phase1 of Reference Processing due to unavailable references
[8.843s][debug][gc,ref       ] GC(61) Skipped phase2 of Reference Processing due to unavailable references
[8.843s][debug][gc,ref       ] GC(61) Skipped phase3 of Reference Processing due to unavailable references
[8.843s][debug][gc,ref       ] GC(61) Skipped phase4 of Reference Processing due to unavailable references
[8.843s][debug][gc,age       ] GC(61) Desired survivor size 15368192 bytes, new threshold 6 (max threshold 6)
[8.843s][info ][gc,heap      ] GC(61) ParNew: 240883K->569K(270336K)
[8.843s][info ][gc,heap      ] GC(61) CMS: 121119K->121171K(600768K)
[8.843s][info ][gc,metaspace ] GC(61) Metaspace: 36625K->36625K(1083392K)
[8.843s][info ][gc           ] GC(61) Pause Young (Allocation Failure) 353M->118M(850M) 1.983ms
[8.843s][info ][gc,cpu       ] GC(61) User=0.01s Sys=0.00s Real=0.00s
[8.843s][info ][safepoint    ] Leaving safepoint region
[8.843s][info ][safepoint    ] Total time for which application threads were stopped: 0.0023266 seconds, Stopping threads took: 0.0001488 seconds
[8.897s][info ][safepoint    ] Application time: 0.0538023 seconds
[8.897s][info ][safepoint    ] Entering safepoint region: GenCollectForAllocation
[8.897s][info ][gc,start     ] GC(62) Pause Young (Allocation Failure)
[8.897s][info ][gc,task      ] GC(62) Using 4 workers of 4 for evacuation
[8.899s][debug][gc,ref       ] GC(62) Skipped phase1 of Reference Processing due to unavailable references
[8.899s][debug][gc,ref       ] GC(62) Skipped phase2 of Reference Processing due to unavailable references
[8.899s][debug][gc,ref       ] GC(62) Skipped phase3 of Reference Processing due to unavailable references
[8.899s][debug][gc,ref       ] GC(62) Skipped phase4 of Reference Processing due to unavailable references
[8.899s][debug][gc,age       ] GC(62) Desired survivor size 15368192 bytes, new threshold 6 (max threshold 6)
[8.899s][info ][gc,heap      ] GC(62) ParNew: 240889K->679K(270336K)
[8.899s][info ][gc,heap      ] GC(62) CMS: 121171K->121220K(600768K)
[8.899s][info ][gc,metaspace ] GC(62) Metaspace: 36625K->36625K(1083392K)
[8.899s][info ][gc           ] GC(62) Pause Young (Allocation Failure) 353M->119M(850M) 2.114ms
[8.899s][info ][gc,cpu       ] GC(62) User=0.00s Sys=0.00s Real=0.00s
[8.899s][info ][safepoint    ] Leaving safepoint region
[8.899s][info ][safepoint    ] Total time for which application threads were stopped: 0.0024507 seconds, Stopping threads took: 0.0001388 seconds
[8.941s][info ][safepoint    ] Application time: 0.0414565 seconds
[8.941s][info ][safepoint    ] Entering safepoint region: GenCollectForAllocation
[8.941s][info ][gc,start     ] GC(63) Pause Young (Allocation Failure)
[8.941s][info ][gc,task      ] GC(63) Using 4 workers of 4 for evacuation
[8.943s][debug][gc,ref       ] GC(63) Skipped phase1 of Reference Processing due to unavailable references
[8.943s][debug][gc,ref       ] GC(63) Skipped phase2 of Reference Processing due to unavailable references
[8.943s][debug][gc,ref       ] GC(63) Skipped phase3 of Reference Processing due to unavailable references
[8.943s][debug][gc,ref       ] GC(63) Skipped phase4 of Reference Processing due to unavailable references
[8.943s][debug][gc,age       ] GC(63) Desired survivor size 15368192 bytes, new threshold 6 (max threshold 6)
[8.943s][info ][gc,heap      ] GC(63) ParNew: 240999K->548K(270336K)
[8.943s][info ][gc,heap      ] GC(63) CMS: 121220K->121267K(600768K)
[8.943s][info ][gc,metaspace ] GC(63) Metaspace: 36625K->36625K(1083392K)
[8.943s][info ][gc           ] GC(63) Pause Young (Allocation Failure) 353M->118M(850M) 2.331ms
[8.943s][info ][gc,cpu       ] GC(63) User=0.01s Sys=0.00s Real=0.00s
[8.943s][info ][safepoint    ] Leaving safepoint region
[8.943s][info ][safepoint    ] Total time for which application threads were stopped: 0.0026881 seconds, Stopping threads took: 0.0001958 seconds
[8.998s][info ][safepoint    ] Application time: 0.0548050 seconds
[8.999s][info ][safepoint    ] Entering safepoint region: GenCollectForAllocation
[8.999s][info ][gc,start     ] GC(64) Pause Young (Allocation Failure)
[8.999s][info ][gc,task      ] GC(64) Using 4 workers of 4 for evacuation
[9.001s][debug][gc,ref       ] GC(64) Skipped phase1 of Reference Processing due to unavailable references
[9.001s][debug][gc,ref       ] GC(64) Skipped phase2 of Reference Processing due to unavailable references
[9.001s][debug][gc,ref       ] GC(64) Skipped phase3 of Reference Processing due to unavailable references
[9.001s][debug][gc,ref       ] GC(64) Skipped phase4 of Reference Processing due to unavailable references
[9.001s][debug][gc,age       ] GC(64) Desired survivor size 15368192 bytes, new threshold 6 (max threshold 6)
[9.001s][info ][gc,heap      ] GC(64) ParNew: 240868K->651K(270336K)
[9.001s][info ][gc,heap      ] GC(64) CMS: 121267K->121324K(600768K)
[9.001s][info ][gc,metaspace ] GC(64) Metaspace: 36625K->36625K(1083392K)
[9.001s][info ][gc           ] GC(64) Pause Young (Allocation Failure) 353M->119M(850M) 2.229ms
[9.001s][info ][gc,cpu       ] GC(64) User=0.00s Sys=0.00s Real=0.00s
[9.001s][info ][safepoint    ] Leaving safepoint region
[9.001s][info ][safepoint    ] Total time for which application threads were stopped: 0.0026820 seconds, Stopping threads took: 0.0002887 seconds
[9.049s][info ][safepoint    ] Application time: 0.0484865 seconds
[9.050s][info ][safepoint    ] Entering safepoint region: GenCollectForAllocation
[9.050s][info ][gc,start     ] GC(65) Pause Young (Allocation Failure)
[9.050s][info ][gc,task      ] GC(65) Using 4 workers of 4 for evacuation
[9.052s][debug][gc,ref       ] GC(65) Skipped phase1 of Reference Processing due to unavailable references
[9.052s][debug][gc,ref       ] GC(65) Skipped phase2 of Reference Processing due to unavailable references
[9.052s][debug][gc,ref       ] GC(65) Skipped phase3 of Reference Processing due to unavailable references
[9.052s][debug][gc,ref       ] GC(65) Skipped phase4 of Reference Processing due to unavailable references
[9.052s][debug][gc,age       ] GC(65) Desired survivor size 15368192 bytes, new threshold 6 (max threshold 6)
[9.052s][info ][gc,heap      ] GC(65) ParNew: 240971K->696K(270336K)
[9.052s][info ][gc,heap      ] GC(65) CMS: 121324K->121372K(600768K)
[9.052s][info ][gc,metaspace ] GC(65) Metaspace: 36633K->36633K(1083392K)
[9.052s][info ][gc           ] GC(65) Pause Young (Allocation Failure) 353M->119M(850M) 1.994ms
[9.052s][info ][gc,cpu       ] GC(65) User=0.00s Sys=0.00s Real=0.00s
[9.052s][info ][safepoint    ] Leaving safepoint region
[9.052s][info ][safepoint    ] Total time for which application threads were stopped: 0.0023400 seconds, Stopping threads took: 0.0001734 seconds
[9.120s][info ][safepoint    ] Application time: 0.0681508 seconds
[9.120s][info ][safepoint    ] Entering safepoint region: GenCollectForAllocation
[9.120s][info ][gc,start     ] GC(66) Pause Young (Allocation Failure)
[9.120s][info ][gc,task      ] GC(66) Using 4 workers of 4 for evacuation
[9.123s][debug][gc,ref       ] GC(66) Skipped phase1 of Reference Processing due to unavailable references
[9.123s][debug][gc,ref       ] GC(66) Skipped phase2 of Reference Processing due to unavailable references
[9.123s][debug][gc,ref       ] GC(66) Skipped phase3 of Reference Processing due to unavailable references
[9.123s][debug][gc,ref       ] GC(66) Skipped phase4 of Reference Processing due to unavailable references
[9.123s][debug][gc,age       ] GC(66) Desired survivor size 15368192 bytes, new threshold 6 (max threshold 6)
[9.123s][info ][gc,heap      ] GC(66) ParNew: 241016K->626K(270336K)
[9.123s][info ][gc,heap      ] GC(66) CMS: 121372K->121437K(600768K)
[9.123s][info ][gc,metaspace ] GC(66) Metaspace: 36633K->36633K(1083392K)
[9.123s][info ][gc           ] GC(66) Pause Young (Allocation Failure) 353M->119M(850M) 2.445ms
[9.123s][info ][gc,cpu       ] GC(66) User=0.01s Sys=0.01s Real=0.00s
[9.123s][info ][safepoint    ] Leaving safepoint region
[9.123s][info ][safepoint    ] Total time for which application threads were stopped: 0.0027072 seconds, Stopping threads took: 0.0001112 seconds
[9.179s][info ][safepoint    ] Application time: 0.0558482 seconds
[9.179s][info ][safepoint    ] Entering safepoint region: GenCollectForAllocation
[9.179s][info ][gc,start     ] GC(67) Pause Young (Allocation Failure)
[9.179s][info ][gc,task      ] GC(67) Using 4 workers of 4 for evacuation
[9.181s][debug][gc,ref       ] GC(67) Skipped phase1 of Reference Processing due to unavailable references
[9.181s][debug][gc,ref       ] GC(67) Skipped phase2 of Reference Processing due to unavailable references
[9.181s][debug][gc,ref       ] GC(67) Skipped phase3 of Reference Processing due to unavailable references
[9.181s][debug][gc,ref       ] GC(67) Skipped phase4 of Reference Processing due to unavailable references
[9.181s][debug][gc,age       ] GC(67) Desired survivor size 15368192 bytes, new threshold 6 (max threshold 6)
[9.181s][info ][gc,heap      ] GC(67) ParNew: 240946K->726K(270336K)
[9.181s][info ][gc,heap      ] GC(67) CMS: 121437K->121475K(600768K)
[9.181s][info ][gc,metaspace ] GC(67) Metaspace: 36633K->36633K(1083392K)
[9.181s][info ][gc           ] GC(67) Pause Young (Allocation Failure) 353M->119M(850M) 1.934ms
[9.181s][info ][gc,cpu       ] GC(67) User=0.01s Sys=0.00s Real=0.00s
[9.181s][info ][safepoint    ] Leaving safepoint region
[9.181s][info ][safepoint    ] Total time for which application threads were stopped: 0.0023268 seconds, Stopping threads took: 0.0001671 seconds
[9.254s][info ][safepoint    ] Application time: 0.0732302 seconds
[9.254s][info ][safepoint    ] Entering safepoint region: GenCollectForAllocation
[9.255s][info ][gc,start     ] GC(68) Pause Young (Allocation Failure)
[9.255s][info ][gc,task      ] GC(68) Using 4 workers of 4 for evacuation
[9.256s][debug][gc,ref       ] GC(68) Skipped phase1 of Reference Processing due to unavailable references
[9.256s][debug][gc,ref       ] GC(68) Skipped phase2 of Reference Processing due to unavailable references
[9.256s][debug][gc,ref       ] GC(68) Skipped phase3 of Reference Processing due to unavailable references
[9.256s][debug][gc,ref       ] GC(68) Skipped phase4 of Reference Processing due to unavailable references
[9.257s][debug][gc,age       ] GC(68) Desired survivor size 15368192 bytes, new threshold 6 (max threshold 6)
[9.257s][info ][gc,heap      ] GC(68) ParNew: 241046K->531K(270336K)
[9.257s][info ][gc,heap      ] GC(68) CMS: 121475K->121542K(600768K)
[9.257s][info ][gc,metaspace ] GC(68) Metaspace: 36633K->36633K(1083392K)
[9.257s][info ][gc           ] GC(68) Pause Young (Allocation Failure) 354M->119M(850M) 2.137ms
[9.257s][info ][gc,cpu       ] GC(68) User=0.01s Sys=0.00s Real=0.01s
[9.257s][info ][safepoint    ] Leaving safepoint region
[9.257s][info ][safepoint    ] Total time for which application threads were stopped: 0.0024275 seconds, Stopping threads took: 0.0001281 seconds
[9.312s][info ][safepoint    ] Application time: 0.0556128 seconds
[9.312s][info ][safepoint    ] Entering safepoint region: GenCollectForAllocation
[9.313s][info ][gc,start     ] GC(69) Pause Young (Allocation Failure)
[9.313s][info ][gc,task      ] GC(69) Using 4 workers of 4 for evacuation
[9.314s][debug][gc,ref       ] GC(69) Skipped phase1 of Reference Processing due to unavailable references
[9.314s][debug][gc,ref       ] GC(69) Skipped phase2 of Reference Processing due to unavailable references
[9.314s][debug][gc,ref       ] GC(69) Skipped phase3 of Reference Processing due to unavailable references
[9.314s][debug][gc,ref       ] GC(69) Skipped phase4 of Reference Processing due to unavailable references
[9.315s][debug][gc,age       ] GC(69) Desired survivor size 15368192 bytes, new threshold 6 (max threshold 6)
[9.315s][info ][gc,heap      ] GC(69) ParNew: 240851K->665K(270336K)
[9.315s][info ][gc,heap      ] GC(69) CMS: 121542K->121600K(600768K)
[9.315s][info ][gc,metaspace ] GC(69) Metaspace: 36633K->36633K(1083392K)
[9.315s][info ][gc           ] GC(69) Pause Young (Allocation Failure) 353M->119M(850M) 1.976ms
[9.315s][info ][gc,cpu       ] GC(69) User=0.01s Sys=0.00s Real=0.00s
[9.315s][info ][safepoint    ] Leaving safepoint region
[9.315s][info ][safepoint    ] Total time for which application threads were stopped: 0.0022971 seconds, Stopping threads took: 0.0001589 seconds
[9.364s][info ][safepoint    ] Application time: 0.0488965 seconds
[9.367s][info ][safepoint    ] Entering safepoint region: GenCollectForAllocation
[9.367s][info ][gc,start     ] GC(70) Pause Young (Allocation Failure)
[9.367s][info ][gc,task      ] GC(70) Using 4 workers of 4 for evacuation
[9.369s][debug][gc,ref       ] GC(70) Skipped phase1 of Reference Processing due to unavailable references
[9.369s][debug][gc,ref       ] GC(70) Skipped phase2 of Reference Processing due to unavailable references
[9.369s][debug][gc,ref       ] GC(70) Skipped phase3 of Reference Processing due to unavailable references
[9.369s][debug][gc,ref       ] GC(70) Skipped phase4 of Reference Processing due to unavailable references
[9.369s][debug][gc,age       ] GC(70) Desired survivor size 15368192 bytes, new threshold 6 (max threshold 6)
[9.369s][info ][gc,heap      ] GC(70) ParNew: 240985K->628K(270336K)
[9.369s][info ][gc,heap      ] GC(70) CMS: 121600K->121669K(600768K)
[9.369s][info ][gc,metaspace ] GC(70) Metaspace: 36633K->36633K(1083392K)
[9.369s][info ][gc           ] GC(70) Pause Young (Allocation Failure) 354M->119M(850M) 1.988ms
[9.369s][info ][gc,cpu       ] GC(70) User=0.00s Sys=0.00s Real=0.00s
[9.369s][info ][safepoint    ] Leaving safepoint region
[9.369s][info ][safepoint    ] Total time for which application threads were stopped: 0.0059289 seconds, Stopping threads took: 0.0037700 seconds
[9.416s][info ][safepoint    ] Application time: 0.0461874 seconds
[9.416s][info ][safepoint    ] Entering safepoint region: GenCollectForAllocation
[9.416s][info ][gc,start     ] GC(71) Pause Young (Allocation Failure)
[9.416s][info ][gc,task      ] GC(71) Using 4 workers of 4 for evacuation
[9.418s][debug][gc,ref       ] GC(71) Skipped phase1 of Reference Processing due to unavailable references
[9.418s][debug][gc,ref       ] GC(71) Skipped phase2 of Reference Processing due to unavailable references
[9.418s][debug][gc,ref       ] GC(71) Skipped phase3 of Reference Processing due to unavailable references
[9.418s][debug][gc,ref       ] GC(71) Skipped phase4 of Reference Processing due to unavailable references
[9.418s][debug][gc,age       ] GC(71) Desired survivor size 15368192 bytes, new threshold 6 (max threshold 6)
[9.418s][info ][gc,heap      ] GC(71) ParNew: 240948K->659K(270336K)
[9.418s][info ][gc,heap      ] GC(71) CMS: 121669K->121729K(600768K)
[9.418s][info ][gc,metaspace ] GC(71) Metaspace: 36633K->36633K(1083392K)
[9.418s][info ][gc           ] GC(71) Pause Young (Allocation Failure) 354M->119M(850M) 2.027ms
[9.418s][info ][gc,cpu       ] GC(71) User=0.01s Sys=0.00s Real=0.00s
[9.418s][info ][safepoint    ] Leaving safepoint region
[9.418s][info ][safepoint    ] Total time for which application threads were stopped: 0.0023618 seconds, Stopping threads took: 0.0001610 seconds
[9.467s][info ][safepoint    ] Application time: 0.0488901 seconds
[9.467s][info ][safepoint    ] Entering safepoint region: GenCollectForAllocation
[9.467s][info ][gc,start     ] GC(72) Pause Young (Allocation Failure)
[9.467s][info ][gc,task      ] GC(72) Using 4 workers of 4 for evacuation
[9.470s][debug][gc,ref       ] GC(72) Skipped phase1 of Reference Processing due to unavailable references
[9.470s][debug][gc,ref       ] GC(72) Skipped phase2 of Reference Processing due to unavailable references
[9.470s][debug][gc,ref       ] GC(72) Skipped phase3 of Reference Processing due to unavailable references
[9.470s][debug][gc,ref       ] GC(72) Skipped phase4 of Reference Processing due to unavailable references
[9.470s][debug][gc,age       ] GC(72) Desired survivor size 15368192 bytes, new threshold 6 (max threshold 6)
[9.470s][info ][gc,heap      ] GC(72) ParNew: 240979K->893K(270336K)
[9.470s][info ][gc,heap      ] GC(72) CMS: 121729K->121789K(600768K)
[9.470s][info ][gc,metaspace ] GC(72) Metaspace: 36637K->36637K(1083392K)
[9.470s][info ][gc           ] GC(72) Pause Young (Allocation Failure) 354M->119M(850M) 2.319ms
[9.470s][info ][gc,cpu       ] GC(72) User=0.01s Sys=0.00s Real=0.00s
[9.470s][info ][safepoint    ] Leaving safepoint region
[9.470s][info ][safepoint    ] Total time for which application threads were stopped: 0.0027078 seconds, Stopping threads took: 0.0001898 seconds
[9.523s][info ][safepoint    ] Application time: 0.0534835 seconds
[9.523s][info ][safepoint    ] Entering safepoint region: GenCollectForAllocation
[9.524s][info ][gc,start     ] GC(73) Pause Young (Allocation Failure)
[9.524s][info ][gc,task      ] GC(73) Using 4 workers of 4 for evacuation
[9.526s][debug][gc,ref       ] GC(73) Skipped phase1 of Reference Processing due to unavailable references
[9.526s][debug][gc,ref       ] GC(73) Skipped phase2 of Reference Processing due to unavailable references
[9.526s][debug][gc,ref       ] GC(73) Skipped phase3 of Reference Processing due to unavailable references
[9.526s][debug][gc,ref       ] GC(73) Skipped phase4 of Reference Processing due to unavailable references
[9.526s][debug][gc,age       ] GC(73) Desired survivor size 15368192 bytes, new threshold 6 (max threshold 6)
[9.526s][info ][gc,heap      ] GC(73) ParNew: 241213K->888K(270336K)
[9.526s][info ][gc,heap      ] GC(73) CMS: 121789K->121844K(600768K)
[9.526s][info ][gc,metaspace ] GC(73) Metaspace: 36637K->36637K(1083392K)
[9.526s][info ][gc           ] GC(73) Pause Young (Allocation Failure) 354M->119M(850M) 2.251ms
[9.526s][info ][gc,cpu       ] GC(73) User=0.01s Sys=0.00s Real=0.00s
[9.526s][info ][safepoint    ] Leaving safepoint region
[9.526s][info ][safepoint    ] Total time for which application threads were stopped: 0.0026757 seconds, Stopping threads took: 0.0002655 seconds
[9.568s][info ][safepoint    ] Application time: 0.0425245 seconds
[9.569s][info ][safepoint    ] Entering safepoint region: GenCollectForAllocation
[9.569s][info ][gc,start     ] GC(74) Pause Young (Allocation Failure)
[9.569s][info ][gc,task      ] GC(74) Using 4 workers of 4 for evacuation
[9.573s][debug][gc,ref       ] GC(74) Skipped phase1 of Reference Processing due to unavailable references
[9.573s][debug][gc,ref       ] GC(74) Skipped phase2 of Reference Processing due to unavailable references
[9.573s][debug][gc,ref       ] GC(74) Skipped phase3 of Reference Processing due to unavailable references
[9.573s][debug][gc,ref       ] GC(74) Skipped phase4 of Reference Processing due to unavailable references
[9.573s][debug][gc,age       ] GC(74) Desired survivor size 15368192 bytes, new threshold 6 (max threshold 6)
[9.573s][info ][gc,heap      ] GC(74) ParNew: 241208K->1882K(270336K)
[9.573s][info ][gc,heap      ] GC(74) CMS: 121844K->121905K(600768K)
[9.573s][info ][gc,metaspace ] GC(74) Metaspace: 36637K->36637K(1083392K)
[9.573s][info ][gc           ] GC(74) Pause Young (Allocation Failure) 354M->120M(850M) 3.891ms
[9.573s][info ][gc,cpu       ] GC(74) User=0.01s Sys=0.01s Real=0.00s
[9.573s][info ][safepoint    ] Leaving safepoint region
[9.573s][info ][safepoint    ] Total time for which application threads were stopped: 0.0042717 seconds, Stopping threads took: 0.0002121 seconds
[9.629s][info ][safepoint    ] Application time: 0.0558549 seconds
[9.643s][info ][safepoint    ] Entering safepoint region: GenCollectForAllocation
[9.643s][info ][gc,start     ] GC(75) Pause Young (Allocation Failure)
[9.643s][info ][gc,task      ] GC(75) Using 4 workers of 4 for evacuation
[9.647s][debug][gc,ref       ] GC(75) Skipped phase1 of Reference Processing due to unavailable references
[9.647s][debug][gc,ref       ] GC(75) Skipped phase2 of Reference Processing due to unavailable references
[9.647s][debug][gc,ref       ] GC(75) Skipped phase3 of Reference Processing due to unavailable references
[9.647s][debug][gc,ref       ] GC(75) Skipped phase4 of Reference Processing due to unavailable references
[9.647s][debug][gc,age       ] GC(75) Desired survivor size 15368192 bytes, new threshold 6 (max threshold 6)
[9.647s][info ][gc,heap      ] GC(75) ParNew: 242202K->2594K(270336K)
[9.647s][info ][gc,heap      ] GC(75) CMS: 121905K->121968K(600768K)
[9.647s][info ][gc,metaspace ] GC(75) Metaspace: 36637K->36637K(1083392K)
[9.647s][info ][gc           ] GC(75) Pause Young (Allocation Failure) 355M->121M(850M) 3.808ms
[9.647s][info ][gc,cpu       ] GC(75) User=0.02s Sys=0.00s Real=0.01s
[9.647s][info ][safepoint    ] Leaving safepoint region
[9.647s][info ][safepoint    ] Total time for which application threads were stopped: 0.0183769 seconds, Stopping threads took: 0.0143747 seconds
[9.698s][info ][safepoint    ] Application time: 0.0509908 seconds
[9.701s][info ][safepoint    ] Entering safepoint region: GenCollectForAllocation
[9.701s][info ][gc,start     ] GC(76) Pause Young (Allocation Failure)
[9.701s][info ][gc,task      ] GC(76) Using 4 workers of 4 for evacuation
[9.704s][debug][gc,ref       ] GC(76) Skipped phase1 of Reference Processing due to unavailable references
[9.704s][debug][gc,ref       ] GC(76) Skipped phase2 of Reference Processing due to unavailable references
[9.704s][debug][gc,ref       ] GC(76) Skipped phase3 of Reference Processing due to unavailable references
[9.704s][debug][gc,ref       ] GC(76) Skipped phase4 of Reference Processing due to unavailable references
[9.704s][debug][gc,age       ] GC(76) Desired survivor size 15368192 bytes, new threshold 6 (max threshold 6)
[9.705s][info ][gc,heap      ] GC(76) ParNew: 242914K->1804K(270336K)
[9.705s][info ][gc,heap      ] GC(76) CMS: 121968K->122041K(600768K)
[9.705s][info ][gc,metaspace ] GC(76) Metaspace: 36637K->36637K(1083392K)
[9.705s][info ][gc           ] GC(76) Pause Young (Allocation Failure) 356M->120M(850M) 3.735ms
[9.705s][info ][gc,cpu       ] GC(76) User=0.02s Sys=0.00s Real=0.00s
[9.705s][info ][safepoint    ] Leaving safepoint region
[9.705s][info ][safepoint    ] Total time for which application threads were stopped: 0.0065407 seconds, Stopping threads took: 0.0026586 seconds
[9.756s][info ][safepoint    ] Application time: 0.0513336 seconds
[9.756s][info ][safepoint    ] Entering safepoint region: GenCollectForAllocation
[9.756s][info ][gc,start     ] GC(77) Pause Young (Allocation Failure)
[9.756s][info ][gc,task      ] GC(77) Using 4 workers of 4 for evacuation
[9.760s][debug][gc,ref       ] GC(77) Skipped phase1 of Reference Processing due to unavailable references
[9.760s][debug][gc,ref       ] GC(77) Skipped phase2 of Reference Processing due to unavailable references
[9.760s][debug][gc,ref       ] GC(77) Skipped phase3 of Reference Processing due to unavailable references
[9.760s][debug][gc,ref       ] GC(77) Skipped phase4 of Reference Processing due to unavailable references
[9.760s][debug][gc,age       ] GC(77) Desired survivor size 15368192 bytes, new threshold 6 (max threshold 6)
[9.760s][info ][gc,heap      ] GC(77) ParNew: 242124K->2406K(270336K)
[9.760s][info ][gc,heap      ] GC(77) CMS: 122041K->122105K(600768K)
[9.760s][info ][gc,metaspace ] GC(77) Metaspace: 36637K->36637K(1083392K)
[9.760s][info ][gc           ] GC(77) Pause Young (Allocation Failure) 355M->121M(850M) 4.080ms
[9.760s][info ][gc,cpu       ] GC(77) User=0.02s Sys=0.00s Real=0.00s
[9.760s][info ][safepoint    ] Leaving safepoint region
[9.760s][info ][safepoint    ] Total time for which application threads were stopped: 0.0044849 seconds, Stopping threads took: 0.0002509 seconds
[9.809s][info ][safepoint    ] Application time: 0.0490533 seconds
[9.810s][info ][safepoint    ] Entering safepoint region: GenCollectForAllocation
[9.810s][info ][gc,start     ] GC(78) Pause Young (Allocation Failure)
[9.810s][info ][gc,task      ] GC(78) Using 4 workers of 4 for evacuation
[9.814s][debug][gc,ref       ] GC(78) Skipped phase1 of Reference Processing due to unavailable references
[9.814s][debug][gc,ref       ] GC(78) Skipped phase2 of Reference Processing due to unavailable references
[9.814s][debug][gc,ref       ] GC(78) Skipped phase3 of Reference Processing due to unavailable references
[9.814s][debug][gc,ref       ] GC(78) Skipped phase4 of Reference Processing due to unavailable references
[9.814s][debug][gc,age       ] GC(78) Desired survivor size 15368192 bytes, new threshold 6 (max threshold 6)
[9.814s][info ][gc,heap      ] GC(78) ParNew: 242726K->1505K(270336K)
[9.814s][info ][gc,heap      ] GC(78) CMS: 122105K->122371K(600768K)
[9.814s][info ][gc,metaspace ] GC(78) Metaspace: 36637K->36637K(1083392K)
[9.814s][info ][gc           ] GC(78) Pause Young (Allocation Failure) 356M->120M(850M) 3.943ms
[9.814s][info ][gc,cpu       ] GC(78) User=0.01s Sys=0.00s Real=0.00s
[9.814s][info ][safepoint    ] Leaving safepoint region
[9.814s][info ][safepoint    ] Total time for which application threads were stopped: 0.0042629 seconds, Stopping threads took: 0.0001721 seconds
[9.863s][info ][safepoint    ] Application time: 0.0487674 seconds
[9.863s][info ][safepoint    ] Entering safepoint region: GenCollectForAllocation
[9.863s][info ][gc,start     ] GC(79) Pause Young (Allocation Failure)
[9.863s][info ][gc,task      ] GC(79) Using 4 workers of 4 for evacuation
[9.866s][debug][gc,ref       ] GC(79) Skipped phase1 of Reference Processing due to unavailable references
[9.866s][debug][gc,ref       ] GC(79) Skipped phase2 of Reference Processing due to unavailable references
[9.866s][debug][gc,ref       ] GC(79) Skipped phase3 of Reference Processing due to unavailable references
[9.866s][debug][gc,ref       ] GC(79) Skipped phase4 of Reference Processing due to unavailable references
[9.867s][debug][gc,age       ] GC(79) Desired survivor size 15368192 bytes, new threshold 6 (max threshold 6)
[9.867s][info ][gc,heap      ] GC(79) ParNew: 241825K->2104K(270336K)
[9.867s][info ][gc,heap      ] GC(79) CMS: 122371K->122442K(600768K)
[9.867s][info ][gc,metaspace ] GC(79) Metaspace: 36637K->36637K(1083392K)
[9.867s][info ][gc           ] GC(79) Pause Young (Allocation Failure) 355M->121M(850M) 3.444ms
[9.867s][info ][gc,cpu       ] GC(79) User=0.01s Sys=0.00s Real=0.00s
[9.867s][info ][safepoint    ] Leaving safepoint region
[9.867s][info ][safepoint    ] Total time for which application threads were stopped: 0.0040457 seconds, Stopping threads took: 0.0004220 seconds
[9.914s][info ][safepoint    ] Application time: 0.0468792 seconds
[9.914s][info ][safepoint    ] Entering safepoint region: GenCollectForAllocation
[9.914s][info ][gc,start     ] GC(80) Pause Young (Allocation Failure)
[9.914s][info ][gc,task      ] GC(80) Using 4 workers of 4 for evacuation
[9.918s][debug][gc,ref       ] GC(80) Skipped phase1 of Reference Processing due to unavailable references
[9.918s][debug][gc,ref       ] GC(80) Skipped phase2 of Reference Processing due to unavailable references
[9.918s][debug][gc,ref       ] GC(80) Skipped phase3 of Reference Processing due to unavailable references
[9.918s][debug][gc,ref       ] GC(80) Skipped phase4 of Reference Processing due to unavailable references
[9.918s][debug][gc,age       ] GC(80) Desired survivor size 15368192 bytes, new threshold 6 (max threshold 6)
[9.918s][info ][gc,heap      ] GC(80) ParNew: 242424K->1383K(270336K)
[9.918s][info ][gc,heap      ] GC(80) CMS: 122442K->123411K(600768K)
[9.918s][info ][gc,metaspace ] GC(80) Metaspace: 36637K->36637K(1083392K)
[9.918s][info ][gc           ] GC(80) Pause Young (Allocation Failure) 356M->121M(850M) 4.322ms
[9.918s][info ][gc,cpu       ] GC(80) User=0.01s Sys=0.00s Real=0.01s
[9.918s][info ][safepoint    ] Leaving safepoint region
[9.918s][info ][safepoint    ] Total time for which application threads were stopped: 0.0045934 seconds, Stopping threads took: 0.0001101 seconds
[9.973s][info ][safepoint    ] Application time: 0.0547031 seconds
[9.973s][info ][safepoint    ] Entering safepoint region: GenCollectForAllocation
[9.973s][info ][gc,start     ] GC(81) Pause Young (Allocation Failure)
[9.973s][info ][gc,task      ] GC(81) Using 4 workers of 4 for evacuation
[9.976s][debug][gc,ref       ] GC(81) Skipped phase1 of Reference Processing due to unavailable references
[9.976s][debug][gc,ref       ] GC(81) Skipped phase2 of Reference Processing due to unavailable references
[9.976s][debug][gc,ref       ] GC(81) Skipped phase3 of Reference Processing due to unavailable references
[9.976s][debug][gc,ref       ] GC(81) Skipped phase4 of Reference Processing due to unavailable references
[9.976s][debug][gc,age       ] GC(81) Desired survivor size 15368192 bytes, new threshold 6 (max threshold 6)
[9.976s][info ][gc,heap      ] GC(81) ParNew: 241703K->713K(270336K)
[9.976s][info ][gc,heap      ] GC(81) CMS: 123411K->123484K(600768K)
[9.976s][info ][gc,metaspace ] GC(81) Metaspace: 36637K->36637K(1083392K)
[9.976s][info ][gc           ] GC(81) Pause Young (Allocation Failure) 356M->121M(850M) 2.956ms
[9.976s][info ][gc,cpu       ] GC(81) User=0.01s Sys=0.00s Real=0.01s
[9.976s][info ][safepoint    ] Leaving safepoint region
[9.976s][info ][safepoint    ] Total time for which application threads were stopped: 0.0032425 seconds, Stopping threads took: 0.0001302 seconds
[10.039s][info ][safepoint    ] Application time: 0.0628798 seconds
[10.039s][info ][safepoint    ] Entering safepoint region: GenCollectForAllocation
[10.039s][info ][gc,start     ] GC(82) Pause Young (Allocation Failure)
[10.039s][info ][gc,task      ] GC(82) Using 4 workers of 4 for evacuation
[10.042s][debug][gc,ref       ] GC(82) Skipped phase1 of Reference Processing due to unavailable references
[10.042s][debug][gc,ref       ] GC(82) Skipped phase2 of Reference Processing due to unavailable references
[10.042s][debug][gc,ref       ] GC(82) Skipped phase3 of Reference Processing due to unavailable references
[10.042s][debug][gc,ref       ] GC(82) Skipped phase4 of Reference Processing due to unavailable references
[10.042s][debug][gc,age       ] GC(82) Desired survivor size 15368192 bytes, new threshold 6 (max threshold 6)
[10.042s][info ][gc,heap      ] GC(82) ParNew: 241033K->1136K(270336K)
[10.042s][info ][gc,heap      ] GC(82) CMS: 123484K->123563K(600768K)
[10.042s][info ][gc,metaspace ] GC(82) Metaspace: 36637K->36637K(1083392K)
[10.042s][info ][gc           ] GC(82) Pause Young (Allocation Failure) 355M->121M(850M) 2.627ms
[10.042s][info ][gc,cpu       ] GC(82) User=0.01s Sys=0.00s Real=0.00s
[10.042s][info ][safepoint    ] Leaving safepoint region
[10.042s][info ][safepoint    ] Total time for which application threads were stopped: 0.0028762 seconds, Stopping threads took: 0.0000991 seconds
[10.083s][info ][safepoint    ] Application time: 0.0410863 seconds
[10.083s][info ][safepoint    ] Entering safepoint region: GenCollectForAllocation
[10.083s][info ][gc,start     ] GC(83) Pause Young (Allocation Failure)
[10.083s][info ][gc,task      ] GC(83) Using 4 workers of 4 for evacuation
[10.087s][debug][gc,ref       ] GC(83) Skipped phase1 of Reference Processing due to unavailable references
[10.087s][debug][gc,ref       ] GC(83) Skipped phase2 of Reference Processing due to unavailable references
[10.087s][debug][gc,ref       ] GC(83) Skipped phase3 of Reference Processing due to unavailable references
[10.087s][debug][gc,ref       ] GC(83) Skipped phase4 of Reference Processing due to unavailable references
[10.087s][debug][gc,age       ] GC(83) Desired survivor size 15368192 bytes, new threshold 6 (max threshold 6)
[10.087s][info ][gc,heap      ] GC(83) ParNew: 241456K->1744K(270336K)
[10.087s][info ][gc,heap      ] GC(83) CMS: 123563K->123645K(600768K)
[10.087s][info ][gc,metaspace ] GC(83) Metaspace: 36637K->36637K(1083392K)
[10.087s][info ][gc           ] GC(83) Pause Young (Allocation Failure) 356M->122M(850M) 3.455ms
[10.087s][info ][gc,cpu       ] GC(83) User=0.02s Sys=0.00s Real=0.00s
[10.087s][info ][safepoint    ] Leaving safepoint region
[10.087s][info ][safepoint    ] Total time for which application threads were stopped: 0.0038170 seconds, Stopping threads took: 0.0001857 seconds
[10.138s][info ][safepoint    ] Application time: 0.0508328 seconds
[10.138s][info ][safepoint    ] Entering safepoint region: GenCollectForAllocation
[10.138s][info ][gc,start     ] GC(84) Pause Young (Allocation Failure)
[10.138s][info ][gc,task      ] GC(84) Using 4 workers of 4 for evacuation
[10.142s][debug][gc,ref       ] GC(84) Skipped phase1 of Reference Processing due to unavailable references
[10.142s][debug][gc,ref       ] GC(84) Skipped phase2 of Reference Processing due to unavailable references
[10.142s][debug][gc,ref       ] GC(84) Skipped phase3 of Reference Processing due to unavailable references
[10.142s][debug][gc,ref       ] GC(84) Skipped phase4 of Reference Processing due to unavailable references
[10.142s][debug][gc,age       ] GC(84) Desired survivor size 15368192 bytes, new threshold 6 (max threshold 6)
[10.142s][info ][gc,heap      ] GC(84) ParNew: 242064K->2419K(270336K)
[10.142s][info ][gc,heap      ] GC(84) CMS: 123645K->123712K(600768K)
[10.142s][info ][gc,metaspace ] GC(84) Metaspace: 36637K->36637K(1083392K)
[10.142s][info ][gc           ] GC(84) Pause Young (Allocation Failure) 357M->123M(850M) 4.163ms
[10.142s][info ][gc,cpu       ] GC(84) User=0.01s Sys=0.00s Real=0.00s
[10.142s][info ][safepoint    ] Leaving safepoint region
[10.142s][info ][safepoint    ] Total time for which application threads were stopped: 0.0046695 seconds, Stopping threads took: 0.0003447 seconds
[10.187s][info ][safepoint    ] Application time: 0.0450220 seconds
[10.188s][info ][safepoint    ] Entering safepoint region: GenCollectForAllocation
[10.188s][info ][gc,start     ] GC(85) Pause Young (Allocation Failure)
[10.188s][info ][gc,task      ] GC(85) Using 4 workers of 4 for evacuation
[10.192s][debug][gc,ref       ] GC(85) Skipped phase1 of Reference Processing due to unavailable references
[10.192s][debug][gc,ref       ] GC(85) Skipped phase2 of Reference Processing due to unavailable references
[10.192s][debug][gc,ref       ] GC(85) Skipped phase3 of Reference Processing due to unavailable references
[10.192s][debug][gc,ref       ] GC(85) Skipped phase4 of Reference Processing due to unavailable references
[10.192s][debug][gc,age       ] GC(85) Desired survivor size 15368192 bytes, new threshold 6 (max threshold 6)
[10.192s][info ][gc,heap      ] GC(85) ParNew: 242739K->3743K(270336K)
[10.192s][info ][gc,heap      ] GC(85) CMS: 123712K->123787K(600768K)
[10.192s][info ][gc,metaspace ] GC(85) Metaspace: 36637K->36637K(1083392K)
[10.192s][info ][gc           ] GC(85) Pause Young (Allocation Failure) 357M->124M(850M) 4.590ms
[10.192s][info ][gc,cpu       ] GC(85) User=0.02s Sys=0.01s Real=0.00s
[10.192s][info ][safepoint    ] Leaving safepoint region
[10.192s][info ][safepoint    ] Total time for which application threads were stopped: 0.0048344 seconds, Stopping threads took: 0.0000766 seconds
[10.263s][info ][safepoint    ] Application time: 0.0709079 seconds
[10.263s][info ][safepoint    ] Entering safepoint region: GenCollectForAllocation
[10.263s][info ][gc,start     ] GC(86) Pause Young (Allocation Failure)
[10.263s][info ][gc,task      ] GC(86) Using 4 workers of 4 for evacuation
[10.268s][debug][gc,ref       ] GC(86) Skipped phase1 of Reference Processing due to unavailable references
[10.268s][debug][gc,ref       ] GC(86) Skipped phase2 of Reference Processing due to unavailable references
[10.268s][debug][gc,ref       ] GC(86) Skipped phase3 of Reference Processing due to unavailable references
[10.268s][debug][gc,ref       ] GC(86) Skipped phase4 of Reference Processing due to unavailable references
[10.268s][debug][gc,age       ] GC(86) Desired survivor size 15368192 bytes, new threshold 6 (max threshold 6)
[10.268s][info ][gc,heap      ] GC(86) ParNew: 244063K->4608K(270336K)
[10.268s][info ][gc,heap      ] GC(86) CMS: 123787K->123845K(600768K)
[10.268s][info ][gc,metaspace ] GC(86) Metaspace: 36637K->36637K(1083392K)
[10.268s][info ][gc           ] GC(86) Pause Young (Allocation Failure) 359M->125M(850M) 4.694ms
[10.268s][info ][gc,cpu       ] GC(86) User=0.02s Sys=0.00s Real=0.01s
[10.268s][info ][safepoint    ] Leaving safepoint region
[10.268s][info ][safepoint    ] Total time for which application threads were stopped: 0.0049031 seconds, Stopping threads took: 0.0000600 seconds
[10.322s][info ][safepoint    ] Application time: 0.0539511 seconds
[10.322s][info ][safepoint    ] Entering safepoint region: GenCollectForAllocation
[10.322s][info ][gc,start     ] GC(87) Pause Young (Allocation Failure)
[10.322s][info ][gc,task      ] GC(87) Using 4 workers of 4 for evacuation
[10.327s][debug][gc,ref       ] GC(87) Skipped phase1 of Reference Processing due to unavailable references
[10.327s][debug][gc,ref       ] GC(87) Skipped phase2 of Reference Processing due to unavailable references
[10.327s][debug][gc,ref       ] GC(87) Skipped phase3 of Reference Processing due to unavailable references
[10.327s][debug][gc,ref       ] GC(87) Skipped phase4 of Reference Processing due to unavailable references
[10.327s][debug][gc,age       ] GC(87) Desired survivor size 15368192 bytes, new threshold 6 (max threshold 6)
[10.327s][info ][gc,heap      ] GC(87) ParNew: 244928K->4007K(270336K)
[10.327s][info ][gc,heap      ] GC(87) CMS: 123845K->124029K(600768K)
[10.327s][info ][gc,metaspace ] GC(87) Metaspace: 36637K->36637K(1083392K)
[10.327s][info ][gc           ] GC(87) Pause Young (Allocation Failure) 360M->125M(850M) 4.789ms
[10.327s][info ][gc,cpu       ] GC(87) User=0.01s Sys=0.00s Real=0.01s
[10.327s][info ][safepoint    ] Leaving safepoint region
[10.327s][info ][safepoint    ] Total time for which application threads were stopped: 0.0051021 seconds, Stopping threads took: 0.0001472 seconds
[10.400s][info ][safepoint    ] Application time: 0.0731545 seconds
[10.401s][info ][safepoint    ] Entering safepoint region: GenCollectForAllocation
[10.401s][info ][gc,start     ] GC(88) Pause Young (Allocation Failure)
[10.401s][info ][gc,task      ] GC(88) Using 4 workers of 4 for evacuation
[10.408s][debug][gc,ref       ] GC(88) Skipped phase1 of Reference Processing due to unavailable references
[10.408s][debug][gc,ref       ] GC(88) Skipped phase2 of Reference Processing due to unavailable references
[10.408s][debug][gc,ref       ] GC(88) Skipped phase3 of Reference Processing due to unavailable references
[10.408s][debug][gc,ref       ] GC(88) Skipped phase4 of Reference Processing due to unavailable references
[10.408s][debug][gc,age       ] GC(88) Desired survivor size 15368192 bytes, new threshold 6 (max threshold 6)
[10.408s][info ][gc,heap      ] GC(88) ParNew: 244327K->5413K(270336K)
[10.408s][info ][gc,heap      ] GC(88) CMS: 124029K->124375K(600768K)
[10.408s][info ][gc,metaspace ] GC(88) Metaspace: 36637K->36637K(1083392K)
[10.408s][info ][gc           ] GC(88) Pause Young (Allocation Failure) 359M->126M(850M) 6.992ms
[10.408s][info ][gc,cpu       ] GC(88) User=0.04s Sys=0.00s Real=0.01s
[10.408s][info ][safepoint    ] Leaving safepoint region
[10.408s][info ][safepoint    ] Total time for which application threads were stopped: 0.0073158 seconds, Stopping threads took: 0.0001279 seconds
[10.481s][info ][safepoint    ] Application time: 0.0736972 seconds
[10.482s][info ][safepoint    ] Entering safepoint region: GenCollectForAllocation
[10.482s][info ][gc,start     ] GC(89) Pause Young (Allocation Failure)
[10.482s][info ][gc,task      ] GC(89) Using 4 workers of 4 for evacuation
[10.492s][debug][gc,ref       ] GC(89) Skipped phase1 of Reference Processing due to unavailable references
[10.492s][debug][gc,ref       ] GC(89) Skipped phase2 of Reference Processing due to unavailable references
[10.492s][debug][gc,ref       ] GC(89) Skipped phase3 of Reference Processing due to unavailable references
[10.492s][debug][gc,ref       ] GC(89) Skipped phase4 of Reference Processing due to unavailable references
[10.492s][debug][gc,age       ] GC(89) Desired survivor size 15368192 bytes, new threshold 6 (max threshold 6)
[10.492s][info ][gc,heap      ] GC(89) ParNew: 245733K->7615K(270336K)
[10.492s][info ][gc,heap      ] GC(89) CMS: 124375K->125000K(600768K)
[10.492s][info ][gc,metaspace ] GC(89) Metaspace: 36637K->36637K(1083392K)
[10.492s][info ][gc           ] GC(89) Pause Young (Allocation Failure) 361M->129M(850M) 10.341ms
[10.492s][info ][gc,cpu       ] GC(89) User=0.05s Sys=0.00s Real=0.01s
[10.492s][info ][safepoint    ] Leaving safepoint region
[10.492s][info ][safepoint    ] Total time for which application threads were stopped: 0.0106722 seconds, Stopping threads took: 0.0001293 seconds
[10.549s][info ][safepoint    ] Application time: 0.0566183 seconds
[10.549s][info ][safepoint    ] Entering safepoint region: GenCollectForAllocation
[10.549s][info ][gc,start     ] GC(90) Pause Young (Allocation Failure)
[10.549s][info ][gc,task      ] GC(90) Using 4 workers of 4 for evacuation
[10.558s][debug][gc,ref       ] GC(90) Skipped phase1 of Reference Processing due to unavailable references
[10.558s][debug][gc,ref       ] GC(90) Skipped phase2 of Reference Processing due to unavailable references
[10.558s][debug][gc,ref       ] GC(90) Skipped phase3 of Reference Processing due to unavailable references
[10.558s][debug][gc,ref       ] GC(90) Skipped phase4 of Reference Processing due to unavailable references
[10.558s][debug][gc,age       ] GC(90) Desired survivor size 15368192 bytes, new threshold 6 (max threshold 6)
[10.558s][info ][gc,heap      ] GC(90) ParNew: 247935K->10620K(270336K)
[10.558s][info ][gc,heap      ] GC(90) CMS: 125000K->125833K(600768K)
[10.558s][info ][gc,metaspace ] GC(90) Metaspace: 36637K->36637K(1083392K)
[10.558s][info ][gc           ] GC(90) Pause Young (Allocation Failure) 364M->133M(850M) 8.739ms
[10.558s][info ][gc,cpu       ] GC(90) User=0.03s Sys=0.00s Real=0.01s
[10.558s][info ][safepoint    ] Leaving safepoint region
[10.558s][info ][safepoint    ] Total time for which application threads were stopped: 0.0090189 seconds, Stopping threads took: 0.0000978 seconds
[10.621s][info ][safepoint    ] Application time: 0.0626435 seconds
[10.621s][info ][safepoint    ] Entering safepoint region: GenCollectForAllocation
[10.621s][info ][gc,start     ] GC(91) Pause Young (Allocation Failure)
[10.621s][info ][gc,task      ] GC(91) Using 4 workers of 4 for evacuation
[10.628s][debug][gc,ref       ] GC(91) Skipped phase1 of Reference Processing due to unavailable references
[10.628s][debug][gc,ref       ] GC(91) Skipped phase2 of Reference Processing due to unavailable references
[10.628s][debug][gc,ref       ] GC(91) Skipped phase3 of Reference Processing due to unavailable references
[10.628s][debug][gc,ref       ] GC(91) Skipped phase4 of Reference Processing due to unavailable references
[10.628s][debug][gc,age       ] GC(91) Desired survivor size 15368192 bytes, new threshold 6 (max threshold 6)
[10.628s][info ][gc,heap      ] GC(91) ParNew: 250940K->7655K(270336K)
[10.628s][info ][gc,heap      ] GC(91) CMS: 125833K->126284K(600768K)
[10.628s][info ][gc,metaspace ] GC(91) Metaspace: 36637K->36637K(1083392K)
[10.628s][info ][gc           ] GC(91) Pause Young (Allocation Failure) 367M->130M(850M) 7.300ms
[10.628s][info ][gc,cpu       ] GC(91) User=0.03s Sys=0.00s Real=0.01s
[10.628s][info ][safepoint    ] Leaving safepoint region
[10.628s][info ][safepoint    ] Total time for which application threads were stopped: 0.0076453 seconds, Stopping threads took: 0.0001780 seconds
[10.687s][info ][safepoint    ] Application time: 0.0583846 seconds
[10.687s][info ][safepoint    ] Entering safepoint region: GenCollectForAllocation
[10.687s][info ][gc,start     ] GC(92) Pause Young (Allocation Failure)
[10.687s][info ][gc,task      ] GC(92) Using 4 workers of 4 for evacuation
[10.694s][debug][gc,ref       ] GC(92) Skipped phase1 of Reference Processing due to unavailable references
[10.694s][debug][gc,ref       ] GC(92) Skipped phase2 of Reference Processing due to unavailable references
[10.694s][debug][gc,ref       ] GC(92) Skipped phase3 of Reference Processing due to unavailable references
[10.694s][debug][gc,ref       ] GC(92) Skipped phase4 of Reference Processing due to unavailable references
[10.694s][debug][gc,age       ] GC(92) Desired survivor size 15368192 bytes, new threshold 6 (max threshold 6)
[10.694s][info ][gc,heap      ] GC(92) ParNew: 247975K->9361K(270336K)
[10.694s][info ][gc,heap      ] GC(92) CMS: 126284K->126717K(600768K)
[10.694s][info ][gc,metaspace ] GC(92) Metaspace: 36637K->36637K(1083392K)
[10.694s][info ][gc           ] GC(92) Pause Young (Allocation Failure) 365M->132M(850M) 7.267ms
[10.694s][info ][gc,cpu       ] GC(92) User=0.03s Sys=0.00s Real=0.01s
[10.694s][info ][safepoint    ] Leaving safepoint region
[10.694s][info ][safepoint    ] Total time for which application threads were stopped: 0.0075189 seconds, Stopping threads took: 0.0000796 seconds
[10.756s][info ][safepoint    ] Application time: 0.0621639 seconds
[10.756s][info ][safepoint    ] Entering safepoint region: GenCollectForAllocation
[10.757s][info ][gc,start     ] GC(93) Pause Young (Allocation Failure)
[10.757s][info ][gc,task      ] GC(93) Using 4 workers of 4 for evacuation
[10.763s][debug][gc,ref       ] GC(93) Skipped phase1 of Reference Processing due to unavailable references
[10.764s][debug][gc,ref       ] GC(93) Skipped phase2 of Reference Processing due to unavailable references
[10.764s][debug][gc,ref       ] GC(93) Skipped phase3 of Reference Processing due to unavailable references
[10.764s][debug][gc,ref       ] GC(93) Skipped phase4 of Reference Processing due to unavailable references
[10.764s][debug][gc,age       ] GC(93) Desired survivor size 15368192 bytes, new threshold 6 (max threshold 6)
[10.764s][info ][gc,heap      ] GC(93) ParNew: 249681K->6838K(270336K)
[10.764s][info ][gc,heap      ] GC(93) CMS: 126717K->126818K(600768K)
[10.764s][info ][gc,metaspace ] GC(93) Metaspace: 36637K->36637K(1083392K)
[10.764s][info ][gc           ] GC(93) Pause Young (Allocation Failure) 367M->130M(850M) 7.183ms
[10.764s][info ][gc,cpu       ] GC(93) User=0.02s Sys=0.00s Real=0.00s
[10.764s][info ][safepoint    ] Leaving safepoint region
[10.764s][info ][safepoint    ] Total time for which application threads were stopped: 0.0074200 seconds, Stopping threads took: 0.0000673 seconds
[10.832s][info ][safepoint    ] Application time: 0.0681601 seconds
[10.832s][info ][safepoint    ] Entering safepoint region: GenCollectForAllocation
[10.832s][info ][gc,start     ] GC(94) Pause Young (Allocation Failure)
[10.832s][info ][gc,task      ] GC(94) Using 4 workers of 4 for evacuation
[10.841s][debug][gc,ref       ] GC(94) Skipped phase1 of Reference Processing due to unavailable references
[10.841s][debug][gc,ref       ] GC(94) Skipped phase2 of Reference Processing due to unavailable references
[10.841s][debug][gc,ref       ] GC(94) Skipped phase3 of Reference Processing due to unavailable references
[10.841s][debug][gc,ref       ] GC(94) Skipped phase4 of Reference Processing due to unavailable references
[10.841s][debug][gc,age       ] GC(94) Desired survivor size 15368192 bytes, new threshold 6 (max threshold 6)
[10.841s][info ][gc,heap      ] GC(94) ParNew: 247158K->5042K(270336K)
[10.841s][info ][gc,heap      ] GC(94) CMS: 126818K->128683K(600768K)
[10.841s][info ][gc,metaspace ] GC(94) Metaspace: 36637K->36637K(1083392K)
[10.841s][info ][gc           ] GC(94) Pause Young (Allocation Failure) 365M->130M(850M) 8.873ms
[10.841s][info ][gc,cpu       ] GC(94) User=0.03s Sys=0.00s Real=0.01s
[10.841s][info ][safepoint    ] Leaving safepoint region
[10.841s][info ][safepoint    ] Total time for which application threads were stopped: 0.0091833 seconds, Stopping threads took: 0.0001361 seconds
[10.922s][info ][safepoint    ] Application time: 0.0812752 seconds
[10.923s][info ][safepoint    ] Entering safepoint region: GenCollectForAllocation
[10.923s][info ][gc,start     ] GC(95) Pause Young (Allocation Failure)
[10.923s][info ][gc,task      ] GC(95) Using 4 workers of 4 for evacuation
[10.933s][debug][gc,ref       ] GC(95) Skipped phase1 of Reference Processing due to unavailable references
[10.933s][debug][gc,ref       ] GC(95) Skipped phase2 of Reference Processing due to unavailable references
[10.933s][debug][gc,ref       ] GC(95) Skipped phase3 of Reference Processing due to unavailable references
[10.933s][debug][gc,ref       ] GC(95) Skipped phase4 of Reference Processing due to unavailable references
[10.933s][debug][gc,age       ] GC(95) Desired survivor size 15368192 bytes, new threshold 6 (max threshold 6)
[10.933s][info ][gc,heap      ] GC(95) ParNew: 245362K->4236K(270336K)
[10.933s][info ][gc,heap      ] GC(95) CMS: 128683K->132034K(600768K)
[10.933s][info ][gc,metaspace ] GC(95) Metaspace: 36637K->36637K(1083392K)
[10.933s][info ][gc           ] GC(95) Pause Young (Allocation Failure) 365M->133M(850M) 10.184ms
[10.933s][info ][gc,cpu       ] GC(95) User=0.03s Sys=0.00s Real=0.01s
[10.933s][info ][safepoint    ] Leaving safepoint region
[10.933s][info ][safepoint    ] Total time for which application threads were stopped: 0.0105346 seconds, Stopping threads took: 0.0001800 seconds
[11.013s][info ][safepoint    ] Application time: 0.0798314 seconds
[11.013s][info ][safepoint    ] Entering safepoint region: GenCollectForAllocation
[11.013s][info ][gc,start     ] GC(96) Pause Young (Allocation Failure)
[11.013s][info ][gc,task      ] GC(96) Using 4 workers of 4 for evacuation
[11.016s][debug][gc,ref       ] GC(96) Skipped phase1 of Reference Processing due to unavailable references
[11.016s][debug][gc,ref       ] GC(96) Skipped phase2 of Reference Processing due to unavailable references
[11.016s][debug][gc,ref       ] GC(96) Skipped phase3 of Reference Processing due to unavailable references
[11.016s][debug][gc,ref       ] GC(96) Skipped phase4 of Reference Processing due to unavailable references
[11.016s][debug][gc,age       ] GC(96) Desired survivor size 15368192 bytes, new threshold 6 (max threshold 6)
[11.016s][info ][gc,heap      ] GC(96) ParNew: 244556K->1633K(270336K)
[11.016s][info ][gc,heap      ] GC(96) CMS: 132034K->132170K(600768K)
[11.016s][info ][gc,metaspace ] GC(96) Metaspace: 36637K->36637K(1083392K)
[11.016s][info ][gc           ] GC(96) Pause Young (Allocation Failure) 367M->130M(850M) 3.017ms
[11.016s][info ][gc,cpu       ] GC(96) User=0.01s Sys=0.00s Real=0.01s
[11.016s][info ][safepoint    ] Leaving safepoint region
[11.016s][info ][safepoint    ] Total time for which application threads were stopped: 0.0032858 seconds, Stopping threads took: 0.0001299 seconds
[11.097s][info ][safepoint    ] Application time: 0.0805676 seconds
[11.097s][info ][safepoint    ] Entering safepoint region: RevokeBias
[11.097s][info ][safepoint    ] Leaving safepoint region
[11.097s][info ][safepoint    ] Total time for which application threads were stopped: 0.0002549 seconds, Stopping threads took: 0.0001273 seconds
[11.098s][info ][safepoint    ] Application time: 0.0007616 seconds
[11.098s][info ][safepoint    ] Entering safepoint region: RevokeBias
[11.098s][info ][safepoint    ] Leaving safepoint region
[11.098s][info ][safepoint    ] Total time for which application threads were stopped: 0.0001684 seconds, Stopping threads took: 0.0000969 seconds
[11.098s][info ][safepoint    ] Application time: 0.0004903 seconds
[11.099s][info ][safepoint    ] Entering safepoint region: RevokeBias
[11.099s][info ][safepoint    ] Leaving safepoint region
[11.099s][info ][safepoint    ] Total time for which application threads were stopped: 0.0001668 seconds, Stopping threads took: 0.0000905 seconds
[11.099s][info ][safepoint    ] Application time: 0.0000976 seconds
[11.099s][info ][safepoint    ] Entering safepoint region: RevokeBias
[11.099s][info ][safepoint    ] Leaving safepoint region
[11.099s][info ][safepoint    ] Total time for which application threads were stopped: 0.0001034 seconds, Stopping threads took: 0.0000552 seconds
[11.099s][info ][safepoint    ] Application time: 0.0005845 seconds
[11.101s][info ][safepoint    ] Entering safepoint region: RevokeBias
[11.101s][info ][safepoint    ] Leaving safepoint region
[11.101s][info ][safepoint    ] Total time for which application threads were stopped: 0.0012730 seconds, Stopping threads took: 0.0011910 seconds
[11.104s][info ][safepoint    ] Application time: 0.0036898 seconds
[11.105s][info ][safepoint    ] Entering safepoint region: RevokeBias
[11.105s][info ][safepoint    ] Leaving safepoint region
[11.105s][info ][safepoint    ] Total time for which application threads were stopped: 0.0001956 seconds, Stopping threads took: 0.0001109 seconds
[11.106s][info ][safepoint    ] Application time: 0.0012876 seconds
[11.106s][info ][safepoint    ] Entering safepoint region: RevokeBias
[11.106s][info ][safepoint    ] Leaving safepoint region
[11.106s][info ][safepoint    ] Total time for which application threads were stopped: 0.0002142 seconds, Stopping threads took: 0.0001200 seconds
[11.107s][info ][safepoint    ] Application time: 0.0012082 seconds
[11.107s][info ][safepoint    ] Entering safepoint region: RevokeBias
[11.108s][info ][safepoint    ] Leaving safepoint region
[11.108s][info ][safepoint    ] Total time for which application threads were stopped: 0.0002153 seconds, Stopping threads took: 0.0001276 seconds
[11.109s][info ][safepoint    ] Application time: 0.0009266 seconds
[11.109s][info ][safepoint    ] Entering safepoint region: RevokeBias
[11.109s][info ][safepoint    ] Leaving safepoint region
[11.109s][info ][safepoint    ] Total time for which application threads were stopped: 0.0001570 seconds, Stopping threads took: 0.0000920 seconds
[11.109s][info ][safepoint    ] Application time: 0.0005191 seconds
[11.109s][info ][safepoint    ] Entering safepoint region: RevokeBias
[11.109s][info ][safepoint    ] Leaving safepoint region
[11.109s][info ][safepoint    ] Total time for which application threads were stopped: 0.0001736 seconds, Stopping threads took: 0.0001091 seconds
[11.115s][info ][safepoint    ] Application time: 0.0055589 seconds
[11.116s][info ][safepoint    ] Entering safepoint region: RevokeBias
[11.116s][info ][safepoint    ] Leaving safepoint region
[11.116s][info ][safepoint    ] Total time for which application threads were stopped: 0.0007098 seconds, Stopping threads took: 0.0006207 seconds
[11.185s][info ][safepoint    ] Application time: 0.0695742 seconds
[11.187s][info ][safepoint    ] Entering safepoint region: RevokeBias
[11.187s][info ][safepoint    ] Leaving safepoint region
[11.187s][info ][safepoint    ] Total time for which application threads were stopped: 0.0019112 seconds, Stopping threads took: 0.0017947 seconds
[11.338s][info ][safepoint    ] Application time: 0.1505001 seconds
[11.338s][info ][safepoint    ] Entering safepoint region: GenCollectForAllocation
[11.338s][info ][gc,start     ] GC(97) Pause Young (Allocation Failure)
[11.338s][info ][gc,task      ] GC(97) Using 4 workers of 4 for evacuation
[11.343s][debug][gc,ref       ] GC(97) Skipped phase1 of Reference Processing due to unavailable references
[11.343s][debug][gc,ref       ] GC(97) Skipped phase3 of Reference Processing due to unavailable references
[11.343s][debug][gc,age       ] GC(97) Desired survivor size 15368192 bytes, new threshold 6 (max threshold 6)
[11.343s][info ][gc,heap      ] GC(97) ParNew: 241953K->4855K(270336K)
[11.343s][info ][gc,heap      ] GC(97) CMS: 132170K->132295K(600768K)
[11.343s][info ][gc,metaspace ] GC(97) Metaspace: 37150K->37150K(1083392K)
[11.343s][info ][gc           ] GC(97) Pause Young (Allocation Failure) 365M->133M(850M) 5.296ms
[11.343s][info ][gc,cpu       ] GC(97) User=0.02s Sys=0.00s Real=0.00s
[11.343s][info ][safepoint    ] Leaving safepoint region
[11.343s][info ][safepoint    ] Total time for which application threads were stopped: 0.0055513 seconds, Stopping threads took: 0.0000888 seconds
[11.784s][info ][safepoint    ] Application time: 0.4402608 seconds
[11.784s][info ][safepoint    ] Entering safepoint region: ICBufferFull
[11.784s][info ][safepoint    ] Leaving safepoint region
[11.784s][info ][safepoint    ] Total time for which application threads were stopped: 0.0002436 seconds, Stopping threads took: 0.0000837 seconds
[11.912s][info ][safepoint    ] Application time: 0.1284518 seconds
[11.912s][info ][safepoint    ] Entering safepoint region: RevokeBias
[11.912s][info ][safepoint    ] Leaving safepoint region
[11.912s][info ][safepoint    ] Total time for which application threads were stopped: 0.0001102 seconds, Stopping threads took: 0.0000145 seconds
[11.928s][info ][safepoint    ] Application time: 0.0156144 seconds
[11.928s][info ][safepoint    ] Entering safepoint region: Deoptimize
[11.929s][info ][safepoint    ] Leaving safepoint region
[11.929s][info ][safepoint    ] Total time for which application threads were stopped: 0.0006883 seconds, Stopping threads took: 0.0000146 seconds
[11.939s][info ][safepoint    ] Application time: 0.0098954 seconds
[11.939s][info ][safepoint    ] Entering safepoint region: RevokeBias
[11.939s][info ][safepoint    ] Leaving safepoint region
[11.939s][info ][safepoint    ] Total time for which application threads were stopped: 0.0000751 seconds, Stopping threads took: 0.0000130 seconds
[11.940s][info ][safepoint    ] Application time: 0.0008300 seconds
[11.940s][info ][safepoint    ] Entering safepoint region: RevokeBias
[11.940s][info ][safepoint    ] Leaving safepoint region
[11.940s][info ][safepoint    ] Total time for which application threads were stopped: 0.0000373 seconds, Stopping threads took: 0.0000098 seconds
[11.940s][info ][safepoint    ] Application time: 0.0000554 seconds
[11.940s][info ][safepoint    ] Entering safepoint region: RevokeBias
[11.940s][info ][safepoint    ] Leaving safepoint region
[11.940s][info ][safepoint    ] Total time for which application threads were stopped: 0.0000239 seconds, Stopping threads took: 0.0000062 seconds
[11.940s][info ][safepoint    ] Application time: 0.0005268 seconds
[11.940s][info ][safepoint    ] Entering safepoint region: Deoptimize
[11.941s][info ][safepoint    ] Leaving safepoint region
[11.941s][info ][safepoint    ] Total time for which application threads were stopped: 0.0005978 seconds, Stopping threads took: 0.0000098 seconds
[11.969s][info ][safepoint    ] Application time: 0.0279910 seconds
[11.969s][info ][safepoint    ] Entering safepoint region: Deoptimize
[11.970s][info ][safepoint    ] Leaving safepoint region
[11.970s][info ][safepoint    ] Total time for which application threads were stopped: 0.0006170 seconds, Stopping threads took: 0.0000145 seconds
[11.983s][info ][safepoint    ] Application time: 0.0135270 seconds
[11.983s][info ][safepoint    ] Entering safepoint region: BulkRevokeBias
[11.983s][info ][safepoint    ] Leaving safepoint region
[11.983s][info ][safepoint    ] Total time for which application threads were stopped: 0.0001939 seconds, Stopping threads took: 0.0000145 seconds
[12.041s][info ][safepoint    ] Application time: 0.0574577 seconds
[12.041s][info ][safepoint    ] Entering safepoint region: Deoptimize
[12.041s][info ][safepoint    ] Leaving safepoint region
[12.041s][info ][safepoint    ] Total time for which application threads were stopped: 0.0006503 seconds, Stopping threads took: 0.0000138 seconds
[12.096s][info ][safepoint    ] Application time: 0.0550431 seconds
[12.097s][info ][safepoint    ] Entering safepoint region: RevokeBias
[12.097s][info ][safepoint    ] Leaving safepoint region
[12.097s][info ][safepoint    ] Total time for which application threads were stopped: 0.0001313 seconds, Stopping threads took: 0.0000422 seconds
[12.097s][info ][safepoint    ] Application time: 0.0000560 seconds
[12.097s][info ][safepoint    ] Entering safepoint region: RevokeBias
[12.097s][info ][safepoint    ] Leaving safepoint region
[12.097s][info ][safepoint    ] Total time for which application threads were stopped: 0.0000963 seconds, Stopping threads took: 0.0000464 seconds
[12.418s][info ][safepoint    ] Application time: 0.3210310 seconds
[12.418s][info ][safepoint    ] Entering safepoint region: ICBufferFull
[12.418s][info ][safepoint    ] Leaving safepoint region
[12.418s][info ][safepoint    ] Total time for which application threads were stopped: 0.0002512 seconds, Stopping threads took: 0.0000877 seconds
[12.537s][info ][safepoint    ] Application time: 0.1185220 seconds
[12.537s][info ][safepoint    ] Entering safepoint region: GenCollectForAllocation
[12.537s][info ][gc,start     ] GC(98) Pause Young (Allocation Failure)
[12.537s][info ][gc,task      ] GC(98) Using 4 workers of 4 for evacuation
[12.581s][debug][gc,ref       ] GC(98) Skipped phase1 of Reference Processing due to unavailable references
[12.581s][debug][gc,ref       ] GC(98) Skipped phase3 of Reference Processing due to unavailable references
[12.581s][debug][gc,age       ] GC(98) Desired survivor size 15368192 bytes, new threshold 1 (max threshold 6)
[12.581s][info ][gc,heap      ] GC(98) ParNew: 245175K->30016K(270336K)
[12.581s][info ][gc,heap      ] GC(98) CMS: 132295K->143733K(600768K)
[12.581s][info ][gc,metaspace ] GC(98) Metaspace: 42320K->42320K(1087488K)
[12.581s][info ][gc           ] GC(98) Pause Young (Allocation Failure) 368M->169M(850M) 44.382ms
[12.581s][info ][gc,cpu       ] GC(98) User=0.17s Sys=0.00s Real=0.04s
[12.581s][info ][safepoint    ] Leaving safepoint region
[12.581s][info ][safepoint    ] Total time for which application threads were stopped: 0.0445866 seconds, Stopping threads took: 0.0000148 seconds
[12.840s][info ][safepoint    ] Application time: 0.2587417 seconds
[12.840s][info ][safepoint    ] Entering safepoint region: ICBufferFull
[12.840s][info ][safepoint    ] Leaving safepoint region
[12.840s][info ][safepoint    ] Total time for which application threads were stopped: 0.0001585 seconds, Stopping threads took: 0.0000154 seconds
[13.056s][info ][safepoint    ] Application time: 0.2153800 seconds
[13.056s][info ][safepoint    ] Entering safepoint region: ICBufferFull
[13.056s][info ][safepoint    ] Leaving safepoint region
[13.056s][info ][safepoint    ] Total time for which application threads were stopped: 0.0001808 seconds, Stopping threads took: 0.0000153 seconds
[13.080s][info ][safepoint    ] Application time: 0.0242463 seconds
[13.080s][info ][safepoint    ] Entering safepoint region: RevokeBias
[13.080s][info ][safepoint    ] Leaving safepoint region
[13.080s][info ][safepoint    ] Total time for which application threads were stopped: 0.0000932 seconds, Stopping threads took: 0.0000157 seconds
[13.098s][info ][safepoint    ] Application time: 0.0182724 seconds
[13.099s][info ][safepoint    ] Entering safepoint region: Deoptimize
[13.100s][info ][safepoint    ] Leaving safepoint region
[13.100s][info ][safepoint    ] Total time for which application threads were stopped: 0.0010508 seconds, Stopping threads took: 0.0001554 seconds
[13.110s][info ][safepoint    ] Application time: 0.0108581 seconds
[13.110s][info ][safepoint    ] Entering safepoint region: ICBufferFull
[13.111s][info ][safepoint    ] Leaving safepoint region
[13.111s][info ][safepoint    ] Total time for which application threads were stopped: 0.0003005 seconds, Stopping threads took: 0.0000898 seconds
[13.112s][info ][safepoint    ] Application time: 0.0010776 seconds
[13.112s][info ][safepoint    ] Entering safepoint region: CollectForMetadataAllocation
[13.112s][info ][safepoint    ] Leaving safepoint region
[13.112s][info ][safepoint    ] Total time for which application threads were stopped: 0.0002357 seconds, Stopping threads took: 0.0001486 seconds
[13.114s][info ][safepoint    ] Application time: 0.0022001 seconds
[13.114s][info ][safepoint    ] Entering safepoint region: RevokeBias
[13.114s][info ][safepoint    ] Leaving safepoint region
[13.114s][info ][safepoint    ] Total time for which application threads were stopped: 0.0001278 seconds, Stopping threads took: 0.0000447 seconds
[13.232s][info ][safepoint    ] Application time: 0.1176726 seconds
[13.232s][info ][safepoint    ] Entering safepoint region: ICBufferFull
[13.232s][info ][safepoint    ] Leaving safepoint region
[13.232s][info ][safepoint    ] Total time for which application threads were stopped: 0.0001954 seconds, Stopping threads took: 0.0000346 seconds
[13.272s][info ][safepoint    ] Application time: 0.0395478 seconds
[13.272s][info ][safepoint    ] Entering safepoint region: CollectForMetadataAllocation
[13.272s][info ][safepoint    ] Leaving safepoint region
[13.272s][info ][safepoint    ] Total time for which application threads were stopped: 0.0001724 seconds, Stopping threads took: 0.0000326 seconds
[13.283s][info ][safepoint    ] Application time: 0.0110967 seconds
[13.283s][info ][safepoint    ] Entering safepoint region: CollectForMetadataAllocation
[13.283s][info ][safepoint    ] Leaving safepoint region
[13.283s][info ][safepoint    ] Total time for which application threads were stopped: 0.0001815 seconds, Stopping threads took: 0.0000325 seconds
[13.318s][info ][safepoint    ] Application time: 0.0343535 seconds
[13.318s][info ][safepoint    ] Entering safepoint region: CollectForMetadataAllocation
[13.318s][info ][safepoint    ] Leaving safepoint region
[13.318s][info ][safepoint    ] Total time for which application threads were stopped: 0.0004212 seconds, Stopping threads took: 0.0003082 seconds
[13.383s][info ][safepoint    ] Application time: 0.0648979 seconds
[13.383s][info ][safepoint    ] Entering safepoint region: CollectForMetadataAllocation
[13.383s][info ][safepoint    ] Leaving safepoint region
[13.383s][info ][safepoint    ] Total time for which application threads were stopped: 0.0001461 seconds, Stopping threads took: 0.0000273 seconds
[13.398s][info ][safepoint    ] Application time: 0.0147764 seconds
[13.398s][info ][safepoint    ] Entering safepoint region: CollectForMetadataAllocation
[13.398s][info ][safepoint    ] Leaving safepoint region
[13.398s][info ][safepoint    ] Total time for which application threads were stopped: 0.0001578 seconds, Stopping threads took: 0.0000594 seconds
[13.400s][info ][safepoint    ] Application time: 0.0019271 seconds
[13.400s][info ][safepoint    ] Entering safepoint region: Deoptimize
[13.401s][info ][safepoint    ] Leaving safepoint region
[13.401s][info ][safepoint    ] Total time for which application threads were stopped: 0.0007124 seconds, Stopping threads took: 0.0000100 seconds
[13.403s][info ][safepoint    ] Application time: 0.0025147 seconds
[13.404s][info ][safepoint    ] Entering safepoint region: RevokeBias
[13.404s][info ][safepoint    ] Leaving safepoint region
[13.404s][info ][safepoint    ] Total time for which application threads were stopped: 0.0000594 seconds, Stopping threads took: 0.0000100 seconds
[13.571s][info ][safepoint    ] Application time: 0.1672218 seconds
[13.571s][info ][safepoint    ] Entering safepoint region: CollectForMetadataAllocation
[13.571s][info ][safepoint    ] Leaving safepoint region
[13.571s][info ][safepoint    ] Total time for which application threads were stopped: 0.0001912 seconds, Stopping threads took: 0.0000288 seconds
[13.571s][info ][safepoint    ] Application time: 0.0000901 seconds
[13.571s][info ][safepoint    ] Entering safepoint region: CollectForMetadataAllocation
[13.571s][info ][safepoint    ] Leaving safepoint region
[13.571s][info ][safepoint    ] Total time for which application threads were stopped: 0.0000523 seconds, Stopping threads took: 0.0000271 seconds
[13.600s][info ][safepoint    ] Application time: 0.0284883 seconds
[13.600s][info ][safepoint    ] Entering safepoint region: CollectForMetadataAllocation
[13.600s][info ][safepoint    ] Leaving safepoint region
[13.600s][info ][safepoint    ] Total time for which application threads were stopped: 0.0002211 seconds, Stopping threads took: 0.0000814 seconds
[13.619s][info ][safepoint    ] Application time: 0.0188009 seconds
[13.619s][info ][safepoint    ] Entering safepoint region: Deoptimize
[13.620s][info ][safepoint    ] Leaving safepoint region
[13.620s][info ][safepoint    ] Total time for which application threads were stopped: 0.0008291 seconds, Stopping threads took: 0.0000153 seconds
[13.684s][info ][safepoint    ] Application time: 0.0644907 seconds
[13.684s][info ][safepoint    ] Entering safepoint region: CollectForMetadataAllocation
[13.684s][info ][safepoint    ] Leaving safepoint region
[13.684s][info ][safepoint    ] Total time for which application threads were stopped: 0.0001469 seconds, Stopping threads took: 0.0000140 seconds
[13.715s][info ][safepoint    ] Application time: 0.0307207 seconds
[13.715s][info ][safepoint    ] Entering safepoint region: Deoptimize
[13.716s][info ][safepoint    ] Leaving safepoint region
[13.716s][info ][safepoint    ] Total time for which application threads were stopped: 0.0009403 seconds, Stopping threads took: 0.0000165 seconds
[13.717s][info ][safepoint    ] Application time: 0.0008319 seconds
[13.717s][info ][safepoint    ] Entering safepoint region: Deoptimize
[13.717s][info ][safepoint    ] Leaving safepoint region
[13.717s][info ][safepoint    ] Total time for which application threads were stopped: 0.0004918 seconds, Stopping threads took: 0.0000108 seconds
[13.742s][info ][safepoint    ] Application time: 0.0248834 seconds
[13.742s][info ][safepoint    ] Entering safepoint region: CollectForMetadataAllocation
[13.742s][info ][safepoint    ] Leaving safepoint region
[13.742s][info ][safepoint    ] Total time for which application threads were stopped: 0.0001666 seconds, Stopping threads took: 0.0000151 seconds
[13.742s][info ][safepoint    ] Application time: 0.0000928 seconds
[13.743s][info ][safepoint    ] Entering safepoint region: CollectForMetadataAllocation
[13.743s][info ][safepoint    ] Leaving safepoint region
[13.743s][info ][safepoint    ] Total time for which application threads were stopped: 0.0000769 seconds, Stopping threads took: 0.0000371 seconds
[13.902s][info ][safepoint    ] Application time: 0.1590325 seconds
[13.902s][info ][safepoint    ] Entering safepoint region: ICBufferFull
[13.902s][info ][safepoint    ] Leaving safepoint region
[13.902s][info ][safepoint    ] Total time for which application threads were stopped: 0.0001908 seconds, Stopping threads took: 0.0000257 seconds
[13.993s][info ][safepoint    ] Application time: 0.0915610 seconds
[13.993s][info ][safepoint    ] Entering safepoint region: ICBufferFull
[13.994s][info ][safepoint    ] Leaving safepoint region
[13.994s][info ][safepoint    ] Total time for which application threads were stopped: 0.0002703 seconds, Stopping threads took: 0.0000694 seconds
[14.009s][info ][safepoint    ] Application time: 0.0153088 seconds
[14.009s][info ][safepoint    ] Entering safepoint region: CollectForMetadataAllocation
[14.009s][info ][safepoint    ] Leaving safepoint region
[14.009s][info ][safepoint    ] Total time for which application threads were stopped: 0.0002222 seconds, Stopping threads took: 0.0000982 seconds
[14.131s][info ][safepoint    ] Application time: 0.1216732 seconds
[14.131s][info ][safepoint    ] Entering safepoint region: ICBufferFull
[14.131s][info ][safepoint    ] Leaving safepoint region
[14.131s][info ][safepoint    ] Total time for which application threads were stopped: 0.0001960 seconds, Stopping threads took: 0.0000154 seconds
[14.365s][info ][safepoint    ] Application time: 0.2338819 seconds
[14.365s][info ][safepoint    ] Entering safepoint region: ICBufferFull
[14.365s][info ][safepoint    ] Leaving safepoint region
[14.365s][info ][safepoint    ] Total time for which application threads were stopped: 0.0001715 seconds, Stopping threads took: 0.0000176 seconds
[14.523s][info ][safepoint    ] Application time: 0.1573314 seconds
[14.523s][info ][safepoint    ] Entering safepoint region: ICBufferFull
[14.523s][info ][safepoint    ] Leaving safepoint region
[14.523s][info ][safepoint    ] Total time for which application threads were stopped: 0.0001992 seconds, Stopping threads took: 0.0000149 seconds
[14.581s][info ][safepoint    ] Application time: 0.0581621 seconds
[14.581s][info ][safepoint    ] Entering safepoint region: CMS_Initial_Mark
[14.581s][info ][gc,start     ] GC(99) Pause Initial Mark
[14.619s][info ][gc           ] GC(99) Pause Initial Mark 372M->372M(850M) 37.514ms
[14.619s][info ][gc,cpu       ] GC(99) User=0.15s Sys=0.00s Real=0.04s
[14.619s][info ][safepoint    ] Leaving safepoint region
[14.619s][info ][safepoint    ] Total time for which application threads were stopped: 0.0377322 seconds, Stopping threads took: 0.0000151 seconds
[14.619s][info ][gc           ] GC(99) Concurrent Mark
[14.842s][info ][gc           ] GC(99) Concurrent Mark 223.050ms
[14.842s][info ][gc,cpu       ] GC(99) User=0.55s Sys=0.00s Real=0.22s
[14.842s][info ][gc           ] GC(99) Concurrent Preclean
[14.842s][debug][gc,ref       ] GC(99) Preclean SoftReferences 0.001ms
[14.842s][debug][gc,ref       ] GC(99) Preclean WeakReferences 0.033ms
[14.842s][debug][gc,ref       ] GC(99) Preclean FinalReferences 0.003ms
[14.842s][debug][gc,ref       ] GC(99) Preclean PhantomReferences 0.002ms
[14.845s][info ][gc           ] GC(99) Concurrent Preclean 3.538ms
[14.845s][info ][gc,cpu       ] GC(99) User=0.00s Sys=0.00s Real=0.00s
[14.845s][info ][gc           ] GC(99) Concurrent Abortable Preclean
[14.975s][info ][safepoint    ] Application time: 0.3561330 seconds
[14.975s][info ][safepoint    ] Entering safepoint region: ICBufferFull
[14.975s][info ][safepoint    ] Leaving safepoint region
[14.975s][info ][safepoint    ] Total time for which application threads were stopped: 0.0001848 seconds, Stopping threads took: 0.0000172 seconds
[15.326s][info ][safepoint    ] Application time: 0.3510733 seconds
[15.326s][info ][safepoint    ] Entering safepoint region: GenCollectForAllocation
[15.326s][info ][gc,start     ] GC(100) Pause Young (Allocation Failure)
[15.326s][info ][gc,task      ] GC(100) Using 4 workers of 4 for evacuation
[15.370s][debug][gc,ref       ] GC(100) Skipped phase1 of Reference Processing due to unavailable references
[15.370s][debug][gc,ref       ] GC(100) Skipped phase3 of Reference Processing due to unavailable references
[15.370s][debug][gc,age       ] GC(100) Desired survivor size 15368192 bytes, new threshold 1 (max threshold 6)
[15.370s][info ][gc,heap      ] GC(100) ParNew: 270336K->30016K(270336K)
[15.370s][info ][gc,heap      ] GC(100) CMS: 143733K->167162K(600768K)
[15.370s][info ][gc,metaspace ] GC(100) Metaspace: 45857K->45857K(1091584K)
[15.371s][info ][gc           ] GC(100) Pause Young (Allocation Failure) 404M->192M(850M) 44.066ms
[15.371s][info ][gc,cpu       ] GC(100) User=0.15s Sys=0.01s Real=0.05s
[15.371s][info ][safepoint    ] Leaving safepoint region
[15.371s][info ][safepoint    ] Total time for which application threads were stopped: 0.0443251 seconds, Stopping threads took: 0.0000161 seconds
[15.371s][info ][safepoint    ] Application time: 0.0003446 seconds
[15.371s][info ][safepoint    ] Entering safepoint region: CollectForMetadataAllocation
[15.371s][info ][safepoint    ] Leaving safepoint region
[15.371s][info ][safepoint    ] Total time for which application threads were stopped: 0.0001457 seconds, Stopping threads took: 0.0000584 seconds
[15.916s][info ][safepoint    ] Application time: 0.5446018 seconds
[15.916s][info ][safepoint    ] Entering safepoint region: ICBufferFull
[15.916s][info ][safepoint    ] Leaving safepoint region
[15.916s][info ][safepoint    ] Total time for which application threads were stopped: 0.0002116 seconds, Stopping threads took: 0.0000163 seconds
[16.823s][info ][safepoint    ] Application time: 0.9073518 seconds
[16.823s][info ][safepoint    ] Entering safepoint region: ICBufferFull
[16.824s][info ][safepoint    ] Leaving safepoint region
[16.824s][info ][safepoint    ] Total time for which application threads were stopped: 0.0002259 seconds, Stopping threads took: 0.0000290 seconds
[17.824s][info ][safepoint    ] Application time: 1.0001301 seconds
[17.824s][info ][safepoint    ] Entering safepoint region: Cleanup
[17.824s][info ][safepoint    ] Leaving safepoint region
[17.824s][info ][safepoint    ] Total time for which application threads were stopped: 0.0001948 seconds, Stopping threads took: 0.0000246 seconds
[18.082s][info ][safepoint    ] Application time: 0.2576029 seconds
[18.082s][info ][safepoint    ] Entering safepoint region: ICBufferFull
[18.082s][info ][safepoint    ] Leaving safepoint region
[18.082s][info ][safepoint    ] Total time for which application threads were stopped: 0.0002298 seconds, Stopping threads took: 0.0000301 seconds
[18.420s][info ][safepoint    ] Application time: 0.3383635 seconds
[18.420s][info ][safepoint    ] Entering safepoint region: ICBufferFull
[18.420s][info ][safepoint    ] Leaving safepoint region
[18.420s][info ][safepoint    ] Total time for which application threads were stopped: 0.0002216 seconds, Stopping threads took: 0.0000151 seconds
[18.829s][info ][gc           ] GC(99) Concurrent Abortable Preclean 3983.482ms
[18.829s][info ][gc,cpu       ] GC(99) User=5.48s Sys=0.18s Real=3.99s
[18.829s][info ][safepoint    ] Application time: 0.4086735 seconds
[18.829s][info ][safepoint    ] Entering safepoint region: CMS_Final_Remark
[18.829s][info ][gc,start     ] GC(99) Pause Remark
[18.854s][debug][gc,phases    ] GC(99) Rescan (parallel) 25.160ms
[18.854s][debug][gc,ref       ] GC(99) Skipped phase1 of Reference Processing due to unavailable references
[18.854s][debug][gc,ref       ] GC(99) Skipped phase2 of Reference Processing due to unavailable references
[18.854s][debug][gc,ref       ] GC(99) Skipped phase3 of Reference Processing due to unavailable references
[18.854s][debug][gc,ref       ] GC(99) Skipped phase4 of Reference Processing due to unavailable references
[18.854s][debug][gc,phases    ] GC(99) Reference Processing 0.033ms
[18.855s][debug][gc,phases    ] GC(99) Weak Processing 0.100ms
[18.855s][debug][gc,phases    ] GC(99) ClassLoaderData 0.877ms
[18.855s][debug][gc,phases    ] GC(99) Dictionary 0.018ms
[18.855s][debug][gc,phases    ] GC(99) ProtectionDomainCacheTable 0.004ms
[18.856s][debug][gc,phases    ] GC(99) ResolvedMethodTable 0.117ms
[18.874s][debug][gc,phases    ] GC(99) Class Unloading 19.378ms
[18.877s][debug][gc,phases    ] GC(99) Scrub Symbol Table 3.431ms
[18.878s][debug][gc,phases    ] GC(99) Scrub String Table 0.576ms
[18.879s][info ][gc           ] GC(99) Pause Remark 316M->316M(850M) 49.399ms
[18.879s][info ][gc,cpu       ] GC(99) User=0.13s Sys=0.00s Real=0.05s
[18.879s][info ][safepoint    ] Leaving safepoint region
[18.879s][info ][safepoint    ] Total time for which application threads were stopped: 0.0495544 seconds, Stopping threads took: 0.0000155 seconds
[18.879s][info ][gc           ] GC(99) Concurrent Sweep
[18.885s][info ][safepoint    ] Application time: 0.0060030 seconds
[18.885s][info ][safepoint    ] Entering safepoint region: ICBufferFull
[18.885s][info ][safepoint    ] Leaving safepoint region
[18.885s][info ][safepoint    ] Total time for which application threads were stopped: 0.0002235 seconds, Stopping threads took: 0.0000155 seconds
[18.917s][info ][safepoint    ] Application time: 0.0317860 seconds
[18.917s][info ][safepoint    ] Entering safepoint region: Deoptimize
[18.918s][info ][safepoint    ] Leaving safepoint region
[18.918s][info ][safepoint    ] Total time for which application threads were stopped: 0.0011181 seconds, Stopping threads took: 0.0000150 seconds
[18.963s][info ][gc           ] GC(99) Concurrent Sweep 84.262ms
[18.963s][info ][gc,cpu       ] GC(99) User=0.18s Sys=0.01s Real=0.08s
[18.963s][info ][gc           ] GC(99) Concurrent Reset
[18.973s][info ][gc           ] GC(99) Concurrent Reset 10.430ms
[18.973s][info ][gc,cpu       ] GC(99) User=0.02s Sys=0.00s Real=0.01s
[18.973s][info ][gc,heap      ] GC(99) Old: 143733K->155995K(600768K)
[19.918s][info ][safepoint    ] Application time: 1.0001488 seconds
[19.918s][info ][safepoint    ] Entering safepoint region: Cleanup
[19.918s][info ][safepoint    ] Leaving safepoint region
[19.918s][info ][safepoint    ] Total time for which application threads were stopped: 0.0002711 seconds, Stopping threads took: 0.0000362 seconds
[20.918s][info ][safepoint    ] Application time: 1.0001381 seconds
[20.919s][info ][safepoint    ] Entering safepoint region: Cleanup
[20.919s][info ][safepoint    ] Leaving safepoint region
[20.919s][info ][safepoint    ] Total time for which application threads were stopped: 0.0001578 seconds, Stopping threads took: 0.0000368 seconds
[21.800s][info ][safepoint    ] Application time: 0.8811461 seconds
[21.800s][info ][safepoint    ] Entering safepoint region: RevokeBias
[21.800s][info ][safepoint    ] Leaving safepoint region
[21.800s][info ][safepoint    ] Total time for which application threads were stopped: 0.0001458 seconds, Stopping threads took: 0.0000129 seconds
[21.807s][info ][safepoint    ] Application time: 0.0065542 seconds
[21.807s][info ][safepoint    ] Entering safepoint region: RevokeBias
[21.807s][info ][safepoint    ] Leaving safepoint region
[21.807s][info ][safepoint    ] Total time for which application threads were stopped: 0.0000526 seconds, Stopping threads took: 0.0000103 seconds
[21.807s][info ][safepoint    ] Application time: 0.0004045 seconds
[21.807s][info ][safepoint    ] Entering safepoint region: RevokeBias
[21.807s][info ][safepoint    ] Leaving safepoint region
[21.807s][info ][safepoint    ] Total time for which application threads were stopped: 0.0000379 seconds, Stopping threads took: 0.0000083 seconds
[21.853s][info ][safepoint    ] Application time: 0.0456465 seconds
[21.853s][info ][safepoint    ] Entering safepoint region: Deoptimize
[21.854s][info ][safepoint    ] Leaving safepoint region
[21.854s][info ][safepoint    ] Total time for which application threads were stopped: 0.0010392 seconds, Stopping threads took: 0.0000171 seconds
[21.856s][info ][safepoint    ] Application time: 0.0024866 seconds
[21.856s][info ][safepoint    ] Entering safepoint region: RevokeBias
[21.856s][info ][safepoint    ] Leaving safepoint region
[21.856s][info ][safepoint    ] Total time for which application threads were stopped: 0.0000522 seconds, Stopping threads took: 0.0000101 seconds
[21.875s][info ][safepoint    ] Application time: 0.0188545 seconds
[21.875s][info ][safepoint    ] Entering safepoint region: RevokeBias
[21.875s][info ][safepoint    ] Leaving safepoint region
[21.875s][info ][safepoint    ] Total time for which application threads were stopped: 0.0001090 seconds, Stopping threads took: 0.0000153 seconds
[21.877s][info ][safepoint    ] Application time: 0.0018464 seconds
[21.877s][info ][safepoint    ] Entering safepoint region: RevokeBias
[21.877s][info ][safepoint    ] Leaving safepoint region
[21.877s][info ][safepoint    ] Total time for which application threads were stopped: 0.0000524 seconds, Stopping threads took: 0.0000101 seconds
[22.318s][info ][safepoint    ] Application time: 0.4408137 seconds
[22.318s][info ][safepoint    ] Entering safepoint region: GenCollectForAllocation
[22.318s][info ][gc,start     ] GC(101) Pause Young (Allocation Failure)
[22.318s][info ][gc,task      ] GC(101) Using 4 workers of 4 for evacuation
[22.343s][debug][gc,ref       ] GC(101) Skipped phase1 of Reference Processing due to unavailable references
[22.343s][debug][gc,ref       ] GC(101) Skipped phase3 of Reference Processing due to unavailable references
[22.343s][debug][gc,age       ] GC(101) Desired survivor size 15368192 bytes, new threshold 6 (max threshold 6)
[22.343s][info ][gc,heap      ] GC(101) ParNew: 270336K->25149K(270336K)
[22.343s][info ][gc,heap      ] GC(101) CMS: 155995K->182013K(600768K)
[22.343s][info ][gc,metaspace ] GC(101) Metaspace: 47536K->47536K(1091584K)
[22.343s][info ][gc           ] GC(101) Pause Young (Allocation Failure) 416M->202M(850M) 25.200ms
[22.343s][info ][gc,cpu       ] GC(101) User=0.08s Sys=0.00s Real=0.02s
[22.343s][info ][safepoint    ] Leaving safepoint region
[22.344s][info ][safepoint    ] Total time for which application threads were stopped: 0.0253836 seconds, Stopping threads took: 0.0000167 seconds
[22.504s][info ][safepoint    ] Application time: 0.1608552 seconds
[22.504s][info ][safepoint    ] Entering safepoint region: RevokeBias
[22.505s][info ][safepoint    ] Leaving safepoint region
[22.505s][info ][safepoint    ] Total time for which application threads were stopped: 0.0001547 seconds, Stopping threads took: 0.0000139 seconds
[22.506s][info ][safepoint    ] Application time: 0.0011213 seconds
[22.506s][info ][safepoint    ] Entering safepoint region: RevokeBias
[22.506s][info ][safepoint    ] Leaving safepoint region
[22.506s][info ][safepoint    ] Total time for which application threads were stopped: 0.0000915 seconds, Stopping threads took: 0.0000099 seconds
[22.526s][info ][safepoint    ] Application time: 0.0202532 seconds
[22.526s][info ][safepoint    ] Entering safepoint region: Deoptimize
[22.527s][info ][safepoint    ] Leaving safepoint region
[22.527s][info ][safepoint    ] Total time for which application threads were stopped: 0.0010644 seconds, Stopping threads took: 0.0000150 seconds
[22.528s][info ][safepoint    ] Application time: 0.0008177 seconds
[22.528s][info ][safepoint    ] Entering safepoint region: RevokeBias
[22.528s][info ][safepoint    ] Leaving safepoint region
[22.528s][info ][safepoint    ] Total time for which application threads were stopped: 0.0000505 seconds, Stopping threads took: 0.0000101 seconds
[22.528s][info ][safepoint    ] Application time: 0.0001082 seconds
[22.528s][info ][safepoint    ] Entering safepoint region: RevokeBias
[22.528s][info ][safepoint    ] Leaving safepoint region
[22.528s][info ][safepoint    ] Total time for which application threads were stopped: 0.0000341 seconds, Stopping threads took: 0.0000064 seconds
[22.528s][info ][safepoint    ] Application time: 0.0000499 seconds
[22.528s][info ][safepoint    ] Entering safepoint region: RevokeBias
[22.528s][info ][safepoint    ] Leaving safepoint region
[22.528s][info ][safepoint    ] Total time for which application threads were stopped: 0.0000302 seconds, Stopping threads took: 0.0000063 seconds
[22.528s][info ][safepoint    ] Application time: 0.0000441 seconds
[22.528s][info ][safepoint    ] Entering safepoint region: RevokeBias
[22.528s][info ][safepoint    ] Leaving safepoint region
[22.528s][info ][safepoint    ] Total time for which application threads were stopped: 0.0000302 seconds, Stopping threads took: 0.0000061 seconds
[22.534s][info ][safepoint    ] Application time: 0.0054130 seconds
[22.534s][info ][safepoint    ] Entering safepoint region: RevokeBias
[22.534s][info ][safepoint    ] Leaving safepoint region
[22.534s][info ][safepoint    ] Total time for which application threads were stopped: 0.0000556 seconds, Stopping threads took: 0.0000089 seconds
[22.539s][info ][safepoint    ] Application time: 0.0053826 seconds
[22.539s][info ][safepoint    ] Entering safepoint region: RevokeBias
[22.539s][info ][safepoint    ] Leaving safepoint region
[22.539s][info ][safepoint    ] Total time for which application threads were stopped: 0.0000557 seconds, Stopping threads took: 0.0000204 seconds
[22.560s][info ][safepoint    ] Application time: 0.0205035 seconds
[22.560s][info ][safepoint    ] Entering safepoint region: RevokeBias
[22.560s][info ][safepoint    ] Leaving safepoint region
[22.560s][info ][safepoint    ] Total time for which application threads were stopped: 0.0000883 seconds, Stopping threads took: 0.0000157 seconds
[22.560s][info ][safepoint    ] Application time: 0.0001023 seconds
[22.560s][info ][safepoint    ] Entering safepoint region: RevokeBias
[22.560s][info ][safepoint    ] Leaving safepoint region
[22.560s][info ][safepoint    ] Total time for which application threads were stopped: 0.0000300 seconds, Stopping threads took: 0.0000065 seconds
[22.601s][info ][safepoint    ] Application time: 0.0410875 seconds
[22.601s][info ][safepoint    ] Entering safepoint region: Deoptimize
[22.602s][info ][safepoint    ] Leaving safepoint region
[22.602s][info ][safepoint    ] Total time for which application threads were stopped: 0.0010439 seconds, Stopping threads took: 0.0000170 seconds
[22.645s][info ][safepoint    ] Application time: 0.0427785 seconds
[22.645s][info ][safepoint    ] Entering safepoint region: Deoptimize
[22.646s][info ][safepoint    ] Leaving safepoint region
[22.646s][info ][safepoint    ] Total time for which application threads were stopped: 0.0011954 seconds, Stopping threads took: 0.0000160 seconds
[22.667s][info ][safepoint    ] Application time: 0.0203382 seconds
[22.667s][info ][safepoint    ] Entering safepoint region: RevokeBias
[22.667s][info ][safepoint    ] Leaving safepoint region
[22.667s][info ][safepoint    ] Total time for which application threads were stopped: 0.0001428 seconds, Stopping threads took: 0.0000589 seconds
[22.762s][info ][safepoint    ] Application time: 0.0952177 seconds
[22.762s][info ][safepoint    ] Entering safepoint region: RevokeBias
[22.762s][info ][safepoint    ] Leaving safepoint region
[22.762s][info ][safepoint    ] Total time for which application threads were stopped: 0.0001797 seconds, Stopping threads took: 0.0000394 seconds
[22.893s][info ][safepoint    ] Application time: 0.1310776 seconds
[22.893s][info ][safepoint    ] Entering safepoint region: Deoptimize
[22.894s][info ][safepoint    ] Leaving safepoint region
[22.894s][info ][safepoint    ] Total time for which application threads were stopped: 0.0011030 seconds, Stopping threads took: 0.0000185 seconds
[22.895s][info ][safepoint    ] Application time: 0.0003426 seconds
[22.895s][info ][safepoint    ] Entering safepoint region: Deoptimize
[22.895s][info ][safepoint    ] Leaving safepoint region
[22.895s][info ][safepoint    ] Total time for which application threads were stopped: 0.0004132 seconds, Stopping threads took: 0.0000080 seconds
[22.896s][info ][safepoint    ] Application time: 0.0011453 seconds
[22.896s][info ][safepoint    ] Entering safepoint region: RevokeBias
[22.896s][info ][safepoint    ] Leaving safepoint region
[22.896s][info ][safepoint    ] Total time for which application threads were stopped: 0.0000547 seconds, Stopping threads took: 0.0000089 seconds
[22.897s][info ][safepoint    ] Application time: 0.0003850 seconds
[22.897s][info ][safepoint    ] Entering safepoint region: Deoptimize
[22.897s][info ][safepoint    ] Leaving safepoint region
[22.897s][info ][safepoint    ] Total time for which application threads were stopped: 0.0003724 seconds, Stopping threads took: 0.0000069 seconds
[22.901s][info ][safepoint    ] Application time: 0.0040790 seconds
[22.901s][info ][safepoint    ] Entering safepoint region: RevokeBias
[22.901s][info ][safepoint    ] Leaving safepoint region
[22.901s][info ][safepoint    ] Total time for which application threads were stopped: 0.0000914 seconds, Stopping threads took: 0.0000365 seconds
[22.922s][info ][safepoint    ] Application time: 0.0208023 seconds
[22.922s][info ][safepoint    ] Entering safepoint region: RevokeBias
[22.922s][info ][safepoint    ] Leaving safepoint region
[22.922s][info ][safepoint    ] Total time for which application threads were stopped: 0.0000831 seconds, Stopping threads took: 0.0000171 seconds
[22.927s][info ][safepoint    ] Application time: 0.0045803 seconds
[22.927s][info ][safepoint    ] Entering safepoint region: Deoptimize
[22.931s][info ][safepoint    ] Leaving safepoint region
[22.931s][info ][safepoint    ] Total time for which application threads were stopped: 0.0038419 seconds, Stopping threads took: 0.0000308 seconds
[22.935s][info ][safepoint    ] Application time: 0.0040729 seconds
[22.935s][info ][safepoint    ] Entering safepoint region: Deoptimize
[22.935s][info ][safepoint    ] Leaving safepoint region
[22.936s][info ][safepoint    ] Total time for which application threads were stopped: 0.0006461 seconds, Stopping threads took: 0.0000112 seconds
[23.141s][info ][safepoint    ] Application time: 0.2052560 seconds
[23.141s][info ][safepoint    ] Entering safepoint region: ICBufferFull
[23.141s][info ][safepoint    ] Leaving safepoint region
[23.141s][info ][safepoint    ] Total time for which application threads were stopped: 0.0001966 seconds, Stopping threads took: 0.0000175 seconds
[23.356s][info ][safepoint    ] Application time: 0.2146721 seconds
[23.356s][info ][safepoint    ] Entering safepoint region: RevokeBias
[23.356s][info ][safepoint    ] Leaving safepoint region
[23.356s][info ][safepoint    ] Total time for which application threads were stopped: 0.0002429 seconds, Stopping threads took: 0.0000646 seconds
[23.356s][info ][safepoint    ] Application time: 0.0004270 seconds
[23.356s][info ][safepoint    ] Entering safepoint region: RevokeBias
[23.356s][info ][safepoint    ] Leaving safepoint region
[23.356s][info ][safepoint    ] Total time for which application threads were stopped: 0.0000783 seconds, Stopping threads took: 0.0000308 seconds
[23.427s][info ][safepoint    ] Application time: 0.0707862 seconds
[23.428s][info ][safepoint    ] Entering safepoint region: ICBufferFull
[23.428s][info ][safepoint    ] Leaving safepoint region
[23.428s][info ][safepoint    ] Total time for which application threads were stopped: 0.0004585 seconds, Stopping threads took: 0.0002688 seconds
[23.555s][info ][safepoint    ] Application time: 0.1271429 seconds
[23.555s][info ][safepoint    ] Entering safepoint region: ICBufferFull
[23.555s][info ][safepoint    ] Leaving safepoint region
[23.555s][info ][safepoint    ] Total time for which application threads were stopped: 0.0002460 seconds, Stopping threads took: 0.0000468 seconds
[23.585s][info ][safepoint    ] Application time: 0.0301945 seconds
[23.585s][info ][safepoint    ] Entering safepoint region: RevokeBias
[23.586s][info ][safepoint    ] Leaving safepoint region
[23.586s][info ][safepoint    ] Total time for which application threads were stopped: 0.0001650 seconds, Stopping threads took: 0.0000328 seconds
[23.965s][info ][safepoint    ] Application time: 0.3789412 seconds
[23.965s][info ][safepoint    ] Entering safepoint region: GenCollectForAllocation
[23.965s][info ][gc,start     ] GC(102) Pause Young (Allocation Failure)
[23.965s][info ][gc,task      ] GC(102) Using 4 workers of 4 for evacuation
[23.977s][debug][gc,ref       ] GC(102) Skipped phase1 of Reference Processing due to unavailable references
[23.978s][debug][gc,age       ] GC(102) Desired survivor size 15368192 bytes, new threshold 1 (max threshold 6)
[23.978s][info ][gc,heap      ] GC(102) ParNew: 265469K->30016K(270336K)
[23.978s][info ][gc,heap      ] GC(102) CMS: 182013K->184159K(600768K)
[23.978s][info ][gc,metaspace ] GC(102) Metaspace: 54558K->54558K(1099776K)
[23.978s][info ][gc           ] GC(102) Pause Young (Allocation Failure) 436M->209M(850M) 12.920ms
[23.978s][info ][gc,cpu       ] GC(102) User=0.05s Sys=0.00s Real=0.02s
[23.978s][info ][safepoint    ] Leaving safepoint region
[23.978s][info ][safepoint    ] Total time for which application threads were stopped: 0.0131871 seconds, Stopping threads took: 0.0000163 seconds
[24.717s][info ][safepoint    ] Application time: 0.7391884 seconds
[24.717s][info ][safepoint    ] Entering safepoint region: ICBufferFull
[24.717s][info ][safepoint    ] Leaving safepoint region
[24.717s][info ][safepoint    ] Total time for which application threads were stopped: 0.0002138 seconds, Stopping threads took: 0.0000162 seconds
[25.717s][info ][safepoint    ] Application time: 1.0000990 seconds
[25.717s][info ][safepoint    ] Entering safepoint region: Cleanup
[25.718s][info ][safepoint    ] Leaving safepoint region
[25.718s][info ][safepoint    ] Total time for which application threads were stopped: 0.0002841 seconds, Stopping threads took: 0.0000932 seconds
[26.718s][info ][safepoint    ] Application time: 1.0000992 seconds
[26.718s][info ][safepoint    ] Entering safepoint region: Cleanup
[26.718s][info ][safepoint    ] Leaving safepoint region
[26.718s][info ][safepoint    ] Total time for which application threads were stopped: 0.0002278 seconds, Stopping threads took: 0.0000387 seconds
[27.718s][info ][safepoint    ] Application time: 1.0001299 seconds
[27.718s][info ][safepoint    ] Entering safepoint region: Cleanup
[27.718s][info ][safepoint    ] Leaving safepoint region
[27.718s][info ][safepoint    ] Total time for which application threads were stopped: 0.0001951 seconds, Stopping threads took: 0.0000371 seconds
[27.728s][info ][safepoint    ] Application time: 0.0096387 seconds
[27.728s][info ][safepoint    ] Entering safepoint region: GenCollectForAllocation
[27.728s][info ][gc,start     ] GC(103) Pause Young (Allocation Failure)
[27.728s][info ][gc,task      ] GC(103) Using 4 workers of 4 for evacuation
[27.746s][debug][gc,ref       ] GC(103) Skipped phase1 of Reference Processing due to unavailable references
[27.746s][debug][gc,ref       ] GC(103) Skipped phase3 of Reference Processing due to unavailable references
[27.747s][debug][gc,age       ] GC(103) Desired survivor size 15368192 bytes, new threshold 6 (max threshold 6)
[27.747s][info ][gc,heap      ] GC(103) ParNew: 270336K->11819K(270336K)
[27.747s][info ][gc,heap      ] GC(103) CMS: 184159K->212657K(600768K)
[27.747s][info ][gc,metaspace ] GC(103) Metaspace: 54762K->54762K(1099776K)
[27.747s][info ][gc           ] GC(103) Pause Young (Allocation Failure) 443M->219M(850M) 18.384ms
[27.747s][info ][gc,cpu       ] GC(103) User=0.05s Sys=0.01s Real=0.01s
[27.747s][info ][safepoint    ] Leaving safepoint region
[27.747s][info ][safepoint    ] Total time for which application threads were stopped: 0.0186406 seconds, Stopping threads took: 0.0000747 seconds
[27.897s][info ][safepoint    ] Application time: 0.1502094 seconds
[27.897s][info ][safepoint    ] Entering safepoint region: RevokeBias
[27.897s][info ][safepoint    ] Leaving safepoint region
[27.897s][info ][safepoint    ] Total time for which application threads were stopped: 0.0000932 seconds, Stopping threads took: 0.0000184 seconds
[27.897s][info ][safepoint    ] Application time: 0.0000996 seconds
[27.897s][info ][safepoint    ] Entering safepoint region: RevokeBias
[27.897s][info ][safepoint    ] Leaving safepoint region
[27.897s][info ][safepoint    ] Total time for which application threads were stopped: 0.0000274 seconds, Stopping threads took: 0.0000065 seconds
[27.919s][info ][safepoint    ] Application time: 0.0221901 seconds
[27.919s][info ][safepoint    ] Entering safepoint region: ICBufferFull
[27.920s][info ][safepoint    ] Leaving safepoint region
[27.920s][info ][safepoint    ] Total time for which application threads were stopped: 0.0002444 seconds, Stopping threads took: 0.0000363 seconds
[28.920s][info ][safepoint    ] Application time: 1.0002334 seconds
[28.920s][info ][safepoint    ] Entering safepoint region: Cleanup
[28.920s][info ][safepoint    ] Leaving safepoint region
[28.920s][info ][safepoint    ] Total time for which application threads were stopped: 0.0001606 seconds, Stopping threads took: 0.0000368 seconds
[29.920s][info ][safepoint    ] Application time: 1.0000948 seconds
[29.920s][info ][safepoint    ] Entering safepoint region: Cleanup
[29.920s][info ][safepoint    ] Leaving safepoint region
[29.920s][info ][safepoint    ] Total time for which application threads were stopped: 0.0001811 seconds, Stopping threads took: 0.0000822 seconds
[30.920s][info ][safepoint    ] Application time: 1.0000988 seconds
[30.936s][info ][safepoint    ] Entering safepoint region: Cleanup
[30.936s][info ][safepoint    ] Leaving safepoint region
[30.936s][info ][safepoint    ] Total time for which application threads were stopped: 0.0157077 seconds, Stopping threads took: 0.0155327 seconds
[31.873s][info ][safepoint    ] Application time: 0.9373056 seconds
[31.874s][info ][safepoint    ] Entering safepoint region: GenCollectForAllocation
[31.874s][info ][gc,start     ] GC(104) Pause Young (Allocation Failure)
[31.874s][info ][gc,task      ] GC(104) Using 4 workers of 4 for evacuation
[31.879s][debug][gc,ref       ] GC(104) Skipped phase1 of Reference Processing due to unavailable references
[31.879s][debug][gc,ref       ] GC(104) Skipped phase3 of Reference Processing due to unavailable references
[31.879s][debug][gc,age       ] GC(104) Desired survivor size 15368192 bytes, new threshold 6 (max threshold 6)
[31.879s][info ][gc,heap      ] GC(104) ParNew: 252139K->5730K(270336K)
[31.879s][info ][gc,heap      ] GC(104) CMS: 212657K->212657K(600768K)
[31.879s][info ][gc,metaspace ] GC(104) Metaspace: 54879K->54879K(1099776K)
[31.879s][info ][gc           ] GC(104) Pause Young (Allocation Failure) 453M->213M(850M) 5.689ms
[31.879s][info ][gc,cpu       ] GC(104) User=0.02s Sys=0.00s Real=0.01s
[31.879s][info ][safepoint    ] Leaving safepoint region
[31.879s][info ][safepoint    ] Total time for which application threads were stopped: 0.0059351 seconds, Stopping threads took: 0.0000156 seconds
[32.880s][info ][safepoint    ] Application time: 1.0001180 seconds
[32.880s][info ][safepoint    ] Entering safepoint region: Cleanup
[32.880s][info ][safepoint    ] Leaving safepoint region
[32.880s][info ][safepoint    ] Total time for which application threads were stopped: 0.0002542 seconds, Stopping threads took: 0.0001085 seconds
[32.897s][info ][safepoint    ] Application time: 0.0174858 seconds
[32.903s][info ][safepoint    ] Entering safepoint region: RevokeBias
[32.903s][info ][safepoint    ] Leaving safepoint region
[32.903s][info ][safepoint    ] Total time for which application threads were stopped: 0.0055234 seconds, Stopping threads took: 0.0054369 seconds
[32.904s][info ][safepoint    ] Application time: 0.0008942 seconds
[32.904s][info ][safepoint    ] Entering safepoint region: RevokeBias
[32.904s][info ][safepoint    ] Leaving safepoint region
[32.904s][info ][safepoint    ] Total time for which application threads were stopped: 0.0000632 seconds, Stopping threads took: 0.0000119 seconds
[32.907s][info ][safepoint    ] Application time: 0.0032675 seconds
[32.907s][info ][safepoint    ] Entering safepoint region: RevokeBias
[32.907s][info ][safepoint    ] Leaving safepoint region
[32.907s][info ][safepoint    ] Total time for which application threads were stopped: 0.0000494 seconds, Stopping threads took: 0.0000191 seconds
[32.911s][info ][safepoint    ] Application time: 0.0037835 seconds
[32.911s][info ][safepoint    ] Entering safepoint region: RevokeBias
[32.911s][info ][safepoint    ] Leaving safepoint region
[32.911s][info ][safepoint    ] Total time for which application threads were stopped: 0.0000417 seconds, Stopping threads took: 0.0000111 seconds
[32.911s][info ][safepoint    ] Application time: 0.0001333 seconds
[32.911s][info ][safepoint    ] Entering safepoint region: RevokeBias
[32.911s][info ][safepoint    ] Leaving safepoint region
[32.911s][info ][safepoint    ] Total time for which application threads were stopped: 0.0000281 seconds, Stopping threads took: 0.0000066 seconds
[32.912s][info ][safepoint    ] Application time: 0.0002978 seconds
[32.912s][info ][safepoint    ] Entering safepoint region: RevokeBias
[32.912s][info ][safepoint    ] Leaving safepoint region
[32.912s][info ][safepoint    ] Total time for which application threads were stopped: 0.0000405 seconds, Stopping threads took: 0.0000112 seconds
[33.912s][info ][safepoint    ] Application time: 1.0001001 seconds
[33.912s][info ][safepoint    ] Entering safepoint region: Cleanup
[33.912s][info ][safepoint    ] Leaving safepoint region
[33.912s][info ][safepoint    ] Total time for which application threads were stopped: 0.0001610 seconds, Stopping threads took: 0.0000328 seconds
[34.912s][info ][safepoint    ] Application time: 1.0004921 seconds
[34.912s][info ][safepoint    ] Entering safepoint region: Cleanup
[34.913s][info ][safepoint    ] Leaving safepoint region
[34.913s][info ][safepoint    ] Total time for which application threads were stopped: 0.0001455 seconds, Stopping threads took: 0.0000190 seconds
[35.913s][info ][safepoint    ] Application time: 1.0001014 seconds
[35.913s][info ][safepoint    ] Entering safepoint region: Cleanup
[35.913s][info ][safepoint    ] Leaving safepoint region
[35.913s][info ][safepoint    ] Total time for which application threads were stopped: 0.0001176 seconds, Stopping threads took: 0.0000188 seconds
[36.326s][info ][safepoint    ] Application time: 0.4135031 seconds
[36.326s][info ][safepoint    ] Entering safepoint region: GenCollectForAllocation
[36.327s][info ][gc,start     ] GC(105) Pause Young (Allocation Failure)
[36.327s][info ][gc,task      ] GC(105) Using 4 workers of 4 for evacuation
[36.330s][debug][gc,ref       ] GC(105) Skipped phase1 of Reference Processing due to unavailable references
[36.330s][debug][gc,ref       ] GC(105) Skipped phase3 of Reference Processing due to unavailable references
[36.330s][debug][gc,age       ] GC(105) Desired survivor size 15368192 bytes, new threshold 6 (max threshold 6)
[36.330s][info ][gc,heap      ] GC(105) ParNew: 246050K->4553K(270336K)
[36.330s][info ][gc,heap      ] GC(105) CMS: 212657K->212657K(600768K)
[36.330s][info ][gc,metaspace ] GC(105) Metaspace: 54993K->54993K(1099776K)
[36.330s][info ][gc           ] GC(105) Pause Young (Allocation Failure) 447M->212M(850M) 3.679ms
[36.330s][info ][gc,cpu       ] GC(105) User=0.01s Sys=0.00s Real=0.01s
[36.330s][info ][safepoint    ] Leaving safepoint region
[36.330s][info ][safepoint    ] Total time for which application threads were stopped: 0.0038645 seconds, Stopping threads took: 0.0000173 seconds
[37.330s][info ][safepoint    ] Application time: 1.0000984 seconds
[37.330s][info ][safepoint    ] Entering safepoint region: Cleanup
[37.330s][info ][safepoint    ] Leaving safepoint region
[37.330s][info ][safepoint    ] Total time for which application threads were stopped: 0.0001093 seconds, Stopping threads took: 0.0000182 seconds
[38.331s][info ][safepoint    ] Application time: 1.0000834 seconds
[38.331s][info ][safepoint    ] Entering safepoint region: Cleanup
[38.331s][info ][safepoint    ] Leaving safepoint region
[38.331s][info ][safepoint    ] Total time for which application threads were stopped: 0.0000874 seconds, Stopping threads took: 0.0000159 seconds
[39.331s][info ][safepoint    ] Application time: 1.0000860 seconds
[39.331s][info ][safepoint    ] Entering safepoint region: Cleanup
[39.331s][info ][safepoint    ] Leaving safepoint region
[39.331s][info ][safepoint    ] Total time for which application threads were stopped: 0.0001122 seconds, Stopping threads took: 0.0000160 seconds
[40.331s][info ][safepoint    ] Application time: 1.0001276 seconds
[40.331s][info ][safepoint    ] Entering safepoint region: Cleanup
[40.331s][info ][safepoint    ] Leaving safepoint region
[40.331s][info ][safepoint    ] Total time for which application threads were stopped: 0.0000809 seconds, Stopping threads took: 0.0000164 seconds
[40.967s][info ][safepoint    ] Application time: 0.6355842 seconds
[40.967s][info ][safepoint    ] Entering safepoint region: GenCollectForAllocation
[40.967s][info ][gc,start     ] GC(106) Pause Young (Allocation Failure)
[40.967s][info ][gc,task      ] GC(106) Using 4 workers of 4 for evacuation
[40.971s][debug][gc,ref       ] GC(106) Skipped phase1 of Reference Processing due to unavailable references
[40.971s][debug][gc,ref       ] GC(106) Skipped phase3 of Reference Processing due to unavailable references
[40.971s][debug][gc,ref       ] GC(106) Skipped phase4 of Reference Processing due to unavailable references
[40.972s][debug][gc,age       ] GC(106) Desired survivor size 15368192 bytes, new threshold 6 (max threshold 6)
[40.972s][info ][gc,heap      ] GC(106) ParNew: 244873K->5553K(270336K)
[40.972s][info ][gc,heap      ] GC(106) CMS: 212657K->212657K(600768K)
[40.972s][info ][gc,metaspace ] GC(106) Metaspace: 55094K->55094K(1099776K)
[40.972s][info ][gc           ] GC(106) Pause Young (Allocation Failure) 446M->213M(850M) 4.585ms
[40.972s][info ][gc,cpu       ] GC(106) User=0.01s Sys=0.00s Real=0.00s
[40.972s][info ][safepoint    ] Leaving safepoint region
[40.972s][info ][safepoint    ] Total time for which application threads were stopped: 0.0048149 seconds, Stopping threads took: 0.0000663 seconds
[41.972s][info ][safepoint    ] Application time: 1.0001526 seconds
[41.972s][info ][safepoint    ] Entering safepoint region: Cleanup
[41.972s][info ][safepoint    ] Leaving safepoint region
[41.972s][info ][safepoint    ] Total time for which application threads were stopped: 0.0001394 seconds, Stopping threads took: 0.0000553 seconds
[42.972s][info ][safepoint    ] Application time: 1.0000673 seconds
[42.972s][info ][safepoint    ] Entering safepoint region: Cleanup
[42.972s][info ][safepoint    ] Leaving safepoint region
[42.972s][info ][safepoint    ] Total time for which application threads were stopped: 0.0001145 seconds, Stopping threads took: 0.0000383 seconds
[43.972s][info ][safepoint    ] Application time: 1.0000834 seconds
[43.972s][info ][safepoint    ] Entering safepoint region: Cleanup
[43.972s][info ][safepoint    ] Leaving safepoint region
[43.972s][info ][safepoint    ] Total time for which application threads were stopped: 0.0001521 seconds, Stopping threads took: 0.0000686 seconds
[44.973s][info ][safepoint    ] Application time: 1.0001368 seconds
[44.973s][info ][safepoint    ] Entering safepoint region: Cleanup
[44.973s][info ][safepoint    ] Leaving safepoint region
[44.973s][info ][safepoint    ] Total time for which application threads were stopped: 0.0001975 seconds, Stopping threads took: 0.0000409 seconds
[45.716s][info ][safepoint    ] Application time: 0.7430797 seconds
[45.716s][info ][safepoint    ] Entering safepoint region: GenCollectForAllocation
[45.716s][info ][gc,start     ] GC(107) Pause Young (Allocation Failure)
[45.716s][info ][gc,task      ] GC(107) Using 4 workers of 4 for evacuation
[45.720s][debug][gc,ref       ] GC(107) Skipped phase1 of Reference Processing due to unavailable references
[45.720s][debug][gc,ref       ] GC(107) Skipped phase3 of Reference Processing due to unavailable references
[45.720s][debug][gc,age       ] GC(107) Desired survivor size 15368192 bytes, new threshold 6 (max threshold 6)
[45.720s][info ][gc,heap      ] GC(107) ParNew: 245873K->5348K(270336K)
[45.720s][info ][gc,heap      ] GC(107) CMS: 212657K->212657K(600768K)
[45.720s][info ][gc,metaspace ] GC(107) Metaspace: 55185K->55185K(1099776K)
[45.720s][info ][gc           ] GC(107) Pause Young (Allocation Failure) 447M->212M(850M) 3.844ms
[45.720s][info ][gc,cpu       ] GC(107) User=0.01s Sys=0.00s Real=0.00s
[45.720s][info ][safepoint    ] Leaving safepoint region
[45.720s][info ][safepoint    ] Total time for which application threads were stopped: 0.0040134 seconds, Stopping threads took: 0.0000176 seconds
[46.720s][info ][safepoint    ] Application time: 1.0001018 seconds
[46.720s][info ][safepoint    ] Entering safepoint region: Cleanup
[46.720s][info ][safepoint    ] Leaving safepoint region
[46.720s][info ][safepoint    ] Total time for which application threads were stopped: 0.0001414 seconds, Stopping threads took: 0.0000398 seconds
[47.720s][info ][safepoint    ] Application time: 1.0000909 seconds
[47.721s][info ][safepoint    ] Entering safepoint region: Cleanup
[47.721s][info ][safepoint    ] Leaving safepoint region
[47.721s][info ][safepoint    ] Total time for which application threads were stopped: 0.0001774 seconds, Stopping threads took: 0.0001054 seconds
[48.721s][info ][safepoint    ] Application time: 1.0000924 seconds
[48.721s][info ][safepoint    ] Entering safepoint region: Cleanup
[48.721s][info ][safepoint    ] Leaving safepoint region
[48.721s][info ][safepoint    ] Total time for which application threads were stopped: 0.0001465 seconds, Stopping threads took: 0.0000694 seconds
[49.721s][info ][safepoint    ] Application time: 1.0000771 seconds
[49.721s][info ][safepoint    ] Entering safepoint region: Cleanup
[49.721s][info ][safepoint    ] Leaving safepoint region
[49.721s][info ][safepoint    ] Total time for which application threads were stopped: 0.0001158 seconds, Stopping threads took: 0.0000403 seconds
[50.471s][info ][safepoint    ] Application time: 0.7499088 seconds
[50.471s][info ][safepoint    ] Entering safepoint region: GenCollectForAllocation
[50.471s][info ][gc,start     ] GC(108) Pause Young (Allocation Failure)
[50.471s][info ][gc,task      ] GC(108) Using 4 workers of 4 for evacuation
[50.476s][debug][gc,ref       ] GC(108) Skipped phase1 of Reference Processing due to unavailable references
[50.476s][debug][gc,ref       ] GC(108) Skipped phase3 of Reference Processing due to unavailable references
[50.476s][debug][gc,ref       ] GC(108) Skipped phase4 of Reference Processing due to unavailable references
[50.476s][debug][gc,age       ] GC(108) Desired survivor size 15368192 bytes, new threshold 6 (max threshold 6)
[50.476s][info ][gc,heap      ] GC(108) ParNew: 245668K->6498K(270336K)
[50.476s][info ][gc,heap      ] GC(108) CMS: 212657K->212657K(600768K)
[50.476s][info ][gc,metaspace ] GC(108) Metaspace: 55203K->55203K(1099776K)
[50.476s][info ][gc           ] GC(108) Pause Young (Allocation Failure) 447M->214M(850M) 4.595ms
[50.476s][info ][gc,cpu       ] GC(108) User=0.01s Sys=0.00s Real=0.01s
[50.476s][info ][safepoint    ] Leaving safepoint region
[50.476s][info ][safepoint    ] Total time for which application threads were stopped: 0.0047488 seconds, Stopping threads took: 0.0000170 seconds
[51.476s][info ][safepoint    ] Application time: 1.0001062 seconds
[51.476s][info ][safepoint    ] Entering safepoint region: Cleanup
[51.476s][info ][safepoint    ] Leaving safepoint region
[51.476s][info ][safepoint    ] Total time for which application threads were stopped: 0.0000814 seconds, Stopping threads took: 0.0000163 seconds
[52.476s][info ][safepoint    ] Application time: 1.0000913 seconds
[52.476s][info ][safepoint    ] Entering safepoint region: Cleanup
[52.476s][info ][safepoint    ] Leaving safepoint region
[52.476s][info ][safepoint    ] Total time for which application threads were stopped: 0.0000994 seconds, Stopping threads took: 0.0000176 seconds
[53.476s][info ][safepoint    ] Application time: 1.0001087 seconds
[53.476s][info ][safepoint    ] Entering safepoint region: Cleanup
[53.477s][info ][safepoint    ] Leaving safepoint region
[53.477s][info ][safepoint    ] Total time for which application threads were stopped: 0.0001059 seconds, Stopping threads took: 0.0000167 seconds
[54.477s][info ][safepoint    ] Application time: 1.0000982 seconds
[54.477s][info ][safepoint    ] Entering safepoint region: Cleanup
[54.477s][info ][safepoint    ] Leaving safepoint region
[54.477s][info ][safepoint    ] Total time for which application threads were stopped: 0.0000952 seconds, Stopping threads took: 0.0000172 seconds
[55.417s][info ][safepoint    ] Application time: 0.9400513 seconds
[55.417s][info ][safepoint    ] Entering safepoint region: GenCollectForAllocation
[55.417s][info ][gc,start     ] GC(109) Pause Young (Allocation Failure)
[55.417s][info ][gc,task      ] GC(109) Using 4 workers of 4 for evacuation
[55.422s][debug][gc,ref       ] GC(109) Skipped phase1 of Reference Processing due to unavailable references
[55.422s][debug][gc,ref       ] GC(109) Skipped phase3 of Reference Processing due to unavailable references
[55.422s][debug][gc,ref       ] GC(109) Skipped phase4 of Reference Processing due to unavailable references
[55.422s][debug][gc,age       ] GC(109) Desired survivor size 15368192 bytes, new threshold 6 (max threshold 6)
[55.422s][info ][gc,heap      ] GC(109) ParNew: 246818K->2348K(270336K)
[55.422s][info ][gc,heap      ] GC(109) CMS: 212657K->215924K(600768K)
[55.422s][info ][gc,metaspace ] GC(109) Metaspace: 55231K->55231K(1099776K)
[55.422s][info ][gc           ] GC(109) Pause Young (Allocation Failure) 448M->213M(850M) 5.034ms
[55.422s][info ][gc,cpu       ] GC(109) User=0.02s Sys=0.00s Real=0.00s
[55.422s][info ][safepoint    ] Leaving safepoint region
[55.422s][info ][safepoint    ] Total time for which application threads were stopped: 0.0051964 seconds, Stopping threads took: 0.0000170 seconds
[56.422s][info ][safepoint    ] Application time: 1.0000999 seconds
[56.422s][info ][safepoint    ] Entering safepoint region: Cleanup
[56.422s][info ][safepoint    ] Leaving safepoint region
[56.422s][info ][safepoint    ] Total time for which application threads were stopped: 0.0001266 seconds, Stopping threads took: 0.0000410 seconds
[57.422s][info ][safepoint    ] Application time: 1.0001024 seconds
[57.422s][info ][safepoint    ] Entering safepoint region: Cleanup
[57.423s][info ][safepoint    ] Leaving safepoint region
[57.423s][info ][safepoint    ] Total time for which application threads were stopped: 0.0001358 seconds, Stopping threads took: 0.0000661 seconds
[58.426s][info ][safepoint    ] Application time: 1.0038764 seconds
[58.427s][info ][safepoint    ] Entering safepoint region: Cleanup
[58.427s][info ][safepoint    ] Leaving safepoint region
[58.427s][info ][safepoint    ] Total time for which application threads were stopped: 0.0001053 seconds, Stopping threads took: 0.0000179 seconds
[59.427s][info ][safepoint    ] Application time: 1.0001199 seconds
[59.427s][info ][safepoint    ] Entering safepoint region: Cleanup
[59.427s][info ][safepoint    ] Leaving safepoint region
[59.427s][info ][safepoint    ] Total time for which application threads were stopped: 0.0000787 seconds, Stopping threads took: 0.0000168 seconds
[60.217s][info ][safepoint    ] Application time: 0.7905613 seconds
[60.217s][info ][safepoint    ] Entering safepoint region: GenCollectForAllocation
[60.218s][info ][gc,start     ] GC(110) Pause Young (Allocation Failure)
[60.218s][info ][gc,task      ] GC(110) Using 4 workers of 4 for evacuation
[60.220s][debug][gc,ref       ] GC(110) Skipped phase1 of Reference Processing due to unavailable references
[60.220s][debug][gc,ref       ] GC(110) Skipped phase3 of Reference Processing due to unavailable references
[60.220s][debug][gc,ref       ] GC(110) Skipped phase4 of Reference Processing due to unavailable references
[60.220s][debug][gc,age       ] GC(110) Desired survivor size 15368192 bytes, new threshold 6 (max threshold 6)
[60.220s][info ][gc,heap      ] GC(110) ParNew: 242668K->940K(270336K)
[60.220s][info ][gc,heap      ] GC(110) CMS: 215924K->216042K(600768K)
[60.220s][info ][gc,metaspace ] GC(110) Metaspace: 55261K->55261K(1099776K)
[60.220s][info ][gc           ] GC(110) Pause Young (Allocation Failure) 447M->211M(850M) 2.605ms
[60.220s][info ][gc,cpu       ] GC(110) User=0.01s Sys=0.00s Real=0.00s
[60.220s][info ][safepoint    ] Leaving safepoint region
[60.220s][info ][safepoint    ] Total time for which application threads were stopped: 0.0027631 seconds, Stopping threads took: 0.0000171 seconds
[61.220s][info ][safepoint    ] Application time: 1.0001107 seconds
[61.220s][info ][safepoint    ] Entering safepoint region: Cleanup
[61.220s][info ][safepoint    ] Leaving safepoint region
[61.220s][info ][safepoint    ] Total time for which application threads were stopped: 0.0001144 seconds, Stopping threads took: 0.0000413 seconds
[62.221s][info ][safepoint    ] Application time: 1.0001273 seconds
[62.221s][info ][safepoint    ] Entering safepoint region: Cleanup
[62.221s][info ][safepoint    ] Leaving safepoint region
[62.221s][info ][safepoint    ] Total time for which application threads were stopped: 0.0001181 seconds, Stopping threads took: 0.0000437 seconds
[62.633s][info ][safepoint    ] Application time: 0.4127050 seconds
[62.634s][info ][safepoint    ] Entering safepoint region: ICBufferFull
[62.634s][info ][safepoint    ] Leaving safepoint region
[62.634s][info ][safepoint    ] Total time for which application threads were stopped: 0.0002546 seconds, Stopping threads took: 0.0000168 seconds
[63.634s][info ][safepoint    ] Application time: 1.0000949 seconds
[63.634s][info ][safepoint    ] Entering safepoint region: Cleanup
[63.634s][info ][safepoint    ] Leaving safepoint region
[63.634s][info ][safepoint    ] Total time for which application threads were stopped: 0.0000834 seconds, Stopping threads took: 0.0000181 seconds
[64.634s][info ][safepoint    ] Application time: 1.0000939 seconds
[64.634s][info ][safepoint    ] Entering safepoint region: Cleanup
[64.634s][info ][safepoint    ] Leaving safepoint region
[64.634s][info ][safepoint    ] Total time for which application threads were stopped: 0.0000979 seconds, Stopping threads took: 0.0000333 seconds
[64.915s][info ][safepoint    ] Application time: 0.2807628 seconds
[64.915s][info ][safepoint    ] Entering safepoint region: GenCollectForAllocation
[64.915s][info ][gc,start     ] GC(111) Pause Young (Allocation Failure)
[64.915s][info ][gc,task      ] GC(111) Using 4 workers of 4 for evacuation
[64.917s][debug][gc,ref       ] GC(111) Skipped phase1 of Reference Processing due to unavailable references
[64.918s][debug][gc,ref       ] GC(111) Skipped phase3 of Reference Processing due to unavailable references
[64.918s][debug][gc,ref       ] GC(111) Skipped phase4 of Reference Processing due to unavailable references
[64.918s][debug][gc,age       ] GC(111) Desired survivor size 15368192 bytes, new threshold 6 (max threshold 6)
[64.918s][info ][gc,heap      ] GC(111) ParNew: 241260K->1172K(270336K)
[64.918s][info ][gc,heap      ] GC(111) CMS: 216042K->216069K(600768K)
[64.918s][info ][gc,metaspace ] GC(111) Metaspace: 55285K->55285K(1099776K)
[64.918s][info ][gc           ] GC(111) Pause Young (Allocation Failure) 446M->212M(850M) 2.560ms
[64.918s][info ][gc,cpu       ] GC(111) User=0.01s Sys=0.00s Real=0.00s
[64.918s][info ][safepoint    ] Leaving safepoint region
[64.918s][info ][safepoint    ] Total time for which application threads were stopped: 0.0027003 seconds, Stopping threads took: 0.0000186 seconds
[65.918s][info ][safepoint    ] Application time: 1.0000947 seconds
[65.918s][info ][safepoint    ] Entering safepoint region: Cleanup
[65.918s][info ][safepoint    ] Leaving safepoint region
[65.918s][info ][safepoint    ] Total time for which application threads were stopped: 0.0001450 seconds, Stopping threads took: 0.0000390 seconds
[66.918s][info ][safepoint    ] Application time: 1.0001273 seconds
[66.918s][info ][safepoint    ] Entering safepoint region: Cleanup
[66.918s][info ][safepoint    ] Leaving safepoint region
[66.918s][info ][safepoint    ] Total time for which application threads were stopped: 0.0001174 seconds, Stopping threads took: 0.0000415 seconds
[67.918s][info ][safepoint    ] Application time: 1.0000955 seconds
[67.918s][info ][safepoint    ] Entering safepoint region: Cleanup
[67.919s][info ][safepoint    ] Leaving safepoint region
[67.919s][info ][safepoint    ] Total time for which application threads were stopped: 0.0001162 seconds, Stopping threads took: 0.0000429 seconds
[68.919s][info ][safepoint    ] Application time: 1.0000669 seconds
[68.919s][info ][safepoint    ] Entering safepoint region: Cleanup
[68.919s][info ][safepoint    ] Leaving safepoint region
[68.919s][info ][safepoint    ] Total time for which application threads were stopped: 0.0001567 seconds, Stopping threads took: 0.0000792 seconds
[69.471s][info ][safepoint    ] Application time: 0.5520050 seconds
[69.471s][info ][safepoint    ] Entering safepoint region: GenCollectForAllocation
[69.471s][info ][gc,start     ] GC(112) Pause Young (Allocation Failure)
[69.471s][info ][gc,task      ] GC(112) Using 4 workers of 4 for evacuation
[69.473s][debug][gc,ref       ] GC(112) Skipped phase1 of Reference Processing due to unavailable references
[69.473s][debug][gc,ref       ] GC(112) Skipped phase3 of Reference Processing due to unavailable references
[69.473s][debug][gc,ref       ] GC(112) Skipped phase4 of Reference Processing due to unavailable references
[69.474s][debug][gc,age       ] GC(112) Desired survivor size 15368192 bytes, new threshold 6 (max threshold 6)
[69.474s][info ][gc,heap      ] GC(112) ParNew: 241492K->1388K(270336K)
[69.474s][info ][gc,heap      ] GC(112) CMS: 216069K->216084K(600768K)
[69.474s][info ][gc,metaspace ] GC(112) Metaspace: 55290K->55290K(1099776K)
[69.474s][info ][gc           ] GC(112) Pause Young (Allocation Failure) 446M->212M(850M) 2.634ms
[69.474s][info ][gc,cpu       ] GC(112) User=0.01s Sys=0.00s Real=0.00s
[69.474s][info ][safepoint    ] Leaving safepoint region
[69.474s][info ][safepoint    ] Total time for which application threads were stopped: 0.0028160 seconds, Stopping threads took: 0.0000188 seconds
[70.474s][info ][safepoint    ] Application time: 1.0001318 seconds
[70.474s][info ][safepoint    ] Entering safepoint region: Cleanup
[70.474s][info ][safepoint    ] Leaving safepoint region
[70.474s][info ][safepoint    ] Total time for which application threads were stopped: 0.0001739 seconds, Stopping threads took: 0.0001031 seconds
[71.474s][info ][safepoint    ] Application time: 1.0000965 seconds
[71.474s][info ][safepoint    ] Entering safepoint region: Cleanup
[71.474s][info ][safepoint    ] Leaving safepoint region
[71.474s][info ][safepoint    ] Total time for which application threads were stopped: 0.0000956 seconds, Stopping threads took: 0.0000314 seconds
[72.474s][info ][safepoint    ] Application time: 1.0000589 seconds
[72.474s][info ][safepoint    ] Entering safepoint region: Cleanup
[72.474s][info ][safepoint    ] Leaving safepoint region
[72.474s][info ][safepoint    ] Total time for which application threads were stopped: 0.0001113 seconds, Stopping threads took: 0.0000381 seconds
[73.475s][info ][safepoint    ] Application time: 1.0000902 seconds
[73.475s][info ][safepoint    ] Entering safepoint region: Cleanup
[73.475s][info ][safepoint    ] Leaving safepoint region
[73.475s][info ][safepoint    ] Total time for which application threads were stopped: 0.0000895 seconds, Stopping threads took: 0.0000162 seconds
[73.893s][info ][safepoint    ] Application time: 0.4180791 seconds
[73.893s][info ][safepoint    ] Entering safepoint region: GenCollectForAllocation
[73.893s][info ][gc,start     ] GC(113) Pause Young (Allocation Failure)
[73.893s][info ][gc,task      ] GC(113) Using 4 workers of 4 for evacuation
[73.896s][debug][gc,ref       ] GC(113) Skipped phase1 of Reference Processing due to unavailable references
[73.896s][debug][gc,ref       ] GC(113) Skipped phase3 of Reference Processing due to unavailable references
[73.896s][debug][gc,age       ] GC(113) Desired survivor size 15368192 bytes, new threshold 6 (max threshold 6)
[73.896s][info ][gc,heap      ] GC(113) ParNew: 241708K->1513K(270336K)
[73.896s][info ][gc,heap      ] GC(113) CMS: 216084K->216429K(600768K)
[73.896s][info ][gc,metaspace ] GC(113) Metaspace: 55508K->55508K(1099776K)
[73.896s][info ][gc           ] GC(113) Pause Young (Allocation Failure) 447M->212M(850M) 3.160ms
[73.896s][info ][gc,cpu       ] GC(113) User=0.01s Sys=0.00s Real=0.01s
[73.896s][info ][safepoint    ] Leaving safepoint region
[73.896s][info ][safepoint    ] Total time for which application threads were stopped: 0.0034866 seconds, Stopping threads took: 0.0000790 seconds
[74.269s][info ][safepoint    ] Application time: 0.3723477 seconds
[74.269s][info ][safepoint    ] Entering safepoint region: ICBufferFull
[74.269s][info ][safepoint    ] Leaving safepoint region
[74.269s][info ][safepoint    ] Total time for which application threads were stopped: 0.0001902 seconds, Stopping threads took: 0.0000172 seconds
[75.269s][info ][safepoint    ] Application time: 1.0000987 seconds
[75.269s][info ][safepoint    ] Entering safepoint region: Cleanup
[75.269s][info ][safepoint    ] Leaving safepoint region
[75.269s][info ][safepoint    ] Total time for which application threads were stopped: 0.0001704 seconds, Stopping threads took: 0.0000421 seconds
[76.269s][info ][safepoint    ] Application time: 1.0000845 seconds
[76.269s][info ][safepoint    ] Entering safepoint region: Cleanup
[76.269s][info ][safepoint    ] Leaving safepoint region
[76.269s][info ][safepoint    ] Total time for which application threads were stopped: 0.0001261 seconds, Stopping threads took: 0.0000411 seconds
[76.416s][info ][safepoint    ] Application time: 0.1465317 seconds
[76.416s][info ][safepoint    ] Entering safepoint region: GenCollectForAllocation
[76.416s][info ][gc,start     ] GC(114) Pause Young (Allocation Failure)
[76.416s][info ][gc,task      ] GC(114) Using 4 workers of 4 for evacuation
[76.420s][debug][gc,ref       ] GC(114) Skipped phase1 of Reference Processing due to unavailable references
[76.420s][debug][gc,ref       ] GC(114) Skipped phase3 of Reference Processing due to unavailable references
[76.420s][debug][gc,age       ] GC(114) Desired survivor size 15368192 bytes, new threshold 6 (max threshold 6)
[76.420s][info ][gc,heap      ] GC(114) ParNew: 241833K->1382K(270336K)
[76.420s][info ][gc,heap      ] GC(114) CMS: 216429K->216454K(600768K)
[76.420s][info ][gc,metaspace ] GC(114) Metaspace: 55810K->55810K(1099776K)
[76.420s][info ][gc           ] GC(114) Pause Young (Allocation Failure) 447M->212M(850M) 3.645ms
[76.420s][info ][gc,cpu       ] GC(114) User=0.02s Sys=0.00s Real=0.00s
[76.420s][info ][safepoint    ] Leaving safepoint region
[76.420s][info ][safepoint    ] Total time for which application threads were stopped: 0.0038376 seconds, Stopping threads took: 0.0000475 seconds
[77.420s][info ][safepoint    ] Application time: 1.0001081 seconds
[77.420s][info ][safepoint    ] Entering safepoint region: Cleanup
[77.420s][info ][safepoint    ] Leaving safepoint region
[77.420s][info ][safepoint    ] Total time for which application threads were stopped: 0.0001294 seconds, Stopping threads took: 0.0000635 seconds
[78.420s][info ][safepoint    ] Application time: 1.0000933 seconds
[78.420s][info ][safepoint    ] Entering safepoint region: Cleanup
[78.420s][info ][safepoint    ] Leaving safepoint region
[78.420s][info ][safepoint    ] Total time for which application threads were stopped: 0.0001656 seconds, Stopping threads took: 0.0000831 seconds
[79.421s][info ][safepoint    ] Application time: 1.0000939 seconds
[79.421s][info ][safepoint    ] Entering safepoint region: Cleanup
[79.421s][info ][safepoint    ] Leaving safepoint region
[79.421s][info ][safepoint    ] Total time for which application threads were stopped: 0.0001481 seconds, Stopping threads took: 0.0000635 seconds
[80.421s][info ][safepoint    ] Application time: 1.0000998 seconds
[80.421s][info ][safepoint    ] Entering safepoint region: Cleanup
[80.421s][info ][safepoint    ] Leaving safepoint region
[80.421s][info ][safepoint    ] Total time for which application threads were stopped: 0.0001433 seconds, Stopping threads took: 0.0000702 seconds
[81.069s][info ][safepoint    ] Application time: 0.6476003 seconds
[81.069s][info ][safepoint    ] Entering safepoint region: GenCollectForAllocation
[81.069s][info ][gc,start     ] GC(115) Pause Young (Allocation Failure)
[81.069s][info ][gc,task      ] GC(115) Using 4 workers of 4 for evacuation
[81.072s][debug][gc,ref       ] GC(115) Skipped phase1 of Reference Processing due to unavailable references
[81.072s][debug][gc,ref       ] GC(115) Skipped phase3 of Reference Processing due to unavailable references
[81.072s][debug][gc,ref       ] GC(115) Skipped phase4 of Reference Processing due to unavailable references
[81.073s][debug][gc,age       ] GC(115) Desired survivor size 15368192 bytes, new threshold 6 (max threshold 6)
[81.073s][info ][gc,heap      ] GC(115) ParNew: 241702K->1553K(270336K)
[81.073s][info ][gc,heap      ] GC(115) CMS: 216454K->216523K(600768K)
[81.073s][info ][gc,metaspace ] GC(115) Metaspace: 55820K->55820K(1099776K)
[81.073s][info ][gc           ] GC(115) Pause Young (Allocation Failure) 447M->212M(850M) 3.826ms
[81.073s][info ][gc,cpu       ] GC(115) User=0.01s Sys=0.00s Real=0.00s
[81.073s][info ][safepoint    ] Leaving safepoint region
[81.073s][info ][safepoint    ] Total time for which application threads were stopped: 0.0040121 seconds, Stopping threads took: 0.0000520 seconds
[82.073s][info ][safepoint    ] Application time: 1.0001068 seconds
[82.073s][info ][safepoint    ] Entering safepoint region: Cleanup
[82.073s][info ][safepoint    ] Leaving safepoint region
[82.073s][info ][safepoint    ] Total time for which application threads were stopped: 0.0001469 seconds, Stopping threads took: 0.0000685 seconds
[83.073s][info ][safepoint    ] Application time: 1.0000968 seconds
[83.073s][info ][safepoint    ] Entering safepoint region: Cleanup
[83.073s][info ][safepoint    ] Leaving safepoint region
[83.073s][info ][safepoint    ] Total time for which application threads were stopped: 0.0000746 seconds, Stopping threads took: 0.0000196 seconds
[84.073s][info ][safepoint    ] Application time: 1.0000933 seconds
[84.073s][info ][safepoint    ] Entering safepoint region: Cleanup
[84.073s][info ][safepoint    ] Leaving safepoint region
[84.073s][info ][safepoint    ] Total time for which application threads were stopped: 0.0001490 seconds, Stopping threads took: 0.0000557 seconds
[85.074s][info ][safepoint    ] Application time: 1.0000983 seconds
[85.074s][info ][safepoint    ] Entering safepoint region: Cleanup
[85.074s][info ][safepoint    ] Leaving safepoint region
[85.074s][info ][safepoint    ] Total time for which application threads were stopped: 0.0000741 seconds, Stopping threads took: 0.0000183 seconds
[85.816s][info ][safepoint    ] Application time: 0.7420699 seconds
[85.816s][info ][safepoint    ] Entering safepoint region: GenCollectForAllocation
[85.816s][info ][gc,start     ] GC(116) Pause Young (Allocation Failure)
[85.816s][info ][gc,task      ] GC(116) Using 4 workers of 4 for evacuation
[85.820s][debug][gc,ref       ] GC(116) Skipped phase1 of Reference Processing due to unavailable references
[85.820s][debug][gc,ref       ] GC(116) Skipped phase3 of Reference Processing due to unavailable references
[85.820s][debug][gc,ref       ] GC(116) Skipped phase4 of Reference Processing due to unavailable references
[85.820s][debug][gc,age       ] GC(116) Desired survivor size 15368192 bytes, new threshold 6 (max threshold 6)
[85.820s][info ][gc,heap      ] GC(116) ParNew: 241873K->1677K(270336K)
[85.820s][info ][gc,heap      ] GC(116) CMS: 216523K->216685K(600768K)
[85.820s][info ][gc,metaspace ] GC(116) Metaspace: 55835K->55835K(1099776K)
[85.820s][info ][gc           ] GC(116) Pause Young (Allocation Failure) 447M->213M(850M) 3.870ms
[85.820s][info ][gc,cpu       ] GC(116) User=0.02s Sys=0.00s Real=0.00s
[85.820s][info ][safepoint    ] Leaving safepoint region
[85.820s][info ][safepoint    ] Total time for which application threads were stopped: 0.0040344 seconds, Stopping threads took: 0.0000175 seconds
[86.820s][info ][safepoint    ] Application time: 1.0000964 seconds
[86.820s][info ][safepoint    ] Entering safepoint region: Cleanup
[86.820s][info ][safepoint    ] Leaving safepoint region
[86.820s][info ][safepoint    ] Total time for which application threads were stopped: 0.0002742 seconds, Stopping threads took: 0.0002073 seconds
[87.820s][info ][safepoint    ] Application time: 1.0000540 seconds
[87.820s][info ][safepoint    ] Entering safepoint region: Cleanup
[87.820s][info ][safepoint    ] Leaving safepoint region
[87.820s][info ][safepoint    ] Total time for which application threads were stopped: 0.0001428 seconds, Stopping threads took: 0.0000446 seconds
[88.821s][info ][safepoint    ] Application time: 1.0000917 seconds
[88.821s][info ][safepoint    ] Entering safepoint region: Cleanup
[88.821s][info ][safepoint    ] Leaving safepoint region
[88.821s][info ][safepoint    ] Total time for which application threads were stopped: 0.0001754 seconds, Stopping threads took: 0.0000986 seconds
[89.821s][info ][safepoint    ] Application time: 1.0000845 seconds
[89.821s][info ][safepoint    ] Entering safepoint region: Cleanup
[89.821s][info ][safepoint    ] Leaving safepoint region
[89.821s][info ][safepoint    ] Total time for which application threads were stopped: 0.0001404 seconds, Stopping threads took: 0.0000688 seconds
[90.622s][info ][safepoint    ] Application time: 0.8013190 seconds
[90.622s][info ][safepoint    ] Entering safepoint region: GenCollectForAllocation
[90.623s][info ][gc,start     ] GC(117) Pause Young (Allocation Failure)
[90.623s][info ][gc,task      ] GC(117) Using 4 workers of 4 for evacuation
[90.626s][debug][gc,ref       ] GC(117) Skipped phase1 of Reference Processing due to unavailable references
[90.626s][debug][gc,ref       ] GC(117) Skipped phase3 of Reference Processing due to unavailable references
[90.626s][debug][gc,ref       ] GC(117) Skipped phase4 of Reference Processing due to unavailable references
[90.626s][debug][gc,age       ] GC(117) Desired survivor size 15368192 bytes, new threshold 6 (max threshold 6)
[90.626s][info ][gc,heap      ] GC(117) ParNew: 241997K->2009K(270336K)
[90.626s][info ][gc,heap      ] GC(117) CMS: 216685K->216956K(600768K)
[90.626s][info ][gc,metaspace ] GC(117) Metaspace: 55842K->55842K(1099776K)
[90.626s][info ][gc           ] GC(117) Pause Young (Allocation Failure) 447M->213M(850M) 3.701ms
[90.626s][info ][gc,cpu       ] GC(117) User=0.01s Sys=0.00s Real=0.00s
[90.626s][info ][safepoint    ] Leaving safepoint region
[90.626s][info ][safepoint    ] Total time for which application threads were stopped: 0.0038768 seconds, Stopping threads took: 0.0000194 seconds
[92.627s][info ][safepoint    ] Application time: 2.0002555 seconds
[92.627s][info ][safepoint    ] Entering safepoint region: Cleanup
[92.627s][info ][safepoint    ] Leaving safepoint region
[92.627s][info ][safepoint    ] Total time for which application threads were stopped: 0.0000724 seconds, Stopping threads took: 0.0000161 seconds
[93.627s][info ][safepoint    ] Application time: 1.0000921 seconds
[93.627s][info ][safepoint    ] Entering safepoint region: Cleanup
[93.627s][info ][safepoint    ] Leaving safepoint region
[93.627s][info ][safepoint    ] Total time for which application threads were stopped: 0.0000813 seconds, Stopping threads took: 0.0000183 seconds
[95.570s][info ][safepoint    ] Application time: 1.9426425 seconds
[95.570s][info ][safepoint    ] Entering safepoint region: GenCollectForAllocation
[95.570s][info ][gc,start     ] GC(118) Pause Young (Allocation Failure)
[95.570s][info ][gc,task      ] GC(118) Using 4 workers of 4 for evacuation
[95.573s][debug][gc,ref       ] GC(118) Skipped phase1 of Reference Processing due to unavailable references
[95.573s][debug][gc,ref       ] GC(118) Skipped phase3 of Reference Processing due to unavailable references
[95.573s][debug][gc,ref       ] GC(118) Skipped phase4 of Reference Processing due to unavailable references
[95.573s][debug][gc,age       ] GC(118) Desired survivor size 15368192 bytes, new threshold 6 (max threshold 6)
[95.573s][info ][gc,heap      ] GC(118) ParNew: 242329K->1324K(270336K)
[95.573s][info ][gc,heap      ] GC(118) CMS: 216956K->217176K(600768K)
[95.573s][info ][gc,metaspace ] GC(118) Metaspace: 55858K->55858K(1099776K)
[95.573s][info ][gc           ] GC(118) Pause Young (Allocation Failure) 448M->213M(850M) 3.596ms
[95.573s][info ][gc,cpu       ] GC(118) User=0.01s Sys=0.00s Real=0.00s
[95.573s][info ][safepoint    ] Leaving safepoint region
[95.573s][info ][safepoint    ] Total time for which application threads were stopped: 0.0037808 seconds, Stopping threads took: 0.0000342 seconds
[98.574s][info ][safepoint    ] Application time: 3.0002468 seconds
[98.574s][info ][safepoint    ] Entering safepoint region: Cleanup
[98.574s][info ][safepoint    ] Leaving safepoint region
[98.574s][info ][safepoint    ] Total time for which application threads were stopped: 0.0000771 seconds, Stopping threads took: 0.0000174 seconds
[100.469s][info ][safepoint    ] Application time: 1.8950006 seconds
[100.469s][info ][safepoint    ] Entering safepoint region: GenCollectForAllocation
[100.469s][info ][gc,start     ] GC(119) Pause Young (Allocation Failure)
[100.469s][info ][gc,task      ] GC(119) Using 4 workers of 4 for evacuation
[100.472s][debug][gc,ref       ] GC(119) Skipped phase1 of Reference Processing due to unavailable references
[100.472s][debug][gc,ref       ] GC(119) Skipped phase3 of Reference Processing due to unavailable references
[100.472s][debug][gc,ref       ] GC(119) Skipped phase4 of Reference Processing due to unavailable references
[100.472s][debug][gc,age       ] GC(119) Desired survivor size 15368192 bytes, new threshold 6 (max threshold 6)
[100.472s][info ][gc,heap      ] GC(119) ParNew: 241644K->1349K(270336K)
[100.472s][info ][gc,heap      ] GC(119) CMS: 217176K->217277K(600768K)
[100.472s][info ][gc,metaspace ] GC(119) Metaspace: 55863K->55863K(1099776K)
[100.472s][info ][gc           ] GC(119) Pause Young (Allocation Failure) 448M->213M(850M) 3.407ms
[100.472s][info ][gc,cpu       ] GC(119) User=0.02s Sys=0.00s Real=0.00s
[100.472s][info ][safepoint    ] Leaving safepoint region
[100.472s][info ][safepoint    ] Total time for which application threads were stopped: 0.0035698 seconds, Stopping threads took: 0.0000179 seconds
[101.472s][info ][safepoint    ] Application time: 1.0000984 seconds
[101.473s][info ][safepoint    ] Entering safepoint region: Cleanup
[101.473s][info ][safepoint    ] Leaving safepoint region
[101.473s][info ][safepoint    ] Total time for which application threads were stopped: 0.0001424 seconds, Stopping threads took: 0.0000560 seconds
[102.473s][info ][safepoint    ] Application time: 1.0001264 seconds
[102.473s][info ][safepoint    ] Entering safepoint region: Cleanup
[102.473s][info ][safepoint    ] Leaving safepoint region
[102.473s][info ][safepoint    ] Total time for which application threads were stopped: 0.0001209 seconds, Stopping threads took: 0.0000493 seconds
[103.473s][info ][safepoint    ] Application time: 1.0001275 seconds
[103.473s][info ][safepoint    ] Entering safepoint region: Cleanup
[103.473s][info ][safepoint    ] Leaving safepoint region
[103.473s][info ][safepoint    ] Total time for which application threads were stopped: 0.0000902 seconds, Stopping threads took: 0.0000284 seconds
[104.473s][info ][safepoint    ] Application time: 1.0001217 seconds
[104.473s][info ][safepoint    ] Entering safepoint region: Cleanup
[104.473s][info ][safepoint    ] Leaving safepoint region
[104.473s][info ][safepoint    ] Total time for which application threads were stopped: 0.0000761 seconds, Stopping threads took: 0.0000190 seconds
[105.219s][info ][safepoint    ] Application time: 0.7455010 seconds
[105.219s][info ][safepoint    ] Entering safepoint region: GenCollectForAllocation
[105.219s][info ][gc,start     ] GC(120) Pause Young (Allocation Failure)
[105.219s][info ][gc,task      ] GC(120) Using 4 workers of 4 for evacuation
[105.222s][debug][gc,ref       ] GC(120) Skipped phase1 of Reference Processing due to unavailable references
[105.222s][debug][gc,ref       ] GC(120) Skipped phase2 of Reference Processing due to unavailable references
[105.222s][debug][gc,ref       ] GC(120) Skipped phase3 of Reference Processing due to unavailable references
[105.222s][debug][gc,ref       ] GC(120) Skipped phase4 of Reference Processing due to unavailable references
[105.222s][debug][gc,age       ] GC(120) Desired survivor size 15368192 bytes, new threshold 6 (max threshold 6)
[105.222s][info ][gc,heap      ] GC(120) ParNew: 241669K->1239K(270336K)
[105.222s][info ][gc,heap      ] GC(120) CMS: 217277K->217557K(600768K)
[105.222s][info ][gc,metaspace ] GC(120) Metaspace: 55886K->55886K(1099776K)
[105.222s][info ][gc           ] GC(120) Pause Young (Allocation Failure) 448M->213M(850M) 3.386ms
[105.222s][info ][gc,cpu       ] GC(120) User=0.01s Sys=0.00s Real=0.00s
[105.223s][info ][safepoint    ] Leaving safepoint region
[105.223s][info ][safepoint    ] Total time for which application threads were stopped: 0.0035381 seconds, Stopping threads took: 0.0000169 seconds
[107.223s][info ][safepoint    ] Application time: 2.0002138 seconds
[107.223s][info ][safepoint    ] Entering safepoint region: Cleanup
[107.223s][info ][safepoint    ] Leaving safepoint region
[107.223s][info ][safepoint    ] Total time for which application threads were stopped: 0.0000756 seconds, Stopping threads took: 0.0000179 seconds
[108.223s][info ][safepoint    ] Application time: 1.0000850 seconds
[108.223s][info ][safepoint    ] Entering safepoint region: Cleanup
[108.223s][info ][safepoint    ] Leaving safepoint region
[108.223s][info ][safepoint    ] Total time for which application threads were stopped: 0.0000939 seconds, Stopping threads took: 0.0000170 seconds
[109.223s][info ][safepoint    ] Application time: 1.0000904 seconds
[109.223s][info ][safepoint    ] Entering safepoint region: Cleanup
[109.223s][info ][safepoint    ] Leaving safepoint region
[109.223s][info ][safepoint    ] Total time for which application threads were stopped: 0.0000763 seconds, Stopping threads took: 0.0000186 seconds
[110.069s][info ][safepoint    ] Application time: 0.8454934 seconds
[110.069s][info ][safepoint    ] Entering safepoint region: GenCollectForAllocation
[110.069s][info ][gc,start     ] GC(121) Pause Young (Allocation Failure)
[110.069s][info ][gc,task      ] GC(121) Using 4 workers of 4 for evacuation
[110.071s][debug][gc,ref       ] GC(121) Skipped phase1 of Reference Processing due to unavailable references
[110.071s][debug][gc,ref       ] GC(121) Skipped phase2 of Reference Processing due to unavailable references
[110.071s][debug][gc,ref       ] GC(121) Skipped phase3 of Reference Processing due to unavailable references
[110.071s][debug][gc,ref       ] GC(121) Skipped phase4 of Reference Processing due to unavailable references
[110.072s][debug][gc,age       ] GC(121) Desired survivor size 15368192 bytes, new threshold 6 (max threshold 6)
[110.072s][info ][gc,heap      ] GC(121) ParNew: 241559K->1346K(270336K)
[110.072s][info ][gc,heap      ] GC(121) CMS: 217557K->217653K(600768K)
[110.072s][info ][gc,metaspace ] GC(121) Metaspace: 55893K->55893K(1099776K)
[110.072s][info ][gc           ] GC(121) Pause Young (Allocation Failure) 448M->213M(850M) 2.656ms
[110.072s][info ][gc,cpu       ] GC(121) User=0.01s Sys=0.00s Real=0.00s
[110.072s][info ][safepoint    ] Leaving safepoint region
[110.072s][info ][safepoint    ] Total time for which application threads were stopped: 0.0028123 seconds, Stopping threads took: 0.0000171 seconds
[111.072s][info ][safepoint    ] Application time: 1.0001337 seconds
[111.072s][info ][safepoint    ] Entering safepoint region: Cleanup
[111.072s][info ][safepoint    ] Leaving safepoint region
[111.072s][info ][safepoint    ] Total time for which application threads were stopped: 0.0001334 seconds, Stopping threads took: 0.0000572 seconds
[112.072s][info ][safepoint    ] Application time: 1.0001192 seconds
[112.072s][info ][safepoint    ] Entering safepoint region: Cleanup
[112.072s][info ][safepoint    ] Leaving safepoint region
[112.072s][info ][safepoint    ] Total time for which application threads were stopped: 0.0001087 seconds, Stopping threads took: 0.0000411 seconds
[113.072s][info ][safepoint    ] Application time: 1.0001027 seconds
[113.072s][info ][safepoint    ] Entering safepoint region: Cleanup
[113.072s][info ][safepoint    ] Leaving safepoint region
[113.072s][info ][safepoint    ] Total time for which application threads were stopped: 0.0001210 seconds, Stopping threads took: 0.0000420 seconds
[114.073s][info ][safepoint    ] Application time: 1.0001090 seconds
[114.073s][info ][safepoint    ] Entering safepoint region: Cleanup
[114.073s][info ][safepoint    ] Leaving safepoint region
[114.073s][info ][safepoint    ] Total time for which application threads were stopped: 0.0001517 seconds, Stopping threads took: 0.0000770 seconds
[114.919s][info ][safepoint    ] Application time: 0.8461417 seconds
[114.919s][info ][safepoint    ] Entering safepoint region: GenCollectForAllocation
[114.919s][info ][gc,start     ] GC(122) Pause Young (Allocation Failure)
[114.919s][info ][gc,task      ] GC(122) Using 4 workers of 4 for evacuation
[114.922s][debug][gc,ref       ] GC(122) Skipped phase1 of Reference Processing due to unavailable references
[114.922s][debug][gc,ref       ] GC(122) Skipped phase2 of Reference Processing due to unavailable references
[114.922s][debug][gc,ref       ] GC(122) Skipped phase3 of Reference Processing due to unavailable references
[114.922s][debug][gc,ref       ] GC(122) Skipped phase4 of Reference Processing due to unavailable references
[114.922s][debug][gc,age       ] GC(122) Desired survivor size 15368192 bytes, new threshold 6 (max threshold 6)
[114.922s][info ][gc,heap      ] GC(122) ParNew: 241666K->1506K(270336K)
[114.922s][info ][gc,heap      ] GC(122) CMS: 217653K->217791K(600768K)
[114.922s][info ][gc,metaspace ] GC(122) Metaspace: 55895K->55895K(1099776K)
[114.922s][info ][gc           ] GC(122) Pause Young (Allocation Failure) 448M->214M(850M) 2.695ms
[114.922s][info ][gc,cpu       ] GC(122) User=0.01s Sys=0.00s Real=0.00s
[114.922s][info ][safepoint    ] Leaving safepoint region
[114.922s][info ][safepoint    ] Total time for which application threads were stopped: 0.0028494 seconds, Stopping threads took: 0.0000188 seconds
[115.922s][info ][safepoint    ] Application time: 1.0001008 seconds
[115.922s][info ][safepoint    ] Entering safepoint region: Cleanup
[115.922s][info ][safepoint    ] Leaving safepoint region
[115.922s][info ][safepoint    ] Total time for which application threads were stopped: 0.0001145 seconds, Stopping threads took: 0.0000421 seconds
[117.922s][info ][safepoint    ] Application time: 2.0001476 seconds
[117.922s][info ][safepoint    ] Entering safepoint region: Cleanup
[117.922s][info ][safepoint    ] Leaving safepoint region
[117.922s][info ][safepoint    ] Total time for which application threads were stopped: 0.0001290 seconds, Stopping threads took: 0.0000536 seconds
[118.923s][info ][safepoint    ] Application time: 1.0001044 seconds
[118.923s][info ][safepoint    ] Entering safepoint region: Cleanup
[118.923s][info ][safepoint    ] Leaving safepoint region
[118.923s][info ][safepoint    ] Total time for which application threads were stopped: 0.0001093 seconds, Stopping threads took: 0.0000400 seconds
[119.669s][info ][safepoint    ] Application time: 0.7461030 seconds
[119.669s][info ][safepoint    ] Entering safepoint region: GenCollectForAllocation
[119.669s][info ][gc,start     ] GC(123) Pause Young (Allocation Failure)
[119.669s][info ][gc,task      ] GC(123) Using 4 workers of 4 for evacuation
[119.671s][debug][gc,ref       ] GC(123) Skipped phase1 of Reference Processing due to unavailable references
[119.671s][debug][gc,ref       ] GC(123) Skipped phase2 of Reference Processing due to unavailable references
[119.671s][debug][gc,ref       ] GC(123) Skipped phase3 of Reference Processing due to unavailable references
[119.671s][debug][gc,ref       ] GC(123) Skipped phase4 of Reference Processing due to unavailable references
[119.671s][debug][gc,age       ] GC(123) Desired survivor size 15368192 bytes, new threshold 6 (max threshold 6)
[119.671s][info ][gc,heap      ] GC(123) ParNew: 241826K->871K(270336K)
[119.671s][info ][gc,heap      ] GC(123) CMS: 217791K->218022K(600768K)
[119.671s][info ][gc,metaspace ] GC(123) Metaspace: 55896K->55896K(1099776K)
[119.671s][info ][gc           ] GC(123) Pause Young (Allocation Failure) 448M->213M(850M) 2.559ms
[119.672s][info ][gc,cpu       ] GC(123) User=0.01s Sys=0.00s Real=0.00s
[119.672s][info ][safepoint    ] Leaving safepoint region
[119.672s][info ][safepoint    ] Total time for which application threads were stopped: 0.0027222 seconds, Stopping threads took: 0.0000179 seconds
[120.672s][info ][safepoint    ] Application time: 1.0000956 seconds
[120.672s][info ][safepoint    ] Entering safepoint region: Cleanup
[120.672s][info ][safepoint    ] Leaving safepoint region
[120.672s][info ][safepoint    ] Total time for which application threads were stopped: 0.0001254 seconds, Stopping threads took: 0.0000544 seconds
[121.672s][info ][safepoint    ] Application time: 1.0000953 seconds
[121.672s][info ][safepoint    ] Entering safepoint region: Cleanup
[121.672s][info ][safepoint    ] Leaving safepoint region
[121.672s][info ][safepoint    ] Total time for which application threads were stopped: 0.0001148 seconds, Stopping threads took: 0.0000385 seconds
[122.672s][info ][safepoint    ] Application time: 1.0000882 seconds
[122.672s][info ][safepoint    ] Entering safepoint region: Cleanup
[122.672s][info ][safepoint    ] Leaving safepoint region
[122.672s][info ][safepoint    ] Total time for which application threads were stopped: 0.0002370 seconds, Stopping threads took: 0.0001562 seconds
[123.673s][info ][safepoint    ] Application time: 1.0000910 seconds
[123.673s][info ][safepoint    ] Entering safepoint region: Cleanup
[123.673s][info ][safepoint    ] Leaving safepoint region
[123.673s][info ][safepoint    ] Total time for which application threads were stopped: 0.0001254 seconds, Stopping threads took: 0.0000431 seconds
[124.470s][info ][safepoint    ] Application time: 0.7977948 seconds
[124.471s][info ][safepoint    ] Entering safepoint region: GenCollectForAllocation
[124.471s][info ][gc,start     ] GC(124) Pause Young (Allocation Failure)
[124.471s][info ][gc,task      ] GC(124) Using 4 workers of 4 for evacuation
[124.473s][debug][gc,ref       ] GC(124) Skipped phase1 of Reference Processing due to unavailable references
[124.473s][debug][gc,ref       ] GC(124) Skipped phase2 of Reference Processing due to unavailable references
[124.473s][debug][gc,ref       ] GC(124) Skipped phase3 of Reference Processing due to unavailable references
[124.473s][debug][gc,ref       ] GC(124) Skipped phase4 of Reference Processing due to unavailable references
[124.473s][debug][gc,age       ] GC(124) Desired survivor size 15368192 bytes, new threshold 6 (max threshold 6)
[124.473s][info ][gc,heap      ] GC(124) ParNew: 241191K->1017K(270336K)
[124.473s][info ][gc,heap      ] GC(124) CMS: 218022K->218133K(600768K)
[124.473s][info ][gc,metaspace ] GC(124) Metaspace: 55900K->55900K(1099776K)
[124.473s][info ][gc           ] GC(124) Pause Young (Allocation Failure) 448M->214M(850M) 2.644ms
[124.473s][info ][gc,cpu       ] GC(124) User=0.01s Sys=0.00s Real=0.00s
[124.473s][info ][safepoint    ] Leaving safepoint region
[124.473s][info ][safepoint    ] Total time for which application threads were stopped: 0.0027946 seconds, Stopping threads took: 0.0000185 seconds
[126.474s][info ][safepoint    ] Application time: 2.0002248 seconds
[126.474s][info ][safepoint    ] Entering safepoint region: Cleanup
[126.474s][info ][safepoint    ] Leaving safepoint region
[126.474s][info ][safepoint    ] Total time for which application threads were stopped: 0.0001430 seconds, Stopping threads took: 0.0000721 seconds
[127.474s][info ][safepoint    ] Application time: 1.0001587 seconds
[127.474s][info ][safepoint    ] Entering safepoint region: Cleanup
[127.474s][info ][safepoint    ] Leaving safepoint region
[127.474s][info ][safepoint    ] Total time for which application threads were stopped: 0.0000823 seconds, Stopping threads took: 0.0000189 seconds
[128.474s][info ][safepoint    ] Application time: 1.0000860 seconds
[128.474s][info ][safepoint    ] Entering safepoint region: Cleanup
[128.474s][info ][safepoint    ] Leaving safepoint region
[128.474s][info ][safepoint    ] Total time for which application threads were stopped: 0.0000976 seconds, Stopping threads took: 0.0000179 seconds
[129.318s][info ][safepoint    ] Application time: 0.8442169 seconds
[129.318s][info ][safepoint    ] Entering safepoint region: GenCollectForAllocation
[129.319s][info ][gc,start     ] GC(125) Pause Young (Allocation Failure)
[129.319s][info ][gc,task      ] GC(125) Using 4 workers of 4 for evacuation
[129.321s][debug][gc,ref       ] GC(125) Skipped phase1 of Reference Processing due to unavailable references
[129.321s][debug][gc,ref       ] GC(125) Skipped phase2 of Reference Processing due to unavailable references
[129.321s][debug][gc,ref       ] GC(125) Skipped phase3 of Reference Processing due to unavailable references
[129.321s][debug][gc,ref       ] GC(125) Skipped phase4 of Reference Processing due to unavailable references
[129.321s][debug][gc,age       ] GC(125) Desired survivor size 15368192 bytes, new threshold 6 (max threshold 6)
[129.321s][info ][gc,heap      ] GC(125) ParNew: 241337K->1167K(270336K)
[129.321s][info ][gc,heap      ] GC(125) CMS: 218133K->218283K(600768K)
[129.321s][info ][gc,metaspace ] GC(125) Metaspace: 55912K->55912K(1099776K)
[129.321s][info ][gc           ] GC(125) Pause Young (Allocation Failure) 448M->214M(850M) 2.745ms
[129.321s][info ][gc,cpu       ] GC(125) User=0.01s Sys=0.00s Real=0.00s
[129.321s][info ][safepoint    ] Leaving safepoint region
[129.321s][info ][safepoint    ] Total time for which application threads were stopped: 0.0028921 seconds, Stopping threads took: 0.0000175 seconds
[130.321s][info ][safepoint    ] Application time: 1.0000956 seconds
[130.322s][info ][safepoint    ] Entering safepoint region: Cleanup
[130.322s][info ][safepoint    ] Leaving safepoint region
[130.322s][info ][safepoint    ] Total time for which application threads were stopped: 0.0001351 seconds, Stopping threads took: 0.0000439 seconds
[131.322s][info ][safepoint    ] Application time: 1.0000914 seconds
[131.322s][info ][safepoint    ] Entering safepoint region: Cleanup
[131.322s][info ][safepoint    ] Leaving safepoint region
[131.322s][info ][safepoint    ] Total time for which application threads were stopped: 0.0001237 seconds, Stopping threads took: 0.0000308 seconds
[132.322s][info ][safepoint    ] Application time: 1.0001277 seconds
[132.322s][info ][safepoint    ] Entering safepoint region: Cleanup
[132.322s][info ][safepoint    ] Leaving safepoint region
[132.322s][info ][safepoint    ] Total time for which application threads were stopped: 0.0001597 seconds, Stopping threads took: 0.0000870 seconds
[133.322s][info ][safepoint    ] Application time: 1.0001407 seconds
[133.322s][info ][safepoint    ] Entering safepoint region: Cleanup
[133.322s][info ][safepoint    ] Leaving safepoint region
[133.322s][info ][safepoint    ] Total time for which application threads were stopped: 0.0001261 seconds, Stopping threads took: 0.0000557 seconds
[134.116s][info ][safepoint    ] Application time: 0.7939036 seconds
[134.116s][info ][safepoint    ] Entering safepoint region: GenCollectForAllocation
[134.117s][info ][gc,start     ] GC(126) Pause Young (Allocation Failure)
[134.117s][info ][gc,task      ] GC(126) Using 4 workers of 4 for evacuation
[134.119s][debug][gc,ref       ] GC(126) Skipped phase1 of Reference Processing due to unavailable references
[134.119s][debug][gc,ref       ] GC(126) Skipped phase3 of Reference Processing due to unavailable references
[134.119s][debug][gc,age       ] GC(126) Desired survivor size 15368192 bytes, new threshold 6 (max threshold 6)
[134.119s][info ][gc,heap      ] GC(126) ParNew: 241487K->1286K(270336K)
[134.119s][info ][gc,heap      ] GC(126) CMS: 218283K->218434K(600768K)
[134.119s][info ][gc,metaspace ] GC(126) Metaspace: 55933K->55933K(1099776K)
[134.119s][info ][gc           ] GC(126) Pause Young (Allocation Failure) 448M->214M(850M) 2.711ms
[134.119s][info ][gc,cpu       ] GC(126) User=0.01s Sys=0.00s Real=0.00s
[134.119s][info ][safepoint    ] Leaving safepoint region
[134.119s][info ][safepoint    ] Total time for which application threads were stopped: 0.0028623 seconds, Stopping threads took: 0.0000173 seconds
[136.119s][info ][safepoint    ] Application time: 2.0001765 seconds
[136.120s][info ][safepoint    ] Entering safepoint region: Cleanup
[136.120s][info ][safepoint    ] Leaving safepoint region
[136.120s][info ][safepoint    ] Total time for which application threads were stopped: 0.0001169 seconds, Stopping threads took: 0.0000433 seconds
[138.120s][info ][safepoint    ] Application time: 2.0001962 seconds
[138.120s][info ][safepoint    ] Entering safepoint region: Cleanup
[138.120s][info ][safepoint    ] Leaving safepoint region
[138.120s][info ][safepoint    ] Total time for which application threads were stopped: 0.0001571 seconds, Stopping threads took: 0.0000426 seconds
[138.917s][info ][safepoint    ] Application time: 0.7964668 seconds
[138.917s][info ][safepoint    ] Entering safepoint region: GenCollectForAllocation
[138.917s][info ][gc,start     ] GC(127) Pause Young (Allocation Failure)
[138.917s][info ][gc,task      ] GC(127) Using 4 workers of 4 for evacuation
[138.921s][debug][gc,ref       ] GC(127) Skipped phase1 of Reference Processing due to unavailable references
[138.921s][debug][gc,ref       ] GC(127) Skipped phase3 of Reference Processing due to unavailable references
[138.921s][debug][gc,ref       ] GC(127) Skipped phase4 of Reference Processing due to unavailable references
[138.921s][debug][gc,age       ] GC(127) Desired survivor size 15368192 bytes, new threshold 6 (max threshold 6)
[138.921s][info ][gc,heap      ] GC(127) ParNew: 241606K->1078K(270336K)
[138.921s][info ][gc,heap      ] GC(127) CMS: 218434K->218572K(600768K)
[138.921s][info ][gc,metaspace ] GC(127) Metaspace: 55941K->55941K(1099776K)
[138.921s][info ][gc           ] GC(127) Pause Young (Allocation Failure) 449M->214M(850M) 4.739ms
[138.921s][info ][gc,cpu       ] GC(127) User=0.01s Sys=0.00s Real=0.00s
[138.921s][info ][safepoint    ] Leaving safepoint region
[138.921s][info ][safepoint    ] Total time for which application threads were stopped: 0.0049117 seconds, Stopping threads took: 0.0000181 seconds
[139.922s][info ][safepoint    ] Application time: 1.0001676 seconds
[139.922s][info ][safepoint    ] Entering safepoint region: Cleanup
[139.922s][info ][safepoint    ] Leaving safepoint region
[139.922s][info ][safepoint    ] Total time for which application threads were stopped: 0.0001318 seconds, Stopping threads took: 0.0000471 seconds
[141.922s][info ][safepoint    ] Application time: 2.0002161 seconds
[141.922s][info ][safepoint    ] Entering safepoint region: Cleanup
[141.922s][info ][safepoint    ] Leaving safepoint region
[141.922s][info ][safepoint    ] Total time for which application threads were stopped: 0.0001075 seconds, Stopping threads took: 0.0000401 seconds
[142.922s][info ][safepoint    ] Application time: 1.0001275 seconds
[142.922s][info ][safepoint    ] Entering safepoint region: Cleanup
[142.922s][info ][safepoint    ] Leaving safepoint region
[142.922s][info ][safepoint    ] Total time for which application threads were stopped: 0.0001075 seconds, Stopping threads took: 0.0000379 seconds
[143.665s][info ][safepoint    ] Application time: 0.7429700 seconds
[143.665s][info ][safepoint    ] Entering safepoint region: GenCollectForAllocation
[143.666s][info ][gc,start     ] GC(128) Pause Young (Allocation Failure)
[143.666s][info ][gc,task      ] GC(128) Using 4 workers of 4 for evacuation
[143.670s][debug][gc,ref       ] GC(128) Skipped phase1 of Reference Processing due to unavailable references
[143.670s][debug][gc,ref       ] GC(128) Skipped phase3 of Reference Processing due to unavailable references
[143.670s][debug][gc,ref       ] GC(128) Skipped phase4 of Reference Processing due to unavailable references
[143.670s][debug][gc,age       ] GC(128) Desired survivor size 15368192 bytes, new threshold 6 (max threshold 6)
[143.670s][info ][gc,heap      ] GC(128) ParNew: 241398K->1520K(270336K)
[143.670s][info ][gc,heap      ] GC(128) CMS: 218572K->218607K(600768K)
[143.670s][info ][gc,metaspace ] GC(128) Metaspace: 55955K->55955K(1099776K)
[143.670s][info ][gc           ] GC(128) Pause Young (Allocation Failure) 449M->214M(850M) 4.244ms
[143.670s][info ][gc,cpu       ] GC(128) User=0.01s Sys=0.00s Real=0.01s
[143.670s][info ][safepoint    ] Leaving safepoint region
[143.670s][info ][safepoint    ] Total time for which application threads were stopped: 0.0043866 seconds, Stopping threads took: 0.0000173 seconds
[145.670s][info ][safepoint    ] Application time: 2.0001850 seconds
[145.670s][info ][safepoint    ] Entering safepoint region: Cleanup
[145.670s][info ][safepoint    ] Leaving safepoint region
[145.670s][info ][safepoint    ] Total time for which application threads were stopped: 0.0001190 seconds, Stopping threads took: 0.0000473 seconds
[146.670s][info ][safepoint    ] Application time: 1.0001002 seconds
[146.670s][info ][safepoint    ] Entering safepoint region: Cleanup
[146.670s][info ][safepoint    ] Leaving safepoint region
[146.670s][info ][safepoint    ] Total time for which application threads were stopped: 0.0001377 seconds, Stopping threads took: 0.0000436 seconds
[147.671s][info ][safepoint    ] Application time: 1.0000933 seconds
[147.671s][info ][safepoint    ] Entering safepoint region: Cleanup
[147.671s][info ][safepoint    ] Leaving safepoint region
[147.671s][info ][safepoint    ] Total time for which application threads were stopped: 0.0002054 seconds, Stopping threads took: 0.0000460 seconds
[148.022s][info ][safepoint    ] Application time: 0.3514598 seconds
[148.022s][info ][safepoint    ] Entering safepoint region: GenCollectForAllocation
[148.022s][info ][gc,start     ] GC(129) Pause Young (Allocation Failure)
[148.022s][info ][gc,task      ] GC(129) Using 4 workers of 4 for evacuation
[148.026s][debug][gc,ref       ] GC(129) Skipped phase1 of Reference Processing due to unavailable references
[148.026s][debug][gc,ref       ] GC(129) Skipped phase3 of Reference Processing due to unavailable references
[148.026s][debug][gc,age       ] GC(129) Desired survivor size 15368192 bytes, new threshold 6 (max threshold 6)
[148.026s][info ][gc,heap      ] GC(129) ParNew: 241840K->2507K(270336K)
[148.026s][info ][gc,heap      ] GC(129) CMS: 218607K->218746K(600768K)
[148.026s][info ][gc,metaspace ] GC(129) Metaspace: 56029K->56029K(1099776K)
[148.026s][info ][gc           ] GC(129) Pause Young (Allocation Failure) 449M->216M(850M) 3.418ms
[148.026s][info ][gc,cpu       ] GC(129) User=0.01s Sys=0.00s Real=0.00s
[148.026s][info ][safepoint    ] Leaving safepoint region
[148.026s][info ][safepoint    ] Total time for which application threads were stopped: 0.0035891 seconds, Stopping threads took: 0.0000164 seconds
[149.026s][info ][safepoint    ] Application time: 1.0000934 seconds
[149.026s][info ][safepoint    ] Entering safepoint region: Cleanup
[149.026s][info ][safepoint    ] Leaving safepoint region
[149.026s][info ][safepoint    ] Total time for which application threads were stopped: 0.0001084 seconds, Stopping threads took: 0.0000182 seconds
[150.026s][info ][safepoint    ] Application time: 1.0000924 seconds
[150.026s][info ][safepoint    ] Entering safepoint region: Cleanup
[150.026s][info ][safepoint    ] Leaving safepoint region
[150.026s][info ][safepoint    ] Total time for which application threads were stopped: 0.0000866 seconds, Stopping threads took: 0.0000189 seconds
[151.026s][info ][safepoint    ] Application time: 1.0000955 seconds
[151.027s][info ][safepoint    ] Entering safepoint region: Cleanup
[151.027s][info ][safepoint    ] Leaving safepoint region
[151.027s][info ][safepoint    ] Total time for which application threads were stopped: 0.0001533 seconds, Stopping threads took: 0.0000178 seconds
[152.027s][info ][safepoint    ] Application time: 1.0001365 seconds
[152.027s][info ][safepoint    ] Entering safepoint region: Cleanup
[152.027s][info ][safepoint    ] Leaving safepoint region
[152.027s][info ][safepoint    ] Total time for which application threads were stopped: 0.0001211 seconds, Stopping threads took: 0.0000188 seconds
[152.426s][info ][safepoint    ] Application time: 0.3987559 seconds
[152.426s][info ][safepoint    ] Entering safepoint region: GenCollectForAllocation
[152.426s][info ][gc,start     ] GC(130) Pause Young (Allocation Failure)
[152.426s][info ][gc,task      ] GC(130) Using 4 workers of 4 for evacuation
[152.431s][debug][gc,ref       ] GC(130) Skipped phase1 of Reference Processing due to unavailable references
[152.431s][debug][gc,ref       ] GC(130) Skipped phase3 of Reference Processing due to unavailable references
[152.431s][debug][gc,ref       ] GC(130) Skipped phase4 of Reference Processing due to unavailable references
[152.431s][debug][gc,age       ] GC(130) Desired survivor size 15368192 bytes, new threshold 6 (max threshold 6)
[152.431s][info ][gc,heap      ] GC(130) ParNew: 242827K->6456K(270336K)
[152.431s][info ][gc,heap      ] GC(130) CMS: 218746K->218854K(600768K)
[152.431s][info ][gc,metaspace ] GC(130) Metaspace: 56100K->56100K(1099776K)
[152.431s][info ][gc           ] GC(130) Pause Young (Allocation Failure) 450M->220M(850M) 5.213ms
[152.431s][info ][gc,cpu       ] GC(130) User=0.03s Sys=0.00s Real=0.01s
[152.431s][info ][safepoint    ] Leaving safepoint region
[152.431s][info ][safepoint    ] Total time for which application threads were stopped: 0.0054477 seconds, Stopping threads took: 0.0000672 seconds
[152.455s][info ][safepoint    ] Application time: 0.0240447 seconds
[152.455s][info ][safepoint    ] Entering safepoint region: ICBufferFull
[152.456s][info ][safepoint    ] Leaving safepoint region
[152.456s][info ][safepoint    ] Total time for which application threads were stopped: 0.0002960 seconds, Stopping threads took: 0.0000671 seconds
[153.456s][info ][safepoint    ] Application time: 1.0001353 seconds
[153.456s][info ][safepoint    ] Entering safepoint region: Cleanup
[153.456s][info ][safepoint    ] Leaving safepoint region
[153.456s][info ][safepoint    ] Total time for which application threads were stopped: 0.0001186 seconds, Stopping threads took: 0.0000169 seconds
[154.456s][info ][safepoint    ] Application time: 1.0000796 seconds
[154.456s][info ][safepoint    ] Entering safepoint region: Cleanup
[154.456s][info ][safepoint    ] Leaving safepoint region
[154.456s][info ][safepoint    ] Total time for which application threads were stopped: 0.0001084 seconds, Stopping threads took: 0.0000165 seconds
[155.408s][info ][safepoint    ] Application time: 0.9515086 seconds
[155.408s][info ][safepoint    ] Entering safepoint region: GenCollectForAllocation
[155.408s][info ][gc,start     ] GC(131) Pause Young (Allocation Failure)
[155.408s][info ][gc,task      ] GC(131) Using 4 workers of 4 for evacuation
[155.415s][debug][gc,ref       ] GC(131) Skipped phase1 of Reference Processing due to unavailable references
[155.415s][debug][gc,ref       ] GC(131) Skipped phase3 of Reference Processing due to unavailable references
[155.415s][debug][gc,ref       ] GC(131) Skipped phase4 of Reference Processing due to unavailable references
[155.416s][debug][gc,age       ] GC(131) Desired survivor size 15368192 bytes, new threshold 6 (max threshold 6)
[155.416s][info ][gc,heap      ] GC(131) ParNew: 246776K->14715K(270336K)
[155.416s][info ][gc,heap      ] GC(131) CMS: 218854K->218890K(600768K)
[155.416s][info ][gc,metaspace ] GC(131) Metaspace: 56168K->56168K(1099776K)
[155.416s][info ][gc           ] GC(131) Pause Young (Allocation Failure) 454M->228M(850M) 7.835ms
[155.416s][info ][gc,cpu       ] GC(131) User=0.04s Sys=0.00s Real=0.01s
[155.416s][info ][safepoint    ] Leaving safepoint region
[155.416s][info ][safepoint    ] Total time for which application threads were stopped: 0.0080119 seconds, Stopping threads took: 0.0000161 seconds
[156.416s][info ][safepoint    ] Application time: 1.0001456 seconds
[156.416s][info ][safepoint    ] Entering safepoint region: Cleanup
[156.416s][info ][safepoint    ] Leaving safepoint region
[156.416s][info ][safepoint    ] Total time for which application threads were stopped: 0.0001462 seconds, Stopping threads took: 0.0000737 seconds
[157.416s][info ][safepoint    ] Application time: 1.0001291 seconds
[157.416s][info ][safepoint    ] Entering safepoint region: Cleanup
[157.416s][info ][safepoint    ] Leaving safepoint region
[157.416s][info ][safepoint    ] Total time for which application threads were stopped: 0.0001467 seconds, Stopping threads took: 0.0000404 seconds
[158.416s][info ][safepoint    ] Application time: 1.0000992 seconds
[158.417s][info ][safepoint    ] Entering safepoint region: Cleanup
[158.417s][info ][safepoint    ] Leaving safepoint region
[158.417s][info ][safepoint    ] Total time for which application threads were stopped: 0.0000971 seconds, Stopping threads took: 0.0000186 seconds
[159.025s][info ][safepoint    ] Application time: 0.6087474 seconds
[159.025s][info ][safepoint    ] Entering safepoint region: GenCollectForAllocation
[159.026s][info ][gc,start     ] GC(132) Pause Young (Allocation Failure)
[159.026s][info ][gc,task      ] GC(132) Using 4 workers of 4 for evacuation
[159.033s][debug][gc,ref       ] GC(132) Skipped phase1 of Reference Processing due to unavailable references
[159.033s][debug][gc,ref       ] GC(132) Skipped phase3 of Reference Processing due to unavailable references
[159.033s][debug][gc,ref       ] GC(132) Skipped phase4 of Reference Processing due to unavailable references
[159.033s][debug][gc,age       ] GC(132) Desired survivor size 15368192 bytes, new threshold 6 (max threshold 6)
[159.033s][info ][gc,heap      ] GC(132) ParNew: 255035K->20647K(270336K)
[159.033s][info ][gc,heap      ] GC(132) CMS: 218890K->218916K(600768K)
[159.033s][info ][gc,metaspace ] GC(132) Metaspace: 56212K->56212K(1099776K)
[159.033s][info ][gc           ] GC(132) Pause Young (Allocation Failure) 462M->233M(850M) 7.646ms
[159.033s][info ][gc,cpu       ] GC(132) User=0.03s Sys=0.00s Real=0.01s
[159.033s][info ][safepoint    ] Leaving safepoint region
[159.033s][info ][safepoint    ] Total time for which application threads were stopped: 0.0078857 seconds, Stopping threads took: 0.0000998 seconds
[160.033s][info ][safepoint    ] Application time: 1.0000971 seconds
[160.033s][info ][safepoint    ] Entering safepoint region: Cleanup
[160.034s][info ][safepoint    ] Leaving safepoint region
[160.034s][info ][safepoint    ] Total time for which application threads were stopped: 0.0001013 seconds, Stopping threads took: 0.0000179 seconds
[161.034s][info ][safepoint    ] Application time: 1.0001254 seconds
[161.034s][info ][safepoint    ] Entering safepoint region: Cleanup
[161.034s][info ][safepoint    ] Leaving safepoint region
[161.034s][info ][safepoint    ] Total time for which application threads were stopped: 0.0000944 seconds, Stopping threads took: 0.0000174 seconds
[162.034s][info ][safepoint    ] Application time: 1.0000875 seconds
[162.034s][info ][safepoint    ] Entering safepoint region: Cleanup
[162.034s][info ][safepoint    ] Leaving safepoint region
[162.034s][info ][safepoint    ] Total time for which application threads were stopped: 0.0000908 seconds, Stopping threads took: 0.0000201 seconds
[162.520s][info ][safepoint    ] Application time: 0.4858234 seconds
[162.520s][info ][safepoint    ] Entering safepoint region: GenCollectForAllocation
[162.520s][info ][gc,start     ] GC(133) Pause Young (Allocation Failure)
[162.520s][info ][gc,task      ] GC(133) Using 4 workers of 4 for evacuation
[162.528s][debug][gc,ref       ] GC(133) Skipped phase1 of Reference Processing due to unavailable references
[162.528s][debug][gc,ref       ] GC(133) Skipped phase3 of Reference Processing due to unavailable references
[162.528s][debug][gc,ref       ] GC(133) Skipped phase4 of Reference Processing due to unavailable references
[162.528s][debug][gc,age       ] GC(133) Desired survivor size 15368192 bytes, new threshold 6 (max threshold 6)
[162.528s][info ][gc,heap      ] GC(133) ParNew: 260967K->22149K(270336K)
[162.528s][info ][gc,heap      ] GC(133) CMS: 218916K->218989K(600768K)
[162.528s][info ][gc,metaspace ] GC(133) Metaspace: 56239K->56239K(1099776K)
[162.528s][info ][gc           ] GC(133) Pause Young (Allocation Failure) 468M->235M(850M) 8.105ms
[162.528s][info ][gc,cpu       ] GC(133) User=0.03s Sys=0.00s Real=0.01s
[162.528s][info ][safepoint    ] Leaving safepoint region
[162.528s][info ][safepoint    ] Total time for which application threads were stopped: 0.0082919 seconds, Stopping threads took: 0.0000169 seconds
[163.528s][info ][safepoint    ] Application time: 1.0001044 seconds
[163.528s][info ][safepoint    ] Entering safepoint region: Cleanup
[163.528s][info ][safepoint    ] Leaving safepoint region
[163.528s][info ][safepoint    ] Total time for which application threads were stopped: 0.0001132 seconds, Stopping threads took: 0.0000180 seconds
[164.529s][info ][safepoint    ] Application time: 1.0000883 seconds
[164.529s][info ][safepoint    ] Entering safepoint region: Cleanup
[164.529s][info ][safepoint    ] Leaving safepoint region
[164.529s][info ][safepoint    ] Total time for which application threads were stopped: 0.0001390 seconds, Stopping threads took: 0.0000187 seconds
[165.529s][info ][safepoint    ] Application time: 1.0001021 seconds
[165.529s][info ][safepoint    ] Entering safepoint region: Cleanup
[165.529s][info ][safepoint    ] Leaving safepoint region
[165.529s][info ][safepoint    ] Total time for which application threads were stopped: 0.0000883 seconds, Stopping threads took: 0.0000181 seconds
[166.417s][info ][safepoint    ] Application time: 0.8884024 seconds
[166.417s][info ][safepoint    ] Entering safepoint region: GenCollectForAllocation
[166.418s][info ][gc,start     ] GC(134) Pause Young (Allocation Failure)
[166.418s][info ][gc,task      ] GC(134) Using 4 workers of 4 for evacuation
[166.430s][debug][gc,ref       ] GC(134) Skipped phase1 of Reference Processing due to unavailable references
[166.430s][debug][gc,ref       ] GC(134) Skipped phase3 of Reference Processing due to unavailable references
[166.430s][debug][gc,age       ] GC(134) Desired survivor size 15368192 bytes, new threshold 6 (max threshold 6)
[166.430s][info ][gc,heap      ] GC(134) ParNew: 262469K->17316K(270336K)
[166.430s][info ][gc,heap      ] GC(134) CMS: 218989K->219103K(600768K)
[166.430s][info ][gc,metaspace ] GC(134) Metaspace: 56309K->56309K(1099776K)
[166.430s][info ][gc           ] GC(134) Pause Young (Allocation Failure) 470M->230M(850M) 12.725ms
[166.430s][info ][gc,cpu       ] GC(134) User=0.03s Sys=0.00s Real=0.01s
[166.430s][info ][safepoint    ] Leaving safepoint region
[166.430s][info ][safepoint    ] Total time for which application threads were stopped: 0.0129433 seconds, Stopping threads took: 0.0000180 seconds
[167.430s][info ][safepoint    ] Application time: 1.0000986 seconds
[167.430s][info ][safepoint    ] Entering safepoint region: Cleanup
[167.431s][info ][safepoint    ] Leaving safepoint region
[167.431s][info ][safepoint    ] Total time for which application threads were stopped: 0.0001024 seconds, Stopping threads took: 0.0000179 seconds
[168.431s][info ][safepoint    ] Application time: 1.0000921 seconds
[168.431s][info ][safepoint    ] Entering safepoint region: Cleanup
[168.431s][info ][safepoint    ] Leaving safepoint region
[168.431s][info ][safepoint    ] Total time for which application threads were stopped: 0.0000928 seconds, Stopping threads took: 0.0000173 seconds
[169.431s][info ][safepoint    ] Application time: 1.0001236 seconds
[169.431s][info ][safepoint    ] Entering safepoint region: Cleanup
[169.431s][info ][safepoint    ] Leaving safepoint region
[169.431s][info ][safepoint    ] Total time for which application threads were stopped: 0.0000990 seconds, Stopping threads took: 0.0000177 seconds
[170.431s][info ][safepoint    ] Application time: 1.0001062 seconds
[170.431s][info ][safepoint    ] Entering safepoint region: Cleanup
[170.431s][info ][safepoint    ] Leaving safepoint region
[170.431s][info ][safepoint    ] Total time for which application threads were stopped: 0.0000863 seconds, Stopping threads took: 0.0000187 seconds
[170.824s][info ][safepoint    ] Application time: 0.3927991 seconds
[170.824s][info ][safepoint    ] Entering safepoint region: GenCollectForAllocation
[170.824s][info ][gc,start     ] GC(135) Pause Young (Allocation Failure)
[170.824s][info ][gc,task      ] GC(135) Using 4 workers of 4 for evacuation
[170.834s][debug][gc,ref       ] GC(135) Skipped phase1 of Reference Processing due to unavailable references
[170.834s][debug][gc,ref       ] GC(135) Skipped phase2 of Reference Processing due to unavailable references
[170.834s][debug][gc,ref       ] GC(135) Skipped phase3 of Reference Processing due to unavailable references
[170.834s][debug][gc,ref       ] GC(135) Skipped phase4 of Reference Processing due to unavailable references
[170.834s][debug][gc,age       ] GC(135) Desired survivor size 15368192 bytes, new threshold 6 (max threshold 6)
[170.834s][info ][gc,heap      ] GC(135) ParNew: 257636K->21160K(270336K)
[170.834s][info ][gc,heap      ] GC(135) CMS: 219103K->219730K(600768K)
[170.834s][info ][gc,metaspace ] GC(135) Metaspace: 56330K->56330K(1099776K)
[170.834s][info ][gc           ] GC(135) Pause Young (Allocation Failure) 465M->235M(850M) 10.123ms
[170.834s][info ][gc,cpu       ] GC(135) User=0.03s Sys=0.00s Real=0.01s
[170.834s][info ][safepoint    ] Leaving safepoint region
[170.834s][info ][safepoint    ] Total time for which application threads were stopped: 0.0103249 seconds, Stopping threads took: 0.0000229 seconds
[171.835s][info ][safepoint    ] Application time: 1.0001090 seconds
[171.835s][info ][safepoint    ] Entering safepoint region: Cleanup
[171.835s][info ][safepoint    ] Leaving safepoint region
[171.835s][info ][safepoint    ] Total time for which application threads were stopped: 0.0000843 seconds, Stopping threads took: 0.0000185 seconds
[172.835s][info ][safepoint    ] Application time: 1.0000941 seconds
[172.835s][info ][safepoint    ] Entering safepoint region: Cleanup
[172.835s][info ][safepoint    ] Leaving safepoint region
[172.835s][info ][safepoint    ] Total time for which application threads were stopped: 0.0000710 seconds, Stopping threads took: 0.0000190 seconds
[173.835s][info ][safepoint    ] Application time: 1.0001207 seconds
[173.835s][info ][safepoint    ] Entering safepoint region: Cleanup
[173.835s][info ][safepoint    ] Leaving safepoint region
[173.835s][info ][safepoint    ] Total time for which application threads were stopped: 0.0000756 seconds, Stopping threads took: 0.0000185 seconds
[174.835s][info ][safepoint    ] Application time: 1.0000902 seconds
[174.835s][info ][safepoint    ] Entering safepoint region: Cleanup
[174.835s][info ][safepoint    ] Leaving safepoint region
[174.835s][info ][safepoint    ] Total time for which application threads were stopped: 0.0000809 seconds, Stopping threads took: 0.0000185 seconds
[175.504s][info ][safepoint    ] Application time: 0.6686075 seconds
[175.504s][info ][safepoint    ] Entering safepoint region: GenCollectForAllocation
[175.504s][info ][gc,start     ] GC(136) Pause Young (Allocation Failure)
[175.504s][info ][gc,task      ] GC(136) Using 4 workers of 4 for evacuation
[175.513s][debug][gc,ref       ] GC(136) Skipped phase1 of Reference Processing due to unavailable references
[175.513s][debug][gc,ref       ] GC(136) Skipped phase2 of Reference Processing due to unavailable references
[175.513s][debug][gc,ref       ] GC(136) Skipped phase3 of Reference Processing due to unavailable references
[175.513s][debug][gc,ref       ] GC(136) Skipped phase4 of Reference Processing due to unavailable references
[175.513s][debug][gc,age       ] GC(136) Desired survivor size 15368192 bytes, new threshold 6 (max threshold 6)
[175.513s][info ][gc,heap      ] GC(136) ParNew: 261480K->18203K(270336K)
[175.513s][info ][gc,heap      ] GC(136) CMS: 219730K->221271K(600768K)
[175.513s][info ][gc,metaspace ] GC(136) Metaspace: 56335K->56335K(1099776K)
[175.513s][info ][gc           ] GC(136) Pause Young (Allocation Failure) 469M->233M(850M) 8.807ms
[175.513s][info ][gc,cpu       ] GC(136) User=0.03s Sys=0.00s Real=0.01s
[175.513s][info ][safepoint    ] Leaving safepoint region
[175.513s][info ][safepoint    ] Total time for which application threads were stopped: 0.0090357 seconds, Stopping threads took: 0.0000843 seconds
[176.513s][info ][safepoint    ] Application time: 1.0001074 seconds
[176.513s][info ][safepoint    ] Entering safepoint region: Cleanup
[176.513s][info ][safepoint    ] Leaving safepoint region
[176.513s][info ][safepoint    ] Total time for which application threads were stopped: 0.0000919 seconds, Stopping threads took: 0.0000182 seconds
[177.513s][info ][safepoint    ] Application time: 1.0001306 seconds
[177.513s][info ][safepoint    ] Entering safepoint region: Cleanup
[177.514s][info ][safepoint    ] Leaving safepoint region
[177.514s][info ][safepoint    ] Total time for which application threads were stopped: 0.0000797 seconds, Stopping threads took: 0.0000176 seconds
[178.514s][info ][safepoint    ] Application time: 1.0000889 seconds
[178.514s][info ][safepoint    ] Entering safepoint region: Cleanup
[178.514s][info ][safepoint    ] Leaving safepoint region
[178.514s][info ][safepoint    ] Total time for which application threads were stopped: 0.0000832 seconds, Stopping threads took: 0.0000185 seconds
[179.514s][info ][safepoint    ] Application time: 1.0001051 seconds
[179.514s][info ][safepoint    ] Entering safepoint region: Cleanup
[179.514s][info ][safepoint    ] Leaving safepoint region
[179.514s][info ][safepoint    ] Total time for which application threads were stopped: 0.0001065 seconds, Stopping threads took: 0.0000447 seconds
[180.066s][info ][safepoint    ] Application time: 0.5517153 seconds
[180.066s][info ][safepoint    ] Entering safepoint region: GenCollectForAllocation
[180.066s][info ][gc,start     ] GC(137) Pause Young (Allocation Failure)
[180.066s][info ][gc,task      ] GC(137) Using 4 workers of 4 for evacuation
[180.077s][debug][gc,ref       ] GC(137) Skipped phase1 of Reference Processing due to unavailable references
[180.077s][debug][gc,ref       ] GC(137) Skipped phase2 of Reference Processing due to unavailable references
[180.077s][debug][gc,ref       ] GC(137) Skipped phase3 of Reference Processing due to unavailable references
[180.077s][debug][gc,ref       ] GC(137) Skipped phase4 of Reference Processing due to unavailable references
[180.077s][debug][gc,age       ] GC(137) Desired survivor size 15368192 bytes, new threshold 6 (max threshold 6)
[180.077s][info ][gc,heap      ] GC(137) ParNew: 258523K->13703K(270336K)
[180.077s][info ][gc,heap      ] GC(137) CMS: 221271K->227132K(600768K)
[180.077s][info ][gc,metaspace ] GC(137) Metaspace: 56344K->56344K(1099776K)
[180.077s][info ][gc           ] GC(137) Pause Young (Allocation Failure) 468M->235M(850M) 11.002ms
[180.077s][info ][gc,cpu       ] GC(137) User=0.03s Sys=0.00s Real=0.02s
[180.077s][info ][safepoint    ] Leaving safepoint region
[180.077s][info ][safepoint    ] Total time for which application threads were stopped: 0.0111706 seconds, Stopping threads took: 0.0000178 seconds
[181.077s][info ][safepoint    ] Application time: 1.0000991 seconds
[181.077s][info ][safepoint    ] Entering safepoint region: Cleanup
[181.077s][info ][safepoint    ] Leaving safepoint region
[181.077s][info ][safepoint    ] Total time for which application threads were stopped: 0.0001002 seconds, Stopping threads took: 0.0000395 seconds
[182.077s][info ][safepoint    ] Application time: 1.0000902 seconds
[182.077s][info ][safepoint    ] Entering safepoint region: Cleanup
[182.077s][info ][safepoint    ] Leaving safepoint region
[182.077s][info ][safepoint    ] Total time for which application threads were stopped: 0.0000821 seconds, Stopping threads took: 0.0000216 seconds
[183.078s][info ][safepoint    ] Application time: 1.0001051 seconds
[183.078s][info ][safepoint    ] Entering safepoint region: Cleanup
[183.078s][info ][safepoint    ] Leaving safepoint region
[183.078s][info ][safepoint    ] Total time for which application threads were stopped: 0.0000965 seconds, Stopping threads took: 0.0000308 seconds
[184.078s][info ][safepoint    ] Application time: 1.0000887 seconds
[184.078s][info ][safepoint    ] Entering safepoint region: Cleanup
[184.078s][info ][safepoint    ] Leaving safepoint region
[184.078s][info ][safepoint    ] Total time for which application threads were stopped: 0.0001056 seconds, Stopping threads took: 0.0000173 seconds
[185.078s][info ][safepoint    ] Application time: 1.0001258 seconds
[185.078s][info ][safepoint    ] Entering safepoint region: Cleanup
[185.078s][info ][safepoint    ] Leaving safepoint region
[185.078s][info ][safepoint    ] Total time for which application threads were stopped: 0.0000896 seconds, Stopping threads took: 0.0000180 seconds
[185.640s][info ][safepoint    ] Application time: 0.5616194 seconds
[185.640s][info ][safepoint    ] Entering safepoint region: GenCollectForAllocation
[185.640s][info ][gc,start     ] GC(138) Pause Young (Allocation Failure)
[185.640s][info ][gc,task      ] GC(138) Using 4 workers of 4 for evacuation
[185.647s][debug][gc,ref       ] GC(138) Skipped phase1 of Reference Processing due to unavailable references
[185.647s][debug][gc,ref       ] GC(138) Skipped phase2 of Reference Processing due to unavailable references
[185.647s][debug][gc,ref       ] GC(138) Skipped phase3 of Reference Processing due to unavailable references
[185.647s][debug][gc,ref       ] GC(138) Skipped phase4 of Reference Processing due to unavailable references
[185.647s][debug][gc,age       ] GC(138) Desired survivor size 15368192 bytes, new threshold 6 (max threshold 6)
[185.647s][info ][gc,heap      ] GC(138) ParNew: 254023K->6343K(270336K)
[185.647s][info ][gc,heap      ] GC(138) CMS: 227132K->229281K(600768K)
[185.647s][info ][gc,metaspace ] GC(138) Metaspace: 56394K->56394K(1099776K)
[185.647s][info ][gc           ] GC(138) Pause Young (Allocation Failure) 469M->230M(850M) 7.384ms
[185.647s][info ][gc,cpu       ] GC(138) User=0.03s Sys=0.00s Real=0.01s
[185.647s][info ][safepoint    ] Leaving safepoint region
[185.647s][info ][safepoint    ] Total time for which application threads were stopped: 0.0075282 seconds, Stopping threads took: 0.0000171 seconds
[186.647s][info ][safepoint    ] Application time: 1.0000795 seconds
[186.647s][info ][safepoint    ] Entering safepoint region: Cleanup
[186.648s][info ][safepoint    ] Leaving safepoint region
[186.648s][info ][safepoint    ] Total time for which application threads were stopped: 0.0000738 seconds, Stopping threads took: 0.0000193 seconds
[187.648s][info ][safepoint    ] Application time: 1.0000462 seconds
[187.648s][info ][safepoint    ] Entering safepoint region: Cleanup
[187.648s][info ][safepoint    ] Leaving safepoint region
[187.648s][info ][safepoint    ] Total time for which application threads were stopped: 0.0001014 seconds, Stopping threads took: 0.0000340 seconds
[188.648s][info ][safepoint    ] Application time: 1.0001187 seconds
[188.648s][info ][safepoint    ] Entering safepoint region: Cleanup
[188.648s][info ][safepoint    ] Leaving safepoint region
[188.648s][info ][safepoint    ] Total time for which application threads were stopped: 0.0000813 seconds, Stopping threads took: 0.0000195 seconds
[189.648s][info ][safepoint    ] Application time: 1.0001148 seconds
[189.648s][info ][safepoint    ] Entering safepoint region: Cleanup
[189.648s][info ][safepoint    ] Leaving safepoint region
[189.648s][info ][safepoint    ] Total time for which application threads were stopped: 0.0000861 seconds, Stopping threads took: 0.0000196 seconds
[190.648s][info ][safepoint    ] Application time: 1.0000922 seconds
[190.648s][info ][safepoint    ] Entering safepoint region: Cleanup
[190.648s][info ][safepoint    ] Leaving safepoint region
[190.648s][info ][safepoint    ] Total time for which application threads were stopped: 0.0000755 seconds, Stopping threads took: 0.0000194 seconds
[191.649s][info ][safepoint    ] Application time: 1.0001268 seconds
[191.649s][info ][safepoint    ] Entering safepoint region: Cleanup
[191.649s][info ][safepoint    ] Leaving safepoint region
[191.649s][info ][safepoint    ] Total time for which application threads were stopped: 0.0000700 seconds, Stopping threads took: 0.0000195 seconds
[192.649s][info ][safepoint    ] Application time: 1.0001340 seconds
[192.649s][info ][safepoint    ] Entering safepoint region: Cleanup
[192.649s][info ][safepoint    ] Leaving safepoint region
[192.649s][info ][safepoint    ] Total time for which application threads were stopped: 0.0000724 seconds, Stopping threads took: 0.0000181 seconds
[193.318s][info ][safepoint    ] Application time: 0.6694093 seconds
[193.318s][info ][safepoint    ] Entering safepoint region: GenCollectForAllocation
[193.318s][info ][gc,start     ] GC(139) Pause Young (Allocation Failure)
[193.318s][info ][gc,task      ] GC(139) Using 4 workers of 4 for evacuation
[193.324s][debug][gc,ref       ] GC(139) Skipped phase1 of Reference Processing due to unavailable references
[193.324s][debug][gc,ref       ] GC(139) Skipped phase2 of Reference Processing due to unavailable references
[193.324s][debug][gc,ref       ] GC(139) Skipped phase3 of Reference Processing due to unavailable references
[193.324s][debug][gc,ref       ] GC(139) Skipped phase4 of Reference Processing due to unavailable references
[193.324s][debug][gc,age       ] GC(139) Desired survivor size 15368192 bytes, new threshold 6 (max threshold 6)
[193.324s][info ][gc,heap      ] GC(139) ParNew: 246663K->5932K(270336K)
[193.324s][info ][gc,heap      ] GC(139) CMS: 229281K->231791K(600768K)
[193.324s][info ][gc,metaspace ] GC(139) Metaspace: 56397K->56397K(1099776K)
[193.324s][info ][gc           ] GC(139) Pause Young (Allocation Failure) 464M->232M(850M) 5.669ms
[193.324s][info ][gc,cpu       ] GC(139) User=0.01s Sys=0.00s Real=0.00s
[193.324s][info ][safepoint    ] Leaving safepoint region
[193.324s][info ][safepoint    ] Total time for which application threads were stopped: 0.0058225 seconds, Stopping threads took: 0.0000193 seconds
[194.324s][info ][safepoint    ] Application time: 1.0000940 seconds
[194.324s][info ][safepoint    ] Entering safepoint region: Cleanup
[194.324s][info ][safepoint    ] Leaving safepoint region
[194.324s][info ][safepoint    ] Total time for which application threads were stopped: 0.0000780 seconds, Stopping threads took: 0.0000186 seconds
[195.324s][info ][safepoint    ] Application time: 1.0000799 seconds
[195.325s][info ][safepoint    ] Entering safepoint region: Cleanup
[195.325s][info ][safepoint    ] Leaving safepoint region
[195.325s][info ][safepoint    ] Total time for which application threads were stopped: 0.0000903 seconds, Stopping threads took: 0.0000179 seconds
[196.325s][info ][safepoint    ] Application time: 1.0000897 seconds
[196.325s][info ][safepoint    ] Entering safepoint region: Cleanup
[196.325s][info ][safepoint    ] Leaving safepoint region
[196.325s][info ][safepoint    ] Total time for which application threads were stopped: 0.0000879 seconds, Stopping threads took: 0.0000168 seconds
[197.325s][info ][safepoint    ] Application time: 1.0000875 seconds
[197.325s][info ][safepoint    ] Entering safepoint region: Cleanup
[197.325s][info ][safepoint    ] Leaving safepoint region
[197.325s][info ][safepoint    ] Total time for which application threads were stopped: 0.0000741 seconds, Stopping threads took: 0.0000175 seconds
[198.325s][info ][safepoint    ] Application time: 1.0000874 seconds
[198.325s][info ][safepoint    ] Entering safepoint region: Cleanup
[198.325s][info ][safepoint    ] Leaving safepoint region
[198.325s][info ][safepoint    ] Total time for which application threads were stopped: 0.0000859 seconds, Stopping threads took: 0.0000306 seconds
[199.325s][info ][safepoint    ] Application time: 1.0000910 seconds
[199.325s][info ][safepoint    ] Entering safepoint region: Cleanup
[199.325s][info ][safepoint    ] Leaving safepoint region
[199.326s][info ][safepoint    ] Total time for which application threads were stopped: 0.0001106 seconds, Stopping threads took: 0.0000578 seconds
[200.326s][info ][safepoint    ] Application time: 1.0000862 seconds
[200.326s][info ][safepoint    ] Entering safepoint region: Cleanup
[200.326s][info ][safepoint    ] Leaving safepoint region
[200.326s][info ][safepoint    ] Total time for which application threads were stopped: 0.0000835 seconds, Stopping threads took: 0.0000316 seconds
[201.326s][info ][safepoint    ] Application time: 1.0000880 seconds
[201.326s][info ][safepoint    ] Entering safepoint region: Cleanup
[201.326s][info ][safepoint    ] Leaving safepoint region
[201.326s][info ][safepoint    ] Total time for which application threads were stopped: 0.0000831 seconds, Stopping threads took: 0.0000177 seconds
[202.326s][info ][safepoint    ] Application time: 1.0000856 seconds
[202.326s][info ][safepoint    ] Entering safepoint region: Cleanup
[202.326s][info ][safepoint    ] Leaving safepoint region
[202.326s][info ][safepoint    ] Total time for which application threads were stopped: 0.0000831 seconds, Stopping threads took: 0.0000299 seconds
[203.326s][info ][safepoint    ] Application time: 1.0000895 seconds
[203.326s][info ][safepoint    ] Entering safepoint region: Cleanup
[203.326s][info ][safepoint    ] Leaving safepoint region
[203.326s][info ][safepoint    ] Total time for which application threads were stopped: 0.0000958 seconds, Stopping threads took: 0.0000317 seconds
[204.326s][info ][safepoint    ] Application time: 1.0000927 seconds
[204.326s][info ][safepoint    ] Entering safepoint region: Cleanup
[204.327s][info ][safepoint    ] Leaving safepoint region
[204.327s][info ][safepoint    ] Total time for which application threads were stopped: 0.0000746 seconds, Stopping threads took: 0.0000197 seconds
[205.327s][info ][safepoint    ] Application time: 1.0001311 seconds
[205.327s][info ][safepoint    ] Entering safepoint region: Cleanup
[205.327s][info ][safepoint    ] Leaving safepoint region
[205.327s][info ][safepoint    ] Total time for which application threads were stopped: 0.0000749 seconds, Stopping threads took: 0.0000194 seconds
[206.327s][info ][safepoint    ] Application time: 1.0001120 seconds
[206.327s][info ][safepoint    ] Entering safepoint region: Cleanup
[206.327s][info ][safepoint    ] Leaving safepoint region
[206.327s][info ][safepoint    ] Total time for which application threads were stopped: 0.0000752 seconds, Stopping threads took: 0.0000202 seconds
[207.327s][info ][safepoint    ] Application time: 1.0001075 seconds
[207.327s][info ][safepoint    ] Entering safepoint region: Cleanup
[207.327s][info ][safepoint    ] Leaving safepoint region
[207.327s][info ][safepoint    ] Total time for which application threads were stopped: 0.0000719 seconds, Stopping threads took: 0.0000188 seconds
[208.327s][info ][safepoint    ] Application time: 1.0001244 seconds
[208.327s][info ][safepoint    ] Entering safepoint region: Cleanup
[208.328s][info ][safepoint    ] Leaving safepoint region
[208.328s][info ][safepoint    ] Total time for which application threads were stopped: 0.0000727 seconds, Stopping threads took: 0.0000184 seconds
[209.328s][info ][safepoint    ] Application time: 1.0000920 seconds
[209.328s][info ][safepoint    ] Entering safepoint region: Cleanup
[209.328s][info ][safepoint    ] Leaving safepoint region
[209.328s][info ][safepoint    ] Total time for which application threads were stopped: 0.0000732 seconds, Stopping threads took: 0.0000195 seconds
[210.328s][info ][safepoint    ] Application time: 1.0001209 seconds
[210.328s][info ][safepoint    ] Entering safepoint region: Cleanup
[210.328s][info ][safepoint    ] Leaving safepoint region
[210.328s][info ][safepoint    ] Total time for which application threads were stopped: 0.0000726 seconds, Stopping threads took: 0.0000184 seconds
[211.328s][info ][safepoint    ] Application time: 1.0001011 seconds
[211.328s][info ][safepoint    ] Entering safepoint region: Cleanup
[211.328s][info ][safepoint    ] Leaving safepoint region
[211.328s][info ][safepoint    ] Total time for which application threads were stopped: 0.0000727 seconds, Stopping threads took: 0.0000185 seconds
[212.328s][info ][safepoint    ] Application time: 1.0000982 seconds
[212.328s][info ][safepoint    ] Entering safepoint region: Cleanup
[212.328s][info ][safepoint    ] Leaving safepoint region
[212.328s][info ][safepoint    ] Total time for which application threads were stopped: 0.0000874 seconds, Stopping threads took: 0.0000195 seconds
[213.329s][info ][safepoint    ] Application time: 1.0000929 seconds
[213.329s][info ][safepoint    ] Entering safepoint region: Cleanup
[213.329s][info ][safepoint    ] Leaving safepoint region
[213.329s][info ][safepoint    ] Total time for which application threads were stopped: 0.0000943 seconds, Stopping threads took: 0.0000191 seconds
[214.329s][info ][safepoint    ] Application time: 1.0000826 seconds
[214.329s][info ][safepoint    ] Entering safepoint region: Cleanup
[214.329s][info ][safepoint    ] Leaving safepoint region
[214.329s][info ][safepoint    ] Total time for which application threads were stopped: 0.0000963 seconds, Stopping threads took: 0.0000295 seconds
[215.329s][info ][safepoint    ] Application time: 1.0000953 seconds
[215.329s][info ][safepoint    ] Entering safepoint region: Cleanup
[215.329s][info ][safepoint    ] Leaving safepoint region
[215.329s][info ][safepoint    ] Total time for which application threads were stopped: 0.0000744 seconds, Stopping threads took: 0.0000195 seconds
[216.329s][info ][safepoint    ] Application time: 1.0001345 seconds
[216.329s][info ][safepoint    ] Entering safepoint region: Cleanup
[216.329s][info ][safepoint    ] Leaving safepoint region
[216.329s][info ][safepoint    ] Total time for which application threads were stopped: 0.0000823 seconds, Stopping threads took: 0.0000191 seconds
[217.330s][info ][safepoint    ] Application time: 1.0001014 seconds
[217.330s][info ][safepoint    ] Entering safepoint region: Cleanup
[217.330s][info ][safepoint    ] Leaving safepoint region
[217.330s][info ][safepoint    ] Total time for which application threads were stopped: 0.0000760 seconds, Stopping threads took: 0.0000194 seconds
[218.330s][info ][safepoint    ] Application time: 1.0000409 seconds
[218.330s][info ][safepoint    ] Entering safepoint region: Cleanup
[218.330s][info ][safepoint    ] Leaving safepoint region
[218.330s][info ][safepoint    ] Total time for which application threads were stopped: 0.0000892 seconds, Stopping threads took: 0.0000344 seconds
[219.330s][info ][safepoint    ] Application time: 1.0000865 seconds
[219.330s][info ][safepoint    ] Entering safepoint region: Cleanup
[219.330s][info ][safepoint    ] Leaving safepoint region
[219.330s][info ][safepoint    ] Total time for which application threads were stopped: 0.0000891 seconds, Stopping threads took: 0.0000195 seconds
[220.330s][info ][safepoint    ] Application time: 1.0000897 seconds
[220.330s][info ][safepoint    ] Entering safepoint region: Cleanup
[220.330s][info ][safepoint    ] Leaving safepoint region
[220.330s][info ][safepoint    ] Total time for which application threads were stopped: 0.0000832 seconds, Stopping threads took: 0.0000182 seconds
[221.330s][info ][safepoint    ] Application time: 1.0000926 seconds
[221.330s][info ][safepoint    ] Entering safepoint region: Cleanup
[221.330s][info ][safepoint    ] Leaving safepoint region
[221.330s][info ][safepoint    ] Total time for which application threads were stopped: 0.0000721 seconds, Stopping threads took: 0.0000174 seconds
[222.331s][info ][safepoint    ] Application time: 1.0001308 seconds
[222.331s][info ][safepoint    ] Entering safepoint region: Cleanup
[222.331s][info ][safepoint    ] Leaving safepoint region
[222.331s][info ][safepoint    ] Total time for which application threads were stopped: 0.0000711 seconds, Stopping threads took: 0.0000182 seconds
[223.331s][info ][safepoint    ] Application time: 1.0000928 seconds
[223.331s][info ][safepoint    ] Entering safepoint region: Cleanup
[223.331s][info ][safepoint    ] Leaving safepoint region
[223.331s][info ][safepoint    ] Total time for which application threads were stopped: 0.0001370 seconds, Stopping threads took: 0.0000815 seconds
[224.331s][info ][safepoint    ] Application time: 1.0000901 seconds
[224.331s][info ][safepoint    ] Entering safepoint region: Cleanup
[224.331s][info ][safepoint    ] Leaving safepoint region
[224.331s][info ][safepoint    ] Total time for which application threads were stopped: 0.0000708 seconds, Stopping threads took: 0.0000184 seconds
[225.331s][info ][safepoint    ] Application time: 1.0001051 seconds
[225.331s][info ][safepoint    ] Entering safepoint region: Cleanup
[225.331s][info ][safepoint    ] Leaving safepoint region
[225.331s][info ][safepoint    ] Total time for which application threads were stopped: 0.0000726 seconds, Stopping threads took: 0.0000191 seconds
[226.332s][info ][safepoint    ] Application time: 1.0000824 seconds
[226.332s][info ][safepoint    ] Entering safepoint region: Cleanup
[226.332s][info ][safepoint    ] Leaving safepoint region
[226.332s][info ][safepoint    ] Total time for which application threads were stopped: 0.0001718 seconds, Stopping threads took: 0.0000180 seconds
[227.332s][info ][safepoint    ] Application time: 1.0000757 seconds
[227.332s][info ][safepoint    ] Entering safepoint region: Cleanup
[227.332s][info ][safepoint    ] Leaving safepoint region
[227.332s][info ][safepoint    ] Total time for which application threads were stopped: 0.0000725 seconds, Stopping threads took: 0.0000186 seconds
[228.332s][info ][safepoint    ] Application time: 1.0000880 seconds
[228.332s][info ][safepoint    ] Entering safepoint region: Cleanup
[228.332s][info ][safepoint    ] Leaving safepoint region
[228.332s][info ][safepoint    ] Total time for which application threads were stopped: 0.0000726 seconds, Stopping threads took: 0.0000194 seconds
[229.332s][info ][safepoint    ] Application time: 1.0001361 seconds
[229.332s][info ][safepoint    ] Entering safepoint region: Cleanup
[229.332s][info ][safepoint    ] Leaving safepoint region
[229.332s][info ][safepoint    ] Total time for which application threads were stopped: 0.0000810 seconds, Stopping threads took: 0.0000192 seconds
[230.333s][info ][safepoint    ] Application time: 1.0000989 seconds
[230.333s][info ][safepoint    ] Entering safepoint region: Cleanup
[230.333s][info ][safepoint    ] Leaving safepoint region
[230.333s][info ][safepoint    ] Total time for which application threads were stopped: 0.0000850 seconds, Stopping threads took: 0.0000187 seconds
[231.333s][info ][safepoint    ] Application time: 1.0000985 seconds
[231.339s][info ][safepoint    ] Entering safepoint region: Cleanup
[231.339s][info ][safepoint    ] Leaving safepoint region
[231.339s][info ][safepoint    ] Total time for which application threads were stopped: 0.0063011 seconds, Stopping threads took: 0.0062249 seconds
[232.339s][info ][safepoint    ] Application time: 1.0001021 seconds
[232.339s][info ][safepoint    ] Entering safepoint region: Cleanup
[232.339s][info ][safepoint    ] Leaving safepoint region
[232.339s][info ][safepoint    ] Total time for which application threads were stopped: 0.0000853 seconds, Stopping threads took: 0.0000300 seconds
[233.339s][info ][safepoint    ] Application time: 1.0001312 seconds
[233.339s][info ][safepoint    ] Entering safepoint region: Cleanup
[233.340s][info ][safepoint    ] Leaving safepoint region
[233.340s][info ][safepoint    ] Total time for which application threads were stopped: 0.0000729 seconds, Stopping threads took: 0.0000179 seconds
[234.340s][info ][safepoint    ] Application time: 1.0000886 seconds
[234.340s][info ][safepoint    ] Entering safepoint region: Cleanup
[234.340s][info ][safepoint    ] Leaving safepoint region
[234.340s][info ][safepoint    ] Total time for which application threads were stopped: 0.0000705 seconds, Stopping threads took: 0.0000176 seconds
[235.340s][info ][safepoint    ] Application time: 1.0000919 seconds
[235.340s][info ][safepoint    ] Entering safepoint region: Cleanup
[235.340s][info ][safepoint    ] Leaving safepoint region
[235.340s][info ][safepoint    ] Total time for which application threads were stopped: 0.0000892 seconds, Stopping threads took: 0.0000185 seconds
[236.340s][info ][safepoint    ] Application time: 1.0000840 seconds
[236.340s][info ][safepoint    ] Entering safepoint region: Cleanup
[236.340s][info ][safepoint    ] Leaving safepoint region
[236.340s][info ][safepoint    ] Total time for which application threads were stopped: 0.0000926 seconds, Stopping threads took: 0.0000188 seconds
[237.340s][info ][safepoint    ] Application time: 1.0001208 seconds
[237.340s][info ][safepoint    ] Entering safepoint region: Cleanup
[237.340s][info ][safepoint    ] Leaving safepoint region
[237.340s][info ][safepoint    ] Total time for which application threads were stopped: 0.0000791 seconds, Stopping threads took: 0.0000180 seconds
[238.341s][info ][safepoint    ] Application time: 1.0000834 seconds
[238.341s][info ][safepoint    ] Entering safepoint region: Cleanup
[238.341s][info ][safepoint    ] Leaving safepoint region
[238.341s][info ][safepoint    ] Total time for which application threads were stopped: 0.0000793 seconds, Stopping threads took: 0.0000201 seconds
[239.341s][info ][safepoint    ] Application time: 1.0000580 seconds
[239.341s][info ][safepoint    ] Entering safepoint region: Cleanup
[239.341s][info ][safepoint    ] Leaving safepoint region
[239.341s][info ][safepoint    ] Total time for which application threads were stopped: 0.0000754 seconds, Stopping threads took: 0.0000205 seconds
[240.341s][info ][safepoint    ] Application time: 1.0000921 seconds
[240.341s][info ][safepoint    ] Entering safepoint region: Cleanup
[240.341s][info ][safepoint    ] Leaving safepoint region
[240.341s][info ][safepoint    ] Total time for which application threads were stopped: 0.0000853 seconds, Stopping threads took: 0.0000182 seconds
[241.341s][info ][safepoint    ] Application time: 1.0000852 seconds
[241.341s][info ][safepoint    ] Entering safepoint region: Cleanup
[241.341s][info ][safepoint    ] Leaving safepoint region
[241.341s][info ][safepoint    ] Total time for which application threads were stopped: 0.0000813 seconds, Stopping threads took: 0.0000182 seconds
[242.341s][info ][safepoint    ] Application time: 1.0001332 seconds
[242.341s][info ][safepoint    ] Entering safepoint region: Cleanup
[242.342s][info ][safepoint    ] Leaving safepoint region
[242.342s][info ][safepoint    ] Total time for which application threads were stopped: 0.0000737 seconds, Stopping threads took: 0.0000189 seconds
[243.342s][info ][safepoint    ] Application time: 1.0000657 seconds
[243.342s][info ][safepoint    ] Entering safepoint region: Cleanup
[243.342s][info ][safepoint    ] Leaving safepoint region
[243.342s][info ][safepoint    ] Total time for which application threads were stopped: 0.0000882 seconds, Stopping threads took: 0.0000186 seconds
[243.567s][info ][safepoint    ] Application time: 0.2250117 seconds
[243.567s][info ][safepoint    ] Entering safepoint region: RevokeBias
[243.567s][info ][safepoint    ] Leaving safepoint region
[243.567s][info ][safepoint    ] Total time for which application threads were stopped: 0.0000787 seconds, Stopping threads took: 0.0000168 seconds
[274.570s][info ][safepoint    ] Application time: 31.0030579 seconds
[274.570s][info ][safepoint    ] Entering safepoint region: Cleanup
[274.570s][info ][safepoint    ] Leaving safepoint region
[274.570s][info ][safepoint    ] Total time for which application threads were stopped: 0.0001031 seconds, Stopping threads took: 0.0000336 seconds
[281.571s][info ][safepoint    ] Application time: 7.0004916 seconds
[281.571s][info ][safepoint    ] Entering safepoint region: Cleanup
[281.571s][info ][safepoint    ] Leaving safepoint region
[281.571s][info ][safepoint    ] Total time for which application threads were stopped: 0.0001026 seconds, Stopping threads took: 0.0000438 seconds
[303.567s][info ][safepoint    ] Application time: 21.9959551 seconds
[303.567s][info ][safepoint    ] Entering safepoint region: RevokeBias
[303.567s][info ][safepoint    ] Leaving safepoint region
[303.567s][info ][safepoint    ] Total time for which application threads were stopped: 0.0000891 seconds, Stopping threads took: 0.0000175 seconds
[313.554s][info ][safepoint    ] Application time: 9.9870448 seconds
[313.554s][info ][safepoint    ] Entering safepoint region: GenCollectForAllocation
[313.554s][info ][gc,start     ] GC(140) Pause Young (Allocation Failure)
[313.554s][info ][gc,task      ] GC(140) Using 4 workers of 4 for evacuation
[313.558s][debug][gc,ref       ] GC(140) Skipped phase1 of Reference Processing due to unavailable references
[313.558s][debug][gc,ref       ] GC(140) Skipped phase3 of Reference Processing due to unavailable references
[313.558s][debug][gc,age       ] GC(140) Desired survivor size 15368192 bytes, new threshold 6 (max threshold 6)
[313.558s][info ][gc,heap      ] GC(140) ParNew: 246252K->5605K(270336K)
[313.558s][info ][gc,heap      ] GC(140) CMS: 231791K->232321K(600768K)
[313.558s][info ][gc,metaspace ] GC(140) Metaspace: 56416K->56416K(1099776K)
[313.558s][info ][gc           ] GC(140) Pause Young (Allocation Failure) 466M->232M(850M) 4.335ms
[313.558s][info ][gc,cpu       ] GC(140) User=0.02s Sys=0.00s Real=0.01s
[313.558s][info ][safepoint    ] Leaving safepoint region
[313.558s][info ][safepoint    ] Total time for which application threads were stopped: 0.0045335 seconds, Stopping threads took: 0.0000335 seconds
[314.559s][info ][safepoint    ] Application time: 1.0001017 seconds
[314.559s][info ][safepoint    ] Entering safepoint region: Cleanup
[314.559s][info ][safepoint    ] Leaving safepoint region
[314.559s][info ][safepoint    ] Total time for which application threads were stopped: 0.0001330 seconds, Stopping threads took: 0.0000180 seconds
[340.561s][info ][safepoint    ] Application time: 26.0022972 seconds
[340.561s][info ][safepoint    ] Entering safepoint region: Cleanup
[340.561s][info ][safepoint    ] Leaving safepoint region
[340.561s][info ][safepoint    ] Total time for which application threads were stopped: 0.0001021 seconds, Stopping threads took: 0.0000334 seconds
[363.567s][info ][safepoint    ] Application time: 23.0056344 seconds
[363.567s][info ][safepoint    ] Entering safepoint region: RevokeBias
[363.567s][info ][safepoint    ] Leaving safepoint region
[363.567s][info ][safepoint    ] Total time for which application threads were stopped: 0.0000726 seconds, Stopping threads took: 0.0000177 seconds
[423.567s][info ][safepoint    ] Application time: 59.9998746 seconds
[423.567s][info ][safepoint    ] Entering safepoint region: RevokeBias
[423.567s][info ][safepoint    ] Leaving safepoint region
[423.567s][info ][safepoint    ] Total time for which application threads were stopped: 0.0001682 seconds, Stopping threads took: 0.0000925 seconds
[483.567s][info ][safepoint    ] Application time: 59.9997091 seconds
[483.567s][info ][safepoint    ] Entering safepoint region: RevokeBias
[483.567s][info ][safepoint    ] Leaving safepoint region
[483.567s][info ][safepoint    ] Total time for which application threads were stopped: 0.0001077 seconds, Stopping threads took: 0.0000476 seconds
[493.988s][info ][safepoint    ] Application time: 10.4209106 seconds
[493.988s][info ][safepoint    ] Entering safepoint region: RevokeBias
[493.988s][info ][safepoint    ] Leaving safepoint region
[493.988s][info ][safepoint    ] Total time for which application threads were stopped: 0.0001148 seconds, Stopping threads took: 0.0000150 seconds
[493.992s][info ][safepoint    ] Application time: 0.0041519 seconds
[493.992s][info ][safepoint    ] Entering safepoint region: RevokeBias
[493.992s][info ][safepoint    ] Leaving safepoint region
[493.992s][info ][safepoint    ] Total time for which application threads were stopped: 0.0000529 seconds, Stopping threads took: 0.0000106 seconds
[493.993s][info ][safepoint    ] Application time: 0.0004027 seconds
[493.993s][info ][safepoint    ] Entering safepoint region: RevokeBias
[493.993s][info ][safepoint    ] Leaving safepoint region
[493.993s][info ][safepoint    ] Total time for which application threads were stopped: 0.0001176 seconds, Stopping threads took: 0.0000561 seconds
[493.993s][info ][safepoint    ] Application time: 0.0000980 seconds
[493.993s][info ][safepoint    ] Entering safepoint region: RevokeBias
[493.993s][info ][safepoint    ] Leaving safepoint region
[493.993s][info ][safepoint    ] Total time for which application threads were stopped: 0.0000981 seconds, Stopping threads took: 0.0000580 seconds
[493.993s][info ][safepoint    ] Application time: 0.0003460 seconds
[493.993s][info ][safepoint    ] Entering safepoint region: RevokeBias
[493.993s][info ][safepoint    ] Leaving safepoint region
[493.993s][info ][safepoint    ] Total time for which application threads were stopped: 0.0000646 seconds, Stopping threads took: 0.0000331 seconds
[493.994s][info ][safepoint    ] Application time: 0.0000579 seconds
[493.994s][info ][safepoint    ] Entering safepoint region: RevokeBias
[493.994s][info ][safepoint    ] Leaving safepoint region
[493.994s][info ][safepoint    ] Total time for which application threads were stopped: 0.0000570 seconds, Stopping threads took: 0.0000290 seconds
[493.994s][info ][safepoint    ] Application time: 0.0002066 seconds
[493.994s][info ][safepoint    ] Entering safepoint region: RevokeBias
[493.994s][info ][safepoint    ] Leaving safepoint region
[493.994s][info ][safepoint    ] Total time for which application threads were stopped: 0.0000674 seconds, Stopping threads took: 0.0000442 seconds
[493.994s][info ][safepoint    ] Application time: 0.0000642 seconds
[493.994s][info ][safepoint    ] Entering safepoint region: RevokeBias
[493.994s][info ][safepoint    ] Leaving safepoint region
[493.994s][info ][safepoint    ] Total time for which application threads were stopped: 0.0002260 seconds, Stopping threads took: 0.0002058 seconds
[493.994s][info ][safepoint    ] Application time: 0.0000674 seconds
[493.994s][info ][safepoint    ] Entering safepoint region: RevokeBias
[493.994s][info ][safepoint    ] Leaving safepoint region
[493.994s][info ][safepoint    ] Total time for which application threads were stopped: 0.0000202 seconds, Stopping threads took: 0.0000063 seconds
[493.995s][info ][safepoint    ] Application time: 0.0011406 seconds
[493.995s][info ][safepoint    ] Entering safepoint region: RevokeBias
[493.996s][info ][safepoint    ] Leaving safepoint region
[493.996s][info ][safepoint    ] Total time for which application threads were stopped: 0.0000395 seconds, Stopping threads took: 0.0000092 seconds
[493.997s][info ][safepoint    ] Application time: 0.0015502 seconds
[493.997s][info ][safepoint    ] Entering safepoint region: RevokeBias
[493.997s][info ][safepoint    ] Leaving safepoint region
[493.997s][info ][safepoint    ] Total time for which application threads were stopped: 0.0000459 seconds, Stopping threads took: 0.0000096 seconds
[493.998s][info ][gc,heap,exit ] Heap
[493.998s][info ][gc,heap,exit ]  par new generation   total 270336K, used 236770K [0x0000000700000000, 0x0000000712550000, 0x0000000714cc0000)
[493.998s][info ][gc,heap,exit ]   eden space 240320K,  96% used [0x0000000700000000, 0x000000070e1bf0f0, 0x000000070eab0000)
[493.998s][info ][gc,heap,exit ]   from space 30016K,  18% used [0x0000000710800000, 0x0000000710d79718, 0x0000000712550000)
[493.998s][info ][gc,heap,exit ]   to   space 30016K,   0% used [0x000000070eab0000, 0x000000070eab0000, 0x0000000710800000)
[493.998s][info ][gc,heap,exit ]  concurrent mark-sweep generation total 600768K, used 232321K [0x0000000714cc0000, 0x0000000739770000, 0x0000000800000000)
[493.998s][info ][gc,heap,exit ]  Metaspace       used 56495K, capacity 59962K, committed 60168K, reserved 1099776K
[493.998s][info ][gc,heap,exit ]   class space    used 7570K, capacity 9148K, committed 9264K, reserved 1048576K
[493.998s][info ][safepoint    ] Application time: 0.0005314 seconds
[493.998s][info ][safepoint    ] Entering safepoint region: Halt
