[0.006s][info][gc] Using Concurrent Mark Sweep
[0.006s][info][gc,heap,coops] Heap address: 0x0000000700000000, size: 4096 MB, Compressed Oops mode: Zero based, Oop shift amount: 3
[0.051s][info][safepoint    ] Entering safepoint region: EnableBiasedLocking
[0.051s][info][safepoint    ] Leaving safepoint region
[0.051s][info][safepoint    ] Total time for which application threads were stopped: 0.0001137 seconds, Stopping threads took: 0.0000589 seconds
[0.054s][info][safepoint    ] Application time: 0.0027177 seconds
[0.054s][info][safepoint    ] Entering safepoint region: RevokeBias
[0.054s][info][safepoint    ] Leaving safepoint region
[0.054s][info][safepoint    ] Total time for which application threads were stopped: 0.0001129 seconds, Stopping threads took: 0.0000553 seconds
[0.127s][info][safepoint    ] Application time: 0.0734622 seconds
[0.127s][info][safepoint    ] Entering safepoint region: Deoptimize
[0.127s][info][safepoint    ] Leaving safepoint region
[0.127s][info][safepoint    ] Total time for which application threads were stopped: 0.0000691 seconds, Stopping threads took: 0.0000080 seconds
[1.127s][info][safepoint    ] Application time: 1.0001000 seconds
[1.127s][info][safepoint    ] Entering safepoint region: Cleanup
[1.127s][info][safepoint    ] Leaving safepoint region
[1.127s][info][safepoint    ] Total time for which application threads were stopped: 0.0001464 seconds, Stopping threads took: 0.0000110 seconds
[1.298s][info][safepoint    ] Application time: 0.1701895 seconds
[1.298s][info][safepoint    ] Entering safepoint region: Deoptimize
[1.298s][info][safepoint    ] Leaving safepoint region
[1.298s][info][safepoint    ] Total time for which application threads were stopped: 0.0001557 seconds, Stopping threads took: 0.0000340 seconds
[1.333s][info][safepoint    ] Application time: 0.0349886 seconds
[1.333s][info][safepoint    ] Entering safepoint region: Deoptimize
[1.333s][info][safepoint    ] Leaving safepoint region
[1.333s][info][safepoint    ] Total time for which application threads were stopped: 0.0001368 seconds, Stopping threads took: 0.0000066 seconds
[1.376s][info][safepoint    ] Application time: 0.0428874 seconds
[1.376s][info][safepoint    ] Entering safepoint region: Deoptimize
[1.376s][info][safepoint    ] Leaving safepoint region
[1.376s][info][safepoint    ] Total time for which application threads were stopped: 0.0001671 seconds, Stopping threads took: 0.0000071 seconds
[2.272s][info][safepoint    ] Application time: 0.8959305 seconds
[2.272s][info][safepoint    ] Entering safepoint region: Deoptimize
[2.272s][info][safepoint    ] Leaving safepoint region
[2.272s][info][safepoint    ] Total time for which application threads were stopped: 0.0002172 seconds, Stopping threads took: 0.0000159 seconds
[2.412s][info][safepoint    ] Application time: 0.1401826 seconds
[2.413s][info][safepoint    ] Entering safepoint region: Deoptimize
[2.413s][info][safepoint    ] Leaving safepoint region
[2.413s][info][safepoint    ] Total time for which application threads were stopped: 0.0002520 seconds, Stopping threads took: 0.0000069 seconds
[2.644s][info][safepoint    ] Application time: 0.2317157 seconds
[2.645s][info][safepoint    ] Entering safepoint region: ICBufferFull
[2.645s][info][safepoint    ] Leaving safepoint region
[2.645s][info][safepoint    ] Total time for which application threads were stopped: 0.0001294 seconds, Stopping threads took: 0.0000067 seconds
[2.755s][info][safepoint    ] Application time: 0.1103950 seconds
[2.755s][info][safepoint    ] Entering safepoint region: Deoptimize
[2.755s][info][safepoint    ] Leaving safepoint region
[2.755s][info][safepoint    ] Total time for which application threads were stopped: 0.0004088 seconds, Stopping threads took: 0.0000066 seconds
[2.762s][info][safepoint    ] Application time: 0.0065138 seconds
[2.762s][info][safepoint    ] Entering safepoint region: Deoptimize
[2.762s][info][safepoint    ] Leaving safepoint region
[2.762s][info][safepoint    ] Total time for which application threads were stopped: 0.0002392 seconds, Stopping threads took: 0.0000061 seconds
[2.868s][info][safepoint    ] Application time: 0.1053572 seconds
[2.868s][info][safepoint    ] Entering safepoint region: Deoptimize
[2.868s][info][safepoint    ] Leaving safepoint region
[2.868s][info][safepoint    ] Total time for which application threads were stopped: 0.0003431 seconds, Stopping threads took: 0.0000067 seconds
[3.048s][info][safepoint    ] Application time: 0.1795640 seconds
[3.048s][info][safepoint    ] Entering safepoint region: ICBufferFull
[3.048s][info][safepoint    ] Leaving safepoint region
[3.048s][info][safepoint    ] Total time for which application threads were stopped: 0.0001562 seconds, Stopping threads took: 0.0000067 seconds
[3.191s][info][safepoint    ] Application time: 0.1430494 seconds
[3.191s][info][safepoint    ] Entering safepoint region: Deoptimize
[3.191s][info][safepoint    ] Leaving safepoint region
[3.191s][info][safepoint    ] Total time for which application threads were stopped: 0.0003277 seconds, Stopping threads took: 0.0000168 seconds
[3.279s][info][safepoint    ] Application time: 0.0881330 seconds
[3.279s][info][safepoint    ] Entering safepoint region: CollectForMetadataAllocation
[3.279s][info][safepoint    ] Leaving safepoint region
[3.279s][info][safepoint    ] Total time for which application threads were stopped: 0.0001571 seconds, Stopping threads took: 0.0000069 seconds
[3.347s][info][safepoint    ] Application time: 0.0671117 seconds
[3.347s][info][safepoint    ] Entering safepoint region: GenCollectForAllocation
[3.347s][info][gc,start     ] GC(0) Pause Young (Allocation Failure)
[3.348s][info][gc,task      ] GC(0) Using 4 workers of 4 for evacuation
[3.401s][debug][gc,ref       ] GC(0) Skipped phase1 of Reference Processing due to unavailable references
[3.401s][debug][gc,ref       ] GC(0) Skipped phase3 of Reference Processing due to unavailable references
[3.401s][debug][gc,age       ] GC(0) Desired survivor size 15368192 bytes, new threshold 1 (max threshold 6)
[3.401s][info ][gc,heap      ] GC(0) ParNew: 240320K->30014K(270336K)
[3.401s][info ][gc,heap      ] GC(0) CMS: 0K->2973K(600768K)
[3.401s][info ][gc,metaspace ] GC(0) Metaspace: 20553K->20553K(1069056K)
[3.401s][info ][gc           ] GC(0) Pause Young (Allocation Failure) 234M->32M(850M) 54.791ms
[3.401s][info ][gc,cpu       ] GC(0) User=0.19s Sys=0.03s Real=0.05s
[3.402s][info ][safepoint    ] Leaving safepoint region
[3.402s][info ][safepoint    ] Total time for which application threads were stopped: 0.0549080 seconds, Stopping threads took: 0.0000066 seconds
[3.402s][info ][safepoint    ] Application time: 0.0000841 seconds
[3.402s][info ][safepoint    ] Entering safepoint region: CMS_Initial_Mark
[3.402s][info ][gc,start     ] GC(1) Pause Initial Mark
[3.409s][info ][gc           ] GC(1) Pause Initial Mark 36M->36M(850M) 7.335ms
[3.409s][info ][gc,cpu       ] GC(1) User=0.03s Sys=0.00s Real=0.01s
[3.409s][info ][safepoint    ] Leaving safepoint region
[3.409s][info ][safepoint    ] Total time for which application threads were stopped: 0.0075002 seconds, Stopping threads took: 0.0000771 seconds
[3.409s][info ][gc           ] GC(1) Concurrent Mark
[3.410s][info ][safepoint    ] Application time: 0.0011247 seconds
[3.410s][info ][safepoint    ] Entering safepoint region: RevokeBias
[3.410s][info ][safepoint    ] Leaving safepoint region
[3.410s][info ][safepoint    ] Total time for which application threads were stopped: 0.0000935 seconds, Stopping threads took: 0.0000405 seconds
[3.410s][info ][safepoint    ] Application time: 0.0000680 seconds
[3.410s][info ][safepoint    ] Entering safepoint region: RevokeBias
[3.411s][info ][safepoint    ] Leaving safepoint region
[3.411s][info ][safepoint    ] Total time for which application threads were stopped: 0.0001092 seconds, Stopping threads took: 0.0000611 seconds
[3.411s][info ][safepoint    ] Application time: 0.0000620 seconds
[3.411s][info ][safepoint    ] Entering safepoint region: RevokeBias
[3.411s][info ][safepoint    ] Leaving safepoint region
[3.411s][info ][safepoint    ] Total time for which application threads were stopped: 0.0000746 seconds, Stopping threads took: 0.0000455 seconds
[3.434s][info ][gc           ] GC(1) Concurrent Mark 24.503ms
[3.434s][info ][gc,cpu       ] GC(1) User=0.07s Sys=0.00s Real=0.03s
[3.434s][info ][gc           ] GC(1) Concurrent Preclean
[3.434s][debug][gc,ref       ] GC(1) Preclean SoftReferences 0.001ms
[3.434s][debug][gc,ref       ] GC(1) Preclean WeakReferences 0.000ms
[3.434s][debug][gc,ref       ] GC(1) Preclean FinalReferences 0.000ms
[3.434s][debug][gc,ref       ] GC(1) Preclean PhantomReferences 0.000ms
[3.435s][info ][gc           ] GC(1) Concurrent Preclean 1.411ms
[3.435s][info ][gc,cpu       ] GC(1) User=0.00s Sys=0.00s Real=0.00s
[3.435s][info ][gc           ] GC(1) Concurrent Abortable Preclean
[3.451s][info ][safepoint    ] Application time: 0.0403913 seconds
[3.451s][info ][safepoint    ] Entering safepoint region: CollectForMetadataAllocation
[3.451s][info ][safepoint    ] Leaving safepoint region
[3.451s][info ][safepoint    ] Total time for which application threads were stopped: 0.0000775 seconds, Stopping threads took: 0.0000069 seconds
[3.471s][info ][safepoint    ] Application time: 0.0200747 seconds
[3.471s][info ][safepoint    ] Entering safepoint region: CollectForMetadataAllocation
[3.471s][info ][safepoint    ] Leaving safepoint region
[3.471s][info ][safepoint    ] Total time for which application threads were stopped: 0.0000599 seconds, Stopping threads took: 0.0000066 seconds
[3.495s][info ][safepoint    ] Application time: 0.0238839 seconds
[3.496s][info ][safepoint    ] Entering safepoint region: CollectForMetadataAllocation
[3.496s][info ][safepoint    ] Leaving safepoint region
[3.496s][info ][safepoint    ] Total time for which application threads were stopped: 0.0003113 seconds, Stopping threads took: 0.0002479 seconds
[3.529s][info ][safepoint    ] Application time: 0.0336725 seconds
[3.529s][info ][safepoint    ] Entering safepoint region: CollectForMetadataAllocation
[3.529s][info ][safepoint    ] Leaving safepoint region
[3.529s][info ][safepoint    ] Total time for which application threads were stopped: 0.0000597 seconds, Stopping threads took: 0.0000071 seconds
[3.529s][info ][safepoint    ] Application time: 0.0000726 seconds
[3.529s][info ][safepoint    ] Entering safepoint region: CollectForMetadataAllocation
[3.529s][info ][safepoint    ] Leaving safepoint region
[3.529s][info ][safepoint    ] Total time for which application threads were stopped: 0.0000430 seconds, Stopping threads took: 0.0000340 seconds
[3.549s][info ][safepoint    ] Application time: 0.0195585 seconds
[3.549s][info ][safepoint    ] Entering safepoint region: RevokeBias
[3.549s][info ][safepoint    ] Leaving safepoint region
[3.549s][info ][safepoint    ] Total time for which application threads were stopped: 0.0001011 seconds, Stopping threads took: 0.0000350 seconds
[3.549s][info ][safepoint    ] Application time: 0.0001774 seconds
[3.549s][info ][safepoint    ] Entering safepoint region: RevokeBias
[3.550s][info ][safepoint    ] Leaving safepoint region
[3.550s][info ][safepoint    ] Total time for which application threads were stopped: 0.0001303 seconds, Stopping threads took: 0.0000452 seconds
[3.552s][info ][safepoint    ] Application time: 0.0028360 seconds
[3.552s][info ][safepoint    ] Entering safepoint region: RevokeBias
[3.552s][info ][safepoint    ] Leaving safepoint region
[3.552s][info ][safepoint    ] Total time for which application threads were stopped: 0.0001102 seconds, Stopping threads took: 0.0000333 seconds
[3.554s][info ][safepoint    ] Application time: 0.0014794 seconds
[3.554s][info ][safepoint    ] Entering safepoint region: RevokeBias
[3.554s][info ][safepoint    ] Leaving safepoint region
[3.554s][info ][safepoint    ] Total time for which application threads were stopped: 0.0001491 seconds, Stopping threads took: 0.0000910 seconds
[3.554s][info ][safepoint    ] Application time: 0.0002294 seconds
[3.554s][info ][safepoint    ] Entering safepoint region: RevokeBias
[3.554s][info ][safepoint    ] Leaving safepoint region
[3.554s][info ][safepoint    ] Total time for which application threads were stopped: 0.0000845 seconds, Stopping threads took: 0.0000450 seconds
[3.555s][info ][safepoint    ] Application time: 0.0001959 seconds
[3.555s][info ][safepoint    ] Entering safepoint region: RevokeBias
[3.555s][info ][safepoint    ] Leaving safepoint region
[3.555s][info ][safepoint    ] Total time for which application threads were stopped: 0.0000705 seconds, Stopping threads took: 0.0000212 seconds
[3.555s][info ][safepoint    ] Application time: 0.0001202 seconds
[3.555s][info ][safepoint    ] Entering safepoint region: RevokeBias
[3.555s][info ][safepoint    ] Leaving safepoint region
[3.555s][info ][safepoint    ] Total time for which application threads were stopped: 0.0003126 seconds, Stopping threads took: 0.0002746 seconds
[3.555s][info ][safepoint    ] Application time: 0.0002875 seconds
[3.556s][info ][safepoint    ] Entering safepoint region: RevokeBias
[3.556s][info ][safepoint    ] Leaving safepoint region
[3.556s][info ][safepoint    ] Total time for which application threads were stopped: 0.0001109 seconds, Stopping threads took: 0.0000604 seconds
[3.556s][info ][safepoint    ] Application time: 0.0002965 seconds
[3.556s][info ][safepoint    ] Entering safepoint region: RevokeBias
[3.556s][info ][safepoint    ] Leaving safepoint region
[3.556s][info ][safepoint    ] Total time for which application threads were stopped: 0.0001126 seconds, Stopping threads took: 0.0000388 seconds
[3.556s][info ][safepoint    ] Application time: 0.0001323 seconds
[3.556s][info ][safepoint    ] Entering safepoint region: RevokeBias
[3.556s][info ][safepoint    ] Leaving safepoint region
[3.556s][info ][safepoint    ] Total time for which application threads were stopped: 0.0001526 seconds, Stopping threads took: 0.0000843 seconds
[3.556s][info ][safepoint    ] Application time: 0.0001019 seconds
[3.557s][info ][safepoint    ] Entering safepoint region: RevokeBias
[3.557s][info ][safepoint    ] Leaving safepoint region
[3.557s][info ][safepoint    ] Total time for which application threads were stopped: 0.0001616 seconds, Stopping threads took: 0.0000779 seconds
[3.557s][info ][safepoint    ] Application time: 0.0001485 seconds
[3.557s][info ][safepoint    ] Entering safepoint region: RevokeBias
[3.557s][info ][safepoint    ] Leaving safepoint region
[3.557s][info ][safepoint    ] Total time for which application threads were stopped: 0.0001801 seconds, Stopping threads took: 0.0001015 seconds
[3.557s][info ][safepoint    ] Application time: 0.0001996 seconds
[3.557s][info ][safepoint    ] Entering safepoint region: RevokeBias
[3.557s][info ][safepoint    ] Leaving safepoint region
[3.557s][info ][safepoint    ] Total time for which application threads were stopped: 0.0001946 seconds, Stopping threads took: 0.0000979 seconds
[3.558s][info ][safepoint    ] Application time: 0.0003263 seconds
[3.558s][info ][safepoint    ] Entering safepoint region: RevokeBias
[3.558s][info ][safepoint    ] Leaving safepoint region
[3.558s][info ][safepoint    ] Total time for which application threads were stopped: 0.0001975 seconds, Stopping threads took: 0.0001251 seconds
[3.558s][info ][safepoint    ] Application time: 0.0003619 seconds
[3.558s][info ][safepoint    ] Entering safepoint region: RevokeBias
[3.558s][info ][safepoint    ] Leaving safepoint region
[3.558s][info ][safepoint    ] Total time for which application threads were stopped: 0.0001253 seconds, Stopping threads took: 0.0000783 seconds
[3.559s][info ][safepoint    ] Application time: 0.0001841 seconds
[3.559s][info ][safepoint    ] Entering safepoint region: RevokeBias
[3.559s][info ][safepoint    ] Leaving safepoint region
[3.559s][info ][safepoint    ] Total time for which application threads were stopped: 0.0002351 seconds, Stopping threads took: 0.0001271 seconds
[3.559s][info ][safepoint    ] Application time: 0.0001561 seconds
[3.559s][info ][safepoint    ] Entering safepoint region: RevokeBias
[3.559s][info ][safepoint    ] Leaving safepoint region
[3.559s][info ][safepoint    ] Total time for which application threads were stopped: 0.0001940 seconds, Stopping threads took: 0.0001486 seconds
[3.560s][info ][safepoint    ] Application time: 0.0003951 seconds
[3.560s][info ][safepoint    ] Entering safepoint region: RevokeBias
[3.560s][info ][safepoint    ] Leaving safepoint region
[3.560s][info ][safepoint    ] Total time for which application threads were stopped: 0.0001184 seconds, Stopping threads took: 0.0000435 seconds
[3.560s][info ][safepoint    ] Application time: 0.0002991 seconds
[3.560s][info ][safepoint    ] Entering safepoint region: RevokeBias
[3.560s][info ][safepoint    ] Leaving safepoint region
[3.560s][info ][safepoint    ] Total time for which application threads were stopped: 0.0001145 seconds, Stopping threads took: 0.0000575 seconds
[3.561s][info ][safepoint    ] Application time: 0.0005986 seconds
[3.561s][info ][safepoint    ] Entering safepoint region: RevokeBias
[3.561s][info ][safepoint    ] Leaving safepoint region
[3.561s][info ][safepoint    ] Total time for which application threads were stopped: 0.0000801 seconds, Stopping threads took: 0.0000381 seconds
[3.562s][info ][safepoint    ] Application time: 0.0007179 seconds
[3.562s][info ][safepoint    ] Entering safepoint region: RevokeBias
[3.562s][info ][safepoint    ] Leaving safepoint region
[3.562s][info ][safepoint    ] Total time for which application threads were stopped: 0.0001162 seconds, Stopping threads took: 0.0000627 seconds
[3.562s][info ][safepoint    ] Application time: 0.0000911 seconds
[3.562s][info ][safepoint    ] Entering safepoint region: RevokeBias
[3.562s][info ][safepoint    ] Leaving safepoint region
[3.562s][info ][safepoint    ] Total time for which application threads were stopped: 0.0000942 seconds, Stopping threads took: 0.0000526 seconds
[3.562s][info ][safepoint    ] Application time: 0.0001922 seconds
[3.562s][info ][safepoint    ] Entering safepoint region: RevokeBias
[3.562s][info ][safepoint    ] Leaving safepoint region
[3.562s][info ][safepoint    ] Total time for which application threads were stopped: 0.0000706 seconds, Stopping threads took: 0.0000134 seconds
[3.562s][info ][safepoint    ] Application time: 0.0001060 seconds
[3.562s][info ][safepoint    ] Entering safepoint region: RevokeBias
[3.563s][info ][safepoint    ] Leaving safepoint region
[3.563s][info ][safepoint    ] Total time for which application threads were stopped: 0.0002174 seconds, Stopping threads took: 0.0001582 seconds
[3.563s][info ][safepoint    ] Application time: 0.0005458 seconds
[3.563s][info ][safepoint    ] Entering safepoint region: RevokeBias
[3.563s][info ][safepoint    ] Leaving safepoint region
[3.563s][info ][safepoint    ] Total time for which application threads were stopped: 0.0000993 seconds, Stopping threads took: 0.0000402 seconds
[3.563s][info ][safepoint    ] Application time: 0.0002589 seconds
[3.564s][info ][safepoint    ] Entering safepoint region: RevokeBias
[3.564s][info ][safepoint    ] Leaving safepoint region
[3.564s][info ][safepoint    ] Total time for which application threads were stopped: 0.0001347 seconds, Stopping threads took: 0.0000753 seconds
[3.564s][info ][safepoint    ] Application time: 0.0005172 seconds
[3.565s][info ][safepoint    ] Entering safepoint region: BulkRevokeBias
[3.566s][info ][safepoint    ] Leaving safepoint region
[3.566s][info ][safepoint    ] Total time for which application threads were stopped: 0.0014823 seconds, Stopping threads took: 0.0007384 seconds
[3.570s][info ][safepoint    ] Application time: 0.0044714 seconds
[3.570s][info ][safepoint    ] Entering safepoint region: CollectForMetadataAllocation
[3.570s][info ][safepoint    ] Leaving safepoint region
[3.570s][info ][safepoint    ] Total time for which application threads were stopped: 0.0001439 seconds, Stopping threads took: 0.0000780 seconds
[3.573s][info ][safepoint    ] Application time: 0.0030106 seconds
[3.573s][info ][safepoint    ] Entering safepoint region: RevokeBias
[3.573s][info ][safepoint    ] Leaving safepoint region
[3.573s][info ][safepoint    ] Total time for which application threads were stopped: 0.0001531 seconds, Stopping threads took: 0.0000721 seconds
[3.575s][info ][safepoint    ] Application time: 0.0011389 seconds
[3.576s][info ][safepoint    ] Entering safepoint region: CollectForMetadataAllocation
[3.576s][info ][safepoint    ] Leaving safepoint region
[3.576s][info ][safepoint    ] Total time for which application threads were stopped: 0.0017865 seconds, Stopping threads took: 0.0016507 seconds
[3.578s][info ][safepoint    ] Application time: 0.0013295 seconds
[3.578s][info ][safepoint    ] Entering safepoint region: RevokeBias
[3.578s][info ][safepoint    ] Leaving safepoint region
[3.578s][info ][safepoint    ] Total time for which application threads were stopped: 0.0001829 seconds, Stopping threads took: 0.0001112 seconds
[3.580s][info ][safepoint    ] Application time: 0.0020500 seconds
[3.580s][info ][safepoint    ] Entering safepoint region: RevokeBias
[3.580s][info ][safepoint    ] Leaving safepoint region
[3.580s][info ][safepoint    ] Total time for which application threads were stopped: 0.0001621 seconds, Stopping threads took: 0.0001091 seconds
[3.580s][info ][safepoint    ] Application time: 0.0001793 seconds
[3.580s][info ][safepoint    ] Entering safepoint region: RevokeBias
[3.580s][info ][safepoint    ] Leaving safepoint region
[3.580s][info ][safepoint    ] Total time for which application threads were stopped: 0.0000773 seconds, Stopping threads took: 0.0000311 seconds
[3.581s][info ][safepoint    ] Application time: 0.0003603 seconds
[3.581s][info ][safepoint    ] Entering safepoint region: RevokeBias
[3.581s][info ][safepoint    ] Leaving safepoint region
[3.581s][info ][safepoint    ] Total time for which application threads were stopped: 0.0000921 seconds, Stopping threads took: 0.0000564 seconds
[3.583s][info ][safepoint    ] Application time: 0.0021916 seconds
[3.583s][info ][safepoint    ] Entering safepoint region: RevokeBias
[3.583s][info ][safepoint    ] Leaving safepoint region
[3.583s][info ][safepoint    ] Total time for which application threads were stopped: 0.0001782 seconds, Stopping threads took: 0.0001274 seconds
[3.584s][info ][safepoint    ] Application time: 0.0007470 seconds
[3.584s][info ][safepoint    ] Entering safepoint region: RevokeBias
[3.584s][info ][safepoint    ] Leaving safepoint region
[3.584s][info ][safepoint    ] Total time for which application threads were stopped: 0.0002472 seconds, Stopping threads took: 0.0001988 seconds
[3.586s][info ][safepoint    ] Application time: 0.0018795 seconds
[3.586s][info ][safepoint    ] Entering safepoint region: RevokeBias
[3.586s][info ][safepoint    ] Leaving safepoint region
[3.586s][info ][safepoint    ] Total time for which application threads were stopped: 0.0001496 seconds, Stopping threads took: 0.0000559 seconds
[3.588s][info ][safepoint    ] Application time: 0.0017645 seconds
[3.596s][info ][safepoint    ] Entering safepoint region: RevokeBias
[3.596s][info ][safepoint    ] Leaving safepoint region
[3.596s][info ][safepoint    ] Total time for which application threads were stopped: 0.0083361 seconds, Stopping threads took: 0.0082605 seconds
[3.597s][info ][safepoint    ] Application time: 0.0009800 seconds
[3.598s][info ][safepoint    ] Entering safepoint region: CollectForMetadataAllocation
[3.598s][info ][safepoint    ] Leaving safepoint region
[3.598s][info ][safepoint    ] Total time for which application threads were stopped: 0.0001159 seconds, Stopping threads took: 0.0000619 seconds
[3.599s][info ][safepoint    ] Application time: 0.0012933 seconds
[3.599s][info ][safepoint    ] Entering safepoint region: RevokeBias
[3.599s][info ][safepoint    ] Leaving safepoint region
[3.599s][info ][safepoint    ] Total time for which application threads were stopped: 0.0000812 seconds, Stopping threads took: 0.0000308 seconds
[3.601s][info ][safepoint    ] Application time: 0.0017342 seconds
[3.601s][info ][safepoint    ] Entering safepoint region: RevokeBias
[3.601s][info ][safepoint    ] Leaving safepoint region
[3.601s][info ][safepoint    ] Total time for which application threads were stopped: 0.0001071 seconds, Stopping threads took: 0.0000448 seconds
[3.602s][info ][safepoint    ] Application time: 0.0013664 seconds
[3.602s][info ][safepoint    ] Entering safepoint region: RevokeBias
[3.602s][info ][safepoint    ] Leaving safepoint region
[3.602s][info ][safepoint    ] Total time for which application threads were stopped: 0.0001545 seconds, Stopping threads took: 0.0000721 seconds
[3.603s][info ][safepoint    ] Application time: 0.0008807 seconds
[3.603s][info ][safepoint    ] Entering safepoint region: RevokeBias
[3.603s][info ][safepoint    ] Leaving safepoint region
[3.603s][info ][safepoint    ] Total time for which application threads were stopped: 0.0000982 seconds, Stopping threads took: 0.0000428 seconds
[3.604s][info ][safepoint    ] Application time: 0.0006926 seconds
[3.604s][info ][safepoint    ] Entering safepoint region: RevokeBias
[3.604s][info ][safepoint    ] Leaving safepoint region
[3.604s][info ][safepoint    ] Total time for which application threads were stopped: 0.0000976 seconds, Stopping threads took: 0.0000199 seconds
[3.605s][info ][safepoint    ] Application time: 0.0009399 seconds
[3.605s][info ][safepoint    ] Entering safepoint region: CollectForMetadataAllocation
[3.605s][info ][safepoint    ] Leaving safepoint region
[3.605s][info ][safepoint    ] Total time for which application threads were stopped: 0.0001391 seconds, Stopping threads took: 0.0000501 seconds
[3.607s][info ][safepoint    ] Application time: 0.0020101 seconds
[3.607s][info ][safepoint    ] Entering safepoint region: RevokeBias
[3.607s][info ][safepoint    ] Leaving safepoint region
[3.607s][info ][safepoint    ] Total time for which application threads were stopped: 0.0000637 seconds, Stopping threads took: 0.0000075 seconds
[3.609s][info ][safepoint    ] Application time: 0.0013800 seconds
[3.609s][info ][safepoint    ] Entering safepoint region: RevokeBias
[3.609s][info ][safepoint    ] Leaving safepoint region
[3.609s][info ][safepoint    ] Total time for which application threads were stopped: 0.0002172 seconds, Stopping threads took: 0.0001685 seconds
[3.610s][info ][safepoint    ] Application time: 0.0006170 seconds
[3.610s][info ][safepoint    ] Entering safepoint region: RevokeBias
[3.610s][info ][safepoint    ] Leaving safepoint region
[3.610s][info ][safepoint    ] Total time for which application threads were stopped: 0.0000889 seconds, Stopping threads took: 0.0000499 seconds
[3.611s][info ][safepoint    ] Application time: 0.0016190 seconds
[3.611s][info ][safepoint    ] Entering safepoint region: RevokeBias
[3.611s][info ][safepoint    ] Leaving safepoint region
[3.611s][info ][safepoint    ] Total time for which application threads were stopped: 0.0000731 seconds, Stopping threads took: 0.0000310 seconds
[3.613s][info ][safepoint    ] Application time: 0.0014221 seconds
[3.613s][info ][safepoint    ] Entering safepoint region: RevokeBias
[3.613s][info ][safepoint    ] Leaving safepoint region
[3.613s][info ][safepoint    ] Total time for which application threads were stopped: 0.0001309 seconds, Stopping threads took: 0.0000827 seconds
[3.613s][info ][safepoint    ] Application time: 0.0001988 seconds
[3.613s][info ][safepoint    ] Entering safepoint region: RevokeBias
[3.613s][info ][safepoint    ] Leaving safepoint region
[3.613s][info ][safepoint    ] Total time for which application threads were stopped: 0.0001069 seconds, Stopping threads took: 0.0000734 seconds
[3.614s][info ][safepoint    ] Application time: 0.0002805 seconds
[3.614s][info ][safepoint    ] Entering safepoint region: BulkRevokeBias
[3.614s][info ][safepoint    ] Leaving safepoint region
[3.614s][info ][safepoint    ] Total time for which application threads were stopped: 0.0001830 seconds, Stopping threads took: 0.0000392 seconds
[3.615s][info ][safepoint    ] Application time: 0.0012022 seconds
[3.615s][info ][safepoint    ] Entering safepoint region: CollectForMetadataAllocation
[3.615s][info ][safepoint    ] Leaving safepoint region
[3.615s][info ][safepoint    ] Total time for which application threads were stopped: 0.0000919 seconds, Stopping threads took: 0.0000492 seconds
[3.628s][info ][safepoint    ] Application time: 0.0125633 seconds
[3.628s][info ][safepoint    ] Entering safepoint region: CollectForMetadataAllocation
[3.628s][info ][safepoint    ] Leaving safepoint region
[3.628s][info ][safepoint    ] Total time for which application threads were stopped: 0.0001236 seconds, Stopping threads took: 0.0000471 seconds
[3.636s][info ][safepoint    ] Application time: 0.0086661 seconds
[3.637s][info ][safepoint    ] Entering safepoint region: CollectForMetadataAllocation
[3.637s][info ][safepoint    ] Leaving safepoint region
[3.637s][info ][safepoint    ] Total time for which application threads were stopped: 0.0001228 seconds, Stopping threads took: 0.0000495 seconds
[3.649s][info ][safepoint    ] Application time: 0.0123942 seconds
[3.649s][info ][safepoint    ] Entering safepoint region: CollectForMetadataAllocation
[3.649s][info ][safepoint    ] Leaving safepoint region
[3.649s][info ][safepoint    ] Total time for which application threads were stopped: 0.0001375 seconds, Stopping threads took: 0.0000270 seconds
[3.650s][info ][safepoint    ] Application time: 0.0006319 seconds
[3.650s][info ][safepoint    ] Entering safepoint region: RevokeBias
[3.650s][info ][safepoint    ] Leaving safepoint region
[3.650s][info ][safepoint    ] Total time for which application threads were stopped: 0.0001135 seconds, Stopping threads took: 0.0000081 seconds
[3.650s][info ][safepoint    ] Application time: 0.0005300 seconds
[3.651s][info ][safepoint    ] Entering safepoint region: RevokeBias
[3.651s][info ][safepoint    ] Leaving safepoint region
[3.651s][info ][safepoint    ] Total time for which application threads were stopped: 0.0002692 seconds, Stopping threads took: 0.0002059 seconds
[3.653s][info ][safepoint    ] Application time: 0.0019869 seconds
[3.653s][info ][safepoint    ] Entering safepoint region: RevokeBias
[3.653s][info ][safepoint    ] Leaving safepoint region
[3.653s][info ][safepoint    ] Total time for which application threads were stopped: 0.0002909 seconds, Stopping threads took: 0.0002318 seconds
[3.662s][info ][safepoint    ] Application time: 0.0092704 seconds
[3.662s][info ][safepoint    ] Entering safepoint region: CollectForMetadataAllocation
[3.662s][info ][safepoint    ] Leaving safepoint region
[3.662s][info ][safepoint    ] Total time for which application threads were stopped: 0.0001291 seconds, Stopping threads took: 0.0000486 seconds
[3.665s][info ][safepoint    ] Application time: 0.0028884 seconds
[3.665s][info ][safepoint    ] Entering safepoint region: RevokeBias
[3.665s][info ][safepoint    ] Leaving safepoint region
[3.665s][info ][safepoint    ] Total time for which application threads were stopped: 0.0000817 seconds, Stopping threads took: 0.0000375 seconds
[3.676s][info ][safepoint    ] Application time: 0.0110437 seconds
[3.677s][info ][safepoint    ] Entering safepoint region: CollectForMetadataAllocation
[3.677s][info ][safepoint    ] Leaving safepoint region
[3.677s][info ][safepoint    ] Total time for which application threads were stopped: 0.0000717 seconds, Stopping threads took: 0.0000088 seconds
[3.677s][info ][safepoint    ] Application time: 0.0001104 seconds
[3.677s][info ][safepoint    ] Entering safepoint region: CollectForMetadataAllocation
[3.677s][info ][safepoint    ] Leaving safepoint region
[3.677s][info ][safepoint    ] Total time for which application threads were stopped: 0.0000577 seconds, Stopping threads took: 0.0000353 seconds
[3.682s][info ][safepoint    ] Application time: 0.0056776 seconds
[3.683s][info ][safepoint    ] Entering safepoint region: RevokeBias
[3.683s][info ][safepoint    ] Leaving safepoint region
[3.683s][info ][safepoint    ] Total time for which application threads were stopped: 0.0001432 seconds, Stopping threads took: 0.0000756 seconds
[3.686s][info ][safepoint    ] Application time: 0.0029580 seconds
[3.686s][info ][safepoint    ] Entering safepoint region: Deoptimize
[3.686s][info ][safepoint    ] Leaving safepoint region
[3.686s][info ][safepoint    ] Total time for which application threads were stopped: 0.0004123 seconds, Stopping threads took: 0.0000266 seconds
[3.701s][info ][safepoint    ] Application time: 0.0154229 seconds
[3.702s][info ][safepoint    ] Entering safepoint region: CollectForMetadataAllocation
[3.702s][info ][safepoint    ] Leaving safepoint region
[3.702s][info ][safepoint    ] Total time for which application threads were stopped: 0.0002059 seconds, Stopping threads took: 0.0001302 seconds
[3.717s][info ][safepoint    ] Application time: 0.0150051 seconds
[3.717s][info ][safepoint    ] Entering safepoint region: RevokeBias
[3.717s][info ][safepoint    ] Leaving safepoint region
[3.717s][info ][safepoint    ] Total time for which application threads were stopped: 0.0001884 seconds, Stopping threads took: 0.0000656 seconds
[3.722s][info ][safepoint    ] Application time: 0.0049421 seconds
[3.722s][info ][safepoint    ] Entering safepoint region: Deoptimize
[3.722s][info ][safepoint    ] Leaving safepoint region
[3.722s][info ][safepoint    ] Total time for which application threads were stopped: 0.0004962 seconds, Stopping threads took: 0.0000770 seconds
[3.729s][info ][safepoint    ] Application time: 0.0069024 seconds
[3.729s][info ][safepoint    ] Entering safepoint region: RevokeBias
[3.729s][info ][safepoint    ] Leaving safepoint region
[3.729s][info ][safepoint    ] Total time for which application threads were stopped: 0.0002029 seconds, Stopping threads took: 0.0000592 seconds
[3.730s][info ][safepoint    ] Application time: 0.0000720 seconds
[3.730s][info ][safepoint    ] Entering safepoint region: RevokeBias
[3.730s][info ][safepoint    ] Leaving safepoint region
[3.730s][info ][safepoint    ] Total time for which application threads were stopped: 0.0001487 seconds, Stopping threads took: 0.0000631 seconds
[3.739s][info ][safepoint    ] Application time: 0.0088072 seconds
[3.739s][info ][safepoint    ] Entering safepoint region: RevokeBias
[3.739s][info ][safepoint    ] Leaving safepoint region
[3.739s][info ][safepoint    ] Total time for which application threads were stopped: 0.0001045 seconds, Stopping threads took: 0.0000261 seconds
[3.739s][info ][safepoint    ] Application time: 0.0001982 seconds
[3.739s][info ][safepoint    ] Entering safepoint region: RevokeBias
[3.739s][info ][safepoint    ] Leaving safepoint region
[3.739s][info ][safepoint    ] Total time for which application threads were stopped: 0.0001249 seconds, Stopping threads took: 0.0000551 seconds
[3.739s][info ][safepoint    ] Application time: 0.0002922 seconds
[3.739s][info ][safepoint    ] Entering safepoint region: RevokeBias
[3.739s][info ][safepoint    ] Leaving safepoint region
[3.739s][info ][safepoint    ] Total time for which application threads were stopped: 0.0000775 seconds, Stopping threads took: 0.0000465 seconds
[3.740s][info ][safepoint    ] Application time: 0.0002844 seconds
[3.740s][info ][safepoint    ] Entering safepoint region: RevokeBias
[3.740s][info ][safepoint    ] Leaving safepoint region
[3.740s][info ][safepoint    ] Total time for which application threads were stopped: 0.0000837 seconds, Stopping threads took: 0.0000320 seconds
[3.740s][info ][safepoint    ] Application time: 0.0006511 seconds
[3.741s][info ][safepoint    ] Entering safepoint region: RevokeBias
[3.741s][info ][safepoint    ] Leaving safepoint region
[3.741s][info ][safepoint    ] Total time for which application threads were stopped: 0.0003030 seconds, Stopping threads took: 0.0002310 seconds
[3.744s][info ][safepoint    ] Application time: 0.0037375 seconds
[3.745s][info ][safepoint    ] Entering safepoint region: RevokeBias
[3.745s][info ][safepoint    ] Leaving safepoint region
[3.745s][info ][safepoint    ] Total time for which application threads were stopped: 0.0001354 seconds, Stopping threads took: 0.0000319 seconds
[3.745s][info ][safepoint    ] Application time: 0.0000875 seconds
[3.745s][info ][safepoint    ] Entering safepoint region: RevokeBias
[3.745s][info ][safepoint    ] Leaving safepoint region
[3.745s][info ][safepoint    ] Total time for which application threads were stopped: 0.0001473 seconds, Stopping threads took: 0.0000789 seconds
[3.745s][info ][safepoint    ] Application time: 0.0000923 seconds
[3.745s][info ][safepoint    ] Entering safepoint region: RevokeBias
[3.745s][info ][safepoint    ] Leaving safepoint region
[3.745s][info ][safepoint    ] Total time for which application threads were stopped: 0.0001410 seconds, Stopping threads took: 0.0000649 seconds
[3.745s][info ][safepoint    ] Application time: 0.0002498 seconds
[3.745s][info ][safepoint    ] Entering safepoint region: RevokeBias
[3.746s][info ][safepoint    ] Leaving safepoint region
[3.746s][info ][safepoint    ] Total time for which application threads were stopped: 0.0002349 seconds, Stopping threads took: 0.0000823 seconds
[3.746s][info ][safepoint    ] Application time: 0.0002387 seconds
[3.746s][info ][safepoint    ] Entering safepoint region: RevokeBias
[3.746s][info ][safepoint    ] Leaving safepoint region
[3.746s][info ][safepoint    ] Total time for which application threads were stopped: 0.0001097 seconds, Stopping threads took: 0.0000511 seconds
[3.746s][info ][safepoint    ] Application time: 0.0001641 seconds
[3.746s][info ][safepoint    ] Entering safepoint region: RevokeBias
[3.746s][info ][safepoint    ] Leaving safepoint region
[3.746s][info ][safepoint    ] Total time for which application threads were stopped: 0.0002434 seconds, Stopping threads took: 0.0001234 seconds
[3.747s][info ][safepoint    ] Application time: 0.0002812 seconds
[3.747s][info ][safepoint    ] Entering safepoint region: BulkRevokeBias
[3.747s][info ][safepoint    ] Leaving safepoint region
[3.747s][info ][safepoint    ] Total time for which application threads were stopped: 0.0005515 seconds, Stopping threads took: 0.0001040 seconds
[3.747s][info ][safepoint    ] Application time: 0.0000708 seconds
[3.747s][info ][safepoint    ] Entering safepoint region: RevokeBias
[3.748s][info ][safepoint    ] Leaving safepoint region
[3.748s][info ][safepoint    ] Total time for which application threads were stopped: 0.0001593 seconds, Stopping threads took: 0.0000922 seconds
[3.748s][info ][safepoint    ] Application time: 0.0004045 seconds
[3.748s][info ][safepoint    ] Entering safepoint region: RevokeBias
[3.748s][info ][safepoint    ] Leaving safepoint region
[3.748s][info ][safepoint    ] Total time for which application threads were stopped: 0.0001228 seconds, Stopping threads took: 0.0000348 seconds
[3.748s][info ][safepoint    ] Application time: 0.0002647 seconds
[3.748s][info ][safepoint    ] Entering safepoint region: RevokeBias
[3.748s][info ][safepoint    ] Leaving safepoint region
[3.748s][info ][safepoint    ] Total time for which application threads were stopped: 0.0001334 seconds, Stopping threads took: 0.0000580 seconds
[3.749s][info ][safepoint    ] Application time: 0.0005440 seconds
[3.749s][info ][safepoint    ] Entering safepoint region: CollectForMetadataAllocation
[3.749s][info ][safepoint    ] Leaving safepoint region
[3.749s][info ][safepoint    ] Total time for which application threads were stopped: 0.0001195 seconds, Stopping threads took: 0.0000424 seconds
[3.749s][info ][safepoint    ] Application time: 0.0000744 seconds
[3.749s][info ][safepoint    ] Entering safepoint region: CollectForMetadataAllocation
[3.749s][info ][safepoint    ] Leaving safepoint region
[3.749s][info ][safepoint    ] Total time for which application threads were stopped: 0.0000965 seconds, Stopping threads took: 0.0000319 seconds
[3.760s][info ][safepoint    ] Application time: 0.0108387 seconds
[3.760s][info ][safepoint    ] Entering safepoint region: RevokeBias
[3.760s][info ][safepoint    ] Leaving safepoint region
[3.760s][info ][safepoint    ] Total time for which application threads were stopped: 0.0002253 seconds, Stopping threads took: 0.0001180 seconds
[3.762s][info ][safepoint    ] Application time: 0.0014435 seconds
[3.762s][info ][safepoint    ] Entering safepoint region: RevokeBias
[3.762s][info ][safepoint    ] Leaving safepoint region
[3.762s][info ][safepoint    ] Total time for which application threads were stopped: 0.0002991 seconds, Stopping threads took: 0.0001425 seconds
[3.763s][info ][safepoint    ] Application time: 0.0007627 seconds
[3.763s][info ][safepoint    ] Entering safepoint region: RevokeBias
[3.763s][info ][safepoint    ] Leaving safepoint region
[3.763s][info ][safepoint    ] Total time for which application threads were stopped: 0.0003611 seconds, Stopping threads took: 0.0001932 seconds
[3.764s][info ][safepoint    ] Application time: 0.0003429 seconds
[3.764s][info ][safepoint    ] Entering safepoint region: RevokeBias
[3.764s][info ][safepoint    ] Leaving safepoint region
[3.764s][info ][safepoint    ] Total time for which application threads were stopped: 0.0003267 seconds, Stopping threads took: 0.0001509 seconds
[3.766s][info ][safepoint    ] Application time: 0.0016251 seconds
[3.766s][info ][safepoint    ] Entering safepoint region: RevokeBias
[3.766s][info ][safepoint    ] Leaving safepoint region
[3.766s][info ][safepoint    ] Total time for which application threads were stopped: 0.0002373 seconds, Stopping threads took: 0.0001154 seconds
[3.766s][info ][safepoint    ] Application time: 0.0003080 seconds
[3.766s][info ][safepoint    ] Entering safepoint region: RevokeBias
[3.766s][info ][safepoint    ] Leaving safepoint region
[3.766s][info ][safepoint    ] Total time for which application threads were stopped: 0.0002343 seconds, Stopping threads took: 0.0001389 seconds
[3.767s][info ][safepoint    ] Application time: 0.0009533 seconds
[3.768s][info ][safepoint    ] Entering safepoint region: CollectForMetadataAllocation
[3.768s][info ][safepoint    ] Leaving safepoint region
[3.768s][info ][safepoint    ] Total time for which application threads were stopped: 0.0002820 seconds, Stopping threads took: 0.0001858 seconds
[3.769s][info ][safepoint    ] Application time: 0.0014058 seconds
[3.769s][info ][safepoint    ] Entering safepoint region: RevokeBias
[3.769s][info ][safepoint    ] Leaving safepoint region
[3.769s][info ][safepoint    ] Total time for which application threads were stopped: 0.0002036 seconds, Stopping threads took: 0.0001237 seconds
[3.769s][info ][safepoint    ] Application time: 0.0001347 seconds
[3.770s][info ][safepoint    ] Entering safepoint region: RevokeBias
[3.770s][info ][safepoint    ] Leaving safepoint region
[3.770s][info ][safepoint    ] Total time for which application threads were stopped: 0.0002303 seconds, Stopping threads took: 0.0001111 seconds
[3.773s][info ][safepoint    ] Application time: 0.0034516 seconds
[3.773s][info ][safepoint    ] Entering safepoint region: RevokeBias
[3.774s][info ][safepoint    ] Leaving safepoint region
[3.774s][info ][safepoint    ] Total time for which application threads were stopped: 0.0003369 seconds, Stopping threads took: 0.0002577 seconds
[3.781s][info ][safepoint    ] Application time: 0.0070193 seconds
[3.781s][info ][safepoint    ] Entering safepoint region: BulkRevokeBias
[3.781s][info ][safepoint    ] Leaving safepoint region
[3.781s][info ][safepoint    ] Total time for which application threads were stopped: 0.0007682 seconds, Stopping threads took: 0.0001903 seconds
[3.789s][info ][safepoint    ] Application time: 0.0077754 seconds
[3.793s][info ][safepoint    ] Entering safepoint region: RevokeBias
[3.794s][info ][safepoint    ] Leaving safepoint region
[3.794s][info ][safepoint    ] Total time for which application threads were stopped: 0.0046166 seconds, Stopping threads took: 0.0040101 seconds
[3.805s][info ][safepoint    ] Application time: 0.0109941 seconds
[3.805s][info ][safepoint    ] Entering safepoint region: RevokeBias
[3.805s][info ][safepoint    ] Leaving safepoint region
[3.805s][info ][safepoint    ] Total time for which application threads were stopped: 0.0004865 seconds, Stopping threads took: 0.0002505 seconds
[3.808s][info ][safepoint    ] Application time: 0.0022941 seconds
[3.808s][info ][safepoint    ] Entering safepoint region: RevokeBias
[3.808s][info ][safepoint    ] Leaving safepoint region
[3.808s][info ][safepoint    ] Total time for which application threads were stopped: 0.0003470 seconds, Stopping threads took: 0.0001432 seconds
[3.809s][info ][safepoint    ] Application time: 0.0011575 seconds
[3.809s][info ][safepoint    ] Entering safepoint region: RevokeBias
[3.809s][info ][safepoint    ] Leaving safepoint region
[3.809s][info ][safepoint    ] Total time for which application threads were stopped: 0.0003389 seconds, Stopping threads took: 0.0001378 seconds
[3.813s][info ][safepoint    ] Application time: 0.0037932 seconds
[3.813s][info ][safepoint    ] Entering safepoint region: RevokeBias
[3.814s][info ][safepoint    ] Leaving safepoint region
[3.814s][info ][safepoint    ] Total time for which application threads were stopped: 0.0004512 seconds, Stopping threads took: 0.0002587 seconds
[3.829s][info ][safepoint    ] Application time: 0.0148533 seconds
[3.829s][info ][safepoint    ] Entering safepoint region: RevokeBias
[3.829s][info ][safepoint    ] Leaving safepoint region
[3.829s][info ][safepoint    ] Total time for which application threads were stopped: 0.0004140 seconds, Stopping threads took: 0.0001884 seconds
[3.830s][info ][safepoint    ] Application time: 0.0010616 seconds
[3.830s][info ][safepoint    ] Entering safepoint region: RevokeBias
[3.830s][info ][safepoint    ] Leaving safepoint region
[3.830s][info ][safepoint    ] Total time for which application threads were stopped: 0.0003276 seconds, Stopping threads took: 0.0001181 seconds
[3.831s][info ][safepoint    ] Application time: 0.0002838 seconds
[3.831s][info ][safepoint    ] Entering safepoint region: RevokeBias
[3.831s][info ][safepoint    ] Leaving safepoint region
[3.831s][info ][safepoint    ] Total time for which application threads were stopped: 0.0003185 seconds, Stopping threads took: 0.0001283 seconds
[3.833s][info ][safepoint    ] Application time: 0.0014758 seconds
[3.833s][info ][safepoint    ] Entering safepoint region: RevokeBias
[3.833s][info ][safepoint    ] Leaving safepoint region
[3.833s][info ][safepoint    ] Total time for which application threads were stopped: 0.0003126 seconds, Stopping threads took: 0.0001117 seconds
[3.836s][info ][safepoint    ] Application time: 0.0030573 seconds
[3.839s][info ][safepoint    ] Entering safepoint region: RevokeBias
[3.839s][info ][safepoint    ] Leaving safepoint region
[3.839s][info ][safepoint    ] Total time for which application threads were stopped: 0.0029000 seconds, Stopping threads took: 0.0027295 seconds
[3.839s][info ][safepoint    ] Application time: 0.0004679 seconds
[3.842s][info ][safepoint    ] Entering safepoint region: RevokeBias
[3.842s][info ][safepoint    ] Leaving safepoint region
[3.842s][info ][safepoint    ] Total time for which application threads were stopped: 0.0028321 seconds, Stopping threads took: 0.0026325 seconds
[3.843s][info ][safepoint    ] Application time: 0.0005889 seconds
[3.843s][info ][safepoint    ] Entering safepoint region: BulkRevokeBias
[3.844s][info ][safepoint    ] Leaving safepoint region
[3.844s][info ][safepoint    ] Total time for which application threads were stopped: 0.0007843 seconds, Stopping threads took: 0.0001278 seconds
[3.852s][info ][safepoint    ] Application time: 0.0084561 seconds
[3.852s][info ][safepoint    ] Entering safepoint region: RevokeBias
[3.852s][info ][safepoint    ] Leaving safepoint region
[3.852s][info ][safepoint    ] Total time for which application threads were stopped: 0.0004104 seconds, Stopping threads took: 0.0001891 seconds
[3.856s][info ][safepoint    ] Application time: 0.0035993 seconds
[3.856s][info ][safepoint    ] Entering safepoint region: RevokeBias
[3.856s][info ][safepoint    ] Leaving safepoint region
[3.856s][info ][safepoint    ] Total time for which application threads were stopped: 0.0003701 seconds, Stopping threads took: 0.0001398 seconds
[3.859s][info ][safepoint    ] Application time: 0.0021426 seconds
[3.861s][info ][safepoint    ] Entering safepoint region: RevokeBias
[3.861s][info ][safepoint    ] Leaving safepoint region
[3.861s][info ][safepoint    ] Total time for which application threads were stopped: 0.0028688 seconds, Stopping threads took: 0.0026646 seconds
[3.864s][info ][safepoint    ] Application time: 0.0025177 seconds
[3.864s][info ][safepoint    ] Entering safepoint region: RevokeBias
[3.864s][info ][safepoint    ] Leaving safepoint region
[3.864s][info ][safepoint    ] Total time for which application threads were stopped: 0.0003210 seconds, Stopping threads took: 0.0001438 seconds
[3.871s][info ][safepoint    ] Application time: 0.0069787 seconds
[3.871s][info ][safepoint    ] Entering safepoint region: RevokeBias
[3.872s][info ][safepoint    ] Leaving safepoint region
[3.872s][info ][safepoint    ] Total time for which application threads were stopped: 0.0004085 seconds, Stopping threads took: 0.0001898 seconds
[3.876s][info ][safepoint    ] Application time: 0.0045045 seconds
[3.879s][info ][safepoint    ] Entering safepoint region: RevokeBias
[3.879s][info ][safepoint    ] Leaving safepoint region
[3.879s][info ][safepoint    ] Total time for which application threads were stopped: 0.0030571 seconds, Stopping threads took: 0.0028340 seconds
[3.885s][info ][safepoint    ] Application time: 0.0054840 seconds
[3.885s][info ][safepoint    ] Entering safepoint region: RevokeBias
[3.885s][info ][safepoint    ] Leaving safepoint region
[3.885s][info ][safepoint    ] Total time for which application threads were stopped: 0.0006613 seconds, Stopping threads took: 0.0004420 seconds
[3.934s][info ][safepoint    ] Application time: 0.0488125 seconds
[3.940s][info ][safepoint    ] Entering safepoint region: RevokeBias
[3.940s][info ][safepoint    ] Leaving safepoint region
[3.940s][info ][safepoint    ] Total time for which application threads were stopped: 0.0061492 seconds, Stopping threads took: 0.0058766 seconds
[3.944s][info ][safepoint    ] Application time: 0.0032843 seconds
[3.944s][info ][safepoint    ] Entering safepoint region: RevokeBias
[3.944s][info ][safepoint    ] Leaving safepoint region
[3.944s][info ][safepoint    ] Total time for which application threads were stopped: 0.0004205 seconds, Stopping threads took: 0.0001656 seconds
[3.945s][info ][safepoint    ] Application time: 0.0005378 seconds
[3.947s][info ][safepoint    ] Entering safepoint region: RevokeBias
[3.948s][info ][safepoint    ] Leaving safepoint region
[3.948s][info ][safepoint    ] Total time for which application threads were stopped: 0.0032282 seconds, Stopping threads took: 0.0026028 seconds
[3.953s][info ][safepoint    ] Application time: 0.0046073 seconds
[3.953s][info ][safepoint    ] Entering safepoint region: RevokeBias
[3.953s][info ][safepoint    ] Leaving safepoint region
[3.953s][info ][safepoint    ] Total time for which application threads were stopped: 0.0003322 seconds, Stopping threads took: 0.0001152 seconds
[3.954s][info ][safepoint    ] Application time: 0.0013426 seconds
[3.954s][info ][safepoint    ] Entering safepoint region: RevokeBias
[3.955s][info ][safepoint    ] Leaving safepoint region
[3.955s][info ][safepoint    ] Total time for which application threads were stopped: 0.0002705 seconds, Stopping threads took: 0.0000885 seconds
[3.956s][info ][safepoint    ] Application time: 0.0010328 seconds
[3.956s][info ][safepoint    ] Entering safepoint region: BulkRevokeBias
[3.958s][info ][safepoint    ] Leaving safepoint region
[3.958s][info ][safepoint    ] Total time for which application threads were stopped: 0.0022742 seconds, Stopping threads took: 0.0002437 seconds
[3.992s][info ][safepoint    ] Application time: 0.0344427 seconds
[3.993s][info ][safepoint    ] Entering safepoint region: CollectForMetadataAllocation
[3.993s][info ][safepoint    ] Leaving safepoint region
[3.993s][info ][safepoint    ] Total time for which application threads were stopped: 0.0003527 seconds, Stopping threads took: 0.0001418 seconds
[3.993s][info ][gc           ] GC(1) Concurrent Abortable Preclean 557.674ms
[3.993s][info ][gc,cpu       ] GC(1) User=2.68s Sys=0.12s Real=0.56s
[3.993s][info ][safepoint    ] Application time: 0.0000980 seconds
[3.993s][info ][safepoint    ] Entering safepoint region: CMS_Final_Remark
[3.993s][info ][gc,start     ] GC(1) Pause Remark
[4.023s][debug][gc,phases    ] GC(1) Rescan (parallel) 30.172ms
[4.023s][debug][gc,ref       ] GC(1) Skipped phase1 of Reference Processing due to unavailable references
[4.023s][debug][gc,ref       ] GC(1) Skipped phase2 of Reference Processing due to unavailable references
[4.023s][debug][gc,ref       ] GC(1) Skipped phase3 of Reference Processing due to unavailable references
[4.023s][debug][gc,ref       ] GC(1) Skipped phase4 of Reference Processing due to unavailable references
[4.023s][debug][gc,phases    ] GC(1) Reference Processing 0.029ms
[4.023s][debug][gc,phases    ] GC(1) Weak Processing 0.031ms
[4.024s][debug][gc,phases    ] GC(1) ClassLoaderData 0.331ms
[4.024s][debug][gc,phases    ] GC(1) ProtectionDomainCacheTable 0.004ms
[4.024s][debug][gc,phases    ] GC(1) ResolvedMethodTable 0.042ms
[4.025s][debug][gc,phases    ] GC(1) Class Unloading 1.874ms
[4.027s][debug][gc,phases    ] GC(1) Scrub Symbol Table 1.937ms
[4.027s][debug][gc,phases    ] GC(1) Scrub String Table 0.214ms
[4.028s][info ][gc           ] GC(1) Pause Remark 151M->151M(850M) 35.419ms
[4.028s][info ][gc,cpu       ] GC(1) User=0.16s Sys=0.00s Real=0.03s
[4.028s][info ][safepoint    ] Leaving safepoint region
[4.028s][info ][safepoint    ] Total time for which application threads were stopped: 0.0355485 seconds, Stopping threads took: 0.0000241 seconds
[4.028s][info ][gc           ] GC(1) Concurrent Sweep
[4.030s][info ][gc           ] GC(1) Concurrent Sweep 1.724ms
[4.030s][info ][gc,cpu       ] GC(1) User=0.01s Sys=0.00s Real=0.00s
[4.030s][info ][gc           ] GC(1) Concurrent Reset
[4.045s][info ][safepoint    ] Application time: 0.0165011 seconds
[4.045s][info ][safepoint    ] Entering safepoint region: RevokeBias
[4.045s][info ][safepoint    ] Leaving safepoint region
[4.045s][info ][safepoint    ] Total time for which application threads were stopped: 0.0004308 seconds, Stopping threads took: 0.0001255 seconds
[4.052s][info ][gc           ] GC(1) Concurrent Reset 21.529ms
[4.052s][info ][gc,cpu       ] GC(1) User=0.13s Sys=0.01s Real=0.02s
[4.052s][info ][gc,heap      ] GC(1) Old: 2973K->2973K(600768K)
[4.063s][info ][safepoint    ] Application time: 0.0174606 seconds
[4.063s][info ][safepoint    ] Entering safepoint region: RevokeBias
[4.063s][info ][safepoint    ] Leaving safepoint region
[4.063s][info ][safepoint    ] Total time for which application threads were stopped: 0.0005524 seconds, Stopping threads took: 0.0001476 seconds
[4.162s][info ][safepoint    ] Application time: 0.0984502 seconds
[4.162s][info ][safepoint    ] Entering safepoint region: RevokeBias
[4.162s][info ][safepoint    ] Leaving safepoint region
[4.162s][info ][safepoint    ] Total time for which application threads were stopped: 0.0004354 seconds, Stopping threads took: 0.0001768 seconds
[4.168s][info ][safepoint    ] Application time: 0.0059320 seconds
[4.169s][info ][safepoint    ] Entering safepoint region: RevokeBias
[4.170s][info ][safepoint    ] Leaving safepoint region
[4.170s][info ][safepoint    ] Total time for which application threads were stopped: 0.0013289 seconds, Stopping threads took: 0.0010812 seconds
[4.209s][info ][safepoint    ] Application time: 0.0391698 seconds
[4.209s][info ][safepoint    ] Entering safepoint region: RevokeBias
[4.209s][info ][safepoint    ] Leaving safepoint region
[4.209s][info ][safepoint    ] Total time for which application threads were stopped: 0.0003064 seconds, Stopping threads took: 0.0001239 seconds
[4.211s][info ][safepoint    ] Application time: 0.0021436 seconds
[4.211s][info ][safepoint    ] Entering safepoint region: RevokeBias
[4.212s][info ][safepoint    ] Leaving safepoint region
[4.212s][info ][safepoint    ] Total time for which application threads were stopped: 0.0003582 seconds, Stopping threads took: 0.0001474 seconds
[4.254s][info ][safepoint    ] Application time: 0.0422932 seconds
[4.254s][info ][safepoint    ] Entering safepoint region: RevokeBias
[4.254s][info ][safepoint    ] Leaving safepoint region
[4.254s][info ][safepoint    ] Total time for which application threads were stopped: 0.0003327 seconds, Stopping threads took: 0.0001193 seconds
[4.259s][info ][safepoint    ] Application time: 0.0041917 seconds
[4.259s][info ][safepoint    ] Entering safepoint region: RevokeBias
[4.259s][info ][safepoint    ] Leaving safepoint region
[4.259s][info ][safepoint    ] Total time for which application threads were stopped: 0.0004171 seconds, Stopping threads took: 0.0002396 seconds
[4.259s][info ][safepoint    ] Application time: 0.0003528 seconds
[4.259s][info ][safepoint    ] Entering safepoint region: RevokeBias
[4.260s][info ][safepoint    ] Leaving safepoint region
[4.260s][info ][safepoint    ] Total time for which application threads were stopped: 0.0004407 seconds, Stopping threads took: 0.0001562 seconds
[4.261s][info ][safepoint    ] Application time: 0.0009067 seconds
[4.261s][info ][safepoint    ] Entering safepoint region: RevokeBias
[4.261s][info ][safepoint    ] Leaving safepoint region
[4.261s][info ][safepoint    ] Total time for which application threads were stopped: 0.0002514 seconds, Stopping threads took: 0.0001068 seconds
[4.283s][info ][safepoint    ] Application time: 0.0222050 seconds
[4.283s][info ][safepoint    ] Entering safepoint region: RevokeBias
[4.284s][info ][safepoint    ] Leaving safepoint region
[4.284s][info ][safepoint    ] Total time for which application threads were stopped: 0.0004151 seconds, Stopping threads took: 0.0001619 seconds
[4.291s][info ][safepoint    ] Application time: 0.0069782 seconds
[4.291s][info ][safepoint    ] Entering safepoint region: RevokeBias
[4.291s][info ][safepoint    ] Leaving safepoint region
[4.291s][info ][safepoint    ] Total time for which application threads were stopped: 0.0004091 seconds, Stopping threads took: 0.0001738 seconds
[4.317s][info ][safepoint    ] Application time: 0.0263161 seconds
[4.318s][info ][safepoint    ] Entering safepoint region: RevokeBias
[4.318s][info ][safepoint    ] Leaving safepoint region
[4.318s][info ][safepoint    ] Total time for which application threads were stopped: 0.0003634 seconds, Stopping threads took: 0.0001567 seconds
[4.333s][info ][safepoint    ] Application time: 0.0150159 seconds
[4.337s][info ][safepoint    ] Entering safepoint region: RevokeBias
[4.337s][info ][safepoint    ] Leaving safepoint region
[4.337s][info ][safepoint    ] Total time for which application threads were stopped: 0.0040568 seconds, Stopping threads took: 0.0038655 seconds
[4.340s][info ][safepoint    ] Application time: 0.0035893 seconds
[4.341s][info ][safepoint    ] Entering safepoint region: RevokeBias
[4.341s][info ][safepoint    ] Leaving safepoint region
[4.341s][info ][safepoint    ] Total time for which application threads were stopped: 0.0002916 seconds, Stopping threads took: 0.0001259 seconds
[4.353s][info ][safepoint    ] Application time: 0.0118283 seconds
[4.353s][info ][safepoint    ] Entering safepoint region: RevokeBias
[4.353s][info ][safepoint    ] Leaving safepoint region
[4.353s][info ][safepoint    ] Total time for which application threads were stopped: 0.0004099 seconds, Stopping threads took: 0.0001865 seconds
[4.354s][info ][safepoint    ] Application time: 0.0006464 seconds
[4.354s][info ][safepoint    ] Entering safepoint region: RevokeBias
[4.354s][info ][safepoint    ] Leaving safepoint region
[4.354s][info ][safepoint    ] Total time for which application threads were stopped: 0.0002114 seconds, Stopping threads took: 0.0000702 seconds
[4.366s][info ][safepoint    ] Application time: 0.0119862 seconds
[4.366s][info ][safepoint    ] Entering safepoint region: RevokeBias
[4.366s][info ][safepoint    ] Leaving safepoint region
[4.366s][info ][safepoint    ] Total time for which application threads were stopped: 0.0003143 seconds, Stopping threads took: 0.0001178 seconds
[4.370s][info ][safepoint    ] Application time: 0.0036485 seconds
[4.370s][info ][safepoint    ] Entering safepoint region: RevokeBias
[4.370s][info ][safepoint    ] Leaving safepoint region
[4.370s][info ][safepoint    ] Total time for which application threads were stopped: 0.0003843 seconds, Stopping threads took: 0.0001666 seconds
[4.372s][info ][safepoint    ] Application time: 0.0012432 seconds
[4.372s][info ][safepoint    ] Entering safepoint region: BulkRevokeBias
[4.372s][info ][safepoint    ] Leaving safepoint region
[4.372s][info ][safepoint    ] Total time for which application threads were stopped: 0.0009318 seconds, Stopping threads took: 0.0001389 seconds
[4.386s][info ][safepoint    ] Application time: 0.0132413 seconds
[4.389s][info ][safepoint    ] Entering safepoint region: Deoptimize
[4.389s][info ][safepoint    ] Leaving safepoint region
[4.389s][info ][safepoint    ] Total time for which application threads were stopped: 0.0035590 seconds, Stopping threads took: 0.0029427 seconds
[4.398s][info ][safepoint    ] Application time: 0.0087356 seconds
[4.398s][info ][safepoint    ] Entering safepoint region: Deoptimize
[4.399s][info ][safepoint    ] Leaving safepoint region
[4.399s][info ][safepoint    ] Total time for which application threads were stopped: 0.0007321 seconds, Stopping threads took: 0.0001598 seconds
[4.459s][info ][safepoint    ] Application time: 0.0598763 seconds
[4.459s][info ][safepoint    ] Entering safepoint region: Deoptimize
[4.460s][info ][safepoint    ] Leaving safepoint region
[4.460s][info ][safepoint    ] Total time for which application threads were stopped: 0.0011282 seconds, Stopping threads took: 0.0004627 seconds
[4.498s][info ][safepoint    ] Application time: 0.0377357 seconds
[4.498s][info ][safepoint    ] Entering safepoint region: ICBufferFull
[4.498s][info ][safepoint    ] Leaving safepoint region
[4.498s][info ][safepoint    ] Total time for which application threads were stopped: 0.0006110 seconds, Stopping threads took: 0.0003966 seconds
[4.506s][info ][safepoint    ] Application time: 0.0076502 seconds
[4.506s][info ][safepoint    ] Entering safepoint region: GenCollectForAllocation
[4.506s][info ][gc,start     ] GC(2) Pause Young (Allocation Failure)
[4.506s][info ][gc,task      ] GC(2) Using 4 workers of 4 for evacuation
[4.584s][debug][gc,ref       ] GC(2) Skipped phase1 of Reference Processing due to unavailable references
[4.584s][debug][gc,ref       ] GC(2) Skipped phase3 of Reference Processing due to unavailable references
[4.585s][debug][gc,age       ] GC(2) Desired survivor size 15368192 bytes, new threshold 1 (max threshold 6)
[4.585s][info ][gc,heap      ] GC(2) ParNew: 270334K->30016K(270336K)
[4.585s][info ][gc,heap      ] GC(2) CMS: 2973K->40832K(600768K)
[4.585s][info ][gc,metaspace ] GC(2) Metaspace: 32261K->32261K(1079296K)
[4.585s][info ][gc           ] GC(2) Pause Young (Allocation Failure) 266M->69M(850M) 78.357ms
[4.585s][info ][gc,cpu       ] GC(2) User=0.25s Sys=0.04s Real=0.08s
[4.585s][info ][safepoint    ] Leaving safepoint region
[4.585s][info ][safepoint    ] Total time for which application threads were stopped: 0.0787699 seconds, Stopping threads took: 0.0001880 seconds
[4.586s][info ][safepoint    ] Application time: 0.0016831 seconds
[4.586s][info ][safepoint    ] Entering safepoint region: RevokeBias
[4.587s][info ][safepoint    ] Leaving safepoint region
[4.587s][info ][safepoint    ] Total time for which application threads were stopped: 0.0002601 seconds, Stopping threads took: 0.0001085 seconds
[4.587s][info ][safepoint    ] Application time: 0.0000649 seconds
[4.587s][info ][safepoint    ] Entering safepoint region: RevokeBias
[4.587s][info ][safepoint    ] Leaving safepoint region
[4.587s][info ][safepoint    ] Total time for which application threads were stopped: 0.0000864 seconds, Stopping threads took: 0.0000222 seconds
[4.672s][info ][safepoint    ] Application time: 0.0850602 seconds
[4.672s][info ][safepoint    ] Entering safepoint region: Deoptimize
[4.673s][info ][safepoint    ] Leaving safepoint region
[4.673s][info ][safepoint    ] Total time for which application threads were stopped: 0.0009186 seconds, Stopping threads took: 0.0002733 seconds
[4.705s][info ][safepoint    ] Application time: 0.0325819 seconds
[4.706s][info ][safepoint    ] Entering safepoint region: RevokeBias
[4.706s][info ][safepoint    ] Leaving safepoint region
[4.706s][info ][safepoint    ] Total time for which application threads were stopped: 0.0002981 seconds, Stopping threads took: 0.0001743 seconds
[4.706s][info ][safepoint    ] Application time: 0.0001125 seconds
[4.706s][info ][safepoint    ] Entering safepoint region: RevokeBias
[4.706s][info ][safepoint    ] Leaving safepoint region
[4.706s][info ][safepoint    ] Total time for which application threads were stopped: 0.0001001 seconds, Stopping threads took: 0.0000510 seconds
[4.708s][info ][safepoint    ] Application time: 0.0022496 seconds
[4.708s][info ][safepoint    ] Entering safepoint region: RevokeBias
[4.708s][info ][safepoint    ] Leaving safepoint region
[4.708s][info ][safepoint    ] Total time for which application threads were stopped: 0.0002309 seconds, Stopping threads took: 0.0001323 seconds
[4.708s][info ][safepoint    ] Application time: 0.0000564 seconds
[4.709s][info ][safepoint    ] Entering safepoint region: RevokeBias
[4.709s][info ][safepoint    ] Leaving safepoint region
[4.709s][info ][safepoint    ] Total time for which application threads were stopped: 0.0001480 seconds, Stopping threads took: 0.0000884 seconds
[4.709s][info ][safepoint    ] Application time: 0.0000747 seconds
[4.709s][info ][safepoint    ] Entering safepoint region: RevokeBias
[4.709s][info ][safepoint    ] Leaving safepoint region
[4.709s][info ][safepoint    ] Total time for which application threads were stopped: 0.0001428 seconds, Stopping threads took: 0.0000857 seconds
[4.709s][info ][safepoint    ] Application time: 0.0000588 seconds
[4.709s][info ][safepoint    ] Entering safepoint region: RevokeBias
[4.709s][info ][safepoint    ] Leaving safepoint region
[4.709s][info ][safepoint    ] Total time for which application threads were stopped: 0.0001140 seconds, Stopping threads took: 0.0000587 seconds
[4.710s][info ][safepoint    ] Application time: 0.0007832 seconds
[4.710s][info ][safepoint    ] Entering safepoint region: RevokeBias
[4.710s][info ][safepoint    ] Leaving safepoint region
[4.710s][info ][safepoint    ] Total time for which application threads were stopped: 0.0001436 seconds, Stopping threads took: 0.0000486 seconds
[4.710s][info ][safepoint    ] Application time: 0.0001337 seconds
[4.710s][info ][safepoint    ] Entering safepoint region: RevokeBias
[4.710s][info ][safepoint    ] Leaving safepoint region
[4.710s][info ][safepoint    ] Total time for which application threads were stopped: 0.0001060 seconds, Stopping threads took: 0.0000547 seconds
[4.938s][info ][safepoint    ] Application time: 0.2281535 seconds
[4.938s][info ][safepoint    ] Entering safepoint region: GenCollectForAllocation
[4.939s][info ][gc,start     ] GC(3) Pause Young (Allocation Failure)
[4.939s][info ][gc,task      ] GC(3) Using 4 workers of 4 for evacuation
[5.011s][debug][gc,ref       ] GC(3) Skipped phase1 of Reference Processing due to unavailable references
[5.011s][debug][gc,ref       ] GC(3) Skipped phase3 of Reference Processing due to unavailable references
[5.011s][debug][gc,age       ] GC(3) Desired survivor size 15368192 bytes, new threshold 1 (max threshold 6)
[5.011s][info ][gc,heap      ] GC(3) ParNew: 270336K->30016K(270336K)
[5.011s][info ][gc,heap      ] GC(3) CMS: 40832K->71621K(600768K)
[5.011s][info ][gc,metaspace ] GC(3) Metaspace: 33687K->33687K(1079296K)
[5.011s][info ][gc           ] GC(3) Pause Young (Allocation Failure) 303M->99M(850M) 72.392ms
[5.011s][info ][gc,cpu       ] GC(3) User=0.27s Sys=0.00s Real=0.07s
[5.011s][info ][safepoint    ] Leaving safepoint region
[5.011s][info ][safepoint    ] Total time for which application threads were stopped: 0.0726965 seconds, Stopping threads took: 0.0000819 seconds
[5.014s][info ][safepoint    ] Application time: 0.0025604 seconds
[5.014s][info ][safepoint    ] Entering safepoint region: Deoptimize
[5.015s][info ][safepoint    ] Leaving safepoint region
[5.015s][info ][safepoint    ] Total time for which application threads were stopped: 0.0008482 seconds, Stopping threads took: 0.0001606 seconds
[5.017s][info ][safepoint    ] Application time: 0.0028497 seconds
[5.018s][info ][safepoint    ] Entering safepoint region: Deoptimize
[5.018s][info ][safepoint    ] Leaving safepoint region
[5.018s][info ][safepoint    ] Total time for which application threads were stopped: 0.0007412 seconds, Stopping threads took: 0.0001246 seconds
[5.020s][info ][safepoint    ] Application time: 0.0021905 seconds
[5.021s][info ][safepoint    ] Entering safepoint region: RevokeBias
[5.021s][info ][safepoint    ] Leaving safepoint region
[5.021s][info ][safepoint    ] Total time for which application threads were stopped: 0.0002849 seconds, Stopping threads took: 0.0001816 seconds
[5.030s][info ][safepoint    ] Application time: 0.0097861 seconds
[5.031s][info ][safepoint    ] Entering safepoint region: RevokeBias
[5.031s][info ][safepoint    ] Leaving safepoint region
[5.031s][info ][safepoint    ] Total time for which application threads were stopped: 0.0002444 seconds, Stopping threads took: 0.0001443 seconds
[5.033s][info ][safepoint    ] Application time: 0.0026055 seconds
[5.034s][info ][safepoint    ] Entering safepoint region: RevokeBias
[5.034s][info ][safepoint    ] Leaving safepoint region
[5.034s][info ][safepoint    ] Total time for which application threads were stopped: 0.0005144 seconds, Stopping threads took: 0.0003796 seconds
[5.034s][info ][safepoint    ] Application time: 0.0002243 seconds
[5.034s][info ][safepoint    ] Entering safepoint region: RevokeBias
[5.034s][info ][safepoint    ] Leaving safepoint region
[5.034s][info ][safepoint    ] Total time for which application threads were stopped: 0.0002767 seconds, Stopping threads took: 0.0001568 seconds
[5.034s][info ][safepoint    ] Application time: 0.0000619 seconds
[5.034s][info ][safepoint    ] Entering safepoint region: RevokeBias
[5.035s][info ][safepoint    ] Leaving safepoint region
[5.035s][info ][safepoint    ] Total time for which application threads were stopped: 0.0001447 seconds, Stopping threads took: 0.0000801 seconds
[5.035s][info ][safepoint    ] Application time: 0.0006900 seconds
[5.035s][info ][safepoint    ] Entering safepoint region: RevokeBias
[5.036s][info ][safepoint    ] Leaving safepoint region
[5.036s][info ][safepoint    ] Total time for which application threads were stopped: 0.0002588 seconds, Stopping threads took: 0.0001832 seconds
[5.036s][info ][safepoint    ] Application time: 0.0001999 seconds
[5.036s][info ][safepoint    ] Entering safepoint region: RevokeBias
[5.036s][info ][safepoint    ] Leaving safepoint region
[5.036s][info ][safepoint    ] Total time for which application threads were stopped: 0.0002493 seconds, Stopping threads took: 0.0001657 seconds
[5.068s][info ][safepoint    ] Application time: 0.0322157 seconds
[5.077s][info ][safepoint    ] Entering safepoint region: RevokeBias
[5.078s][info ][safepoint    ] Leaving safepoint region
[5.078s][info ][safepoint    ] Total time for which application threads were stopped: 0.0092811 seconds, Stopping threads took: 0.0091384 seconds
[5.129s][info ][safepoint    ] Application time: 0.0510665 seconds
[5.129s][info ][safepoint    ] Entering safepoint region: RevokeBias
[5.130s][info ][safepoint    ] Leaving safepoint region
[5.130s][info ][safepoint    ] Total time for which application threads were stopped: 0.0010455 seconds, Stopping threads took: 0.0008739 seconds
[5.130s][info ][safepoint    ] Application time: 0.0004538 seconds
[5.130s][info ][safepoint    ] Entering safepoint region: RevokeBias
[5.131s][info ][safepoint    ] Leaving safepoint region
[5.131s][info ][safepoint    ] Total time for which application threads were stopped: 0.0003700 seconds, Stopping threads took: 0.0001866 seconds
[5.137s][info ][safepoint    ] Application time: 0.0066523 seconds
[5.137s][info ][safepoint    ] Entering safepoint region: RevokeBias
[5.137s][info ][safepoint    ] Leaving safepoint region
[5.137s][info ][safepoint    ] Total time for which application threads were stopped: 0.0002591 seconds, Stopping threads took: 0.0001341 seconds
[5.145s][info ][safepoint    ] Application time: 0.0077425 seconds
[5.145s][info ][safepoint    ] Entering safepoint region: RevokeBias
[5.146s][info ][safepoint    ] Leaving safepoint region
[5.146s][info ][safepoint    ] Total time for which application threads were stopped: 0.0003306 seconds, Stopping threads took: 0.0001933 seconds
[5.159s][info ][safepoint    ] Application time: 0.0136785 seconds
[5.159s][info ][safepoint    ] Entering safepoint region: GenCollectForAllocation
[5.159s][info ][gc,start     ] GC(4) Pause Young (Allocation Failure)
[5.160s][info ][gc,task      ] GC(4) Using 4 workers of 4 for evacuation
[5.217s][debug][gc,ref       ] GC(4) Skipped phase1 of Reference Processing due to unavailable references
[5.217s][debug][gc,ref       ] GC(4) Skipped phase3 of Reference Processing due to unavailable references
[5.217s][debug][gc,age       ] GC(4) Desired survivor size 15368192 bytes, new threshold 6 (max threshold 6)
[5.217s][info ][gc,heap      ] GC(4) ParNew: 270336K->27114K(270336K)
[5.217s][info ][gc,heap      ] GC(4) CMS: 71621K->100071K(600768K)
[5.217s][info ][gc,metaspace ] GC(4) Metaspace: 35862K->35862K(1081344K)
[5.217s][info ][gc           ] GC(4) Pause Young (Allocation Failure) 333M->124M(850M) 57.431ms
[5.217s][info ][gc,cpu       ] GC(4) User=0.19s Sys=0.00s Real=0.06s
[5.217s][info ][safepoint    ] Leaving safepoint region
[5.217s][info ][safepoint    ] Total time for which application threads were stopped: 0.0577121 seconds, Stopping threads took: 0.0001139 seconds
[5.233s][info ][safepoint    ] Application time: 0.0157504 seconds
[5.237s][info ][safepoint    ] Entering safepoint region: RevokeBias
[5.237s][info ][safepoint    ] Leaving safepoint region
[5.237s][info ][safepoint    ] Total time for which application threads were stopped: 0.0040266 seconds, Stopping threads took: 0.0038598 seconds
[5.247s][info ][safepoint    ] Application time: 0.0106045 seconds
[5.248s][info ][safepoint    ] Entering safepoint region: RevokeBias
[5.248s][info ][safepoint    ] Leaving safepoint region
[5.248s][info ][safepoint    ] Total time for which application threads were stopped: 0.0004528 seconds, Stopping threads took: 0.0002853 seconds
[5.281s][info ][safepoint    ] Application time: 0.0334855 seconds
[5.282s][info ][safepoint    ] Entering safepoint region: GenCollectForAllocation
[5.282s][info ][gc,start     ] GC(5) Pause Young (Allocation Failure)
[5.282s][info ][gc,task      ] GC(5) Using 4 workers of 4 for evacuation
[5.296s][debug][gc,ref       ] GC(5) Skipped phase1 of Reference Processing due to unavailable references
[5.296s][debug][gc,ref       ] GC(5) Skipped phase3 of Reference Processing due to unavailable references
[5.296s][debug][gc,age       ] GC(5) Desired survivor size 15368192 bytes, new threshold 6 (max threshold 6)
[5.296s][info ][gc,heap      ] GC(5) ParNew: 267434K->15439K(270336K)
[5.296s][info ][gc,heap      ] GC(5) CMS: 100071K->100071K(600768K)
[5.296s][info ][gc,metaspace ] GC(5) Metaspace: 36365K->36365K(1081344K)
[5.296s][info ][gc           ] GC(5) Pause Young (Allocation Failure) 358M->112M(850M) 13.963ms
[5.296s][info ][gc,cpu       ] GC(5) User=0.05s Sys=0.00s Real=0.02s
[5.296s][info ][safepoint    ] Leaving safepoint region
[5.296s][info ][safepoint    ] Total time for which application threads were stopped: 0.0144559 seconds, Stopping threads took: 0.0002444 seconds
[5.360s][info ][safepoint    ] Application time: 0.0636818 seconds
[5.361s][info ][safepoint    ] Entering safepoint region: Deoptimize
[5.361s][info ][safepoint    ] Leaving safepoint region
[5.361s][info ][safepoint    ] Total time for which application threads were stopped: 0.0017999 seconds, Stopping threads took: 0.0011053 seconds
[5.397s][info ][safepoint    ] Application time: 0.0351748 seconds
[5.397s][info ][safepoint    ] Entering safepoint region: RevokeBias
[5.397s][info ][safepoint    ] Leaving safepoint region
[5.397s][info ][safepoint    ] Total time for which application threads were stopped: 0.0002629 seconds, Stopping threads took: 0.0001560 seconds
[5.398s][info ][safepoint    ] Application time: 0.0013521 seconds
[5.398s][info ][safepoint    ] Entering safepoint region: RevokeBias
[5.399s][info ][safepoint    ] Leaving safepoint region
[5.399s][info ][safepoint    ] Total time for which application threads were stopped: 0.0003231 seconds, Stopping threads took: 0.0002466 seconds
[5.418s][info ][safepoint    ] Application time: 0.0193540 seconds
[5.418s][info ][safepoint    ] Entering safepoint region: Deoptimize
[5.419s][info ][safepoint    ] Leaving safepoint region
[5.419s][info ][safepoint    ] Total time for which application threads were stopped: 0.0009823 seconds, Stopping threads took: 0.0002268 seconds
[5.421s][info ][safepoint    ] Application time: 0.0017214 seconds
[5.423s][info ][safepoint    ] Entering safepoint region: RevokeBias
[5.423s][info ][safepoint    ] Leaving safepoint region
[5.423s][info ][safepoint    ] Total time for which application threads were stopped: 0.0027990 seconds, Stopping threads took: 0.0026999 seconds
[5.434s][info ][safepoint    ] Application time: 0.0110379 seconds
[5.435s][info ][safepoint    ] Entering safepoint region: RevokeBias
[5.435s][info ][safepoint    ] Leaving safepoint region
[5.435s][info ][safepoint    ] Total time for which application threads were stopped: 0.0006240 seconds, Stopping threads took: 0.0005137 seconds
[5.437s][info ][safepoint    ] Application time: 0.0022669 seconds
[5.438s][info ][safepoint    ] Entering safepoint region: RevokeBias
[5.438s][info ][safepoint    ] Leaving safepoint region
[5.438s][info ][safepoint    ] Total time for which application threads were stopped: 0.0003147 seconds, Stopping threads took: 0.0002321 seconds
[5.475s][info ][safepoint    ] Application time: 0.0369028 seconds
[5.476s][info ][safepoint    ] Entering safepoint region: GenCollectForAllocation
[5.477s][info ][gc,start     ] GC(6) Pause Young (Allocation Failure)
[5.477s][info ][gc,task      ] GC(6) Using 4 workers of 4 for evacuation
[5.490s][debug][gc,ref       ] GC(6) Skipped phase1 of Reference Processing due to unavailable references
[5.490s][debug][gc,ref       ] GC(6) Skipped phase3 of Reference Processing due to unavailable references
[5.491s][debug][gc,age       ] GC(6) Desired survivor size 15368192 bytes, new threshold 3 (max threshold 6)
[5.491s][info ][gc,heap      ] GC(6) ParNew: 255759K->23814K(270336K)
[5.491s][info ][gc,heap      ] GC(6) CMS: 100071K->100071K(600768K)
[5.491s][info ][gc,metaspace ] GC(6) Metaspace: 36591K->36591K(1081344K)
[5.491s][info ][gc           ] GC(6) Pause Young (Allocation Failure) 347M->120M(850M) 14.105ms
[5.491s][info ][gc,cpu       ] GC(6) User=0.07s Sys=0.00s Real=0.01s
[5.491s][info ][safepoint    ] Leaving safepoint region
[5.491s][info ][safepoint    ] Total time for which application threads were stopped: 0.0160116 seconds, Stopping threads took: 0.0017415 seconds
[5.643s][info ][safepoint    ] Application time: 0.1521172 seconds
[5.644s][info ][safepoint    ] Entering safepoint region: GenCollectForAllocation
[5.644s][info ][gc,start     ] GC(7) Pause Young (Allocation Failure)
[5.644s][info ][gc,task      ] GC(7) Using 4 workers of 4 for evacuation
[5.665s][debug][gc,ref       ] GC(7) Skipped phase1 of Reference Processing due to unavailable references
[5.665s][debug][gc,ref       ] GC(7) Skipped phase3 of Reference Processing due to unavailable references
[5.666s][debug][gc,age       ] GC(7) Desired survivor size 15368192 bytes, new threshold 6 (max threshold 6)
[5.666s][info ][gc,heap      ] GC(7) ParNew: 264134K->20541K(270336K)
[5.666s][info ][gc,heap      ] GC(7) CMS: 100071K->107890K(600768K)
[5.666s][info ][gc,metaspace ] GC(7) Metaspace: 36599K->36599K(1081344K)
[5.666s][info ][gc           ] GC(7) Pause Young (Allocation Failure) 355M->125M(850M) 21.285ms
[5.666s][info ][gc,cpu       ] GC(7) User=0.06s Sys=0.01s Real=0.02s
[5.666s][info ][safepoint    ] Leaving safepoint region
[5.666s][info ][safepoint    ] Total time for which application threads were stopped: 0.0228747 seconds, Stopping threads took: 0.0014175 seconds
[5.785s][info ][safepoint    ] Application time: 0.1197797 seconds
[5.788s][info ][safepoint    ] Entering safepoint region: GenCollectForAllocation
[5.788s][info ][gc,start     ] GC(8) Pause Young (Allocation Failure)
[5.788s][info ][gc,task      ] GC(8) Using 4 workers of 4 for evacuation
[5.799s][debug][gc,ref       ] GC(8) Skipped phase1 of Reference Processing due to unavailable references
[5.799s][debug][gc,ref       ] GC(8) Skipped phase3 of Reference Processing due to unavailable references
[5.799s][debug][gc,age       ] GC(8) Desired survivor size 15368192 bytes, new threshold 6 (max threshold 6)
[5.799s][info ][gc,heap      ] GC(8) ParNew: 260861K->15447K(270336K)
[5.799s][info ][gc,heap      ] GC(8) CMS: 107890K->107890K(600768K)
[5.799s][info ][gc,metaspace ] GC(8) Metaspace: 36599K->36599K(1081344K)
[5.799s][info ][gc           ] GC(8) Pause Young (Allocation Failure) 360M->120M(850M) 10.505ms
[5.799s][info ][gc,cpu       ] GC(8) User=0.03s Sys=0.00s Real=0.01s
[5.799s][info ][safepoint    ] Leaving safepoint region
[5.799s][info ][safepoint    ] Total time for which application threads were stopped: 0.0134008 seconds, Stopping threads took: 0.0027383 seconds
[5.865s][info ][safepoint    ] Application time: 0.0660768 seconds
[5.865s][info ][safepoint    ] Entering safepoint region: GenCollectForAllocation
[5.865s][info ][gc,start     ] GC(9) Pause Young (Allocation Failure)
[5.865s][info ][gc,task      ] GC(9) Using 4 workers of 4 for evacuation
[5.873s][debug][gc,ref       ] GC(9) Skipped phase1 of Reference Processing due to unavailable references
[5.873s][debug][gc,ref       ] GC(9) Skipped phase3 of Reference Processing due to unavailable references
[5.873s][debug][gc,age       ] GC(9) Desired survivor size 15368192 bytes, new threshold 6 (max threshold 6)
[5.873s][info ][gc,heap      ] GC(9) ParNew: 255767K->12781K(270336K)
[5.873s][info ][gc,heap      ] GC(9) CMS: 107890K->107890K(600768K)
[5.873s][info ][gc,metaspace ] GC(9) Metaspace: 36600K->36600K(1081344K)
[5.873s][info ][gc           ] GC(9) Pause Young (Allocation Failure) 355M->117M(850M) 7.706ms
[5.873s][info ][gc,cpu       ] GC(9) User=0.03s Sys=0.00s Real=0.01s
[5.873s][info ][safepoint    ] Leaving safepoint region
[5.873s][info ][safepoint    ] Total time for which application threads were stopped: 0.0080385 seconds, Stopping threads took: 0.0001509 seconds
[5.915s][info ][safepoint    ] Application time: 0.0417965 seconds
[5.915s][info ][safepoint    ] Entering safepoint region: GenCollectForAllocation
[5.915s][info ][gc,start     ] GC(10) Pause Young (Allocation Failure)
[5.915s][info ][gc,task      ] GC(10) Using 4 workers of 4 for evacuation
[5.923s][debug][gc,ref       ] GC(10) Skipped phase1 of Reference Processing due to unavailable references
[5.923s][debug][gc,ref       ] GC(10) Skipped phase3 of Reference Processing due to unavailable references
[5.923s][debug][gc,age       ] GC(10) Desired survivor size 15368192 bytes, new threshold 6 (max threshold 6)
[5.923s][info ][gc,heap      ] GC(10) ParNew: 253101K->13125K(270336K)
[5.923s][info ][gc,heap      ] GC(10) CMS: 107890K->107890K(600768K)
[5.923s][info ][gc,metaspace ] GC(10) Metaspace: 36600K->36600K(1081344K)
[5.923s][info ][gc           ] GC(10) Pause Young (Allocation Failure) 352M->118M(850M) 7.944ms
[5.923s][info ][gc,cpu       ] GC(10) User=0.04s Sys=0.00s Real=0.00s
[5.923s][info ][safepoint    ] Leaving safepoint region
[5.923s][info ][safepoint    ] Total time for which application threads were stopped: 0.0083003 seconds, Stopping threads took: 0.0001869 seconds
[6.007s][info ][safepoint    ] Application time: 0.0834013 seconds
[6.007s][info ][safepoint    ] Entering safepoint region: GenCollectForAllocation
[6.007s][info ][gc,start     ] GC(11) Pause Young (Allocation Failure)
[6.007s][info ][gc,task      ] GC(11) Using 4 workers of 4 for evacuation
[6.017s][debug][gc,ref       ] GC(11) Skipped phase1 of Reference Processing due to unavailable references
[6.017s][debug][gc,ref       ] GC(11) Skipped phase3 of Reference Processing due to unavailable references
[6.017s][debug][gc,ref       ] GC(11) Skipped phase4 of Reference Processing due to unavailable references
[6.017s][debug][gc,age       ] GC(11) Desired survivor size 15368192 bytes, new threshold 6 (max threshold 6)
[6.017s][info ][gc,heap      ] GC(11) ParNew: 253445K->10819K(270336K)
[6.017s][info ][gc,heap      ] GC(11) CMS: 107890K->112404K(600768K)
[6.017s][info ][gc,metaspace ] GC(11) Metaspace: 36600K->36600K(1081344K)
[6.017s][info ][gc           ] GC(11) Pause Young (Allocation Failure) 352M->120M(850M) 9.858ms
[6.017s][info ][gc,cpu       ] GC(11) User=0.04s Sys=0.00s Real=0.01s
[6.017s][info ][safepoint    ] Leaving safepoint region
[6.017s][info ][safepoint    ] Total time for which application threads were stopped: 0.0103196 seconds, Stopping threads took: 0.0002992 seconds
[6.053s][info ][safepoint    ] Application time: 0.0360237 seconds
[6.053s][info ][safepoint    ] Entering safepoint region: GenCollectForAllocation
[6.053s][info ][gc,start     ] GC(12) Pause Young (Allocation Failure)
[6.053s][info ][gc,task      ] GC(12) Using 4 workers of 4 for evacuation
[6.063s][debug][gc,ref       ] GC(12) Skipped phase1 of Reference Processing due to unavailable references
[6.063s][debug][gc,ref       ] GC(12) Skipped phase2 of Reference Processing due to unavailable references
[6.063s][debug][gc,ref       ] GC(12) Skipped phase3 of Reference Processing due to unavailable references
[6.063s][debug][gc,ref       ] GC(12) Skipped phase4 of Reference Processing due to unavailable references
[6.063s][debug][gc,age       ] GC(12) Desired survivor size 15368192 bytes, new threshold 6 (max threshold 6)
[6.063s][info ][gc,heap      ] GC(12) ParNew: 251139K->7203K(270336K)
[6.063s][info ][gc,heap      ] GC(12) CMS: 112404K->117929K(600768K)
[6.063s][info ][gc,metaspace ] GC(12) Metaspace: 36600K->36600K(1081344K)
[6.063s][info ][gc           ] GC(12) Pause Young (Allocation Failure) 355M->122M(850M) 9.889ms
[6.063s][info ][gc,cpu       ] GC(12) User=0.04s Sys=0.00s Real=0.00s
[6.063s][info ][safepoint    ] Leaving safepoint region
[6.063s][info ][safepoint    ] Total time for which application threads were stopped: 0.0101412 seconds, Stopping threads took: 0.0000871 seconds
[6.118s][info ][safepoint    ] Application time: 0.0551579 seconds
[6.129s][info ][safepoint    ] Entering safepoint region: GenCollectForAllocation
[6.129s][info ][gc,start     ] GC(13) Pause Young (Allocation Failure)
[6.129s][info ][gc,task      ] GC(13) Using 4 workers of 4 for evacuation
[6.132s][debug][gc,ref       ] GC(13) Skipped phase1 of Reference Processing due to unavailable references
[6.132s][debug][gc,ref       ] GC(13) Skipped phase2 of Reference Processing due to unavailable references
[6.132s][debug][gc,ref       ] GC(13) Skipped phase3 of Reference Processing due to unavailable references
[6.132s][debug][gc,ref       ] GC(13) Skipped phase4 of Reference Processing due to unavailable references
[6.132s][debug][gc,age       ] GC(13) Desired survivor size 15368192 bytes, new threshold 6 (max threshold 6)
[6.132s][info ][gc,heap      ] GC(13) ParNew: 247523K->2044K(270336K)
[6.132s][info ][gc,heap      ] GC(13) CMS: 117929K->118742K(600768K)
[6.132s][info ][gc,metaspace ] GC(13) Metaspace: 36600K->36600K(1081344K)
[6.132s][info ][gc           ] GC(13) Pause Young (Allocation Failure) 356M->117M(850M) 3.605ms
[6.132s][info ][gc,cpu       ] GC(13) User=0.01s Sys=0.00s Real=0.01s
[6.132s][info ][safepoint    ] Leaving safepoint region
[6.132s][info ][safepoint    ] Total time for which application threads were stopped: 0.0141146 seconds, Stopping threads took: 0.0103467 seconds
[6.173s][info ][safepoint    ] Application time: 0.0402098 seconds
[6.173s][info ][safepoint    ] Entering safepoint region: GenCollectForAllocation
[6.173s][info ][gc,start     ] GC(14) Pause Young (Allocation Failure)
[6.173s][info ][gc,task      ] GC(14) Using 4 workers of 4 for evacuation
[6.175s][debug][gc,ref       ] GC(14) Skipped phase1 of Reference Processing due to unavailable references
[6.175s][debug][gc,ref       ] GC(14) Skipped phase2 of Reference Processing due to unavailable references
[6.175s][debug][gc,ref       ] GC(14) Skipped phase3 of Reference Processing due to unavailable references
[6.175s][debug][gc,ref       ] GC(14) Skipped phase4 of Reference Processing due to unavailable references
[6.175s][debug][gc,age       ] GC(14) Desired survivor size 15368192 bytes, new threshold 6 (max threshold 6)
[6.175s][info ][gc,heap      ] GC(14) ParNew: 242364K->650K(270336K)
[6.175s][info ][gc,heap      ] GC(14) CMS: 118742K->119007K(600768K)
[6.175s][info ][gc,metaspace ] GC(14) Metaspace: 36600K->36600K(1081344K)
[6.175s][info ][gc           ] GC(14) Pause Young (Allocation Failure) 352M->116M(850M) 2.264ms
[6.175s][info ][gc,cpu       ] GC(14) User=0.01s Sys=0.00s Real=0.00s
[6.175s][info ][safepoint    ] Leaving safepoint region
[6.175s][info ][safepoint    ] Total time for which application threads were stopped: 0.0024946 seconds, Stopping threads took: 0.0000846 seconds
[6.216s][info ][safepoint    ] Application time: 0.0409212 seconds
[6.216s][info ][safepoint    ] Entering safepoint region: GenCollectForAllocation
[6.216s][info ][gc,start     ] GC(15) Pause Young (Allocation Failure)
[6.216s][info ][gc,task      ] GC(15) Using 4 workers of 4 for evacuation
[6.218s][debug][gc,ref       ] GC(15) Skipped phase1 of Reference Processing due to unavailable references
[6.218s][debug][gc,ref       ] GC(15) Skipped phase2 of Reference Processing due to unavailable references
[6.218s][debug][gc,ref       ] GC(15) Skipped phase3 of Reference Processing due to unavailable references
[6.218s][debug][gc,ref       ] GC(15) Skipped phase4 of Reference Processing due to unavailable references
[6.218s][debug][gc,age       ] GC(15) Desired survivor size 15368192 bytes, new threshold 6 (max threshold 6)
[6.218s][info ][gc,heap      ] GC(15) ParNew: 240970K->512K(270336K)
[6.218s][info ][gc,heap      ] GC(15) CMS: 119007K->119051K(600768K)
[6.218s][info ][gc,metaspace ] GC(15) Metaspace: 36600K->36600K(1081344K)
[6.218s][info ][gc           ] GC(15) Pause Young (Allocation Failure) 351M->116M(850M) 1.883ms
[6.218s][info ][gc,cpu       ] GC(15) User=0.01s Sys=0.00s Real=0.00s
[6.218s][info ][safepoint    ] Leaving safepoint region
[6.218s][info ][safepoint    ] Total time for which application threads were stopped: 0.0022278 seconds, Stopping threads took: 0.0001886 seconds
[6.277s][info ][safepoint    ] Application time: 0.0590618 seconds
[6.278s][info ][safepoint    ] Entering safepoint region: GenCollectForAllocation
[6.278s][info ][gc,start     ] GC(16) Pause Young (Allocation Failure)
[6.278s][info ][gc,task      ] GC(16) Using 4 workers of 4 for evacuation
[6.279s][debug][gc,ref       ] GC(16) Skipped phase1 of Reference Processing due to unavailable references
[6.279s][debug][gc,ref       ] GC(16) Skipped phase2 of Reference Processing due to unavailable references
[6.279s][debug][gc,ref       ] GC(16) Skipped phase3 of Reference Processing due to unavailable references
[6.279s][debug][gc,ref       ] GC(16) Skipped phase4 of Reference Processing due to unavailable references
[6.279s][debug][gc,age       ] GC(16) Desired survivor size 15368192 bytes, new threshold 6 (max threshold 6)
[6.279s][info ][gc,heap      ] GC(16) ParNew: 240832K->575K(270336K)
[6.279s][info ][gc,heap      ] GC(16) CMS: 119051K->119074K(600768K)
[6.279s][info ][gc,metaspace ] GC(16) Metaspace: 36600K->36600K(1081344K)
[6.280s][info ][gc           ] GC(16) Pause Young (Allocation Failure) 351M->116M(850M) 1.780ms
[6.280s][info ][gc,cpu       ] GC(16) User=0.00s Sys=0.00s Real=0.00s
[6.280s][info ][safepoint    ] Leaving safepoint region
[6.280s][info ][safepoint    ] Total time for which application threads were stopped: 0.0020975 seconds, Stopping threads took: 0.0001497 seconds
[6.319s][info ][safepoint    ] Application time: 0.0395763 seconds
[6.319s][info ][safepoint    ] Entering safepoint region: GenCollectForAllocation
[6.319s][info ][gc,start     ] GC(17) Pause Young (Allocation Failure)
[6.319s][info ][gc,task      ] GC(17) Using 4 workers of 4 for evacuation
[6.321s][debug][gc,ref       ] GC(17) Skipped phase1 of Reference Processing due to unavailable references
[6.321s][debug][gc,ref       ] GC(17) Skipped phase2 of Reference Processing due to unavailable references
[6.321s][debug][gc,ref       ] GC(17) Skipped phase3 of Reference Processing due to unavailable references
[6.321s][debug][gc,ref       ] GC(17) Skipped phase4 of Reference Processing due to unavailable references
[6.321s][debug][gc,age       ] GC(17) Desired survivor size 15368192 bytes, new threshold 6 (max threshold 6)
[6.321s][info ][gc,heap      ] GC(17) ParNew: 240895K->544K(270336K)
[6.321s][info ][gc,heap      ] GC(17) CMS: 119074K->119149K(600768K)
[6.321s][info ][gc,metaspace ] GC(17) Metaspace: 36600K->36600K(1081344K)
[6.321s][info ][gc           ] GC(17) Pause Young (Allocation Failure) 351M->116M(850M) 1.876ms
[6.321s][info ][gc,cpu       ] GC(17) User=0.00s Sys=0.00s Real=0.00s
[6.321s][info ][safepoint    ] Leaving safepoint region
[6.321s][info ][safepoint    ] Total time for which application threads were stopped: 0.0021568 seconds, Stopping threads took: 0.0001411 seconds
[6.370s][info ][safepoint    ] Application time: 0.0483999 seconds
[6.370s][info ][safepoint    ] Entering safepoint region: GenCollectForAllocation
[6.370s][info ][gc,start     ] GC(18) Pause Young (Allocation Failure)
[6.370s][info ][gc,task      ] GC(18) Using 4 workers of 4 for evacuation
[6.372s][debug][gc,ref       ] GC(18) Skipped phase1 of Reference Processing due to unavailable references
[6.372s][debug][gc,ref       ] GC(18) Skipped phase2 of Reference Processing due to unavailable references
[6.372s][debug][gc,ref       ] GC(18) Skipped phase3 of Reference Processing due to unavailable references
[6.372s][debug][gc,ref       ] GC(18) Skipped phase4 of Reference Processing due to unavailable references
[6.372s][debug][gc,age       ] GC(18) Desired survivor size 15368192 bytes, new threshold 6 (max threshold 6)
[6.372s][info ][gc,heap      ] GC(18) ParNew: 240864K->509K(270336K)
[6.372s][info ][gc,heap      ] GC(18) CMS: 119149K->119168K(600768K)
[6.372s][info ][gc,metaspace ] GC(18) Metaspace: 36601K->36601K(1081344K)
[6.372s][info ][gc           ] GC(18) Pause Young (Allocation Failure) 351M->116M(850M) 1.896ms
[6.372s][info ][gc,cpu       ] GC(18) User=0.01s Sys=0.00s Real=0.00s
[6.372s][info ][safepoint    ] Leaving safepoint region
[6.372s][info ][safepoint    ] Total time for which application threads were stopped: 0.0021604 seconds, Stopping threads took: 0.0001170 seconds
[6.426s][info ][safepoint    ] Application time: 0.0542114 seconds
[6.426s][info ][safepoint    ] Entering safepoint region: GenCollectForAllocation
[6.426s][info ][gc,start     ] GC(19) Pause Young (Allocation Failure)
[6.426s][info ][gc,task      ] GC(19) Using 4 workers of 4 for evacuation
[6.428s][debug][gc,ref       ] GC(19) Skipped phase1 of Reference Processing due to unavailable references
[6.428s][debug][gc,ref       ] GC(19) Skipped phase2 of Reference Processing due to unavailable references
[6.428s][debug][gc,ref       ] GC(19) Skipped phase3 of Reference Processing due to unavailable references
[6.428s][debug][gc,ref       ] GC(19) Skipped phase4 of Reference Processing due to unavailable references
[6.428s][debug][gc,age       ] GC(19) Desired survivor size 15368192 bytes, new threshold 6 (max threshold 6)
[6.428s][info ][gc,heap      ] GC(19) ParNew: 240829K->532K(270336K)
[6.428s][info ][gc,heap      ] GC(19) CMS: 119168K->119236K(600768K)
[6.428s][info ][gc,metaspace ] GC(19) Metaspace: 36601K->36601K(1081344K)
[6.428s][info ][gc           ] GC(19) Pause Young (Allocation Failure) 351M->116M(850M) 1.791ms
[6.428s][info ][gc,cpu       ] GC(19) User=0.01s Sys=0.00s Real=0.00s
[6.428s][info ][safepoint    ] Leaving safepoint region
[6.428s][info ][safepoint    ] Total time for which application threads were stopped: 0.0020344 seconds, Stopping threads took: 0.0001008 seconds
[6.468s][info ][safepoint    ] Application time: 0.0394716 seconds
[6.468s][info ][safepoint    ] Entering safepoint region: GenCollectForAllocation
[6.468s][info ][gc,start     ] GC(20) Pause Young (Allocation Failure)
[6.468s][info ][gc,task      ] GC(20) Using 4 workers of 4 for evacuation
[6.469s][debug][gc,ref       ] GC(20) Skipped phase1 of Reference Processing due to unavailable references
[6.469s][debug][gc,ref       ] GC(20) Skipped phase2 of Reference Processing due to unavailable references
[6.469s][debug][gc,ref       ] GC(20) Skipped phase3 of Reference Processing due to unavailable references
[6.469s][debug][gc,ref       ] GC(20) Skipped phase4 of Reference Processing due to unavailable references
[6.470s][debug][gc,age       ] GC(20) Desired survivor size 15368192 bytes, new threshold 6 (max threshold 6)
[6.470s][info ][gc,heap      ] GC(20) ParNew: 240852K->603K(270336K)
[6.470s][info ][gc,heap      ] GC(20) CMS: 119236K->119257K(600768K)
[6.470s][info ][gc,metaspace ] GC(20) Metaspace: 36601K->36601K(1081344K)
[6.470s][info ][gc           ] GC(20) Pause Young (Allocation Failure) 351M->117M(850M) 1.731ms
[6.470s][info ][gc,cpu       ] GC(20) User=0.00s Sys=0.00s Real=0.00s
[6.470s][info ][safepoint    ] Leaving safepoint region
[6.470s][info ][safepoint    ] Total time for which application threads were stopped: 0.0019516 seconds, Stopping threads took: 0.0000665 seconds
[6.525s][info ][safepoint    ] Application time: 0.0553947 seconds
[6.525s][info ][safepoint    ] Entering safepoint region: GenCollectForAllocation
[6.525s][info ][gc,start     ] GC(21) Pause Young (Allocation Failure)
[6.525s][info ][gc,task      ] GC(21) Using 4 workers of 4 for evacuation
[6.527s][debug][gc,ref       ] GC(21) Skipped phase1 of Reference Processing due to unavailable references
[6.527s][debug][gc,ref       ] GC(21) Skipped phase2 of Reference Processing due to unavailable references
[6.527s][debug][gc,ref       ] GC(21) Skipped phase3 of Reference Processing due to unavailable references
[6.527s][debug][gc,ref       ] GC(21) Skipped phase4 of Reference Processing due to unavailable references
[6.527s][debug][gc,age       ] GC(21) Desired survivor size 15368192 bytes, new threshold 6 (max threshold 6)
[6.527s][info ][gc,heap      ] GC(21) ParNew: 240923K->439K(270336K)
[6.527s][info ][gc,heap      ] GC(21) CMS: 119257K->119305K(600768K)
[6.527s][info ][gc,metaspace ] GC(21) Metaspace: 36601K->36601K(1081344K)
[6.527s][info ][gc           ] GC(21) Pause Young (Allocation Failure) 351M->116M(850M) 1.865ms
[6.527s][info ][gc,cpu       ] GC(21) User=0.01s Sys=0.00s Real=0.00s
[6.527s][info ][safepoint    ] Leaving safepoint region
[6.527s][info ][safepoint    ] Total time for which application threads were stopped: 0.0021465 seconds, Stopping threads took: 0.0001301 seconds
[6.572s][info ][safepoint    ] Application time: 0.0444942 seconds
[6.572s][info ][safepoint    ] Entering safepoint region: GenCollectForAllocation
[6.572s][info ][gc,start     ] GC(22) Pause Young (Allocation Failure)
[6.572s][info ][gc,task      ] GC(22) Using 4 workers of 4 for evacuation
[6.574s][debug][gc,ref       ] GC(22) Skipped phase1 of Reference Processing due to unavailable references
[6.574s][debug][gc,ref       ] GC(22) Skipped phase2 of Reference Processing due to unavailable references
[6.574s][debug][gc,ref       ] GC(22) Skipped phase3 of Reference Processing due to unavailable references
[6.574s][debug][gc,ref       ] GC(22) Skipped phase4 of Reference Processing due to unavailable references
[6.574s][debug][gc,age       ] GC(22) Desired survivor size 15368192 bytes, new threshold 6 (max threshold 6)
[6.574s][info ][gc,heap      ] GC(22) ParNew: 240759K->566K(270336K)
[6.574s][info ][gc,heap      ] GC(22) CMS: 119305K->119358K(600768K)
[6.574s][info ][gc,metaspace ] GC(22) Metaspace: 36601K->36601K(1081344K)
[6.574s][info ][gc           ] GC(22) Pause Young (Allocation Failure) 351M->117M(850M) 2.002ms
[6.574s][info ][gc,cpu       ] GC(22) User=0.01s Sys=0.00s Real=0.01s
[6.574s][info ][safepoint    ] Leaving safepoint region
[6.574s][info ][safepoint    ] Total time for which application threads were stopped: 0.0022692 seconds, Stopping threads took: 0.0001156 seconds
[6.614s][info ][safepoint    ] Application time: 0.0403354 seconds
[6.614s][info ][safepoint    ] Entering safepoint region: GenCollectForAllocation
[6.615s][info ][gc,start     ] GC(23) Pause Young (Allocation Failure)
[6.615s][info ][gc,task      ] GC(23) Using 4 workers of 4 for evacuation
[6.616s][debug][gc,ref       ] GC(23) Skipped phase1 of Reference Processing due to unavailable references
[6.616s][debug][gc,ref       ] GC(23) Skipped phase2 of Reference Processing due to unavailable references
[6.616s][debug][gc,ref       ] GC(23) Skipped phase3 of Reference Processing due to unavailable references
[6.616s][debug][gc,ref       ] GC(23) Skipped phase4 of Reference Processing due to unavailable references
[6.616s][debug][gc,age       ] GC(23) Desired survivor size 15368192 bytes, new threshold 6 (max threshold 6)
[6.616s][info ][gc,heap      ] GC(23) ParNew: 240886K->522K(270336K)
[6.616s][info ][gc,heap      ] GC(23) CMS: 119358K->119388K(600768K)
[6.616s][info ][gc,metaspace ] GC(23) Metaspace: 36601K->36601K(1081344K)
[6.616s][info ][gc           ] GC(23) Pause Young (Allocation Failure) 351M->117M(850M) 1.856ms
[6.616s][info ][gc,cpu       ] GC(23) User=0.01s Sys=0.00s Real=0.00s
[6.616s][info ][safepoint    ] Leaving safepoint region
[6.617s][info ][safepoint    ] Total time for which application threads were stopped: 0.0021542 seconds, Stopping threads took: 0.0001284 seconds
[6.669s][info ][safepoint    ] Application time: 0.0528765 seconds
[6.670s][info ][safepoint    ] Entering safepoint region: GenCollectForAllocation
[6.670s][info ][gc,start     ] GC(24) Pause Young (Allocation Failure)
[6.670s][info ][gc,task      ] GC(24) Using 4 workers of 4 for evacuation
[6.671s][debug][gc,ref       ] GC(24) Skipped phase1 of Reference Processing due to unavailable references
[6.671s][debug][gc,ref       ] GC(24) Skipped phase2 of Reference Processing due to unavailable references
[6.671s][debug][gc,ref       ] GC(24) Skipped phase3 of Reference Processing due to unavailable references
[6.671s][debug][gc,ref       ] GC(24) Skipped phase4 of Reference Processing due to unavailable references
[6.672s][debug][gc,age       ] GC(24) Desired survivor size 15368192 bytes, new threshold 6 (max threshold 6)
[6.672s][info ][gc,heap      ] GC(24) ParNew: 240842K->549K(270336K)
[6.672s][info ][gc,heap      ] GC(24) CMS: 119388K->119435K(600768K)
[6.672s][info ][gc,metaspace ] GC(24) Metaspace: 36601K->36601K(1081344K)
[6.672s][info ][gc           ] GC(24) Pause Young (Allocation Failure) 351M->117M(850M) 1.925ms
[6.672s][info ][gc,cpu       ] GC(24) User=0.00s Sys=0.00s Real=0.00s
[6.672s][info ][safepoint    ] Leaving safepoint region
[6.672s][info ][safepoint    ] Total time for which application threads were stopped: 0.0022030 seconds, Stopping threads took: 0.0001336 seconds
[6.710s][info ][safepoint    ] Application time: 0.0378938 seconds
[6.710s][info ][safepoint    ] Entering safepoint region: GenCollectForAllocation
[6.710s][info ][gc,start     ] GC(25) Pause Young (Allocation Failure)
[6.710s][info ][gc,task      ] GC(25) Using 4 workers of 4 for evacuation
[6.713s][debug][gc,ref       ] GC(25) Skipped phase1 of Reference Processing due to unavailable references
[6.713s][debug][gc,ref       ] GC(25) Skipped phase2 of Reference Processing due to unavailable references
[6.713s][debug][gc,ref       ] GC(25) Skipped phase3 of Reference Processing due to unavailable references
[6.713s][debug][gc,ref       ] GC(25) Skipped phase4 of Reference Processing due to unavailable references
[6.713s][debug][gc,age       ] GC(25) Desired survivor size 15368192 bytes, new threshold 6 (max threshold 6)
[6.713s][info ][gc,heap      ] GC(25) ParNew: 240869K->567K(270336K)
[6.713s][info ][gc,heap      ] GC(25) CMS: 119435K->119485K(600768K)
[6.713s][info ][gc,metaspace ] GC(25) Metaspace: 36601K->36601K(1081344K)
[6.713s][info ][gc           ] GC(25) Pause Young (Allocation Failure) 351M->117M(850M) 3.621ms
[6.713s][info ][gc,cpu       ] GC(25) User=0.02s Sys=0.00s Real=0.01s
[6.713s][info ][safepoint    ] Leaving safepoint region
[6.713s][info ][safepoint    ] Total time for which application threads were stopped: 0.0038613 seconds, Stopping threads took: 0.0000952 seconds
[6.773s][info ][safepoint    ] Application time: 0.0597182 seconds
[6.776s][info ][safepoint    ] Entering safepoint region: GenCollectForAllocation
[6.776s][info ][gc,start     ] GC(26) Pause Young (Allocation Failure)
[6.776s][info ][gc,task      ] GC(26) Using 4 workers of 4 for evacuation
[6.778s][debug][gc,ref       ] GC(26) Skipped phase1 of Reference Processing due to unavailable references
[6.778s][debug][gc,ref       ] GC(26) Skipped phase2 of Reference Processing due to unavailable references
[6.778s][debug][gc,ref       ] GC(26) Skipped phase3 of Reference Processing due to unavailable references
[6.778s][debug][gc,ref       ] GC(26) Skipped phase4 of Reference Processing due to unavailable references
[6.778s][debug][gc,age       ] GC(26) Desired survivor size 15368192 bytes, new threshold 6 (max threshold 6)
[6.778s][info ][gc,heap      ] GC(26) ParNew: 240887K->634K(270336K)
[6.778s][info ][gc,heap      ] GC(26) CMS: 119485K->119511K(600768K)
[6.778s][info ][gc,metaspace ] GC(26) Metaspace: 36601K->36601K(1081344K)
[6.778s][info ][gc           ] GC(26) Pause Young (Allocation Failure) 351M->117M(850M) 1.862ms
[6.778s][info ][gc,cpu       ] GC(26) User=0.01s Sys=0.00s Real=0.00s
[6.778s][info ][safepoint    ] Leaving safepoint region
[6.778s][info ][safepoint    ] Total time for which application threads were stopped: 0.0049917 seconds, Stopping threads took: 0.0029685 seconds
[6.818s][info ][safepoint    ] Application time: 0.0395644 seconds
[6.818s][info ][safepoint    ] Entering safepoint region: GenCollectForAllocation
[6.818s][info ][gc,start     ] GC(27) Pause Young (Allocation Failure)
[6.818s][info ][gc,task      ] GC(27) Using 4 workers of 4 for evacuation
[6.820s][debug][gc,ref       ] GC(27) Skipped phase1 of Reference Processing due to unavailable references
[6.820s][debug][gc,ref       ] GC(27) Skipped phase2 of Reference Processing due to unavailable references
[6.820s][debug][gc,ref       ] GC(27) Skipped phase3 of Reference Processing due to unavailable references
[6.820s][debug][gc,ref       ] GC(27) Skipped phase4 of Reference Processing due to unavailable references
[6.820s][debug][gc,age       ] GC(27) Desired survivor size 15368192 bytes, new threshold 6 (max threshold 6)
[6.820s][info ][gc,heap      ] GC(27) ParNew: 240954K->680K(270336K)
[6.820s][info ][gc,heap      ] GC(27) CMS: 119511K->119588K(600768K)
[6.820s][info ][gc,metaspace ] GC(27) Metaspace: 36601K->36601K(1081344K)
[6.820s][info ][gc           ] GC(27) Pause Young (Allocation Failure) 352M->117M(850M) 1.969ms
[6.820s][info ][gc,cpu       ] GC(27) User=0.01s Sys=0.00s Real=0.00s
[6.820s][info ][safepoint    ] Leaving safepoint region
[6.820s][info ][safepoint    ] Total time for which application threads were stopped: 0.0023577 seconds, Stopping threads took: 0.0002311 seconds
[6.864s][info ][safepoint    ] Application time: 0.0440963 seconds
[6.864s][info ][safepoint    ] Entering safepoint region: GenCollectForAllocation
[6.865s][info ][gc,start     ] GC(28) Pause Young (Allocation Failure)
[6.865s][info ][gc,task      ] GC(28) Using 4 workers of 4 for evacuation
[6.866s][debug][gc,ref       ] GC(28) Skipped phase1 of Reference Processing due to unavailable references
[6.866s][debug][gc,ref       ] GC(28) Skipped phase2 of Reference Processing due to unavailable references
[6.866s][debug][gc,ref       ] GC(28) Skipped phase3 of Reference Processing due to unavailable references
[6.866s][debug][gc,ref       ] GC(28) Skipped phase4 of Reference Processing due to unavailable references
[6.866s][debug][gc,age       ] GC(28) Desired survivor size 15368192 bytes, new threshold 6 (max threshold 6)
[6.866s][info ][gc,heap      ] GC(28) ParNew: 241000K->463K(270336K)
[6.866s][info ][gc,heap      ] GC(28) CMS: 119588K->119623K(600768K)
[6.866s][info ][gc,metaspace ] GC(28) Metaspace: 36601K->36601K(1081344K)
[6.866s][info ][gc           ] GC(28) Pause Young (Allocation Failure) 352M->117M(850M) 1.881ms
[6.866s][info ][gc,cpu       ] GC(28) User=0.01s Sys=0.00s Real=0.00s
[6.866s][info ][safepoint    ] Leaving safepoint region
[6.866s][info ][safepoint    ] Total time for which application threads were stopped: 0.0021779 seconds, Stopping threads took: 0.0001519 seconds
[6.920s][info ][safepoint    ] Application time: 0.0536694 seconds
[6.920s][info ][safepoint    ] Entering safepoint region: GenCollectForAllocation
[6.920s][info ][gc,start     ] GC(29) Pause Young (Allocation Failure)
[6.921s][info ][gc,task      ] GC(29) Using 4 workers of 4 for evacuation
[6.922s][debug][gc,ref       ] GC(29) Skipped phase1 of Reference Processing due to unavailable references
[6.922s][debug][gc,ref       ] GC(29) Skipped phase2 of Reference Processing due to unavailable references
[6.922s][debug][gc,ref       ] GC(29) Skipped phase3 of Reference Processing due to unavailable references
[6.922s][debug][gc,ref       ] GC(29) Skipped phase4 of Reference Processing due to unavailable references
[6.922s][debug][gc,age       ] GC(29) Desired survivor size 15368192 bytes, new threshold 6 (max threshold 6)
[6.923s][info ][gc,heap      ] GC(29) ParNew: 240783K->594K(270336K)
[6.923s][info ][gc,heap      ] GC(29) CMS: 119623K->119668K(600768K)
[6.923s][info ][gc,metaspace ] GC(29) Metaspace: 36602K->36602K(1081344K)
[6.923s][info ][gc           ] GC(29) Pause Young (Allocation Failure) 351M->117M(850M) 2.119ms
[6.923s][info ][gc,cpu       ] GC(29) User=0.01s Sys=0.00s Real=0.00s
[6.923s][info ][safepoint    ] Leaving safepoint region
[6.923s][info ][safepoint    ] Total time for which application threads were stopped: 0.0024751 seconds, Stopping threads took: 0.0001698 seconds
[6.958s][info ][safepoint    ] Application time: 0.0351391 seconds
[6.958s][info ][safepoint    ] Entering safepoint region: GenCollectForAllocation
[6.958s][info ][gc,start     ] GC(30) Pause Young (Allocation Failure)
[6.958s][info ][gc,task      ] GC(30) Using 4 workers of 4 for evacuation
[6.960s][debug][gc,ref       ] GC(30) Skipped phase1 of Reference Processing due to unavailable references
[6.960s][debug][gc,ref       ] GC(30) Skipped phase2 of Reference Processing due to unavailable references
[6.960s][debug][gc,ref       ] GC(30) Skipped phase3 of Reference Processing due to unavailable references
[6.960s][debug][gc,ref       ] GC(30) Skipped phase4 of Reference Processing due to unavailable references
[6.960s][debug][gc,age       ] GC(30) Desired survivor size 15368192 bytes, new threshold 6 (max threshold 6)
[6.960s][info ][gc,heap      ] GC(30) ParNew: 240914K->485K(270336K)
[6.960s][info ][gc,heap      ] GC(30) CMS: 119668K->119720K(600768K)
[6.960s][info ][gc,metaspace ] GC(30) Metaspace: 36602K->36602K(1081344K)
[6.960s][info ][gc           ] GC(30) Pause Young (Allocation Failure) 352M->117M(850M) 1.830ms
[6.960s][info ][gc,cpu       ] GC(30) User=0.00s Sys=0.00s Real=0.00s
[6.960s][info ][safepoint    ] Leaving safepoint region
[6.960s][info ][safepoint    ] Total time for which application threads were stopped: 0.0020924 seconds, Stopping threads took: 0.0001258 seconds
[7.020s][info ][safepoint    ] Application time: 0.0599212 seconds
[7.020s][info ][safepoint    ] Entering safepoint region: GenCollectForAllocation
[7.020s][info ][gc,start     ] GC(31) Pause Young (Allocation Failure)
[7.020s][info ][gc,task      ] GC(31) Using 4 workers of 4 for evacuation
[7.022s][debug][gc,ref       ] GC(31) Skipped phase1 of Reference Processing due to unavailable references
[7.022s][debug][gc,ref       ] GC(31) Skipped phase2 of Reference Processing due to unavailable references
[7.022s][debug][gc,ref       ] GC(31) Skipped phase3 of Reference Processing due to unavailable references
[7.022s][debug][gc,ref       ] GC(31) Skipped phase4 of Reference Processing due to unavailable references
[7.022s][debug][gc,age       ] GC(31) Desired survivor size 15368192 bytes, new threshold 6 (max threshold 6)
[7.022s][info ][gc,heap      ] GC(31) ParNew: 240805K->651K(270336K)
[7.022s][info ][gc,heap      ] GC(31) CMS: 119720K->119750K(600768K)
[7.022s][info ][gc,metaspace ] GC(31) Metaspace: 36602K->36602K(1081344K)
[7.022s][info ][gc           ] GC(31) Pause Young (Allocation Failure) 352M->117M(850M) 1.911ms
[7.022s][info ][gc,cpu       ] GC(31) User=0.01s Sys=0.00s Real=0.00s
[7.022s][info ][safepoint    ] Leaving safepoint region
[7.022s][info ][safepoint    ] Total time for which application threads were stopped: 0.0022231 seconds, Stopping threads took: 0.0001219 seconds
[7.061s][info ][safepoint    ] Application time: 0.0385200 seconds
[7.061s][info ][safepoint    ] Entering safepoint region: GenCollectForAllocation
[7.061s][info ][gc,start     ] GC(32) Pause Young (Allocation Failure)
[7.061s][info ][gc,task      ] GC(32) Using 4 workers of 4 for evacuation
[7.063s][debug][gc,ref       ] GC(32) Skipped phase1 of Reference Processing due to unavailable references
[7.063s][debug][gc,ref       ] GC(32) Skipped phase2 of Reference Processing due to unavailable references
[7.063s][debug][gc,ref       ] GC(32) Skipped phase3 of Reference Processing due to unavailable references
[7.063s][debug][gc,ref       ] GC(32) Skipped phase4 of Reference Processing due to unavailable references
[7.063s][debug][gc,age       ] GC(32) Desired survivor size 15368192 bytes, new threshold 6 (max threshold 6)
[7.063s][info ][gc,heap      ] GC(32) ParNew: 240971K->416K(270336K)
[7.063s][info ][gc,heap      ] GC(32) CMS: 119750K->119830K(600768K)
[7.063s][info ][gc,metaspace ] GC(32) Metaspace: 36602K->36602K(1081344K)
[7.063s][info ][gc           ] GC(32) Pause Young (Allocation Failure) 352M->117M(850M) 1.883ms
[7.063s][info ][gc,cpu       ] GC(32) User=0.00s Sys=0.00s Real=0.00s
[7.063s][info ][safepoint    ] Leaving safepoint region
[7.063s][info ][safepoint    ] Total time for which application threads were stopped: 0.0021189 seconds, Stopping threads took: 0.0000921 seconds
[7.113s][info ][safepoint    ] Application time: 0.0498107 seconds
[7.113s][info ][safepoint    ] Entering safepoint region: GenCollectForAllocation
[7.113s][info ][gc,start     ] GC(33) Pause Young (Allocation Failure)
[7.113s][info ][gc,task      ] GC(33) Using 4 workers of 4 for evacuation
[7.114s][debug][gc,ref       ] GC(33) Skipped phase1 of Reference Processing due to unavailable references
[7.114s][debug][gc,ref       ] GC(33) Skipped phase2 of Reference Processing due to unavailable references
[7.114s][debug][gc,ref       ] GC(33) Skipped phase3 of Reference Processing due to unavailable references
[7.114s][debug][gc,ref       ] GC(33) Skipped phase4 of Reference Processing due to unavailable references
[7.115s][debug][gc,age       ] GC(33) Desired survivor size 15368192 bytes, new threshold 6 (max threshold 6)
[7.115s][info ][gc,heap      ] GC(33) ParNew: 240736K->486K(270336K)
[7.115s][info ][gc,heap      ] GC(33) CMS: 119830K->119854K(600768K)
[7.115s][info ][gc,metaspace ] GC(33) Metaspace: 36602K->36602K(1081344K)
[7.115s][info ][gc           ] GC(33) Pause Young (Allocation Failure) 352M->117M(850M) 1.645ms
[7.115s][info ][gc,cpu       ] GC(33) User=0.01s Sys=0.00s Real=0.00s
[7.115s][info ][safepoint    ] Leaving safepoint region
[7.115s][info ][safepoint    ] Total time for which application threads were stopped: 0.0019776 seconds, Stopping threads took: 0.0001826 seconds
[7.159s][info ][safepoint    ] Application time: 0.0440073 seconds
[7.159s][info ][safepoint    ] Entering safepoint region: GenCollectForAllocation
[7.159s][info ][gc,start     ] GC(34) Pause Young (Allocation Failure)
[7.159s][info ][gc,task      ] GC(34) Using 4 workers of 4 for evacuation
[7.161s][debug][gc,ref       ] GC(34) Skipped phase1 of Reference Processing due to unavailable references
[7.161s][debug][gc,ref       ] GC(34) Skipped phase2 of Reference Processing due to unavailable references
[7.161s][debug][gc,ref       ] GC(34) Skipped phase3 of Reference Processing due to unavailable references
[7.161s][debug][gc,ref       ] GC(34) Skipped phase4 of Reference Processing due to unavailable references
[7.161s][debug][gc,age       ] GC(34) Desired survivor size 15368192 bytes, new threshold 6 (max threshold 6)
[7.161s][info ][gc,heap      ] GC(34) ParNew: 240806K->630K(270336K)
[7.161s][info ][gc,heap      ] GC(34) CMS: 119854K->119913K(600768K)
[7.161s][info ][gc,metaspace ] GC(34) Metaspace: 36602K->36602K(1081344K)
[7.161s][info ][gc           ] GC(34) Pause Young (Allocation Failure) 352M->117M(850M) 2.084ms
[7.161s][info ][gc,cpu       ] GC(34) User=0.01s Sys=0.00s Real=0.00s
[7.161s][info ][safepoint    ] Leaving safepoint region
[7.161s][info ][safepoint    ] Total time for which application threads were stopped: 0.0023542 seconds, Stopping threads took: 0.0000972 seconds
[7.207s][info ][safepoint    ] Application time: 0.0462943 seconds
[7.207s][info ][safepoint    ] Entering safepoint region: GenCollectForAllocation
[7.207s][info ][gc,start     ] GC(35) Pause Young (Allocation Failure)
[7.208s][info ][gc,task      ] GC(35) Using 4 workers of 4 for evacuation
[7.209s][debug][gc,ref       ] GC(35) Skipped phase1 of Reference Processing due to unavailable references
[7.209s][debug][gc,ref       ] GC(35) Skipped phase2 of Reference Processing due to unavailable references
[7.209s][debug][gc,ref       ] GC(35) Skipped phase3 of Reference Processing due to unavailable references
[7.209s][debug][gc,ref       ] GC(35) Skipped phase4 of Reference Processing due to unavailable references
[7.209s][debug][gc,age       ] GC(35) Desired survivor size 15368192 bytes, new threshold 6 (max threshold 6)
[7.209s][info ][gc,heap      ] GC(35) ParNew: 240950K->658K(270336K)
[7.209s][info ][gc,heap      ] GC(35) CMS: 119913K->119967K(600768K)
[7.209s][info ][gc,metaspace ] GC(35) Metaspace: 36604K->36604K(1081344K)
[7.209s][info ][gc           ] GC(35) Pause Young (Allocation Failure) 352M->117M(850M) 1.868ms
[7.209s][info ][gc,cpu       ] GC(35) User=0.00s Sys=0.00s Real=0.00s
[7.209s][info ][safepoint    ] Leaving safepoint region
[7.209s][info ][safepoint    ] Total time for which application threads were stopped: 0.0020977 seconds, Stopping threads took: 0.0000838 seconds
[7.257s][info ][safepoint    ] Application time: 0.0476245 seconds
[7.257s][info ][safepoint    ] Entering safepoint region: GenCollectForAllocation
[7.257s][info ][gc,start     ] GC(36) Pause Young (Allocation Failure)
[7.257s][info ][gc,task      ] GC(36) Using 4 workers of 4 for evacuation
[7.259s][debug][gc,ref       ] GC(36) Skipped phase1 of Reference Processing due to unavailable references
[7.259s][debug][gc,ref       ] GC(36) Skipped phase2 of Reference Processing due to unavailable references
[7.259s][debug][gc,ref       ] GC(36) Skipped phase3 of Reference Processing due to unavailable references
[7.259s][debug][gc,ref       ] GC(36) Skipped phase4 of Reference Processing due to unavailable references
[7.259s][debug][gc,age       ] GC(36) Desired survivor size 15368192 bytes, new threshold 6 (max threshold 6)
[7.259s][info ][gc,heap      ] GC(36) ParNew: 240978K->515K(270336K)
[7.259s][info ][gc,heap      ] GC(36) CMS: 119967K->119995K(600768K)
[7.259s][info ][gc,metaspace ] GC(36) Metaspace: 36606K->36606K(1081344K)
[7.259s][info ][gc           ] GC(36) Pause Young (Allocation Failure) 352M->117M(850M) 1.729ms
[7.259s][info ][gc,cpu       ] GC(36) User=0.01s Sys=0.00s Real=0.00s
[7.259s][info ][safepoint    ] Leaving safepoint region
[7.259s][info ][safepoint    ] Total time for which application threads were stopped: 0.0021353 seconds, Stopping threads took: 0.0002663 seconds
[7.296s][info ][safepoint    ] Application time: 0.0369761 seconds
[7.296s][info ][safepoint    ] Entering safepoint region: GenCollectForAllocation
[7.296s][info ][gc,start     ] GC(37) Pause Young (Allocation Failure)
[7.296s][info ][gc,task      ] GC(37) Using 4 workers of 4 for evacuation
[7.298s][debug][gc,ref       ] GC(37) Skipped phase1 of Reference Processing due to unavailable references
[7.298s][debug][gc,ref       ] GC(37) Skipped phase2 of Reference Processing due to unavailable references
[7.298s][debug][gc,ref       ] GC(37) Skipped phase3 of Reference Processing due to unavailable references
[7.298s][debug][gc,ref       ] GC(37) Skipped phase4 of Reference Processing due to unavailable references
[7.298s][debug][gc,age       ] GC(37) Desired survivor size 15368192 bytes, new threshold 6 (max threshold 6)
[7.298s][info ][gc,heap      ] GC(37) ParNew: 240835K->596K(270336K)
[7.298s][info ][gc,heap      ] GC(37) CMS: 119995K->120067K(600768K)
[7.298s][info ][gc,metaspace ] GC(37) Metaspace: 36606K->36606K(1081344K)
[7.298s][info ][gc           ] GC(37) Pause Young (Allocation Failure) 352M->117M(850M) 1.889ms
[7.298s][info ][gc,cpu       ] GC(37) User=0.00s Sys=0.00s Real=0.00s
[7.298s][info ][safepoint    ] Leaving safepoint region
[7.298s][info ][safepoint    ] Total time for which application threads were stopped: 0.0021935 seconds, Stopping threads took: 0.0001334 seconds
[7.355s][info ][safepoint    ] Application time: 0.0564458 seconds
[7.355s][info ][safepoint    ] Entering safepoint region: GenCollectForAllocation
[7.355s][info ][gc,start     ] GC(38) Pause Young (Allocation Failure)
[7.355s][info ][gc,task      ] GC(38) Using 4 workers of 4 for evacuation
[7.357s][debug][gc,ref       ] GC(38) Skipped phase1 of Reference Processing due to unavailable references
[7.357s][debug][gc,ref       ] GC(38) Skipped phase2 of Reference Processing due to unavailable references
[7.357s][debug][gc,ref       ] GC(38) Skipped phase3 of Reference Processing due to unavailable references
[7.357s][debug][gc,ref       ] GC(38) Skipped phase4 of Reference Processing due to unavailable references
[7.357s][debug][gc,age       ] GC(38) Desired survivor size 15368192 bytes, new threshold 6 (max threshold 6)
[7.357s][info ][gc,heap      ] GC(38) ParNew: 240916K->623K(270336K)
[7.357s][info ][gc,heap      ] GC(38) CMS: 120067K->120094K(600768K)
[7.357s][info ][gc,metaspace ] GC(38) Metaspace: 36606K->36606K(1081344K)
[7.357s][info ][gc           ] GC(38) Pause Young (Allocation Failure) 352M->117M(850M) 1.810ms
[7.357s][info ][gc,cpu       ] GC(38) User=0.01s Sys=0.00s Real=0.00s
[7.357s][info ][safepoint    ] Leaving safepoint region
[7.357s][info ][safepoint    ] Total time for which application threads were stopped: 0.0021280 seconds, Stopping threads took: 0.0001529 seconds
[7.394s][info ][safepoint    ] Application time: 0.0374643 seconds
[7.396s][info ][safepoint    ] Entering safepoint region: GenCollectForAllocation
[7.396s][info ][gc,start     ] GC(39) Pause Young (Allocation Failure)
[7.396s][info ][gc,task      ] GC(39) Using 4 workers of 4 for evacuation
[7.398s][debug][gc,ref       ] GC(39) Skipped phase1 of Reference Processing due to unavailable references
[7.398s][debug][gc,ref       ] GC(39) Skipped phase2 of Reference Processing due to unavailable references
[7.398s][debug][gc,ref       ] GC(39) Skipped phase3 of Reference Processing due to unavailable references
[7.398s][debug][gc,ref       ] GC(39) Skipped phase4 of Reference Processing due to unavailable references
[7.398s][debug][gc,age       ] GC(39) Desired survivor size 15368192 bytes, new threshold 6 (max threshold 6)
[7.398s][info ][gc,heap      ] GC(39) ParNew: 240943K->570K(270336K)
[7.398s][info ][gc,heap      ] GC(39) CMS: 120094K->120157K(600768K)
[7.398s][info ][gc,metaspace ] GC(39) Metaspace: 36607K->36607K(1081344K)
[7.398s][info ][gc           ] GC(39) Pause Young (Allocation Failure) 352M->117M(850M) 1.952ms
[7.398s][info ][gc,cpu       ] GC(39) User=0.01s Sys=0.00s Real=0.00s
[7.398s][info ][safepoint    ] Leaving safepoint region
[7.398s][info ][safepoint    ] Total time for which application threads were stopped: 0.0039006 seconds, Stopping threads took: 0.0017797 seconds
[7.453s][info ][safepoint    ] Application time: 0.0548129 seconds
[7.453s][info ][safepoint    ] Entering safepoint region: GenCollectForAllocation
[7.454s][info ][gc,start     ] GC(40) Pause Young (Allocation Failure)
[7.454s][info ][gc,task      ] GC(40) Using 4 workers of 4 for evacuation
[7.455s][debug][gc,ref       ] GC(40) Skipped phase1 of Reference Processing due to unavailable references
[7.455s][debug][gc,ref       ] GC(40) Skipped phase2 of Reference Processing due to unavailable references
[7.455s][debug][gc,ref       ] GC(40) Skipped phase3 of Reference Processing due to unavailable references
[7.455s][debug][gc,ref       ] GC(40) Skipped phase4 of Reference Processing due to unavailable references
[7.455s][debug][gc,age       ] GC(40) Desired survivor size 15368192 bytes, new threshold 6 (max threshold 6)
[7.455s][info ][gc,heap      ] GC(40) ParNew: 240890K->563K(270336K)
[7.455s][info ][gc,heap      ] GC(40) CMS: 120157K->120198K(600768K)
[7.455s][info ][gc,metaspace ] GC(40) Metaspace: 36607K->36607K(1081344K)
[7.455s][info ][gc           ] GC(40) Pause Young (Allocation Failure) 352M->117M(850M) 1.825ms
[7.455s][info ][gc,cpu       ] GC(40) User=0.01s Sys=0.00s Real=0.00s
[7.455s][info ][safepoint    ] Leaving safepoint region
[7.455s][info ][safepoint    ] Total time for which application threads were stopped: 0.0021153 seconds, Stopping threads took: 0.0001501 seconds
[7.498s][info ][safepoint    ] Application time: 0.0421868 seconds
[7.498s][info ][safepoint    ] Entering safepoint region: GenCollectForAllocation
[7.498s][info ][gc,start     ] GC(41) Pause Young (Allocation Failure)
[7.498s][info ][gc,task      ] GC(41) Using 4 workers of 4 for evacuation
[7.499s][debug][gc,ref       ] GC(41) Skipped phase1 of Reference Processing due to unavailable references
[7.499s][debug][gc,ref       ] GC(41) Skipped phase2 of Reference Processing due to unavailable references
[7.499s][debug][gc,ref       ] GC(41) Skipped phase3 of Reference Processing due to unavailable references
[7.499s][debug][gc,ref       ] GC(41) Skipped phase4 of Reference Processing due to unavailable references
[7.500s][debug][gc,age       ] GC(41) Desired survivor size 15368192 bytes, new threshold 6 (max threshold 6)
[7.500s][info ][gc,heap      ] GC(41) ParNew: 240883K->573K(270336K)
[7.500s][info ][gc,heap      ] GC(41) CMS: 120198K->120253K(600768K)
[7.500s][info ][gc,metaspace ] GC(41) Metaspace: 36607K->36607K(1081344K)
[7.500s][info ][gc           ] GC(41) Pause Young (Allocation Failure) 352M->117M(850M) 1.794ms
[7.500s][info ][gc,cpu       ] GC(41) User=0.00s Sys=0.00s Real=0.00s
[7.500s][info ][safepoint    ] Leaving safepoint region
[7.500s][info ][safepoint    ] Total time for which application threads were stopped: 0.0020301 seconds, Stopping threads took: 0.0001010 seconds
[7.552s][info ][safepoint    ] Application time: 0.0520224 seconds
[7.552s][info ][safepoint    ] Entering safepoint region: GenCollectForAllocation
[7.552s][info ][gc,start     ] GC(42) Pause Young (Allocation Failure)
[7.552s][info ][gc,task      ] GC(42) Using 4 workers of 4 for evacuation
[7.554s][debug][gc,ref       ] GC(42) Skipped phase1 of Reference Processing due to unavailable references
[7.554s][debug][gc,ref       ] GC(42) Skipped phase2 of Reference Processing due to unavailable references
[7.554s][debug][gc,ref       ] GC(42) Skipped phase3 of Reference Processing due to unavailable references
[7.554s][debug][gc,ref       ] GC(42) Skipped phase4 of Reference Processing due to unavailable references
[7.554s][debug][gc,age       ] GC(42) Desired survivor size 15368192 bytes, new threshold 6 (max threshold 6)
[7.554s][info ][gc,heap      ] GC(42) ParNew: 240893K->569K(270336K)
[7.554s][info ][gc,heap      ] GC(42) CMS: 120253K->120298K(600768K)
[7.554s][info ][gc,metaspace ] GC(42) Metaspace: 36607K->36607K(1081344K)
[7.554s][info ][gc           ] GC(42) Pause Young (Allocation Failure) 352M->118M(850M) 1.892ms
[7.554s][info ][gc,cpu       ] GC(42) User=0.01s Sys=0.00s Real=0.01s
[7.554s][info ][safepoint    ] Leaving safepoint region
[7.554s][info ][safepoint    ] Total time for which application threads were stopped: 0.0022079 seconds, Stopping threads took: 0.0001625 seconds
[7.594s][info ][safepoint    ] Application time: 0.0398977 seconds
[7.594s][info ][safepoint    ] Entering safepoint region: GenCollectForAllocation
[7.594s][info ][gc,start     ] GC(43) Pause Young (Allocation Failure)
[7.594s][info ][gc,task      ] GC(43) Using 4 workers of 4 for evacuation
[7.596s][debug][gc,ref       ] GC(43) Skipped phase1 of Reference Processing due to unavailable references
[7.596s][debug][gc,ref       ] GC(43) Skipped phase2 of Reference Processing due to unavailable references
[7.596s][debug][gc,ref       ] GC(43) Skipped phase3 of Reference Processing due to unavailable references
[7.596s][debug][gc,ref       ] GC(43) Skipped phase4 of Reference Processing due to unavailable references
[7.596s][debug][gc,age       ] GC(43) Desired survivor size 15368192 bytes, new threshold 6 (max threshold 6)
[7.596s][info ][gc,heap      ] GC(43) ParNew: 240889K->583K(270336K)
[7.596s][info ][gc,heap      ] GC(43) CMS: 120298K->120338K(600768K)
[7.596s][info ][gc,metaspace ] GC(43) Metaspace: 36607K->36607K(1081344K)
[7.596s][info ][gc           ] GC(43) Pause Young (Allocation Failure) 352M->118M(850M) 1.815ms
[7.596s][info ][gc,cpu       ] GC(43) User=0.01s Sys=0.00s Real=0.00s
[7.596s][info ][safepoint    ] Leaving safepoint region
[7.596s][info ][safepoint    ] Total time for which application threads were stopped: 0.0022692 seconds, Stopping threads took: 0.0003147 seconds
[7.653s][info ][safepoint    ] Application time: 0.0565942 seconds
[7.653s][info ][safepoint    ] Entering safepoint region: GenCollectForAllocation
[7.653s][info ][gc,start     ] GC(44) Pause Young (Allocation Failure)
[7.653s][info ][gc,task      ] GC(44) Using 4 workers of 4 for evacuation
[7.655s][debug][gc,ref       ] GC(44) Skipped phase1 of Reference Processing due to unavailable references
[7.655s][debug][gc,ref       ] GC(44) Skipped phase2 of Reference Processing due to unavailable references
[7.655s][debug][gc,ref       ] GC(44) Skipped phase3 of Reference Processing due to unavailable references
[7.655s][debug][gc,ref       ] GC(44) Skipped phase4 of Reference Processing due to unavailable references
[7.655s][debug][gc,age       ] GC(44) Desired survivor size 15368192 bytes, new threshold 6 (max threshold 6)
[7.655s][info ][gc,heap      ] GC(44) ParNew: 240903K->495K(270336K)
[7.655s][info ][gc,heap      ] GC(44) CMS: 120338K->120409K(600768K)
[7.655s][info ][gc,metaspace ] GC(44) Metaspace: 36607K->36607K(1081344K)
[7.655s][info ][gc           ] GC(44) Pause Young (Allocation Failure) 352M->118M(850M) 2.103ms
[7.655s][info ][gc,cpu       ] GC(44) User=0.01s Sys=0.00s Real=0.00s
[7.655s][info ][safepoint    ] Leaving safepoint region
[7.655s][info ][safepoint    ] Total time for which application threads were stopped: 0.0025295 seconds, Stopping threads took: 0.0002839 seconds
[7.696s][info ][safepoint    ] Application time: 0.0404969 seconds
[7.705s][info ][safepoint    ] Entering safepoint region: GenCollectForAllocation
[7.705s][info ][gc,start     ] GC(45) Pause Young (Allocation Failure)
[7.705s][info ][gc,task      ] GC(45) Using 4 workers of 4 for evacuation
[7.707s][debug][gc,ref       ] GC(45) Skipped phase1 of Reference Processing due to unavailable references
[7.707s][debug][gc,ref       ] GC(45) Skipped phase2 of Reference Processing due to unavailable references
[7.707s][debug][gc,ref       ] GC(45) Skipped phase3 of Reference Processing due to unavailable references
[7.707s][debug][gc,ref       ] GC(45) Skipped phase4 of Reference Processing due to unavailable references
[7.707s][debug][gc,age       ] GC(45) Desired survivor size 15368192 bytes, new threshold 6 (max threshold 6)
[7.707s][info ][gc,heap      ] GC(45) ParNew: 240815K->683K(270336K)
[7.707s][info ][gc,heap      ] GC(45) CMS: 120409K->120436K(600768K)
[7.707s][info ][gc,metaspace ] GC(45) Metaspace: 36607K->36607K(1081344K)
[7.707s][info ][gc           ] GC(45) Pause Young (Allocation Failure) 352M->118M(850M) 1.991ms
[7.707s][info ][gc,cpu       ] GC(45) User=0.00s Sys=0.00s Real=0.00s
[7.707s][info ][safepoint    ] Leaving safepoint region
[7.707s][info ][safepoint    ] Total time for which application threads were stopped: 0.0112432 seconds, Stopping threads took: 0.0090938 seconds
[7.762s][info ][safepoint    ] Application time: 0.0553523 seconds
[7.763s][info ][safepoint    ] Entering safepoint region: GenCollectForAllocation
[7.763s][info ][gc,start     ] GC(46) Pause Young (Allocation Failure)
[7.763s][info ][gc,task      ] GC(46) Using 4 workers of 4 for evacuation
[7.765s][debug][gc,ref       ] GC(46) Skipped phase1 of Reference Processing due to unavailable references
[7.765s][debug][gc,ref       ] GC(46) Skipped phase2 of Reference Processing due to unavailable references
[7.765s][debug][gc,ref       ] GC(46) Skipped phase3 of Reference Processing due to unavailable references
[7.765s][debug][gc,ref       ] GC(46) Skipped phase4 of Reference Processing due to unavailable references
[7.765s][debug][gc,age       ] GC(46) Desired survivor size 15368192 bytes, new threshold 6 (max threshold 6)
[7.765s][info ][gc,heap      ] GC(46) ParNew: 241003K->498K(270336K)
[7.765s][info ][gc,heap      ] GC(46) CMS: 120436K->120508K(600768K)
[7.765s][info ][gc,metaspace ] GC(46) Metaspace: 36607K->36607K(1081344K)
[7.765s][info ][gc           ] GC(46) Pause Young (Allocation Failure) 352M->118M(850M) 2.111ms
[7.765s][info ][gc,cpu       ] GC(46) User=0.01s Sys=0.00s Real=0.01s
[7.765s][info ][safepoint    ] Leaving safepoint region
[7.765s][info ][safepoint    ] Total time for which application threads were stopped: 0.0024417 seconds, Stopping threads took: 0.0001656 seconds
[7.802s][info ][safepoint    ] Application time: 0.0373594 seconds
[7.802s][info ][safepoint    ] Entering safepoint region: GenCollectForAllocation
[7.802s][info ][gc,start     ] GC(47) Pause Young (Allocation Failure)
[7.802s][info ][gc,task      ] GC(47) Using 4 workers of 4 for evacuation
[7.804s][debug][gc,ref       ] GC(47) Skipped phase1 of Reference Processing due to unavailable references
[7.804s][debug][gc,ref       ] GC(47) Skipped phase2 of Reference Processing due to unavailable references
[7.804s][debug][gc,ref       ] GC(47) Skipped phase3 of Reference Processing due to unavailable references
[7.804s][debug][gc,ref       ] GC(47) Skipped phase4 of Reference Processing due to unavailable references
[7.804s][debug][gc,age       ] GC(47) Desired survivor size 15368192 bytes, new threshold 6 (max threshold 6)
[7.804s][info ][gc,heap      ] GC(47) ParNew: 240818K->528K(270336K)
[7.804s][info ][gc,heap      ] GC(47) CMS: 120508K->120552K(600768K)
[7.804s][info ][gc,metaspace ] GC(47) Metaspace: 36607K->36607K(1081344K)
[7.804s][info ][gc           ] GC(47) Pause Young (Allocation Failure) 352M->118M(850M) 1.879ms
[7.804s][info ][gc,cpu       ] GC(47) User=0.01s Sys=0.00s Real=0.01s
[7.804s][info ][safepoint    ] Leaving safepoint region
[7.804s][info ][safepoint    ] Total time for which application threads were stopped: 0.0021522 seconds, Stopping threads took: 0.0000838 seconds
[7.858s][info ][safepoint    ] Application time: 0.0538741 seconds
[7.858s][info ][safepoint    ] Entering safepoint region: GenCollectForAllocation
[7.859s][info ][gc,start     ] GC(48) Pause Young (Allocation Failure)
[7.859s][info ][gc,task      ] GC(48) Using 4 workers of 4 for evacuation
[7.860s][debug][gc,ref       ] GC(48) Skipped phase1 of Reference Processing due to unavailable references
[7.860s][debug][gc,ref       ] GC(48) Skipped phase2 of Reference Processing due to unavailable references
[7.860s][debug][gc,ref       ] GC(48) Skipped phase3 of Reference Processing due to unavailable references
[7.860s][debug][gc,ref       ] GC(48) Skipped phase4 of Reference Processing due to unavailable references
[7.861s][debug][gc,age       ] GC(48) Desired survivor size 15368192 bytes, new threshold 6 (max threshold 6)
[7.861s][info ][gc,heap      ] GC(48) ParNew: 240848K->685K(270336K)
[7.861s][info ][gc,heap      ] GC(48) CMS: 120552K->120611K(600768K)
[7.861s][info ][gc,metaspace ] GC(48) Metaspace: 36616K->36616K(1081344K)
[7.861s][info ][gc           ] GC(48) Pause Young (Allocation Failure) 352M->118M(850M) 2.043ms
[7.861s][info ][gc,cpu       ] GC(48) User=0.01s Sys=0.00s Real=0.00s
[7.861s][info ][safepoint    ] Leaving safepoint region
[7.861s][info ][safepoint    ] Total time for which application threads were stopped: 0.0023560 seconds, Stopping threads took: 0.0001443 seconds
[7.901s][info ][safepoint    ] Application time: 0.0403594 seconds
[7.901s][info ][safepoint    ] Entering safepoint region: GenCollectForAllocation
[7.901s][info ][gc,start     ] GC(49) Pause Young (Allocation Failure)
[7.901s][info ][gc,task      ] GC(49) Using 4 workers of 4 for evacuation
[7.903s][debug][gc,ref       ] GC(49) Skipped phase1 of Reference Processing due to unavailable references
[7.903s][debug][gc,ref       ] GC(49) Skipped phase2 of Reference Processing due to unavailable references
[7.903s][debug][gc,ref       ] GC(49) Skipped phase3 of Reference Processing due to unavailable references
[7.903s][debug][gc,ref       ] GC(49) Skipped phase4 of Reference Processing due to unavailable references
[7.903s][debug][gc,age       ] GC(49) Desired survivor size 15368192 bytes, new threshold 6 (max threshold 6)
[7.903s][info ][gc,heap      ] GC(49) ParNew: 241005K->717K(270336K)
[7.903s][info ][gc,heap      ] GC(49) CMS: 120611K->120648K(600768K)
[7.903s][info ][gc,metaspace ] GC(49) Metaspace: 36622K->36622K(1083392K)
[7.903s][info ][gc           ] GC(49) Pause Young (Allocation Failure) 353M->118M(850M) 1.943ms
[7.903s][info ][gc,cpu       ] GC(49) User=0.00s Sys=0.00s Real=0.00s
[7.903s][info ][safepoint    ] Leaving safepoint region
[7.903s][info ][safepoint    ] Total time for which application threads were stopped: 0.0022206 seconds, Stopping threads took: 0.0001301 seconds
[7.954s][info ][safepoint    ] Application time: 0.0509126 seconds
[7.954s][info ][safepoint    ] Entering safepoint region: GenCollectForAllocation
[7.955s][info ][gc,start     ] GC(50) Pause Young (Allocation Failure)
[7.955s][info ][gc,task      ] GC(50) Using 4 workers of 4 for evacuation
[7.959s][debug][gc,ref       ] GC(50) Skipped phase1 of Reference Processing due to unavailable references
[7.959s][debug][gc,ref       ] GC(50) Skipped phase2 of Reference Processing due to unavailable references
[7.959s][debug][gc,ref       ] GC(50) Skipped phase3 of Reference Processing due to unavailable references
[7.959s][debug][gc,ref       ] GC(50) Skipped phase4 of Reference Processing due to unavailable references
[7.959s][debug][gc,age       ] GC(50) Desired survivor size 15368192 bytes, new threshold 6 (max threshold 6)
[7.959s][info ][gc,heap      ] GC(50) ParNew: 241037K->580K(270336K)
[7.959s][info ][gc,heap      ] GC(50) CMS: 120648K->120728K(600768K)
[7.959s][info ][gc,metaspace ] GC(50) Metaspace: 36622K->36622K(1083392K)
[7.959s][info ][gc           ] GC(50) Pause Young (Allocation Failure) 353M->118M(850M) 4.580ms
[7.959s][info ][gc,cpu       ] GC(50) User=0.02s Sys=0.00s Real=0.00s
[7.959s][info ][safepoint    ] Leaving safepoint region
[7.959s][info ][safepoint    ] Total time for which application threads were stopped: 0.0049719 seconds, Stopping threads took: 0.0000875 seconds
[8.001s][info ][safepoint    ] Application time: 0.0418959 seconds
[8.001s][info ][safepoint    ] Entering safepoint region: GenCollectForAllocation
[8.001s][info ][gc,start     ] GC(51) Pause Young (Allocation Failure)
[8.001s][info ][gc,task      ] GC(51) Using 4 workers of 4 for evacuation
[8.003s][debug][gc,ref       ] GC(51) Skipped phase1 of Reference Processing due to unavailable references
[8.003s][debug][gc,ref       ] GC(51) Skipped phase2 of Reference Processing due to unavailable references
[8.003s][debug][gc,ref       ] GC(51) Skipped phase3 of Reference Processing due to unavailable references
[8.003s][debug][gc,ref       ] GC(51) Skipped phase4 of Reference Processing due to unavailable references
[8.003s][debug][gc,age       ] GC(51) Desired survivor size 15368192 bytes, new threshold 6 (max threshold 6)
[8.003s][info ][gc,heap      ] GC(51) ParNew: 240900K->637K(270336K)
[8.003s][info ][gc,heap      ] GC(51) CMS: 120728K->120755K(600768K)
[8.003s][info ][gc,metaspace ] GC(51) Metaspace: 36622K->36622K(1083392K)
[8.003s][info ][gc           ] GC(51) Pause Young (Allocation Failure) 353M->118M(850M) 1.769ms
[8.003s][info ][gc,cpu       ] GC(51) User=0.01s Sys=0.00s Real=0.00s
[8.003s][info ][safepoint    ] Leaving safepoint region
[8.003s][info ][safepoint    ] Total time for which application threads were stopped: 0.0020474 seconds, Stopping threads took: 0.0001281 seconds
[8.056s][info ][safepoint    ] Application time: 0.0531271 seconds
[8.056s][info ][safepoint    ] Entering safepoint region: GenCollectForAllocation
[8.057s][info ][gc,start     ] GC(52) Pause Young (Allocation Failure)
[8.057s][info ][gc,task      ] GC(52) Using 4 workers of 4 for evacuation
[8.058s][debug][gc,ref       ] GC(52) Skipped phase1 of Reference Processing due to unavailable references
[8.058s][debug][gc,ref       ] GC(52) Skipped phase2 of Reference Processing due to unavailable references
[8.058s][debug][gc,ref       ] GC(52) Skipped phase3 of Reference Processing due to unavailable references
[8.058s][debug][gc,ref       ] GC(52) Skipped phase4 of Reference Processing due to unavailable references
[8.059s][debug][gc,age       ] GC(52) Desired survivor size 15368192 bytes, new threshold 6 (max threshold 6)
[8.059s][info ][gc,heap      ] GC(52) ParNew: 240957K->704K(270336K)
[8.059s][info ][gc,heap      ] GC(52) CMS: 120755K->120831K(600768K)
[8.059s][info ][gc,metaspace ] GC(52) Metaspace: 36622K->36622K(1083392K)
[8.059s][info ][gc           ] GC(52) Pause Young (Allocation Failure) 353M->118M(850M) 1.945ms
[8.059s][info ][gc,cpu       ] GC(52) User=0.01s Sys=0.00s Real=0.00s
[8.059s][info ][safepoint    ] Leaving safepoint region
[8.059s][info ][safepoint    ] Total time for which application threads were stopped: 0.0022833 seconds, Stopping threads took: 0.0001890 seconds
[8.100s][info ][safepoint    ] Application time: 0.0418463 seconds
[8.101s][info ][safepoint    ] Entering safepoint region: GenCollectForAllocation
[8.101s][info ][gc,start     ] GC(53) Pause Young (Allocation Failure)
[8.101s][info ][gc,task      ] GC(53) Using 4 workers of 4 for evacuation
[8.102s][debug][gc,ref       ] GC(53) Skipped phase1 of Reference Processing due to unavailable references
[8.103s][debug][gc,ref       ] GC(53) Skipped phase2 of Reference Processing due to unavailable references
[8.103s][debug][gc,ref       ] GC(53) Skipped phase3 of Reference Processing due to unavailable references
[8.103s][debug][gc,ref       ] GC(53) Skipped phase4 of Reference Processing due to unavailable references
[8.103s][debug][gc,age       ] GC(53) Desired survivor size 15368192 bytes, new threshold 6 (max threshold 6)
[8.103s][info ][gc,heap      ] GC(53) ParNew: 241024K->556K(270336K)
[8.103s][info ][gc,heap      ] GC(53) CMS: 120831K->120864K(600768K)
[8.103s][info ][gc,metaspace ] GC(53) Metaspace: 36622K->36622K(1083392K)
[8.103s][info ][gc           ] GC(53) Pause Young (Allocation Failure) 353M->118M(850M) 1.850ms
[8.103s][info ][gc,cpu       ] GC(53) User=0.01s Sys=0.00s Real=0.00s
[8.103s][info ][safepoint    ] Leaving safepoint region
[8.103s][info ][safepoint    ] Total time for which application threads were stopped: 0.0021878 seconds, Stopping threads took: 0.0001889 seconds
[8.149s][info ][safepoint    ] Application time: 0.0466119 seconds
[8.149s][info ][safepoint    ] Entering safepoint region: GenCollectForAllocation
[8.150s][info ][gc,start     ] GC(54) Pause Young (Allocation Failure)
[8.150s][info ][gc,task      ] GC(54) Using 4 workers of 4 for evacuation
[8.152s][debug][gc,ref       ] GC(54) Skipped phase1 of Reference Processing due to unavailable references
[8.152s][debug][gc,ref       ] GC(54) Skipped phase2 of Reference Processing due to unavailable references
[8.152s][debug][gc,ref       ] GC(54) Skipped phase3 of Reference Processing due to unavailable references
[8.152s][debug][gc,ref       ] GC(54) Skipped phase4 of Reference Processing due to unavailable references
[8.152s][debug][gc,age       ] GC(54) Desired survivor size 15368192 bytes, new threshold 6 (max threshold 6)
[8.152s][info ][gc,heap      ] GC(54) ParNew: 240876K->558K(270336K)
[8.152s][info ][gc,heap      ] GC(54) CMS: 120864K->120940K(600768K)
[8.152s][info ][gc,metaspace ] GC(54) Metaspace: 36622K->36622K(1083392K)
[8.152s][info ][gc           ] GC(54) Pause Young (Allocation Failure) 353M->118M(850M) 2.440ms
[8.152s][info ][gc,cpu       ] GC(54) User=0.01s Sys=0.00s Real=0.00s
[8.152s][info ][safepoint    ] Leaving safepoint region
[8.152s][info ][safepoint    ] Total time for which application threads were stopped: 0.0027289 seconds, Stopping threads took: 0.0001348 seconds
[8.204s][info ][safepoint    ] Application time: 0.0515455 seconds
[8.204s][info ][safepoint    ] Entering safepoint region: GenCollectForAllocation
[8.204s][info ][gc,start     ] GC(55) Pause Young (Allocation Failure)
[8.204s][info ][gc,task      ] GC(55) Using 4 workers of 4 for evacuation
[8.206s][debug][gc,ref       ] GC(55) Skipped phase1 of Reference Processing due to unavailable references
[8.206s][debug][gc,ref       ] GC(55) Skipped phase2 of Reference Processing due to unavailable references
[8.206s][debug][gc,ref       ] GC(55) Skipped phase3 of Reference Processing due to unavailable references
[8.206s][debug][gc,ref       ] GC(55) Skipped phase4 of Reference Processing due to unavailable references
[8.206s][debug][gc,age       ] GC(55) Desired survivor size 15368192 bytes, new threshold 6 (max threshold 6)
[8.206s][info ][gc,heap      ] GC(55) ParNew: 240878K->605K(270336K)
[8.206s][info ][gc,heap      ] GC(55) CMS: 120940K->120987K(600768K)
[8.206s][info ][gc,metaspace ] GC(55) Metaspace: 36622K->36622K(1083392K)
[8.206s][info ][gc           ] GC(55) Pause Young (Allocation Failure) 353M->118M(850M) 1.858ms
[8.206s][info ][gc,cpu       ] GC(55) User=0.01s Sys=0.00s Real=0.01s
[8.206s][info ][safepoint    ] Leaving safepoint region
[8.206s][info ][safepoint    ] Total time for which application threads were stopped: 0.0021436 seconds, Stopping threads took: 0.0001294 seconds
[8.246s][info ][safepoint    ] Application time: 0.0402995 seconds
[8.246s][info ][safepoint    ] Entering safepoint region: GenCollectForAllocation
[8.246s][info ][gc,start     ] GC(56) Pause Young (Allocation Failure)
[8.246s][info ][gc,task      ] GC(56) Using 4 workers of 4 for evacuation
[8.248s][debug][gc,ref       ] GC(56) Skipped phase1 of Reference Processing due to unavailable references
[8.248s][debug][gc,ref       ] GC(56) Skipped phase2 of Reference Processing due to unavailable references
[8.248s][debug][gc,ref       ] GC(56) Skipped phase3 of Reference Processing due to unavailable references
[8.248s][debug][gc,ref       ] GC(56) Skipped phase4 of Reference Processing due to unavailable references
[8.248s][debug][gc,age       ] GC(56) Desired survivor size 15368192 bytes, new threshold 6 (max threshold 6)
[8.248s][info ][gc,heap      ] GC(56) ParNew: 240925K->628K(270336K)
[8.248s][info ][gc,heap      ] GC(56) CMS: 120987K->121041K(600768K)
[8.248s][info ][gc,metaspace ] GC(56) Metaspace: 36622K->36622K(1083392K)
[8.248s][info ][gc           ] GC(56) Pause Young (Allocation Failure) 353M->118M(850M) 1.920ms
[8.248s][info ][gc,cpu       ] GC(56) User=0.01s Sys=0.00s Real=0.00s
[8.248s][info ][safepoint    ] Leaving safepoint region
[8.248s][info ][safepoint    ] Total time for which application threads were stopped: 0.0022780 seconds, Stopping threads took: 0.0002099 seconds
[8.298s][info ][safepoint    ] Application time: 0.0491643 seconds
[8.298s][info ][safepoint    ] Entering safepoint region: GenCollectForAllocation
[8.298s][info ][gc,start     ] GC(57) Pause Young (Allocation Failure)
[8.298s][info ][gc,task      ] GC(57) Using 4 workers of 4 for evacuation
[8.300s][debug][gc,ref       ] GC(57) Skipped phase1 of Reference Processing due to unavailable references
[8.300s][debug][gc,ref       ] GC(57) Skipped phase2 of Reference Processing due to unavailable references
[8.300s][debug][gc,ref       ] GC(57) Skipped phase3 of Reference Processing due to unavailable references
[8.300s][debug][gc,ref       ] GC(57) Skipped phase4 of Reference Processing due to unavailable references
[8.300s][debug][gc,age       ] GC(57) Desired survivor size 15368192 bytes, new threshold 6 (max threshold 6)
[8.300s][info ][gc,heap      ] GC(57) ParNew: 240948K->623K(270336K)
[8.300s][info ][gc,heap      ] GC(57) CMS: 121041K->121094K(600768K)
[8.300s][info ][gc,metaspace ] GC(57) Metaspace: 36622K->36622K(1083392K)
[8.300s][info ][gc           ] GC(57) Pause Young (Allocation Failure) 353M->118M(850M) 1.938ms
[8.300s][info ][gc,cpu       ] GC(57) User=0.00s Sys=0.00s Real=0.00s
[8.300s][info ][safepoint    ] Leaving safepoint region
[8.300s][info ][safepoint    ] Total time for which application threads were stopped: 0.0022096 seconds, Stopping threads took: 0.0001131 seconds
[8.343s][info ][safepoint    ] Application time: 0.0433223 seconds
[8.343s][info ][safepoint    ] Entering safepoint region: GenCollectForAllocation
[8.343s][info ][gc,start     ] GC(58) Pause Young (Allocation Failure)
[8.343s][info ][gc,task      ] GC(58) Using 4 workers of 4 for evacuation
[8.350s][debug][gc,ref       ] GC(58) Skipped phase1 of Reference Processing due to unavailable references
[8.350s][debug][gc,ref       ] GC(58) Skipped phase2 of Reference Processing due to unavailable references
[8.350s][debug][gc,ref       ] GC(58) Skipped phase3 of Reference Processing due to unavailable references
[8.350s][debug][gc,ref       ] GC(58) Skipped phase4 of Reference Processing due to unavailable references
[8.350s][debug][gc,age       ] GC(58) Desired survivor size 15368192 bytes, new threshold 6 (max threshold 6)
[8.350s][info ][gc,heap      ] GC(58) ParNew: 240943K->742K(270336K)
[8.350s][info ][gc,heap      ] GC(58) CMS: 121094K->121154K(600768K)
[8.350s][info ][gc,metaspace ] GC(58) Metaspace: 36622K->36622K(1083392K)
[8.350s][info ][gc           ] GC(58) Pause Young (Allocation Failure) 353M->119M(850M) 6.664ms
[8.350s][info ][gc,cpu       ] GC(58) User=0.02s Sys=0.00s Real=0.01s
[8.350s][info ][safepoint    ] Leaving safepoint region
[8.350s][info ][safepoint    ] Total time for which application threads were stopped: 0.0069066 seconds, Stopping threads took: 0.0000889 seconds
[8.393s][info ][safepoint    ] Application time: 0.0432798 seconds
[8.394s][info ][safepoint    ] Entering safepoint region: GenCollectForAllocation
[8.394s][info ][gc,start     ] GC(59) Pause Young (Allocation Failure)
[8.394s][info ][gc,task      ] GC(59) Using 4 workers of 4 for evacuation
[8.396s][debug][gc,ref       ] GC(59) Skipped phase1 of Reference Processing due to unavailable references
[8.396s][debug][gc,ref       ] GC(59) Skipped phase2 of Reference Processing due to unavailable references
[8.396s][debug][gc,ref       ] GC(59) Skipped phase3 of Reference Processing due to unavailable references
[8.396s][debug][gc,ref       ] GC(59) Skipped phase4 of Reference Processing due to unavailable references
[8.396s][debug][gc,age       ] GC(59) Desired survivor size 15368192 bytes, new threshold 6 (max threshold 6)
[8.396s][info ][gc,heap      ] GC(59) ParNew: 241062K->607K(270336K)
[8.396s][info ][gc,heap      ] GC(59) CMS: 121154K->121212K(600768K)
[8.396s][info ][gc,metaspace ] GC(59) Metaspace: 36631K->36631K(1083392K)
[8.396s][info ][gc           ] GC(59) Pause Young (Allocation Failure) 353M->118M(850M) 1.995ms
[8.396s][info ][gc,cpu       ] GC(59) User=0.01s Sys=0.00s Real=0.00s
[8.396s][info ][safepoint    ] Leaving safepoint region
[8.396s][info ][safepoint    ] Total time for which application threads were stopped: 0.0024699 seconds, Stopping threads took: 0.0002395 seconds
[8.446s][info ][safepoint    ] Application time: 0.0504254 seconds
[8.446s][info ][safepoint    ] Entering safepoint region: GenCollectForAllocation
[8.447s][info ][gc,start     ] GC(60) Pause Young (Allocation Failure)
[8.447s][info ][gc,task      ] GC(60) Using 4 workers of 4 for evacuation
[8.448s][debug][gc,ref       ] GC(60) Skipped phase1 of Reference Processing due to unavailable references
[8.448s][debug][gc,ref       ] GC(60) Skipped phase2 of Reference Processing due to unavailable references
[8.448s][debug][gc,ref       ] GC(60) Skipped phase3 of Reference Processing due to unavailable references
[8.448s][debug][gc,ref       ] GC(60) Skipped phase4 of Reference Processing due to unavailable references
[8.448s][debug][gc,age       ] GC(60) Desired survivor size 15368192 bytes, new threshold 6 (max threshold 6)
[8.449s][info ][gc,heap      ] GC(60) ParNew: 240927K->708K(270336K)
[8.449s][info ][gc,heap      ] GC(60) CMS: 121212K->121264K(600768K)
[8.449s][info ][gc,metaspace ] GC(60) Metaspace: 36632K->36632K(1083392K)
[8.449s][info ][gc           ] GC(60) Pause Young (Allocation Failure) 353M->119M(850M) 1.927ms
[8.449s][info ][gc,cpu       ] GC(60) User=0.00s Sys=0.00s Real=0.00s
[8.449s][info ][safepoint    ] Leaving safepoint region
[8.449s][info ][safepoint    ] Total time for which application threads were stopped: 0.0022576 seconds, Stopping threads took: 0.0001347 seconds
[8.495s][info ][safepoint    ] Application time: 0.0467852 seconds
[8.495s][info ][safepoint    ] Entering safepoint region: GenCollectForAllocation
[8.496s][info ][gc,start     ] GC(61) Pause Young (Allocation Failure)
[8.496s][info ][gc,task      ] GC(61) Using 4 workers of 4 for evacuation
[8.498s][debug][gc,ref       ] GC(61) Skipped phase1 of Reference Processing due to unavailable references
[8.498s][debug][gc,ref       ] GC(61) Skipped phase2 of Reference Processing due to unavailable references
[8.498s][debug][gc,ref       ] GC(61) Skipped phase3 of Reference Processing due to unavailable references
[8.498s][debug][gc,ref       ] GC(61) Skipped phase4 of Reference Processing due to unavailable references
[8.498s][debug][gc,age       ] GC(61) Desired survivor size 15368192 bytes, new threshold 6 (max threshold 6)
[8.498s][info ][gc,heap      ] GC(61) ParNew: 241028K->672K(270336K)
[8.498s][info ][gc,heap      ] GC(61) CMS: 121264K->121335K(600768K)
[8.498s][info ][gc,metaspace ] GC(61) Metaspace: 36632K->36632K(1083392K)
[8.498s][info ][gc           ] GC(61) Pause Young (Allocation Failure) 353M->119M(850M) 2.198ms
[8.498s][info ][gc,cpu       ] GC(61) User=0.01s Sys=0.00s Real=0.00s
[8.498s][info ][safepoint    ] Leaving safepoint region
[8.498s][info ][safepoint    ] Total time for which application threads were stopped: 0.0024344 seconds, Stopping threads took: 0.0000878 seconds
[8.558s][info ][safepoint    ] Application time: 0.0598921 seconds
[8.558s][info ][safepoint    ] Entering safepoint region: GenCollectForAllocation
[8.558s][info ][gc,start     ] GC(62) Pause Young (Allocation Failure)
[8.558s][info ][gc,task      ] GC(62) Using 4 workers of 4 for evacuation
[8.560s][debug][gc,ref       ] GC(62) Skipped phase1 of Reference Processing due to unavailable references
[8.560s][debug][gc,ref       ] GC(62) Skipped phase2 of Reference Processing due to unavailable references
[8.560s][debug][gc,ref       ] GC(62) Skipped phase3 of Reference Processing due to unavailable references
[8.560s][debug][gc,ref       ] GC(62) Skipped phase4 of Reference Processing due to unavailable references
[8.560s][debug][gc,age       ] GC(62) Desired survivor size 15368192 bytes, new threshold 6 (max threshold 6)
[8.560s][info ][gc,heap      ] GC(62) ParNew: 240992K->798K(270336K)
[8.560s][info ][gc,heap      ] GC(62) CMS: 121335K->121389K(600768K)
[8.560s][info ][gc,metaspace ] GC(62) Metaspace: 36632K->36632K(1083392K)
[8.560s][info ][gc           ] GC(62) Pause Young (Allocation Failure) 353M->119M(850M) 1.845ms
[8.560s][info ][gc,cpu       ] GC(62) User=0.01s Sys=0.00s Real=0.00s
[8.560s][info ][safepoint    ] Leaving safepoint region
[8.560s][info ][safepoint    ] Total time for which application threads were stopped: 0.0020604 seconds, Stopping threads took: 0.0000780 seconds
[8.612s][info ][safepoint    ] Application time: 0.0521446 seconds
[8.612s][info ][safepoint    ] Entering safepoint region: GenCollectForAllocation
[8.612s][info ][gc,start     ] GC(63) Pause Young (Allocation Failure)
[8.612s][info ][gc,task      ] GC(63) Using 4 workers of 4 for evacuation
[8.614s][debug][gc,ref       ] GC(63) Skipped phase1 of Reference Processing due to unavailable references
[8.614s][debug][gc,ref       ] GC(63) Skipped phase2 of Reference Processing due to unavailable references
[8.614s][debug][gc,ref       ] GC(63) Skipped phase3 of Reference Processing due to unavailable references
[8.614s][debug][gc,ref       ] GC(63) Skipped phase4 of Reference Processing due to unavailable references
[8.614s][debug][gc,age       ] GC(63) Desired survivor size 15368192 bytes, new threshold 6 (max threshold 6)
[8.614s][info ][gc,heap      ] GC(63) ParNew: 241118K->649K(270336K)
[8.614s][info ][gc,heap      ] GC(63) CMS: 121389K->121453K(600768K)
[8.614s][info ][gc,metaspace ] GC(63) Metaspace: 36632K->36632K(1083392K)
[8.614s][info ][gc           ] GC(63) Pause Young (Allocation Failure) 354M->119M(850M) 2.064ms
[8.614s][info ][gc,cpu       ] GC(63) User=0.01s Sys=0.00s Real=0.00s
[8.614s][info ][safepoint    ] Leaving safepoint region
[8.614s][info ][safepoint    ] Total time for which application threads were stopped: 0.0023648 seconds, Stopping threads took: 0.0001469 seconds
[8.663s][info ][safepoint    ] Application time: 0.0489370 seconds
[8.664s][info ][safepoint    ] Entering safepoint region: GenCollectForAllocation
[8.664s][info ][gc,start     ] GC(64) Pause Young (Allocation Failure)
[8.664s][info ][gc,task      ] GC(64) Using 4 workers of 4 for evacuation
[8.665s][debug][gc,ref       ] GC(64) Skipped phase1 of Reference Processing due to unavailable references
[8.665s][debug][gc,ref       ] GC(64) Skipped phase2 of Reference Processing due to unavailable references
[8.665s][debug][gc,ref       ] GC(64) Skipped phase3 of Reference Processing due to unavailable references
[8.665s][debug][gc,ref       ] GC(64) Skipped phase4 of Reference Processing due to unavailable references
[8.666s][debug][gc,age       ] GC(64) Desired survivor size 15368192 bytes, new threshold 6 (max threshold 6)
[8.666s][info ][gc,heap      ] GC(64) ParNew: 240969K->748K(270336K)
[8.666s][info ][gc,heap      ] GC(64) CMS: 121453K->121517K(600768K)
[8.666s][info ][gc,metaspace ] GC(64) Metaspace: 36632K->36632K(1083392K)
[8.666s][info ][gc           ] GC(64) Pause Young (Allocation Failure) 353M->119M(850M) 1.903ms
[8.666s][info ][gc,cpu       ] GC(64) User=0.01s Sys=0.00s Real=0.01s
[8.666s][info ][safepoint    ] Leaving safepoint region
[8.666s][info ][safepoint    ] Total time for which application threads were stopped: 0.0022394 seconds, Stopping threads took: 0.0001765 seconds
[8.711s][info ][safepoint    ] Application time: 0.0455421 seconds
[8.711s][info ][safepoint    ] Entering safepoint region: GenCollectForAllocation
[8.711s][info ][gc,start     ] GC(65) Pause Young (Allocation Failure)
[8.711s][info ][gc,task      ] GC(65) Using 4 workers of 4 for evacuation
[8.714s][debug][gc,ref       ] GC(65) Skipped phase1 of Reference Processing due to unavailable references
[8.714s][debug][gc,ref       ] GC(65) Skipped phase2 of Reference Processing due to unavailable references
[8.714s][debug][gc,ref       ] GC(65) Skipped phase3 of Reference Processing due to unavailable references
[8.714s][debug][gc,ref       ] GC(65) Skipped phase4 of Reference Processing due to unavailable references
[8.714s][debug][gc,age       ] GC(65) Desired survivor size 15368192 bytes, new threshold 6 (max threshold 6)
[8.715s][info ][gc,heap      ] GC(65) ParNew: 241068K->714K(270336K)
[8.715s][info ][gc,heap      ] GC(65) CMS: 121517K->121569K(600768K)
[8.715s][info ][gc,metaspace ] GC(65) Metaspace: 36632K->36632K(1083392K)
[8.715s][info ][gc           ] GC(65) Pause Young (Allocation Failure) 354M->119M(850M) 3.177ms
[8.715s][info ][gc,cpu       ] GC(65) User=0.00s Sys=0.01s Real=0.01s
[8.715s][info ][safepoint    ] Leaving safepoint region
[8.715s][info ][safepoint    ] Total time for which application threads were stopped: 0.0034103 seconds, Stopping threads took: 0.0000917 seconds
[8.761s][info ][safepoint    ] Application time: 0.0462750 seconds
[8.761s][info ][safepoint    ] Entering safepoint region: GenCollectForAllocation
[8.761s][info ][gc,start     ] GC(66) Pause Young (Allocation Failure)
[8.761s][info ][gc,task      ] GC(66) Using 4 workers of 4 for evacuation
[8.763s][debug][gc,ref       ] GC(66) Skipped phase1 of Reference Processing due to unavailable references
[8.763s][debug][gc,ref       ] GC(66) Skipped phase2 of Reference Processing due to unavailable references
[8.763s][debug][gc,ref       ] GC(66) Skipped phase3 of Reference Processing due to unavailable references
[8.763s][debug][gc,ref       ] GC(66) Skipped phase4 of Reference Processing due to unavailable references
[8.763s][debug][gc,age       ] GC(66) Desired survivor size 15368192 bytes, new threshold 6 (max threshold 6)
[8.763s][info ][gc,heap      ] GC(66) ParNew: 241034K->998K(270336K)
[8.763s][info ][gc,heap      ] GC(66) CMS: 121569K->121652K(600768K)
[8.763s][info ][gc,metaspace ] GC(66) Metaspace: 36632K->36632K(1083392K)
[8.763s][info ][gc           ] GC(66) Pause Young (Allocation Failure) 354M->119M(850M) 2.275ms
[8.764s][info ][gc,cpu       ] GC(66) User=0.01s Sys=0.00s Real=0.00s
[8.764s][info ][safepoint    ] Leaving safepoint region
[8.764s][info ][safepoint    ] Total time for which application threads were stopped: 0.0026579 seconds, Stopping threads took: 0.0002335 seconds
[8.811s][info ][safepoint    ] Application time: 0.0477411 seconds
[8.812s][info ][safepoint    ] Entering safepoint region: GenCollectForAllocation
[8.812s][info ][gc,start     ] GC(67) Pause Young (Allocation Failure)
[8.812s][info ][gc,task      ] GC(67) Using 4 workers of 4 for evacuation
[8.815s][debug][gc,ref       ] GC(67) Skipped phase1 of Reference Processing due to unavailable references
[8.815s][debug][gc,ref       ] GC(67) Skipped phase2 of Reference Processing due to unavailable references
[8.815s][debug][gc,ref       ] GC(67) Skipped phase3 of Reference Processing due to unavailable references
[8.815s][debug][gc,ref       ] GC(67) Skipped phase4 of Reference Processing due to unavailable references
[8.815s][debug][gc,age       ] GC(67) Desired survivor size 15368192 bytes, new threshold 6 (max threshold 6)
[8.815s][info ][gc,heap      ] GC(67) ParNew: 241318K->1930K(270336K)
[8.815s][info ][gc,heap      ] GC(67) CMS: 121652K->121720K(600768K)
[8.815s][info ][gc,metaspace ] GC(67) Metaspace: 36632K->36632K(1083392K)
[8.815s][info ][gc           ] GC(67) Pause Young (Allocation Failure) 354M->120M(850M) 3.619ms
[8.815s][info ][gc,cpu       ] GC(67) User=0.01s Sys=0.00s Real=0.01s
[8.815s][info ][safepoint    ] Leaving safepoint region
[8.815s][info ][safepoint    ] Total time for which application threads were stopped: 0.0040372 seconds, Stopping threads took: 0.0002583 seconds
[8.859s][info ][safepoint    ] Application time: 0.0439908 seconds
[8.860s][info ][safepoint    ] Entering safepoint region: GenCollectForAllocation
[8.860s][info ][gc,start     ] GC(68) Pause Young (Allocation Failure)
[8.860s][info ][gc,task      ] GC(68) Using 4 workers of 4 for evacuation
[8.863s][debug][gc,ref       ] GC(68) Skipped phase1 of Reference Processing due to unavailable references
[8.863s][debug][gc,ref       ] GC(68) Skipped phase2 of Reference Processing due to unavailable references
[8.863s][debug][gc,ref       ] GC(68) Skipped phase3 of Reference Processing due to unavailable references
[8.863s][debug][gc,ref       ] GC(68) Skipped phase4 of Reference Processing due to unavailable references
[8.863s][debug][gc,age       ] GC(68) Desired survivor size 15368192 bytes, new threshold 6 (max threshold 6)
[8.863s][info ][gc,heap      ] GC(68) ParNew: 242250K->2327K(270336K)
[8.863s][info ][gc,heap      ] GC(68) CMS: 121720K->121789K(600768K)
[8.863s][info ][gc,metaspace ] GC(68) Metaspace: 36632K->36632K(1083392K)
[8.863s][info ][gc           ] GC(68) Pause Young (Allocation Failure) 355M->121M(850M) 3.742ms
[8.863s][info ][gc,cpu       ] GC(68) User=0.02s Sys=0.00s Real=0.00s
[8.863s][info ][safepoint    ] Leaving safepoint region
[8.863s][info ][safepoint    ] Total time for which application threads were stopped: 0.0040453 seconds, Stopping threads took: 0.0001658 seconds
[8.906s][info ][safepoint    ] Application time: 0.0426104 seconds
[8.906s][info ][safepoint    ] Entering safepoint region: GenCollectForAllocation
[8.906s][info ][gc,start     ] GC(69) Pause Young (Allocation Failure)
[8.906s][info ][gc,task      ] GC(69) Using 4 workers of 4 for evacuation
[8.909s][debug][gc,ref       ] GC(69) Skipped phase1 of Reference Processing due to unavailable references
[8.909s][debug][gc,ref       ] GC(69) Skipped phase2 of Reference Processing due to unavailable references
[8.909s][debug][gc,ref       ] GC(69) Skipped phase3 of Reference Processing due to unavailable references
[8.909s][debug][gc,ref       ] GC(69) Skipped phase4 of Reference Processing due to unavailable references
[8.909s][debug][gc,age       ] GC(69) Desired survivor size 15368192 bytes, new threshold 6 (max threshold 6)
[8.909s][info ][gc,heap      ] GC(69) ParNew: 242647K->2617K(270336K)
[8.909s][info ][gc,heap      ] GC(69) CMS: 121789K->121853K(600768K)
[8.909s][info ][gc,metaspace ] GC(69) Metaspace: 36632K->36632K(1083392K)
[8.909s][info ][gc           ] GC(69) Pause Young (Allocation Failure) 355M->121M(850M) 3.263ms
[8.910s][info ][gc,cpu       ] GC(69) User=0.01s Sys=0.00s Real=0.00s
[8.910s][info ][safepoint    ] Leaving safepoint region
[8.910s][info ][safepoint    ] Total time for which application threads were stopped: 0.0034833 seconds, Stopping threads took: 0.0000731 seconds
[8.956s][info ][safepoint    ] Application time: 0.0465589 seconds
[8.957s][info ][safepoint    ] Entering safepoint region: GenCollectForAllocation
[8.957s][info ][gc,start     ] GC(70) Pause Young (Allocation Failure)
[8.957s][info ][gc,task      ] GC(70) Using 4 workers of 4 for evacuation
[8.960s][debug][gc,ref       ] GC(70) Skipped phase1 of Reference Processing due to unavailable references
[8.960s][debug][gc,ref       ] GC(70) Skipped phase2 of Reference Processing due to unavailable references
[8.960s][debug][gc,ref       ] GC(70) Skipped phase3 of Reference Processing due to unavailable references
[8.960s][debug][gc,ref       ] GC(70) Skipped phase4 of Reference Processing due to unavailable references
[8.960s][debug][gc,age       ] GC(70) Desired survivor size 15368192 bytes, new threshold 6 (max threshold 6)
[8.960s][info ][gc,heap      ] GC(70) ParNew: 242937K->2719K(270336K)
[8.960s][info ][gc,heap      ] GC(70) CMS: 121853K->121930K(600768K)
[8.960s][info ][gc,metaspace ] GC(70) Metaspace: 36632K->36632K(1083392K)
[8.960s][info ][gc           ] GC(70) Pause Young (Allocation Failure) 356M->121M(850M) 3.441ms
[8.960s][info ][gc,cpu       ] GC(70) User=0.01s Sys=0.00s Real=0.00s
[8.960s][info ][safepoint    ] Leaving safepoint region
[8.960s][info ][safepoint    ] Total time for which application threads were stopped: 0.0040799 seconds, Stopping threads took: 0.0004809 seconds
[9.008s][info ][safepoint    ] Application time: 0.0472789 seconds
[9.008s][info ][safepoint    ] Entering safepoint region: GenCollectForAllocation
[9.008s][info ][gc,start     ] GC(71) Pause Young (Allocation Failure)
[9.008s][info ][gc,task      ] GC(71) Using 4 workers of 4 for evacuation
[9.011s][debug][gc,ref       ] GC(71) Skipped phase1 of Reference Processing due to unavailable references
[9.011s][debug][gc,ref       ] GC(71) Skipped phase2 of Reference Processing due to unavailable references
[9.011s][debug][gc,ref       ] GC(71) Skipped phase3 of Reference Processing due to unavailable references
[9.011s][debug][gc,ref       ] GC(71) Skipped phase4 of Reference Processing due to unavailable references
[9.011s][debug][gc,age       ] GC(71) Desired survivor size 15368192 bytes, new threshold 6 (max threshold 6)
[9.011s][info ][gc,heap      ] GC(71) ParNew: 243039K->1962K(270336K)
[9.011s][info ][gc,heap      ] GC(71) CMS: 121930K->122000K(600768K)
[9.011s][info ][gc,metaspace ] GC(71) Metaspace: 36632K->36632K(1083392K)
[9.011s][info ][gc           ] GC(71) Pause Young (Allocation Failure) 356M->121M(850M) 3.292ms
[9.011s][info ][gc,cpu       ] GC(71) User=0.01s Sys=0.00s Real=0.00s
[9.011s][info ][safepoint    ] Leaving safepoint region
[9.011s][info ][safepoint    ] Total time for which application threads were stopped: 0.0035980 seconds, Stopping threads took: 0.0001504 seconds
[9.058s][info ][safepoint    ] Application time: 0.0471615 seconds
[9.058s][info ][safepoint    ] Entering safepoint region: GenCollectForAllocation
[9.059s][info ][gc,start     ] GC(72) Pause Young (Allocation Failure)
[9.059s][info ][gc,task      ] GC(72) Using 4 workers of 4 for evacuation
[9.062s][debug][gc,ref       ] GC(72) Skipped phase1 of Reference Processing due to unavailable references
[9.062s][debug][gc,ref       ] GC(72) Skipped phase2 of Reference Processing due to unavailable references
[9.062s][debug][gc,ref       ] GC(72) Skipped phase3 of Reference Processing due to unavailable references
[9.062s][debug][gc,ref       ] GC(72) Skipped phase4 of Reference Processing due to unavailable references
[9.062s][debug][gc,age       ] GC(72) Desired survivor size 15368192 bytes, new threshold 6 (max threshold 6)
[9.062s][info ][gc,heap      ] GC(72) ParNew: 242282K->2164K(270336K)
[9.062s][info ][gc,heap      ] GC(72) CMS: 122000K->122272K(600768K)
[9.062s][info ][gc,metaspace ] GC(72) Metaspace: 36632K->36632K(1083392K)
[9.062s][info ][gc           ] GC(72) Pause Young (Allocation Failure) 355M->121M(850M) 3.795ms
[9.062s][info ][gc,cpu       ] GC(72) User=0.01s Sys=0.00s Real=0.00s
[9.062s][info ][safepoint    ] Leaving safepoint region
[9.062s][info ][safepoint    ] Total time for which application threads were stopped: 0.0040538 seconds, Stopping threads took: 0.0001018 seconds
[9.105s][info ][safepoint    ] Application time: 0.0429798 seconds
[9.105s][info ][safepoint    ] Entering safepoint region: GenCollectForAllocation
[9.106s][info ][gc,start     ] GC(73) Pause Young (Allocation Failure)
[9.106s][info ][gc,task      ] GC(73) Using 4 workers of 4 for evacuation
[9.109s][debug][gc,ref       ] GC(73) Skipped phase1 of Reference Processing due to unavailable references
[9.109s][debug][gc,ref       ] GC(73) Skipped phase2 of Reference Processing due to unavailable references
[9.109s][debug][gc,ref       ] GC(73) Skipped phase3 of Reference Processing due to unavailable references
[9.109s][debug][gc,ref       ] GC(73) Skipped phase4 of Reference Processing due to unavailable references
[9.109s][debug][gc,age       ] GC(73) Desired survivor size 15368192 bytes, new threshold 6 (max threshold 6)
[9.109s][info ][gc,heap      ] GC(73) ParNew: 242484K->1419K(270336K)
[9.109s][info ][gc,heap      ] GC(73) CMS: 122272K->123265K(600768K)
[9.109s][info ][gc,metaspace ] GC(73) Metaspace: 36632K->36632K(1083392K)
[9.109s][info ][gc           ] GC(73) Pause Young (Allocation Failure) 356M->121M(850M) 3.882ms
[9.109s][info ][gc,cpu       ] GC(73) User=0.01s Sys=0.00s Real=0.00s
[9.110s][info ][safepoint    ] Leaving safepoint region
[9.110s][info ][safepoint    ] Total time for which application threads were stopped: 0.0041179 seconds, Stopping threads took: 0.0000781 seconds
[9.161s][info ][safepoint    ] Application time: 0.0517374 seconds
[9.161s][info ][safepoint    ] Entering safepoint region: GenCollectForAllocation
[9.161s][info ][gc,start     ] GC(74) Pause Young (Allocation Failure)
[9.162s][info ][gc,task      ] GC(74) Using 4 workers of 4 for evacuation
[9.164s][debug][gc,ref       ] GC(74) Skipped phase1 of Reference Processing due to unavailable references
[9.164s][debug][gc,ref       ] GC(74) Skipped phase2 of Reference Processing due to unavailable references
[9.164s][debug][gc,ref       ] GC(74) Skipped phase3 of Reference Processing due to unavailable references
[9.164s][debug][gc,ref       ] GC(74) Skipped phase4 of Reference Processing due to unavailable references
[9.164s][debug][gc,age       ] GC(74) Desired survivor size 15368192 bytes, new threshold 6 (max threshold 6)
[9.164s][info ][gc,heap      ] GC(74) ParNew: 241739K->975K(270336K)
[9.164s][info ][gc,heap      ] GC(74) CMS: 123265K->123335K(600768K)
[9.164s][info ][gc,metaspace ] GC(74) Metaspace: 36632K->36632K(1083392K)
[9.164s][info ][gc           ] GC(74) Pause Young (Allocation Failure) 356M->121M(850M) 2.248ms
[9.164s][info ][gc,cpu       ] GC(74) User=0.01s Sys=0.00s Real=0.00s
[9.164s][info ][safepoint    ] Leaving safepoint region
[9.164s][info ][safepoint    ] Total time for which application threads were stopped: 0.0024934 seconds, Stopping threads took: 0.0000989 seconds
[9.226s][info ][safepoint    ] Application time: 0.0625595 seconds
[9.226s][info ][safepoint    ] Entering safepoint region: GenCollectForAllocation
[9.227s][info ][gc,start     ] GC(75) Pause Young (Allocation Failure)
[9.227s][info ][gc,task      ] GC(75) Using 4 workers of 4 for evacuation
[9.229s][debug][gc,ref       ] GC(75) Skipped phase1 of Reference Processing due to unavailable references
[9.229s][debug][gc,ref       ] GC(75) Skipped phase3 of Reference Processing due to unavailable references
[9.229s][debug][gc,age       ] GC(75) Desired survivor size 15368192 bytes, new threshold 6 (max threshold 6)
[9.229s][info ][gc,heap      ] GC(75) ParNew: 241295K->1197K(270336K)
[9.229s][info ][gc,heap      ] GC(75) CMS: 123335K->123418K(600768K)
[9.229s][info ][gc,metaspace ] GC(75) Metaspace: 36705K->36705K(1083392K)
[9.229s][info ][gc           ] GC(75) Pause Young (Allocation Failure) 356M->121M(850M) 2.796ms
[9.229s][info ][gc,cpu       ] GC(75) User=0.01s Sys=0.00s Real=0.00s
[9.229s][info ][safepoint    ] Leaving safepoint region
[9.229s][info ][safepoint    ] Total time for which application threads were stopped: 0.0030255 seconds, Stopping threads took: 0.0000882 seconds
[9.273s][info ][safepoint    ] Application time: 0.0438009 seconds
[9.273s][info ][safepoint    ] Entering safepoint region: GenCollectForAllocation
[9.274s][info ][gc,start     ] GC(76) Pause Young (Allocation Failure)
[9.274s][info ][gc,task      ] GC(76) Using 4 workers of 4 for evacuation
[9.277s][debug][gc,ref       ] GC(76) Skipped phase1 of Reference Processing due to unavailable references
[9.277s][debug][gc,ref       ] GC(76) Skipped phase3 of Reference Processing due to unavailable references
[9.277s][debug][gc,age       ] GC(76) Desired survivor size 15368192 bytes, new threshold 6 (max threshold 6)
[9.277s][info ][gc,heap      ] GC(76) ParNew: 241517K->1679K(270336K)
[9.277s][info ][gc,heap      ] GC(76) CMS: 123418K->123494K(600768K)
[9.277s][info ][gc,metaspace ] GC(76) Metaspace: 36822K->36822K(1083392K)
[9.277s][info ][gc           ] GC(76) Pause Young (Allocation Failure) 356M->122M(850M) 3.605ms
[9.277s][info ][gc,cpu       ] GC(76) User=0.02s Sys=0.00s Real=0.00s
[9.277s][info ][safepoint    ] Leaving safepoint region
[9.277s][info ][safepoint    ] Total time for which application threads were stopped: 0.0039517 seconds, Stopping threads took: 0.0001675 seconds
[9.333s][info ][safepoint    ] Application time: 0.0557854 seconds
[9.333s][info ][safepoint    ] Entering safepoint region: GenCollectForAllocation
[9.333s][info ][gc,start     ] GC(77) Pause Young (Allocation Failure)
[9.333s][info ][gc,task      ] GC(77) Using 4 workers of 4 for evacuation
[9.339s][debug][gc,ref       ] GC(77) Skipped phase1 of Reference Processing due to unavailable references
[9.339s][debug][gc,ref       ] GC(77) Skipped phase3 of Reference Processing due to unavailable references
[9.339s][debug][gc,age       ] GC(77) Desired survivor size 15368192 bytes, new threshold 6 (max threshold 6)
[9.339s][info ][gc,heap      ] GC(77) ParNew: 241999K->2750K(270336K)
[9.339s][info ][gc,heap      ] GC(77) CMS: 123494K->123578K(600768K)
[9.339s][info ][gc,metaspace ] GC(77) Metaspace: 36937K->36937K(1083392K)
[9.339s][info ][gc           ] GC(77) Pause Young (Allocation Failure) 356M->123M(850M) 5.448ms
[9.339s][info ][gc,cpu       ] GC(77) User=0.02s Sys=0.00s Real=0.00s
[9.339s][info ][safepoint    ] Leaving safepoint region
[9.339s][info ][safepoint    ] Total time for which application threads were stopped: 0.0057344 seconds, Stopping threads took: 0.0001141 seconds
[9.391s][info ][safepoint    ] Application time: 0.0521667 seconds
[9.391s][info ][safepoint    ] Entering safepoint region: GenCollectForAllocation
[9.391s][info ][gc,start     ] GC(78) Pause Young (Allocation Failure)
[9.391s][info ][gc,task      ] GC(78) Using 4 workers of 4 for evacuation
[9.396s][debug][gc,ref       ] GC(78) Skipped phase1 of Reference Processing due to unavailable references
[9.396s][debug][gc,ref       ] GC(78) Skipped phase3 of Reference Processing due to unavailable references
[9.396s][debug][gc,ref       ] GC(78) Skipped phase4 of Reference Processing due to unavailable references
[9.396s][debug][gc,age       ] GC(78) Desired survivor size 15368192 bytes, new threshold 6 (max threshold 6)
[9.396s][info ][gc,heap      ] GC(78) ParNew: 243070K->4374K(270336K)
[9.396s][info ][gc,heap      ] GC(78) CMS: 123578K->123662K(600768K)
[9.396s][info ][gc,metaspace ] GC(78) Metaspace: 36994K->36994K(1083392K)
[9.396s][info ][gc           ] GC(78) Pause Young (Allocation Failure) 358M->125M(850M) 4.912ms
[9.396s][info ][gc,cpu       ] GC(78) User=0.03s Sys=0.00s Real=0.01s
[9.396s][info ][safepoint    ] Leaving safepoint region
[9.396s][info ][safepoint    ] Total time for which application threads were stopped: 0.0052851 seconds, Stopping threads took: 0.0001382 seconds
[9.476s][info ][safepoint    ] Application time: 0.0798144 seconds
[9.476s][info ][safepoint    ] Entering safepoint region: GenCollectForAllocation
[9.476s][info ][gc,start     ] GC(79) Pause Young (Allocation Failure)
[9.476s][info ][gc,task      ] GC(79) Using 4 workers of 4 for evacuation
[9.483s][debug][gc,ref       ] GC(79) Skipped phase1 of Reference Processing due to unavailable references
[9.483s][debug][gc,ref       ] GC(79) Skipped phase3 of Reference Processing due to unavailable references
[9.483s][debug][gc,ref       ] GC(79) Skipped phase4 of Reference Processing due to unavailable references
[9.483s][debug][gc,age       ] GC(79) Desired survivor size 15368192 bytes, new threshold 6 (max threshold 6)
[9.483s][info ][gc,heap      ] GC(79) ParNew: 244694K->5780K(270336K)
[9.483s][info ][gc,heap      ] GC(79) CMS: 123662K->123733K(600768K)
[9.483s][info ][gc,metaspace ] GC(79) Metaspace: 37092K->37092K(1083392K)
[9.483s][info ][gc           ] GC(79) Pause Young (Allocation Failure) 359M->126M(850M) 6.756ms
[9.483s][info ][gc,cpu       ] GC(79) User=0.02s Sys=0.00s Real=0.00s
[9.483s][info ][safepoint    ] Leaving safepoint region
[9.483s][info ][safepoint    ] Total time for which application threads were stopped: 0.0069803 seconds, Stopping threads took: 0.0000709 seconds
[9.529s][info ][safepoint    ] Application time: 0.0455739 seconds
[9.531s][info ][safepoint    ] Entering safepoint region: GenCollectForAllocation
[9.531s][info ][gc,start     ] GC(80) Pause Young (Allocation Failure)
[9.531s][info ][gc,task      ] GC(80) Using 4 workers of 4 for evacuation
[9.537s][debug][gc,ref       ] GC(80) Skipped phase1 of Reference Processing due to unavailable references
[9.537s][debug][gc,ref       ] GC(80) Skipped phase3 of Reference Processing due to unavailable references
[9.537s][debug][gc,ref       ] GC(80) Skipped phase4 of Reference Processing due to unavailable references
[9.537s][debug][gc,age       ] GC(80) Desired survivor size 15368192 bytes, new threshold 6 (max threshold 6)
[9.537s][info ][gc,heap      ] GC(80) ParNew: 246100K->8151K(270336K)
[9.537s][info ][gc,heap      ] GC(80) CMS: 123733K->123913K(600768K)
[9.537s][info ][gc,metaspace ] GC(80) Metaspace: 37142K->37142K(1083392K)
[9.537s][info ][gc           ] GC(80) Pause Young (Allocation Failure) 361M->128M(850M) 6.070ms
[9.537s][info ][gc,cpu       ] GC(80) User=0.03s Sys=0.00s Real=0.01s
[9.537s][info ][safepoint    ] Leaving safepoint region
[9.537s][info ][safepoint    ] Total time for which application threads were stopped: 0.0081505 seconds, Stopping threads took: 0.0018597 seconds
[9.611s][info ][safepoint    ] Application time: 0.0742742 seconds
[9.611s][info ][safepoint    ] Entering safepoint region: GenCollectForAllocation
[9.611s][info ][gc,start     ] GC(81) Pause Young (Allocation Failure)
[9.611s][info ][gc,task      ] GC(81) Using 4 workers of 4 for evacuation
[9.621s][debug][gc,ref       ] GC(81) Skipped phase1 of Reference Processing due to unavailable references
[9.622s][debug][gc,ref       ] GC(81) Skipped phase3 of Reference Processing due to unavailable references
[9.622s][debug][gc,ref       ] GC(81) Skipped phase4 of Reference Processing due to unavailable references
[9.622s][debug][gc,age       ] GC(81) Desired survivor size 15368192 bytes, new threshold 6 (max threshold 6)
[9.622s][info ][gc,heap      ] GC(81) ParNew: 248471K->10663K(270336K)
[9.622s][info ][gc,heap      ] GC(81) CMS: 123913K->124297K(600768K)
[9.622s][info ][gc,metaspace ] GC(81) Metaspace: 37145K->37145K(1083392K)
[9.622s][info ][gc           ] GC(81) Pause Young (Allocation Failure) 363M->131M(850M) 10.220ms
[9.622s][info ][gc,cpu       ] GC(81) User=0.04s Sys=0.00s Real=0.01s
[9.622s][info ][safepoint    ] Leaving safepoint region
[9.622s][info ][safepoint    ] Total time for which application threads were stopped: 0.0105619 seconds, Stopping threads took: 0.0001638 seconds
[9.684s][info ][safepoint    ] Application time: 0.0626271 seconds
[9.686s][info ][safepoint    ] Entering safepoint region: GenCollectForAllocation
[9.687s][info ][gc,start     ] GC(82) Pause Young (Allocation Failure)
[9.687s][info ][gc,task      ] GC(82) Using 4 workers of 4 for evacuation
[9.699s][debug][gc,ref       ] GC(82) Skipped phase1 of Reference Processing due to unavailable references
[9.699s][debug][gc,ref       ] GC(82) Skipped phase3 of Reference Processing due to unavailable references
[9.699s][debug][gc,ref       ] GC(82) Skipped phase4 of Reference Processing due to unavailable references
[9.699s][debug][gc,age       ] GC(82) Desired survivor size 15368192 bytes, new threshold 6 (max threshold 6)
[9.699s][info ][gc,heap      ] GC(82) ParNew: 250983K->16221K(270336K)
[9.699s][info ][gc,heap      ] GC(82) CMS: 124297K->125009K(600768K)
[9.699s][info ][gc,metaspace ] GC(82) Metaspace: 37156K->37156K(1083392K)
[9.699s][info ][gc           ] GC(82) Pause Young (Allocation Failure) 366M->137M(850M) 12.833ms
[9.699s][info ][gc,cpu       ] GC(82) User=0.06s Sys=0.00s Real=0.01s
[9.699s][info ][safepoint    ] Leaving safepoint region
[9.699s][info ][safepoint    ] Total time for which application threads were stopped: 0.0151514 seconds, Stopping threads took: 0.0021487 seconds
[9.764s][info ][safepoint    ] Application time: 0.0643221 seconds
[9.764s][info ][safepoint    ] Entering safepoint region: GenCollectForAllocation
[9.764s][info ][gc,start     ] GC(83) Pause Young (Allocation Failure)
[9.764s][info ][gc,task      ] GC(83) Using 4 workers of 4 for evacuation
[9.777s][debug][gc,ref       ] GC(83) Skipped phase1 of Reference Processing due to unavailable references
[9.777s][debug][gc,ref       ] GC(83) Skipped phase2 of Reference Processing due to unavailable references
[9.777s][debug][gc,ref       ] GC(83) Skipped phase3 of Reference Processing due to unavailable references
[9.777s][debug][gc,ref       ] GC(83) Skipped phase4 of Reference Processing due to unavailable references
[9.777s][debug][gc,age       ] GC(83) Desired survivor size 15368192 bytes, new threshold 6 (max threshold 6)
[9.777s][info ][gc,heap      ] GC(83) ParNew: 256541K->23826K(270336K)
[9.777s][info ][gc,heap      ] GC(83) CMS: 125009K->125886K(600768K)
[9.777s][info ][gc,metaspace ] GC(83) Metaspace: 37156K->37156K(1083392K)
[9.777s][info ][gc           ] GC(83) Pause Young (Allocation Failure) 372M->146M(850M) 13.097ms
[9.777s][info ][gc,cpu       ] GC(83) User=0.07s Sys=0.00s Real=0.01s
[9.777s][info ][safepoint    ] Leaving safepoint region
[9.777s][info ][safepoint    ] Total time for which application threads were stopped: 0.0134137 seconds, Stopping threads took: 0.0001526 seconds
[9.834s][info ][safepoint    ] Application time: 0.0570942 seconds
[9.835s][info ][safepoint    ] Entering safepoint region: GenCollectForAllocation
[9.835s][info ][gc,start     ] GC(84) Pause Young (Allocation Failure)
[9.835s][info ][gc,task      ] GC(84) Using 4 workers of 4 for evacuation
[9.847s][debug][gc,ref       ] GC(84) Skipped phase1 of Reference Processing due to unavailable references
[9.847s][debug][gc,ref       ] GC(84) Skipped phase3 of Reference Processing due to unavailable references
[9.847s][debug][gc,age       ] GC(84) Desired survivor size 15368192 bytes, new threshold 6 (max threshold 6)
[9.847s][info ][gc,heap      ] GC(84) ParNew: 264146K->17388K(270336K)
[9.847s][info ][gc,heap      ] GC(84) CMS: 125886K->126745K(600768K)
[9.847s][info ][gc,metaspace ] GC(84) Metaspace: 37524K->37524K(1083392K)
[9.847s][info ][gc           ] GC(84) Pause Young (Allocation Failure) 380M->140M(850M) 12.545ms
[9.847s][info ][gc,cpu       ] GC(84) User=0.05s Sys=0.00s Real=0.01s
[9.847s][info ][safepoint    ] Leaving safepoint region
[9.847s][info ][safepoint    ] Total time for which application threads were stopped: 0.0130742 seconds, Stopping threads took: 0.0003243 seconds
[9.862s][info ][safepoint    ] Application time: 0.0149676 seconds
[9.863s][info ][safepoint    ] Entering safepoint region: RevokeBias
[9.863s][info ][safepoint    ] Leaving safepoint region
[9.863s][info ][safepoint    ] Total time for which application threads were stopped: 0.0002233 seconds, Stopping threads took: 0.0001261 seconds
[9.908s][info ][safepoint    ] Application time: 0.0457423 seconds
[9.911s][info ][safepoint    ] Entering safepoint region: GenCollectForAllocation
[9.911s][info ][gc,start     ] GC(85) Pause Young (Allocation Failure)
[9.911s][info ][gc,task      ] GC(85) Using 4 workers of 4 for evacuation
[9.924s][debug][gc,ref       ] GC(85) Skipped phase1 of Reference Processing due to unavailable references
[9.924s][debug][gc,ref       ] GC(85) Skipped phase3 of Reference Processing due to unavailable references
[9.924s][debug][gc,age       ] GC(85) Desired survivor size 15368192 bytes, new threshold 6 (max threshold 6)
[9.924s][info ][gc,heap      ] GC(85) ParNew: 257708K->17918K(270336K)
[9.924s][info ][gc,heap      ] GC(85) CMS: 126745K->128233K(600768K)
[9.924s][info ][gc,metaspace ] GC(85) Metaspace: 38366K->38366K(1083392K)
[9.924s][info ][gc           ] GC(85) Pause Young (Allocation Failure) 375M->142M(850M) 12.815ms
[9.924s][info ][gc,cpu       ] GC(85) User=0.05s Sys=0.00s Real=0.02s
[9.924s][info ][safepoint    ] Leaving safepoint region
[9.924s][info ][safepoint    ] Total time for which application threads were stopped: 0.0157044 seconds, Stopping threads took: 0.0027095 seconds
[9.989s][info ][safepoint    ] Application time: 0.0645169 seconds
[9.989s][info ][safepoint    ] Entering safepoint region: GenCollectForAllocation
[9.989s][info ][gc,start     ] GC(86) Pause Young (Allocation Failure)
[9.989s][info ][gc,task      ] GC(86) Using 4 workers of 4 for evacuation
[10.001s][debug][gc,ref       ] GC(86) Skipped phase1 of Reference Processing due to unavailable references
[10.001s][debug][gc,ref       ] GC(86) Skipped phase3 of Reference Processing due to unavailable references
[10.001s][debug][gc,age       ] GC(86) Desired survivor size 15368192 bytes, new threshold 6 (max threshold 6)
[10.001s][info ][gc,heap      ] GC(86) ParNew: 258238K->20651K(270336K)
[10.001s][info ][gc,heap      ] GC(86) CMS: 128233K->128911K(600768K)
[10.001s][info ][gc,metaspace ] GC(86) Metaspace: 38431K->38431K(1083392K)
[10.001s][info ][gc           ] GC(86) Pause Young (Allocation Failure) 377M->146M(850M) 11.727ms
[10.001s][info ][gc,cpu       ] GC(86) User=0.06s Sys=0.00s Real=0.01s
[10.001s][info ][safepoint    ] Leaving safepoint region
[10.001s][info ][safepoint    ] Total time for which application threads were stopped: 0.0120601 seconds, Stopping threads took: 0.0001366 seconds
[10.071s][info ][safepoint    ] Application time: 0.0703706 seconds
[10.071s][info ][safepoint    ] Entering safepoint region: GenCollectForAllocation
[10.072s][info ][gc,start     ] GC(87) Pause Young (Allocation Failure)
[10.072s][info ][gc,task      ] GC(87) Using 4 workers of 4 for evacuation
[10.086s][debug][gc,ref       ] GC(87) Skipped phase1 of Reference Processing due to unavailable references
[10.086s][debug][gc,ref       ] GC(87) Skipped phase3 of Reference Processing due to unavailable references
[10.086s][debug][gc,ref       ] GC(87) Skipped phase4 of Reference Processing due to unavailable references
[10.086s][debug][gc,age       ] GC(87) Desired survivor size 15368192 bytes, new threshold 6 (max threshold 6)
[10.086s][info ][gc,heap      ] GC(87) ParNew: 260971K->13441K(270336K)
[10.086s][info ][gc,heap      ] GC(87) CMS: 128911K->133752K(600768K)
[10.086s][info ][gc,metaspace ] GC(87) Metaspace: 38431K->38431K(1083392K)
[10.086s][info ][gc           ] GC(87) Pause Young (Allocation Failure) 380M->143M(850M) 14.934ms
[10.086s][info ][gc,cpu       ] GC(87) User=0.07s Sys=0.00s Real=0.02s
[10.086s][info ][safepoint    ] Leaving safepoint region
[10.086s][info ][safepoint    ] Total time for which application threads were stopped: 0.0152734 seconds, Stopping threads took: 0.0001818 seconds
[10.163s][info ][safepoint    ] Application time: 0.0768038 seconds
[10.163s][info ][safepoint    ] Entering safepoint region: GenCollectForAllocation
[10.164s][info ][gc,start     ] GC(88) Pause Young (Allocation Failure)
[10.164s][info ][gc,task      ] GC(88) Using 4 workers of 4 for evacuation
[10.174s][debug][gc,ref       ] GC(88) Skipped phase1 of Reference Processing due to unavailable references
[10.174s][debug][gc,ref       ] GC(88) Skipped phase3 of Reference Processing due to unavailable references
[10.174s][debug][gc,ref       ] GC(88) Skipped phase4 of Reference Processing due to unavailable references
[10.175s][debug][gc,age       ] GC(88) Desired survivor size 15368192 bytes, new threshold 6 (max threshold 6)
[10.175s][info ][gc,heap      ] GC(88) ParNew: 253761K->10026K(270336K)
[10.175s][info ][gc,heap      ] GC(88) CMS: 133752K->138562K(600768K)
[10.175s][info ][gc,metaspace ] GC(88) Metaspace: 38431K->38431K(1083392K)
[10.175s][info ][gc           ] GC(88) Pause Young (Allocation Failure) 378M->145M(850M) 11.021ms
[10.175s][info ][gc,cpu       ] GC(88) User=0.04s Sys=0.00s Real=0.02s
[10.175s][info ][safepoint    ] Leaving safepoint region
[10.175s][info ][safepoint    ] Total time for which application threads were stopped: 0.0113401 seconds, Stopping threads took: 0.0001547 seconds
[10.259s][info ][safepoint    ] Application time: 0.0838598 seconds
[10.259s][info ][safepoint    ] Entering safepoint region: GenCollectForAllocation
[10.259s][info ][gc,start     ] GC(89) Pause Young (Allocation Failure)
[10.259s][info ][gc,task      ] GC(89) Using 4 workers of 4 for evacuation
[10.265s][debug][gc,ref       ] GC(89) Skipped phase1 of Reference Processing due to unavailable references
[10.265s][debug][gc,ref       ] GC(89) Skipped phase3 of Reference Processing due to unavailable references
[10.265s][debug][gc,ref       ] GC(89) Skipped phase4 of Reference Processing due to unavailable references
[10.265s][debug][gc,age       ] GC(89) Desired survivor size 15368192 bytes, new threshold 6 (max threshold 6)
[10.265s][info ][gc,heap      ] GC(89) ParNew: 250346K->4230K(270336K)
[10.265s][info ][gc,heap      ] GC(89) CMS: 138562K->140890K(600768K)
[10.265s][info ][gc,metaspace ] GC(89) Metaspace: 38431K->38431K(1083392K)
[10.265s][info ][gc           ] GC(89) Pause Young (Allocation Failure) 379M->141M(850M) 6.616ms
[10.265s][info ][gc,cpu       ] GC(89) User=0.03s Sys=0.00s Real=0.01s
[10.265s][info ][safepoint    ] Leaving safepoint region
[10.265s][info ][safepoint    ] Total time for which application threads were stopped: 0.0068850 seconds, Stopping threads took: 0.0001340 seconds
[10.456s][info ][safepoint    ] Application time: 0.1904606 seconds
[10.456s][info ][safepoint    ] Entering safepoint region: RevokeBias
[10.456s][info ][safepoint    ] Leaving safepoint region
[10.456s][info ][safepoint    ] Total time for which application threads were stopped: 0.0001378 seconds, Stopping threads took: 0.0000114 seconds
[10.468s][info ][safepoint    ] Application time: 0.0121860 seconds
[10.468s][info ][safepoint    ] Entering safepoint region: RevokeBias
[10.468s][info ][safepoint    ] Leaving safepoint region
[10.468s][info ][safepoint    ] Total time for which application threads were stopped: 0.0000558 seconds, Stopping threads took: 0.0000121 seconds
[10.482s][info ][safepoint    ] Application time: 0.0140760 seconds
[10.482s][info ][safepoint    ] Entering safepoint region: Deoptimize
[10.483s][info ][safepoint    ] Leaving safepoint region
[10.483s][info ][safepoint    ] Total time for which application threads were stopped: 0.0006982 seconds, Stopping threads took: 0.0000110 seconds
[10.493s][info ][safepoint    ] Application time: 0.0096941 seconds
[10.493s][info ][safepoint    ] Entering safepoint region: RevokeBias
[10.493s][info ][safepoint    ] Leaving safepoint region
[10.493s][info ][safepoint    ] Total time for which application threads were stopped: 0.0000564 seconds, Stopping threads took: 0.0000117 seconds
[10.494s][info ][safepoint    ] Application time: 0.0006536 seconds
[10.494s][info ][safepoint    ] Entering safepoint region: RevokeBias
[10.494s][info ][safepoint    ] Leaving safepoint region
[10.494s][info ][safepoint    ] Total time for which application threads were stopped: 0.0000583 seconds, Stopping threads took: 0.0000210 seconds
[10.494s][info ][safepoint    ] Application time: 0.0000576 seconds
[10.494s][info ][safepoint    ] Entering safepoint region: RevokeBias
[10.494s][info ][safepoint    ] Leaving safepoint region
[10.494s][info ][safepoint    ] Total time for which application threads were stopped: 0.0000184 seconds, Stopping threads took: 0.0000050 seconds
[10.494s][info ][safepoint    ] Application time: 0.0004920 seconds
[10.494s][info ][safepoint    ] Entering safepoint region: Deoptimize
[10.495s][info ][safepoint    ] Leaving safepoint region
[10.495s][info ][safepoint    ] Total time for which application threads were stopped: 0.0006615 seconds, Stopping threads took: 0.0000055 seconds
[10.496s][info ][safepoint    ] Application time: 0.0014007 seconds
[10.496s][info ][safepoint    ] Entering safepoint region: RevokeBias
[10.496s][info ][safepoint    ] Leaving safepoint region
[10.496s][info ][safepoint    ] Total time for which application threads were stopped: 0.0000546 seconds, Stopping threads took: 0.0000097 seconds
[10.523s][info ][safepoint    ] Application time: 0.0261584 seconds
[10.523s][info ][safepoint    ] Entering safepoint region: Deoptimize
[10.524s][info ][safepoint    ] Leaving safepoint region
[10.524s][info ][safepoint    ] Total time for which application threads were stopped: 0.0011333 seconds, Stopping threads took: 0.0000989 seconds
[10.536s][info ][safepoint    ] Application time: 0.0126409 seconds
[10.536s][info ][safepoint    ] Entering safepoint region: BulkRevokeBias
[10.537s][info ][safepoint    ] Leaving safepoint region
[10.537s][info ][safepoint    ] Total time for which application threads were stopped: 0.0001869 seconds, Stopping threads took: 0.0000112 seconds
[10.585s][info ][safepoint    ] Application time: 0.0481003 seconds
[10.585s][info ][safepoint    ] Entering safepoint region: Deoptimize
[10.586s][info ][safepoint    ] Leaving safepoint region
[10.586s][info ][safepoint    ] Total time for which application threads were stopped: 0.0008986 seconds, Stopping threads took: 0.0001394 seconds
[10.626s][info ][safepoint    ] Application time: 0.0404468 seconds
[10.626s][info ][safepoint    ] Entering safepoint region: RevokeBias
[10.626s][info ][safepoint    ] Leaving safepoint region
[10.626s][info ][safepoint    ] Total time for which application threads were stopped: 0.0001675 seconds, Stopping threads took: 0.0000861 seconds
[10.626s][info ][safepoint    ] Application time: 0.0000606 seconds
[10.626s][info ][safepoint    ] Entering safepoint region: RevokeBias
[10.626s][info ][safepoint    ] Leaving safepoint region
[10.626s][info ][safepoint    ] Total time for which application threads were stopped: 0.0000594 seconds, Stopping threads took: 0.0000103 seconds
[11.227s][info ][safepoint    ] Application time: 0.6007400 seconds
[11.227s][info ][safepoint    ] Entering safepoint region: ICBufferFull
[11.227s][info ][safepoint    ] Leaving safepoint region
[11.227s][info ][safepoint    ] Total time for which application threads were stopped: 0.0001708 seconds, Stopping threads took: 0.0000110 seconds
[11.515s][info ][safepoint    ] Application time: 0.2879788 seconds
[11.515s][info ][safepoint    ] Entering safepoint region: ICBufferFull
[11.516s][info ][safepoint    ] Leaving safepoint region
[11.516s][info ][safepoint    ] Total time for which application threads were stopped: 0.0001844 seconds, Stopping threads took: 0.0000121 seconds
[11.583s][info ][safepoint    ] Application time: 0.0669688 seconds
[11.583s][info ][safepoint    ] Entering safepoint region: GenCollectForAllocation
[11.583s][info ][gc,start     ] GC(90) Pause Young (Allocation Failure)
[11.583s][info ][gc,task      ] GC(90) Using 4 workers of 4 for evacuation
[11.651s][debug][gc,ref       ] GC(90) Skipped phase1 of Reference Processing due to unavailable references
[11.651s][debug][gc,ref       ] GC(90) Skipped phase3 of Reference Processing due to unavailable references
[11.651s][debug][gc,age       ] GC(90) Desired survivor size 15368192 bytes, new threshold 1 (max threshold 6)
[11.651s][info ][gc,heap      ] GC(90) ParNew: 244550K->30016K(270336K)
[11.651s][info ][gc,heap      ] GC(90) CMS: 140890K->175360K(600768K)
[11.651s][info ][gc,metaspace ] GC(90) Metaspace: 42340K->42340K(1087488K)
[11.651s][info ][gc           ] GC(90) Pause Young (Allocation Failure) 376M->200M(850M) 68.138ms
[11.651s][info ][gc,cpu       ] GC(90) User=0.23s Sys=0.01s Real=0.07s
[11.651s][info ][safepoint    ] Leaving safepoint region
[11.651s][info ][safepoint    ] Total time for which application threads were stopped: 0.0684027 seconds, Stopping threads took: 0.0000124 seconds
[11.693s][info ][safepoint    ] Application time: 0.0418208 seconds
[11.693s][info ][safepoint    ] Entering safepoint region: RevokeBias
[11.693s][info ][safepoint    ] Leaving safepoint region
[11.693s][info ][safepoint    ] Total time for which application threads were stopped: 0.0001263 seconds, Stopping threads took: 0.0000117 seconds
[11.712s][info ][safepoint    ] Application time: 0.0195663 seconds
[11.713s][info ][safepoint    ] Entering safepoint region: Deoptimize
[11.713s][info ][safepoint    ] Leaving safepoint region
[11.713s][info ][safepoint    ] Total time for which application threads were stopped: 0.0009285 seconds, Stopping threads took: 0.0000634 seconds
[11.723s][info ][safepoint    ] Application time: 0.0096313 seconds
[11.723s][info ][safepoint    ] Entering safepoint region: RevokeBias
[11.723s][info ][safepoint    ] Leaving safepoint region
[11.723s][info ][safepoint    ] Total time for which application threads were stopped: 0.0001427 seconds, Stopping threads took: 0.0000456 seconds
[11.845s][info ][safepoint    ] Application time: 0.1213339 seconds
[11.845s][info ][safepoint    ] Entering safepoint region: CollectForMetadataAllocation
[11.845s][info ][safepoint    ] Leaving safepoint region
[11.845s][info ][safepoint    ] Total time for which application threads were stopped: 0.0002164 seconds, Stopping threads took: 0.0000463 seconds
[11.862s][info ][safepoint    ] Application time: 0.0170322 seconds
[11.862s][info ][safepoint    ] Entering safepoint region: CollectForMetadataAllocation
[11.862s][info ][safepoint    ] Leaving safepoint region
[11.862s][info ][safepoint    ] Total time for which application threads were stopped: 0.0002036 seconds, Stopping threads took: 0.0000537 seconds
[11.930s][info ][safepoint    ] Application time: 0.0674676 seconds
[11.930s][info ][safepoint    ] Entering safepoint region: CollectForMetadataAllocation
[11.930s][info ][safepoint    ] Leaving safepoint region
[11.930s][info ][safepoint    ] Total time for which application threads were stopped: 0.0001835 seconds, Stopping threads took: 0.0000682 seconds
[11.965s][info ][safepoint    ] Application time: 0.0348102 seconds
[11.965s][info ][safepoint    ] Entering safepoint region: CollectForMetadataAllocation
[11.965s][info ][safepoint    ] Leaving safepoint region
[11.965s][info ][safepoint    ] Total time for which application threads were stopped: 0.0001163 seconds, Stopping threads took: 0.0000117 seconds
[11.973s][info ][safepoint    ] Application time: 0.0087100 seconds
[11.973s][info ][safepoint    ] Entering safepoint region: Deoptimize
[11.974s][info ][safepoint    ] Leaving safepoint region
[11.974s][info ][safepoint    ] Total time for which application threads were stopped: 0.0009771 seconds, Stopping threads took: 0.0000116 seconds
[11.980s][info ][safepoint    ] Application time: 0.0055180 seconds
[11.980s][info ][safepoint    ] Entering safepoint region: RevokeBias
[11.980s][info ][safepoint    ] Leaving safepoint region
[11.980s][info ][safepoint    ] Total time for which application threads were stopped: 0.0000708 seconds, Stopping threads took: 0.0000111 seconds
[12.083s][info ][safepoint    ] Application time: 0.1024526 seconds
[12.083s][info ][safepoint    ] Entering safepoint region: CollectForMetadataAllocation
[12.083s][info ][safepoint    ] Leaving safepoint region
[12.083s][info ][safepoint    ] Total time for which application threads were stopped: 0.0001552 seconds, Stopping threads took: 0.0000121 seconds
[12.123s][info ][safepoint    ] Application time: 0.0400176 seconds
[12.123s][info ][safepoint    ] Entering safepoint region: CollectForMetadataAllocation
[12.123s][info ][safepoint    ] Leaving safepoint region
[12.123s][info ][safepoint    ] Total time for which application threads were stopped: 0.0000951 seconds, Stopping threads took: 0.0000131 seconds
[12.134s][info ][safepoint    ] Application time: 0.0110262 seconds
[12.134s][info ][safepoint    ] Entering safepoint region: Deoptimize
[12.135s][info ][safepoint    ] Leaving safepoint region
[12.135s][info ][safepoint    ] Total time for which application threads were stopped: 0.0011478 seconds, Stopping threads took: 0.0000134 seconds
[12.181s][info ][safepoint    ] Application time: 0.0461682 seconds
[12.181s][info ][safepoint    ] Entering safepoint region: CollectForMetadataAllocation
[12.181s][info ][safepoint    ] Leaving safepoint region
[12.181s][info ][safepoint    ] Total time for which application threads were stopped: 0.0001425 seconds, Stopping threads took: 0.0000322 seconds
[12.246s][info ][safepoint    ] Application time: 0.0645505 seconds
[12.246s][info ][safepoint    ] Entering safepoint region: CollectForMetadataAllocation
[12.246s][info ][safepoint    ] Leaving safepoint region
[12.246s][info ][safepoint    ] Total time for which application threads were stopped: 0.0002331 seconds, Stopping threads took: 0.0000556 seconds
[12.347s][info ][safepoint    ] Application time: 0.1008068 seconds
[12.347s][info ][safepoint    ] Entering safepoint region: ICBufferFull
[12.347s][info ][safepoint    ] Leaving safepoint region
[12.347s][info ][safepoint    ] Total time for which application threads were stopped: 0.0001649 seconds, Stopping threads took: 0.0000134 seconds
[12.377s][info ][safepoint    ] Application time: 0.0293944 seconds
[12.377s][info ][safepoint    ] Entering safepoint region: CollectForMetadataAllocation
[12.377s][info ][safepoint    ] Leaving safepoint region
[12.377s][info ][safepoint    ] Total time for which application threads were stopped: 0.0002132 seconds, Stopping threads took: 0.0000343 seconds
[12.379s][info ][safepoint    ] Application time: 0.0022079 seconds
[12.379s][info ][safepoint    ] Entering safepoint region: Deoptimize
[12.380s][info ][safepoint    ] Leaving safepoint region
[12.380s][info ][safepoint    ] Total time for which application threads were stopped: 0.0010091 seconds, Stopping threads took: 0.0000117 seconds
[12.461s][info ][safepoint    ] Application time: 0.0810585 seconds
[12.461s][info ][safepoint    ] Entering safepoint region: ICBufferFull
[12.461s][info ][safepoint    ] Leaving safepoint region
[12.461s][info ][safepoint    ] Total time for which application threads were stopped: 0.0001865 seconds, Stopping threads took: 0.0000127 seconds
[12.512s][info ][safepoint    ] Application time: 0.0505946 seconds
[12.512s][info ][safepoint    ] Entering safepoint region: CollectForMetadataAllocation
[12.512s][info ][safepoint    ] Leaving safepoint region
[12.512s][info ][safepoint    ] Total time for which application threads were stopped: 0.0002164 seconds, Stopping threads took: 0.0000762 seconds
[12.609s][info ][safepoint    ] Application time: 0.0969953 seconds
[12.609s][info ][safepoint    ] Entering safepoint region: ICBufferFull
[12.609s][info ][safepoint    ] Leaving safepoint region
[12.609s][info ][safepoint    ] Total time for which application threads were stopped: 0.0002191 seconds, Stopping threads took: 0.0000497 seconds
[12.812s][info ][safepoint    ] Application time: 0.2028899 seconds
[12.813s][info ][safepoint    ] Entering safepoint region: ICBufferFull
[12.813s][info ][safepoint    ] Leaving safepoint region
[12.813s][info ][safepoint    ] Total time for which application threads were stopped: 0.0003759 seconds, Stopping threads took: 0.0001925 seconds
[13.009s][info ][safepoint    ] Application time: 0.1962033 seconds
[13.009s][info ][safepoint    ] Entering safepoint region: ICBufferFull
[13.009s][info ][safepoint    ] Leaving safepoint region
[13.009s][info ][safepoint    ] Total time for which application threads were stopped: 0.0001811 seconds, Stopping threads took: 0.0000135 seconds
[13.174s][info ][safepoint    ] Application time: 0.1642896 seconds
[13.174s][info ][safepoint    ] Entering safepoint region: ICBufferFull
[13.174s][info ][safepoint    ] Leaving safepoint region
[13.174s][info ][safepoint    ] Total time for which application threads were stopped: 0.0001985 seconds, Stopping threads took: 0.0000133 seconds
[13.560s][info ][safepoint    ] Application time: 0.3857623 seconds
[13.560s][info ][safepoint    ] Entering safepoint region: ICBufferFull
[13.560s][info ][safepoint    ] Leaving safepoint region
[13.560s][info ][safepoint    ] Total time for which application threads were stopped: 0.0001721 seconds, Stopping threads took: 0.0000123 seconds
[13.651s][info ][safepoint    ] Application time: 0.0912427 seconds
[13.651s][info ][safepoint    ] Entering safepoint region: CMS_Initial_Mark
[13.651s][info ][gc,start     ] GC(91) Pause Initial Mark
[13.677s][info ][gc           ] GC(91) Pause Initial Mark 334M->334M(850M) 25.970ms
[13.677s][info ][gc,cpu       ] GC(91) User=0.10s Sys=0.00s Real=0.03s
[13.677s][info ][safepoint    ] Leaving safepoint region
[13.677s][info ][safepoint    ] Total time for which application threads were stopped: 0.0261171 seconds, Stopping threads took: 0.0000152 seconds
[13.677s][info ][gc           ] GC(91) Concurrent Mark
[13.900s][info ][gc           ] GC(91) Concurrent Mark 222.989ms
[13.900s][info ][gc,cpu       ] GC(91) User=0.51s Sys=0.00s Real=0.22s
[13.900s][info ][gc           ] GC(91) Concurrent Preclean
[13.900s][debug][gc,ref       ] GC(91) Preclean SoftReferences 0.002ms
[13.900s][debug][gc,ref       ] GC(91) Preclean WeakReferences 0.021ms
[13.900s][debug][gc,ref       ] GC(91) Preclean FinalReferences 0.000ms
[13.900s][debug][gc,ref       ] GC(91) Preclean PhantomReferences 0.002ms
[13.905s][info ][gc           ] GC(91) Concurrent Preclean 5.023ms
[13.905s][info ][gc,cpu       ] GC(91) User=0.00s Sys=0.00s Real=0.01s
[13.905s][info ][gc           ] GC(91) Concurrent Abortable Preclean
[13.919s][info ][safepoint    ] Application time: 0.2423640 seconds
[13.920s][info ][safepoint    ] Entering safepoint region: ICBufferFull
[13.920s][info ][safepoint    ] Leaving safepoint region
[13.920s][info ][safepoint    ] Total time for which application threads were stopped: 0.0002349 seconds, Stopping threads took: 0.0000640 seconds
[13.926s][info ][safepoint    ] Application time: 0.0065690 seconds
[13.926s][info ][safepoint    ] Entering safepoint region: ICBufferFull
[13.927s][info ][safepoint    ] Leaving safepoint region
[13.927s][info ][safepoint    ] Total time for which application threads were stopped: 0.0002057 seconds, Stopping threads took: 0.0000135 seconds
[13.929s][info ][safepoint    ] Application time: 0.0023740 seconds
[13.929s][info ][safepoint    ] Entering safepoint region: ICBufferFull
[13.929s][info ][safepoint    ] Leaving safepoint region
[13.929s][info ][safepoint    ] Total time for which application threads were stopped: 0.0001961 seconds, Stopping threads took: 0.0000094 seconds
[14.210s][info ][safepoint    ] Application time: 0.2811344 seconds
[14.210s][info ][safepoint    ] Entering safepoint region: CollectForMetadataAllocation
[14.211s][info ][safepoint    ] Leaving safepoint region
[14.211s][info ][safepoint    ] Total time for which application threads were stopped: 0.0002716 seconds, Stopping threads took: 0.0000457 seconds
[15.211s][info ][safepoint    ] Application time: 1.0000946 seconds
[15.211s][info ][safepoint    ] Entering safepoint region: Cleanup
[15.211s][info ][safepoint    ] Leaving safepoint region
[15.211s][info ][safepoint    ] Total time for which application threads were stopped: 0.0002896 seconds, Stopping threads took: 0.0000966 seconds
[15.463s][info ][safepoint    ] Application time: 0.2516897 seconds
[15.463s][info ][safepoint    ] Entering safepoint region: Deoptimize
[15.464s][info ][safepoint    ] Leaving safepoint region
[15.464s][info ][safepoint    ] Total time for which application threads were stopped: 0.0011396 seconds, Stopping threads took: 0.0000123 seconds
[16.158s][info ][safepoint    ] Application time: 0.6943269 seconds
[16.158s][info ][safepoint    ] Entering safepoint region: ICBufferFull
[16.158s][info ][safepoint    ] Leaving safepoint region
[16.158s][info ][safepoint    ] Total time for which application threads were stopped: 0.0001916 seconds, Stopping threads took: 0.0000134 seconds
[16.359s][info ][safepoint    ] Application time: 0.2008253 seconds
[16.359s][info ][safepoint    ] Entering safepoint region: GenCollectForAllocation
[16.359s][info ][gc,start     ] GC(92) Pause Young (Allocation Failure)
[16.359s][info ][gc,task      ] GC(92) Using 4 workers of 4 for evacuation
[16.389s][debug][gc,ref       ] GC(92) Skipped phase1 of Reference Processing due to unavailable references
[16.389s][debug][gc,ref       ] GC(92) Skipped phase3 of Reference Processing due to unavailable references
[16.389s][debug][gc,age       ] GC(92) Desired survivor size 15368192 bytes, new threshold 1 (max threshold 6)
[16.389s][info ][gc,heap      ] GC(92) ParNew: 270336K->23272K(270336K)
[16.389s][info ][gc,heap      ] GC(92) CMS: 175360K->194098K(600768K)
[16.389s][info ][gc,metaspace ] GC(92) Metaspace: 46012K->46012K(1091584K)
[16.389s][info ][gc           ] GC(92) Pause Young (Allocation Failure) 435M->212M(850M) 29.608ms
[16.389s][info ][gc,cpu       ] GC(92) User=0.10s Sys=0.00s Real=0.03s
[16.389s][info ][safepoint    ] Leaving safepoint region
[16.389s][info ][safepoint    ] Total time for which application threads were stopped: 0.0298344 seconds, Stopping threads took: 0.0000646 seconds
[17.389s][info ][safepoint    ] Application time: 1.0001325 seconds
[17.389s][info ][safepoint    ] Entering safepoint region: Cleanup
[17.389s][info ][safepoint    ] Leaving safepoint region
[17.389s][info ][safepoint    ] Total time for which application threads were stopped: 0.0001832 seconds, Stopping threads took: 0.0000145 seconds
[18.390s][info ][safepoint    ] Application time: 1.0000859 seconds
[18.390s][info ][safepoint    ] Entering safepoint region: Cleanup
[18.390s][info ][safepoint    ] Leaving safepoint region
[18.390s][info ][safepoint    ] Total time for which application threads were stopped: 0.0001850 seconds, Stopping threads took: 0.0000141 seconds
[19.022s][info ][gc           ] GC(91) Concurrent Abortable Preclean 5116.604ms
[19.022s][info ][gc,cpu       ] GC(91) User=7.06s Sys=0.15s Real=5.11s
[19.022s][info ][safepoint    ] Application time: 0.6321811 seconds
[19.022s][info ][safepoint    ] Entering safepoint region: CMS_Final_Remark
[19.022s][info ][gc,start     ] GC(91) Pause Remark
[19.042s][debug][gc,phases    ] GC(91) Rescan (parallel) 19.594ms
[19.042s][debug][gc,ref       ] GC(91) Skipped phase1 of Reference Processing due to unavailable references
[19.042s][debug][gc,ref       ] GC(91) Skipped phase2 of Reference Processing due to unavailable references
[19.042s][debug][gc,ref       ] GC(91) Skipped phase3 of Reference Processing due to unavailable references
[19.042s][debug][gc,ref       ] GC(91) Skipped phase4 of Reference Processing due to unavailable references
[19.042s][debug][gc,phases    ] GC(91) Reference Processing 0.030ms
[19.042s][debug][gc,phases    ] GC(91) Weak Processing 0.123ms
[19.043s][debug][gc,phases    ] GC(91) ClassLoaderData 0.872ms
[19.043s][debug][gc,phases    ] GC(91) Dictionary 0.017ms
[19.043s][debug][gc,phases    ] GC(91) ProtectionDomainCacheTable 0.004ms
[19.043s][debug][gc,phases    ] GC(91) ResolvedMethodTable 0.121ms
[19.065s][debug][gc,phases    ] GC(91) Class Unloading 22.676ms
[19.068s][debug][gc,phases    ] GC(91) Scrub Symbol Table 2.967ms
[19.068s][debug][gc,phases    ] GC(91) Scrub String Table 0.323ms
[19.069s][info ][gc           ] GC(91) Pause Remark 304M->304M(850M) 46.599ms
[19.069s][info ][gc,cpu       ] GC(91) User=0.11s Sys=0.00s Real=0.05s
[19.069s][info ][safepoint    ] Leaving safepoint region
[19.069s][info ][safepoint    ] Total time for which application threads were stopped: 0.0467927 seconds, Stopping threads took: 0.0000311 seconds
[19.069s][info ][gc           ] GC(91) Concurrent Sweep
[19.072s][info ][safepoint    ] Application time: 0.0036814 seconds
[19.072s][info ][safepoint    ] Entering safepoint region: ICBufferFull
[19.073s][info ][safepoint    ] Leaving safepoint region
[19.073s][info ][safepoint    ] Total time for which application threads were stopped: 0.0002285 seconds, Stopping threads took: 0.0000114 seconds
[19.172s][info ][gc           ] GC(91) Concurrent Sweep 103.309ms
[19.172s][info ][gc,cpu       ] GC(91) User=0.14s Sys=0.00s Real=0.11s
[19.172s][info ][gc           ] GC(91) Concurrent Reset
[19.182s][info ][gc           ] GC(91) Concurrent Reset 9.572ms
[19.182s][info ][gc,cpu       ] GC(91) User=0.01s Sys=0.00s Real=0.00s
[19.182s][info ][gc,heap      ] GC(91) Old: 175360K->166983K(600768K)
[20.073s][info ][safepoint    ] Application time: 1.0000852 seconds
[20.073s][info ][safepoint    ] Entering safepoint region: Cleanup
[20.073s][info ][safepoint    ] Leaving safepoint region
[20.073s][info ][safepoint    ] Total time for which application threads were stopped: 0.0002841 seconds, Stopping threads took: 0.0000273 seconds
[21.062s][info ][safepoint    ] Application time: 0.9890813 seconds
[21.062s][info ][safepoint    ] Entering safepoint region: RevokeBias
[21.062s][info ][safepoint    ] Leaving safepoint region
[21.062s][info ][safepoint    ] Total time for which application threads were stopped: 0.0002642 seconds, Stopping threads took: 0.0000586 seconds
[21.065s][info ][safepoint    ] Application time: 0.0021890 seconds
[21.065s][info ][safepoint    ] Entering safepoint region: RevokeBias
[21.065s][info ][safepoint    ] Leaving safepoint region
[21.065s][info ][safepoint    ] Total time for which application threads were stopped: 0.0001200 seconds, Stopping threads took: 0.0000641 seconds
[21.071s][info ][safepoint    ] Application time: 0.0062399 seconds
[21.071s][info ][safepoint    ] Entering safepoint region: RevokeBias
[21.071s][info ][safepoint    ] Leaving safepoint region
[21.071s][info ][safepoint    ] Total time for which application threads were stopped: 0.0000693 seconds, Stopping threads took: 0.0000114 seconds
[21.072s][info ][safepoint    ] Application time: 0.0004272 seconds
[21.072s][info ][safepoint    ] Entering safepoint region: RevokeBias
[21.072s][info ][safepoint    ] Leaving safepoint region
[21.072s][info ][safepoint    ] Total time for which application threads were stopped: 0.0000392 seconds, Stopping threads took: 0.0000051 seconds
[21.106s][info ][safepoint    ] Application time: 0.0343811 seconds
[21.106s][info ][safepoint    ] Entering safepoint region: Deoptimize
[21.107s][info ][safepoint    ] Leaving safepoint region
[21.107s][info ][safepoint    ] Total time for which application threads were stopped: 0.0013241 seconds, Stopping threads took: 0.0000117 seconds
[21.193s][info ][safepoint    ] Application time: 0.0853768 seconds
[21.193s][info ][safepoint    ] Entering safepoint region: RevokeBias
[21.193s][info ][safepoint    ] Leaving safepoint region
[21.193s][info ][safepoint    ] Total time for which application threads were stopped: 0.0000991 seconds, Stopping threads took: 0.0000262 seconds
[21.210s][info ][safepoint    ] Application time: 0.0175102 seconds
[21.210s][info ][safepoint    ] Entering safepoint region: RevokeBias
[21.211s][info ][safepoint    ] Leaving safepoint region
[21.211s][info ][safepoint    ] Total time for which application threads were stopped: 0.0001491 seconds, Stopping threads took: 0.0000607 seconds
[21.212s][info ][safepoint    ] Application time: 0.0018517 seconds
[21.212s][info ][safepoint    ] Entering safepoint region: RevokeBias
[21.213s][info ][safepoint    ] Leaving safepoint region
[21.213s][info ][safepoint    ] Total time for which application threads were stopped: 0.0001289 seconds, Stopping threads took: 0.0000507 seconds
[22.125s][info ][safepoint    ] Application time: 0.9122764 seconds
[22.125s][info ][safepoint    ] Entering safepoint region: RevokeBias
[22.125s][info ][safepoint    ] Leaving safepoint region
[22.125s][info ][safepoint    ] Total time for which application threads were stopped: 0.0001025 seconds, Stopping threads took: 0.0000122 seconds
[22.162s][info ][safepoint    ] Application time: 0.0373615 seconds
[22.162s][info ][safepoint    ] Entering safepoint region: Deoptimize
[22.164s][info ][safepoint    ] Leaving safepoint region
[22.164s][info ][safepoint    ] Total time for which application threads were stopped: 0.0011318 seconds, Stopping threads took: 0.0000129 seconds
[22.413s][info ][safepoint    ] Application time: 0.2496314 seconds
[22.413s][info ][safepoint    ] Entering safepoint region: RevokeBias
[22.413s][info ][safepoint    ] Leaving safepoint region
[22.413s][info ][safepoint    ] Total time for which application threads were stopped: 0.0001715 seconds, Stopping threads took: 0.0000126 seconds
[22.414s][info ][safepoint    ] Application time: 0.0009453 seconds
[22.414s][info ][safepoint    ] Entering safepoint region: RevokeBias
[22.414s][info ][safepoint    ] Leaving safepoint region
[22.414s][info ][safepoint    ] Total time for which application threads were stopped: 0.0000611 seconds, Stopping threads took: 0.0000065 seconds
[22.431s][info ][safepoint    ] Application time: 0.0166147 seconds
[22.431s][info ][safepoint    ] Entering safepoint region: Deoptimize
[22.432s][info ][safepoint    ] Leaving safepoint region
[22.432s][info ][safepoint    ] Total time for which application threads were stopped: 0.0011678 seconds, Stopping threads took: 0.0000127 seconds
[22.433s][info ][safepoint    ] Application time: 0.0008014 seconds
[22.433s][info ][safepoint    ] Entering safepoint region: RevokeBias
[22.433s][info ][safepoint    ] Leaving safepoint region
[22.433s][info ][safepoint    ] Total time for which application threads were stopped: 0.0000513 seconds, Stopping threads took: 0.0000081 seconds
[22.433s][info ][safepoint    ] Application time: 0.0000597 seconds
[22.433s][info ][safepoint    ] Entering safepoint region: RevokeBias
[22.433s][info ][safepoint    ] Leaving safepoint region
[22.433s][info ][safepoint    ] Total time for which application threads were stopped: 0.0000226 seconds, Stopping threads took: 0.0000051 seconds
[22.433s][info ][safepoint    ] Application time: 0.0000448 seconds
[22.433s][info ][safepoint    ] Entering safepoint region: RevokeBias
[22.433s][info ][safepoint    ] Leaving safepoint region
[22.433s][info ][safepoint    ] Total time for which application threads were stopped: 0.0000215 seconds, Stopping threads took: 0.0000048 seconds
[22.433s][info ][safepoint    ] Application time: 0.0000376 seconds
[22.433s][info ][safepoint    ] Entering safepoint region: RevokeBias
[22.433s][info ][safepoint    ] Leaving safepoint region
[22.433s][info ][safepoint    ] Total time for which application threads were stopped: 0.0000219 seconds, Stopping threads took: 0.0000049 seconds
[22.439s][info ][safepoint    ] Application time: 0.0054367 seconds
[22.439s][info ][safepoint    ] Entering safepoint region: RevokeBias
[22.439s][info ][safepoint    ] Leaving safepoint region
[22.439s][info ][safepoint    ] Total time for which application threads were stopped: 0.0000597 seconds, Stopping threads took: 0.0000129 seconds
[22.444s][info ][safepoint    ] Application time: 0.0050699 seconds
[22.444s][info ][safepoint    ] Entering safepoint region: RevokeBias
[22.444s][info ][safepoint    ] Leaving safepoint region
[22.444s][info ][safepoint    ] Total time for which application threads were stopped: 0.0000520 seconds, Stopping threads took: 0.0000103 seconds
[22.461s][info ][safepoint    ] Application time: 0.0173522 seconds
[22.461s][info ][safepoint    ] Entering safepoint region: RevokeBias
[22.461s][info ][safepoint    ] Leaving safepoint region
[22.461s][info ][safepoint    ] Total time for which application threads were stopped: 0.0001307 seconds, Stopping threads took: 0.0000565 seconds
[22.462s][info ][safepoint    ] Application time: 0.0000844 seconds
[22.462s][info ][safepoint    ] Entering safepoint region: RevokeBias
[22.462s][info ][safepoint    ] Leaving safepoint region
[22.462s][info ][safepoint    ] Total time for which application threads were stopped: 0.0000626 seconds, Stopping threads took: 0.0000379 seconds
[22.495s][info ][safepoint    ] Application time: 0.0333050 seconds
[22.495s][info ][safepoint    ] Entering safepoint region: Deoptimize
[22.496s][info ][safepoint    ] Leaving safepoint region
[22.496s][info ][safepoint    ] Total time for which application threads were stopped: 0.0012191 seconds, Stopping threads took: 0.0000127 seconds
[22.535s][info ][safepoint    ] Application time: 0.0385972 seconds
[22.535s][info ][safepoint    ] Entering safepoint region: Deoptimize
[22.536s][info ][safepoint    ] Leaving safepoint region
[22.536s][info ][safepoint    ] Total time for which application threads were stopped: 0.0012012 seconds, Stopping threads took: 0.0000134 seconds
[22.552s][info ][safepoint    ] Application time: 0.0164069 seconds
[22.552s][info ][safepoint    ] Entering safepoint region: RevokeBias
[22.553s][info ][safepoint    ] Leaving safepoint region
[22.553s][info ][safepoint    ] Total time for which application threads were stopped: 0.0000777 seconds, Stopping threads took: 0.0000124 seconds
[22.553s][info ][safepoint    ] Application time: 0.0000544 seconds
[22.553s][info ][safepoint    ] Entering safepoint region: RevokeBias
[22.553s][info ][safepoint    ] Leaving safepoint region
[22.553s][info ][safepoint    ] Total time for which application threads were stopped: 0.0000721 seconds, Stopping threads took: 0.0000115 seconds
[22.553s][info ][safepoint    ] Application time: 0.0001033 seconds
[22.553s][info ][safepoint    ] Entering safepoint region: RevokeBias
[22.553s][info ][safepoint    ] Leaving safepoint region
[22.553s][info ][safepoint    ] Total time for which application threads were stopped: 0.0000620 seconds, Stopping threads took: 0.0000049 seconds
[22.553s][info ][safepoint    ] Application time: 0.0000529 seconds
[22.553s][info ][safepoint    ] Entering safepoint region: RevokeBias
[22.553s][info ][safepoint    ] Leaving safepoint region
[22.553s][info ][safepoint    ] Total time for which application threads were stopped: 0.0000237 seconds, Stopping threads took: 0.0000047 seconds
[22.644s][info ][safepoint    ] Application time: 0.0909179 seconds
[22.644s][info ][safepoint    ] Entering safepoint region: RevokeBias
[22.644s][info ][safepoint    ] Leaving safepoint region
[22.644s][info ][safepoint    ] Total time for which application threads were stopped: 0.0001729 seconds, Stopping threads took: 0.0000606 seconds
[22.758s][info ][safepoint    ] Application time: 0.1141295 seconds
[22.758s][info ][safepoint    ] Entering safepoint region: Deoptimize
[22.759s][info ][safepoint    ] Leaving safepoint region
[22.759s][info ][safepoint    ] Total time for which application threads were stopped: 0.0012339 seconds, Stopping threads took: 0.0000650 seconds
[22.760s][info ][safepoint    ] Application time: 0.0002947 seconds
[22.760s][info ][safepoint    ] Entering safepoint region: Deoptimize
[22.761s][info ][safepoint    ] Leaving safepoint region
[22.761s][info ][safepoint    ] Total time for which application threads were stopped: 0.0010130 seconds, Stopping threads took: 0.0000478 seconds
[22.762s][info ][safepoint    ] Application time: 0.0009425 seconds
[22.762s][info ][safepoint    ] Entering safepoint region: RevokeBias
[22.762s][info ][safepoint    ] Leaving safepoint region
[22.762s][info ][safepoint    ] Total time for which application threads were stopped: 0.0000847 seconds, Stopping threads took: 0.0000461 seconds
[22.762s][info ][safepoint    ] Application time: 0.0003676 seconds
[22.762s][info ][safepoint    ] Entering safepoint region: Deoptimize
[22.763s][info ][safepoint    ] Leaving safepoint region
[22.763s][info ][safepoint    ] Total time for which application threads were stopped: 0.0005723 seconds, Stopping threads took: 0.0000426 seconds
[22.766s][info ][safepoint    ] Application time: 0.0034735 seconds
[22.766s][info ][safepoint    ] Entering safepoint region: RevokeBias
[22.766s][info ][safepoint    ] Leaving safepoint region
[22.766s][info ][safepoint    ] Total time for which application threads were stopped: 0.0000697 seconds, Stopping threads took: 0.0000196 seconds
[22.813s][info ][safepoint    ] Application time: 0.0466780 seconds
[22.813s][info ][safepoint    ] Entering safepoint region: RevokeBias
[22.813s][info ][safepoint    ] Leaving safepoint region
[22.813s][info ][safepoint    ] Total time for which application threads were stopped: 0.0000847 seconds, Stopping threads took: 0.0000152 seconds
[22.819s][info ][safepoint    ] Application time: 0.0057827 seconds
[22.819s][info ][safepoint    ] Entering safepoint region: Deoptimize
[22.820s][info ][safepoint    ] Leaving safepoint region
[22.820s][info ][safepoint    ] Total time for which application threads were stopped: 0.0011574 seconds, Stopping threads took: 0.0000105 seconds
[22.860s][info ][safepoint    ] Application time: 0.0398633 seconds
[22.860s][info ][safepoint    ] Entering safepoint region: GenCollectForAllocation
[22.860s][info ][gc,start     ] GC(93) Pause Young (Allocation Failure)
[22.860s][info ][gc,task      ] GC(93) Using 4 workers of 4 for evacuation
[22.876s][debug][gc,ref       ] GC(93) Skipped phase1 of Reference Processing due to unavailable references
[22.876s][debug][gc,age       ] GC(93) Desired survivor size 15368192 bytes, new threshold 6 (max threshold 6)
[22.876s][info ][gc,heap      ] GC(93) ParNew: 263592K->17615K(270336K)
[22.876s][info ][gc,heap      ] GC(93) CMS: 166983K->183023K(600768K)
[22.876s][info ][gc,metaspace ] GC(93) Metaspace: 53209K->53209K(1097728K)
[22.876s][info ][gc           ] GC(93) Pause Young (Allocation Failure) 420M->195M(850M) 16.137ms
[22.876s][info ][gc,cpu       ] GC(93) User=0.08s Sys=0.00s Real=0.02s
[22.876s][info ][safepoint    ] Leaving safepoint region
[22.876s][info ][safepoint    ] Total time for which application threads were stopped: 0.0163156 seconds, Stopping threads took: 0.0000135 seconds
[22.975s][info ][safepoint    ] Application time: 0.0989802 seconds
[22.975s][info ][safepoint    ] Entering safepoint region: RevokeBias
[22.976s][info ][safepoint    ] Leaving safepoint region
[22.976s][info ][safepoint    ] Total time for which application threads were stopped: 0.0002013 seconds, Stopping threads took: 0.0000665 seconds
[22.977s][info ][safepoint    ] Application time: 0.0011581 seconds
[22.977s][info ][safepoint    ] Entering safepoint region: RevokeBias
[22.977s][info ][safepoint    ] Leaving safepoint region
[22.977s][info ][safepoint    ] Total time for which application threads were stopped: 0.0000892 seconds, Stopping threads took: 0.0000444 seconds
[23.097s][info ][safepoint    ] Application time: 0.1203822 seconds
[23.097s][info ][safepoint    ] Entering safepoint region: RevokeBias
[23.097s][info ][safepoint    ] Leaving safepoint region
[23.097s][info ][safepoint    ] Total time for which application threads were stopped: 0.0002262 seconds, Stopping threads took: 0.0000696 seconds
[23.098s][info ][safepoint    ] Application time: 0.0004573 seconds
[23.098s][info ][safepoint    ] Entering safepoint region: RevokeBias
[23.098s][info ][safepoint    ] Leaving safepoint region
[23.098s][info ][safepoint    ] Total time for which application threads were stopped: 0.0000596 seconds, Stopping threads took: 0.0000211 seconds
[23.195s][info ][safepoint    ] Application time: 0.0969137 seconds
[23.195s][info ][safepoint    ] Entering safepoint region: ICBufferFull
[23.195s][info ][safepoint    ] Leaving safepoint region
[23.195s][info ][safepoint    ] Total time for which application threads were stopped: 0.0002093 seconds, Stopping threads took: 0.0000112 seconds
[23.529s][info ][safepoint    ] Application time: 0.3337513 seconds
[23.529s][info ][safepoint    ] Entering safepoint region: ICBufferFull
[23.529s][info ][safepoint    ] Leaving safepoint region
[23.529s][info ][safepoint    ] Total time for which application threads were stopped: 0.0003010 seconds, Stopping threads took: 0.0000730 seconds
[24.075s][info ][safepoint    ] Application time: 0.5453829 seconds
[24.075s][info ][safepoint    ] Entering safepoint region: ICBufferFull
[24.075s][info ][safepoint    ] Leaving safepoint region
[24.075s][info ][safepoint    ] Total time for which application threads were stopped: 0.0002307 seconds, Stopping threads took: 0.0000124 seconds
[24.659s][info ][safepoint    ] Application time: 0.5844790 seconds
[24.659s][info ][safepoint    ] Entering safepoint region: ICBufferFull
[24.660s][info ][safepoint    ] Leaving safepoint region
[24.660s][info ][safepoint    ] Total time for which application threads were stopped: 0.0002176 seconds, Stopping threads took: 0.0000142 seconds
[25.018s][info ][safepoint    ] Application time: 0.3582228 seconds
[25.018s][info ][safepoint    ] Entering safepoint region: GenCollectForAllocation
[25.018s][info ][gc,start     ] GC(94) Pause Young (Allocation Failure)
[25.018s][info ][gc,task      ] GC(94) Using 4 workers of 4 for evacuation
[25.028s][debug][gc,ref       ] GC(94) Skipped phase1 of Reference Processing due to unavailable references
[25.028s][debug][gc,ref       ] GC(94) Skipped phase3 of Reference Processing due to unavailable references
[25.028s][debug][gc,age       ] GC(94) Desired survivor size 15368192 bytes, new threshold 1 (max threshold 6)
[25.028s][info ][gc,heap      ] GC(94) ParNew: 257935K->30016K(270336K)
[25.028s][info ][gc,heap      ] GC(94) CMS: 183023K->184073K(600768K)
[25.028s][info ][gc,metaspace ] GC(94) Metaspace: 54343K->54343K(1097728K)
[25.029s][info ][gc           ] GC(94) Pause Young (Allocation Failure) 430M->209M(850M) 10.447ms
[25.029s][info ][gc,cpu       ] GC(94) User=0.04s Sys=0.00s Real=0.01s
[25.029s][info ][safepoint    ] Leaving safepoint region
[25.029s][info ][safepoint    ] Total time for which application threads were stopped: 0.0106923 seconds, Stopping threads took: 0.0000141 seconds
[25.672s][info ][safepoint    ] Application time: 0.6429652 seconds
[25.672s][info ][safepoint    ] Entering safepoint region: ICBufferFull
[25.672s][info ][safepoint    ] Leaving safepoint region
[25.672s][info ][safepoint    ] Total time for which application threads were stopped: 0.0001905 seconds, Stopping threads took: 0.0000130 seconds
[26.672s][info ][safepoint    ] Application time: 1.0000978 seconds
[26.672s][info ][safepoint    ] Entering safepoint region: Cleanup
[26.672s][info ][safepoint    ] Leaving safepoint region
[26.672s][info ][safepoint    ] Total time for which application threads were stopped: 0.0002014 seconds, Stopping threads took: 0.0000128 seconds
[27.672s][info ][safepoint    ] Application time: 1.0001526 seconds
[27.672s][info ][safepoint    ] Entering safepoint region: Cleanup
[27.672s][info ][safepoint    ] Leaving safepoint region
[27.672s][info ][safepoint    ] Total time for which application threads were stopped: 0.0001649 seconds, Stopping threads took: 0.0000173 seconds
[27.762s][info ][safepoint    ] Application time: 0.0898405 seconds
[27.762s][info ][safepoint    ] Entering safepoint region: RevokeBias
[27.762s][info ][safepoint    ] Leaving safepoint region
[27.762s][info ][safepoint    ] Total time for which application threads were stopped: 0.0001157 seconds, Stopping threads took: 0.0000525 seconds
[27.763s][info ][safepoint    ] Application time: 0.0001265 seconds
[27.763s][info ][safepoint    ] Entering safepoint region: RevokeBias
[27.763s][info ][safepoint    ] Leaving safepoint region
[27.763s][info ][safepoint    ] Total time for which application threads were stopped: 0.0000467 seconds, Stopping threads took: 0.0000276 seconds
[28.763s][info ][safepoint    ] Application time: 1.0001746 seconds
[28.763s][info ][safepoint    ] Entering safepoint region: Cleanup
[28.763s][info ][safepoint    ] Leaving safepoint region
[28.763s][info ][safepoint    ] Total time for which application threads were stopped: 0.0002298 seconds, Stopping threads took: 0.0000712 seconds
[29.712s][info ][safepoint    ] Application time: 0.9484727 seconds
[29.712s][info ][safepoint    ] Entering safepoint region: GenCollectForAllocation
[29.712s][info ][gc,start     ] GC(95) Pause Young (Allocation Failure)
[29.712s][info ][gc,task      ] GC(95) Using 4 workers of 4 for evacuation
[29.728s][debug][gc,ref       ] GC(95) Skipped phase1 of Reference Processing due to unavailable references
[29.728s][debug][gc,ref       ] GC(95) Skipped phase3 of Reference Processing due to unavailable references
[29.729s][debug][gc,age       ] GC(95) Desired survivor size 15368192 bytes, new threshold 6 (max threshold 6)
[29.729s][info ][gc,heap      ] GC(95) ParNew: 270336K->11328K(270336K)
[29.729s][info ][gc,heap      ] GC(95) CMS: 184073K->213872K(600768K)
[29.729s][info ][gc,metaspace ] GC(95) Metaspace: 54661K->54661K(1099776K)
[29.729s][info ][gc           ] GC(95) Pause Young (Allocation Failure) 443M->219M(850M) 16.901ms
[29.729s][info ][gc,cpu       ] GC(95) User=0.05s Sys=0.00s Real=0.02s
[29.729s][info ][safepoint    ] Leaving safepoint region
[29.729s][info ][safepoint    ] Total time for which application threads were stopped: 0.0170864 seconds, Stopping threads took: 0.0000149 seconds
[30.729s][info ][safepoint    ] Application time: 1.0001599 seconds
[30.729s][info ][safepoint    ] Entering safepoint region: Cleanup
[30.729s][info ][safepoint    ] Leaving safepoint region
[30.729s][info ][safepoint    ] Total time for which application threads were stopped: 0.0001051 seconds, Stopping threads took: 0.0000166 seconds
[31.729s][info ][safepoint    ] Application time: 1.0001018 seconds
[31.729s][info ][safepoint    ] Entering safepoint region: Cleanup
[31.729s][info ][safepoint    ] Leaving safepoint region
[31.729s][info ][safepoint    ] Total time for which application threads were stopped: 0.0001053 seconds, Stopping threads took: 0.0000280 seconds
[32.729s][info ][safepoint    ] Application time: 1.0000907 seconds
[32.729s][info ][safepoint    ] Entering safepoint region: Cleanup
[32.729s][info ][safepoint    ] Leaving safepoint region
[32.729s][info ][safepoint    ] Total time for which application threads were stopped: 0.0001198 seconds, Stopping threads took: 0.0000159 seconds
[32.763s][info ][safepoint    ] Application time: 0.0333748 seconds
[32.763s][info ][safepoint    ] Entering safepoint region: RevokeBias
[32.763s][info ][safepoint    ] Leaving safepoint region
[32.763s][info ][safepoint    ] Total time for which application threads were stopped: 0.0001432 seconds, Stopping threads took: 0.0000610 seconds
[32.764s][info ][safepoint    ] Application time: 0.0008724 seconds
[32.764s][info ][safepoint    ] Entering safepoint region: RevokeBias
[32.764s][info ][safepoint    ] Leaving safepoint region
[32.764s][info ][safepoint    ] Total time for which application threads were stopped: 0.0001291 seconds, Stopping threads took: 0.0000490 seconds
[32.764s][info ][safepoint    ] Application time: 0.0002200 seconds
[32.764s][info ][safepoint    ] Entering safepoint region: RevokeBias
[32.764s][info ][safepoint    ] Leaving safepoint region
[32.764s][info ][safepoint    ] Total time for which application threads were stopped: 0.0000781 seconds, Stopping threads took: 0.0000542 seconds
[32.764s][info ][safepoint    ] Application time: 0.0000925 seconds
[32.764s][info ][safepoint    ] Entering safepoint region: RevokeBias
[32.765s][info ][safepoint    ] Leaving safepoint region
[32.765s][info ][safepoint    ] Total time for which application threads were stopped: 0.0001099 seconds, Stopping threads took: 0.0000487 seconds
[32.765s][info ][safepoint    ] Application time: 0.0001120 seconds
[32.765s][info ][safepoint    ] Entering safepoint region: RevokeBias
[32.765s][info ][safepoint    ] Leaving safepoint region
[32.765s][info ][safepoint    ] Total time for which application threads were stopped: 0.0000595 seconds, Stopping threads took: 0.0000354 seconds
[32.765s][info ][safepoint    ] Application time: 0.0001323 seconds
[32.765s][info ][safepoint    ] Entering safepoint region: RevokeBias
[32.765s][info ][safepoint    ] Leaving safepoint region
[32.765s][info ][safepoint    ] Total time for which application threads were stopped: 0.0000537 seconds, Stopping threads took: 0.0000323 seconds
[33.765s][info ][safepoint    ] Application time: 1.0001019 seconds
[33.765s][info ][safepoint    ] Entering safepoint region: Cleanup
[33.765s][info ][safepoint    ] Leaving safepoint region
[33.765s][info ][safepoint    ] Total time for which application threads were stopped: 0.0001508 seconds, Stopping threads took: 0.0000555 seconds
[34.618s][info ][safepoint    ] Application time: 0.8525303 seconds
[34.618s][info ][safepoint    ] Entering safepoint region: ICBufferFull
[34.618s][info ][safepoint    ] Leaving safepoint region
[34.618s][info ][safepoint    ] Total time for which application threads were stopped: 0.0003173 seconds, Stopping threads took: 0.0000673 seconds
[34.619s][info ][safepoint    ] Application time: 0.0012647 seconds
[34.619s][info ][safepoint    ] Entering safepoint region: GenCollectForAllocation
[34.619s][info ][gc,start     ] GC(96) Pause Young (Allocation Failure)
[34.620s][info ][gc,task      ] GC(96) Using 4 workers of 4 for evacuation
[34.622s][debug][gc,ref       ] GC(96) Skipped phase1 of Reference Processing due to unavailable references
[34.622s][debug][gc,ref       ] GC(96) Skipped phase3 of Reference Processing due to unavailable references
[34.622s][debug][gc,age       ] GC(96) Desired survivor size 15368192 bytes, new threshold 6 (max threshold 6)
[34.622s][info ][gc,heap      ] GC(96) ParNew: 251648K->2885K(270336K)
[34.622s][info ][gc,heap      ] GC(96) CMS: 213872K->213872K(600768K)
[34.622s][info ][gc,metaspace ] GC(96) Metaspace: 54821K->54821K(1099776K)
[34.622s][info ][gc           ] GC(96) Pause Young (Allocation Failure) 454M->211M(850M) 2.417ms
[34.622s][info ][gc,cpu       ] GC(96) User=0.01s Sys=0.00s Real=0.00s
[34.622s][info ][safepoint    ] Leaving safepoint region
[34.622s][info ][safepoint    ] Total time for which application threads were stopped: 0.0025511 seconds, Stopping threads took: 0.0000254 seconds
[35.622s][info ][safepoint    ] Application time: 1.0001689 seconds
[35.622s][info ][safepoint    ] Entering safepoint region: Cleanup
[35.622s][info ][safepoint    ] Leaving safepoint region
[35.622s][info ][safepoint    ] Total time for which application threads were stopped: 0.0001508 seconds, Stopping threads took: 0.0000138 seconds
[36.622s][info ][safepoint    ] Application time: 1.0000959 seconds
[36.622s][info ][safepoint    ] Entering safepoint region: Cleanup
[36.623s][info ][safepoint    ] Leaving safepoint region
[36.623s][info ][safepoint    ] Total time for which application threads were stopped: 0.0001016 seconds, Stopping threads took: 0.0000153 seconds
[37.623s][info ][safepoint    ] Application time: 1.0000926 seconds
[37.623s][info ][safepoint    ] Entering safepoint region: Cleanup
[37.623s][info ][safepoint    ] Leaving safepoint region
[37.623s][info ][safepoint    ] Total time for which application threads were stopped: 0.0000814 seconds, Stopping threads took: 0.0000137 seconds
[38.623s][info ][safepoint    ] Application time: 1.0001221 seconds
[38.623s][info ][safepoint    ] Entering safepoint region: Cleanup
[38.623s][info ][safepoint    ] Leaving safepoint region
[38.623s][info ][safepoint    ] Total time for which application threads were stopped: 0.0000820 seconds, Stopping threads took: 0.0000144 seconds
[39.623s][info ][safepoint    ] Application time: 1.0000967 seconds
[39.623s][info ][safepoint    ] Entering safepoint region: Cleanup
[39.623s][info ][safepoint    ] Leaving safepoint region
[39.623s][info ][safepoint    ] Total time for which application threads were stopped: 0.0000931 seconds, Stopping threads took: 0.0000251 seconds
[39.810s][info ][safepoint    ] Application time: 0.1871803 seconds
[39.810s][info ][safepoint    ] Entering safepoint region: GenCollectForAllocation
[39.810s][info ][gc,start     ] GC(97) Pause Young (Allocation Failure)
[39.811s][info ][gc,task      ] GC(97) Using 4 workers of 4 for evacuation
[39.813s][debug][gc,ref       ] GC(97) Skipped phase1 of Reference Processing due to unavailable references
[39.813s][debug][gc,ref       ] GC(97) Skipped phase3 of Reference Processing due to unavailable references
[39.813s][debug][gc,ref       ] GC(97) Skipped phase4 of Reference Processing due to unavailable references
[39.813s][debug][gc,age       ] GC(97) Desired survivor size 15368192 bytes, new threshold 6 (max threshold 6)
[39.813s][info ][gc,heap      ] GC(97) ParNew: 243205K->779K(270336K)
[39.813s][info ][gc,heap      ] GC(97) CMS: 213872K->213872K(600768K)
[39.813s][info ][gc,metaspace ] GC(97) Metaspace: 54925K->54925K(1099776K)
[39.813s][info ][gc           ] GC(97) Pause Young (Allocation Failure) 446M->209M(850M) 2.194ms
[39.813s][info ][gc,cpu       ] GC(97) User=0.01s Sys=0.00s Real=0.01s
[39.813s][info ][safepoint    ] Leaving safepoint region
[39.813s][info ][safepoint    ] Total time for which application threads were stopped: 0.0023355 seconds, Stopping threads took: 0.0000143 seconds
[40.813s][info ][safepoint    ] Application time: 1.0000908 seconds
[40.813s][info ][safepoint    ] Entering safepoint region: Cleanup
[40.813s][info ][safepoint    ] Leaving safepoint region
[40.813s][info ][safepoint    ] Total time for which application threads were stopped: 0.0001386 seconds, Stopping threads took: 0.0000615 seconds
[41.813s][info ][safepoint    ] Application time: 1.0000934 seconds
[41.813s][info ][safepoint    ] Entering safepoint region: Cleanup
[41.813s][info ][safepoint    ] Leaving safepoint region
[41.813s][info ][safepoint    ] Total time for which application threads were stopped: 0.0001431 seconds, Stopping threads took: 0.0000634 seconds
[42.813s][info ][safepoint    ] Application time: 1.0000872 seconds
[42.813s][info ][safepoint    ] Entering safepoint region: Cleanup
[42.814s][info ][safepoint    ] Leaving safepoint region
[42.814s][info ][safepoint    ] Total time for which application threads were stopped: 0.0001582 seconds, Stopping threads took: 0.0000660 seconds
[43.310s][info ][safepoint    ] Application time: 0.4968429 seconds
[43.310s][info ][safepoint    ] Entering safepoint region: Deoptimize
[43.312s][info ][safepoint    ] Leaving safepoint region
[43.312s][info ][safepoint    ] Total time for which application threads were stopped: 0.0014848 seconds, Stopping threads took: 0.0000130 seconds
[44.312s][info ][safepoint    ] Application time: 1.0000961 seconds
[44.312s][info ][safepoint    ] Entering safepoint region: Cleanup
[44.312s][info ][safepoint    ] Leaving safepoint region
[44.312s][info ][safepoint    ] Total time for which application threads were stopped: 0.0002568 seconds, Stopping threads took: 0.0000546 seconds
[44.761s][info ][safepoint    ] Application time: 0.4489892 seconds
[44.761s][info ][safepoint    ] Entering safepoint region: GenCollectForAllocation
[44.761s][info ][gc,start     ] GC(98) Pause Young (Allocation Failure)
[44.761s][info ][gc,task      ] GC(98) Using 4 workers of 4 for evacuation
[44.764s][debug][gc,ref       ] GC(98) Skipped phase1 of Reference Processing due to unavailable references
[44.764s][debug][gc,ref       ] GC(98) Skipped phase3 of Reference Processing due to unavailable references
[44.764s][debug][gc,age       ] GC(98) Desired survivor size 15368192 bytes, new threshold 6 (max threshold 6)
[44.764s][info ][gc,heap      ] GC(98) ParNew: 241099K->900K(270336K)
[44.764s][info ][gc,heap      ] GC(98) CMS: 213872K->213872K(600768K)
[44.764s][info ][gc,metaspace ] GC(98) Metaspace: 55019K->55019K(1099776K)
[44.764s][info ][gc           ] GC(98) Pause Young (Allocation Failure) 444M->209M(850M) 2.519ms
[44.764s][info ][gc,cpu       ] GC(98) User=0.01s Sys=0.00s Real=0.00s
[44.764s][info ][safepoint    ] Leaving safepoint region
[44.764s][info ][safepoint    ] Total time for which application threads were stopped: 0.0026827 seconds, Stopping threads took: 0.0000145 seconds
[45.764s][info ][safepoint    ] Application time: 1.0000974 seconds
[45.764s][info ][safepoint    ] Entering safepoint region: Cleanup
[45.764s][info ][safepoint    ] Leaving safepoint region
[45.764s][info ][safepoint    ] Total time for which application threads were stopped: 0.0001725 seconds, Stopping threads took: 0.0000658 seconds
[46.764s][info ][safepoint    ] Application time: 1.0000680 seconds
[46.764s][info ][safepoint    ] Entering safepoint region: Cleanup
[46.765s][info ][safepoint    ] Leaving safepoint region
[46.765s][info ][safepoint    ] Total time for which application threads were stopped: 0.0001796 seconds, Stopping threads took: 0.0000550 seconds
[47.765s][info ][safepoint    ] Application time: 1.0000849 seconds
[47.765s][info ][safepoint    ] Entering safepoint region: Cleanup
[47.765s][info ][safepoint    ] Leaving safepoint region
[47.765s][info ][safepoint    ] Total time for which application threads were stopped: 0.0001641 seconds, Stopping threads took: 0.0000629 seconds
[48.765s][info ][safepoint    ] Application time: 1.0001006 seconds
[48.765s][info ][safepoint    ] Entering safepoint region: Cleanup
[48.765s][info ][safepoint    ] Leaving safepoint region
[48.765s][info ][safepoint    ] Total time for which application threads were stopped: 0.0001351 seconds, Stopping threads took: 0.0000438 seconds
[49.765s][info ][safepoint    ] Application time: 1.0000401 seconds
[49.765s][info ][safepoint    ] Entering safepoint region: Cleanup
[49.765s][info ][safepoint    ] Leaving safepoint region
[49.765s][info ][safepoint    ] Total time for which application threads were stopped: 0.0001618 seconds, Stopping threads took: 0.0000817 seconds
[49.963s][info ][safepoint    ] Application time: 0.1977536 seconds
[49.963s][info ][safepoint    ] Entering safepoint region: GenCollectForAllocation
[49.963s][info ][gc,start     ] GC(99) Pause Young (Allocation Failure)
[49.963s][info ][gc,task      ] GC(99) Using 4 workers of 4 for evacuation
[49.966s][debug][gc,ref       ] GC(99) Skipped phase1 of Reference Processing due to unavailable references
[49.966s][debug][gc,ref       ] GC(99) Skipped phase3 of Reference Processing due to unavailable references
[49.966s][debug][gc,age       ] GC(99) Desired survivor size 15368192 bytes, new threshold 6 (max threshold 6)
[49.966s][info ][gc,heap      ] GC(99) ParNew: 241220K->1091K(270336K)
[49.966s][info ][gc,heap      ] GC(99) CMS: 213872K->213872K(600768K)
[49.966s][info ][gc,metaspace ] GC(99) Metaspace: 55052K->55052K(1099776K)
[49.966s][info ][gc           ] GC(99) Pause Young (Allocation Failure) 444M->209M(850M) 2.454ms
[49.966s][info ][gc,cpu       ] GC(99) User=0.00s Sys=0.00s Real=0.01s
[49.966s][info ][safepoint    ] Leaving safepoint region
[49.966s][info ][safepoint    ] Total time for which application threads were stopped: 0.0026073 seconds, Stopping threads took: 0.0000140 seconds
[50.966s][info ][safepoint    ] Application time: 1.0001007 seconds
[50.966s][info ][safepoint    ] Entering safepoint region: Cleanup
[50.966s][info ][safepoint    ] Leaving safepoint region
[50.966s][info ][safepoint    ] Total time for which application threads were stopped: 0.0001392 seconds, Stopping threads took: 0.0000132 seconds
[51.966s][info ][safepoint    ] Application time: 1.0001025 seconds
[51.976s][info ][safepoint    ] Entering safepoint region: Cleanup
[51.976s][info ][safepoint    ] Leaving safepoint region
[51.976s][info ][safepoint    ] Total time for which application threads were stopped: 0.0001208 seconds, Stopping threads took: 0.0000253 seconds
[52.977s][info ][safepoint    ] Application time: 1.0000976 seconds
[52.977s][info ][safepoint    ] Entering safepoint region: Cleanup
[52.977s][info ][safepoint    ] Leaving safepoint region
[52.977s][info ][safepoint    ] Total time for which application threads were stopped: 0.0001333 seconds, Stopping threads took: 0.0000153 seconds
[53.977s][info ][safepoint    ] Application time: 1.0000865 seconds
[54.181s][info ][safepoint    ] Entering safepoint region: Cleanup
[54.181s][info ][safepoint    ] Leaving safepoint region
[54.181s][info ][safepoint    ] Total time for which application threads were stopped: 0.0001385 seconds, Stopping threads took: 0.0000312 seconds
[55.166s][info ][safepoint    ] Application time: 0.9850733 seconds
[55.166s][info ][safepoint    ] Entering safepoint region: GenCollectForAllocation
[55.166s][info ][gc,start     ] GC(100) Pause Young (Allocation Failure)
[55.166s][info ][gc,task      ] GC(100) Using 4 workers of 4 for evacuation
[55.168s][debug][gc,ref       ] GC(100) Skipped phase1 of Reference Processing due to unavailable references
[55.168s][debug][gc,ref       ] GC(100) Skipped phase3 of Reference Processing due to unavailable references
[55.169s][debug][gc,age       ] GC(100) Desired survivor size 15368192 bytes, new threshold 6 (max threshold 6)
[55.169s][info ][gc,heap      ] GC(100) ParNew: 241411K->1581K(270336K)
[55.169s][info ][gc,heap      ] GC(100) CMS: 213872K->213872K(600768K)
[55.169s][info ][gc,metaspace ] GC(100) Metaspace: 55151K->55151K(1099776K)
[55.169s][info ][gc           ] GC(100) Pause Young (Allocation Failure) 444M->210M(850M) 2.682ms
[55.169s][info ][gc,cpu       ] GC(100) User=0.01s Sys=0.00s Real=0.00s
[55.169s][info ][safepoint    ] Leaving safepoint region
[55.169s][info ][safepoint    ] Total time for which application threads were stopped: 0.0028554 seconds, Stopping threads took: 0.0000152 seconds
[56.169s][info ][safepoint    ] Application time: 1.0000921 seconds
[56.180s][info ][safepoint    ] Entering safepoint region: Cleanup
[56.180s][info ][safepoint    ] Leaving safepoint region
[56.180s][info ][safepoint    ] Total time for which application threads were stopped: 0.0000939 seconds, Stopping threads took: 0.0000316 seconds
[57.180s][info ][safepoint    ] Application time: 1.0000888 seconds
[57.180s][info ][safepoint    ] Entering safepoint region: Cleanup
[57.180s][info ][safepoint    ] Leaving safepoint region
[57.180s][info ][safepoint    ] Total time for which application threads were stopped: 0.0000830 seconds, Stopping threads took: 0.0000160 seconds
[58.181s][info ][safepoint    ] Application time: 1.0000866 seconds
[58.181s][info ][safepoint    ] Entering safepoint region: Cleanup
[58.181s][info ][safepoint    ] Leaving safepoint region
[58.181s][info ][safepoint    ] Total time for which application threads were stopped: 0.0000986 seconds, Stopping threads took: 0.0000147 seconds
[59.181s][info ][safepoint    ] Application time: 1.0000886 seconds
[59.181s][info ][safepoint    ] Entering safepoint region: Cleanup
[59.181s][info ][safepoint    ] Leaving safepoint region
[59.181s][info ][safepoint    ] Total time for which application threads were stopped: 0.0000888 seconds, Stopping threads took: 0.0000143 seconds
[60.165s][info ][safepoint    ] Application time: 0.9845594 seconds
[60.165s][info ][safepoint    ] Entering safepoint region: GenCollectForAllocation
[60.166s][info ][gc,start     ] GC(101) Pause Young (Allocation Failure)
[60.166s][info ][gc,task      ] GC(101) Using 4 workers of 4 for evacuation
[60.169s][debug][gc,ref       ] GC(101) Skipped phase1 of Reference Processing due to unavailable references
[60.169s][debug][gc,ref       ] GC(101) Skipped phase3 of Reference Processing due to unavailable references
[60.169s][debug][gc,ref       ] GC(101) Skipped phase4 of Reference Processing due to unavailable references
[60.169s][debug][gc,age       ] GC(101) Desired survivor size 15368192 bytes, new threshold 6 (max threshold 6)
[60.169s][info ][gc,heap      ] GC(101) ParNew: 241901K->1146K(270336K)
[60.169s][info ][gc,heap      ] GC(101) CMS: 213872K->214125K(600768K)
[60.169s][info ][gc,metaspace ] GC(101) Metaspace: 55179K->55179K(1099776K)
[60.169s][info ][gc           ] GC(101) Pause Young (Allocation Failure) 445M->210M(850M) 3.284ms
[60.169s][info ][gc,cpu       ] GC(101) User=0.01s Sys=0.00s Real=0.00s
[60.169s][info ][safepoint    ] Leaving safepoint region
[60.169s][info ][safepoint    ] Total time for which application threads were stopped: 0.0034487 seconds, Stopping threads took: 0.0000134 seconds
[61.169s][info ][safepoint    ] Application time: 1.0000905 seconds
[61.169s][info ][safepoint    ] Entering safepoint region: Cleanup
[61.169s][info ][safepoint    ] Leaving safepoint region
[61.169s][info ][safepoint    ] Total time for which application threads were stopped: 0.0000979 seconds, Stopping threads took: 0.0000255 seconds
[62.169s][info ][safepoint    ] Application time: 1.0000931 seconds
[62.169s][info ][safepoint    ] Entering safepoint region: Cleanup
[62.169s][info ][safepoint    ] Leaving safepoint region
[62.169s][info ][safepoint    ] Total time for which application threads were stopped: 0.0000856 seconds, Stopping threads took: 0.0000285 seconds
[63.169s][info ][safepoint    ] Application time: 1.0000844 seconds
[63.170s][info ][safepoint    ] Entering safepoint region: Cleanup
[63.170s][info ][safepoint    ] Leaving safepoint region
[63.170s][info ][safepoint    ] Total time for which application threads were stopped: 0.0000716 seconds, Stopping threads took: 0.0000142 seconds
[64.170s][info ][safepoint    ] Application time: 1.0000945 seconds
[64.170s][info ][safepoint    ] Entering safepoint region: Cleanup
[64.170s][info ][safepoint    ] Leaving safepoint region
[64.170s][info ][safepoint    ] Total time for which application threads were stopped: 0.0000752 seconds, Stopping threads took: 0.0000155 seconds
[65.170s][info ][safepoint    ] Application time: 1.0000853 seconds
[65.170s][info ][safepoint    ] Entering safepoint region: Cleanup
[65.170s][info ][safepoint    ] Leaving safepoint region
[65.170s][info ][safepoint    ] Total time for which application threads were stopped: 0.0000757 seconds, Stopping threads took: 0.0000146 seconds
[65.513s][info ][safepoint    ] Application time: 0.3430870 seconds
[65.513s][info ][safepoint    ] Entering safepoint region: GenCollectForAllocation
[65.513s][info ][gc,start     ] GC(102) Pause Young (Allocation Failure)
[65.513s][info ][gc,task      ] GC(102) Using 4 workers of 4 for evacuation
[65.516s][debug][gc,ref       ] GC(102) Skipped phase1 of Reference Processing due to unavailable references
[65.516s][debug][gc,ref       ] GC(102) Skipped phase3 of Reference Processing due to unavailable references
[65.516s][debug][gc,age       ] GC(102) Desired survivor size 15368192 bytes, new threshold 6 (max threshold 6)
[65.516s][info ][gc,heap      ] GC(102) ParNew: 241466K->1441K(270336K)
[65.516s][info ][gc,heap      ] GC(102) CMS: 214125K->214154K(600768K)
[65.516s][info ][gc,metaspace ] GC(102) Metaspace: 55230K->55230K(1099776K)
[65.516s][info ][gc           ] GC(102) Pause Young (Allocation Failure) 444M->210M(850M) 2.714ms
[65.516s][info ][gc,cpu       ] GC(102) User=0.01s Sys=0.00s Real=0.00s
[65.516s][info ][safepoint    ] Leaving safepoint region
[65.516s][info ][safepoint    ] Total time for which application threads were stopped: 0.0028744 seconds, Stopping threads took: 0.0000152 seconds
[66.516s][info ][safepoint    ] Application time: 1.0000760 seconds
[66.516s][info ][safepoint    ] Entering safepoint region: Cleanup
[66.516s][info ][safepoint    ] Leaving safepoint region
[66.516s][info ][safepoint    ] Total time for which application threads were stopped: 0.0001113 seconds, Stopping threads took: 0.0000261 seconds
[66.715s][info ][safepoint    ] Application time: 0.1990000 seconds
[66.715s][info ][safepoint    ] Entering safepoint region: Deoptimize
[66.717s][info ][safepoint    ] Leaving safepoint region
[66.717s][info ][safepoint    ] Total time for which application threads were stopped: 0.0015440 seconds, Stopping threads took: 0.0000122 seconds
[67.717s][info ][safepoint    ] Application time: 1.0001068 seconds
[67.717s][info ][safepoint    ] Entering safepoint region: Cleanup
[67.717s][info ][safepoint    ] Leaving safepoint region
[67.717s][info ][safepoint    ] Total time for which application threads were stopped: 0.0000891 seconds, Stopping threads took: 0.0000145 seconds
[68.717s][info ][safepoint    ] Application time: 1.0001003 seconds
[68.717s][info ][safepoint    ] Entering safepoint region: Cleanup
[68.717s][info ][safepoint    ] Leaving safepoint region
[68.717s][info ][safepoint    ] Total time for which application threads were stopped: 0.0001440 seconds, Stopping threads took: 0.0000502 seconds
[69.717s][info ][safepoint    ] Application time: 1.0000914 seconds
[69.717s][info ][safepoint    ] Entering safepoint region: Cleanup
[69.717s][info ][safepoint    ] Leaving safepoint region
[69.717s][info ][safepoint    ] Total time for which application threads were stopped: 0.0001140 seconds, Stopping threads took: 0.0000251 seconds
[70.718s][info ][safepoint    ] Application time: 1.0000816 seconds
[70.718s][info ][safepoint    ] Entering safepoint region: Cleanup
[70.718s][info ][safepoint    ] Leaving safepoint region
[70.718s][info ][safepoint    ] Total time for which application threads were stopped: 0.0000884 seconds, Stopping threads took: 0.0000139 seconds
[70.961s][info ][safepoint    ] Application time: 0.2436807 seconds
[70.961s][info ][safepoint    ] Entering safepoint region: GenCollectForAllocation
[70.962s][info ][gc,start     ] GC(103) Pause Young (Allocation Failure)
[70.962s][info ][gc,task      ] GC(103) Using 4 workers of 4 for evacuation
[70.965s][debug][gc,ref       ] GC(103) Skipped phase1 of Reference Processing due to unavailable references
[70.965s][debug][gc,ref       ] GC(103) Skipped phase3 of Reference Processing due to unavailable references
[70.965s][debug][gc,age       ] GC(103) Desired survivor size 15368192 bytes, new threshold 6 (max threshold 6)
[70.965s][info ][gc,heap      ] GC(103) ParNew: 241761K->1496K(270336K)
[70.965s][info ][gc,heap      ] GC(103) CMS: 214154K->214165K(600768K)
[70.965s][info ][gc,metaspace ] GC(103) Metaspace: 55370K->55370K(1099776K)
[70.965s][info ][gc           ] GC(103) Pause Young (Allocation Failure) 445M->210M(850M) 3.567ms
[70.965s][info ][gc,cpu       ] GC(103) User=0.02s Sys=0.00s Real=0.01s
[70.965s][info ][safepoint    ] Leaving safepoint region
[70.965s][info ][safepoint    ] Total time for which application threads were stopped: 0.0037222 seconds, Stopping threads took: 0.0000143 seconds
[71.965s][info ][safepoint    ] Application time: 1.0000911 seconds
[71.965s][info ][safepoint    ] Entering safepoint region: Cleanup
[71.965s][info ][safepoint    ] Leaving safepoint region
[71.965s][info ][safepoint    ] Total time for which application threads were stopped: 0.0001507 seconds, Stopping threads took: 0.0000600 seconds
[72.966s][info ][safepoint    ] Application time: 1.0001265 seconds
[72.966s][info ][safepoint    ] Entering safepoint region: Cleanup
[72.966s][info ][safepoint    ] Leaving safepoint region
[72.966s][info ][safepoint    ] Total time for which application threads were stopped: 0.0002898 seconds, Stopping threads took: 0.0000291 seconds
[73.217s][info ][safepoint    ] Application time: 0.2515671 seconds
[73.218s][info ][safepoint    ] Entering safepoint region: ICBufferFull
[73.218s][info ][safepoint    ] Leaving safepoint region
[73.218s][info ][safepoint    ] Total time for which application threads were stopped: 0.0002918 seconds, Stopping threads took: 0.0000133 seconds
[73.463s][info ][safepoint    ] Application time: 0.2454249 seconds
[73.463s][info ][safepoint    ] Entering safepoint region: GenCollectForAllocation
[73.463s][info ][gc,start     ] GC(104) Pause Young (Allocation Failure)
[73.463s][info ][gc,task      ] GC(104) Using 4 workers of 4 for evacuation
[73.468s][debug][gc,ref       ] GC(104) Skipped phase1 of Reference Processing due to unavailable references
[73.468s][debug][gc,ref       ] GC(104) Skipped phase3 of Reference Processing due to unavailable references
[73.468s][debug][gc,age       ] GC(104) Desired survivor size 15368192 bytes, new threshold 6 (max threshold 6)
[73.468s][info ][gc,heap      ] GC(104) ParNew: 241816K->1592K(270336K)
[73.468s][info ][gc,heap      ] GC(104) CMS: 214165K->214356K(600768K)
[73.468s][info ][gc,metaspace ] GC(104) Metaspace: 55897K->55897K(1099776K)
[73.468s][info ][gc           ] GC(104) Pause Young (Allocation Failure) 445M->210M(850M) 4.795ms
[73.468s][info ][gc,cpu       ] GC(104) User=0.02s Sys=0.00s Real=0.01s
[73.468s][info ][safepoint    ] Leaving safepoint region
[73.468s][info ][safepoint    ] Total time for which application threads were stopped: 0.0049778 seconds, Stopping threads took: 0.0000131 seconds
[74.468s][info ][safepoint    ] Application time: 1.0001051 seconds
[74.468s][info ][safepoint    ] Entering safepoint region: Cleanup
[74.468s][info ][safepoint    ] Leaving safepoint region
[74.468s][info ][safepoint    ] Total time for which application threads were stopped: 0.0000967 seconds, Stopping threads took: 0.0000139 seconds
[75.469s][info ][safepoint    ] Application time: 1.0000939 seconds
[75.469s][info ][safepoint    ] Entering safepoint region: Cleanup
[75.469s][info ][safepoint    ] Leaving safepoint region
[75.469s][info ][safepoint    ] Total time for which application threads were stopped: 0.0000767 seconds, Stopping threads took: 0.0000130 seconds
[76.469s][info ][safepoint    ] Application time: 1.0000935 seconds
[76.469s][info ][safepoint    ] Entering safepoint region: Cleanup
[76.469s][info ][safepoint    ] Leaving safepoint region
[76.469s][info ][safepoint    ] Total time for which application threads were stopped: 0.0000995 seconds, Stopping threads took: 0.0000144 seconds
[77.469s][info ][safepoint    ] Application time: 1.0000879 seconds
[77.469s][info ][safepoint    ] Entering safepoint region: Cleanup
[77.469s][info ][safepoint    ] Leaving safepoint region
[77.469s][info ][safepoint    ] Total time for which application threads were stopped: 0.0000719 seconds, Stopping threads took: 0.0000133 seconds
[78.469s][info ][safepoint    ] Application time: 1.0001000 seconds
[78.469s][info ][safepoint    ] Entering safepoint region: Cleanup
[78.469s][info ][safepoint    ] Leaving safepoint region
[78.469s][info ][safepoint    ] Total time for which application threads were stopped: 0.0000879 seconds, Stopping threads took: 0.0000135 seconds
[78.608s][info ][safepoint    ] Application time: 0.1391344 seconds
[78.609s][info ][safepoint    ] Entering safepoint region: GenCollectForAllocation
[78.609s][info ][gc,start     ] GC(105) Pause Young (Allocation Failure)
[78.609s][info ][gc,task      ] GC(105) Using 4 workers of 4 for evacuation
[78.612s][debug][gc,ref       ] GC(105) Skipped phase1 of Reference Processing due to unavailable references
[78.612s][debug][gc,ref       ] GC(105) Skipped phase3 of Reference Processing due to unavailable references
[78.612s][debug][gc,age       ] GC(105) Desired survivor size 15368192 bytes, new threshold 6 (max threshold 6)
[78.612s][info ][gc,heap      ] GC(105) ParNew: 241912K->2126K(270336K)
[78.612s][info ][gc,heap      ] GC(105) CMS: 214356K->214557K(600768K)
[78.612s][info ][gc,metaspace ] GC(105) Metaspace: 55978K->55978K(1099776K)
[78.612s][info ][gc           ] GC(105) Pause Young (Allocation Failure) 445M->211M(850M) 3.497ms
[78.612s][info ][gc,cpu       ] GC(105) User=0.00s Sys=0.00s Real=0.01s
[78.612s][info ][safepoint    ] Leaving safepoint region
[78.612s][info ][safepoint    ] Total time for which application threads were stopped: 0.0036302 seconds, Stopping threads took: 0.0000144 seconds
[79.612s][info ][safepoint    ] Application time: 1.0001001 seconds
[79.612s][info ][safepoint    ] Entering safepoint region: Cleanup
[79.612s][info ][safepoint    ] Leaving safepoint region
[79.612s][info ][safepoint    ] Total time for which application threads were stopped: 0.0001427 seconds, Stopping threads took: 0.0000541 seconds
[80.613s][info ][safepoint    ] Application time: 1.0000956 seconds
[80.613s][info ][safepoint    ] Entering safepoint region: Cleanup
[80.613s][info ][safepoint    ] Leaving safepoint region
[80.613s][info ][safepoint    ] Total time for which application threads were stopped: 0.0001474 seconds, Stopping threads took: 0.0000663 seconds
[81.613s][info ][safepoint    ] Application time: 1.0000920 seconds
[81.613s][info ][safepoint    ] Entering safepoint region: Cleanup
[81.613s][info ][safepoint    ] Leaving safepoint region
[81.613s][info ][safepoint    ] Total time for which application threads were stopped: 0.0001601 seconds, Stopping threads took: 0.0000807 seconds
[82.613s][info ][safepoint    ] Application time: 1.0000902 seconds
[82.613s][info ][safepoint    ] Entering safepoint region: Cleanup
[82.613s][info ][safepoint    ] Leaving safepoint region
[82.613s][info ][safepoint    ] Total time for which application threads were stopped: 0.0001649 seconds, Stopping threads took: 0.0000730 seconds
[83.613s][info ][safepoint    ] Application time: 1.0001047 seconds
[83.613s][info ][safepoint    ] Entering safepoint region: Cleanup
[83.614s][info ][safepoint    ] Leaving safepoint region
[83.614s][info ][safepoint    ] Total time for which application threads were stopped: 0.0001407 seconds, Stopping threads took: 0.0000610 seconds
[83.765s][info ][safepoint    ] Application time: 0.1517393 seconds
[83.766s][info ][safepoint    ] Entering safepoint region: GenCollectForAllocation
[83.766s][info ][gc,start     ] GC(106) Pause Young (Allocation Failure)
[83.766s][info ][gc,task      ] GC(106) Using 4 workers of 4 for evacuation
[83.769s][debug][gc,ref       ] GC(106) Skipped phase1 of Reference Processing due to unavailable references
[83.769s][debug][gc,ref       ] GC(106) Skipped phase3 of Reference Processing due to unavailable references
[83.769s][debug][gc,age       ] GC(106) Desired survivor size 15368192 bytes, new threshold 6 (max threshold 6)
[83.769s][info ][gc,heap      ] GC(106) ParNew: 242446K->1540K(270336K)
[83.769s][info ][gc,heap      ] GC(106) CMS: 214557K->214766K(600768K)
[83.769s][info ][gc,metaspace ] GC(106) Metaspace: 56022K->56022K(1099776K)
[83.769s][info ][gc           ] GC(106) Pause Young (Allocation Failure) 446M->211M(850M) 3.423ms
[83.769s][info ][gc,cpu       ] GC(106) User=0.02s Sys=0.00s Real=0.00s
[83.769s][info ][safepoint    ] Leaving safepoint region
[83.769s][info ][safepoint    ] Total time for which application threads were stopped: 0.0037554 seconds, Stopping threads took: 0.0001915 seconds
[84.769s][info ][safepoint    ] Application time: 1.0001636 seconds
[84.769s][info ][safepoint    ] Entering safepoint region: Cleanup
[84.770s][info ][safepoint    ] Leaving safepoint region
[84.770s][info ][safepoint    ] Total time for which application threads were stopped: 0.0001272 seconds, Stopping threads took: 0.0000146 seconds
[85.770s][info ][safepoint    ] Application time: 1.0001006 seconds
[85.770s][info ][safepoint    ] Entering safepoint region: Cleanup
[85.770s][info ][safepoint    ] Leaving safepoint region
[85.770s][info ][safepoint    ] Total time for which application threads were stopped: 0.0000836 seconds, Stopping threads took: 0.0000139 seconds
[86.770s][info ][safepoint    ] Application time: 1.0000915 seconds
[86.770s][info ][safepoint    ] Entering safepoint region: Cleanup
[86.770s][info ][safepoint    ] Leaving safepoint region
[86.770s][info ][safepoint    ] Total time for which application threads were stopped: 0.0000823 seconds, Stopping threads took: 0.0000141 seconds
[87.770s][info ][safepoint    ] Application time: 1.0000854 seconds
[87.770s][info ][safepoint    ] Entering safepoint region: Cleanup
[87.770s][info ][safepoint    ] Leaving safepoint region
[87.770s][info ][safepoint    ] Total time for which application threads were stopped: 0.0000844 seconds, Stopping threads took: 0.0000138 seconds
[88.472s][info ][safepoint    ] Application time: 0.7015885 seconds
[88.472s][info ][safepoint    ] Entering safepoint region: RevokeBias
[88.472s][info ][safepoint    ] Leaving safepoint region
[88.472s][info ][safepoint    ] Total time for which application threads were stopped: 0.0000741 seconds, Stopping threads took: 0.0000151 seconds
[88.759s][info ][safepoint    ] Application time: 0.2866573 seconds
[88.759s][info ][safepoint    ] Entering safepoint region: GenCollectForAllocation
[88.759s][info ][gc,start     ] GC(107) Pause Young (Allocation Failure)
[88.759s][info ][gc,task      ] GC(107) Using 4 workers of 4 for evacuation
[88.762s][debug][gc,ref       ] GC(107) Skipped phase1 of Reference Processing due to unavailable references
[88.762s][debug][gc,ref       ] GC(107) Skipped phase3 of Reference Processing due to unavailable references
[88.762s][debug][gc,age       ] GC(107) Desired survivor size 15368192 bytes, new threshold 6 (max threshold 6)
[88.762s][info ][gc,heap      ] GC(107) ParNew: 241860K->1383K(270336K)
[88.762s][info ][gc,heap      ] GC(107) CMS: 214766K->214934K(600768K)
[88.762s][info ][gc,metaspace ] GC(107) Metaspace: 56051K->56051K(1099776K)
[88.762s][info ][gc           ] GC(107) Pause Young (Allocation Failure) 445M->211M(850M) 3.632ms
[88.762s][info ][gc,cpu       ] GC(107) User=0.02s Sys=0.00s Real=0.00s
[88.762s][info ][safepoint    ] Leaving safepoint region
[88.762s][info ][safepoint    ] Total time for which application threads were stopped: 0.0038299 seconds, Stopping threads took: 0.0000600 seconds
[89.763s][info ][safepoint    ] Application time: 1.0001033 seconds
[89.763s][info ][safepoint    ] Entering safepoint region: Cleanup
[89.763s][info ][safepoint    ] Leaving safepoint region
[89.763s][info ][safepoint    ] Total time for which application threads were stopped: 0.0001479 seconds, Stopping threads took: 0.0000694 seconds
[90.763s][info ][safepoint    ] Application time: 1.0000958 seconds
[90.763s][info ][safepoint    ] Entering safepoint region: Cleanup
[90.763s][info ][safepoint    ] Leaving safepoint region
[90.763s][info ][safepoint    ] Total time for which application threads were stopped: 0.0001123 seconds, Stopping threads took: 0.0000414 seconds
[91.763s][info ][safepoint    ] Application time: 1.0000834 seconds
[91.763s][info ][safepoint    ] Entering safepoint region: Cleanup
[91.763s][info ][safepoint    ] Leaving safepoint region
[91.763s][info ][safepoint    ] Total time for which application threads were stopped: 0.0001243 seconds, Stopping threads took: 0.0000557 seconds
[92.763s][info ][safepoint    ] Application time: 1.0000622 seconds
[92.763s][info ][safepoint    ] Entering safepoint region: Cleanup
[92.763s][info ][safepoint    ] Leaving safepoint region
[92.763s][info ][safepoint    ] Total time for which application threads were stopped: 0.0001644 seconds, Stopping threads took: 0.0000934 seconds
[93.463s][info ][safepoint    ] Application time: 0.6993055 seconds
[93.463s][info ][safepoint    ] Entering safepoint region: GenCollectForAllocation
[93.463s][info ][gc,start     ] GC(108) Pause Young (Allocation Failure)
[93.463s][info ][gc,task      ] GC(108) Using 4 workers of 4 for evacuation
[93.466s][debug][gc,ref       ] GC(108) Skipped phase1 of Reference Processing due to unavailable references
[93.466s][debug][gc,ref       ] GC(108) Skipped phase3 of Reference Processing due to unavailable references
[93.467s][debug][gc,age       ] GC(108) Desired survivor size 15368192 bytes, new threshold 6 (max threshold 6)
[93.467s][info ][gc,heap      ] GC(108) ParNew: 241703K->2160K(270336K)
[93.467s][info ][gc,heap      ] GC(108) CMS: 214934K->214962K(600768K)
[93.467s][info ][gc,metaspace ] GC(108) Metaspace: 56067K->56067K(1099776K)
[93.467s][info ][gc           ] GC(108) Pause Young (Allocation Failure) 445M->212M(850M) 3.669ms
[93.467s][info ][gc,cpu       ] GC(108) User=0.01s Sys=0.00s Real=0.01s
[93.467s][info ][safepoint    ] Leaving safepoint region
[93.467s][info ][safepoint    ] Total time for which application threads were stopped: 0.0038485 seconds, Stopping threads took: 0.0000276 seconds
[94.467s][info ][safepoint    ] Application time: 1.0001107 seconds
[94.467s][info ][safepoint    ] Entering safepoint region: Cleanup
[94.467s][info ][safepoint    ] Leaving safepoint region
[94.467s][info ][safepoint    ] Total time for which application threads were stopped: 0.0000867 seconds, Stopping threads took: 0.0000252 seconds
[95.467s][info ][safepoint    ] Application time: 1.0001031 seconds
[95.467s][info ][safepoint    ] Entering safepoint region: Cleanup
[95.467s][info ][safepoint    ] Leaving safepoint region
[95.467s][info ][safepoint    ] Total time for which application threads were stopped: 0.0000799 seconds, Stopping threads took: 0.0000134 seconds
[96.467s][info ][safepoint    ] Application time: 1.0000799 seconds
[96.467s][info ][safepoint    ] Entering safepoint region: Cleanup
[96.467s][info ][safepoint    ] Leaving safepoint region
[96.467s][info ][safepoint    ] Total time for which application threads were stopped: 0.0001705 seconds, Stopping threads took: 0.0000152 seconds
[97.467s][info ][safepoint    ] Application time: 1.0000880 seconds
[97.468s][info ][safepoint    ] Entering safepoint region: Cleanup
[97.468s][info ][safepoint    ] Leaving safepoint region
[97.468s][info ][safepoint    ] Total time for which application threads were stopped: 0.0000838 seconds, Stopping threads took: 0.0000136 seconds
[97.758s][info ][safepoint    ] Application time: 0.2906646 seconds
[97.758s][info ][safepoint    ] Entering safepoint region: GenCollectForAllocation
[97.759s][info ][gc,start     ] GC(109) Pause Young (Allocation Failure)
[97.759s][info ][gc,task      ] GC(109) Using 4 workers of 4 for evacuation
[97.764s][debug][gc,ref       ] GC(109) Skipped phase1 of Reference Processing due to unavailable references
[97.764s][debug][gc,ref       ] GC(109) Skipped phase3 of Reference Processing due to unavailable references
[97.764s][debug][gc,age       ] GC(109) Desired survivor size 15368192 bytes, new threshold 6 (max threshold 6)
[97.764s][info ][gc,heap      ] GC(109) ParNew: 242480K->5538K(270336K)
[97.764s][info ][gc,heap      ] GC(109) CMS: 214962K->215069K(600768K)
[97.764s][info ][gc,metaspace ] GC(109) Metaspace: 56121K->56121K(1099776K)
[97.764s][info ][gc           ] GC(109) Pause Young (Allocation Failure) 446M->215M(850M) 5.637ms
[97.764s][info ][gc,cpu       ] GC(109) User=0.02s Sys=0.00s Real=0.01s
[97.764s][info ][safepoint    ] Leaving safepoint region
[97.764s][info ][safepoint    ] Total time for which application threads were stopped: 0.0059462 seconds, Stopping threads took: 0.0001122 seconds
[98.764s][info ][safepoint    ] Application time: 1.0000987 seconds
[98.764s][info ][safepoint    ] Entering safepoint region: Cleanup
[98.765s][info ][safepoint    ] Leaving safepoint region
[98.765s][info ][safepoint    ] Total time for which application threads were stopped: 0.0001492 seconds, Stopping threads took: 0.0000760 seconds
[99.765s][info ][safepoint    ] Application time: 1.0000932 seconds
[99.765s][info ][safepoint    ] Entering safepoint region: Cleanup
[99.765s][info ][safepoint    ] Leaving safepoint region
[99.765s][info ][safepoint    ] Total time for which application threads were stopped: 0.0001289 seconds, Stopping threads took: 0.0000506 seconds
[100.765s][info ][safepoint    ] Application time: 1.0002044 seconds
[100.765s][info ][safepoint    ] Entering safepoint region: Cleanup
[100.765s][info ][safepoint    ] Leaving safepoint region
[100.765s][info ][safepoint    ] Total time for which application threads were stopped: 0.0001513 seconds, Stopping threads took: 0.0000704 seconds
[101.765s][info ][safepoint    ] Application time: 1.0000878 seconds
[101.765s][info ][safepoint    ] Entering safepoint region: Cleanup
[101.765s][info ][safepoint    ] Leaving safepoint region
[101.765s][info ][safepoint    ] Total time for which application threads were stopped: 0.0001435 seconds, Stopping threads took: 0.0000642 seconds
[102.364s][info ][safepoint    ] Application time: 0.5982456 seconds
[102.364s][info ][safepoint    ] Entering safepoint region: GenCollectForAllocation
[102.364s][info ][gc,start     ] GC(110) Pause Young (Allocation Failure)
[102.364s][info ][gc,task      ] GC(110) Using 4 workers of 4 for evacuation
[102.369s][debug][gc,ref       ] GC(110) Skipped phase1 of Reference Processing due to unavailable references
[102.369s][debug][gc,ref       ] GC(110) Skipped phase3 of Reference Processing due to unavailable references
[102.369s][debug][gc,ref       ] GC(110) Skipped phase4 of Reference Processing due to unavailable references
[102.369s][debug][gc,age       ] GC(110) Desired survivor size 15368192 bytes, new threshold 6 (max threshold 6)
[102.369s][info ][gc,heap      ] GC(110) ParNew: 245858K->6836K(270336K)
[102.369s][info ][gc,heap      ] GC(110) CMS: 215069K->215422K(600768K)
[102.369s][info ][gc,metaspace ] GC(110) Metaspace: 56140K->56140K(1099776K)
[102.369s][info ][gc           ] GC(110) Pause Young (Allocation Failure) 450M->217M(850M) 5.104ms
[102.369s][info ][gc,cpu       ] GC(110) User=0.02s Sys=0.00s Real=0.01s
[102.369s][info ][safepoint    ] Leaving safepoint region
[102.369s][info ][safepoint    ] Total time for which application threads were stopped: 0.0052523 seconds, Stopping threads took: 0.0000136 seconds
[103.369s][info ][safepoint    ] Application time: 1.0000999 seconds
[103.369s][info ][safepoint    ] Entering safepoint region: Cleanup
[103.369s][info ][safepoint    ] Leaving safepoint region
[103.369s][info ][safepoint    ] Total time for which application threads were stopped: 0.0001095 seconds, Stopping threads took: 0.0000140 seconds
[104.369s][info ][safepoint    ] Application time: 1.0000858 seconds
[104.369s][info ][safepoint    ] Entering safepoint region: Cleanup
[104.369s][info ][safepoint    ] Leaving safepoint region
[104.369s][info ][safepoint    ] Total time for which application threads were stopped: 0.0000996 seconds, Stopping threads took: 0.0000266 seconds
[105.370s][info ][safepoint    ] Application time: 1.0000909 seconds
[105.370s][info ][safepoint    ] Entering safepoint region: Cleanup
[105.370s][info ][safepoint    ] Leaving safepoint region
[105.370s][info ][safepoint    ] Total time for which application threads were stopped: 0.0000754 seconds, Stopping threads took: 0.0000148 seconds
[106.370s][info ][safepoint    ] Application time: 1.0000939 seconds
[106.370s][info ][safepoint    ] Entering safepoint region: Cleanup
[106.370s][info ][safepoint    ] Leaving safepoint region
[106.370s][info ][safepoint    ] Total time for which application threads were stopped: 0.0000870 seconds, Stopping threads took: 0.0000166 seconds
[106.910s][info ][safepoint    ] Application time: 0.5400152 seconds
[106.910s][info ][safepoint    ] Entering safepoint region: GenCollectForAllocation
[106.910s][info ][gc,start     ] GC(111) Pause Young (Allocation Failure)
[106.910s][info ][gc,task      ] GC(111) Using 4 workers of 4 for evacuation
[106.915s][debug][gc,ref       ] GC(111) Skipped phase1 of Reference Processing due to unavailable references
[106.915s][debug][gc,ref       ] GC(111) Skipped phase3 of Reference Processing due to unavailable references
[106.915s][debug][gc,ref       ] GC(111) Skipped phase4 of Reference Processing due to unavailable references
[106.915s][debug][gc,age       ] GC(111) Desired survivor size 15368192 bytes, new threshold 6 (max threshold 6)
[106.915s][info ][gc,heap      ] GC(111) ParNew: 247156K->7609K(270336K)
[106.915s][info ][gc,heap      ] GC(111) CMS: 215422K->215592K(600768K)
[106.915s][info ][gc,metaspace ] GC(111) Metaspace: 56150K->56150K(1099776K)
[106.915s][info ][gc           ] GC(111) Pause Young (Allocation Failure) 451M->217M(850M) 4.513ms
[106.915s][info ][gc,cpu       ] GC(111) User=0.02s Sys=0.00s Real=0.01s
[106.915s][info ][safepoint    ] Leaving safepoint region
[106.915s][info ][safepoint    ] Total time for which application threads were stopped: 0.0047957 seconds, Stopping threads took: 0.0001505 seconds
[107.915s][info ][safepoint    ] Application time: 1.0000939 seconds
[107.915s][info ][safepoint    ] Entering safepoint region: Cleanup
[107.915s][info ][safepoint    ] Leaving safepoint region
[107.915s][info ][safepoint    ] Total time for which application threads were stopped: 0.0001338 seconds, Stopping threads took: 0.0000179 seconds
[108.915s][info ][safepoint    ] Application time: 1.0002794 seconds
[108.915s][info ][safepoint    ] Entering safepoint region: Cleanup
[108.915s][info ][safepoint    ] Leaving safepoint region
[108.915s][info ][safepoint    ] Total time for which application threads were stopped: 0.0000735 seconds, Stopping threads took: 0.0000155 seconds
[109.916s][info ][safepoint    ] Application time: 1.0001020 seconds
[109.916s][info ][safepoint    ] Entering safepoint region: Cleanup
[109.916s][info ][safepoint    ] Leaving safepoint region
[109.916s][info ][safepoint    ] Total time for which application threads were stopped: 0.0000974 seconds, Stopping threads took: 0.0000149 seconds
[110.916s][info ][safepoint    ] Application time: 1.0000606 seconds
[110.916s][info ][safepoint    ] Entering safepoint region: Cleanup
[110.916s][info ][safepoint    ] Leaving safepoint region
[110.916s][info ][safepoint    ] Total time for which application threads were stopped: 0.0000906 seconds, Stopping threads took: 0.0000273 seconds
[111.462s][info ][safepoint    ] Application time: 0.5458729 seconds
[111.462s][info ][safepoint    ] Entering safepoint region: GenCollectForAllocation
[111.462s][info ][gc,start     ] GC(112) Pause Young (Allocation Failure)
[111.462s][info ][gc,task      ] GC(112) Using 4 workers of 4 for evacuation
[111.467s][debug][gc,ref       ] GC(112) Skipped phase1 of Reference Processing due to unavailable references
[111.467s][debug][gc,ref       ] GC(112) Skipped phase3 of Reference Processing due to unavailable references
[111.467s][debug][gc,ref       ] GC(112) Skipped phase4 of Reference Processing due to unavailable references
[111.467s][debug][gc,age       ] GC(112) Desired survivor size 15368192 bytes, new threshold 6 (max threshold 6)
[111.467s][info ][gc,heap      ] GC(112) ParNew: 247929K->10380K(270336K)
[111.467s][info ][gc,heap      ] GC(112) CMS: 215592K->215662K(600768K)
[111.467s][info ][gc,metaspace ] GC(112) Metaspace: 56161K->56161K(1099776K)
[111.467s][info ][gc           ] GC(112) Pause Young (Allocation Failure) 452M->220M(850M) 4.996ms
[111.467s][info ][gc,cpu       ] GC(112) User=0.02s Sys=0.00s Real=0.01s
[111.467s][info ][safepoint    ] Leaving safepoint region
[111.467s][info ][safepoint    ] Total time for which application threads were stopped: 0.0051688 seconds, Stopping threads took: 0.0000148 seconds
[112.467s][info ][safepoint    ] Application time: 1.0000969 seconds
[112.467s][info ][safepoint    ] Entering safepoint region: Cleanup
[112.467s][info ][safepoint    ] Leaving safepoint region
[112.467s][info ][safepoint    ] Total time for which application threads were stopped: 0.0000698 seconds, Stopping threads took: 0.0000138 seconds
[113.467s][info ][safepoint    ] Application time: 1.0001019 seconds
[113.467s][info ][safepoint    ] Entering safepoint region: Cleanup
[113.467s][info ][safepoint    ] Leaving safepoint region
[113.467s][info ][safepoint    ] Total time for which application threads were stopped: 0.0000771 seconds, Stopping threads took: 0.0000156 seconds
[114.467s][info ][safepoint    ] Application time: 1.0000963 seconds
[114.467s][info ][safepoint    ] Entering safepoint region: Cleanup
[114.468s][info ][safepoint    ] Leaving safepoint region
[114.468s][info ][safepoint    ] Total time for which application threads were stopped: 0.0001110 seconds, Stopping threads took: 0.0000149 seconds
[115.468s][info ][safepoint    ] Application time: 1.0000923 seconds
[115.468s][info ][safepoint    ] Entering safepoint region: Cleanup
[115.468s][info ][safepoint    ] Leaving safepoint region
[115.468s][info ][safepoint    ] Total time for which application threads were stopped: 0.0000751 seconds, Stopping threads took: 0.0000175 seconds
[115.765s][info ][safepoint    ] Application time: 0.2971923 seconds
[115.765s][info ][safepoint    ] Entering safepoint region: GenCollectForAllocation
[115.765s][info ][gc,start     ] GC(113) Pause Young (Allocation Failure)
[115.765s][info ][gc,task      ] GC(113) Using 4 workers of 4 for evacuation
[115.771s][debug][gc,ref       ] GC(113) Skipped phase1 of Reference Processing due to unavailable references
[115.771s][debug][gc,ref       ] GC(113) Skipped phase3 of Reference Processing due to unavailable references
[115.771s][debug][gc,age       ] GC(113) Desired survivor size 15368192 bytes, new threshold 6 (max threshold 6)
[115.771s][info ][gc,heap      ] GC(113) ParNew: 250700K->12696K(270336K)
[115.771s][info ][gc,heap      ] GC(113) CMS: 215662K->215957K(600768K)
[115.771s][info ][gc,metaspace ] GC(113) Metaspace: 56221K->56221K(1099776K)
[115.771s][info ][gc           ] GC(113) Pause Young (Allocation Failure) 455M->223M(850M) 5.842ms
[115.771s][info ][gc,cpu       ] GC(113) User=0.02s Sys=0.00s Real=0.00s
[115.771s][info ][safepoint    ] Leaving safepoint region
[115.771s][info ][safepoint    ] Total time for which application threads were stopped: 0.0059830 seconds, Stopping threads took: 0.0000147 seconds
[116.771s][info ][safepoint    ] Application time: 1.0001048 seconds
[116.771s][info ][safepoint    ] Entering safepoint region: Cleanup
[116.771s][info ][safepoint    ] Leaving safepoint region
[116.771s][info ][safepoint    ] Total time for which application threads were stopped: 0.0000747 seconds, Stopping threads took: 0.0000150 seconds
[118.771s][info ][safepoint    ] Application time: 2.0001838 seconds
[118.771s][info ][safepoint    ] Entering safepoint region: Cleanup
[118.772s][info ][safepoint    ] Leaving safepoint region
[118.772s][info ][safepoint    ] Total time for which application threads were stopped: 0.0000693 seconds, Stopping threads took: 0.0000135 seconds
[119.772s][info ][safepoint    ] Application time: 1.0000871 seconds
[119.772s][info ][safepoint    ] Entering safepoint region: Cleanup
[119.772s][info ][safepoint    ] Leaving safepoint region
[119.772s][info ][safepoint    ] Total time for which application threads were stopped: 0.0000875 seconds, Stopping threads took: 0.0000148 seconds
[120.078s][info ][safepoint    ] Application time: 0.3063622 seconds
[120.078s][info ][safepoint    ] Entering safepoint region: GenCollectForAllocation
[120.078s][info ][gc,start     ] GC(114) Pause Young (Allocation Failure)
[120.078s][info ][gc,task      ] GC(114) Using 4 workers of 4 for evacuation
[120.084s][debug][gc,ref       ] GC(114) Skipped phase1 of Reference Processing due to unavailable references
[120.084s][debug][gc,ref       ] GC(114) Skipped phase3 of Reference Processing due to unavailable references
[120.084s][debug][gc,age       ] GC(114) Desired survivor size 15368192 bytes, new threshold 6 (max threshold 6)
[120.084s][info ][gc,heap      ] GC(114) ParNew: 252909K->14546K(270336K)
[120.084s][info ][gc,heap      ] GC(114) CMS: 215957K->216108K(600768K)
[120.084s][info ][gc,metaspace ] GC(114) Metaspace: 56246K->56246K(1099776K)
[120.084s][info ][gc           ] GC(114) Pause Young (Allocation Failure) 457M->225M(850M) 5.991ms
[120.084s][info ][gc,cpu       ] GC(114) User=0.02s Sys=0.00s Real=0.01s
[120.084s][info ][safepoint    ] Leaving safepoint region
[120.084s][info ][safepoint    ] Total time for which application threads were stopped: 0.0061835 seconds, Stopping threads took: 0.0000407 seconds
[121.084s][info ][safepoint    ] Application time: 1.0000972 seconds
[121.084s][info ][safepoint    ] Entering safepoint region: Cleanup
[121.085s][info ][safepoint    ] Leaving safepoint region
[121.085s][info ][safepoint    ] Total time for which application threads were stopped: 0.0000780 seconds, Stopping threads took: 0.0000167 seconds
[123.085s][info ][safepoint    ] Application time: 2.0001619 seconds
[123.085s][info ][safepoint    ] Entering safepoint region: Cleanup
[123.085s][info ][safepoint    ] Leaving safepoint region
[123.085s][info ][safepoint    ] Total time for which application threads were stopped: 0.0000719 seconds, Stopping threads took: 0.0000152 seconds
[124.085s][info ][safepoint    ] Application time: 1.0000926 seconds
[124.085s][info ][safepoint    ] Entering safepoint region: Cleanup
[124.085s][info ][safepoint    ] Leaving safepoint region
[124.085s][info ][safepoint    ] Total time for which application threads were stopped: 0.0001011 seconds, Stopping threads took: 0.0000172 seconds
[124.364s][info ][safepoint    ] Application time: 0.2789107 seconds
[124.364s][info ][safepoint    ] Entering safepoint region: GenCollectForAllocation
[124.364s][info ][gc,start     ] GC(115) Pause Young (Allocation Failure)
[124.364s][info ][gc,task      ] GC(115) Using 4 workers of 4 for evacuation
[124.376s][debug][gc,ref       ] GC(115) Skipped phase1 of Reference Processing due to unavailable references
[124.376s][debug][gc,ref       ] GC(115) Skipped phase3 of Reference Processing due to unavailable references
[124.376s][debug][gc,ref       ] GC(115) Skipped phase4 of Reference Processing due to unavailable references
[124.376s][debug][gc,age       ] GC(115) Desired survivor size 15368192 bytes, new threshold 6 (max threshold 6)
[124.376s][info ][gc,heap      ] GC(115) ParNew: 254866K->10848K(270336K)
[124.376s][info ][gc,heap      ] GC(115) CMS: 216108K->217724K(600768K)
[124.376s][info ][gc,metaspace ] GC(115) Metaspace: 56277K->56277K(1099776K)
[124.376s][info ][gc           ] GC(115) Pause Young (Allocation Failure) 459M->223M(850M) 12.396ms
[124.377s][info ][gc,cpu       ] GC(115) User=0.02s Sys=0.00s Real=0.02s
[124.377s][info ][safepoint    ] Leaving safepoint region
[124.377s][info ][safepoint    ] Total time for which application threads were stopped: 0.0125587 seconds, Stopping threads took: 0.0000149 seconds
[125.377s][info ][safepoint    ] Application time: 1.0001340 seconds
[125.377s][info ][safepoint    ] Entering safepoint region: Cleanup
[125.377s][info ][safepoint    ] Leaving safepoint region
[125.377s][info ][safepoint    ] Total time for which application threads were stopped: 0.0000736 seconds, Stopping threads took: 0.0000149 seconds
[126.377s][info ][safepoint    ] Application time: 1.0000807 seconds
[126.377s][info ][safepoint    ] Entering safepoint region: Cleanup
[126.377s][info ][safepoint    ] Leaving safepoint region
[126.377s][info ][safepoint    ] Total time for which application threads were stopped: 0.0000786 seconds, Stopping threads took: 0.0000138 seconds
[127.377s][info ][safepoint    ] Application time: 1.0001388 seconds
[127.377s][info ][safepoint    ] Entering safepoint region: Cleanup
[127.377s][info ][safepoint    ] Leaving safepoint region
[127.377s][info ][safepoint    ] Total time for which application threads were stopped: 0.0000869 seconds, Stopping threads took: 0.0000170 seconds
[128.377s][info ][safepoint    ] Application time: 1.0001077 seconds
[128.377s][info ][safepoint    ] Entering safepoint region: Cleanup
[128.377s][info ][safepoint    ] Leaving safepoint region
[128.377s][info ][safepoint    ] Total time for which application threads were stopped: 0.0000900 seconds, Stopping threads took: 0.0000167 seconds
[129.010s][info ][safepoint    ] Application time: 0.6325577 seconds
[129.010s][info ][safepoint    ] Entering safepoint region: GenCollectForAllocation
[129.010s][info ][gc,start     ] GC(116) Pause Young (Allocation Failure)
[129.010s][info ][gc,task      ] GC(116) Using 4 workers of 4 for evacuation
[129.015s][debug][gc,ref       ] GC(116) Skipped phase1 of Reference Processing due to unavailable references
[129.015s][debug][gc,ref       ] GC(116) Skipped phase3 of Reference Processing due to unavailable references
[129.015s][debug][gc,ref       ] GC(116) Skipped phase4 of Reference Processing due to unavailable references
[129.015s][debug][gc,age       ] GC(116) Desired survivor size 15368192 bytes, new threshold 6 (max threshold 6)
[129.015s][info ][gc,heap      ] GC(116) ParNew: 251168K->12458K(270336K)
[129.015s][info ][gc,heap      ] GC(116) CMS: 217724K->217772K(600768K)
[129.015s][info ][gc,metaspace ] GC(116) Metaspace: 56295K->56295K(1099776K)
[129.015s][info ][gc           ] GC(116) Pause Young (Allocation Failure) 457M->224M(850M) 5.145ms
[129.015s][info ][gc,cpu       ] GC(116) User=0.02s Sys=0.00s Real=0.01s
[129.015s][info ][safepoint    ] Leaving safepoint region
[129.015s][info ][safepoint    ] Total time for which application threads were stopped: 0.0053107 seconds, Stopping threads took: 0.0000150 seconds
[129.067s][info ][safepoint    ] Application time: 0.0516375 seconds
[129.067s][info ][safepoint    ] Entering safepoint region: RevokeBias
[129.067s][info ][safepoint    ] Leaving safepoint region
[129.067s][info ][safepoint    ] Total time for which application threads were stopped: 0.0000894 seconds, Stopping threads took: 0.0000130 seconds
[131.067s][info ][safepoint    ] Application time: 2.0002311 seconds
[131.067s][info ][safepoint    ] Entering safepoint region: Cleanup
[131.067s][info ][safepoint    ] Leaving safepoint region
[131.067s][info ][safepoint    ] Total time for which application threads were stopped: 0.0000790 seconds, Stopping threads took: 0.0000160 seconds
[132.068s][info ][safepoint    ] Application time: 1.0001095 seconds
[132.068s][info ][safepoint    ] Entering safepoint region: Cleanup
[132.068s][info ][safepoint    ] Leaving safepoint region
[132.068s][info ][safepoint    ] Total time for which application threads were stopped: 0.0001429 seconds, Stopping threads took: 0.0000639 seconds
[133.068s][info ][safepoint    ] Application time: 1.0001022 seconds
[133.068s][info ][safepoint    ] Entering safepoint region: Cleanup
[133.068s][info ][safepoint    ] Leaving safepoint region
[133.068s][info ][safepoint    ] Total time for which application threads were stopped: 0.0001388 seconds, Stopping threads took: 0.0000678 seconds
[133.657s][info ][safepoint    ] Application time: 0.5891710 seconds
[133.657s][info ][safepoint    ] Entering safepoint region: GenCollectForAllocation
[133.657s][info ][gc,start     ] GC(117) Pause Young (Allocation Failure)
[133.657s][info ][gc,task      ] GC(117) Using 4 workers of 4 for evacuation
[133.663s][debug][gc,ref       ] GC(117) Skipped phase1 of Reference Processing due to unavailable references
[133.663s][debug][gc,ref       ] GC(117) Skipped phase3 of Reference Processing due to unavailable references
[133.664s][debug][gc,age       ] GC(117) Desired survivor size 15368192 bytes, new threshold 6 (max threshold 6)
[133.664s][info ][gc,heap      ] GC(117) ParNew: 252778K->8234K(270336K)
[133.664s][info ][gc,heap      ] GC(117) CMS: 217772K->218963K(600768K)
[133.664s][info ][gc,metaspace ] GC(117) Metaspace: 56322K->56322K(1099776K)
[133.664s][info ][gc           ] GC(117) Pause Young (Allocation Failure) 459M->221M(850M) 6.279ms
[133.664s][info ][gc,cpu       ] GC(117) User=0.02s Sys=0.00s Real=0.00s
[133.664s][info ][safepoint    ] Leaving safepoint region
[133.664s][info ][safepoint    ] Total time for which application threads were stopped: 0.0064257 seconds, Stopping threads took: 0.0000143 seconds
[134.664s][info ][safepoint    ] Application time: 1.0000969 seconds
[134.664s][info ][safepoint    ] Entering safepoint region: Cleanup
[134.664s][info ][safepoint    ] Leaving safepoint region
[134.664s][info ][safepoint    ] Total time for which application threads were stopped: 0.0001330 seconds, Stopping threads took: 0.0000473 seconds
[135.664s][info ][safepoint    ] Application time: 1.0000892 seconds
[135.664s][info ][safepoint    ] Entering safepoint region: Cleanup
[135.664s][info ][safepoint    ] Leaving safepoint region
[135.664s][info ][safepoint    ] Total time for which application threads were stopped: 0.0001336 seconds, Stopping threads took: 0.0000569 seconds
[137.664s][info ][safepoint    ] Application time: 2.0001588 seconds
[137.664s][info ][safepoint    ] Entering safepoint region: Cleanup
[137.665s][info ][safepoint    ] Leaving safepoint region
[137.665s][info ][safepoint    ] Total time for which application threads were stopped: 0.0001226 seconds, Stopping threads took: 0.0000551 seconds
[138.216s][info ][safepoint    ] Application time: 0.5511751 seconds
[138.216s][info ][safepoint    ] Entering safepoint region: GenCollectForAllocation
[138.216s][info ][gc,start     ] GC(118) Pause Young (Allocation Failure)
[138.216s][info ][gc,task      ] GC(118) Using 4 workers of 4 for evacuation
[138.221s][debug][gc,ref       ] GC(118) Skipped phase1 of Reference Processing due to unavailable references
[138.221s][debug][gc,ref       ] GC(118) Skipped phase3 of Reference Processing due to unavailable references
[138.221s][debug][gc,ref       ] GC(118) Skipped phase4 of Reference Processing due to unavailable references
[138.221s][debug][gc,age       ] GC(118) Desired survivor size 15368192 bytes, new threshold 6 (max threshold 6)
[138.221s][info ][gc,heap      ] GC(118) ParNew: 248554K->9226K(270336K)
[138.221s][info ][gc,heap      ] GC(118) CMS: 218963K->220189K(600768K)
[138.221s][info ][gc,metaspace ] GC(118) Metaspace: 56331K->56331K(1099776K)
[138.221s][info ][gc           ] GC(118) Pause Young (Allocation Failure) 456M->224M(850M) 5.276ms
[138.221s][info ][gc,cpu       ] GC(118) User=0.02s Sys=0.00s Real=0.00s
[138.221s][info ][safepoint    ] Leaving safepoint region
[138.221s][info ][safepoint    ] Total time for which application threads were stopped: 0.0054281 seconds, Stopping threads took: 0.0000134 seconds
[139.221s][info ][safepoint    ] Application time: 1.0000896 seconds
[139.221s][info ][safepoint    ] Entering safepoint region: Cleanup
[139.221s][info ][safepoint    ] Leaving safepoint region
[139.221s][info ][safepoint    ] Total time for which application threads were stopped: 0.0001749 seconds, Stopping threads took: 0.0000155 seconds
[140.222s][info ][safepoint    ] Application time: 1.0000921 seconds
[140.222s][info ][safepoint    ] Entering safepoint region: Cleanup
[140.222s][info ][safepoint    ] Leaving safepoint region
[140.222s][info ][safepoint    ] Total time for which application threads were stopped: 0.0000871 seconds, Stopping threads took: 0.0000143 seconds
[141.223s][info ][safepoint    ] Application time: 1.0015148 seconds
[141.233s][info ][safepoint    ] Entering safepoint region: Cleanup
[141.233s][info ][safepoint    ] Leaving safepoint region
[141.233s][info ][safepoint    ] Total time for which application threads were stopped: 0.0100744 seconds, Stopping threads took: 0.0100035 seconds
[142.233s][info ][safepoint    ] Application time: 1.0001007 seconds
[142.233s][info ][safepoint    ] Entering safepoint region: Cleanup
[142.234s][info ][safepoint    ] Leaving safepoint region
[142.234s][info ][safepoint    ] Total time for which application threads were stopped: 0.0000869 seconds, Stopping threads took: 0.0000154 seconds
[142.614s][info ][safepoint    ] Application time: 0.3807329 seconds
[142.614s][info ][safepoint    ] Entering safepoint region: GenCollectForAllocation
[142.614s][info ][gc,start     ] GC(119) Pause Young (Allocation Failure)
[142.614s][info ][gc,task      ] GC(119) Using 4 workers of 4 for evacuation
[142.621s][debug][gc,ref       ] GC(119) Skipped phase1 of Reference Processing due to unavailable references
[142.621s][debug][gc,ref       ] GC(119) Skipped phase3 of Reference Processing due to unavailable references
[142.621s][debug][gc,ref       ] GC(119) Skipped phase4 of Reference Processing due to unavailable references
[142.621s][debug][gc,age       ] GC(119) Desired survivor size 15368192 bytes, new threshold 6 (max threshold 6)
[142.621s][info ][gc,heap      ] GC(119) ParNew: 249546K->7889K(270336K)
[142.621s][info ][gc,heap      ] GC(119) CMS: 220189K->221520K(600768K)
[142.621s][info ][gc,metaspace ] GC(119) Metaspace: 56341K->56341K(1099776K)
[142.621s][info ][gc           ] GC(119) Pause Young (Allocation Failure) 458M->224M(850M) 6.277ms
[142.621s][info ][gc,cpu       ] GC(119) User=0.03s Sys=0.00s Real=0.00s
[142.621s][info ][safepoint    ] Leaving safepoint region
[142.621s][info ][safepoint    ] Total time for which application threads were stopped: 0.0064655 seconds, Stopping threads took: 0.0000532 seconds
[143.621s][info ][safepoint    ] Application time: 1.0001227 seconds
[143.621s][info ][safepoint    ] Entering safepoint region: Cleanup
[143.621s][info ][safepoint    ] Leaving safepoint region
[143.621s][info ][safepoint    ] Total time for which application threads were stopped: 0.0001027 seconds, Stopping threads took: 0.0000147 seconds
[144.621s][info ][safepoint    ] Application time: 1.0000874 seconds
[144.621s][info ][safepoint    ] Entering safepoint region: Cleanup
[144.621s][info ][safepoint    ] Leaving safepoint region
[144.621s][info ][safepoint    ] Total time for which application threads were stopped: 0.0001299 seconds, Stopping threads took: 0.0000599 seconds
[146.624s][info ][safepoint    ] Application time: 2.0028159 seconds
[146.624s][info ][safepoint    ] Entering safepoint region: Cleanup
[146.624s][info ][safepoint    ] Leaving safepoint region
[146.624s][info ][safepoint    ] Total time for which application threads were stopped: 0.0000764 seconds, Stopping threads took: 0.0000152 seconds
[147.112s][info ][safepoint    ] Application time: 0.4882429 seconds
[147.113s][info ][safepoint    ] Entering safepoint region: GenCollectForAllocation
[147.113s][info ][gc,start     ] GC(120) Pause Young (Allocation Failure)
[147.113s][info ][gc,task      ] GC(120) Using 4 workers of 4 for evacuation
[147.118s][debug][gc,ref       ] GC(120) Skipped phase1 of Reference Processing due to unavailable references
[147.118s][debug][gc,ref       ] GC(120) Skipped phase3 of Reference Processing due to unavailable references
[147.118s][debug][gc,ref       ] GC(120) Skipped phase4 of Reference Processing due to unavailable references
[147.118s][debug][gc,age       ] GC(120) Desired survivor size 15368192 bytes, new threshold 6 (max threshold 6)
[147.118s][info ][gc,heap      ] GC(120) ParNew: 248209K->5809K(270336K)
[147.118s][info ][gc,heap      ] GC(120) CMS: 221520K->222877K(600768K)
[147.118s][info ][gc,metaspace ] GC(120) Metaspace: 56344K->56344K(1099776K)
[147.118s][info ][gc           ] GC(120) Pause Young (Allocation Failure) 458M->223M(850M) 5.434ms
[147.118s][info ][gc,cpu       ] GC(120) User=0.02s Sys=0.00s Real=0.00s
[147.118s][info ][safepoint    ] Leaving safepoint region
[147.118s][info ][safepoint    ] Total time for which application threads were stopped: 0.0055822 seconds, Stopping threads took: 0.0000152 seconds
[148.118s][info ][safepoint    ] Application time: 1.0000988 seconds
[148.118s][info ][safepoint    ] Entering safepoint region: Cleanup
[148.118s][info ][safepoint    ] Leaving safepoint region
[148.118s][info ][safepoint    ] Total time for which application threads were stopped: 0.0000853 seconds, Stopping threads took: 0.0000159 seconds
[150.118s][info ][safepoint    ] Application time: 2.0001735 seconds
[150.119s][info ][safepoint    ] Entering safepoint region: Cleanup
[150.119s][info ][safepoint    ] Leaving safepoint region
[150.119s][info ][safepoint    ] Total time for which application threads were stopped: 0.0000816 seconds, Stopping threads took: 0.0000147 seconds
[151.119s][info ][safepoint    ] Application time: 1.0001064 seconds
[151.119s][info ][safepoint    ] Entering safepoint region: Cleanup
[151.119s][info ][safepoint    ] Leaving safepoint region
[151.119s][info ][safepoint    ] Total time for which application threads were stopped: 0.0000850 seconds, Stopping threads took: 0.0000241 seconds
[151.710s][info ][safepoint    ] Application time: 0.5907657 seconds
[151.710s][info ][safepoint    ] Entering safepoint region: GenCollectForAllocation
[151.710s][info ][gc,start     ] GC(121) Pause Young (Allocation Failure)
[151.710s][info ][gc,task      ] GC(121) Using 4 workers of 4 for evacuation
[151.716s][debug][gc,ref       ] GC(121) Skipped phase1 of Reference Processing due to unavailable references
[151.716s][debug][gc,ref       ] GC(121) Skipped phase3 of Reference Processing due to unavailable references
[151.716s][debug][gc,ref       ] GC(121) Skipped phase4 of Reference Processing due to unavailable references
[151.716s][debug][gc,age       ] GC(121) Desired survivor size 15368192 bytes, new threshold 6 (max threshold 6)
[151.716s][info ][gc,heap      ] GC(121) ParNew: 246129K->4758K(270336K)
[151.716s][info ][gc,heap      ] GC(121) CMS: 222877K->224111K(600768K)
[151.716s][info ][gc,metaspace ] GC(121) Metaspace: 56354K->56354K(1099776K)
[151.716s][info ][gc           ] GC(121) Pause Young (Allocation Failure) 458M->223M(850M) 6.563ms
[151.716s][info ][gc,cpu       ] GC(121) User=0.02s Sys=0.00s Real=0.01s
[151.716s][info ][safepoint    ] Leaving safepoint region
[151.716s][info ][safepoint    ] Total time for which application threads were stopped: 0.0067044 seconds, Stopping threads took: 0.0000147 seconds
[153.717s][info ][safepoint    ] Application time: 2.0002550 seconds
[153.717s][info ][safepoint    ] Entering safepoint region: Cleanup
[153.717s][info ][safepoint    ] Leaving safepoint region
[153.717s][info ][safepoint    ] Total time for which application threads were stopped: 0.0000761 seconds, Stopping threads took: 0.0000157 seconds
[154.717s][info ][safepoint    ] Application time: 1.0001289 seconds
[154.717s][info ][safepoint    ] Entering safepoint region: Cleanup
[154.717s][info ][safepoint    ] Leaving safepoint region
[154.717s][info ][safepoint    ] Total time for which application threads were stopped: 0.0001468 seconds, Stopping threads took: 0.0000339 seconds
[156.413s][info ][safepoint    ] Application time: 1.6960708 seconds
[156.413s][info ][safepoint    ] Entering safepoint region: GenCollectForAllocation
[156.413s][info ][gc,start     ] GC(122) Pause Young (Allocation Failure)
[156.413s][info ][gc,task      ] GC(122) Using 4 workers of 4 for evacuation
[156.417s][debug][gc,ref       ] GC(122) Skipped phase1 of Reference Processing due to unavailable references
[156.417s][debug][gc,ref       ] GC(122) Skipped phase2 of Reference Processing due to unavailable references
[156.417s][debug][gc,ref       ] GC(122) Skipped phase3 of Reference Processing due to unavailable references
[156.417s][debug][gc,ref       ] GC(122) Skipped phase4 of Reference Processing due to unavailable references
[156.417s][debug][gc,age       ] GC(122) Desired survivor size 15368192 bytes, new threshold 6 (max threshold 6)
[156.417s][info ][gc,heap      ] GC(122) ParNew: 245078K->5466K(270336K)
[156.417s][info ][gc,heap      ] GC(122) CMS: 224111K->224224K(600768K)
[156.417s][info ][gc,metaspace ] GC(122) Metaspace: 56362K->56362K(1099776K)
[156.417s][info ][gc           ] GC(122) Pause Young (Allocation Failure) 458M->224M(850M) 4.199ms
[156.417s][info ][gc,cpu       ] GC(122) User=0.02s Sys=0.00s Real=0.00s
[156.418s][info ][safepoint    ] Leaving safepoint region
[156.418s][info ][safepoint    ] Total time for which application threads were stopped: 0.0043626 seconds, Stopping threads took: 0.0000147 seconds
[157.418s][info ][safepoint    ] Application time: 1.0000522 seconds
[157.418s][info ][safepoint    ] Entering safepoint region: Cleanup
[157.418s][info ][safepoint    ] Leaving safepoint region
[157.418s][info ][safepoint    ] Total time for which application threads were stopped: 0.0001223 seconds, Stopping threads took: 0.0000611 seconds
[158.418s][info ][safepoint    ] Application time: 1.0000741 seconds
[158.418s][info ][safepoint    ] Entering safepoint region: Cleanup
[158.418s][info ][safepoint    ] Leaving safepoint region
[158.418s][info ][safepoint    ] Total time for which application threads were stopped: 0.0001201 seconds, Stopping threads took: 0.0000170 seconds
[159.418s][info ][safepoint    ] Application time: 1.0001531 seconds
[159.418s][info ][safepoint    ] Entering safepoint region: Cleanup
[159.418s][info ][safepoint    ] Leaving safepoint region
[159.418s][info ][safepoint    ] Total time for which application threads were stopped: 0.0001027 seconds, Stopping threads took: 0.0000170 seconds
[160.418s][info ][safepoint    ] Application time: 1.0001094 seconds
[160.418s][info ][safepoint    ] Entering safepoint region: Cleanup
[160.418s][info ][safepoint    ] Leaving safepoint region
[160.418s][info ][safepoint    ] Total time for which application threads were stopped: 0.0000722 seconds, Stopping threads took: 0.0000158 seconds
[161.211s][info ][safepoint    ] Application time: 0.7923681 seconds
[161.211s][info ][safepoint    ] Entering safepoint region: GenCollectForAllocation
[161.211s][info ][gc,start     ] GC(123) Pause Young (Allocation Failure)
[161.211s][info ][gc,task      ] GC(123) Using 4 workers of 4 for evacuation
[161.214s][debug][gc,ref       ] GC(123) Skipped phase1 of Reference Processing due to unavailable references
[161.215s][debug][gc,ref       ] GC(123) Skipped phase3 of Reference Processing due to unavailable references
[161.215s][debug][gc,age       ] GC(123) Desired survivor size 15368192 bytes, new threshold 6 (max threshold 6)
[161.215s][info ][gc,heap      ] GC(123) ParNew: 245786K->4270K(270336K)
[161.215s][info ][gc,heap      ] GC(123) CMS: 224224K->224293K(600768K)
[161.215s][info ][gc,metaspace ] GC(123) Metaspace: 56396K->56396K(1099776K)
[161.215s][info ][gc           ] GC(123) Pause Young (Allocation Failure) 458M->223M(850M) 3.699ms
[161.215s][info ][gc,cpu       ] GC(123) User=0.01s Sys=0.00s Real=0.01s
[161.215s][info ][safepoint    ] Leaving safepoint region
[161.215s][info ][safepoint    ] Total time for which application threads were stopped: 0.0038618 seconds, Stopping threads took: 0.0000156 seconds
[162.215s][info ][safepoint    ] Application time: 1.0000929 seconds
[162.215s][info ][safepoint    ] Entering safepoint region: Cleanup
[162.215s][info ][safepoint    ] Leaving safepoint region
[162.215s][info ][safepoint    ] Total time for which application threads were stopped: 0.0001402 seconds, Stopping threads took: 0.0000702 seconds
[165.215s][info ][safepoint    ] Application time: 3.0003353 seconds
[165.215s][info ][safepoint    ] Entering safepoint region: Cleanup
[165.215s][info ][safepoint    ] Leaving safepoint region
[165.215s][info ][safepoint    ] Total time for which application threads were stopped: 0.0000823 seconds, Stopping threads took: 0.0000158 seconds
[165.914s][info ][safepoint    ] Application time: 0.6982491 seconds
[165.914s][info ][safepoint    ] Entering safepoint region: GenCollectForAllocation
[165.914s][info ][gc,start     ] GC(124) Pause Young (Allocation Failure)
[165.914s][info ][gc,task      ] GC(124) Using 4 workers of 4 for evacuation
[165.917s][debug][gc,ref       ] GC(124) Skipped phase1 of Reference Processing due to unavailable references
[165.918s][debug][gc,ref       ] GC(124) Skipped phase3 of Reference Processing due to unavailable references
[165.918s][debug][gc,age       ] GC(124) Desired survivor size 15368192 bytes, new threshold 6 (max threshold 6)
[165.918s][info ][gc,heap      ] GC(124) ParNew: 244590K->5885K(270336K)
[165.918s][info ][gc,heap      ] GC(124) CMS: 224293K->224351K(600768K)
[165.918s][info ][gc,metaspace ] GC(124) Metaspace: 56407K->56407K(1099776K)
[165.918s][info ][gc           ] GC(124) Pause Young (Allocation Failure) 457M->224M(850M) 3.823ms
[165.918s][info ][gc,cpu       ] GC(124) User=0.01s Sys=0.00s Real=0.00s
[165.918s][info ][safepoint    ] Leaving safepoint region
[165.918s][info ][safepoint    ] Total time for which application threads were stopped: 0.0039644 seconds, Stopping threads took: 0.0000156 seconds
[167.918s][info ][safepoint    ] Application time: 2.0001872 seconds
[167.918s][info ][safepoint    ] Entering safepoint region: Cleanup
[167.918s][info ][safepoint    ] Leaving safepoint region
[167.918s][info ][safepoint    ] Total time for which application threads were stopped: 0.0000750 seconds, Stopping threads took: 0.0000154 seconds
[168.918s][info ][safepoint    ] Application time: 1.0000988 seconds
[168.918s][info ][safepoint    ] Entering safepoint region: Cleanup
[168.918s][info ][safepoint    ] Leaving safepoint region
[168.918s][info ][safepoint    ] Total time for which application threads were stopped: 0.0001244 seconds, Stopping threads took: 0.0000547 seconds
[169.918s][info ][safepoint    ] Application time: 1.0001008 seconds
[169.919s][info ][safepoint    ] Entering safepoint region: Cleanup
[169.919s][info ][safepoint    ] Leaving safepoint region
[169.919s][info ][safepoint    ] Total time for which application threads were stopped: 0.0002339 seconds, Stopping threads took: 0.0001472 seconds
[170.461s][info ][safepoint    ] Application time: 0.5422813 seconds
[170.461s][info ][safepoint    ] Entering safepoint region: GenCollectForAllocation
[170.461s][info ][gc,start     ] GC(125) Pause Young (Allocation Failure)
[170.461s][info ][gc,task      ] GC(125) Using 4 workers of 4 for evacuation
[170.467s][debug][gc,ref       ] GC(125) Skipped phase1 of Reference Processing due to unavailable references
[170.467s][debug][gc,ref       ] GC(125) Skipped phase3 of Reference Processing due to unavailable references
[170.467s][debug][gc,age       ] GC(125) Desired survivor size 15368192 bytes, new threshold 6 (max threshold 6)
[170.467s][info ][gc,heap      ] GC(125) ParNew: 246205K->2140K(270336K)
[170.467s][info ][gc,heap      ] GC(125) CMS: 224351K->226800K(600768K)
[170.467s][info ][gc,metaspace ] GC(125) Metaspace: 56427K->56427K(1099776K)
[170.467s][info ][gc           ] GC(125) Pause Young (Allocation Failure) 459M->223M(850M) 5.664ms
[170.467s][info ][gc,cpu       ] GC(125) User=0.02s Sys=0.00s Real=0.01s
[170.467s][info ][safepoint    ] Leaving safepoint region
[170.467s][info ][safepoint    ] Total time for which application threads were stopped: 0.0058459 seconds, Stopping threads took: 0.0000165 seconds
[171.467s][info ][safepoint    ] Application time: 1.0001091 seconds
[171.467s][info ][safepoint    ] Entering safepoint region: Cleanup
[171.467s][info ][safepoint    ] Leaving safepoint region
[171.467s][info ][safepoint    ] Total time for which application threads were stopped: 0.0000717 seconds, Stopping threads took: 0.0000135 seconds
[172.467s][info ][safepoint    ] Application time: 1.0000927 seconds
[172.467s][info ][safepoint    ] Entering safepoint region: Cleanup
[172.467s][info ][safepoint    ] Leaving safepoint region
[172.467s][info ][safepoint    ] Total time for which application threads were stopped: 0.0000914 seconds, Stopping threads took: 0.0000144 seconds
[173.467s][info ][safepoint    ] Application time: 1.0001610 seconds
[173.467s][info ][safepoint    ] Entering safepoint region: Cleanup
[173.468s][info ][safepoint    ] Leaving safepoint region
[173.468s][info ][safepoint    ] Total time for which application threads were stopped: 0.0000756 seconds, Stopping threads took: 0.0000146 seconds
[175.164s][info ][safepoint    ] Application time: 1.6962326 seconds
[175.164s][info ][safepoint    ] Entering safepoint region: GenCollectForAllocation
[175.164s][info ][gc,start     ] GC(126) Pause Young (Allocation Failure)
[175.164s][info ][gc,task      ] GC(126) Using 4 workers of 4 for evacuation
[175.167s][debug][gc,ref       ] GC(126) Skipped phase1 of Reference Processing due to unavailable references
[175.167s][debug][gc,ref       ] GC(126) Skipped phase3 of Reference Processing due to unavailable references
[175.167s][debug][gc,ref       ] GC(126) Skipped phase4 of Reference Processing due to unavailable references
[175.167s][debug][gc,age       ] GC(126) Desired survivor size 15368192 bytes, new threshold 6 (max threshold 6)
[175.167s][info ][gc,heap      ] GC(126) ParNew: 242460K->1646K(270336K)
[175.167s][info ][gc,heap      ] GC(126) CMS: 226800K->226903K(600768K)
[175.167s][info ][gc,metaspace ] GC(126) Metaspace: 56436K->56436K(1099776K)
[175.167s][info ][gc           ] GC(126) Pause Young (Allocation Failure) 458M->223M(850M) 3.029ms
[175.167s][info ][gc,cpu       ] GC(126) User=0.01s Sys=0.00s Real=0.01s
[175.167s][info ][safepoint    ] Leaving safepoint region
[175.167s][info ][safepoint    ] Total time for which application threads were stopped: 0.0031820 seconds, Stopping threads took: 0.0000151 seconds
[176.167s][info ][safepoint    ] Application time: 1.0001185 seconds
[176.167s][info ][safepoint    ] Entering safepoint region: Cleanup
[176.167s][info ][safepoint    ] Leaving safepoint region
[176.167s][info ][safepoint    ] Total time for which application threads were stopped: 0.0000995 seconds, Stopping threads took: 0.0000138 seconds
[178.168s][info ][safepoint    ] Application time: 2.0003093 seconds
[178.168s][info ][safepoint    ] Entering safepoint region: Cleanup
[178.168s][info ][safepoint    ] Leaving safepoint region
[178.168s][info ][safepoint    ] Total time for which application threads were stopped: 0.0000708 seconds, Stopping threads took: 0.0000138 seconds
[179.168s][info ][safepoint    ] Application time: 1.0000855 seconds
[179.168s][info ][safepoint    ] Entering safepoint region: Cleanup
[179.168s][info ][safepoint    ] Leaving safepoint region
[179.168s][info ][safepoint    ] Total time for which application threads were stopped: 0.0000856 seconds, Stopping threads took: 0.0000139 seconds
[179.811s][info ][safepoint    ] Application time: 0.6429152 seconds
[179.811s][info ][safepoint    ] Entering safepoint region: GenCollectForAllocation
[179.811s][info ][gc,start     ] GC(127) Pause Young (Allocation Failure)
[179.811s][info ][gc,task      ] GC(127) Using 4 workers of 4 for evacuation
[179.814s][debug][gc,ref       ] GC(127) Skipped phase1 of Reference Processing due to unavailable references
[179.814s][debug][gc,ref       ] GC(127) Skipped phase3 of Reference Processing due to unavailable references
[179.814s][debug][gc,ref       ] GC(127) Skipped phase4 of Reference Processing due to unavailable references
[179.814s][debug][gc,age       ] GC(127) Desired survivor size 15368192 bytes, new threshold 6 (max threshold 6)
[179.814s][info ][gc,heap      ] GC(127) ParNew: 241966K->1531K(270336K)
[179.814s][info ][gc,heap      ] GC(127) CMS: 226903K->227164K(600768K)
[179.814s][info ][gc,metaspace ] GC(127) Metaspace: 56438K->56438K(1099776K)
[179.814s][info ][gc           ] GC(127) Pause Young (Allocation Failure) 457M->223M(850M) 2.939ms
[179.814s][info ][gc,cpu       ] GC(127) User=0.01s Sys=0.00s Real=0.01s
[179.814s][info ][safepoint    ] Leaving safepoint region
[179.814s][info ][safepoint    ] Total time for which application threads were stopped: 0.0030844 seconds, Stopping threads took: 0.0000161 seconds
[180.815s][info ][safepoint    ] Application time: 1.0009105 seconds
[180.815s][info ][safepoint    ] Entering safepoint region: Cleanup
[180.815s][info ][safepoint    ] Leaving safepoint region
[180.815s][info ][safepoint    ] Total time for which application threads were stopped: 0.0001468 seconds, Stopping threads took: 0.0000770 seconds
[181.815s][info ][safepoint    ] Application time: 1.0000887 seconds
[181.815s][info ][safepoint    ] Entering safepoint region: Cleanup
[181.815s][info ][safepoint    ] Leaving safepoint region
[181.815s][info ][safepoint    ] Total time for which application threads were stopped: 0.0001480 seconds, Stopping threads took: 0.0000698 seconds
[182.815s][info ][safepoint    ] Application time: 1.0000962 seconds
[182.816s][info ][safepoint    ] Entering safepoint region: Cleanup
[182.816s][info ][safepoint    ] Leaving safepoint region
[182.816s][info ][safepoint    ] Total time for which application threads were stopped: 0.0001315 seconds, Stopping threads took: 0.0000651 seconds
[183.816s][info ][safepoint    ] Application time: 1.0000915 seconds
[183.816s][info ][safepoint    ] Entering safepoint region: Cleanup
[183.816s][info ][safepoint    ] Leaving safepoint region
[183.816s][info ][safepoint    ] Total time for which application threads were stopped: 0.0000775 seconds, Stopping threads took: 0.0000142 seconds
[184.367s][info ][safepoint    ] Application time: 0.5508141 seconds
[184.367s][info ][safepoint    ] Entering safepoint region: GenCollectForAllocation
[184.367s][info ][gc,start     ] GC(128) Pause Young (Allocation Failure)
[184.367s][info ][gc,task      ] GC(128) Using 4 workers of 4 for evacuation
[184.369s][debug][gc,ref       ] GC(128) Skipped phase1 of Reference Processing due to unavailable references
[184.369s][debug][gc,ref       ] GC(128) Skipped phase3 of Reference Processing due to unavailable references
[184.370s][debug][gc,age       ] GC(128) Desired survivor size 15368192 bytes, new threshold 6 (max threshold 6)
[184.370s][info ][gc,heap      ] GC(128) ParNew: 241851K->1797K(270336K)
[184.370s][info ][gc,heap      ] GC(128) CMS: 227164K->227392K(600768K)
[184.370s][info ][gc,metaspace ] GC(128) Metaspace: 56444K->56444K(1099776K)
[184.370s][info ][gc           ] GC(128) Pause Young (Allocation Failure) 458M->223M(850M) 2.844ms
[184.370s][info ][gc,cpu       ] GC(128) User=0.01s Sys=0.00s Real=0.00s
[184.370s][info ][safepoint    ] Leaving safepoint region
[184.370s][info ][safepoint    ] Total time for which application threads were stopped: 0.0029827 seconds, Stopping threads took: 0.0000142 seconds
[185.370s][info ][safepoint    ] Application time: 1.0001087 seconds
[185.370s][info ][safepoint    ] Entering safepoint region: Cleanup
[185.370s][info ][safepoint    ] Leaving safepoint region
[185.370s][info ][safepoint    ] Total time for which application threads were stopped: 0.0000886 seconds, Stopping threads took: 0.0000144 seconds
[187.370s][info ][safepoint    ] Application time: 2.0001683 seconds
[187.370s][info ][safepoint    ] Entering safepoint region: Cleanup
[187.370s][info ][safepoint    ] Leaving safepoint region
[187.370s][info ][safepoint    ] Total time for which application threads were stopped: 0.0000710 seconds, Stopping threads took: 0.0000147 seconds
[188.964s][info ][safepoint    ] Application time: 1.5938546 seconds
[188.964s][info ][safepoint    ] Entering safepoint region: GenCollectForAllocation
[188.964s][info ][gc,start     ] GC(129) Pause Young (Allocation Failure)
[188.964s][info ][gc,task      ] GC(129) Using 4 workers of 4 for evacuation
[188.967s][debug][gc,ref       ] GC(129) Skipped phase1 of Reference Processing due to unavailable references
[188.967s][debug][gc,ref       ] GC(129) Skipped phase3 of Reference Processing due to unavailable references
[188.967s][debug][gc,age       ] GC(129) Desired survivor size 15368192 bytes, new threshold 6 (max threshold 6)
[188.967s][info ][gc,heap      ] GC(129) ParNew: 242117K->2059K(270336K)
[188.967s][info ][gc,heap      ] GC(129) CMS: 227392K->227474K(600768K)
[188.967s][info ][gc,metaspace ] GC(129) Metaspace: 56450K->56450K(1099776K)
[188.967s][info ][gc           ] GC(129) Pause Young (Allocation Failure) 458M->224M(850M) 3.067ms
[188.967s][info ][gc,cpu       ] GC(129) User=0.01s Sys=0.00s Real=0.00s
[188.967s][info ][safepoint    ] Leaving safepoint region
[188.967s][info ][safepoint    ] Total time for which application threads were stopped: 0.0032178 seconds, Stopping threads took: 0.0000151 seconds
[190.968s][info ][safepoint    ] Application time: 2.0002589 seconds
[190.968s][info ][safepoint    ] Entering safepoint region: Cleanup
[190.968s][info ][safepoint    ] Leaving safepoint region
[190.968s][info ][safepoint    ] Total time for which application threads were stopped: 0.0000832 seconds, Stopping threads took: 0.0000140 seconds
[191.968s][info ][safepoint    ] Application time: 1.0000989 seconds
[191.968s][info ][safepoint    ] Entering safepoint region: Cleanup
[191.968s][info ][safepoint    ] Leaving safepoint region
[191.968s][info ][safepoint    ] Total time for which application threads were stopped: 0.0000722 seconds, Stopping threads took: 0.0000161 seconds
[192.968s][info ][safepoint    ] Application time: 1.0000901 seconds
[192.968s][info ][safepoint    ] Entering safepoint region: Cleanup
[192.968s][info ][safepoint    ] Leaving safepoint region
[192.968s][info ][safepoint    ] Total time for which application threads were stopped: 0.0000851 seconds, Stopping threads took: 0.0000142 seconds
[193.463s][info ][safepoint    ] Application time: 0.4952053 seconds
[193.463s][info ][safepoint    ] Entering safepoint region: GenCollectForAllocation
[193.463s][info ][gc,start     ] GC(130) Pause Young (Allocation Failure)
[193.463s][info ][gc,task      ] GC(130) Using 4 workers of 4 for evacuation
[193.466s][debug][gc,ref       ] GC(130) Skipped phase1 of Reference Processing due to unavailable references
[193.466s][debug][gc,ref       ] GC(130) Skipped phase3 of Reference Processing due to unavailable references
[193.466s][debug][gc,ref       ] GC(130) Skipped phase4 of Reference Processing due to unavailable references
[193.466s][debug][gc,age       ] GC(130) Desired survivor size 15368192 bytes, new threshold 6 (max threshold 6)
[193.466s][info ][gc,heap      ] GC(130) ParNew: 242379K->1606K(270336K)
[193.466s][info ][gc,heap      ] GC(130) CMS: 227474K->227531K(600768K)
[193.466s][info ][gc,metaspace ] GC(130) Metaspace: 56470K->56470K(1099776K)
[193.466s][info ][gc           ] GC(130) Pause Young (Allocation Failure) 458M->223M(850M) 2.984ms
[193.466s][info ][gc,cpu       ] GC(130) User=0.01s Sys=0.00s Real=0.01s
[193.466s][info ][safepoint    ] Leaving safepoint region
[193.466s][info ][safepoint    ] Total time for which application threads were stopped: 0.0031302 seconds, Stopping threads took: 0.0000153 seconds
[195.467s][info ][safepoint    ] Application time: 2.0002529 seconds
[195.467s][info ][safepoint    ] Entering safepoint region: Cleanup
[195.467s][info ][safepoint    ] Leaving safepoint region
[195.467s][info ][safepoint    ] Total time for which application threads were stopped: 0.0000916 seconds, Stopping threads took: 0.0000143 seconds
[196.467s][info ][safepoint    ] Application time: 1.0000961 seconds
[196.467s][info ][safepoint    ] Entering safepoint region: Cleanup
[196.467s][info ][safepoint    ] Leaving safepoint region
[196.467s][info ][safepoint    ] Total time for which application threads were stopped: 0.0001294 seconds, Stopping threads took: 0.0000631 seconds
[197.467s][info ][safepoint    ] Application time: 1.0001110 seconds
[197.467s][info ][safepoint    ] Entering safepoint region: Cleanup
[197.467s][info ][safepoint    ] Leaving safepoint region
[197.467s][info ][safepoint    ] Total time for which application threads were stopped: 0.0000718 seconds, Stopping threads took: 0.0000143 seconds
[198.261s][info ][safepoint    ] Application time: 0.7940702 seconds
[198.261s][info ][safepoint    ] Entering safepoint region: GenCollectForAllocation
[198.262s][info ][gc,start     ] GC(131) Pause Young (Allocation Failure)
[198.262s][info ][gc,task      ] GC(131) Using 4 workers of 4 for evacuation
[198.264s][debug][gc,ref       ] GC(131) Skipped phase1 of Reference Processing due to unavailable references
[198.264s][debug][gc,ref       ] GC(131) Skipped phase3 of Reference Processing due to unavailable references
[198.264s][debug][gc,age       ] GC(131) Desired survivor size 15368192 bytes, new threshold 6 (max threshold 6)
[198.264s][info ][gc,heap      ] GC(131) ParNew: 241926K->2081K(270336K)
[198.264s][info ][gc,heap      ] GC(131) CMS: 227531K->227651K(600768K)
[198.264s][info ][gc,metaspace ] GC(131) Metaspace: 56484K->56484K(1099776K)
[198.264s][info ][gc           ] GC(131) Pause Young (Allocation Failure) 458M->224M(850M) 2.925ms
[198.264s][info ][gc,cpu       ] GC(131) User=0.01s Sys=0.00s Real=0.01s
[198.265s][info ][safepoint    ] Leaving safepoint region
[198.265s][info ][safepoint    ] Total time for which application threads were stopped: 0.0030791 seconds, Stopping threads took: 0.0000291 seconds
[199.265s][info ][safepoint    ] Application time: 1.0001026 seconds
[199.265s][info ][safepoint    ] Entering safepoint region: Cleanup
[199.265s][info ][safepoint    ] Leaving safepoint region
[199.265s][info ][safepoint    ] Total time for which application threads were stopped: 0.0001188 seconds, Stopping threads took: 0.0000522 seconds
[201.265s][info ][safepoint    ] Application time: 2.0002855 seconds
[201.265s][info ][safepoint    ] Entering safepoint region: Cleanup
[201.265s][info ][safepoint    ] Leaving safepoint region
[201.265s][info ][safepoint    ] Total time for which application threads were stopped: 0.0001343 seconds, Stopping threads took: 0.0000595 seconds
[202.265s][info ][safepoint    ] Application time: 1.0000879 seconds
[202.265s][info ][safepoint    ] Entering safepoint region: Cleanup
[202.266s][info ][safepoint    ] Leaving safepoint region
[202.266s][info ][safepoint    ] Total time for which application threads were stopped: 0.0002093 seconds, Stopping threads took: 0.0001359 seconds
[203.114s][info ][safepoint    ] Application time: 0.8487469 seconds
[203.114s][info ][safepoint    ] Entering safepoint region: GenCollectForAllocation
[203.114s][info ][gc,start     ] GC(132) Pause Young (Allocation Failure)
[203.115s][info ][gc,task      ] GC(132) Using 4 workers of 4 for evacuation
[203.117s][debug][gc,ref       ] GC(132) Skipped phase1 of Reference Processing due to unavailable references
[203.117s][debug][gc,ref       ] GC(132) Skipped phase3 of Reference Processing due to unavailable references
[203.117s][debug][gc,ref       ] GC(132) Skipped phase4 of Reference Processing due to unavailable references
[203.117s][debug][gc,age       ] GC(132) Desired survivor size 15368192 bytes, new threshold 6 (max threshold 6)
[203.117s][info ][gc,heap      ] GC(132) ParNew: 242401K->2071K(270336K)
[203.117s][info ][gc,heap      ] GC(132) CMS: 227651K->227778K(600768K)
[203.117s][info ][gc,metaspace ] GC(132) Metaspace: 56490K->56490K(1099776K)
[203.117s][info ][gc           ] GC(132) Pause Young (Allocation Failure) 459M->224M(850M) 2.826ms
[203.117s][info ][gc,cpu       ] GC(132) User=0.01s Sys=0.00s Real=0.00s
[203.117s][info ][safepoint    ] Leaving safepoint region
[203.117s][info ][safepoint    ] Total time for which application threads were stopped: 0.0029927 seconds, Stopping threads took: 0.0000145 seconds
[204.117s][info ][safepoint    ] Application time: 1.0000936 seconds
[204.118s][info ][safepoint    ] Entering safepoint region: Cleanup
[204.118s][info ][safepoint    ] Leaving safepoint region
[204.118s][info ][safepoint    ] Total time for which application threads were stopped: 0.0001155 seconds, Stopping threads took: 0.0000560 seconds
[205.118s][info ][safepoint    ] Application time: 1.0001023 seconds
[205.118s][info ][safepoint    ] Entering safepoint region: Cleanup
[205.118s][info ][safepoint    ] Leaving safepoint region
[205.118s][info ][safepoint    ] Total time for which application threads were stopped: 0.0000712 seconds, Stopping threads took: 0.0000141 seconds
[206.118s][info ][safepoint    ] Application time: 1.0001010 seconds
[206.118s][info ][safepoint    ] Entering safepoint region: Cleanup
[206.118s][info ][safepoint    ] Leaving safepoint region
[206.118s][info ][safepoint    ] Total time for which application threads were stopped: 0.0000700 seconds, Stopping threads took: 0.0000144 seconds
[207.118s][info ][safepoint    ] Application time: 1.0001018 seconds
[207.118s][info ][safepoint    ] Entering safepoint region: Cleanup
[207.118s][info ][safepoint    ] Leaving safepoint region
[207.118s][info ][safepoint    ] Total time for which application threads were stopped: 0.0000902 seconds, Stopping threads took: 0.0000168 seconds
[208.118s][info ][safepoint    ] Application time: 1.0000869 seconds
[208.118s][info ][safepoint    ] Entering safepoint region: Cleanup
[208.118s][info ][safepoint    ] Leaving safepoint region
[208.118s][info ][safepoint    ] Total time for which application threads were stopped: 0.0000698 seconds, Stopping threads took: 0.0000145 seconds
[208.160s][info ][safepoint    ] Application time: 0.0413660 seconds
[208.160s][info ][safepoint    ] Entering safepoint region: GenCollectForAllocation
[208.160s][info ][gc,start     ] GC(133) Pause Young (Allocation Failure)
[208.160s][info ][gc,task      ] GC(133) Using 4 workers of 4 for evacuation
[208.163s][debug][gc,ref       ] GC(133) Skipped phase1 of Reference Processing due to unavailable references
[208.163s][debug][gc,ref       ] GC(133) Skipped phase3 of Reference Processing due to unavailable references
[208.163s][debug][gc,ref       ] GC(133) Skipped phase4 of Reference Processing due to unavailable references
[208.163s][debug][gc,age       ] GC(133) Desired survivor size 15368192 bytes, new threshold 6 (max threshold 6)
[208.163s][info ][gc,heap      ] GC(133) ParNew: 242391K->2398K(270336K)
[208.163s][info ][gc,heap      ] GC(133) CMS: 227778K->227918K(600768K)
[208.163s][info ][gc,metaspace ] GC(133) Metaspace: 56496K->56496K(1099776K)
[208.163s][info ][gc           ] GC(133) Pause Young (Allocation Failure) 459M->224M(850M) 2.847ms
[208.163s][info ][gc,cpu       ] GC(133) User=0.01s Sys=0.00s Real=0.00s
[208.163s][info ][safepoint    ] Leaving safepoint region
[208.163s][info ][safepoint    ] Total time for which application threads were stopped: 0.0030296 seconds, Stopping threads took: 0.0000536 seconds
[209.163s][info ][safepoint    ] Application time: 1.0001197 seconds
[209.163s][info ][safepoint    ] Entering safepoint region: Cleanup
[209.163s][info ][safepoint    ] Leaving safepoint region
[209.163s][info ][safepoint    ] Total time for which application threads were stopped: 0.0001157 seconds, Stopping threads took: 0.0000470 seconds
[210.163s][info ][safepoint    ] Application time: 1.0001651 seconds
[210.163s][info ][safepoint    ] Entering safepoint region: Cleanup
[210.163s][info ][safepoint    ] Leaving safepoint region
[210.163s][info ][safepoint    ] Total time for which application threads were stopped: 0.0001262 seconds, Stopping threads took: 0.0000552 seconds
[212.164s][info ][safepoint    ] Application time: 2.0001822 seconds
[212.164s][info ][safepoint    ] Entering safepoint region: Cleanup
[212.164s][info ][safepoint    ] Leaving safepoint region
[212.164s][info ][safepoint    ] Total time for which application threads were stopped: 0.0001339 seconds, Stopping threads took: 0.0000660 seconds
[213.160s][info ][safepoint    ] Application time: 0.9963128 seconds
[213.160s][info ][safepoint    ] Entering safepoint region: GenCollectForAllocation
[213.160s][info ][gc,start     ] GC(134) Pause Young (Allocation Failure)
[213.160s][info ][gc,task      ] GC(134) Using 4 workers of 4 for evacuation
[213.163s][debug][gc,ref       ] GC(134) Skipped phase1 of Reference Processing due to unavailable references
[213.163s][debug][gc,ref       ] GC(134) Skipped phase3 of Reference Processing due to unavailable references
[213.163s][debug][gc,ref       ] GC(134) Skipped phase4 of Reference Processing due to unavailable references
[213.163s][debug][gc,age       ] GC(134) Desired survivor size 15368192 bytes, new threshold 6 (max threshold 6)
[213.163s][info ][gc,heap      ] GC(134) ParNew: 242718K->2018K(270336K)
[213.163s][info ][gc,heap      ] GC(134) CMS: 227918K->228155K(600768K)
[213.163s][info ][gc,metaspace ] GC(134) Metaspace: 56503K->56503K(1099776K)
[213.163s][info ][gc           ] GC(134) Pause Young (Allocation Failure) 459M->224M(850M) 2.811ms
[213.163s][info ][gc,cpu       ] GC(134) User=0.01s Sys=0.00s Real=0.00s
[213.163s][info ][safepoint    ] Leaving safepoint region
[213.163s][info ][safepoint    ] Total time for which application threads were stopped: 0.0029519 seconds, Stopping threads took: 0.0000146 seconds
[214.163s][info ][safepoint    ] Application time: 1.0001135 seconds
[214.163s][info ][safepoint    ] Entering safepoint region: Cleanup
[214.163s][info ][safepoint    ] Leaving safepoint region
[214.163s][info ][safepoint    ] Total time for which application threads were stopped: 0.0001558 seconds, Stopping threads took: 0.0000630 seconds
[215.164s][info ][safepoint    ] Application time: 1.0000898 seconds
[215.164s][info ][safepoint    ] Entering safepoint region: Cleanup
[215.164s][info ][safepoint    ] Leaving safepoint region
[215.164s][info ][safepoint    ] Total time for which application threads were stopped: 0.0001483 seconds, Stopping threads took: 0.0000809 seconds
[216.164s][info ][safepoint    ] Application time: 1.0000896 seconds
[216.164s][info ][safepoint    ] Entering safepoint region: Cleanup
[216.164s][info ][safepoint    ] Leaving safepoint region
[216.164s][info ][safepoint    ] Total time for which application threads were stopped: 0.0001487 seconds, Stopping threads took: 0.0000869 seconds
[217.164s][info ][safepoint    ] Application time: 1.0000953 seconds
[217.164s][info ][safepoint    ] Entering safepoint region: Cleanup
[217.164s][info ][safepoint    ] Leaving safepoint region
[217.164s][info ][safepoint    ] Total time for which application threads were stopped: 0.0001094 seconds, Stopping threads took: 0.0000448 seconds
[218.409s][info ][safepoint    ] Application time: 1.2448985 seconds
[218.409s][info ][safepoint    ] Entering safepoint region: GenCollectForAllocation
[218.409s][info ][gc,start     ] GC(135) Pause Young (Allocation Failure)
[218.409s][info ][gc,task      ] GC(135) Using 4 workers of 4 for evacuation
[218.412s][debug][gc,ref       ] GC(135) Skipped phase1 of Reference Processing due to unavailable references
[218.412s][debug][gc,ref       ] GC(135) Skipped phase3 of Reference Processing due to unavailable references
[218.412s][debug][gc,age       ] GC(135) Desired survivor size 15368192 bytes, new threshold 6 (max threshold 6)
[218.412s][info ][gc,heap      ] GC(135) ParNew: 242338K->1709K(270336K)
[218.412s][info ][gc,heap      ] GC(135) CMS: 228155K->228390K(600768K)
[218.412s][info ][gc,metaspace ] GC(135) Metaspace: 56542K->56542K(1099776K)
[218.412s][info ][gc           ] GC(135) Pause Young (Allocation Failure) 459M->224M(850M) 2.921ms
[218.412s][info ][gc,cpu       ] GC(135) User=0.01s Sys=0.00s Real=0.01s
[218.412s][info ][safepoint    ] Leaving safepoint region
[218.412s][info ][safepoint    ] Total time for which application threads were stopped: 0.0030606 seconds, Stopping threads took: 0.0000167 seconds
[219.412s][info ][safepoint    ] Application time: 1.0000976 seconds
[219.412s][info ][safepoint    ] Entering safepoint region: Cleanup
[219.413s][info ][safepoint    ] Leaving safepoint region
[219.413s][info ][safepoint    ] Total time for which application threads were stopped: 0.0001403 seconds, Stopping threads took: 0.0000665 seconds
[220.413s][info ][safepoint    ] Application time: 1.0000890 seconds
[220.413s][info ][safepoint    ] Entering safepoint region: Cleanup
[220.413s][info ][safepoint    ] Leaving safepoint region
[220.413s][info ][safepoint    ] Total time for which application threads were stopped: 0.0001338 seconds, Stopping threads took: 0.0000591 seconds
[223.413s][info ][safepoint    ] Application time: 3.0001954 seconds
[223.413s][info ][safepoint    ] Entering safepoint region: Cleanup
[223.413s][info ][safepoint    ] Leaving safepoint region
[223.413s][info ][safepoint    ] Total time for which application threads were stopped: 0.0001254 seconds, Stopping threads took: 0.0000616 seconds
[223.711s][info ][safepoint    ] Application time: 0.2978889 seconds
[223.711s][info ][safepoint    ] Entering safepoint region: GenCollectForAllocation
[223.711s][info ][gc,start     ] GC(136) Pause Young (Allocation Failure)
[223.711s][info ][gc,task      ] GC(136) Using 4 workers of 4 for evacuation
[223.714s][debug][gc,ref       ] GC(136) Skipped phase1 of Reference Processing due to unavailable references
[223.714s][debug][gc,ref       ] GC(136) Skipped phase3 of Reference Processing due to unavailable references
[223.714s][debug][gc,ref       ] GC(136) Skipped phase4 of Reference Processing due to unavailable references
[223.714s][debug][gc,age       ] GC(136) Desired survivor size 15368192 bytes, new threshold 6 (max threshold 6)
[223.714s][info ][gc,heap      ] GC(136) ParNew: 242029K->1531K(270336K)
[223.714s][info ][gc,heap      ] GC(136) CMS: 228390K->228577K(600768K)
[223.714s][info ][gc,metaspace ] GC(136) Metaspace: 56557K->56557K(1099776K)
[223.714s][info ][gc           ] GC(136) Pause Young (Allocation Failure) 459M->224M(850M) 2.942ms
[223.714s][info ][gc,cpu       ] GC(136) User=0.01s Sys=0.00s Real=0.01s
[223.714s][info ][safepoint    ] Leaving safepoint region
[223.714s][info ][safepoint    ] Total time for which application threads were stopped: 0.0030901 seconds, Stopping threads took: 0.0000151 seconds
[225.715s][info ][safepoint    ] Application time: 2.0003039 seconds
[225.715s][info ][safepoint    ] Entering safepoint region: Cleanup
[225.715s][info ][safepoint    ] Leaving safepoint region
[225.715s][info ][safepoint    ] Total time for which application threads were stopped: 0.0000798 seconds, Stopping threads took: 0.0000177 seconds
[226.715s][info ][safepoint    ] Application time: 1.0000894 seconds
[226.715s][info ][safepoint    ] Entering safepoint region: Cleanup
[226.715s][info ][safepoint    ] Leaving safepoint region
[226.715s][info ][safepoint    ] Total time for which application threads were stopped: 0.0001264 seconds, Stopping threads took: 0.0000642 seconds
[229.107s][info ][safepoint    ] Application time: 2.3921857 seconds
[229.107s][info ][safepoint    ] Entering safepoint region: GenCollectForAllocation
[229.107s][info ][gc,start     ] GC(137) Pause Young (Allocation Failure)
[229.107s][info ][gc,task      ] GC(137) Using 4 workers of 4 for evacuation
[229.110s][debug][gc,ref       ] GC(137) Skipped phase1 of Reference Processing due to unavailable references
[229.110s][debug][gc,ref       ] GC(137) Skipped phase3 of Reference Processing due to unavailable references
[229.110s][debug][gc,ref       ] GC(137) Skipped phase4 of Reference Processing due to unavailable references
[229.110s][debug][gc,age       ] GC(137) Desired survivor size 15368192 bytes, new threshold 6 (max threshold 6)
[229.110s][info ][gc,heap      ] GC(137) ParNew: 241851K->1668K(270336K)
[229.110s][info ][gc,heap      ] GC(137) CMS: 228577K->228736K(600768K)
[229.110s][info ][gc,metaspace ] GC(137) Metaspace: 56564K->56564K(1099776K)
[229.110s][info ][gc           ] GC(137) Pause Young (Allocation Failure) 459M->225M(850M) 2.944ms
[229.110s][info ][gc,cpu       ] GC(137) User=0.02s Sys=0.00s Real=0.00s
[229.110s][info ][safepoint    ] Leaving safepoint region
[229.110s][info ][safepoint    ] Total time for which application threads were stopped: 0.0031052 seconds, Stopping threads took: 0.0000174 seconds
[230.110s][info ][safepoint    ] Application time: 1.0000976 seconds
[230.110s][info ][safepoint    ] Entering safepoint region: Cleanup
[230.110s][info ][safepoint    ] Leaving safepoint region
[230.110s][info ][safepoint    ] Total time for which application threads were stopped: 0.0001353 seconds, Stopping threads took: 0.0000626 seconds
[231.111s][info ][safepoint    ] Application time: 1.0001061 seconds
[231.111s][info ][safepoint    ] Entering safepoint region: Cleanup
[231.111s][info ][safepoint    ] Leaving safepoint region
[231.111s][info ][safepoint    ] Total time for which application threads were stopped: 0.0001206 seconds, Stopping threads took: 0.0000518 seconds
[233.111s][info ][safepoint    ] Application time: 2.0001737 seconds
[233.111s][info ][safepoint    ] Entering safepoint region: Cleanup
[233.111s][info ][safepoint    ] Leaving safepoint region
[233.111s][info ][safepoint    ] Total time for which application threads were stopped: 0.0001515 seconds, Stopping threads took: 0.0000874 seconds
[234.111s][info ][safepoint    ] Application time: 1.0001549 seconds
[234.111s][info ][safepoint    ] Entering safepoint region: Cleanup
[234.111s][info ][safepoint    ] Leaving safepoint region
[234.111s][info ][safepoint    ] Total time for which application threads were stopped: 0.0001321 seconds, Stopping threads took: 0.0000543 seconds
[234.513s][info ][safepoint    ] Application time: 0.4020375 seconds
[234.514s][info ][safepoint    ] Entering safepoint region: GenCollectForAllocation
[234.514s][info ][gc,start     ] GC(138) Pause Young (Allocation Failure)
[234.514s][info ][gc,task      ] GC(138) Using 4 workers of 4 for evacuation
[234.517s][debug][gc,ref       ] GC(138) Skipped phase1 of Reference Processing due to unavailable references
[234.517s][debug][gc,ref       ] GC(138) Skipped phase3 of Reference Processing due to unavailable references
[234.517s][debug][gc,ref       ] GC(138) Skipped phase4 of Reference Processing due to unavailable references
[234.517s][debug][gc,age       ] GC(138) Desired survivor size 15368192 bytes, new threshold 6 (max threshold 6)
[234.517s][info ][gc,heap      ] GC(138) ParNew: 241988K->1312K(270336K)
[234.517s][info ][gc,heap      ] GC(138) CMS: 228736K->229049K(600768K)
[234.517s][info ][gc,metaspace ] GC(138) Metaspace: 56578K->56578K(1099776K)
[234.517s][info ][gc           ] GC(138) Pause Young (Allocation Failure) 459M->224M(850M) 3.199ms
[234.517s][info ][gc,cpu       ] GC(138) User=0.01s Sys=0.01s Real=0.00s
[234.517s][info ][safepoint    ] Leaving safepoint region
[234.517s][info ][safepoint    ] Total time for which application threads were stopped: 0.0033535 seconds, Stopping threads took: 0.0000150 seconds
[235.517s][info ][safepoint    ] Application time: 1.0001958 seconds
[235.517s][info ][safepoint    ] Entering safepoint region: Cleanup
[235.517s][info ][safepoint    ] Leaving safepoint region
[235.517s][info ][safepoint    ] Total time for which application threads were stopped: 0.0000758 seconds, Stopping threads took: 0.0000155 seconds
[236.517s][info ][safepoint    ] Application time: 1.0000980 seconds
[236.517s][info ][safepoint    ] Entering safepoint region: Cleanup
[236.517s][info ][safepoint    ] Leaving safepoint region
[236.517s][info ][safepoint    ] Total time for which application threads were stopped: 0.0000754 seconds, Stopping threads took: 0.0000169 seconds
[237.517s][info ][safepoint    ] Application time: 1.0000879 seconds
[237.518s][info ][safepoint    ] Entering safepoint region: Cleanup
[237.518s][info ][safepoint    ] Leaving safepoint region
[237.518s][info ][safepoint    ] Total time for which application threads were stopped: 0.0000916 seconds, Stopping threads took: 0.0000170 seconds
[239.518s][info ][safepoint    ] Application time: 2.0001959 seconds
[239.518s][info ][safepoint    ] Entering safepoint region: Cleanup
[239.518s][info ][safepoint    ] Leaving safepoint region
[239.518s][info ][safepoint    ] Total time for which application threads were stopped: 0.0000985 seconds, Stopping threads took: 0.0000297 seconds
[239.763s][info ][safepoint    ] Application time: 0.2454703 seconds
[239.763s][info ][safepoint    ] Entering safepoint region: GenCollectForAllocation
[239.764s][info ][gc,start     ] GC(139) Pause Young (Allocation Failure)
[239.764s][info ][gc,task      ] GC(139) Using 4 workers of 4 for evacuation
[239.766s][debug][gc,ref       ] GC(139) Skipped phase1 of Reference Processing due to unavailable references
[239.766s][debug][gc,ref       ] GC(139) Skipped phase3 of Reference Processing due to unavailable references
[239.766s][debug][gc,age       ] GC(139) Desired survivor size 15368192 bytes, new threshold 6 (max threshold 6)
[239.766s][info ][gc,heap      ] GC(139) ParNew: 241632K->1113K(270336K)
[239.766s][info ][gc,heap      ] GC(139) CMS: 229049K->229229K(600768K)
[239.766s][info ][gc,metaspace ] GC(139) Metaspace: 56718K->56718K(1101824K)
[239.767s][info ][gc           ] GC(139) Pause Young (Allocation Failure) 459M->224M(850M) 2.892ms
[239.767s][info ][gc,cpu       ] GC(139) User=0.01s Sys=0.00s Real=0.01s
[239.767s][info ][safepoint    ] Leaving safepoint region
[239.767s][info ][safepoint    ] Total time for which application threads were stopped: 0.0030486 seconds, Stopping threads took: 0.0000158 seconds
[241.767s][info ][safepoint    ] Application time: 2.0002484 seconds
[241.767s][info ][safepoint    ] Entering safepoint region: Cleanup
[241.767s][info ][safepoint    ] Leaving safepoint region
[241.767s][info ][safepoint    ] Total time for which application threads were stopped: 0.0000778 seconds, Stopping threads took: 0.0000166 seconds
[244.864s][info ][safepoint    ] Application time: 3.0974263 seconds
[244.864s][info ][safepoint    ] Entering safepoint region: GenCollectForAllocation
[244.864s][info ][gc,start     ] GC(140) Pause Young (Allocation Failure)
[244.865s][info ][gc,task      ] GC(140) Using 4 workers of 4 for evacuation
[244.867s][debug][gc,ref       ] GC(140) Skipped phase1 of Reference Processing due to unavailable references
[244.867s][debug][gc,ref       ] GC(140) Skipped phase3 of Reference Processing due to unavailable references
[244.867s][debug][gc,ref       ] GC(140) Skipped phase4 of Reference Processing due to unavailable references
[244.867s][debug][gc,age       ] GC(140) Desired survivor size 15368192 bytes, new threshold 6 (max threshold 6)
[244.867s][info ][gc,heap      ] GC(140) ParNew: 241433K->1175K(270336K)
[244.867s][info ][gc,heap      ] GC(140) CMS: 229229K->229386K(600768K)
[244.867s][info ][gc,metaspace ] GC(140) Metaspace: 56736K->56736K(1101824K)
[244.867s][info ][gc           ] GC(140) Pause Young (Allocation Failure) 459M->225M(850M) 2.957ms
[244.867s][info ][gc,cpu       ] GC(140) User=0.01s Sys=0.00s Real=0.00s
[244.867s][info ][safepoint    ] Leaving safepoint region
[244.867s][info ][safepoint    ] Total time for which application threads were stopped: 0.0031007 seconds, Stopping threads took: 0.0000137 seconds
[246.868s][info ][safepoint    ] Application time: 2.0001683 seconds
[246.868s][info ][safepoint    ] Entering safepoint region: Cleanup
[246.868s][info ][safepoint    ] Leaving safepoint region
[246.868s][info ][safepoint    ] Total time for which application threads were stopped: 0.0000855 seconds, Stopping threads took: 0.0000300 seconds
[248.868s][info ][safepoint    ] Application time: 2.0001513 seconds
[248.868s][info ][safepoint    ] Entering safepoint region: Cleanup
[248.868s][info ][safepoint    ] Leaving safepoint region
[248.868s][info ][safepoint    ] Total time for which application threads were stopped: 0.0000847 seconds, Stopping threads took: 0.0000145 seconds
[249.808s][info ][safepoint    ] Application time: 0.9403687 seconds
[249.809s][info ][safepoint    ] Entering safepoint region: GenCollectForAllocation
[249.809s][info ][gc,start     ] GC(141) Pause Young (Allocation Failure)
[249.809s][info ][gc,task      ] GC(141) Using 4 workers of 4 for evacuation
[249.814s][debug][gc,ref       ] GC(141) Skipped phase1 of Reference Processing due to unavailable references
[249.814s][debug][gc,ref       ] GC(141) Skipped phase3 of Reference Processing due to unavailable references
[249.814s][debug][gc,ref       ] GC(141) Skipped phase4 of Reference Processing due to unavailable references
[249.815s][debug][gc,age       ] GC(141) Desired survivor size 15368192 bytes, new threshold 6 (max threshold 6)
[249.815s][info ][gc,heap      ] GC(141) ParNew: 241495K->1668K(270336K)
[249.815s][info ][gc,heap      ] GC(141) CMS: 229386K->229410K(600768K)
[249.815s][info ][gc,metaspace ] GC(141) Metaspace: 56782K->56782K(1101824K)
[249.815s][info ][gc           ] GC(141) Pause Young (Allocation Failure) 459M->225M(850M) 5.967ms
[249.815s][info ][gc,cpu       ] GC(141) User=0.02s Sys=0.00s Real=0.01s
[249.815s][info ][safepoint    ] Leaving safepoint region
[249.815s][info ][safepoint    ] Total time for which application threads were stopped: 0.0062057 seconds, Stopping threads took: 0.0000631 seconds
[250.815s][info ][safepoint    ] Application time: 1.0000806 seconds
[250.815s][info ][safepoint    ] Entering safepoint region: Cleanup
[250.815s][info ][safepoint    ] Leaving safepoint region
[250.815s][info ][safepoint    ] Total time for which application threads were stopped: 0.0000896 seconds, Stopping threads took: 0.0000152 seconds
[251.815s][info ][safepoint    ] Application time: 1.0000921 seconds
[251.815s][info ][safepoint    ] Entering safepoint region: Cleanup
[251.815s][info ][safepoint    ] Leaving safepoint region
[251.815s][info ][safepoint    ] Total time for which application threads were stopped: 0.0001341 seconds, Stopping threads took: 0.0000585 seconds
[252.815s][info ][safepoint    ] Application time: 1.0000904 seconds
[252.815s][info ][safepoint    ] Entering safepoint region: Cleanup
[252.815s][info ][safepoint    ] Leaving safepoint region
[252.815s][info ][safepoint    ] Total time for which application threads were stopped: 0.0000774 seconds, Stopping threads took: 0.0000164 seconds
[253.815s][info ][safepoint    ] Application time: 1.0000918 seconds
[253.815s][info ][safepoint    ] Entering safepoint region: Cleanup
[253.816s][info ][safepoint    ] Leaving safepoint region
[253.816s][info ][safepoint    ] Total time for which application threads were stopped: 0.0000705 seconds, Stopping threads took: 0.0000142 seconds
[254.908s][info ][safepoint    ] Application time: 1.0925460 seconds
[254.908s][info ][safepoint    ] Entering safepoint region: GenCollectForAllocation
[254.908s][info ][gc,start     ] GC(142) Pause Young (Allocation Failure)
[254.908s][info ][gc,task      ] GC(142) Using 4 workers of 4 for evacuation
[254.911s][debug][gc,ref       ] GC(142) Skipped phase1 of Reference Processing due to unavailable references
[254.911s][debug][gc,ref       ] GC(142) Skipped phase3 of Reference Processing due to unavailable references
[254.911s][debug][gc,ref       ] GC(142) Skipped phase4 of Reference Processing due to unavailable references
[254.911s][debug][gc,age       ] GC(142) Desired survivor size 15368192 bytes, new threshold 6 (max threshold 6)
[254.911s][info ][gc,heap      ] GC(142) ParNew: 241988K->1466K(270336K)
[254.911s][info ][gc,heap      ] GC(142) CMS: 229410K->229486K(600768K)
[254.911s][info ][gc,metaspace ] GC(142) Metaspace: 56782K->56782K(1101824K)
[254.911s][info ][gc           ] GC(142) Pause Young (Allocation Failure) 460M->225M(850M) 2.971ms
[254.911s][info ][gc,cpu       ] GC(142) User=0.01s Sys=0.00s Real=0.00s
[254.911s][info ][safepoint    ] Leaving safepoint region
[254.911s][info ][safepoint    ] Total time for which application threads were stopped: 0.0031218 seconds, Stopping threads took: 0.0000178 seconds
[256.911s][info ][safepoint    ] Application time: 2.0001425 seconds
[256.911s][info ][safepoint    ] Entering safepoint region: Cleanup
[256.912s][info ][safepoint    ] Leaving safepoint region
[256.912s][info ][safepoint    ] Total time for which application threads were stopped: 0.0001364 seconds, Stopping threads took: 0.0000570 seconds
[257.912s][info ][safepoint    ] Application time: 1.0000720 seconds
[257.912s][info ][safepoint    ] Entering safepoint region: Cleanup
[257.912s][info ][safepoint    ] Leaving safepoint region
[257.912s][info ][safepoint    ] Total time for which application threads were stopped: 0.0001572 seconds, Stopping threads took: 0.0000721 seconds
[258.912s][info ][safepoint    ] Application time: 1.0000574 seconds
[258.912s][info ][safepoint    ] Entering safepoint region: Cleanup
[258.912s][info ][safepoint    ] Leaving safepoint region
[258.912s][info ][safepoint    ] Total time for which application threads were stopped: 0.0001694 seconds, Stopping threads took: 0.0000742 seconds
[260.062s][info ][safepoint    ] Application time: 1.1503120 seconds
[260.063s][info ][safepoint    ] Entering safepoint region: GenCollectForAllocation
[260.063s][info ][gc,start     ] GC(143) Pause Young (Allocation Failure)
[260.063s][info ][gc,task      ] GC(143) Using 4 workers of 4 for evacuation
[260.065s][debug][gc,ref       ] GC(143) Skipped phase1 of Reference Processing due to unavailable references
[260.065s][debug][gc,ref       ] GC(143) Skipped phase3 of Reference Processing due to unavailable references
[260.065s][debug][gc,ref       ] GC(143) Skipped phase4 of Reference Processing due to unavailable references
[260.065s][debug][gc,age       ] GC(143) Desired survivor size 15368192 bytes, new threshold 6 (max threshold 6)
[260.065s][info ][gc,heap      ] GC(143) ParNew: 241786K->1700K(270336K)
[260.065s][info ][gc,heap      ] GC(143) CMS: 229486K->229613K(600768K)
[260.065s][info ][gc,metaspace ] GC(143) Metaspace: 56782K->56782K(1101824K)
[260.065s][info ][gc           ] GC(143) Pause Young (Allocation Failure) 460M->225M(850M) 2.822ms
[260.065s][info ][gc,cpu       ] GC(143) User=0.01s Sys=0.00s Real=0.01s
[260.065s][info ][safepoint    ] Leaving safepoint region
[260.065s][info ][safepoint    ] Total time for which application threads were stopped: 0.0029562 seconds, Stopping threads took: 0.0000142 seconds
[261.066s][info ][safepoint    ] Application time: 1.0001072 seconds
[261.066s][info ][safepoint    ] Entering safepoint region: Cleanup
[261.066s][info ][safepoint    ] Leaving safepoint region
[261.066s][info ][safepoint    ] Total time for which application threads were stopped: 0.0000754 seconds, Stopping threads took: 0.0000163 seconds
[262.066s][info ][safepoint    ] Application time: 1.0000926 seconds
[262.066s][info ][safepoint    ] Entering safepoint region: Cleanup
[262.066s][info ][safepoint    ] Leaving safepoint region
[262.066s][info ][safepoint    ] Total time for which application threads were stopped: 0.0000816 seconds, Stopping threads took: 0.0000146 seconds
[263.066s][info ][safepoint    ] Application time: 1.0000872 seconds
[263.066s][info ][safepoint    ] Entering safepoint region: Cleanup
[263.066s][info ][safepoint    ] Leaving safepoint region
[263.066s][info ][safepoint    ] Total time for which application threads were stopped: 0.0000841 seconds, Stopping threads took: 0.0000159 seconds
[264.066s][info ][safepoint    ] Application time: 1.0000905 seconds
[264.066s][info ][safepoint    ] Entering safepoint region: Cleanup
[264.066s][info ][safepoint    ] Leaving safepoint region
[264.066s][info ][safepoint    ] Total time for which application threads were stopped: 0.0001305 seconds, Stopping threads took: 0.0000665 seconds
[265.312s][info ][safepoint    ] Application time: 1.2455830 seconds
[265.312s][info ][safepoint    ] Entering safepoint region: GenCollectForAllocation
[265.312s][info ][gc,start     ] GC(144) Pause Young (Allocation Failure)
[265.312s][info ][gc,task      ] GC(144) Using 4 workers of 4 for evacuation
[265.315s][debug][gc,ref       ] GC(144) Skipped phase1 of Reference Processing due to unavailable references
[265.315s][debug][gc,ref       ] GC(144) Skipped phase3 of Reference Processing due to unavailable references
[265.315s][debug][gc,ref       ] GC(144) Skipped phase4 of Reference Processing due to unavailable references
[265.315s][debug][gc,age       ] GC(144) Desired survivor size 15368192 bytes, new threshold 6 (max threshold 6)
[265.315s][info ][gc,heap      ] GC(144) ParNew: 242020K->1597K(270336K)
[265.315s][info ][gc,heap      ] GC(144) CMS: 229613K->229718K(600768K)
[265.315s][info ][gc,metaspace ] GC(144) Metaspace: 56785K->56785K(1101824K)
[265.315s][info ][gc           ] GC(144) Pause Young (Allocation Failure) 460M->225M(850M) 2.824ms
[265.315s][info ][gc,cpu       ] GC(144) User=0.01s Sys=0.00s Real=0.00s
[265.315s][info ][safepoint    ] Leaving safepoint region
[265.315s][info ][safepoint    ] Total time for which application threads were stopped: 0.0030035 seconds, Stopping threads took: 0.0000161 seconds
[270.565s][info ][safepoint    ] Application time: 5.2503138 seconds
[270.565s][info ][safepoint    ] Entering safepoint region: GenCollectForAllocation
[270.565s][info ][gc,start     ] GC(145) Pause Young (Allocation Failure)
[270.565s][info ][gc,task      ] GC(145) Using 4 workers of 4 for evacuation
[270.569s][debug][gc,ref       ] GC(145) Skipped phase1 of Reference Processing due to unavailable references
[270.569s][debug][gc,ref       ] GC(145) Skipped phase2 of Reference Processing due to unavailable references
[270.569s][debug][gc,ref       ] GC(145) Skipped phase3 of Reference Processing due to unavailable references
[270.569s][debug][gc,ref       ] GC(145) Skipped phase4 of Reference Processing due to unavailable references
[270.569s][debug][gc,age       ] GC(145) Desired survivor size 15368192 bytes, new threshold 6 (max threshold 6)
[270.569s][info ][gc,heap      ] GC(145) ParNew: 241917K->1826K(270336K)
[270.569s][info ][gc,heap      ] GC(145) CMS: 229718K->230031K(600768K)
[270.569s][info ][gc,metaspace ] GC(145) Metaspace: 56785K->56785K(1101824K)
[270.569s][info ][gc           ] GC(145) Pause Young (Allocation Failure) 460M->226M(850M) 3.300ms
[270.569s][info ][gc,cpu       ] GC(145) User=0.01s Sys=0.01s Real=0.00s
[270.569s][info ][safepoint    ] Leaving safepoint region
[270.569s][info ][safepoint    ] Total time for which application threads were stopped: 0.0034478 seconds, Stopping threads took: 0.0000152 seconds
[271.569s][info ][safepoint    ] Application time: 1.0000987 seconds
[271.569s][info ][safepoint    ] Entering safepoint region: Cleanup
[271.569s][info ][safepoint    ] Leaving safepoint region
[271.569s][info ][safepoint    ] Total time for which application threads were stopped: 0.0000886 seconds, Stopping threads took: 0.0000149 seconds
[273.569s][info ][safepoint    ] Application time: 2.0001617 seconds
[273.569s][info ][safepoint    ] Entering safepoint region: Cleanup
[273.569s][info ][safepoint    ] Leaving safepoint region
[273.569s][info ][safepoint    ] Total time for which application threads were stopped: 0.0000731 seconds, Stopping threads took: 0.0000150 seconds
[275.711s][info ][safepoint    ] Application time: 2.1414060 seconds
[275.711s][info ][safepoint    ] Entering safepoint region: GenCollectForAllocation
[275.711s][info ][gc,start     ] GC(146) Pause Young (Allocation Failure)
[275.711s][info ][gc,task      ] GC(146) Using 4 workers of 4 for evacuation
[275.713s][debug][gc,ref       ] GC(146) Skipped phase1 of Reference Processing due to unavailable references
[275.713s][debug][gc,ref       ] GC(146) Skipped phase2 of Reference Processing due to unavailable references
[275.713s][debug][gc,ref       ] GC(146) Skipped phase3 of Reference Processing due to unavailable references
[275.713s][debug][gc,ref       ] GC(146) Skipped phase4 of Reference Processing due to unavailable references
[275.713s][debug][gc,age       ] GC(146) Desired survivor size 15368192 bytes, new threshold 6 (max threshold 6)
[275.713s][info ][gc,heap      ] GC(146) ParNew: 242146K->1486K(270336K)
[275.713s][info ][gc,heap      ] GC(146) CMS: 230031K->230188K(600768K)
[275.713s][info ][gc,metaspace ] GC(146) Metaspace: 56785K->56785K(1101824K)
[275.713s][info ][gc           ] GC(146) Pause Young (Allocation Failure) 461M->226M(850M) 2.667ms
[275.714s][info ][gc,cpu       ] GC(146) User=0.01s Sys=0.00s Real=0.01s
[275.714s][info ][safepoint    ] Leaving safepoint region
[275.714s][info ][safepoint    ] Total time for which application threads were stopped: 0.0028321 seconds, Stopping threads took: 0.0000146 seconds
[277.714s][info ][safepoint    ] Application time: 2.0001566 seconds
[277.714s][info ][safepoint    ] Entering safepoint region: Cleanup
[277.714s][info ][safepoint    ] Leaving safepoint region
[277.714s][info ][safepoint    ] Total time for which application threads were stopped: 0.0001691 seconds, Stopping threads took: 0.0000977 seconds
[280.561s][info ][safepoint    ] Application time: 2.8468132 seconds
[280.561s][info ][safepoint    ] Entering safepoint region: GenCollectForAllocation
[280.561s][info ][gc,start     ] GC(147) Pause Young (Allocation Failure)
[280.561s][info ][gc,task      ] GC(147) Using 4 workers of 4 for evacuation
[280.564s][debug][gc,ref       ] GC(147) Skipped phase1 of Reference Processing due to unavailable references
[280.564s][debug][gc,ref       ] GC(147) Skipped phase2 of Reference Processing due to unavailable references
[280.564s][debug][gc,ref       ] GC(147) Skipped phase3 of Reference Processing due to unavailable references
[280.564s][debug][gc,ref       ] GC(147) Skipped phase4 of Reference Processing due to unavailable references
[280.564s][debug][gc,age       ] GC(147) Desired survivor size 15368192 bytes, new threshold 6 (max threshold 6)
[280.564s][info ][gc,heap      ] GC(147) ParNew: 241806K->1584K(270336K)
[280.564s][info ][gc,heap      ] GC(147) CMS: 230188K->230526K(600768K)
[280.564s][info ][gc,metaspace ] GC(147) Metaspace: 56788K->56788K(1101824K)
[280.564s][info ][gc           ] GC(147) Pause Young (Allocation Failure) 460M->226M(850M) 2.858ms
[280.564s][info ][gc,cpu       ] GC(147) User=0.01s Sys=0.01s Real=0.00s
[280.564s][info ][safepoint    ] Leaving safepoint region
[280.564s][info ][safepoint    ] Total time for which application threads were stopped: 0.0030054 seconds, Stopping threads took: 0.0000156 seconds
[281.564s][info ][safepoint    ] Application time: 1.0001482 seconds
[281.564s][info ][safepoint    ] Entering safepoint region: Cleanup
[281.564s][info ][safepoint    ] Leaving safepoint region
[281.564s][info ][safepoint    ] Total time for which application threads were stopped: 0.0001231 seconds, Stopping threads took: 0.0000496 seconds
[282.564s][info ][safepoint    ] Application time: 1.0001080 seconds
[282.564s][info ][safepoint    ] Entering safepoint region: Cleanup
[282.564s][info ][safepoint    ] Leaving safepoint region
[282.564s][info ][safepoint    ] Total time for which application threads were stopped: 0.0001446 seconds, Stopping threads took: 0.0000661 seconds
[283.564s][info ][safepoint    ] Application time: 1.0000951 seconds
[283.565s][info ][safepoint    ] Entering safepoint region: Cleanup
[283.565s][info ][safepoint    ] Leaving safepoint region
[283.565s][info ][safepoint    ] Total time for which application threads were stopped: 0.0001507 seconds, Stopping threads took: 0.0000578 seconds
[284.565s][info ][safepoint    ] Application time: 1.0000852 seconds
[284.565s][info ][safepoint    ] Entering safepoint region: Cleanup
[284.565s][info ][safepoint    ] Leaving safepoint region
[284.565s][info ][safepoint    ] Total time for which application threads were stopped: 0.0000685 seconds, Stopping threads took: 0.0000142 seconds
[284.763s][info ][safepoint    ] Application time: 0.1981024 seconds
[284.763s][info ][safepoint    ] Entering safepoint region: GenCollectForAllocation
[284.763s][info ][gc,start     ] GC(148) Pause Young (Allocation Failure)
[284.763s][info ][gc,task      ] GC(148) Using 4 workers of 4 for evacuation
[284.767s][debug][gc,ref       ] GC(148) Skipped phase1 of Reference Processing due to unavailable references
[284.767s][debug][gc,ref       ] GC(148) Skipped phase2 of Reference Processing due to unavailable references
[284.767s][debug][gc,ref       ] GC(148) Skipped phase3 of Reference Processing due to unavailable references
[284.767s][debug][gc,ref       ] GC(148) Skipped phase4 of Reference Processing due to unavailable references
[284.767s][debug][gc,age       ] GC(148) Desired survivor size 15368192 bytes, new threshold 6 (max threshold 6)
[284.767s][info ][gc,heap      ] GC(148) ParNew: 241904K->4168K(270336K)
[284.767s][info ][gc,heap      ] GC(148) CMS: 230526K->230633K(600768K)
[284.767s][info ][gc,metaspace ] GC(148) Metaspace: 56799K->56799K(1101824K)
[284.767s][info ][gc           ] GC(148) Pause Young (Allocation Failure) 461M->229M(850M) 3.880ms
[284.767s][info ][gc,cpu       ] GC(148) User=0.02s Sys=0.00s Real=0.01s
[284.767s][info ][safepoint    ] Leaving safepoint region
[284.767s][info ][safepoint    ] Total time for which application threads were stopped: 0.0040545 seconds, Stopping threads took: 0.0000157 seconds
[286.767s][info ][safepoint    ] Application time: 2.0001906 seconds
[286.767s][info ][safepoint    ] Entering safepoint region: Cleanup
[286.767s][info ][safepoint    ] Leaving safepoint region
[286.767s][info ][safepoint    ] Total time for which application threads were stopped: 0.0000937 seconds, Stopping threads took: 0.0000156 seconds
[287.767s][info ][safepoint    ] Application time: 1.0001060 seconds
[287.768s][info ][safepoint    ] Entering safepoint region: Cleanup
[287.768s][info ][safepoint    ] Leaving safepoint region
[287.768s][info ][safepoint    ] Total time for which application threads were stopped: 0.0001264 seconds, Stopping threads took: 0.0000688 seconds
[288.768s][info ][safepoint    ] Application time: 1.0001009 seconds
[288.768s][info ][safepoint    ] Entering safepoint region: Cleanup
[288.768s][info ][safepoint    ] Leaving safepoint region
[288.768s][info ][safepoint    ] Total time for which application threads were stopped: 0.0000738 seconds, Stopping threads took: 0.0000163 seconds
[289.711s][info ][safepoint    ] Application time: 0.9434219 seconds
[289.711s][info ][safepoint    ] Entering safepoint region: GenCollectForAllocation
[289.711s][info ][gc,start     ] GC(149) Pause Young (Allocation Failure)
[289.711s][info ][gc,task      ] GC(149) Using 4 workers of 4 for evacuation
[289.715s][debug][gc,ref       ] GC(149) Skipped phase1 of Reference Processing due to unavailable references
[289.715s][debug][gc,ref       ] GC(149) Skipped phase2 of Reference Processing due to unavailable references
[289.715s][debug][gc,ref       ] GC(149) Skipped phase3 of Reference Processing due to unavailable references
[289.715s][debug][gc,ref       ] GC(149) Skipped phase4 of Reference Processing due to unavailable references
[289.715s][debug][gc,age       ] GC(149) Desired survivor size 15368192 bytes, new threshold 6 (max threshold 6)
[289.715s][info ][gc,heap      ] GC(149) ParNew: 244488K->5600K(270336K)
[289.715s][info ][gc,heap      ] GC(149) CMS: 230633K->230774K(600768K)
[289.715s][info ][gc,metaspace ] GC(149) Metaspace: 56800K->56800K(1101824K)
[289.715s][info ][gc           ] GC(149) Pause Young (Allocation Failure) 463M->230M(850M) 3.735ms
[289.715s][info ][gc,cpu       ] GC(149) User=0.01s Sys=0.00s Real=0.01s
[289.715s][info ][safepoint    ] Leaving safepoint region
[289.715s][info ][safepoint    ] Total time for which application threads were stopped: 0.0039149 seconds, Stopping threads took: 0.0000168 seconds
[291.715s][info ][safepoint    ] Application time: 2.0002119 seconds
[291.716s][info ][safepoint    ] Entering safepoint region: Cleanup
[291.716s][info ][safepoint    ] Leaving safepoint region
[291.716s][info ][safepoint    ] Total time for which application threads were stopped: 0.0000748 seconds, Stopping threads took: 0.0000138 seconds
[292.716s][info ][safepoint    ] Application time: 1.0000844 seconds
[292.716s][info ][safepoint    ] Entering safepoint region: Cleanup
[292.716s][info ][safepoint    ] Leaving safepoint region
[292.716s][info ][safepoint    ] Total time for which application threads were stopped: 0.0000840 seconds, Stopping threads took: 0.0000148 seconds
[293.716s][info ][safepoint    ] Application time: 1.0000997 seconds
[293.716s][info ][safepoint    ] Entering safepoint region: Cleanup
[293.716s][info ][safepoint    ] Leaving safepoint region
[293.716s][info ][safepoint    ] Total time for which application threads were stopped: 0.0001439 seconds, Stopping threads took: 0.0000637 seconds
[294.663s][info ][safepoint    ] Application time: 0.9471890 seconds
[294.663s][info ][safepoint    ] Entering safepoint region: GenCollectForAllocation
[294.663s][info ][gc,start     ] GC(150) Pause Young (Allocation Failure)
[294.663s][info ][gc,task      ] GC(150) Using 4 workers of 4 for evacuation
[294.667s][debug][gc,ref       ] GC(150) Skipped phase1 of Reference Processing due to unavailable references
[294.667s][debug][gc,ref       ] GC(150) Skipped phase2 of Reference Processing due to unavailable references
[294.667s][debug][gc,ref       ] GC(150) Skipped phase3 of Reference Processing due to unavailable references
[294.667s][debug][gc,ref       ] GC(150) Skipped phase4 of Reference Processing due to unavailable references
[294.667s][debug][gc,age       ] GC(150) Desired survivor size 15368192 bytes, new threshold 6 (max threshold 6)
[294.667s][info ][gc,heap      ] GC(150) ParNew: 245920K->5280K(270336K)
[294.667s][info ][gc,heap      ] GC(150) CMS: 230774K->230821K(600768K)
[294.667s][info ][gc,metaspace ] GC(150) Metaspace: 56805K->56805K(1101824K)
[294.667s][info ][gc           ] GC(150) Pause Young (Allocation Failure) 465M->230M(850M) 3.543ms
[294.667s][info ][gc,cpu       ] GC(150) User=0.02s Sys=0.00s Real=0.01s
[294.667s][info ][safepoint    ] Leaving safepoint region
[294.667s][info ][safepoint    ] Total time for which application threads were stopped: 0.0036991 seconds, Stopping threads took: 0.0000156 seconds
[295.667s][info ][safepoint    ] Application time: 1.0001023 seconds
[295.667s][info ][safepoint    ] Entering safepoint region: Cleanup
[295.667s][info ][safepoint    ] Leaving safepoint region
[295.667s][info ][safepoint    ] Total time for which application threads were stopped: 0.0000735 seconds, Stopping threads took: 0.0000153 seconds
[298.668s][info ][safepoint    ] Application time: 3.0003360 seconds
[298.668s][info ][safepoint    ] Entering safepoint region: Cleanup
[298.668s][info ][safepoint    ] Leaving safepoint region
[298.668s][info ][safepoint    ] Total time for which application threads were stopped: 0.0001470 seconds, Stopping threads took: 0.0000379 seconds
[299.414s][info ][safepoint    ] Application time: 0.7467533 seconds
[299.415s][info ][safepoint    ] Entering safepoint region: GenCollectForAllocation
[299.415s][info ][gc,start     ] GC(151) Pause Young (Allocation Failure)
[299.415s][info ][gc,task      ] GC(151) Using 4 workers of 4 for evacuation
[299.419s][debug][gc,ref       ] GC(151) Skipped phase1 of Reference Processing due to unavailable references
[299.419s][debug][gc,ref       ] GC(151) Skipped phase2 of Reference Processing due to unavailable references
[299.419s][debug][gc,ref       ] GC(151) Skipped phase3 of Reference Processing due to unavailable references
[299.419s][debug][gc,ref       ] GC(151) Skipped phase4 of Reference Processing due to unavailable references
[299.420s][debug][gc,age       ] GC(151) Desired survivor size 15368192 bytes, new threshold 6 (max threshold 6)
[299.420s][info ][gc,heap      ] GC(151) ParNew: 245600K->6479K(270336K)
[299.420s][info ][gc,heap      ] GC(151) CMS: 230821K->230924K(600768K)
[299.420s][info ][gc,metaspace ] GC(151) Metaspace: 56819K->56819K(1101824K)
[299.420s][info ][gc           ] GC(151) Pause Young (Allocation Failure) 465M->231M(850M) 5.045ms
[299.420s][info ][gc,cpu       ] GC(151) User=0.02s Sys=0.00s Real=0.00s
[299.420s][info ][safepoint    ] Leaving safepoint region
[299.420s][info ][safepoint    ] Total time for which application threads were stopped: 0.0052000 seconds, Stopping threads took: 0.0000139 seconds
[300.420s][info ][safepoint    ] Application time: 1.0001118 seconds
[300.420s][info ][safepoint    ] Entering safepoint region: Cleanup
[300.420s][info ][safepoint    ] Leaving safepoint region
[300.420s][info ][safepoint    ] Total time for which application threads were stopped: 0.0001088 seconds, Stopping threads took: 0.0000426 seconds
[301.420s][info ][safepoint    ] Application time: 1.0000920 seconds
[301.420s][info ][safepoint    ] Entering safepoint region: Cleanup
[301.420s][info ][safepoint    ] Leaving safepoint region
[301.420s][info ][safepoint    ] Total time for which application threads were stopped: 0.0000888 seconds, Stopping threads took: 0.0000153 seconds
[302.420s][info ][safepoint    ] Application time: 1.0001046 seconds
[302.420s][info ][safepoint    ] Entering safepoint region: Cleanup
[302.420s][info ][safepoint    ] Leaving safepoint region
[302.420s][info ][safepoint    ] Total time for which application threads were stopped: 0.0000845 seconds, Stopping threads took: 0.0000148 seconds
[304.060s][info ][safepoint    ] Application time: 1.6394976 seconds
[304.060s][info ][safepoint    ] Entering safepoint region: GenCollectForAllocation
[304.060s][info ][gc,start     ] GC(152) Pause Young (Allocation Failure)
[304.060s][info ][gc,task      ] GC(152) Using 4 workers of 4 for evacuation
[304.065s][debug][gc,ref       ] GC(152) Skipped phase1 of Reference Processing due to unavailable references
[304.065s][debug][gc,ref       ] GC(152) Skipped phase2 of Reference Processing due to unavailable references
[304.065s][debug][gc,ref       ] GC(152) Skipped phase3 of Reference Processing due to unavailable references
[304.065s][debug][gc,ref       ] GC(152) Skipped phase4 of Reference Processing due to unavailable references
[304.065s][debug][gc,age       ] GC(152) Desired survivor size 15368192 bytes, new threshold 6 (max threshold 6)
[304.065s][info ][gc,heap      ] GC(152) ParNew: 246799K->9354K(270336K)
[304.065s][info ][gc,heap      ] GC(152) CMS: 230924K->231037K(600768K)
[304.065s][info ][gc,metaspace ] GC(152) Metaspace: 56821K->56821K(1101824K)
[304.065s][info ][gc           ] GC(152) Pause Young (Allocation Failure) 466M->234M(850M) 4.865ms
[304.065s][info ][gc,cpu       ] GC(152) User=0.01s Sys=0.00s Real=0.01s
[304.065s][info ][safepoint    ] Leaving safepoint region
[304.065s][info ][safepoint    ] Total time for which application threads were stopped: 0.0050064 seconds, Stopping threads took: 0.0000149 seconds
[305.065s][info ][safepoint    ] Application time: 1.0001045 seconds
[305.065s][info ][safepoint    ] Entering safepoint region: Cleanup
[305.065s][info ][safepoint    ] Leaving safepoint region
[305.065s][info ][safepoint    ] Total time for which application threads were stopped: 0.0001613 seconds, Stopping threads took: 0.0000732 seconds
[306.065s][info ][safepoint    ] Application time: 1.0001628 seconds
[306.066s][info ][safepoint    ] Entering safepoint region: Cleanup
[306.066s][info ][safepoint    ] Leaving safepoint region
[306.066s][info ][safepoint    ] Total time for which application threads were stopped: 0.0001818 seconds, Stopping threads took: 0.0000803 seconds
[307.066s][info ][safepoint    ] Application time: 1.0000958 seconds
[307.066s][info ][safepoint    ] Entering safepoint region: Cleanup
[307.066s][info ][safepoint    ] Leaving safepoint region
[307.066s][info ][safepoint    ] Total time for which application threads were stopped: 0.0001549 seconds, Stopping threads took: 0.0000858 seconds
[308.066s][info ][safepoint    ] Application time: 1.0000757 seconds
[308.066s][info ][safepoint    ] Entering safepoint region: Cleanup
[308.066s][info ][safepoint    ] Leaving safepoint region
[308.066s][info ][safepoint    ] Total time for which application threads were stopped: 0.0000948 seconds, Stopping threads took: 0.0000308 seconds
[308.111s][info ][safepoint    ] Application time: 0.0448103 seconds
[308.111s][info ][safepoint    ] Entering safepoint region: GenCollectForAllocation
[308.111s][info ][gc,start     ] GC(153) Pause Young (Allocation Failure)
[308.111s][info ][gc,task      ] GC(153) Using 4 workers of 4 for evacuation
[308.124s][debug][gc,ref       ] GC(153) Skipped phase1 of Reference Processing due to unavailable references
[308.124s][debug][gc,ref       ] GC(153) Skipped phase3 of Reference Processing due to unavailable references
[308.124s][debug][gc,age       ] GC(153) Desired survivor size 15368192 bytes, new threshold 6 (max threshold 6)
[308.124s][info ][gc,heap      ] GC(153) ParNew: 249674K->11697K(270336K)
[308.124s][info ][gc,heap      ] GC(153) CMS: 231037K->231253K(600768K)
[308.124s][info ][gc,metaspace ] GC(153) Metaspace: 56843K->56843K(1101824K)
[308.124s][info ][gc           ] GC(153) Pause Young (Allocation Failure) 469M->237M(850M) 13.285ms
[308.124s][info ][gc,cpu       ] GC(153) User=0.03s Sys=0.00s Real=0.02s
[308.124s][info ][safepoint    ] Leaving safepoint region
[308.124s][info ][safepoint    ] Total time for which application threads were stopped: 0.0134867 seconds, Stopping threads took: 0.0000511 seconds
[309.125s][info ][safepoint    ] Application time: 1.0001099 seconds
[309.125s][info ][safepoint    ] Entering safepoint region: Cleanup
[309.125s][info ][safepoint    ] Leaving safepoint region
[309.125s][info ][safepoint    ] Total time for which application threads were stopped: 0.0001591 seconds, Stopping threads took: 0.0000156 seconds
[312.125s][info ][safepoint    ] Application time: 3.0002816 seconds
[312.125s][info ][safepoint    ] Entering safepoint region: Cleanup
[312.125s][info ][safepoint    ] Leaving safepoint region
[312.125s][info ][safepoint    ] Total time for which application threads were stopped: 0.0001806 seconds, Stopping threads took: 0.0000518 seconds
[312.139s][info ][safepoint    ] Application time: 0.0133182 seconds
[312.139s][info ][safepoint    ] Entering safepoint region: GenCollectForAllocation
[312.139s][info ][gc,start     ] GC(154) Pause Young (Allocation Failure)
[312.139s][info ][gc,task      ] GC(154) Using 4 workers of 4 for evacuation
[312.147s][debug][gc,ref       ] GC(154) Skipped phase1 of Reference Processing due to unavailable references
[312.147s][debug][gc,ref       ] GC(154) Skipped phase3 of Reference Processing due to unavailable references
[312.147s][debug][gc,age       ] GC(154) Desired survivor size 15368192 bytes, new threshold 6 (max threshold 6)
[312.147s][info ][gc,heap      ] GC(154) ParNew: 252017K->14853K(270336K)
[312.147s][info ][gc,heap      ] GC(154) CMS: 231253K->232415K(600768K)
[312.147s][info ][gc,metaspace ] GC(154) Metaspace: 56880K->56880K(1101824K)
[312.147s][info ][gc           ] GC(154) Pause Young (Allocation Failure) 471M->241M(850M) 8.253ms
[312.147s][info ][gc,cpu       ] GC(154) User=0.03s Sys=0.01s Real=0.01s
[312.147s][info ][safepoint    ] Leaving safepoint region
[312.147s][info ][safepoint    ] Total time for which application threads were stopped: 0.0084586 seconds, Stopping threads took: 0.0000687 seconds
[313.147s][info ][safepoint    ] Application time: 1.0000949 seconds
[313.147s][info ][safepoint    ] Entering safepoint region: Cleanup
[313.147s][info ][safepoint    ] Leaving safepoint region
[313.147s][info ][safepoint    ] Total time for which application threads were stopped: 0.0001717 seconds, Stopping threads took: 0.0000156 seconds
[314.148s][info ][safepoint    ] Application time: 1.0001219 seconds
[314.148s][info ][safepoint    ] Entering safepoint region: Cleanup
[314.148s][info ][safepoint    ] Leaving safepoint region
[314.148s][info ][safepoint    ] Total time for which application threads were stopped: 0.0001583 seconds, Stopping threads took: 0.0000738 seconds
[314.914s][info ][safepoint    ] Application time: 0.7658361 seconds
[314.914s][info ][safepoint    ] Entering safepoint region: GenCollectForAllocation
[314.914s][info ][gc,start     ] GC(155) Pause Young (Allocation Failure)
[314.914s][info ][gc,task      ] GC(155) Using 4 workers of 4 for evacuation
[314.920s][debug][gc,ref       ] GC(155) Skipped phase1 of Reference Processing due to unavailable references
[314.920s][debug][gc,ref       ] GC(155) Skipped phase3 of Reference Processing due to unavailable references
[314.920s][debug][gc,ref       ] GC(155) Skipped phase4 of Reference Processing due to unavailable references
[314.920s][debug][gc,age       ] GC(155) Desired survivor size 15368192 bytes, new threshold 6 (max threshold 6)
[314.920s][info ][gc,heap      ] GC(155) ParNew: 255173K->12099K(270336K)
[314.920s][info ][gc,heap      ] GC(155) CMS: 232415K->232524K(600768K)
[314.920s][info ][gc,metaspace ] GC(155) Metaspace: 56899K->56899K(1101824K)
[314.920s][info ][gc           ] GC(155) Pause Young (Allocation Failure) 476M->238M(850M) 6.464ms
[314.920s][info ][gc,cpu       ] GC(155) User=0.03s Sys=0.00s Real=0.00s
[314.920s][info ][safepoint    ] Leaving safepoint region
[314.920s][info ][safepoint    ] Total time for which application threads were stopped: 0.0066235 seconds, Stopping threads took: 0.0000161 seconds
[319.512s][info ][safepoint    ] Application time: 4.5915946 seconds
[319.512s][info ][safepoint    ] Entering safepoint region: GenCollectForAllocation
[319.512s][info ][gc,start     ] GC(156) Pause Young (Allocation Failure)
[319.512s][info ][gc,task      ] GC(156) Using 4 workers of 4 for evacuation
[319.517s][debug][gc,ref       ] GC(156) Skipped phase1 of Reference Processing due to unavailable references
[319.518s][debug][gc,ref       ] GC(156) Skipped phase3 of Reference Processing due to unavailable references
[319.518s][debug][gc,ref       ] GC(156) Skipped phase4 of Reference Processing due to unavailable references
[319.518s][debug][gc,age       ] GC(156) Desired survivor size 15368192 bytes, new threshold 6 (max threshold 6)
[319.518s][info ][gc,heap      ] GC(156) ParNew: 252419K->13472K(270336K)
[319.518s][info ][gc,heap      ] GC(156) CMS: 232524K->232584K(600768K)
[319.518s][info ][gc,metaspace ] GC(156) Metaspace: 56899K->56899K(1101824K)
[319.518s][info ][gc           ] GC(156) Pause Young (Allocation Failure) 473M->240M(850M) 5.791ms
[319.518s][info ][gc,cpu       ] GC(156) User=0.02s Sys=0.00s Real=0.01s
[319.518s][info ][safepoint    ] Leaving safepoint region
[319.518s][info ][safepoint    ] Total time for which application threads were stopped: 0.0059348 seconds, Stopping threads took: 0.0000144 seconds
[321.518s][info ][safepoint    ] Application time: 2.0001793 seconds
[321.518s][info ][safepoint    ] Entering safepoint region: Cleanup
[321.518s][info ][safepoint    ] Leaving safepoint region
[321.518s][info ][safepoint    ] Total time for which application threads were stopped: 0.0000763 seconds, Stopping threads took: 0.0000137 seconds
[322.518s][info ][safepoint    ] Application time: 1.0000897 seconds
[322.518s][info ][safepoint    ] Entering safepoint region: Cleanup
[322.518s][info ][safepoint    ] Leaving safepoint region
[322.518s][info ][safepoint    ] Total time for which application threads were stopped: 0.0000859 seconds, Stopping threads took: 0.0000134 seconds
[323.518s][info ][safepoint    ] Application time: 1.0000907 seconds
[323.518s][info ][safepoint    ] Entering safepoint region: Cleanup
[323.518s][info ][safepoint    ] Leaving safepoint region
[323.518s][info ][safepoint    ] Total time for which application threads were stopped: 0.0001045 seconds, Stopping threads took: 0.0000442 seconds
[323.912s][info ][safepoint    ] Application time: 0.3935275 seconds
[323.912s][info ][safepoint    ] Entering safepoint region: GenCollectForAllocation
[323.912s][info ][gc,start     ] GC(157) Pause Young (Allocation Failure)
[323.912s][info ][gc,task      ] GC(157) Using 4 workers of 4 for evacuation
[323.920s][debug][gc,ref       ] GC(157) Skipped phase1 of Reference Processing due to unavailable references
[323.920s][debug][gc,ref       ] GC(157) Skipped phase3 of Reference Processing due to unavailable references
[323.920s][debug][gc,ref       ] GC(157) Skipped phase4 of Reference Processing due to unavailable references
[323.920s][debug][gc,age       ] GC(157) Desired survivor size 15368192 bytes, new threshold 6 (max threshold 6)
[323.920s][info ][gc,heap      ] GC(157) ParNew: 253792K->13470K(270336K)
[323.920s][info ][gc,heap      ] GC(157) CMS: 232584K->233917K(600768K)
[323.920s][info ][gc,metaspace ] GC(157) Metaspace: 56900K->56900K(1101824K)
[323.920s][info ][gc           ] GC(157) Pause Young (Allocation Failure) 474M->241M(850M) 7.595ms
[323.920s][info ][gc,cpu       ] GC(157) User=0.02s Sys=0.00s Real=0.00s
[323.920s][info ][safepoint    ] Leaving safepoint region
[323.920s][info ][safepoint    ] Total time for which application threads were stopped: 0.0077918 seconds, Stopping threads took: 0.0000154 seconds
[324.920s][info ][safepoint    ] Application time: 1.0001159 seconds
[324.920s][info ][safepoint    ] Entering safepoint region: Cleanup
[324.920s][info ][safepoint    ] Leaving safepoint region
[324.920s][info ][safepoint    ] Total time for which application threads were stopped: 0.0000734 seconds, Stopping threads took: 0.0000141 seconds
[325.920s][info ][safepoint    ] Application time: 1.0001145 seconds
[325.920s][info ][safepoint    ] Entering safepoint region: Cleanup
[325.920s][info ][safepoint    ] Leaving safepoint region
[325.920s][info ][safepoint    ] Total time for which application threads were stopped: 0.0000859 seconds, Stopping threads took: 0.0000157 seconds
[328.709s][info ][safepoint    ] Application time: 2.7890563 seconds
[328.709s][info ][safepoint    ] Entering safepoint region: GenCollectForAllocation
[328.710s][info ][gc,start     ] GC(158) Pause Young (Allocation Failure)
[328.710s][info ][gc,task      ] GC(158) Using 4 workers of 4 for evacuation
[328.715s][debug][gc,ref       ] GC(158) Skipped phase1 of Reference Processing due to unavailable references
[328.715s][debug][gc,ref       ] GC(158) Skipped phase3 of Reference Processing due to unavailable references
[328.715s][debug][gc,ref       ] GC(158) Skipped phase4 of Reference Processing due to unavailable references
[328.715s][debug][gc,age       ] GC(158) Desired survivor size 15368192 bytes, new threshold 6 (max threshold 6)
[328.715s][info ][gc,heap      ] GC(158) ParNew: 253790K->10333K(270336K)
[328.715s][info ][gc,heap      ] GC(158) CMS: 233917K->235148K(600768K)
[328.715s][info ][gc,metaspace ] GC(158) Metaspace: 56904K->56904K(1101824K)
[328.715s][info ][gc           ] GC(158) Pause Young (Allocation Failure) 476M->239M(850M) 5.799ms
[328.715s][info ][gc,cpu       ] GC(158) User=0.02s Sys=0.00s Real=0.01s
[328.715s][info ][safepoint    ] Leaving safepoint region
[328.715s][info ][safepoint    ] Total time for which application threads were stopped: 0.0059426 seconds, Stopping threads took: 0.0000169 seconds
[329.716s][info ][safepoint    ] Application time: 1.0001714 seconds
[329.716s][info ][safepoint    ] Entering safepoint region: Cleanup
[329.716s][info ][safepoint    ] Leaving safepoint region
[329.716s][info ][safepoint    ] Total time for which application threads were stopped: 0.0001312 seconds, Stopping threads took: 0.0000587 seconds
[332.716s][info ][safepoint    ] Application time: 3.0003086 seconds
[332.716s][info ][safepoint    ] Entering safepoint region: Cleanup
[332.716s][info ][safepoint    ] Leaving safepoint region
[332.716s][info ][safepoint    ] Total time for which application threads were stopped: 0.0001052 seconds, Stopping threads took: 0.0000149 seconds
[333.361s][info ][safepoint    ] Application time: 0.6451760 seconds
[333.361s][info ][safepoint    ] Entering safepoint region: GenCollectForAllocation
[333.361s][info ][gc,start     ] GC(159) Pause Young (Allocation Failure)
[333.361s][info ][gc,task      ] GC(159) Using 4 workers of 4 for evacuation
[333.367s][debug][gc,ref       ] GC(159) Skipped phase1 of Reference Processing due to unavailable references
[333.367s][debug][gc,ref       ] GC(159) Skipped phase2 of Reference Processing due to unavailable references
[333.367s][debug][gc,ref       ] GC(159) Skipped phase3 of Reference Processing due to unavailable references
[333.367s][debug][gc,ref       ] GC(159) Skipped phase4 of Reference Processing due to unavailable references
[333.368s][debug][gc,age       ] GC(159) Desired survivor size 15368192 bytes, new threshold 6 (max threshold 6)
[333.368s][info ][gc,heap      ] GC(159) ParNew: 250653K->6247K(270336K)
[333.368s][info ][gc,heap      ] GC(159) CMS: 235148K->237100K(600768K)
[333.368s][info ][gc,metaspace ] GC(159) Metaspace: 56927K->56927K(1101824K)
[333.368s][info ][gc           ] GC(159) Pause Young (Allocation Failure) 474M->237M(850M) 6.094ms
[333.368s][info ][gc,cpu       ] GC(159) User=0.02s Sys=0.00s Real=0.01s
[333.368s][info ][safepoint    ] Leaving safepoint region
[333.368s][info ][safepoint    ] Total time for which application threads were stopped: 0.0062478 seconds, Stopping threads took: 0.0000144 seconds
[334.368s][info ][safepoint    ] Application time: 1.0001136 seconds
[334.368s][info ][safepoint    ] Entering safepoint region: Cleanup
[334.368s][info ][safepoint    ] Leaving safepoint region
[334.368s][info ][safepoint    ] Total time for which application threads were stopped: 0.0000700 seconds, Stopping threads took: 0.0000159 seconds
[337.368s][info ][safepoint    ] Application time: 3.0002664 seconds
[337.368s][info ][safepoint    ] Entering safepoint region: Cleanup
[337.368s][info ][safepoint    ] Leaving safepoint region
[337.368s][info ][safepoint    ] Total time for which application threads were stopped: 0.0000689 seconds, Stopping threads took: 0.0000142 seconds
[337.914s][info ][safepoint    ] Application time: 0.5458833 seconds
[337.914s][info ][safepoint    ] Entering safepoint region: GenCollectForAllocation
[337.914s][info ][gc,start     ] GC(160) Pause Young (Allocation Failure)
[337.914s][info ][gc,task      ] GC(160) Using 4 workers of 4 for evacuation
[337.919s][debug][gc,ref       ] GC(160) Skipped phase1 of Reference Processing due to unavailable references
[337.919s][debug][gc,ref       ] GC(160) Skipped phase2 of Reference Processing due to unavailable references
[337.919s][debug][gc,ref       ] GC(160) Skipped phase3 of Reference Processing due to unavailable references
[337.919s][debug][gc,ref       ] GC(160) Skipped phase4 of Reference Processing due to unavailable references
[337.920s][debug][gc,age       ] GC(160) Desired survivor size 15368192 bytes, new threshold 6 (max threshold 6)
[337.920s][info ][gc,heap      ] GC(160) ParNew: 246567K->5176K(270336K)
[337.920s][info ][gc,heap      ] GC(160) CMS: 237100K->238257K(600768K)
[337.920s][info ][gc,metaspace ] GC(160) Metaspace: 56933K->56933K(1101824K)
[337.920s][info ][gc           ] GC(160) Pause Young (Allocation Failure) 472M->237M(850M) 5.345ms
[337.920s][info ][gc,cpu       ] GC(160) User=0.01s Sys=0.00s Real=0.00s
[337.920s][info ][safepoint    ] Leaving safepoint region
[337.920s][info ][safepoint    ] Total time for which application threads were stopped: 0.0054879 seconds, Stopping threads took: 0.0000149 seconds
[338.920s][info ][safepoint    ] Application time: 1.0000965 seconds
[338.920s][info ][safepoint    ] Entering safepoint region: Cleanup
[338.920s][info ][safepoint    ] Leaving safepoint region
[338.920s][info ][safepoint    ] Total time for which application threads were stopped: 0.0000888 seconds, Stopping threads took: 0.0000370 seconds
[341.920s][info ][safepoint    ] Application time: 3.0002332 seconds
[341.920s][info ][safepoint    ] Entering safepoint region: Cleanup
[341.920s][info ][safepoint    ] Leaving safepoint region
[341.920s][info ][safepoint    ] Total time for which application threads were stopped: 0.0000685 seconds, Stopping threads took: 0.0000138 seconds
[342.612s][info ][safepoint    ] Application time: 0.6915041 seconds
[342.612s][info ][safepoint    ] Entering safepoint region: GenCollectForAllocation
[342.612s][info ][gc,start     ] GC(161) Pause Young (Allocation Failure)
[342.612s][info ][gc,task      ] GC(161) Using 4 workers of 4 for evacuation
[342.617s][debug][gc,ref       ] GC(161) Skipped phase1 of Reference Processing due to unavailable references
[342.617s][debug][gc,ref       ] GC(161) Skipped phase2 of Reference Processing due to unavailable references
[342.617s][debug][gc,ref       ] GC(161) Skipped phase3 of Reference Processing due to unavailable references
[342.617s][debug][gc,ref       ] GC(161) Skipped phase4 of Reference Processing due to unavailable references
[342.618s][debug][gc,age       ] GC(161) Desired survivor size 15368192 bytes, new threshold 6 (max threshold 6)
[342.618s][info ][gc,heap      ] GC(161) ParNew: 245496K->4130K(270336K)
[342.618s][info ][gc,heap      ] GC(161) CMS: 238257K->240990K(600768K)
[342.618s][info ][gc,metaspace ] GC(161) Metaspace: 56934K->56934K(1101824K)
[342.618s][info ][gc           ] GC(161) Pause Young (Allocation Failure) 472M->239M(850M) 5.718ms
[342.618s][info ][gc,cpu       ] GC(161) User=0.02s Sys=0.00s Real=0.01s
[342.618s][info ][safepoint    ] Leaving safepoint region
[342.618s][info ][safepoint    ] Total time for which application threads were stopped: 0.0058615 seconds, Stopping threads took: 0.0000147 seconds
[344.618s][info ][safepoint    ] Application time: 2.0002736 seconds
[344.618s][info ][safepoint    ] Entering safepoint region: Cleanup
[344.618s][info ][safepoint    ] Leaving safepoint region
[344.618s][info ][safepoint    ] Total time for which application threads were stopped: 0.0000731 seconds, Stopping threads took: 0.0000163 seconds
[345.618s][info ][safepoint    ] Application time: 1.0001025 seconds
[345.618s][info ][safepoint    ] Entering safepoint region: Cleanup
[345.618s][info ][safepoint    ] Leaving safepoint region
[345.618s][info ][safepoint    ] Total time for which application threads were stopped: 0.0002509 seconds, Stopping threads took: 0.0000150 seconds
[347.165s][info ][safepoint    ] Application time: 1.5467256 seconds
[347.165s][info ][safepoint    ] Entering safepoint region: GenCollectForAllocation
[347.165s][info ][gc,start     ] GC(162) Pause Young (Allocation Failure)
[347.165s][info ][gc,task      ] GC(162) Using 4 workers of 4 for evacuation
[347.169s][debug][gc,ref       ] GC(162) Skipped phase1 of Reference Processing due to unavailable references
[347.169s][debug][gc,ref       ] GC(162) Skipped phase2 of Reference Processing due to unavailable references
[347.169s][debug][gc,ref       ] GC(162) Skipped phase3 of Reference Processing due to unavailable references
[347.169s][debug][gc,ref       ] GC(162) Skipped phase4 of Reference Processing due to unavailable references
[347.169s][debug][gc,age       ] GC(162) Desired survivor size 15368192 bytes, new threshold 6 (max threshold 6)
[347.169s][info ][gc,heap      ] GC(162) ParNew: 244450K->2174K(270336K)
[347.169s][info ][gc,heap      ] GC(162) CMS: 240990K->241304K(600768K)
[347.169s][info ][gc,metaspace ] GC(162) Metaspace: 56934K->56934K(1101824K)
[347.169s][info ][gc           ] GC(162) Pause Young (Allocation Failure) 474M->237M(850M) 3.452ms
[347.169s][info ][gc,cpu       ] GC(162) User=0.01s Sys=0.00s Real=0.00s
[347.169s][info ][safepoint    ] Leaving safepoint region
[347.169s][info ][safepoint    ] Total time for which application threads were stopped: 0.0035996 seconds, Stopping threads took: 0.0000145 seconds
[348.169s][info ][safepoint    ] Application time: 1.0000911 seconds
[348.169s][info ][safepoint    ] Entering safepoint region: Cleanup
[348.169s][info ][safepoint    ] Leaving safepoint region
[348.169s][info ][safepoint    ] Total time for which application threads were stopped: 0.0000697 seconds, Stopping threads took: 0.0000140 seconds
[349.169s][info ][safepoint    ] Application time: 1.0000929 seconds
[349.169s][info ][safepoint    ] Entering safepoint region: Cleanup
[349.169s][info ][safepoint    ] Leaving safepoint region
[349.169s][info ][safepoint    ] Total time for which application threads were stopped: 0.0000667 seconds, Stopping threads took: 0.0000146 seconds
[350.169s][info ][safepoint    ] Application time: 1.0000822 seconds
[350.169s][info ][safepoint    ] Entering safepoint region: Cleanup
[350.169s][info ][safepoint    ] Leaving safepoint region
[350.169s][info ][safepoint    ] Total time for which application threads were stopped: 0.0000731 seconds, Stopping threads took: 0.0000159 seconds
[351.758s][info ][safepoint    ] Application time: 1.5889741 seconds
[351.758s][info ][safepoint    ] Entering safepoint region: GenCollectForAllocation
[351.758s][info ][gc,start     ] GC(163) Pause Young (Allocation Failure)
[351.758s][info ][gc,task      ] GC(163) Using 4 workers of 4 for evacuation
[351.761s][debug][gc,ref       ] GC(163) Skipped phase1 of Reference Processing due to unavailable references
[351.761s][debug][gc,ref       ] GC(163) Skipped phase2 of Reference Processing due to unavailable references
[351.761s][debug][gc,ref       ] GC(163) Skipped phase3 of Reference Processing due to unavailable references
[351.761s][debug][gc,ref       ] GC(163) Skipped phase4 of Reference Processing due to unavailable references
[351.762s][debug][gc,age       ] GC(163) Desired survivor size 15368192 bytes, new threshold 6 (max threshold 6)
[351.762s][info ][gc,heap      ] GC(163) ParNew: 242494K->2031K(270336K)
[351.762s][info ][gc,heap      ] GC(163) CMS: 241304K->241427K(600768K)
[351.762s][info ][gc,metaspace ] GC(163) Metaspace: 56944K->56944K(1101824K)
[351.762s][info ][gc           ] GC(163) Pause Young (Allocation Failure) 472M->237M(850M) 3.125ms
[351.762s][info ][gc,cpu       ] GC(163) User=0.01s Sys=0.00s Real=0.00s
[351.762s][info ][safepoint    ] Leaving safepoint region
[351.762s][info ][safepoint    ] Total time for which application threads were stopped: 0.0033101 seconds, Stopping threads took: 0.0000167 seconds
[352.762s][info ][safepoint    ] Application time: 1.0000988 seconds
[352.762s][info ][safepoint    ] Entering safepoint region: Cleanup
[352.762s][info ][safepoint    ] Leaving safepoint region
[352.762s][info ][safepoint    ] Total time for which application threads were stopped: 0.0001512 seconds, Stopping threads took: 0.0000741 seconds
[353.762s][info ][safepoint    ] Application time: 1.0000935 seconds
[353.762s][info ][safepoint    ] Entering safepoint region: Cleanup
[353.762s][info ][safepoint    ] Leaving safepoint region
[353.762s][info ][safepoint    ] Total time for which application threads were stopped: 0.0001379 seconds, Stopping threads took: 0.0000630 seconds
[354.762s][info ][safepoint    ] Application time: 1.0000943 seconds
[354.762s][info ][safepoint    ] Entering safepoint region: Cleanup
[354.763s][info ][safepoint    ] Leaving safepoint region
[354.763s][info ][safepoint    ] Total time for which application threads were stopped: 0.0001577 seconds, Stopping threads took: 0.0000689 seconds
[356.315s][info ][safepoint    ] Application time: 1.5519985 seconds
[356.315s][info ][safepoint    ] Entering safepoint region: GenCollectForAllocation
[356.315s][info ][gc,start     ] GC(164) Pause Young (Allocation Failure)
[356.315s][info ][gc,task      ] GC(164) Using 4 workers of 4 for evacuation
[356.318s][debug][gc,ref       ] GC(164) Skipped phase1 of Reference Processing due to unavailable references
[356.318s][debug][gc,ref       ] GC(164) Skipped phase3 of Reference Processing due to unavailable references
[356.318s][debug][gc,age       ] GC(164) Desired survivor size 15368192 bytes, new threshold 6 (max threshold 6)
[356.318s][info ][gc,heap      ] GC(164) ParNew: 242351K->2155K(270336K)
[356.318s][info ][gc,heap      ] GC(164) CMS: 241427K->241477K(600768K)
[356.318s][info ][gc,metaspace ] GC(164) Metaspace: 56972K->56972K(1101824K)
[356.318s][info ][gc           ] GC(164) Pause Young (Allocation Failure) 472M->237M(850M) 3.177ms
[356.318s][info ][gc,cpu       ] GC(164) User=0.01s Sys=0.00s Real=0.00s
[356.318s][info ][safepoint    ] Leaving safepoint region
[356.318s][info ][safepoint    ] Total time for which application threads were stopped: 0.0033239 seconds, Stopping threads took: 0.0000149 seconds
[360.864s][info ][safepoint    ] Application time: 4.5459539 seconds
[360.864s][info ][safepoint    ] Entering safepoint region: GenCollectForAllocation
[360.864s][info ][gc,start     ] GC(165) Pause Young (Allocation Failure)
[360.864s][info ][gc,task      ] GC(165) Using 4 workers of 4 for evacuation
[360.867s][debug][gc,ref       ] GC(165) Skipped phase1 of Reference Processing due to unavailable references
[360.867s][debug][gc,ref       ] GC(165) Skipped phase2 of Reference Processing due to unavailable references
[360.867s][debug][gc,ref       ] GC(165) Skipped phase3 of Reference Processing due to unavailable references
[360.867s][debug][gc,ref       ] GC(165) Skipped phase4 of Reference Processing due to unavailable references
[360.867s][debug][gc,age       ] GC(165) Desired survivor size 15368192 bytes, new threshold 6 (max threshold 6)
[360.867s][info ][gc,heap      ] GC(165) ParNew: 242475K->2366K(270336K)
[360.867s][info ][gc,heap      ] GC(165) CMS: 241477K->241668K(600768K)
[360.867s][info ][gc,metaspace ] GC(165) Metaspace: 56973K->56973K(1101824K)
[360.867s][info ][gc           ] GC(165) Pause Young (Allocation Failure) 472M->238M(850M) 3.191ms
[360.867s][info ][gc,cpu       ] GC(165) User=0.01s Sys=0.00s Real=0.01s
[360.867s][info ][safepoint    ] Leaving safepoint region
[360.867s][info ][safepoint    ] Total time for which application threads were stopped: 0.0033464 seconds, Stopping threads took: 0.0000263 seconds
[361.867s][info ][safepoint    ] Application time: 1.0001018 seconds
[361.867s][info ][safepoint    ] Entering safepoint region: Cleanup
[361.867s][info ][safepoint    ] Leaving safepoint region
[361.867s][info ][safepoint    ] Total time for which application threads were stopped: 0.0000708 seconds, Stopping threads took: 0.0000145 seconds
[363.868s][info ][safepoint    ] Application time: 2.0002362 seconds
[363.868s][info ][safepoint    ] Entering safepoint region: Cleanup
[363.868s][info ][safepoint    ] Leaving safepoint region
[363.868s][info ][safepoint    ] Total time for which application threads were stopped: 0.0000735 seconds, Stopping threads took: 0.0000134 seconds
[364.868s][info ][safepoint    ] Application time: 1.0000537 seconds
[364.868s][info ][safepoint    ] Entering safepoint region: Cleanup
[364.868s][info ][safepoint    ] Leaving safepoint region
[364.868s][info ][safepoint    ] Total time for which application threads were stopped: 0.0000740 seconds, Stopping threads took: 0.0000154 seconds
[365.463s][info ][safepoint    ] Application time: 0.5947465 seconds
[365.463s][info ][safepoint    ] Entering safepoint region: GenCollectForAllocation
[365.463s][info ][gc,start     ] GC(166) Pause Young (Allocation Failure)
[365.463s][info ][gc,task      ] GC(166) Using 4 workers of 4 for evacuation
[365.466s][debug][gc,ref       ] GC(166) Skipped phase1 of Reference Processing due to unavailable references
[365.466s][debug][gc,ref       ] GC(166) Skipped phase2 of Reference Processing due to unavailable references
[365.466s][debug][gc,ref       ] GC(166) Skipped phase3 of Reference Processing due to unavailable references
[365.466s][debug][gc,ref       ] GC(166) Skipped phase4 of Reference Processing due to unavailable references
[365.466s][debug][gc,age       ] GC(166) Desired survivor size 15368192 bytes, new threshold 6 (max threshold 6)
[365.466s][info ][gc,heap      ] GC(166) ParNew: 242686K->2284K(270336K)
[365.466s][info ][gc,heap      ] GC(166) CMS: 241668K->241754K(600768K)
[365.466s][info ][gc,metaspace ] GC(166) Metaspace: 56981K->56981K(1101824K)
[365.466s][info ][gc           ] GC(166) Pause Young (Allocation Failure) 473M->238M(850M) 3.008ms
[365.466s][info ][gc,cpu       ] GC(166) User=0.01s Sys=0.00s Real=0.01s
[365.466s][info ][safepoint    ] Leaving safepoint region
[365.466s][info ][safepoint    ] Total time for which application threads were stopped: 0.0032057 seconds, Stopping threads took: 0.0000685 seconds
[368.466s][info ][safepoint    ] Application time: 3.0003992 seconds
[368.466s][info ][safepoint    ] Entering safepoint region: Cleanup
[368.466s][info ][safepoint    ] Leaving safepoint region
[368.466s][info ][safepoint    ] Total time for which application threads were stopped: 0.0000685 seconds, Stopping threads took: 0.0000138 seconds
[369.467s][info ][safepoint    ] Application time: 1.0000985 seconds
[369.467s][info ][safepoint    ] Entering safepoint region: Cleanup
[369.467s][info ][safepoint    ] Leaving safepoint region
[369.467s][info ][safepoint    ] Total time for which application threads were stopped: 0.0000903 seconds, Stopping threads took: 0.0000385 seconds
[369.914s][info ][safepoint    ] Application time: 0.4469818 seconds
[369.914s][info ][safepoint    ] Entering safepoint region: GenCollectForAllocation
[369.914s][info ][gc,start     ] GC(167) Pause Young (Allocation Failure)
[369.914s][info ][gc,task      ] GC(167) Using 4 workers of 4 for evacuation
[369.918s][debug][gc,ref       ] GC(167) Skipped phase1 of Reference Processing due to unavailable references
[369.918s][debug][gc,ref       ] GC(167) Skipped phase2 of Reference Processing due to unavailable references
[369.918s][debug][gc,ref       ] GC(167) Skipped phase3 of Reference Processing due to unavailable references
[369.918s][debug][gc,ref       ] GC(167) Skipped phase4 of Reference Processing due to unavailable references
[369.918s][debug][gc,age       ] GC(167) Desired survivor size 15368192 bytes, new threshold 6 (max threshold 6)
[369.918s][info ][gc,heap      ] GC(167) ParNew: 242604K->4820K(270336K)
[369.918s][info ][gc,heap      ] GC(167) CMS: 241754K->241811K(600768K)
[369.918s][info ][gc,metaspace ] GC(167) Metaspace: 56987K->56987K(1101824K)
[369.918s][info ][gc           ] GC(167) Pause Young (Allocation Failure) 473M->240M(850M) 4.460ms
[369.918s][info ][gc,cpu       ] GC(167) User=0.01s Sys=0.00s Real=0.00s
[369.918s][info ][safepoint    ] Leaving safepoint region
[369.918s][info ][safepoint    ] Total time for which application threads were stopped: 0.0046146 seconds, Stopping threads took: 0.0000154 seconds
[371.918s][info ][safepoint    ] Application time: 2.0001750 seconds
[371.919s][info ][safepoint    ] Entering safepoint region: Cleanup
[371.919s][info ][safepoint    ] Leaving safepoint region
[371.919s][info ][safepoint    ] Total time for which application threads were stopped: 0.0000694 seconds, Stopping threads took: 0.0000138 seconds
[373.919s][info ][safepoint    ] Application time: 2.0002353 seconds
[373.919s][info ][safepoint    ] Entering safepoint region: Cleanup
[373.919s][info ][safepoint    ] Leaving safepoint region
[373.919s][info ][safepoint    ] Total time for which application threads were stopped: 0.0000686 seconds, Stopping threads took: 0.0000135 seconds
[374.463s][info ][safepoint    ] Application time: 0.5442830 seconds
[374.463s][info ][safepoint    ] Entering safepoint region: GenCollectForAllocation
[374.463s][info ][gc,start     ] GC(168) Pause Young (Allocation Failure)
[374.463s][info ][gc,task      ] GC(168) Using 4 workers of 4 for evacuation
[374.467s][debug][gc,ref       ] GC(168) Skipped phase1 of Reference Processing due to unavailable references
[374.467s][debug][gc,ref       ] GC(168) Skipped phase2 of Reference Processing due to unavailable references
[374.467s][debug][gc,ref       ] GC(168) Skipped phase3 of Reference Processing due to unavailable references
[374.468s][debug][gc,ref       ] GC(168) Skipped phase4 of Reference Processing due to unavailable references
[374.468s][debug][gc,age       ] GC(168) Desired survivor size 15368192 bytes, new threshold 6 (max threshold 6)
[374.468s][info ][gc,heap      ] GC(168) ParNew: 245140K->4964K(270336K)
[374.468s][info ][gc,heap      ] GC(168) CMS: 241811K->242293K(600768K)
[374.468s][info ][gc,metaspace ] GC(168) Metaspace: 56991K->56991K(1101824K)
[374.468s][info ][gc           ] GC(168) Pause Young (Allocation Failure) 475M->241M(850M) 4.315ms
[374.468s][info ][gc,cpu       ] GC(168) User=0.02s Sys=0.00s Real=0.01s
[374.468s][info ][safepoint    ] Leaving safepoint region
[374.468s][info ][safepoint    ] Total time for which application threads were stopped: 0.0044718 seconds, Stopping threads took: 0.0000163 seconds
[378.468s][info ][safepoint    ] Application time: 4.0003191 seconds
[378.468s][info ][safepoint    ] Entering safepoint region: Cleanup
[378.468s][info ][safepoint    ] Leaving safepoint region
[378.468s][info ][safepoint    ] Total time for which application threads were stopped: 0.0000991 seconds, Stopping threads took: 0.0000447 seconds
[379.058s][info ][safepoint    ] Application time: 0.5894238 seconds
[379.058s][info ][safepoint    ] Entering safepoint region: GenCollectForAllocation
[379.058s][info ][gc,start     ] GC(169) Pause Young (Allocation Failure)
[379.058s][info ][gc,task      ] GC(169) Using 4 workers of 4 for evacuation
[379.061s][debug][gc,ref       ] GC(169) Skipped phase1 of Reference Processing due to unavailable references
[379.061s][debug][gc,ref       ] GC(169) Skipped phase2 of Reference Processing due to unavailable references
[379.061s][debug][gc,ref       ] GC(169) Skipped phase3 of Reference Processing due to unavailable references
[379.061s][debug][gc,ref       ] GC(169) Skipped phase4 of Reference Processing due to unavailable references
[379.062s][debug][gc,age       ] GC(169) Desired survivor size 15368192 bytes, new threshold 6 (max threshold 6)
[379.062s][info ][gc,heap      ] GC(169) ParNew: 245284K->5258K(270336K)
[379.062s][info ][gc,heap      ] GC(169) CMS: 242293K->242452K(600768K)
[379.062s][info ][gc,metaspace ] GC(169) Metaspace: 56992K->56992K(1101824K)
[379.062s][info ][gc           ] GC(169) Pause Young (Allocation Failure) 476M->241M(850M) 3.825ms
[379.062s][info ][gc,cpu       ] GC(169) User=0.01s Sys=0.00s Real=0.00s
[379.062s][info ][safepoint    ] Leaving safepoint region
[379.062s][info ][safepoint    ] Total time for which application threads were stopped: 0.0039678 seconds, Stopping threads took: 0.0000175 seconds
[382.064s][info ][safepoint    ] Application time: 3.0022988 seconds
[382.064s][info ][safepoint    ] Entering safepoint region: Cleanup
[382.064s][info ][safepoint    ] Leaving safepoint region
[382.064s][info ][safepoint    ] Total time for which application threads were stopped: 0.0001313 seconds, Stopping threads took: 0.0000596 seconds
[383.064s][info ][safepoint    ] Application time: 1.0001757 seconds
[383.064s][info ][safepoint    ] Entering safepoint region: Cleanup
[383.064s][info ][safepoint    ] Leaving safepoint region
[383.064s][info ][safepoint    ] Total time for which application threads were stopped: 0.0001151 seconds, Stopping threads took: 0.0000414 seconds
[383.712s][info ][safepoint    ] Application time: 0.6480685 seconds
[383.713s][info ][safepoint    ] Entering safepoint region: GenCollectForAllocation
[383.713s][info ][gc,start     ] GC(170) Pause Young (Allocation Failure)
[383.713s][info ][gc,task      ] GC(170) Using 4 workers of 4 for evacuation
[383.716s][debug][gc,ref       ] GC(170) Skipped phase1 of Reference Processing due to unavailable references
[383.716s][debug][gc,ref       ] GC(170) Skipped phase2 of Reference Processing due to unavailable references
[383.716s][debug][gc,ref       ] GC(170) Skipped phase3 of Reference Processing due to unavailable references
[383.716s][debug][gc,ref       ] GC(170) Skipped phase4 of Reference Processing due to unavailable references
[383.717s][debug][gc,age       ] GC(170) Desired survivor size 15368192 bytes, new threshold 6 (max threshold 6)
[383.717s][info ][gc,heap      ] GC(170) ParNew: 245578K->5098K(270336K)
[383.717s][info ][gc,heap      ] GC(170) CMS: 242452K->242689K(600768K)
[383.717s][info ][gc,metaspace ] GC(170) Metaspace: 56993K->56993K(1101824K)
[383.717s][info ][gc           ] GC(170) Pause Young (Allocation Failure) 476M->241M(850M) 3.913ms
[383.717s][info ][gc,cpu       ] GC(170) User=0.02s Sys=0.00s Real=0.00s
[383.717s][info ][safepoint    ] Leaving safepoint region
[383.717s][info ][safepoint    ] Total time for which application threads were stopped: 0.0041114 seconds, Stopping threads took: 0.0000587 seconds
[385.717s][info ][safepoint    ] Application time: 2.0001949 seconds
[385.717s][info ][safepoint    ] Entering safepoint region: Cleanup
[385.717s][info ][safepoint    ] Leaving safepoint region
[385.717s][info ][safepoint    ] Total time for which application threads were stopped: 0.0000709 seconds, Stopping threads took: 0.0000159 seconds
[386.717s][info ][safepoint    ] Application time: 1.0000912 seconds
[386.717s][info ][safepoint    ] Entering safepoint region: Cleanup
[386.717s][info ][safepoint    ] Leaving safepoint region
[386.717s][info ][safepoint    ] Total time for which application threads were stopped: 0.0001290 seconds, Stopping threads took: 0.0000663 seconds
[388.264s][info ][safepoint    ] Application time: 1.5469291 seconds
[388.264s][info ][safepoint    ] Entering safepoint region: GenCollectForAllocation
[388.264s][info ][gc,start     ] GC(171) Pause Young (Allocation Failure)
[388.264s][info ][gc,task      ] GC(171) Using 4 workers of 4 for evacuation
[388.268s][debug][gc,ref       ] GC(171) Skipped phase1 of Reference Processing due to unavailable references
[388.268s][debug][gc,ref       ] GC(171) Skipped phase2 of Reference Processing due to unavailable references
[388.268s][debug][gc,ref       ] GC(171) Skipped phase3 of Reference Processing due to unavailable references
[388.268s][debug][gc,ref       ] GC(171) Skipped phase4 of Reference Processing due to unavailable references
[388.268s][debug][gc,age       ] GC(171) Desired survivor size 15368192 bytes, new threshold 6 (max threshold 6)
[388.268s][info ][gc,heap      ] GC(171) ParNew: 245418K->5102K(270336K)
[388.268s][info ][gc,heap      ] GC(171) CMS: 242689K->242799K(600768K)
[388.268s][info ][gc,metaspace ] GC(171) Metaspace: 56993K->56993K(1101824K)
[388.268s][info ][gc           ] GC(171) Pause Young (Allocation Failure) 476M->242M(850M) 3.775ms
[388.268s][info ][gc,cpu       ] GC(171) User=0.02s Sys=0.00s Real=0.00s
[388.268s][info ][safepoint    ] Leaving safepoint region
[388.268s][info ][safepoint    ] Total time for which application threads were stopped: 0.0039417 seconds, Stopping threads took: 0.0000138 seconds
[390.268s][info ][safepoint    ] Application time: 2.0001607 seconds
[390.268s][info ][safepoint    ] Entering safepoint region: Cleanup
[390.268s][info ][safepoint    ] Leaving safepoint region
[390.268s][info ][safepoint    ] Total time for which application threads were stopped: 0.0000717 seconds, Stopping threads took: 0.0000158 seconds
[391.269s][info ][safepoint    ] Application time: 1.0001516 seconds
[391.269s][info ][safepoint    ] Entering safepoint region: Cleanup
[391.269s][info ][safepoint    ] Leaving safepoint region
[391.269s][info ][safepoint    ] Total time for which application threads were stopped: 0.0000824 seconds, Stopping threads took: 0.0000139 seconds
[392.269s][info ][safepoint    ] Application time: 1.0000879 seconds
[392.269s][info ][safepoint    ] Entering safepoint region: Cleanup
[392.269s][info ][safepoint    ] Leaving safepoint region
[392.269s][info ][safepoint    ] Total time for which application threads were stopped: 0.0000755 seconds, Stopping threads took: 0.0000151 seconds
[392.813s][info ][safepoint    ] Application time: 0.5441410 seconds
[392.813s][info ][safepoint    ] Entering safepoint region: GenCollectForAllocation
[392.813s][info ][gc,start     ] GC(172) Pause Young (Allocation Failure)
[392.813s][info ][gc,task      ] GC(172) Using 4 workers of 4 for evacuation
[392.829s][debug][gc,ref       ] GC(172) Skipped phase1 of Reference Processing due to unavailable references
[392.829s][debug][gc,ref       ] GC(172) Skipped phase2 of Reference Processing due to unavailable references
[392.829s][debug][gc,ref       ] GC(172) Skipped phase3 of Reference Processing due to unavailable references
[392.829s][debug][gc,ref       ] GC(172) Skipped phase4 of Reference Processing due to unavailable references
[392.829s][debug][gc,age       ] GC(172) Desired survivor size 15368192 bytes, new threshold 6 (max threshold 6)
[392.829s][info ][gc,heap      ] GC(172) ParNew: 245422K->5306K(270336K)
[392.829s][info ][gc,heap      ] GC(172) CMS: 242799K->242889K(600768K)
[392.829s][info ][gc,metaspace ] GC(172) Metaspace: 56995K->56995K(1101824K)
[392.829s][info ][gc           ] GC(172) Pause Young (Allocation Failure) 476M->242M(850M) 16.164ms
[392.829s][info ][gc,cpu       ] GC(172) User=0.02s Sys=0.00s Real=0.01s
[392.829s][info ][safepoint    ] Leaving safepoint region
[392.829s][info ][safepoint    ] Total time for which application threads were stopped: 0.0163116 seconds, Stopping threads took: 0.0000134 seconds
[395.830s][info ][safepoint    ] Application time: 3.0002589 seconds
[395.830s][info ][safepoint    ] Entering safepoint region: Cleanup
[395.830s][info ][safepoint    ] Leaving safepoint region
[395.830s][info ][safepoint    ] Total time for which application threads were stopped: 0.0000740 seconds, Stopping threads took: 0.0000159 seconds
[396.830s][info ][safepoint    ] Application time: 1.0000849 seconds
[396.830s][info ][safepoint    ] Entering safepoint region: Cleanup
[396.830s][info ][safepoint    ] Leaving safepoint region
[396.830s][info ][safepoint    ] Total time for which application threads were stopped: 0.0000905 seconds, Stopping threads took: 0.0000284 seconds
[397.309s][info ][safepoint    ] Application time: 0.4788734 seconds
[397.309s][info ][safepoint    ] Entering safepoint region: GenCollectForAllocation
[397.309s][info ][gc,start     ] GC(173) Pause Young (Allocation Failure)
[397.309s][info ][gc,task      ] GC(173) Using 4 workers of 4 for evacuation
[397.315s][debug][gc,ref       ] GC(173) Skipped phase1 of Reference Processing due to unavailable references
[397.315s][debug][gc,ref       ] GC(173) Skipped phase2 of Reference Processing due to unavailable references
[397.315s][debug][gc,ref       ] GC(173) Skipped phase3 of Reference Processing due to unavailable references
[397.315s][debug][gc,ref       ] GC(173) Skipped phase4 of Reference Processing due to unavailable references
[397.315s][debug][gc,age       ] GC(173) Desired survivor size 15368192 bytes, new threshold 6 (max threshold 6)
[397.315s][info ][gc,heap      ] GC(173) ParNew: 245626K->3667K(270336K)
[397.315s][info ][gc,heap      ] GC(173) CMS: 242889K->245175K(600768K)
[397.315s][info ][gc,metaspace ] GC(173) Metaspace: 56996K->56996K(1101824K)
[397.315s][info ][gc           ] GC(173) Pause Young (Allocation Failure) 477M->243M(850M) 6.504ms
[397.315s][info ][gc,cpu       ] GC(173) User=0.02s Sys=0.01s Real=0.01s
[397.316s][info ][safepoint    ] Leaving safepoint region
[397.316s][info ][safepoint    ] Total time for which application threads were stopped: 0.0066468 seconds, Stopping threads took: 0.0000139 seconds
[398.316s][info ][safepoint    ] Application time: 1.0001007 seconds
[398.316s][info ][safepoint    ] Entering safepoint region: Cleanup
[398.316s][info ][safepoint    ] Leaving safepoint region
[398.316s][info ][safepoint    ] Total time for which application threads were stopped: 0.0001033 seconds, Stopping threads took: 0.0000446 seconds
[400.316s][info ][safepoint    ] Application time: 2.0001782 seconds
[400.316s][info ][safepoint    ] Entering safepoint region: Cleanup
[400.316s][info ][safepoint    ] Leaving safepoint region
[400.316s][info ][safepoint    ] Total time for which application threads were stopped: 0.0000833 seconds, Stopping threads took: 0.0000279 seconds
[401.316s][info ][safepoint    ] Application time: 1.0000866 seconds
[401.316s][info ][safepoint    ] Entering safepoint region: Cleanup
[401.316s][info ][safepoint    ] Leaving safepoint region
[401.316s][info ][safepoint    ] Total time for which application threads were stopped: 0.0000687 seconds, Stopping threads took: 0.0000156 seconds
[401.913s][info ][safepoint    ] Application time: 0.5968828 seconds
[401.913s][info ][safepoint    ] Entering safepoint region: GenCollectForAllocation
[401.913s][info ][gc,start     ] GC(174) Pause Young (Allocation Failure)
[401.913s][info ][gc,task      ] GC(174) Using 4 workers of 4 for evacuation
[401.916s][debug][gc,ref       ] GC(174) Skipped phase1 of Reference Processing due to unavailable references
[401.916s][debug][gc,ref       ] GC(174) Skipped phase2 of Reference Processing due to unavailable references
[401.916s][debug][gc,ref       ] GC(174) Skipped phase3 of Reference Processing due to unavailable references
[401.916s][debug][gc,ref       ] GC(174) Skipped phase4 of Reference Processing due to unavailable references
[401.916s][debug][gc,age       ] GC(174) Desired survivor size 15368192 bytes, new threshold 6 (max threshold 6)
[401.916s][info ][gc,heap      ] GC(174) ParNew: 243987K->2274K(270336K)
[401.916s][info ][gc,heap      ] GC(174) CMS: 245175K->245383K(600768K)
[401.916s][info ][gc,metaspace ] GC(174) Metaspace: 56997K->56997K(1101824K)
[401.917s][info ][gc           ] GC(174) Pause Young (Allocation Failure) 477M->241M(850M) 3.232ms
[401.917s][info ][gc,cpu       ] GC(174) User=0.01s Sys=0.00s Real=0.00s
[401.917s][info ][safepoint    ] Leaving safepoint region
[401.917s][info ][safepoint    ] Total time for which application threads were stopped: 0.0033810 seconds, Stopping threads took: 0.0000147 seconds
[402.917s][info ][safepoint    ] Application time: 1.0001024 seconds
[402.917s][info ][safepoint    ] Entering safepoint region: Cleanup
[402.917s][info ][safepoint    ] Leaving safepoint region
[402.917s][info ][safepoint    ] Total time for which application threads were stopped: 0.0000699 seconds, Stopping threads took: 0.0000141 seconds
[405.917s][info ][safepoint    ] Application time: 3.0002684 seconds
[405.917s][info ][safepoint    ] Entering safepoint region: Cleanup
[405.917s][info ][safepoint    ] Leaving safepoint region
[405.917s][info ][safepoint    ] Total time for which application threads were stopped: 0.0000678 seconds, Stopping threads took: 0.0000149 seconds
[406.263s][info ][safepoint    ] Application time: 0.3462118 seconds
[406.263s][info ][safepoint    ] Entering safepoint region: GenCollectForAllocation
[406.263s][info ][gc,start     ] GC(175) Pause Young (Allocation Failure)
[406.264s][info ][gc,task      ] GC(175) Using 4 workers of 4 for evacuation
[406.268s][debug][gc,ref       ] GC(175) Skipped phase1 of Reference Processing due to unavailable references
[406.268s][debug][gc,ref       ] GC(175) Skipped phase2 of Reference Processing due to unavailable references
[406.268s][debug][gc,ref       ] GC(175) Skipped phase3 of Reference Processing due to unavailable references
[406.268s][debug][gc,ref       ] GC(175) Skipped phase4 of Reference Processing due to unavailable references
[406.268s][debug][gc,age       ] GC(175) Desired survivor size 15368192 bytes, new threshold 6 (max threshold 6)
[406.268s][info ][gc,heap      ] GC(175) ParNew: 242594K->2869K(270336K)
[406.268s][info ][gc,heap      ] GC(175) CMS: 245383K->245453K(600768K)
[406.268s][info ][gc,metaspace ] GC(175) Metaspace: 56997K->56997K(1101824K)
[406.268s][info ][gc           ] GC(175) Pause Young (Allocation Failure) 476M->242M(850M) 4.535ms
[406.268s][info ][gc,cpu       ] GC(175) User=0.02s Sys=0.00s Real=0.01s
[406.268s][info ][safepoint    ] Leaving safepoint region
[406.268s][info ][safepoint    ] Total time for which application threads were stopped: 0.0046790 seconds, Stopping threads took: 0.0000169 seconds
[408.268s][info ][safepoint    ] Application time: 2.0001778 seconds
[408.268s][info ][safepoint    ] Entering safepoint region: Cleanup
[408.268s][info ][safepoint    ] Leaving safepoint region
[408.268s][info ][safepoint    ] Total time for which application threads were stopped: 0.0000723 seconds, Stopping threads took: 0.0000165 seconds
[409.268s][info ][safepoint    ] Application time: 1.0000894 seconds
[409.268s][info ][safepoint    ] Entering safepoint region: Cleanup
[409.269s][info ][safepoint    ] Leaving safepoint region
[409.269s][info ][safepoint    ] Total time for which application threads were stopped: 0.0000697 seconds, Stopping threads took: 0.0000137 seconds
[410.759s][info ][safepoint    ] Application time: 1.4906301 seconds
[410.759s][info ][safepoint    ] Entering safepoint region: GenCollectForAllocation
[410.759s][info ][gc,start     ] GC(176) Pause Young (Allocation Failure)
[410.759s][info ][gc,task      ] GC(176) Using 4 workers of 4 for evacuation
[410.762s][debug][gc,ref       ] GC(176) Skipped phase1 of Reference Processing due to unavailable references
[410.762s][debug][gc,ref       ] GC(176) Skipped phase2 of Reference Processing due to unavailable references
[410.762s][debug][gc,ref       ] GC(176) Skipped phase3 of Reference Processing due to unavailable references
[410.762s][debug][gc,ref       ] GC(176) Skipped phase4 of Reference Processing due to unavailable references
[410.762s][debug][gc,age       ] GC(176) Desired survivor size 15368192 bytes, new threshold 6 (max threshold 6)
[410.762s][info ][gc,heap      ] GC(176) ParNew: 243189K->2722K(270336K)
[410.762s][info ][gc,heap      ] GC(176) CMS: 245453K->245573K(600768K)
[410.762s][info ][gc,metaspace ] GC(176) Metaspace: 56998K->56998K(1101824K)
[410.762s][info ][gc           ] GC(176) Pause Young (Allocation Failure) 477M->242M(850M) 3.064ms
[410.762s][info ][gc,cpu       ] GC(176) User=0.01s Sys=0.00s Real=0.00s
[410.763s][info ][safepoint    ] Leaving safepoint region
[410.763s][info ][safepoint    ] Total time for which application threads were stopped: 0.0032192 seconds, Stopping threads took: 0.0000156 seconds
[411.763s][info ][safepoint    ] Application time: 1.0001196 seconds
[411.763s][info ][safepoint    ] Entering safepoint region: Cleanup
[411.763s][info ][safepoint    ] Leaving safepoint region
[411.763s][info ][safepoint    ] Total time for which application threads were stopped: 0.0001325 seconds, Stopping threads took: 0.0000630 seconds
[414.763s][info ][safepoint    ] Application time: 3.0002372 seconds
[414.763s][info ][safepoint    ] Entering safepoint region: Cleanup
[414.763s][info ][safepoint    ] Leaving safepoint region
[414.763s][info ][safepoint    ] Total time for which application threads were stopped: 0.0001351 seconds, Stopping threads took: 0.0000684 seconds
[415.259s][info ][safepoint    ] Application time: 0.4952928 seconds
[415.259s][info ][safepoint    ] Entering safepoint region: GenCollectForAllocation
[415.259s][info ][gc,start     ] GC(177) Pause Young (Allocation Failure)
[415.259s][info ][gc,task      ] GC(177) Using 4 workers of 4 for evacuation
[415.262s][debug][gc,ref       ] GC(177) Skipped phase1 of Reference Processing due to unavailable references
[415.262s][debug][gc,ref       ] GC(177) Skipped phase2 of Reference Processing due to unavailable references
[415.262s][debug][gc,ref       ] GC(177) Skipped phase3 of Reference Processing due to unavailable references
[415.262s][debug][gc,ref       ] GC(177) Skipped phase4 of Reference Processing due to unavailable references
[415.262s][debug][gc,age       ] GC(177) Desired survivor size 15368192 bytes, new threshold 6 (max threshold 6)
[415.262s][info ][gc,heap      ] GC(177) ParNew: 243042K->3250K(270336K)
[415.262s][info ][gc,heap      ] GC(177) CMS: 245573K->245890K(600768K)
[415.262s][info ][gc,metaspace ] GC(177) Metaspace: 56998K->56998K(1101824K)
[415.262s][info ][gc           ] GC(177) Pause Young (Allocation Failure) 477M->243M(850M) 3.326ms
[415.262s][info ][gc,cpu       ] GC(177) User=0.02s Sys=0.00s Real=0.00s
[415.262s][info ][safepoint    ] Leaving safepoint region
[415.262s][info ][safepoint    ] Total time for which application threads were stopped: 0.0034853 seconds, Stopping threads took: 0.0000159 seconds
[418.262s][info ][safepoint    ] Application time: 3.0002032 seconds
[418.262s][info ][safepoint    ] Entering safepoint region: Cleanup
[418.262s][info ][safepoint    ] Leaving safepoint region
[418.262s][info ][safepoint    ] Total time for which application threads were stopped: 0.0001247 seconds, Stopping threads took: 0.0000590 seconds
[419.263s][info ][safepoint    ] Application time: 1.0000990 seconds
[419.263s][info ][safepoint    ] Entering safepoint region: Cleanup
[419.263s][info ][safepoint    ] Leaving safepoint region
[419.263s][info ][safepoint    ] Total time for which application threads were stopped: 0.0001368 seconds, Stopping threads took: 0.0000651 seconds
[419.561s][info ][safepoint    ] Application time: 0.2985224 seconds
[419.561s][info ][safepoint    ] Entering safepoint region: GenCollectForAllocation
[419.561s][info ][gc,start     ] GC(178) Pause Young (Allocation Failure)
[419.561s][info ][gc,task      ] GC(178) Using 4 workers of 4 for evacuation
[419.565s][debug][gc,ref       ] GC(178) Skipped phase1 of Reference Processing due to unavailable references
[419.565s][debug][gc,ref       ] GC(178) Skipped phase2 of Reference Processing due to unavailable references
[419.565s][debug][gc,ref       ] GC(178) Skipped phase3 of Reference Processing due to unavailable references
[419.565s][debug][gc,ref       ] GC(178) Skipped phase4 of Reference Processing due to unavailable references
[419.565s][debug][gc,age       ] GC(178) Desired survivor size 15368192 bytes, new threshold 6 (max threshold 6)
[419.565s][info ][gc,heap      ] GC(178) ParNew: 243570K->2220K(270336K)
[419.565s][info ][gc,heap      ] GC(178) CMS: 245890K->246098K(600768K)
[419.565s][info ][gc,metaspace ] GC(178) Metaspace: 56999K->56999K(1101824K)
[419.565s][info ][gc           ] GC(178) Pause Young (Allocation Failure) 477M->242M(850M) 3.409ms
[419.565s][info ][gc,cpu       ] GC(178) User=0.01s Sys=0.00s Real=0.01s
[419.565s][info ][safepoint    ] Leaving safepoint region
[419.565s][info ][safepoint    ] Total time for which application threads were stopped: 0.0035462 seconds, Stopping threads took: 0.0000148 seconds
[420.565s][info ][safepoint    ] Application time: 1.0000979 seconds
[420.565s][info ][safepoint    ] Entering safepoint region: Cleanup
[420.565s][info ][safepoint    ] Leaving safepoint region
[420.565s][info ][safepoint    ] Total time for which application threads were stopped: 0.0001229 seconds, Stopping threads took: 0.0000621 seconds
[421.565s][info ][safepoint    ] Application time: 1.0000868 seconds
[421.565s][info ][safepoint    ] Entering safepoint region: Cleanup
[421.565s][info ][safepoint    ] Leaving safepoint region
[421.565s][info ][safepoint    ] Total time for which application threads were stopped: 0.0001222 seconds, Stopping threads took: 0.0000525 seconds
[423.565s][info ][safepoint    ] Application time: 2.0001602 seconds
[423.566s][info ][safepoint    ] Entering safepoint region: Cleanup
[423.566s][info ][safepoint    ] Leaving safepoint region
[423.566s][info ][safepoint    ] Total time for which application threads were stopped: 0.0001329 seconds, Stopping threads took: 0.0000591 seconds
[423.960s][info ][safepoint    ] Application time: 0.3940997 seconds
[423.960s][info ][safepoint    ] Entering safepoint region: GenCollectForAllocation
[423.960s][info ][gc,start     ] GC(179) Pause Young (Allocation Failure)
[423.960s][info ][gc,task      ] GC(179) Using 4 workers of 4 for evacuation
[423.963s][debug][gc,ref       ] GC(179) Skipped phase1 of Reference Processing due to unavailable references
[423.963s][debug][gc,ref       ] GC(179) Skipped phase2 of Reference Processing due to unavailable references
[423.963s][debug][gc,ref       ] GC(179) Skipped phase3 of Reference Processing due to unavailable references
[423.963s][debug][gc,ref       ] GC(179) Skipped phase4 of Reference Processing due to unavailable references
[423.963s][debug][gc,age       ] GC(179) Desired survivor size 15368192 bytes, new threshold 6 (max threshold 6)
[423.963s][info ][gc,heap      ] GC(179) ParNew: 242540K->2375K(270336K)
[423.963s][info ][gc,heap      ] GC(179) CMS: 246098K->246220K(600768K)
[423.963s][info ][gc,metaspace ] GC(179) Metaspace: 57003K->57003K(1101824K)
[423.963s][info ][gc           ] GC(179) Pause Young (Allocation Failure) 477M->242M(850M) 2.999ms
[423.963s][info ][gc,cpu       ] GC(179) User=0.01s Sys=0.00s Real=0.00s
[423.963s][info ][safepoint    ] Leaving safepoint region
[423.963s][info ][safepoint    ] Total time for which application threads were stopped: 0.0031589 seconds, Stopping threads took: 0.0000167 seconds
[424.963s][info ][safepoint    ] Application time: 1.0001091 seconds
[424.963s][info ][safepoint    ] Entering safepoint region: Cleanup
[424.963s][info ][safepoint    ] Leaving safepoint region
[424.963s][info ][safepoint    ] Total time for which application threads were stopped: 0.0001539 seconds, Stopping threads took: 0.0000780 seconds
[425.963s][info ][safepoint    ] Application time: 1.0000855 seconds
[425.963s][info ][safepoint    ] Entering safepoint region: Cleanup
[425.964s][info ][safepoint    ] Leaving safepoint region
[425.964s][info ][safepoint    ] Total time for which application threads were stopped: 0.0001876 seconds, Stopping threads took: 0.0000952 seconds
[426.964s][info ][safepoint    ] Application time: 1.0000895 seconds
[426.964s][info ][safepoint    ] Entering safepoint region: Cleanup
[426.964s][info ][safepoint    ] Leaving safepoint region
[426.964s][info ][safepoint    ] Total time for which application threads were stopped: 0.0001625 seconds, Stopping threads took: 0.0000925 seconds
[427.964s][info ][safepoint    ] Application time: 1.0000952 seconds
[427.964s][info ][safepoint    ] Entering safepoint region: Cleanup
[427.964s][info ][safepoint    ] Leaving safepoint region
[427.964s][info ][safepoint    ] Total time for which application threads were stopped: 0.0001764 seconds, Stopping threads took: 0.0000761 seconds
[428.385s][info ][safepoint    ] Application time: 0.4211624 seconds
[428.385s][info ][safepoint    ] Entering safepoint region: GenCollectForAllocation
[428.385s][info ][gc,start     ] GC(180) Pause Young (Allocation Failure)
[428.385s][info ][gc,task      ] GC(180) Using 4 workers of 4 for evacuation
[428.388s][debug][gc,ref       ] GC(180) Skipped phase1 of Reference Processing due to unavailable references
[428.388s][debug][gc,ref       ] GC(180) Skipped phase2 of Reference Processing due to unavailable references
[428.388s][debug][gc,ref       ] GC(180) Skipped phase3 of Reference Processing due to unavailable references
[428.388s][debug][gc,ref       ] GC(180) Skipped phase4 of Reference Processing due to unavailable references
[428.388s][debug][gc,age       ] GC(180) Desired survivor size 15368192 bytes, new threshold 6 (max threshold 6)
[428.388s][info ][gc,heap      ] GC(180) ParNew: 242695K->2631K(270336K)
[428.388s][info ][gc,heap      ] GC(180) CMS: 246220K->246356K(600768K)
[428.388s][info ][gc,metaspace ] GC(180) Metaspace: 57003K->57003K(1101824K)
[428.388s][info ][gc           ] GC(180) Pause Young (Allocation Failure) 477M->243M(850M) 2.800ms
[428.388s][info ][gc,cpu       ] GC(180) User=0.01s Sys=0.00s Real=0.00s
[428.388s][info ][safepoint    ] Leaving safepoint region
[428.388s][info ][safepoint    ] Total time for which application threads were stopped: 0.0029365 seconds, Stopping threads took: 0.0000148 seconds
[429.388s][info ][safepoint    ] Application time: 1.0001086 seconds
[429.388s][info ][safepoint    ] Entering safepoint region: Cleanup
[429.388s][info ][safepoint    ] Leaving safepoint region
[429.388s][info ][safepoint    ] Total time for which application threads were stopped: 0.0000728 seconds, Stopping threads took: 0.0000151 seconds
[431.389s][info ][safepoint    ] Application time: 2.0001909 seconds
[431.389s][info ][safepoint    ] Entering safepoint region: Cleanup
[431.389s][info ][safepoint    ] Leaving safepoint region
[431.389s][info ][safepoint    ] Total time for which application threads were stopped: 0.0000911 seconds, Stopping threads took: 0.0000305 seconds
[432.961s][info ][safepoint    ] Application time: 1.5721723 seconds
[432.961s][info ][safepoint    ] Entering safepoint region: GenCollectForAllocation
[432.961s][info ][gc,start     ] GC(181) Pause Young (Allocation Failure)
[432.961s][info ][gc,task      ] GC(181) Using 4 workers of 4 for evacuation
[432.964s][debug][gc,ref       ] GC(181) Skipped phase1 of Reference Processing due to unavailable references
[432.964s][debug][gc,ref       ] GC(181) Skipped phase2 of Reference Processing due to unavailable references
[432.964s][debug][gc,ref       ] GC(181) Skipped phase3 of Reference Processing due to unavailable references
[432.964s][debug][gc,ref       ] GC(181) Skipped phase4 of Reference Processing due to unavailable references
[432.964s][debug][gc,age       ] GC(181) Desired survivor size 15368192 bytes, new threshold 6 (max threshold 6)
[432.964s][info ][gc,heap      ] GC(181) ParNew: 242951K->1708K(270336K)
[432.964s][info ][gc,heap      ] GC(181) CMS: 246356K->247192K(600768K)
[432.964s][info ][gc,metaspace ] GC(181) Metaspace: 57004K->57004K(1101824K)
[432.964s][info ][gc           ] GC(181) Pause Young (Allocation Failure) 477M->243M(850M) 3.099ms
[432.964s][info ][gc,cpu       ] GC(181) User=0.01s Sys=0.00s Real=0.01s
[432.964s][info ][safepoint    ] Leaving safepoint region
[432.964s][info ][safepoint    ] Total time for which application threads were stopped: 0.0032408 seconds, Stopping threads took: 0.0000148 seconds
[433.964s][info ][safepoint    ] Application time: 1.0000886 seconds
[433.964s][info ][safepoint    ] Entering safepoint region: Cleanup
[433.964s][info ][safepoint    ] Leaving safepoint region
[433.965s][info ][safepoint    ] Total time for which application threads were stopped: 0.0001252 seconds, Stopping threads took: 0.0000514 seconds
[434.965s][info ][safepoint    ] Application time: 1.0000980 seconds
[434.965s][info ][safepoint    ] Entering safepoint region: Cleanup
[434.965s][info ][safepoint    ] Leaving safepoint region
[434.965s][info ][safepoint    ] Total time for which application threads were stopped: 0.0001484 seconds, Stopping threads took: 0.0000752 seconds
[437.308s][info ][safepoint    ] Application time: 2.3434741 seconds
[437.308s][info ][safepoint    ] Entering safepoint region: GenCollectForAllocation
[437.308s][info ][gc,start     ] GC(182) Pause Young (Allocation Failure)
[437.308s][info ][gc,task      ] GC(182) Using 4 workers of 4 for evacuation
[437.311s][debug][gc,ref       ] GC(182) Skipped phase1 of Reference Processing due to unavailable references
[437.311s][debug][gc,ref       ] GC(182) Skipped phase2 of Reference Processing due to unavailable references
[437.311s][debug][gc,ref       ] GC(182) Skipped phase3 of Reference Processing due to unavailable references
[437.311s][debug][gc,ref       ] GC(182) Skipped phase4 of Reference Processing due to unavailable references
[437.311s][debug][gc,age       ] GC(182) Desired survivor size 15368192 bytes, new threshold 6 (max threshold 6)
[437.311s][info ][gc,heap      ] GC(182) ParNew: 242028K->1271K(270336K)
[437.311s][info ][gc,heap      ] GC(182) CMS: 247192K->247333K(600768K)
[437.311s][info ][gc,metaspace ] GC(182) Metaspace: 57006K->57006K(1101824K)
[437.311s][info ][gc           ] GC(182) Pause Young (Allocation Failure) 477M->242M(850M) 2.596ms
[437.311s][info ][gc,cpu       ] GC(182) User=0.01s Sys=0.00s Real=0.00s
[437.311s][info ][safepoint    ] Leaving safepoint region
[437.311s][info ][safepoint    ] Total time for which application threads were stopped: 0.0027909 seconds, Stopping threads took: 0.0000596 seconds
[438.311s][info ][safepoint    ] Application time: 1.0000953 seconds
[438.311s][info ][safepoint    ] Entering safepoint region: Cleanup
[438.311s][info ][safepoint    ] Leaving safepoint region
[438.311s][info ][safepoint    ] Total time for which application threads were stopped: 0.0001252 seconds, Stopping threads took: 0.0000603 seconds
[439.311s][info ][safepoint    ] Application time: 1.0000924 seconds
[439.312s][info ][safepoint    ] Entering safepoint region: Cleanup
[439.312s][info ][safepoint    ] Leaving safepoint region
[439.312s][info ][safepoint    ] Total time for which application threads were stopped: 0.0001540 seconds, Stopping threads took: 0.0000783 seconds
[441.516s][info ][safepoint    ] Application time: 2.2045048 seconds
[441.516s][info ][safepoint    ] Entering safepoint region: GenCollectForAllocation
[441.516s][info ][gc,start     ] GC(183) Pause Young (Allocation Failure)
[441.516s][info ][gc,task      ] GC(183) Using 4 workers of 4 for evacuation
[441.519s][debug][gc,ref       ] GC(183) Skipped phase1 of Reference Processing due to unavailable references
[441.519s][debug][gc,ref       ] GC(183) Skipped phase2 of Reference Processing due to unavailable references
[441.519s][debug][gc,ref       ] GC(183) Skipped phase3 of Reference Processing due to unavailable references
[441.519s][debug][gc,ref       ] GC(183) Skipped phase4 of Reference Processing due to unavailable references
[441.519s][debug][gc,age       ] GC(183) Desired survivor size 15368192 bytes, new threshold 6 (max threshold 6)
[441.519s][info ][gc,heap      ] GC(183) ParNew: 241591K->1477K(270336K)
[441.519s][info ][gc,heap      ] GC(183) CMS: 247333K->247615K(600768K)
[441.519s][info ][gc,metaspace ] GC(183) Metaspace: 57011K->57011K(1101824K)
[441.519s][info ][gc           ] GC(183) Pause Young (Allocation Failure) 477M->243M(850M) 2.780ms
[441.519s][info ][gc,cpu       ] GC(183) User=0.01s Sys=0.00s Real=0.00s
[441.519s][info ][safepoint    ] Leaving safepoint region
[441.519s][info ][safepoint    ] Total time for which application threads were stopped: 0.0029434 seconds, Stopping threads took: 0.0000131 seconds
[442.519s][info ][safepoint    ] Application time: 1.0001054 seconds
[442.519s][info ][safepoint    ] Entering safepoint region: Cleanup
[442.519s][info ][safepoint    ] Leaving safepoint region
[442.519s][info ][safepoint    ] Total time for which application threads were stopped: 0.0000916 seconds, Stopping threads took: 0.0000162 seconds
[443.519s][info ][safepoint    ] Application time: 1.0001005 seconds
[443.520s][info ][safepoint    ] Entering safepoint region: Cleanup
[443.520s][info ][safepoint    ] Leaving safepoint region
[443.520s][info ][safepoint    ] Total time for which application threads were stopped: 0.0000852 seconds, Stopping threads took: 0.0000146 seconds
[444.520s][info ][safepoint    ] Application time: 1.0000848 seconds
[444.520s][info ][safepoint    ] Entering safepoint region: Cleanup
[444.520s][info ][safepoint    ] Leaving safepoint region
[444.520s][info ][safepoint    ] Total time for which application threads were stopped: 0.0001005 seconds, Stopping threads took: 0.0000477 seconds
[445.759s][info ][safepoint    ] Application time: 1.2387640 seconds
[445.759s][info ][safepoint    ] Entering safepoint region: GenCollectForAllocation
[445.759s][info ][gc,start     ] GC(184) Pause Young (Allocation Failure)
[445.759s][info ][gc,task      ] GC(184) Using 4 workers of 4 for evacuation
[445.761s][debug][gc,ref       ] GC(184) Skipped phase1 of Reference Processing due to unavailable references
[445.761s][debug][gc,ref       ] GC(184) Skipped phase2 of Reference Processing due to unavailable references
[445.761s][debug][gc,ref       ] GC(184) Skipped phase3 of Reference Processing due to unavailable references
[445.761s][debug][gc,ref       ] GC(184) Skipped phase4 of Reference Processing due to unavailable references
[445.761s][debug][gc,age       ] GC(184) Desired survivor size 15368192 bytes, new threshold 6 (max threshold 6)
[445.761s][info ][gc,heap      ] GC(184) ParNew: 241797K->1283K(270336K)
[445.761s][info ][gc,heap      ] GC(184) CMS: 247615K->247698K(600768K)
[445.762s][info ][gc,metaspace ] GC(184) Metaspace: 57014K->57014K(1101824K)
[445.762s][info ][gc           ] GC(184) Pause Young (Allocation Failure) 477M->243M(850M) 2.732ms
[445.762s][info ][gc,cpu       ] GC(184) User=0.01s Sys=0.00s Real=0.00s
[445.762s][info ][safepoint    ] Leaving safepoint region
[445.762s][info ][safepoint    ] Total time for which application threads were stopped: 0.0029507 seconds, Stopping threads took: 0.0000807 seconds
[450.159s][info ][safepoint    ] Application time: 4.3972500 seconds
[450.159s][info ][safepoint    ] Entering safepoint region: GenCollectForAllocation
[450.159s][info ][gc,start     ] GC(185) Pause Young (Allocation Failure)
[450.159s][info ][gc,task      ] GC(185) Using 4 workers of 4 for evacuation
[450.163s][debug][gc,ref       ] GC(185) Skipped phase1 of Reference Processing due to unavailable references
[450.163s][debug][gc,ref       ] GC(185) Skipped phase2 of Reference Processing due to unavailable references
[450.163s][debug][gc,ref       ] GC(185) Skipped phase3 of Reference Processing due to unavailable references
[450.163s][debug][gc,ref       ] GC(185) Skipped phase4 of Reference Processing due to unavailable references
[450.163s][debug][gc,age       ] GC(185) Desired survivor size 15368192 bytes, new threshold 6 (max threshold 6)
[450.163s][info ][gc,heap      ] GC(185) ParNew: 241603K->1134K(270336K)
[450.163s][info ][gc,heap      ] GC(185) CMS: 247698K->247800K(600768K)
[450.163s][info ][gc,metaspace ] GC(185) Metaspace: 57014K->57014K(1101824K)
[450.163s][info ][gc           ] GC(185) Pause Young (Allocation Failure) 477M->243M(850M) 3.923ms
[450.163s][info ][gc,cpu       ] GC(185) User=0.02s Sys=0.00s Real=0.00s
[450.163s][info ][safepoint    ] Leaving safepoint region
[450.163s][info ][safepoint    ] Total time for which application threads were stopped: 0.0040694 seconds, Stopping threads took: 0.0000155 seconds
[452.163s][info ][safepoint    ] Application time: 2.0001747 seconds
[452.163s][info ][safepoint    ] Entering safepoint region: Cleanup
[452.163s][info ][safepoint    ] Leaving safepoint region
[452.163s][info ][safepoint    ] Total time for which application threads were stopped: 0.0001184 seconds, Stopping threads took: 0.0000491 seconds
[453.163s][info ][safepoint    ] Application time: 1.0000432 seconds
[453.163s][info ][safepoint    ] Entering safepoint region: Cleanup
[453.164s][info ][safepoint    ] Leaving safepoint region
[453.164s][info ][safepoint    ] Total time for which application threads were stopped: 0.0002644 seconds, Stopping threads took: 0.0001628 seconds
[454.463s][info ][safepoint    ] Application time: 1.2996618 seconds
[454.463s][info ][safepoint    ] Entering safepoint region: GenCollectForAllocation
[454.463s][info ][gc,start     ] GC(186) Pause Young (Allocation Failure)
[454.463s][info ][gc,task      ] GC(186) Using 4 workers of 4 for evacuation
[454.466s][debug][gc,ref       ] GC(186) Skipped phase1 of Reference Processing due to unavailable references
[454.466s][debug][gc,ref       ] GC(186) Skipped phase2 of Reference Processing due to unavailable references
[454.466s][debug][gc,ref       ] GC(186) Skipped phase3 of Reference Processing due to unavailable references
[454.466s][debug][gc,ref       ] GC(186) Skipped phase4 of Reference Processing due to unavailable references
[454.466s][debug][gc,age       ] GC(186) Desired survivor size 15368192 bytes, new threshold 6 (max threshold 6)
[454.466s][info ][gc,heap      ] GC(186) ParNew: 241454K->1359K(270336K)
[454.466s][info ][gc,heap      ] GC(186) CMS: 247800K->247827K(600768K)
[454.466s][info ][gc,metaspace ] GC(186) Metaspace: 57016K->57016K(1101824K)
[454.466s][info ][gc           ] GC(186) Pause Young (Allocation Failure) 477M->243M(850M) 2.750ms
[454.466s][info ][gc,cpu       ] GC(186) User=0.01s Sys=0.00s Real=0.01s
[454.466s][info ][safepoint    ] Leaving safepoint region
[454.466s][info ][safepoint    ] Total time for which application threads were stopped: 0.0029040 seconds, Stopping threads took: 0.0000136 seconds
[455.466s][info ][safepoint    ] Application time: 1.0000856 seconds
[455.466s][info ][safepoint    ] Entering safepoint region: Cleanup
[455.466s][info ][safepoint    ] Leaving safepoint region
[455.467s][info ][safepoint    ] Total time for which application threads were stopped: 0.0001728 seconds, Stopping threads took: 0.0000376 seconds
[456.467s][info ][safepoint    ] Application time: 1.0000989 seconds
[456.467s][info ][safepoint    ] Entering safepoint region: Cleanup
[456.467s][info ][safepoint    ] Leaving safepoint region
[456.467s][info ][safepoint    ] Total time for which application threads were stopped: 0.0001287 seconds, Stopping threads took: 0.0000595 seconds
[457.467s][info ][safepoint    ] Application time: 1.0000905 seconds
[457.467s][info ][safepoint    ] Entering safepoint region: Cleanup
[457.467s][info ][safepoint    ] Leaving safepoint region
[457.467s][info ][safepoint    ] Total time for which application threads were stopped: 0.0000904 seconds, Stopping threads took: 0.0000165 seconds
[458.467s][info ][safepoint    ] Application time: 1.0000818 seconds
[458.467s][info ][safepoint    ] Entering safepoint region: Cleanup
[458.467s][info ][safepoint    ] Leaving safepoint region
[458.467s][info ][safepoint    ] Total time for which application threads were stopped: 0.0000816 seconds, Stopping threads took: 0.0000144 seconds
[458.817s][info ][safepoint    ] Application time: 0.3494169 seconds
[458.817s][info ][safepoint    ] Entering safepoint region: GenCollectForAllocation
[458.817s][info ][gc,start     ] GC(187) Pause Young (Allocation Failure)
[458.817s][info ][gc,task      ] GC(187) Using 4 workers of 4 for evacuation
[458.819s][debug][gc,ref       ] GC(187) Skipped phase1 of Reference Processing due to unavailable references
[458.819s][debug][gc,ref       ] GC(187) Skipped phase3 of Reference Processing due to unavailable references
[458.820s][debug][gc,age       ] GC(187) Desired survivor size 15368192 bytes, new threshold 6 (max threshold 6)
[458.820s][info ][gc,heap      ] GC(187) ParNew: 241679K->1310K(270336K)
[458.820s][info ][gc,heap      ] GC(187) CMS: 247827K->247908K(600768K)
[458.820s][info ][gc,metaspace ] GC(187) Metaspace: 57029K->57029K(1101824K)
[458.820s][info ][gc           ] GC(187) Pause Young (Allocation Failure) 478M->243M(850M) 2.843ms
[458.820s][info ][gc,cpu       ] GC(187) User=0.01s Sys=0.00s Real=0.00s
[458.820s][info ][safepoint    ] Leaving safepoint region
[458.820s][info ][safepoint    ] Total time for which application threads were stopped: 0.0029865 seconds, Stopping threads took: 0.0000153 seconds
[459.820s][info ][safepoint    ] Application time: 1.0000988 seconds
[459.820s][info ][safepoint    ] Entering safepoint region: Cleanup
[459.820s][info ][safepoint    ] Leaving safepoint region
[459.820s][info ][safepoint    ] Total time for which application threads were stopped: 0.0000738 seconds, Stopping threads took: 0.0000150 seconds
[460.820s][info ][safepoint    ] Application time: 1.0000901 seconds
[460.820s][info ][safepoint    ] Entering safepoint region: Cleanup
[460.820s][info ][safepoint    ] Leaving safepoint region
[460.820s][info ][safepoint    ] Total time for which application threads were stopped: 0.0000710 seconds, Stopping threads took: 0.0000142 seconds
[463.315s][info ][safepoint    ] Application time: 2.4948020 seconds
[463.315s][info ][safepoint    ] Entering safepoint region: GenCollectForAllocation
[463.315s][info ][gc,start     ] GC(188) Pause Young (Allocation Failure)
[463.315s][info ][gc,task      ] GC(188) Using 4 workers of 4 for evacuation
[463.318s][debug][gc,ref       ] GC(188) Skipped phase1 of Reference Processing due to unavailable references
[463.318s][debug][gc,ref       ] GC(188) Skipped phase3 of Reference Processing due to unavailable references
[463.318s][debug][gc,ref       ] GC(188) Skipped phase4 of Reference Processing due to unavailable references
[463.318s][debug][gc,age       ] GC(188) Desired survivor size 15368192 bytes, new threshold 6 (max threshold 6)
[463.318s][info ][gc,heap      ] GC(188) ParNew: 241630K->1267K(270336K)
[463.318s][info ][gc,heap      ] GC(188) CMS: 247908K->248052K(600768K)
[463.318s][info ][gc,metaspace ] GC(188) Metaspace: 57031K->57031K(1101824K)
[463.318s][info ][gc           ] GC(188) Pause Young (Allocation Failure) 478M->243M(850M) 3.098ms
[463.318s][info ][gc,cpu       ] GC(188) User=0.01s Sys=0.00s Real=0.00s
[463.318s][info ][safepoint    ] Leaving safepoint region
[463.318s][info ][safepoint    ] Total time for which application threads were stopped: 0.0032500 seconds, Stopping threads took: 0.0000285 seconds
[464.318s][info ][safepoint    ] Application time: 1.0000870 seconds
[464.318s][info ][safepoint    ] Entering safepoint region: Cleanup
[464.318s][info ][safepoint    ] Leaving safepoint region
[464.318s][info ][safepoint    ] Total time for which application threads were stopped: 0.0000916 seconds, Stopping threads took: 0.0000148 seconds
[465.318s][info ][safepoint    ] Application time: 1.0000848 seconds
[465.318s][info ][safepoint    ] Entering safepoint region: Cleanup
[465.319s][info ][safepoint    ] Leaving safepoint region
[465.319s][info ][safepoint    ] Total time for which application threads were stopped: 0.0000735 seconds, Stopping threads took: 0.0000148 seconds
[466.319s][info ][safepoint    ] Application time: 1.0001053 seconds
[466.319s][info ][safepoint    ] Entering safepoint region: Cleanup
[466.319s][info ][safepoint    ] Leaving safepoint region
[466.319s][info ][safepoint    ] Total time for which application threads were stopped: 0.0000675 seconds, Stopping threads took: 0.0000135 seconds
[467.319s][info ][safepoint    ] Application time: 1.0000885 seconds
[467.319s][info ][safepoint    ] Entering safepoint region: Cleanup
[467.319s][info ][safepoint    ] Leaving safepoint region
[467.319s][info ][safepoint    ] Total time for which application threads were stopped: 0.0000909 seconds, Stopping threads took: 0.0000163 seconds
[467.859s][info ][safepoint    ] Application time: 0.5398685 seconds
[467.859s][info ][safepoint    ] Entering safepoint region: GenCollectForAllocation
[467.859s][info ][gc,start     ] GC(189) Pause Young (Allocation Failure)
[467.859s][info ][gc,task      ] GC(189) Using 4 workers of 4 for evacuation
[467.862s][debug][gc,ref       ] GC(189) Skipped phase1 of Reference Processing due to unavailable references
[467.862s][debug][gc,ref       ] GC(189) Skipped phase3 of Reference Processing due to unavailable references
[467.862s][debug][gc,ref       ] GC(189) Skipped phase4 of Reference Processing due to unavailable references
[467.862s][debug][gc,age       ] GC(189) Desired survivor size 15368192 bytes, new threshold 6 (max threshold 6)
[467.862s][info ][gc,heap      ] GC(189) ParNew: 241587K->1150K(270336K)
[467.862s][info ][gc,heap      ] GC(189) CMS: 248052K->248186K(600768K)
[467.862s][info ][gc,metaspace ] GC(189) Metaspace: 57036K->57036K(1101824K)
[467.862s][info ][gc           ] GC(189) Pause Young (Allocation Failure) 478M->243M(850M) 3.353ms
[467.862s][info ][gc,cpu       ] GC(189) User=0.01s Sys=0.00s Real=0.00s
[467.862s][info ][safepoint    ] Leaving safepoint region
[467.862s][info ][safepoint    ] Total time for which application threads were stopped: 0.0035349 seconds, Stopping threads took: 0.0000469 seconds
[468.863s][info ][safepoint    ] Application time: 1.0001140 seconds
[468.863s][info ][safepoint    ] Entering safepoint region: Cleanup
[468.863s][info ][safepoint    ] Leaving safepoint region
[468.863s][info ][safepoint    ] Total time for which application threads were stopped: 0.0001545 seconds, Stopping threads took: 0.0000643 seconds
[470.863s][info ][safepoint    ] Application time: 2.0001812 seconds
[470.863s][info ][safepoint    ] Entering safepoint region: Cleanup
[470.863s][info ][safepoint    ] Leaving safepoint region
[470.863s][info ][safepoint    ] Total time for which application threads were stopped: 0.0001359 seconds, Stopping threads took: 0.0000627 seconds
[471.863s][info ][safepoint    ] Application time: 1.0000963 seconds
[471.863s][info ][safepoint    ] Entering safepoint region: Cleanup
[471.863s][info ][safepoint    ] Leaving safepoint region
[471.863s][info ][safepoint    ] Total time for which application threads were stopped: 0.0001287 seconds, Stopping threads took: 0.0000541 seconds
[472.515s][info ][safepoint    ] Application time: 0.6520731 seconds
[472.515s][info ][safepoint    ] Entering safepoint region: GenCollectForAllocation
[472.516s][info ][gc,start     ] GC(190) Pause Young (Allocation Failure)
[472.516s][info ][gc,task      ] GC(190) Using 4 workers of 4 for evacuation
[472.518s][debug][gc,ref       ] GC(190) Skipped phase1 of Reference Processing due to unavailable references
[472.518s][debug][gc,ref       ] GC(190) Skipped phase3 of Reference Processing due to unavailable references
[472.518s][debug][gc,ref       ] GC(190) Skipped phase4 of Reference Processing due to unavailable references
[472.519s][debug][gc,age       ] GC(190) Desired survivor size 15368192 bytes, new threshold 6 (max threshold 6)
[472.519s][info ][gc,heap      ] GC(190) ParNew: 241470K->1418K(270336K)
[472.519s][info ][gc,heap      ] GC(190) CMS: 248186K->248377K(600768K)
[472.519s][info ][gc,metaspace ] GC(190) Metaspace: 57037K->57037K(1101824K)
[472.519s][info ][gc           ] GC(190) Pause Young (Allocation Failure) 478M->243M(850M) 3.022ms
[472.519s][info ][gc,cpu       ] GC(190) User=0.01s Sys=0.00s Real=0.00s
[472.519s][info ][safepoint    ] Leaving safepoint region
[472.519s][info ][safepoint    ] Total time for which application threads were stopped: 0.0031861 seconds, Stopping threads took: 0.0000151 seconds
[473.519s][info ][safepoint    ] Application time: 1.0000931 seconds
[473.519s][info ][safepoint    ] Entering safepoint region: Cleanup
[473.519s][info ][safepoint    ] Leaving safepoint region
[473.519s][info ][safepoint    ] Total time for which application threads were stopped: 0.0000725 seconds, Stopping threads took: 0.0000177 seconds
[474.519s][info ][safepoint    ] Application time: 1.0000883 seconds
[474.519s][info ][safepoint    ] Entering safepoint region: Cleanup
[474.519s][info ][safepoint    ] Leaving safepoint region
[474.519s][info ][safepoint    ] Total time for which application threads were stopped: 0.0000784 seconds, Stopping threads took: 0.0000134 seconds
[477.164s][info ][safepoint    ] Application time: 2.6448647 seconds
[477.164s][info ][safepoint    ] Entering safepoint region: GenCollectForAllocation
[477.164s][info ][gc,start     ] GC(191) Pause Young (Allocation Failure)
[477.164s][info ][gc,task      ] GC(191) Using 4 workers of 4 for evacuation
[477.167s][debug][gc,ref       ] GC(191) Skipped phase1 of Reference Processing due to unavailable references
[477.167s][debug][gc,ref       ] GC(191) Skipped phase3 of Reference Processing due to unavailable references
[477.167s][debug][gc,ref       ] GC(191) Skipped phase4 of Reference Processing due to unavailable references
[477.167s][debug][gc,age       ] GC(191) Desired survivor size 15368192 bytes, new threshold 6 (max threshold 6)
[477.167s][info ][gc,heap      ] GC(191) ParNew: 241738K->1852K(270336K)
[477.167s][info ][gc,heap      ] GC(191) CMS: 248377K->248379K(600768K)
[477.167s][info ][gc,metaspace ] GC(191) Metaspace: 57038K->57038K(1101824K)
[477.167s][info ][gc           ] GC(191) Pause Young (Allocation Failure) 478M->244M(850M) 3.042ms
[477.167s][info ][gc,cpu       ] GC(191) User=0.00s Sys=0.00s Real=0.01s
[477.167s][info ][safepoint    ] Leaving safepoint region
[477.167s][info ][safepoint    ] Total time for which application threads were stopped: 0.0031902 seconds, Stopping threads took: 0.0000158 seconds
[481.860s][info ][safepoint    ] Application time: 4.6926385 seconds
[481.860s][info ][safepoint    ] Entering safepoint region: GenCollectForAllocation
[481.860s][info ][gc,start     ] GC(192) Pause Young (Allocation Failure)
[481.860s][info ][gc,task      ] GC(192) Using 4 workers of 4 for evacuation
[481.862s][debug][gc,ref       ] GC(192) Skipped phase1 of Reference Processing due to unavailable references
[481.862s][debug][gc,ref       ] GC(192) Skipped phase3 of Reference Processing due to unavailable references
[481.862s][debug][gc,ref       ] GC(192) Skipped phase4 of Reference Processing due to unavailable references
[481.863s][debug][gc,age       ] GC(192) Desired survivor size 15368192 bytes, new threshold 6 (max threshold 6)
[481.863s][info ][gc,heap      ] GC(192) ParNew: 242172K->1961K(270336K)
[481.863s][info ][gc,heap      ] GC(192) CMS: 248379K->248479K(600768K)
[481.863s][info ][gc,metaspace ] GC(192) Metaspace: 57038K->57038K(1101824K)
[481.863s][info ][gc           ] GC(192) Pause Young (Allocation Failure) 479M->244M(850M) 2.748ms
[481.863s][info ][gc,cpu       ] GC(192) User=0.01s Sys=0.00s Real=0.00s
[481.863s][info ][safepoint    ] Leaving safepoint region
[481.863s][info ][safepoint    ] Total time for which application threads were stopped: 0.0028943 seconds, Stopping threads took: 0.0000136 seconds
[482.863s][info ][safepoint    ] Application time: 1.0001850 seconds
[482.863s][info ][safepoint    ] Entering safepoint region: Cleanup
[482.863s][info ][safepoint    ] Leaving safepoint region
[482.863s][info ][safepoint    ] Total time for which application threads were stopped: 0.0001172 seconds, Stopping threads took: 0.0000406 seconds
[483.863s][info ][safepoint    ] Application time: 1.0001199 seconds
[483.863s][info ][safepoint    ] Entering safepoint region: Cleanup
[483.863s][info ][safepoint    ] Leaving safepoint region
[483.863s][info ][safepoint    ] Total time for which application threads were stopped: 0.0001234 seconds, Stopping threads took: 0.0000560 seconds
[486.609s][info ][safepoint    ] Application time: 2.7452722 seconds
[486.609s][info ][safepoint    ] Entering safepoint region: GenCollectForAllocation
[486.609s][info ][gc,start     ] GC(193) Pause Young (Allocation Failure)
[486.609s][info ][gc,task      ] GC(193) Using 4 workers of 4 for evacuation
[486.612s][debug][gc,ref       ] GC(193) Skipped phase1 of Reference Processing due to unavailable references
[486.612s][debug][gc,ref       ] GC(193) Skipped phase2 of Reference Processing due to unavailable references
[486.612s][debug][gc,ref       ] GC(193) Skipped phase3 of Reference Processing due to unavailable references
[486.612s][debug][gc,ref       ] GC(193) Skipped phase4 of Reference Processing due to unavailable references
[486.612s][debug][gc,age       ] GC(193) Desired survivor size 15368192 bytes, new threshold 6 (max threshold 6)
[486.612s][info ][gc,heap      ] GC(193) ParNew: 242281K->1797K(270336K)
[486.612s][info ][gc,heap      ] GC(193) CMS: 248479K->248582K(600768K)
[486.612s][info ][gc,metaspace ] GC(193) Metaspace: 57040K->57040K(1101824K)
[486.612s][info ][gc           ] GC(193) Pause Young (Allocation Failure) 479M->244M(850M) 2.898ms
[486.612s][info ][gc,cpu       ] GC(193) User=0.01s Sys=0.00s Real=0.00s
[486.612s][info ][safepoint    ] Leaving safepoint region
[486.612s][info ][safepoint    ] Total time for which application threads were stopped: 0.0031196 seconds, Stopping threads took: 0.0000836 seconds
[489.612s][info ][safepoint    ] Application time: 3.0003377 seconds
[489.612s][info ][safepoint    ] Entering safepoint region: Cleanup
[489.612s][info ][safepoint    ] Leaving safepoint region
[489.612s][info ][safepoint    ] Total time for which application threads were stopped: 0.0001379 seconds, Stopping threads took: 0.0000560 seconds
[490.612s][info ][safepoint    ] Application time: 1.0000922 seconds
[490.612s][info ][safepoint    ] Entering safepoint region: Cleanup
[490.613s][info ][safepoint    ] Leaving safepoint region
[490.613s][info ][safepoint    ] Total time for which application threads were stopped: 0.0001151 seconds, Stopping threads took: 0.0000484 seconds
[491.158s][info ][safepoint    ] Application time: 0.5458037 seconds
[491.158s][info ][safepoint    ] Entering safepoint region: GenCollectForAllocation
[491.159s][info ][gc,start     ] GC(194) Pause Young (Allocation Failure)
[491.159s][info ][gc,task      ] GC(194) Using 4 workers of 4 for evacuation
[491.161s][debug][gc,ref       ] GC(194) Skipped phase1 of Reference Processing due to unavailable references
[491.161s][debug][gc,ref       ] GC(194) Skipped phase3 of Reference Processing due to unavailable references
[491.161s][debug][gc,age       ] GC(194) Desired survivor size 15368192 bytes, new threshold 6 (max threshold 6)
[491.161s][info ][gc,heap      ] GC(194) ParNew: 242117K->1757K(270336K)
[491.161s][info ][gc,heap      ] GC(194) CMS: 248582K->248678K(600768K)
[491.161s][info ][gc,metaspace ] GC(194) Metaspace: 57054K->57054K(1101824K)
[491.161s][info ][gc           ] GC(194) Pause Young (Allocation Failure) 479M->244M(850M) 2.790ms
[491.161s][info ][gc,cpu       ] GC(194) User=0.01s Sys=0.00s Real=0.00s
[491.161s][info ][safepoint    ] Leaving safepoint region
[491.161s][info ][safepoint    ] Total time for which application threads were stopped: 0.0029716 seconds, Stopping threads took: 0.0000378 seconds
[493.162s][info ][safepoint    ] Application time: 2.0001883 seconds
[493.162s][info ][safepoint    ] Entering safepoint region: Cleanup
[493.162s][info ][safepoint    ] Leaving safepoint region
[493.162s][info ][safepoint    ] Total time for which application threads were stopped: 0.0001709 seconds, Stopping threads took: 0.0001005 seconds
[495.863s][info ][safepoint    ] Application time: 2.7011250 seconds
[495.863s][info ][safepoint    ] Entering safepoint region: GenCollectForAllocation
[495.863s][info ][gc,start     ] GC(195) Pause Young (Allocation Failure)
[495.863s][info ][gc,task      ] GC(195) Using 4 workers of 4 for evacuation
[495.866s][debug][gc,ref       ] GC(195) Skipped phase1 of Reference Processing due to unavailable references
[495.866s][debug][gc,ref       ] GC(195) Skipped phase3 of Reference Processing due to unavailable references
[495.866s][debug][gc,ref       ] GC(195) Skipped phase4 of Reference Processing due to unavailable references
[495.866s][debug][gc,age       ] GC(195) Desired survivor size 15368192 bytes, new threshold 6 (max threshold 6)
[495.866s][info ][gc,heap      ] GC(195) ParNew: 242077K->1645K(270336K)
[495.866s][info ][gc,heap      ] GC(195) CMS: 248678K->248907K(600768K)
[495.866s][info ][gc,metaspace ] GC(195) Metaspace: 57054K->57054K(1101824K)
[495.866s][info ][gc           ] GC(195) Pause Young (Allocation Failure) 479M->244M(850M) 2.734ms
[495.866s][info ][gc,cpu       ] GC(195) User=0.01s Sys=0.00s Real=0.01s
[495.866s][info ][safepoint    ] Leaving safepoint region
[495.866s][info ][safepoint    ] Total time for which application threads were stopped: 0.0028801 seconds, Stopping threads took: 0.0000158 seconds
[500.458s][info ][safepoint    ] Application time: 4.5926104 seconds
[500.458s][info ][safepoint    ] Entering safepoint region: GenCollectForAllocation
[500.459s][info ][gc,start     ] GC(196) Pause Young (Allocation Failure)
[500.459s][info ][gc,task      ] GC(196) Using 4 workers of 4 for evacuation
[500.461s][debug][gc,ref       ] GC(196) Skipped phase1 of Reference Processing due to unavailable references
[500.461s][debug][gc,ref       ] GC(196) Skipped phase3 of Reference Processing due to unavailable references
[500.461s][debug][gc,ref       ] GC(196) Skipped phase4 of Reference Processing due to unavailable references
[500.461s][debug][gc,age       ] GC(196) Desired survivor size 15368192 bytes, new threshold 6 (max threshold 6)
[500.461s][info ][gc,heap      ] GC(196) ParNew: 241965K->1577K(270336K)
[500.461s][info ][gc,heap      ] GC(196) CMS: 248907K->248978K(600768K)
[500.461s][info ][gc,metaspace ] GC(196) Metaspace: 57054K->57054K(1101824K)
[500.461s][info ][gc           ] GC(196) Pause Young (Allocation Failure) 479M->244M(850M) 2.769ms
[500.461s][info ][gc,cpu       ] GC(196) User=0.01s Sys=0.00s Real=0.00s
[500.461s][info ][safepoint    ] Leaving safepoint region
[500.461s][info ][safepoint    ] Total time for which application threads were stopped: 0.0029693 seconds, Stopping threads took: 0.0000640 seconds
[501.463s][info ][safepoint    ] Application time: 1.0016654 seconds
[501.463s][info ][safepoint    ] Entering safepoint region: Cleanup
[501.463s][info ][safepoint    ] Leaving safepoint region
[501.463s][info ][safepoint    ] Total time for which application threads were stopped: 0.0001723 seconds, Stopping threads took: 0.0000728 seconds
[502.472s][info ][safepoint    ] Application time: 1.0088539 seconds
[502.472s][info ][safepoint    ] Entering safepoint region: Cleanup
[502.472s][info ][safepoint    ] Leaving safepoint region
[502.472s][info ][safepoint    ] Total time for which application threads were stopped: 0.0000861 seconds, Stopping threads took: 0.0000199 seconds
[505.011s][info ][safepoint    ] Application time: 2.5387955 seconds
[505.011s][info ][safepoint    ] Entering safepoint region: GenCollectForAllocation
[505.011s][info ][gc,start     ] GC(197) Pause Young (Allocation Failure)
[505.011s][info ][gc,task      ] GC(197) Using 4 workers of 4 for evacuation
[505.014s][debug][gc,ref       ] GC(197) Skipped phase1 of Reference Processing due to unavailable references
[505.014s][debug][gc,ref       ] GC(197) Skipped phase3 of Reference Processing due to unavailable references
[505.014s][debug][gc,ref       ] GC(197) Skipped phase4 of Reference Processing due to unavailable references
[505.014s][debug][gc,age       ] GC(197) Desired survivor size 15368192 bytes, new threshold 6 (max threshold 6)
[505.014s][info ][gc,heap      ] GC(197) ParNew: 241897K->1395K(270336K)
[505.014s][info ][gc,heap      ] GC(197) CMS: 248978K->249220K(600768K)
[505.014s][info ][gc,metaspace ] GC(197) Metaspace: 57054K->57054K(1101824K)
[505.014s][info ][gc           ] GC(197) Pause Young (Allocation Failure) 479M->244M(850M) 3.009ms
[505.014s][info ][gc,cpu       ] GC(197) User=0.01s Sys=0.00s Real=0.01s
[505.014s][info ][safepoint    ] Leaving safepoint region
[505.014s][info ][safepoint    ] Total time for which application threads were stopped: 0.0031721 seconds, Stopping threads took: 0.0000143 seconds
[506.014s][info ][safepoint    ] Application time: 1.0001009 seconds
[506.014s][info ][safepoint    ] Entering safepoint region: Cleanup
[506.015s][info ][safepoint    ] Leaving safepoint region
[506.015s][info ][safepoint    ] Total time for which application threads were stopped: 0.0001299 seconds, Stopping threads took: 0.0000508 seconds
[507.015s][info ][safepoint    ] Application time: 1.0000934 seconds
[507.015s][info ][safepoint    ] Entering safepoint region: Cleanup
[507.015s][info ][safepoint    ] Leaving safepoint region
[507.015s][info ][safepoint    ] Total time for which application threads were stopped: 0.0001227 seconds, Stopping threads took: 0.0000483 seconds
[508.015s][info ][safepoint    ] Application time: 1.0000978 seconds
[508.015s][info ][safepoint    ] Entering safepoint region: Cleanup
[508.015s][info ][safepoint    ] Leaving safepoint region
[508.015s][info ][safepoint    ] Total time for which application threads were stopped: 0.0000696 seconds, Stopping threads took: 0.0000144 seconds
[509.015s][info ][safepoint    ] Application time: 1.0000865 seconds
[509.015s][info ][safepoint    ] Entering safepoint region: Cleanup
[509.015s][info ][safepoint    ] Leaving safepoint region
[509.015s][info ][safepoint    ] Total time for which application threads were stopped: 0.0000873 seconds, Stopping threads took: 0.0000151 seconds
[509.707s][info ][safepoint    ] Application time: 0.6917125 seconds
[509.707s][info ][safepoint    ] Entering safepoint region: GenCollectForAllocation
[509.707s][info ][gc,start     ] GC(198) Pause Young (Allocation Failure)
[509.707s][info ][gc,task      ] GC(198) Using 4 workers of 4 for evacuation
[509.709s][debug][gc,ref       ] GC(198) Skipped phase1 of Reference Processing due to unavailable references
[509.709s][debug][gc,ref       ] GC(198) Skipped phase3 of Reference Processing due to unavailable references
[509.710s][debug][gc,ref       ] GC(198) Skipped phase4 of Reference Processing due to unavailable references
[509.710s][debug][gc,age       ] GC(198) Desired survivor size 15368192 bytes, new threshold 6 (max threshold 6)
[509.710s][info ][gc,heap      ] GC(198) ParNew: 241715K->1695K(270336K)
[509.710s][info ][gc,heap      ] GC(198) CMS: 249220K->249242K(600768K)
[509.710s][info ][gc,metaspace ] GC(198) Metaspace: 57062K->57062K(1101824K)
[509.710s][info ][gc           ] GC(198) Pause Young (Allocation Failure) 479M->245M(850M) 2.603ms
[509.710s][info ][gc,cpu       ] GC(198) User=0.01s Sys=0.00s Real=0.00s
[509.710s][info ][safepoint    ] Leaving safepoint region
[509.710s][info ][safepoint    ] Total time for which application threads were stopped: 0.0027432 seconds, Stopping threads took: 0.0000150 seconds
[510.710s][info ][safepoint    ] Application time: 1.0001011 seconds
[510.710s][info ][safepoint    ] Entering safepoint region: Cleanup
[510.710s][info ][safepoint    ] Leaving safepoint region
[510.710s][info ][safepoint    ] Total time for which application threads were stopped: 0.0001471 seconds, Stopping threads took: 0.0000622 seconds
[514.361s][info ][safepoint    ] Application time: 3.6508440 seconds
[514.361s][info ][safepoint    ] Entering safepoint region: GenCollectForAllocation
[514.361s][info ][gc,start     ] GC(199) Pause Young (Allocation Failure)
[514.361s][info ][gc,task      ] GC(199) Using 4 workers of 4 for evacuation
[514.364s][debug][gc,ref       ] GC(199) Skipped phase1 of Reference Processing due to unavailable references
[514.364s][debug][gc,ref       ] GC(199) Skipped phase3 of Reference Processing due to unavailable references
[514.364s][debug][gc,ref       ] GC(199) Skipped phase4 of Reference Processing due to unavailable references
[514.364s][debug][gc,age       ] GC(199) Desired survivor size 15368192 bytes, new threshold 6 (max threshold 6)
[514.364s][info ][gc,heap      ] GC(199) ParNew: 242015K->1268K(270336K)
[514.364s][info ][gc,heap      ] GC(199) CMS: 249242K->249397K(600768K)
[514.364s][info ][gc,metaspace ] GC(199) Metaspace: 57062K->57062K(1101824K)
[514.364s][info ][gc           ] GC(199) Pause Young (Allocation Failure) 479M->244M(850M) 2.752ms
[514.364s][info ][gc,cpu       ] GC(199) User=0.01s Sys=0.00s Real=0.00s
[514.364s][info ][safepoint    ] Leaving safepoint region
[514.364s][info ][safepoint    ] Total time for which application threads were stopped: 0.0029529 seconds, Stopping threads took: 0.0000167 seconds
[515.364s][info ][safepoint    ] Application time: 1.0001314 seconds
[515.364s][info ][safepoint    ] Entering safepoint region: Cleanup
[515.364s][info ][safepoint    ] Leaving safepoint region
[515.364s][info ][safepoint    ] Total time for which application threads were stopped: 0.0001441 seconds, Stopping threads took: 0.0000589 seconds
[517.364s][info ][safepoint    ] Application time: 2.0001724 seconds
[517.364s][info ][safepoint    ] Entering safepoint region: Cleanup
[517.364s][info ][safepoint    ] Leaving safepoint region
[517.364s][info ][safepoint    ] Total time for which application threads were stopped: 0.0001375 seconds, Stopping threads took: 0.0000662 seconds
[518.365s][info ][safepoint    ] Application time: 1.0001720 seconds
[518.365s][info ][safepoint    ] Entering safepoint region: Cleanup
[518.365s][info ][safepoint    ] Leaving safepoint region
[518.365s][info ][safepoint    ] Total time for which application threads were stopped: 0.0001348 seconds, Stopping threads took: 0.0000643 seconds
[518.765s][info ][safepoint    ] Application time: 0.4006299 seconds
[518.766s][info ][safepoint    ] Entering safepoint region: GenCollectForAllocation
[518.766s][info ][gc,start     ] GC(200) Pause Young (Allocation Failure)
[518.766s][info ][gc,task      ] GC(200) Using 4 workers of 4 for evacuation
[518.768s][debug][gc,ref       ] GC(200) Skipped phase1 of Reference Processing due to unavailable references
[518.768s][debug][gc,ref       ] GC(200) Skipped phase2 of Reference Processing due to unavailable references
[518.768s][debug][gc,ref       ] GC(200) Skipped phase3 of Reference Processing due to unavailable references
[518.768s][debug][gc,ref       ] GC(200) Skipped phase4 of Reference Processing due to unavailable references
[518.768s][debug][gc,age       ] GC(200) Desired survivor size 15368192 bytes, new threshold 6 (max threshold 6)
[518.768s][info ][gc,heap      ] GC(200) ParNew: 241588K->1638K(270336K)
[518.768s][info ][gc,heap      ] GC(200) CMS: 249397K->249478K(600768K)
[518.768s][info ][gc,metaspace ] GC(200) Metaspace: 57063K->57063K(1101824K)
[518.768s][info ][gc           ] GC(200) Pause Young (Allocation Failure) 479M->245M(850M) 2.687ms
[518.768s][info ][gc,cpu       ] GC(200) User=0.01s Sys=0.00s Real=0.00s
[518.768s][info ][safepoint    ] Leaving safepoint region
[518.768s][info ][safepoint    ] Total time for which application threads were stopped: 0.0028721 seconds, Stopping threads took: 0.0000545 seconds
[519.768s][info ][safepoint    ] Application time: 1.0001056 seconds
[519.769s][info ][safepoint    ] Entering safepoint region: Cleanup
[519.769s][info ][safepoint    ] Leaving safepoint region
[519.769s][info ][safepoint    ] Total time for which application threads were stopped: 0.0001594 seconds, Stopping threads took: 0.0000764 seconds
[521.769s][info ][safepoint    ] Application time: 2.0001736 seconds
[521.769s][info ][safepoint    ] Entering safepoint region: Cleanup
[521.769s][info ][safepoint    ] Leaving safepoint region
[521.769s][info ][safepoint    ] Total time for which application threads were stopped: 0.0000812 seconds, Stopping threads took: 0.0000140 seconds
[523.213s][info ][safepoint    ] Application time: 1.4440155 seconds
[523.213s][info ][safepoint    ] Entering safepoint region: GenCollectForAllocation
[523.213s][info ][gc,start     ] GC(201) Pause Young (Allocation Failure)
[523.213s][info ][gc,task      ] GC(201) Using 4 workers of 4 for evacuation
[523.216s][debug][gc,ref       ] GC(201) Skipped phase1 of Reference Processing due to unavailable references
[523.216s][debug][gc,ref       ] GC(201) Skipped phase2 of Reference Processing due to unavailable references
[523.216s][debug][gc,ref       ] GC(201) Skipped phase3 of Reference Processing due to unavailable references
[523.216s][debug][gc,ref       ] GC(201) Skipped phase4 of Reference Processing due to unavailable references
[523.216s][debug][gc,age       ] GC(201) Desired survivor size 15368192 bytes, new threshold 6 (max threshold 6)
[523.216s][info ][gc,heap      ] GC(201) ParNew: 241958K->1862K(270336K)
[523.216s][info ][gc,heap      ] GC(201) CMS: 249478K->249495K(600768K)
[523.216s][info ][gc,metaspace ] GC(201) Metaspace: 57063K->57063K(1101824K)
[523.216s][info ][gc           ] GC(201) Pause Young (Allocation Failure) 479M->245M(850M) 2.764ms
[523.216s][info ][gc,cpu       ] GC(201) User=0.01s Sys=0.00s Real=0.00s
[523.216s][info ][safepoint    ] Leaving safepoint region
[523.216s][info ][safepoint    ] Total time for which application threads were stopped: 0.0029112 seconds, Stopping threads took: 0.0000264 seconds
[525.216s][info ][safepoint    ] Application time: 2.0001734 seconds
[525.216s][info ][safepoint    ] Entering safepoint region: Cleanup
[525.216s][info ][safepoint    ] Leaving safepoint region
[525.216s][info ][safepoint    ] Total time for which application threads were stopped: 0.0000756 seconds, Stopping threads took: 0.0000150 seconds
[526.216s][info ][safepoint    ] Application time: 1.0001071 seconds
[526.216s][info ][safepoint    ] Entering safepoint region: Cleanup
[526.216s][info ][safepoint    ] Leaving safepoint region
[526.216s][info ][safepoint    ] Total time for which application threads were stopped: 0.0000661 seconds, Stopping threads took: 0.0000135 seconds
[527.811s][info ][safepoint    ] Application time: 1.5941663 seconds
[527.811s][info ][safepoint    ] Entering safepoint region: GenCollectForAllocation
[527.811s][info ][gc,start     ] GC(202) Pause Young (Allocation Failure)
[527.811s][info ][gc,task      ] GC(202) Using 4 workers of 4 for evacuation
[527.813s][debug][gc,ref       ] GC(202) Skipped phase1 of Reference Processing due to unavailable references
[527.813s][debug][gc,ref       ] GC(202) Skipped phase2 of Reference Processing due to unavailable references
[527.813s][debug][gc,ref       ] GC(202) Skipped phase3 of Reference Processing due to unavailable references
[527.814s][debug][gc,ref       ] GC(202) Skipped phase4 of Reference Processing due to unavailable references
[527.814s][debug][gc,age       ] GC(202) Desired survivor size 15368192 bytes, new threshold 6 (max threshold 6)
[527.814s][info ][gc,heap      ] GC(202) ParNew: 242182K->1444K(270336K)
[527.814s][info ][gc,heap      ] GC(202) CMS: 249495K->249589K(600768K)
[527.814s][info ][gc,metaspace ] GC(202) Metaspace: 57065K->57065K(1101824K)
[527.814s][info ][gc           ] GC(202) Pause Young (Allocation Failure) 480M->245M(850M) 2.904ms
[527.814s][info ][gc,cpu       ] GC(202) User=0.01s Sys=0.00s Real=0.01s
[527.814s][info ][safepoint    ] Leaving safepoint region
[527.814s][info ][safepoint    ] Total time for which application threads were stopped: 0.0030650 seconds, Stopping threads took: 0.0000164 seconds
[529.814s][info ][safepoint    ] Application time: 2.0001886 seconds
[529.814s][info ][safepoint    ] Entering safepoint region: Cleanup
[529.814s][info ][safepoint    ] Leaving safepoint region
[529.814s][info ][safepoint    ] Total time for which application threads were stopped: 0.0001380 seconds, Stopping threads took: 0.0000604 seconds
[532.210s][info ][safepoint    ] Application time: 2.3960769 seconds
[532.210s][info ][safepoint    ] Entering safepoint region: GenCollectForAllocation
[532.210s][info ][gc,start     ] GC(203) Pause Young (Allocation Failure)
[532.210s][info ][gc,task      ] GC(203) Using 4 workers of 4 for evacuation
[532.213s][debug][gc,ref       ] GC(203) Skipped phase1 of Reference Processing due to unavailable references
[532.213s][debug][gc,ref       ] GC(203) Skipped phase2 of Reference Processing due to unavailable references
[532.213s][debug][gc,ref       ] GC(203) Skipped phase3 of Reference Processing due to unavailable references
[532.213s][debug][gc,ref       ] GC(203) Skipped phase4 of Reference Processing due to unavailable references
[532.213s][debug][gc,age       ] GC(203) Desired survivor size 15368192 bytes, new threshold 6 (max threshold 6)
[532.213s][info ][gc,heap      ] GC(203) ParNew: 241764K->1965K(270336K)
[532.213s][info ][gc,heap      ] GC(203) CMS: 249589K->249689K(600768K)
[532.213s][info ][gc,metaspace ] GC(203) Metaspace: 57065K->57065K(1101824K)
[532.213s][info ][gc           ] GC(203) Pause Young (Allocation Failure) 479M->245M(850M) 2.898ms
[532.213s][info ][gc,cpu       ] GC(203) User=0.01s Sys=0.00s Real=0.01s
[532.213s][info ][safepoint    ] Leaving safepoint region
[532.213s][info ][safepoint    ] Total time for which application threads were stopped: 0.0031082 seconds, Stopping threads took: 0.0000638 seconds
[536.659s][info ][safepoint    ] Application time: 4.4452471 seconds
[536.659s][info ][safepoint    ] Entering safepoint region: GenCollectForAllocation
[536.659s][info ][gc,start     ] GC(204) Pause Young (Allocation Failure)
[536.659s][info ][gc,task      ] GC(204) Using 4 workers of 4 for evacuation
[536.661s][debug][gc,ref       ] GC(204) Skipped phase1 of Reference Processing due to unavailable references
[536.661s][debug][gc,ref       ] GC(204) Skipped phase2 of Reference Processing due to unavailable references
[536.661s][debug][gc,ref       ] GC(204) Skipped phase3 of Reference Processing due to unavailable references
[536.661s][debug][gc,ref       ] GC(204) Skipped phase4 of Reference Processing due to unavailable references
[536.661s][debug][gc,age       ] GC(204) Desired survivor size 15368192 bytes, new threshold 6 (max threshold 6)
[536.661s][info ][gc,heap      ] GC(204) ParNew: 242285K->1935K(270336K)
[536.661s][info ][gc,heap      ] GC(204) CMS: 249689K->249744K(600768K)
[536.661s][info ][gc,metaspace ] GC(204) Metaspace: 57065K->57065K(1101824K)
[536.661s][info ][gc           ] GC(204) Pause Young (Allocation Failure) 480M->245M(850M) 2.694ms
[536.661s][info ][gc,cpu       ] GC(204) User=0.01s Sys=0.00s Real=0.00s
[536.661s][info ][safepoint    ] Leaving safepoint region
[536.661s][info ][safepoint    ] Total time for which application threads were stopped: 0.0029015 seconds, Stopping threads took: 0.0000811 seconds
[539.662s][info ][safepoint    ] Application time: 3.0002475 seconds
[539.662s][info ][safepoint    ] Entering safepoint region: Cleanup
[539.662s][info ][safepoint    ] Leaving safepoint region
[539.662s][info ][safepoint    ] Total time for which application threads were stopped: 0.0001281 seconds, Stopping threads took: 0.0000636 seconds
[541.065s][info ][safepoint    ] Application time: 1.4031625 seconds
[541.065s][info ][safepoint    ] Entering safepoint region: GenCollectForAllocation
[541.065s][info ][gc,start     ] GC(205) Pause Young (Allocation Failure)
[541.065s][info ][gc,task      ] GC(205) Using 4 workers of 4 for evacuation
[541.069s][debug][gc,ref       ] GC(205) Skipped phase1 of Reference Processing due to unavailable references
[541.069s][debug][gc,ref       ] GC(205) Skipped phase2 of Reference Processing due to unavailable references
[541.069s][debug][gc,ref       ] GC(205) Skipped phase3 of Reference Processing due to unavailable references
[541.069s][debug][gc,ref       ] GC(205) Skipped phase4 of Reference Processing due to unavailable references
[541.069s][debug][gc,age       ] GC(205) Desired survivor size 15368192 bytes, new threshold 6 (max threshold 6)
[541.069s][info ][gc,heap      ] GC(205) ParNew: 242255K->1370K(270336K)
[541.069s][info ][gc,heap      ] GC(205) CMS: 249744K->250367K(600768K)
[541.069s][info ][gc,metaspace ] GC(205) Metaspace: 57065K->57065K(1101824K)
[541.069s][info ][gc           ] GC(205) Pause Young (Allocation Failure) 480M->245M(850M) 3.618ms
[541.069s][info ][gc,cpu       ] GC(205) User=0.01s Sys=0.00s Real=0.00s
[541.069s][info ][safepoint    ] Leaving safepoint region
[541.069s][info ][safepoint    ] Total time for which application threads were stopped: 0.0037733 seconds, Stopping threads took: 0.0000251 seconds
[545.069s][info ][safepoint    ] Application time: 4.0003574 seconds
[545.069s][info ][safepoint    ] Entering safepoint region: Cleanup
[545.069s][info ][safepoint    ] Leaving safepoint region
[545.069s][info ][safepoint    ] Total time for which application threads were stopped: 0.0000928 seconds, Stopping threads took: 0.0000167 seconds
[545.714s][info ][safepoint    ] Application time: 0.6443788 seconds
[545.714s][info ][safepoint    ] Entering safepoint region: GenCollectForAllocation
[545.714s][info ][gc,start     ] GC(206) Pause Young (Allocation Failure)
[545.714s][info ][gc,task      ] GC(206) Using 4 workers of 4 for evacuation
[545.716s][debug][gc,ref       ] GC(206) Skipped phase1 of Reference Processing due to unavailable references
[545.716s][debug][gc,ref       ] GC(206) Skipped phase2 of Reference Processing due to unavailable references
[545.716s][debug][gc,ref       ] GC(206) Skipped phase3 of Reference Processing due to unavailable references
[545.716s][debug][gc,ref       ] GC(206) Skipped phase4 of Reference Processing due to unavailable references
[545.717s][debug][gc,age       ] GC(206) Desired survivor size 15368192 bytes, new threshold 6 (max threshold 6)
[545.717s][info ][gc,heap      ] GC(206) ParNew: 241690K->1239K(270336K)
[545.717s][info ][gc,heap      ] GC(206) CMS: 250367K->250501K(600768K)
[545.717s][info ][gc,metaspace ] GC(206) Metaspace: 57068K->57068K(1101824K)
[545.717s][info ][gc           ] GC(206) Pause Young (Allocation Failure) 480M->245M(850M) 2.690ms
[545.717s][info ][gc,cpu       ] GC(206) User=0.01s Sys=0.00s Real=0.00s
[545.717s][info ][safepoint    ] Leaving safepoint region
[545.717s][info ][safepoint    ] Total time for which application threads were stopped: 0.0028272 seconds, Stopping threads took: 0.0000161 seconds
[546.717s][info ][safepoint    ] Application time: 1.0000981 seconds
[546.717s][info ][safepoint    ] Entering safepoint region: Cleanup
[546.717s][info ][safepoint    ] Leaving safepoint region
[546.717s][info ][safepoint    ] Total time for which application threads were stopped: 0.0000817 seconds, Stopping threads took: 0.0000269 seconds
[547.717s][info ][safepoint    ] Application time: 1.0000935 seconds
[547.717s][info ][safepoint    ] Entering safepoint region: Cleanup
[547.717s][info ][safepoint    ] Leaving safepoint region
[547.717s][info ][safepoint    ] Total time for which application threads were stopped: 0.0000715 seconds, Stopping threads took: 0.0000140 seconds
[550.410s][info ][safepoint    ] Application time: 2.6934169 seconds
[550.411s][info ][safepoint    ] Entering safepoint region: GenCollectForAllocation
[550.411s][info ][gc,start     ] GC(207) Pause Young (Allocation Failure)
[550.411s][info ][gc,task      ] GC(207) Using 4 workers of 4 for evacuation
[550.413s][debug][gc,ref       ] GC(207) Skipped phase1 of Reference Processing due to unavailable references
[550.413s][debug][gc,ref       ] GC(207) Skipped phase3 of Reference Processing due to unavailable references
[550.413s][debug][gc,age       ] GC(207) Desired survivor size 15368192 bytes, new threshold 6 (max threshold 6)
[550.413s][info ][gc,heap      ] GC(207) ParNew: 241559K->1096K(270336K)
[550.413s][info ][gc,heap      ] GC(207) CMS: 250501K->250598K(600768K)
[550.413s][info ][gc,metaspace ] GC(207) Metaspace: 57079K->57079K(1101824K)
[550.413s][info ][gc           ] GC(207) Pause Young (Allocation Failure) 480M->245M(850M) 2.565ms
[550.413s][info ][gc,cpu       ] GC(207) User=0.01s Sys=0.00s Real=0.01s
[550.413s][info ][safepoint    ] Leaving safepoint region
[550.413s][info ][safepoint    ] Total time for which application threads were stopped: 0.0027230 seconds, Stopping threads took: 0.0000181 seconds
[551.413s][info ][safepoint    ] Application time: 1.0001018 seconds
[551.413s][info ][safepoint    ] Entering safepoint region: Cleanup
[551.413s][info ][safepoint    ] Leaving safepoint region
[551.413s][info ][safepoint    ] Total time for which application threads were stopped: 0.0001241 seconds, Stopping threads took: 0.0000647 seconds
[554.965s][info ][safepoint    ] Application time: 3.5515383 seconds
[554.965s][info ][safepoint    ] Entering safepoint region: GenCollectForAllocation
[554.965s][info ][gc,start     ] GC(208) Pause Young (Allocation Failure)
[554.965s][info ][gc,task      ] GC(208) Using 4 workers of 4 for evacuation
[554.970s][debug][gc,ref       ] GC(208) Skipped phase1 of Reference Processing due to unavailable references
[554.970s][debug][gc,ref       ] GC(208) Skipped phase2 of Reference Processing due to unavailable references
[554.970s][debug][gc,ref       ] GC(208) Skipped phase3 of Reference Processing due to unavailable references
[554.970s][debug][gc,ref       ] GC(208) Skipped phase4 of Reference Processing due to unavailable references
[554.970s][debug][gc,age       ] GC(208) Desired survivor size 15368192 bytes, new threshold 6 (max threshold 6)
[554.970s][info ][gc,heap      ] GC(208) ParNew: 241416K->1621K(270336K)
[554.970s][info ][gc,heap      ] GC(208) CMS: 250598K->250704K(600768K)
[554.970s][info ][gc,metaspace ] GC(208) Metaspace: 57083K->57083K(1101824K)
[554.970s][info ][gc           ] GC(208) Pause Young (Allocation Failure) 480M->246M(850M) 5.200ms
[554.970s][info ][gc,cpu       ] GC(208) User=0.02s Sys=0.00s Real=0.00s
[554.970s][info ][safepoint    ] Leaving safepoint region
[554.970s][info ][safepoint    ] Total time for which application threads were stopped: 0.0053575 seconds, Stopping threads took: 0.0000286 seconds
[555.971s][info ][safepoint    ] Application time: 1.0000976 seconds
[555.971s][info ][safepoint    ] Entering safepoint region: Cleanup
[555.971s][info ][safepoint    ] Leaving safepoint region
[555.971s][info ][safepoint    ] Total time for which application threads were stopped: 0.0000718 seconds, Stopping threads took: 0.0000151 seconds
[559.611s][info ][safepoint    ] Application time: 3.6404708 seconds
[559.611s][info ][safepoint    ] Entering safepoint region: GenCollectForAllocation
[559.611s][info ][gc,start     ] GC(209) Pause Young (Allocation Failure)
[559.611s][info ][gc,task      ] GC(209) Using 4 workers of 4 for evacuation
[559.614s][debug][gc,ref       ] GC(209) Skipped phase1 of Reference Processing due to unavailable references
[559.614s][debug][gc,ref       ] GC(209) Skipped phase2 of Reference Processing due to unavailable references
[559.614s][debug][gc,ref       ] GC(209) Skipped phase3 of Reference Processing due to unavailable references
[559.614s][debug][gc,ref       ] GC(209) Skipped phase4 of Reference Processing due to unavailable references
[559.614s][debug][gc,age       ] GC(209) Desired survivor size 15368192 bytes, new threshold 6 (max threshold 6)
[559.614s][info ][gc,heap      ] GC(209) ParNew: 241941K->1684K(270336K)
[559.614s][info ][gc,heap      ] GC(209) CMS: 250704K->250914K(600768K)
[559.614s][info ][gc,metaspace ] GC(209) Metaspace: 57083K->57083K(1101824K)
[559.614s][info ][gc           ] GC(209) Pause Young (Allocation Failure) 481M->246M(850M) 2.673ms
[559.614s][info ][gc,cpu       ] GC(209) User=0.00s Sys=0.00s Real=0.01s
[559.614s][info ][safepoint    ] Leaving safepoint region
[559.614s][info ][safepoint    ] Total time for which application threads were stopped: 0.0028154 seconds, Stopping threads took: 0.0000164 seconds
[561.614s][info ][safepoint    ] Application time: 2.0001913 seconds
[561.614s][info ][safepoint    ] Entering safepoint region: Cleanup
[561.614s][info ][safepoint    ] Leaving safepoint region
[561.614s][info ][safepoint    ] Total time for which application threads were stopped: 0.0001293 seconds, Stopping threads took: 0.0000643 seconds
[563.614s][info ][safepoint    ] Application time: 2.0001542 seconds
[563.615s][info ][safepoint    ] Entering safepoint region: Cleanup
[563.615s][info ][safepoint    ] Leaving safepoint region
[563.615s][info ][safepoint    ] Total time for which application threads were stopped: 0.0002271 seconds, Stopping threads took: 0.0001621 seconds
[564.214s][info ][safepoint    ] Application time: 0.5993527 seconds
[564.214s][info ][safepoint    ] Entering safepoint region: GenCollectForAllocation
[564.214s][info ][gc,start     ] GC(210) Pause Young (Allocation Failure)
[564.214s][info ][gc,task      ] GC(210) Using 4 workers of 4 for evacuation
[564.217s][debug][gc,ref       ] GC(210) Skipped phase1 of Reference Processing due to unavailable references
[564.217s][debug][gc,ref       ] GC(210) Skipped phase2 of Reference Processing due to unavailable references
[564.217s][debug][gc,ref       ] GC(210) Skipped phase3 of Reference Processing due to unavailable references
[564.217s][debug][gc,ref       ] GC(210) Skipped phase4 of Reference Processing due to unavailable references
[564.217s][debug][gc,age       ] GC(210) Desired survivor size 15368192 bytes, new threshold 6 (max threshold 6)
[564.217s][info ][gc,heap      ] GC(210) ParNew: 242004K->1559K(270336K)
[564.217s][info ][gc,heap      ] GC(210) CMS: 250914K->250964K(600768K)
[564.217s][info ][gc,metaspace ] GC(210) Metaspace: 57083K->57083K(1101824K)
[564.217s][info ][gc           ] GC(210) Pause Young (Allocation Failure) 481M->246M(850M) 2.623ms
[564.217s][info ][gc,cpu       ] GC(210) User=0.01s Sys=0.00s Real=0.00s
[564.217s][info ][safepoint    ] Leaving safepoint region
[564.217s][info ][safepoint    ] Total time for which application threads were stopped: 0.0027760 seconds, Stopping threads took: 0.0000133 seconds
[565.217s][info ][safepoint    ] Application time: 1.0000889 seconds
[565.217s][info ][safepoint    ] Entering safepoint region: Cleanup
[565.217s][info ][safepoint    ] Leaving safepoint region
[565.217s][info ][safepoint    ] Total time for which application threads were stopped: 0.0000794 seconds, Stopping threads took: 0.0000148 seconds
[568.709s][info ][safepoint    ] Application time: 3.4918384 seconds
[568.709s][info ][safepoint    ] Entering safepoint region: GenCollectForAllocation
[568.709s][info ][gc,start     ] GC(211) Pause Young (Allocation Failure)
[568.709s][info ][gc,task      ] GC(211) Using 4 workers of 4 for evacuation
[568.712s][debug][gc,ref       ] GC(211) Skipped phase1 of Reference Processing due to unavailable references
[568.712s][debug][gc,ref       ] GC(211) Skipped phase2 of Reference Processing due to unavailable references
[568.712s][debug][gc,ref       ] GC(211) Skipped phase3 of Reference Processing due to unavailable references
[568.712s][debug][gc,ref       ] GC(211) Skipped phase4 of Reference Processing due to unavailable references
[568.712s][debug][gc,age       ] GC(211) Desired survivor size 15368192 bytes, new threshold 6 (max threshold 6)
[568.712s][info ][gc,heap      ] GC(211) ParNew: 241879K->1462K(270336K)
[568.712s][info ][gc,heap      ] GC(211) CMS: 250964K->251189K(600768K)
[568.712s][info ][gc,metaspace ] GC(211) Metaspace: 57084K->57084K(1101824K)
[568.712s][info ][gc           ] GC(211) Pause Young (Allocation Failure) 481M->246M(850M) 2.705ms
[568.712s][info ][gc,cpu       ] GC(211) User=0.01s Sys=0.00s Real=0.00s
[568.712s][info ][safepoint    ] Leaving safepoint region
[568.712s][info ][safepoint    ] Total time for which application threads were stopped: 0.0028447 seconds, Stopping threads took: 0.0000155 seconds
[573.312s][info ][safepoint    ] Application time: 4.6004669 seconds
[573.312s][info ][safepoint    ] Entering safepoint region: GenCollectForAllocation
[573.312s][info ][gc,start     ] GC(212) Pause Young (Allocation Failure)
[573.312s][info ][gc,task      ] GC(212) Using 4 workers of 4 for evacuation
[573.315s][debug][gc,ref       ] GC(212) Skipped phase1 of Reference Processing due to unavailable references
[573.315s][debug][gc,ref       ] GC(212) Skipped phase2 of Reference Processing due to unavailable references
[573.315s][debug][gc,ref       ] GC(212) Skipped phase3 of Reference Processing due to unavailable references
[573.315s][debug][gc,ref       ] GC(212) Skipped phase4 of Reference Processing due to unavailable references
[573.315s][debug][gc,age       ] GC(212) Desired survivor size 15368192 bytes, new threshold 6 (max threshold 6)
[573.315s][info ][gc,heap      ] GC(212) ParNew: 241782K->1555K(270336K)
[573.315s][info ][gc,heap      ] GC(212) CMS: 251189K->251291K(600768K)
[573.315s][info ][gc,metaspace ] GC(212) Metaspace: 57085K->57085K(1101824K)
[573.315s][info ][gc           ] GC(212) Pause Young (Allocation Failure) 481M->246M(850M) 2.497ms
[573.315s][info ][gc,cpu       ] GC(212) User=0.01s Sys=0.00s Real=0.00s
[573.315s][info ][safepoint    ] Leaving safepoint region
[573.315s][info ][safepoint    ] Total time for which application threads were stopped: 0.0026589 seconds, Stopping threads took: 0.0000287 seconds
[576.315s][info ][safepoint    ] Application time: 3.0002568 seconds
[576.315s][info ][safepoint    ] Entering safepoint region: Cleanup
[576.315s][info ][safepoint    ] Leaving safepoint region
[576.315s][info ][safepoint    ] Total time for which application threads were stopped: 0.0000972 seconds, Stopping threads took: 0.0000263 seconds
[578.016s][info ][safepoint    ] Application time: 1.7005060 seconds
[578.016s][info ][safepoint    ] Entering safepoint region: GenCollectForAllocation
[578.016s][info ][gc,start     ] GC(213) Pause Young (Allocation Failure)
[578.016s][info ][gc,task      ] GC(213) Using 4 workers of 4 for evacuation
[578.018s][debug][gc,ref       ] GC(213) Skipped phase1 of Reference Processing due to unavailable references
[578.018s][debug][gc,ref       ] GC(213) Skipped phase2 of Reference Processing due to unavailable references
[578.018s][debug][gc,ref       ] GC(213) Skipped phase3 of Reference Processing due to unavailable references
[578.018s][debug][gc,ref       ] GC(213) Skipped phase4 of Reference Processing due to unavailable references
[578.019s][debug][gc,age       ] GC(213) Desired survivor size 15368192 bytes, new threshold 6 (max threshold 6)
[578.019s][info ][gc,heap      ] GC(213) ParNew: 241875K->1466K(270336K)
[578.019s][info ][gc,heap      ] GC(213) CMS: 251291K->251362K(600768K)
[578.019s][info ][gc,metaspace ] GC(213) Metaspace: 57085K->57085K(1101824K)
[578.019s][info ][gc           ] GC(213) Pause Young (Allocation Failure) 481M->246M(850M) 2.559ms
[578.019s][info ][gc,cpu       ] GC(213) User=0.00s Sys=0.01s Real=0.00s
[578.019s][info ][safepoint    ] Leaving safepoint region
[578.019s][info ][safepoint    ] Total time for which application threads were stopped: 0.0027071 seconds, Stopping threads took: 0.0000163 seconds
[580.019s][info ][safepoint    ] Application time: 2.0002743 seconds
[580.019s][info ][safepoint    ] Entering safepoint region: Cleanup
[580.019s][info ][safepoint    ] Leaving safepoint region
[580.019s][info ][safepoint    ] Total time for which application threads were stopped: 0.0000760 seconds, Stopping threads took: 0.0000156 seconds
[582.659s][info ][safepoint    ] Application time: 2.6399558 seconds
[582.659s][info ][safepoint    ] Entering safepoint region: GenCollectForAllocation
[582.659s][info ][gc,start     ] GC(214) Pause Young (Allocation Failure)
[582.659s][info ][gc,task      ] GC(214) Using 4 workers of 4 for evacuation
[582.662s][debug][gc,ref       ] GC(214) Skipped phase1 of Reference Processing due to unavailable references
[582.662s][debug][gc,ref       ] GC(214) Skipped phase2 of Reference Processing due to unavailable references
[582.662s][debug][gc,ref       ] GC(214) Skipped phase3 of Reference Processing due to unavailable references
[582.662s][debug][gc,ref       ] GC(214) Skipped phase4 of Reference Processing due to unavailable references
[582.662s][debug][gc,age       ] GC(214) Desired survivor size 15368192 bytes, new threshold 6 (max threshold 6)
[582.662s][info ][gc,heap      ] GC(214) ParNew: 241786K->1554K(270336K)
[582.662s][info ][gc,heap      ] GC(214) CMS: 251362K->251481K(600768K)
[582.662s][info ][gc,metaspace ] GC(214) Metaspace: 57085K->57085K(1101824K)
[582.662s][info ][gc           ] GC(214) Pause Young (Allocation Failure) 481M->247M(850M) 2.708ms
[582.662s][info ][gc,cpu       ] GC(214) User=0.01s Sys=0.00s Real=0.00s
[582.662s][info ][safepoint    ] Leaving safepoint region
[582.662s][info ][safepoint    ] Total time for which application threads were stopped: 0.0028479 seconds, Stopping threads took: 0.0000171 seconds
[584.662s][info ][safepoint    ] Application time: 2.0002148 seconds
[584.662s][info ][safepoint    ] Entering safepoint region: Cleanup
[584.662s][info ][safepoint    ] Leaving safepoint region
[584.662s][info ][safepoint    ] Total time for which application threads were stopped: 0.0001435 seconds, Stopping threads took: 0.0000706 seconds
[585.662s][info ][safepoint    ] Application time: 1.0001618 seconds
[585.663s][info ][safepoint    ] Entering safepoint region: Cleanup
[585.663s][info ][safepoint    ] Leaving safepoint region
[585.663s][info ][safepoint    ] Total time for which application threads were stopped: 0.0001637 seconds, Stopping threads took: 0.0000798 seconds
[587.310s][info ][safepoint    ] Application time: 1.6473132 seconds
[587.310s][info ][safepoint    ] Entering safepoint region: GenCollectForAllocation
[587.310s][info ][gc,start     ] GC(215) Pause Young (Allocation Failure)
[587.310s][info ][gc,task      ] GC(215) Using 4 workers of 4 for evacuation
[587.312s][debug][gc,ref       ] GC(215) Skipped phase1 of Reference Processing due to unavailable references
[587.312s][debug][gc,ref       ] GC(215) Skipped phase2 of Reference Processing due to unavailable references
[587.312s][debug][gc,ref       ] GC(215) Skipped phase3 of Reference Processing due to unavailable references
[587.312s][debug][gc,ref       ] GC(215) Skipped phase4 of Reference Processing due to unavailable references
[587.312s][debug][gc,age       ] GC(215) Desired survivor size 15368192 bytes, new threshold 6 (max threshold 6)
[587.313s][info ][gc,heap      ] GC(215) ParNew: 241874K->1637K(270336K)
[587.313s][info ][gc,heap      ] GC(215) CMS: 251481K->251510K(600768K)
[587.313s][info ][gc,metaspace ] GC(215) Metaspace: 57087K->57087K(1101824K)
[587.313s][info ][gc           ] GC(215) Pause Young (Allocation Failure) 481M->247M(850M) 2.422ms
[587.313s][info ][gc,cpu       ] GC(215) User=0.01s Sys=0.00s Real=0.01s
[587.313s][info ][safepoint    ] Leaving safepoint region
[587.313s][info ][safepoint    ] Total time for which application threads were stopped: 0.0025806 seconds, Stopping threads took: 0.0000135 seconds
[590.313s][info ][safepoint    ] Application time: 3.0003039 seconds
[590.313s][info ][safepoint    ] Entering safepoint region: Cleanup
[590.313s][info ][safepoint    ] Leaving safepoint region
[590.313s][info ][safepoint    ] Total time for which application threads were stopped: 0.0001284 seconds, Stopping threads took: 0.0000550 seconds
[592.010s][info ][safepoint    ] Application time: 1.6965751 seconds
[592.010s][info ][safepoint    ] Entering safepoint region: GenCollectForAllocation
[592.010s][info ][gc,start     ] GC(216) Pause Young (Allocation Failure)
[592.010s][info ][gc,task      ] GC(216) Using 4 workers of 4 for evacuation
[592.012s][debug][gc,ref       ] GC(216) Skipped phase1 of Reference Processing due to unavailable references
[592.012s][debug][gc,ref       ] GC(216) Skipped phase2 of Reference Processing due to unavailable references
[592.012s][debug][gc,ref       ] GC(216) Skipped phase3 of Reference Processing due to unavailable references
[592.012s][debug][gc,ref       ] GC(216) Skipped phase4 of Reference Processing due to unavailable references
[592.013s][debug][gc,age       ] GC(216) Desired survivor size 15368192 bytes, new threshold 6 (max threshold 6)
[592.013s][info ][gc,heap      ] GC(216) ParNew: 241957K->1640K(270336K)
[592.013s][info ][gc,heap      ] GC(216) CMS: 251510K->251649K(600768K)
[592.013s][info ][gc,metaspace ] GC(216) Metaspace: 57087K->57087K(1101824K)
[592.013s][info ][gc           ] GC(216) Pause Young (Allocation Failure) 481M->247M(850M) 2.778ms
[592.013s][info ][gc,cpu       ] GC(216) User=0.01s Sys=0.00s Real=0.01s
[592.013s][info ][safepoint    ] Leaving safepoint region
[592.013s][info ][safepoint    ] Total time for which application threads were stopped: 0.0030295 seconds, Stopping threads took: 0.0001270 seconds
[594.314s][info ][safepoint    ] Application time: 2.3014841 seconds
[594.314s][info ][safepoint    ] Entering safepoint region: Deoptimize
[594.316s][info ][safepoint    ] Leaving safepoint region
[594.316s][info ][safepoint    ] Total time for which application threads were stopped: 0.0016244 seconds, Stopping threads took: 0.0000156 seconds
[596.409s][info ][safepoint    ] Application time: 2.0927740 seconds
[596.409s][info ][safepoint    ] Entering safepoint region: GenCollectForAllocation
[596.409s][info ][gc,start     ] GC(217) Pause Young (Allocation Failure)
[596.409s][info ][gc,task      ] GC(217) Using 4 workers of 4 for evacuation
[596.411s][debug][gc,ref       ] GC(217) Skipped phase1 of Reference Processing due to unavailable references
[596.411s][debug][gc,ref       ] GC(217) Skipped phase3 of Reference Processing due to unavailable references
[596.412s][debug][gc,age       ] GC(217) Desired survivor size 15368192 bytes, new threshold 6 (max threshold 6)
[596.412s][info ][gc,heap      ] GC(217) ParNew: 241960K->1569K(270336K)
[596.412s][info ][gc,heap      ] GC(217) CMS: 251649K->251771K(600768K)
[596.412s][info ][gc,metaspace ] GC(217) Metaspace: 57096K->57096K(1101824K)
[596.412s][info ][gc           ] GC(217) Pause Young (Allocation Failure) 482M->247M(850M) 2.799ms
[596.412s][info ][gc,cpu       ] GC(217) User=0.01s Sys=0.00s Real=0.00s
[596.412s][info ][safepoint    ] Leaving safepoint region
[596.412s][info ][safepoint    ] Total time for which application threads were stopped: 0.0029898 seconds, Stopping threads took: 0.0000603 seconds
[598.412s][info ][safepoint    ] Application time: 2.0001792 seconds
[598.412s][info ][safepoint    ] Entering safepoint region: Cleanup
[598.412s][info ][safepoint    ] Leaving safepoint region
[598.412s][info ][safepoint    ] Total time for which application threads were stopped: 0.0001602 seconds, Stopping threads took: 0.0000930 seconds
[600.959s][info ][safepoint    ] Application time: 2.5465395 seconds
[600.959s][info ][safepoint    ] Entering safepoint region: GenCollectForAllocation
[600.959s][info ][gc,start     ] GC(218) Pause Young (Allocation Failure)
[600.959s][info ][gc,task      ] GC(218) Using 4 workers of 4 for evacuation
[600.961s][debug][gc,ref       ] GC(218) Skipped phase1 of Reference Processing due to unavailable references
[600.961s][debug][gc,ref       ] GC(218) Skipped phase2 of Reference Processing due to unavailable references
[600.961s][debug][gc,ref       ] GC(218) Skipped phase3 of Reference Processing due to unavailable references
[600.961s][debug][gc,ref       ] GC(218) Skipped phase4 of Reference Processing due to unavailable references
[600.961s][debug][gc,age       ] GC(218) Desired survivor size 15368192 bytes, new threshold 6 (max threshold 6)
[600.961s][info ][gc,heap      ] GC(218) ParNew: 241889K->1852K(270336K)
[600.961s][info ][gc,heap      ] GC(218) CMS: 251771K->251815K(600768K)
[600.961s][info ][gc,metaspace ] GC(218) Metaspace: 57096K->57096K(1101824K)
[600.961s][info ][gc           ] GC(218) Pause Young (Allocation Failure) 482M->247M(850M) 2.551ms
[600.961s][info ][gc,cpu       ] GC(218) User=0.01s Sys=0.00s Real=0.00s
[600.961s][info ][safepoint    ] Leaving safepoint region
[600.961s][info ][safepoint    ] Total time for which application threads were stopped: 0.0027449 seconds, Stopping threads took: 0.0000742 seconds
[601.961s][info ][safepoint    ] Application time: 1.0001017 seconds
[601.962s][info ][safepoint    ] Entering safepoint region: Cleanup
[601.962s][info ][safepoint    ] Leaving safepoint region
[601.962s][info ][safepoint    ] Total time for which application threads were stopped: 0.0002709 seconds, Stopping threads took: 0.0001858 seconds
[605.458s][info ][safepoint    ] Application time: 3.4961278 seconds
[605.458s][info ][safepoint    ] Entering safepoint region: GenCollectForAllocation
[605.458s][info ][gc,start     ] GC(219) Pause Young (Allocation Failure)
[605.458s][info ][gc,task      ] GC(219) Using 4 workers of 4 for evacuation
[605.461s][debug][gc,ref       ] GC(219) Skipped phase1 of Reference Processing due to unavailable references
[605.461s][debug][gc,ref       ] GC(219) Skipped phase2 of Reference Processing due to unavailable references
[605.461s][debug][gc,ref       ] GC(219) Skipped phase3 of Reference Processing due to unavailable references
[605.461s][debug][gc,ref       ] GC(219) Skipped phase4 of Reference Processing due to unavailable references
[605.461s][debug][gc,age       ] GC(219) Desired survivor size 15368192 bytes, new threshold 6 (max threshold 6)
[605.461s][info ][gc,heap      ] GC(219) ParNew: 242172K->1534K(270336K)
[605.461s][info ][gc,heap      ] GC(219) CMS: 251815K->252014K(600768K)
[605.461s][info ][gc,metaspace ] GC(219) Metaspace: 57099K->57099K(1101824K)
[605.461s][info ][gc           ] GC(219) Pause Young (Allocation Failure) 482M->247M(850M) 2.862ms
[605.461s][info ][gc,cpu       ] GC(219) User=0.01s Sys=0.00s Real=0.00s
[605.461s][info ][safepoint    ] Leaving safepoint region
[605.461s][info ][safepoint    ] Total time for which application threads were stopped: 0.0030134 seconds, Stopping threads took: 0.0000153 seconds
[610.112s][info ][safepoint    ] Application time: 4.6511930 seconds
[610.112s][info ][safepoint    ] Entering safepoint region: GenCollectForAllocation
[610.112s][info ][gc,start     ] GC(220) Pause Young (Allocation Failure)
[610.112s][info ][gc,task      ] GC(220) Using 4 workers of 4 for evacuation
[610.115s][debug][gc,ref       ] GC(220) Skipped phase1 of Reference Processing due to unavailable references
[610.115s][debug][gc,ref       ] GC(220) Skipped phase2 of Reference Processing due to unavailable references
[610.115s][debug][gc,ref       ] GC(220) Skipped phase3 of Reference Processing due to unavailable references
[610.115s][debug][gc,ref       ] GC(220) Skipped phase4 of Reference Processing due to unavailable references
[610.115s][debug][gc,age       ] GC(220) Desired survivor size 15368192 bytes, new threshold 6 (max threshold 6)
[610.115s][info ][gc,heap      ] GC(220) ParNew: 241854K->1637K(270336K)
[610.115s][info ][gc,heap      ] GC(220) CMS: 252014K->252062K(600768K)
[610.115s][info ][gc,metaspace ] GC(220) Metaspace: 57100K->57100K(1101824K)
[610.115s][info ][gc           ] GC(220) Pause Young (Allocation Failure) 482M->247M(850M) 2.465ms
[610.115s][info ][gc,cpu       ] GC(220) User=0.01s Sys=0.00s Real=0.00s
[610.115s][info ][safepoint    ] Leaving safepoint region
[610.115s][info ][safepoint    ] Total time for which application threads were stopped: 0.0026047 seconds, Stopping threads took: 0.0000149 seconds
[612.115s][info ][safepoint    ] Application time: 2.0001985 seconds
[612.115s][info ][safepoint    ] Entering safepoint region: Cleanup
[612.115s][info ][safepoint    ] Leaving safepoint region
[612.115s][info ][safepoint    ] Total time for which application threads were stopped: 0.0001936 seconds, Stopping threads took: 0.0000767 seconds
[613.115s][info ][safepoint    ] Application time: 1.0001340 seconds
[613.115s][info ][safepoint    ] Entering safepoint region: Cleanup
[613.116s][info ][safepoint    ] Leaving safepoint region
[613.116s][info ][safepoint    ] Total time for which application threads were stopped: 0.0001454 seconds, Stopping threads took: 0.0000570 seconds
[613.508s][info ][safepoint    ] Application time: 0.3929175 seconds
[613.509s][info ][safepoint    ] Entering safepoint region: GenCollectForAllocation
[613.509s][info ][gc,start     ] GC(221) Pause Young (Allocation Failure)
[613.509s][info ][gc,task      ] GC(221) Using 4 workers of 4 for evacuation
[613.511s][debug][gc,ref       ] GC(221) Skipped phase1 of Reference Processing due to unavailable references
[613.511s][debug][gc,ref       ] GC(221) Skipped phase2 of Reference Processing due to unavailable references
[613.511s][debug][gc,ref       ] GC(221) Skipped phase3 of Reference Processing due to unavailable references
[613.511s][debug][gc,ref       ] GC(221) Skipped phase4 of Reference Processing due to unavailable references
[613.512s][debug][gc,age       ] GC(221) Desired survivor size 15368192 bytes, new threshold 6 (max threshold 6)
[613.512s][info ][gc,heap      ] GC(221) ParNew: 241957K->1325K(270336K)
[613.512s][info ][gc,heap      ] GC(221) CMS: 252062K->252233K(600768K)
[613.512s][info ][gc,metaspace ] GC(221) Metaspace: 57127K->57127K(1101824K)
[613.512s][info ][gc           ] GC(221) Pause Young (Allocation Failure) 482M->247M(850M) 3.016ms
[613.512s][info ][gc,cpu       ] GC(221) User=0.01s Sys=0.01s Real=0.00s
[613.512s][info ][safepoint    ] Leaving safepoint region
[613.512s][info ][safepoint    ] Total time for which application threads were stopped: 0.0032053 seconds, Stopping threads took: 0.0000618 seconds
[616.512s][info ][safepoint    ] Application time: 3.0002489 seconds
[616.512s][info ][safepoint    ] Entering safepoint region: Cleanup
[616.512s][info ][safepoint    ] Leaving safepoint region
[616.512s][info ][safepoint    ] Total time for which application threads were stopped: 0.0001527 seconds, Stopping threads took: 0.0000661 seconds
[617.961s][info ][safepoint    ] Application time: 1.4490932 seconds
[617.961s][info ][safepoint    ] Entering safepoint region: GenCollectForAllocation
[617.961s][info ][gc,start     ] GC(222) Pause Young (Allocation Failure)
[617.961s][info ][gc,task      ] GC(222) Using 4 workers of 4 for evacuation
[617.965s][debug][gc,ref       ] GC(222) Skipped phase1 of Reference Processing due to unavailable references
[617.965s][debug][gc,ref       ] GC(222) Skipped phase2 of Reference Processing due to unavailable references
[617.965s][debug][gc,ref       ] GC(222) Skipped phase3 of Reference Processing due to unavailable references
[617.965s][debug][gc,ref       ] GC(222) Skipped phase4 of Reference Processing due to unavailable references
[617.965s][debug][gc,age       ] GC(222) Desired survivor size 15368192 bytes, new threshold 6 (max threshold 6)
[617.965s][info ][gc,heap      ] GC(222) ParNew: 241645K->1609K(270336K)
[617.965s][info ][gc,heap      ] GC(222) CMS: 252233K->252390K(600768K)
[617.965s][info ][gc,metaspace ] GC(222) Metaspace: 57127K->57127K(1101824K)
[617.965s][info ][gc           ] GC(222) Pause Young (Allocation Failure) 482M->248M(850M) 3.467ms
[617.965s][info ][gc,cpu       ] GC(222) User=0.01s Sys=0.00s Real=0.01s
[617.965s][info ][safepoint    ] Leaving safepoint region
[617.965s][info ][safepoint    ] Total time for which application threads were stopped: 0.0036555 seconds, Stopping threads took: 0.0000499 seconds
[621.966s][info ][safepoint    ] Application time: 4.0014410 seconds
[621.966s][info ][safepoint    ] Entering safepoint region: Cleanup
[621.967s][info ][safepoint    ] Leaving safepoint region
[621.967s][info ][safepoint    ] Total time for which application threads were stopped: 0.0001492 seconds, Stopping threads took: 0.0000564 seconds
[622.458s][info ][safepoint    ] Application time: 0.4919064 seconds
[622.459s][info ][safepoint    ] Entering safepoint region: GenCollectForAllocation
[622.459s][info ][gc,start     ] GC(223) Pause Young (Allocation Failure)
[622.459s][info ][gc,task      ] GC(223) Using 4 workers of 4 for evacuation
[622.461s][debug][gc,ref       ] GC(223) Skipped phase1 of Reference Processing due to unavailable references
[622.461s][debug][gc,ref       ] GC(223) Skipped phase2 of Reference Processing due to unavailable references
[622.461s][debug][gc,ref       ] GC(223) Skipped phase3 of Reference Processing due to unavailable references
[622.461s][debug][gc,ref       ] GC(223) Skipped phase4 of Reference Processing due to unavailable references
[622.462s][debug][gc,age       ] GC(223) Desired survivor size 15368192 bytes, new threshold 6 (max threshold 6)
[622.462s][info ][gc,heap      ] GC(223) ParNew: 241929K->1622K(270336K)
[622.462s][info ][gc,heap      ] GC(223) CMS: 252390K->252521K(600768K)
[622.462s][info ][gc,metaspace ] GC(223) Metaspace: 57139K->57139K(1101824K)
[622.462s][info ][gc           ] GC(223) Pause Young (Allocation Failure) 482M->248M(850M) 2.962ms
[622.462s][info ][gc,cpu       ] GC(223) User=0.01s Sys=0.00s Real=0.00s
[622.462s][info ][safepoint    ] Leaving safepoint region
[622.462s][info ][safepoint    ] Total time for which application threads were stopped: 0.0031571 seconds, Stopping threads took: 0.0000517 seconds
[624.462s][info ][safepoint    ] Application time: 2.0002315 seconds
[624.462s][info ][safepoint    ] Entering safepoint region: Cleanup
[624.462s][info ][safepoint    ] Leaving safepoint region
[624.462s][info ][safepoint    ] Total time for which application threads were stopped: 0.0001198 seconds, Stopping threads took: 0.0000493 seconds
[625.462s][info ][safepoint    ] Application time: 1.0001566 seconds
[625.462s][info ][safepoint    ] Entering safepoint region: Cleanup
[625.462s][info ][safepoint    ] Leaving safepoint region
[625.462s][info ][safepoint    ] Total time for which application threads were stopped: 0.0001284 seconds, Stopping threads took: 0.0000551 seconds
[626.462s][info ][safepoint    ] Application time: 1.0001062 seconds
[626.463s][info ][safepoint    ] Entering safepoint region: Cleanup
[626.463s][info ][safepoint    ] Leaving safepoint region
[626.463s][info ][safepoint    ] Total time for which application threads were stopped: 0.0002094 seconds, Stopping threads took: 0.0001326 seconds
[626.958s][info ][safepoint    ] Application time: 0.4955984 seconds
[626.958s][info ][safepoint    ] Entering safepoint region: GenCollectForAllocation
[626.959s][info ][gc,start     ] GC(224) Pause Young (Allocation Failure)
[626.959s][info ][gc,task      ] GC(224) Using 4 workers of 4 for evacuation
[626.961s][debug][gc,ref       ] GC(224) Skipped phase1 of Reference Processing due to unavailable references
[626.961s][debug][gc,ref       ] GC(224) Skipped phase2 of Reference Processing due to unavailable references
[626.961s][debug][gc,ref       ] GC(224) Skipped phase3 of Reference Processing due to unavailable references
[626.961s][debug][gc,ref       ] GC(224) Skipped phase4 of Reference Processing due to unavailable references
[626.962s][debug][gc,age       ] GC(224) Desired survivor size 15368192 bytes, new threshold 6 (max threshold 6)
[626.962s][info ][gc,heap      ] GC(224) ParNew: 241942K->1338K(270336K)
[626.962s][info ][gc,heap      ] GC(224) CMS: 252521K->252673K(600768K)
[626.962s][info ][gc,metaspace ] GC(224) Metaspace: 57141K->57141K(1101824K)
[626.962s][info ][gc           ] GC(224) Pause Young (Allocation Failure) 482M->248M(850M) 3.093ms
[626.962s][info ][gc,cpu       ] GC(224) User=0.01s Sys=0.00s Real=0.00s
[626.962s][info ][safepoint    ] Leaving safepoint region
[626.962s][info ][safepoint    ] Total time for which application threads were stopped: 0.0033307 seconds, Stopping threads took: 0.0001056 seconds
[631.408s][info ][safepoint    ] Application time: 4.4466256 seconds
[631.408s][info ][safepoint    ] Entering safepoint region: GenCollectForAllocation
[631.409s][info ][gc,start     ] GC(225) Pause Young (Allocation Failure)
[631.409s][info ][gc,task      ] GC(225) Using 4 workers of 4 for evacuation
[631.411s][debug][gc,ref       ] GC(225) Skipped phase1 of Reference Processing due to unavailable references
[631.411s][debug][gc,ref       ] GC(225) Skipped phase2 of Reference Processing due to unavailable references
[631.411s][debug][gc,ref       ] GC(225) Skipped phase3 of Reference Processing due to unavailable references
[631.411s][debug][gc,ref       ] GC(225) Skipped phase4 of Reference Processing due to unavailable references
[631.411s][debug][gc,age       ] GC(225) Desired survivor size 15368192 bytes, new threshold 6 (max threshold 6)
[631.411s][info ][gc,heap      ] GC(225) ParNew: 241658K->1678K(270336K)
[631.411s][info ][gc,heap      ] GC(225) CMS: 252673K->252722K(600768K)
[631.411s][info ][gc,metaspace ] GC(225) Metaspace: 57142K->57142K(1101824K)
[631.411s][info ][gc           ] GC(225) Pause Young (Allocation Failure) 482M->248M(850M) 2.718ms
[631.411s][info ][gc,cpu       ] GC(225) User=0.01s Sys=0.00s Real=0.00s
[631.411s][info ][safepoint    ] Leaving safepoint region
[631.411s][info ][safepoint    ] Total time for which application threads were stopped: 0.0029240 seconds, Stopping threads took: 0.0000762 seconds
[635.859s][info ][safepoint    ] Application time: 4.4481712 seconds
[635.860s][info ][safepoint    ] Entering safepoint region: GenCollectForAllocation
[635.860s][info ][gc,start     ] GC(226) Pause Young (Allocation Failure)
[635.860s][info ][gc,task      ] GC(226) Using 4 workers of 4 for evacuation
[635.862s][debug][gc,ref       ] GC(226) Skipped phase1 of Reference Processing due to unavailable references
[635.862s][debug][gc,ref       ] GC(226) Skipped phase2 of Reference Processing due to unavailable references
[635.862s][debug][gc,ref       ] GC(226) Skipped phase3 of Reference Processing due to unavailable references
[635.862s][debug][gc,ref       ] GC(226) Skipped phase4 of Reference Processing due to unavailable references
[635.862s][debug][gc,age       ] GC(226) Desired survivor size 15368192 bytes, new threshold 6 (max threshold 6)
[635.862s][info ][gc,heap      ] GC(226) ParNew: 241998K->1466K(270336K)
[635.862s][info ][gc,heap      ] GC(226) CMS: 252722K->252747K(600768K)
[635.862s][info ][gc,metaspace ] GC(226) Metaspace: 57143K->57143K(1101824K)
[635.862s][info ][gc           ] GC(226) Pause Young (Allocation Failure) 483M->248M(850M) 2.584ms
[635.862s][info ][gc,cpu       ] GC(226) User=0.01s Sys=0.00s Real=0.00s
[635.862s][info ][safepoint    ] Leaving safepoint region
[635.862s][info ][safepoint    ] Total time for which application threads were stopped: 0.0027513 seconds, Stopping threads took: 0.0000298 seconds
[640.563s][info ][safepoint    ] Application time: 4.7003550 seconds
[640.563s][info ][safepoint    ] Entering safepoint region: GenCollectForAllocation
[640.563s][info ][gc,start     ] GC(227) Pause Young (Allocation Failure)
[640.563s][info ][gc,task      ] GC(227) Using 4 workers of 4 for evacuation
[640.566s][debug][gc,ref       ] GC(227) Skipped phase1 of Reference Processing due to unavailable references
[640.566s][debug][gc,ref       ] GC(227) Skipped phase2 of Reference Processing due to unavailable references
[640.566s][debug][gc,ref       ] GC(227) Skipped phase3 of Reference Processing due to unavailable references
[640.566s][debug][gc,ref       ] GC(227) Skipped phase4 of Reference Processing due to unavailable references
[640.566s][debug][gc,age       ] GC(227) Desired survivor size 15368192 bytes, new threshold 6 (max threshold 6)
[640.566s][info ][gc,heap      ] GC(227) ParNew: 241786K->1038K(270336K)
[640.566s][info ][gc,heap      ] GC(227) CMS: 252747K->252972K(600768K)
[640.566s][info ][gc,metaspace ] GC(227) Metaspace: 57145K->57145K(1101824K)
[640.566s][info ][gc           ] GC(227) Pause Young (Allocation Failure) 482M->248M(850M) 3.035ms
[640.566s][info ][gc,cpu       ] GC(227) User=0.01s Sys=0.00s Real=0.01s
[640.566s][info ][safepoint    ] Leaving safepoint region
[640.566s][info ][safepoint    ] Total time for which application threads were stopped: 0.0032034 seconds, Stopping threads took: 0.0000442 seconds
[644.566s][info ][safepoint    ] Application time: 4.0004047 seconds
[644.566s][info ][safepoint    ] Entering safepoint region: Cleanup
[644.566s][info ][safepoint    ] Leaving safepoint region
[644.566s][info ][safepoint    ] Total time for which application threads were stopped: 0.0000743 seconds, Stopping threads took: 0.0000164 seconds
[645.358s][info ][safepoint    ] Application time: 0.7920820 seconds
[645.359s][info ][safepoint    ] Entering safepoint region: GenCollectForAllocation
[645.359s][info ][gc,start     ] GC(228) Pause Young (Allocation Failure)
[645.359s][info ][gc,task      ] GC(228) Using 4 workers of 4 for evacuation
[645.361s][debug][gc,ref       ] GC(228) Skipped phase1 of Reference Processing due to unavailable references
[645.361s][debug][gc,ref       ] GC(228) Skipped phase2 of Reference Processing due to unavailable references
[645.361s][debug][gc,ref       ] GC(228) Skipped phase3 of Reference Processing due to unavailable references
[645.361s][debug][gc,ref       ] GC(228) Skipped phase4 of Reference Processing due to unavailable references
[645.361s][debug][gc,age       ] GC(228) Desired survivor size 15368192 bytes, new threshold 6 (max threshold 6)
[645.361s][info ][gc,heap      ] GC(228) ParNew: 241358K->1160K(270336K)
[645.361s][info ][gc,heap      ] GC(228) CMS: 252972K->252992K(600768K)
[645.361s][info ][gc,metaspace ] GC(228) Metaspace: 57145K->57145K(1101824K)
[645.361s][info ][gc           ] GC(228) Pause Young (Allocation Failure) 482M->248M(850M) 2.369ms
[645.361s][info ][gc,cpu       ] GC(228) User=0.01s Sys=0.00s Real=0.00s
[645.361s][info ][safepoint    ] Leaving safepoint region
[645.361s][info ][safepoint    ] Total time for which application threads were stopped: 0.0025788 seconds, Stopping threads took: 0.0000784 seconds
[649.973s][info ][safepoint    ] Application time: 4.6123454 seconds
[649.973s][info ][safepoint    ] Entering safepoint region: GenCollectForAllocation
[649.974s][info ][gc,start     ] GC(229) Pause Young (Allocation Failure)
[649.974s][info ][gc,task      ] GC(229) Using 4 workers of 4 for evacuation
[649.976s][debug][gc,ref       ] GC(229) Skipped phase1 of Reference Processing due to unavailable references
[649.976s][debug][gc,ref       ] GC(229) Skipped phase2 of Reference Processing due to unavailable references
[649.976s][debug][gc,ref       ] GC(229) Skipped phase3 of Reference Processing due to unavailable references
[649.976s][debug][gc,ref       ] GC(229) Skipped phase4 of Reference Processing due to unavailable references
[649.976s][debug][gc,age       ] GC(229) Desired survivor size 15368192 bytes, new threshold 6 (max threshold 6)
[649.976s][info ][gc,heap      ] GC(229) ParNew: 241480K->1434K(270336K)
[649.976s][info ][gc,heap      ] GC(229) CMS: 252992K->253369K(600768K)
[649.976s][info ][gc,metaspace ] GC(229) Metaspace: 57145K->57145K(1101824K)
[649.977s][info ][gc           ] GC(229) Pause Young (Allocation Failure) 482M->248M(850M) 2.901ms
[649.977s][info ][gc,cpu       ] GC(229) User=0.00s Sys=0.01s Real=0.00s
[649.977s][info ][safepoint    ] Leaving safepoint region
[649.977s][info ][safepoint    ] Total time for which application threads were stopped: 0.0031003 seconds, Stopping threads took: 0.0000518 seconds
[654.708s][info ][safepoint    ] Application time: 4.7318986 seconds
[654.709s][info ][safepoint    ] Entering safepoint region: GenCollectForAllocation
[654.709s][info ][gc,start     ] GC(230) Pause Young (Allocation Failure)
[654.709s][info ][gc,task      ] GC(230) Using 4 workers of 4 for evacuation
[654.711s][debug][gc,ref       ] GC(230) Skipped phase1 of Reference Processing due to unavailable references
[654.711s][debug][gc,ref       ] GC(230) Skipped phase2 of Reference Processing due to unavailable references
[654.711s][debug][gc,ref       ] GC(230) Skipped phase3 of Reference Processing due to unavailable references
[654.711s][debug][gc,ref       ] GC(230) Skipped phase4 of Reference Processing due to unavailable references
[654.711s][debug][gc,age       ] GC(230) Desired survivor size 15368192 bytes, new threshold 6 (max threshold 6)
[654.711s][info ][gc,heap      ] GC(230) ParNew: 241754K->1438K(270336K)
[654.711s][info ][gc,heap      ] GC(230) CMS: 253369K->253477K(600768K)
[654.711s][info ][gc,metaspace ] GC(230) Metaspace: 57145K->57145K(1101824K)
[654.711s][info ][gc           ] GC(230) Pause Young (Allocation Failure) 483M->248M(850M) 2.495ms
[654.711s][info ][gc,cpu       ] GC(230) User=0.01s Sys=0.00s Real=0.00s
[654.711s][info ][safepoint    ] Leaving safepoint region
[654.711s][info ][safepoint    ] Total time for which application threads were stopped: 0.0026749 seconds, Stopping threads took: 0.0000477 seconds
[659.461s][info ][safepoint    ] Application time: 4.7501818 seconds
[659.461s][info ][safepoint    ] Entering safepoint region: GenCollectForAllocation
[659.462s][info ][gc,start     ] GC(231) Pause Young (Allocation Failure)
[659.462s][info ][gc,task      ] GC(231) Using 4 workers of 4 for evacuation
[659.464s][debug][gc,ref       ] GC(231) Skipped phase1 of Reference Processing due to unavailable references
[659.464s][debug][gc,ref       ] GC(231) Skipped phase2 of Reference Processing due to unavailable references
[659.464s][debug][gc,ref       ] GC(231) Skipped phase3 of Reference Processing due to unavailable references
[659.464s][debug][gc,ref       ] GC(231) Skipped phase4 of Reference Processing due to unavailable references
[659.464s][debug][gc,age       ] GC(231) Desired survivor size 15368192 bytes, new threshold 6 (max threshold 6)
[659.464s][info ][gc,heap      ] GC(231) ParNew: 241758K->1448K(270336K)
[659.464s][info ][gc,heap      ] GC(231) CMS: 253477K->253568K(600768K)
[659.464s][info ][gc,metaspace ] GC(231) Metaspace: 57145K->57145K(1101824K)
[659.464s][info ][gc           ] GC(231) Pause Young (Allocation Failure) 483M->249M(850M) 2.656ms
[659.464s][info ][gc,cpu       ] GC(231) User=0.01s Sys=0.00s Real=0.01s
[659.464s][info ][safepoint    ] Leaving safepoint region
[659.464s][info ][safepoint    ] Total time for which application threads were stopped: 0.0028755 seconds, Stopping threads took: 0.0000510 seconds
[664.160s][info ][safepoint    ] Application time: 4.6955978 seconds
[664.160s][info ][safepoint    ] Entering safepoint region: GenCollectForAllocation
[664.160s][info ][gc,start     ] GC(232) Pause Young (Allocation Failure)
[664.160s][info ][gc,task      ] GC(232) Using 4 workers of 4 for evacuation
[664.162s][debug][gc,ref       ] GC(232) Skipped phase1 of Reference Processing due to unavailable references
[664.162s][debug][gc,ref       ] GC(232) Skipped phase2 of Reference Processing due to unavailable references
[664.162s][debug][gc,ref       ] GC(232) Skipped phase3 of Reference Processing due to unavailable references
[664.162s][debug][gc,ref       ] GC(232) Skipped phase4 of Reference Processing due to unavailable references
[664.162s][debug][gc,age       ] GC(232) Desired survivor size 15368192 bytes, new threshold 6 (max threshold 6)
[664.163s][info ][gc,heap      ] GC(232) ParNew: 241768K->1731K(270336K)
[664.163s][info ][gc,heap      ] GC(232) CMS: 253568K->253573K(600768K)
[664.163s][info ][gc,metaspace ] GC(232) Metaspace: 57146K->57146K(1101824K)
[664.163s][info ][gc           ] GC(232) Pause Young (Allocation Failure) 483M->249M(850M) 2.493ms
[664.163s][info ][gc,cpu       ] GC(232) User=0.00s Sys=0.01s Real=0.00s
[664.163s][info ][safepoint    ] Leaving safepoint region
[664.163s][info ][safepoint    ] Total time for which application threads were stopped: 0.0026890 seconds, Stopping threads took: 0.0000720 seconds
[665.163s][info ][safepoint    ] Application time: 1.0001162 seconds
[665.163s][info ][safepoint    ] Entering safepoint region: Cleanup
[665.163s][info ][safepoint    ] Leaving safepoint region
[665.163s][info ][safepoint    ] Total time for which application threads were stopped: 0.0001680 seconds, Stopping threads took: 0.0000907 seconds
[666.163s][info ][safepoint    ] Application time: 1.0001033 seconds
[666.163s][info ][safepoint    ] Entering safepoint region: Cleanup
[666.163s][info ][safepoint    ] Leaving safepoint region
[666.163s][info ][safepoint    ] Total time for which application threads were stopped: 0.0001367 seconds, Stopping threads took: 0.0000734 seconds
[667.163s][info ][safepoint    ] Application time: 1.0000983 seconds
[667.163s][info ][safepoint    ] Entering safepoint region: Cleanup
[667.163s][info ][safepoint    ] Leaving safepoint region
[667.163s][info ][safepoint    ] Total time for which application threads were stopped: 0.0001472 seconds, Stopping threads took: 0.0000691 seconds
[668.563s][info ][safepoint    ] Application time: 1.3997161 seconds
[668.563s][info ][safepoint    ] Entering safepoint region: GenCollectForAllocation
[668.563s][info ][gc,start     ] GC(233) Pause Young (Allocation Failure)
[668.563s][info ][gc,task      ] GC(233) Using 4 workers of 4 for evacuation
[668.566s][debug][gc,ref       ] GC(233) Skipped phase1 of Reference Processing due to unavailable references
[668.566s][debug][gc,ref       ] GC(233) Skipped phase2 of Reference Processing due to unavailable references
[668.566s][debug][gc,ref       ] GC(233) Skipped phase3 of Reference Processing due to unavailable references
[668.566s][debug][gc,ref       ] GC(233) Skipped phase4 of Reference Processing due to unavailable references
[668.566s][debug][gc,age       ] GC(233) Desired survivor size 15368192 bytes, new threshold 6 (max threshold 6)
[668.566s][info ][gc,heap      ] GC(233) ParNew: 242051K->1816K(270336K)
[668.566s][info ][gc,heap      ] GC(233) CMS: 253573K->253679K(600768K)
[668.566s][info ][gc,metaspace ] GC(233) Metaspace: 57149K->57149K(1101824K)
[668.566s][info ][gc           ] GC(233) Pause Young (Allocation Failure) 484M->249M(850M) 2.864ms
[668.566s][info ][gc,cpu       ] GC(233) User=0.01s Sys=0.00s Real=0.01s
[668.566s][info ][safepoint    ] Leaving safepoint region
[668.566s][info ][safepoint    ] Total time for which application threads were stopped: 0.0030246 seconds, Stopping threads took: 0.0000160 seconds
[673.162s][info ][safepoint    ] Application time: 4.5956544 seconds
[673.162s][info ][safepoint    ] Entering safepoint region: GenCollectForAllocation
[673.162s][info ][gc,start     ] GC(234) Pause Young (Allocation Failure)
[673.162s][info ][gc,task      ] GC(234) Using 4 workers of 4 for evacuation
[673.165s][debug][gc,ref       ] GC(234) Skipped phase1 of Reference Processing due to unavailable references
[673.165s][debug][gc,ref       ] GC(234) Skipped phase2 of Reference Processing due to unavailable references
[673.165s][debug][gc,ref       ] GC(234) Skipped phase3 of Reference Processing due to unavailable references
[673.165s][debug][gc,ref       ] GC(234) Skipped phase4 of Reference Processing due to unavailable references
[673.165s][debug][gc,age       ] GC(234) Desired survivor size 15368192 bytes, new threshold 6 (max threshold 6)
[673.165s][info ][gc,heap      ] GC(234) ParNew: 242136K->1916K(270336K)
[673.165s][info ][gc,heap      ] GC(234) CMS: 253679K->253794K(600768K)
[673.165s][info ][gc,metaspace ] GC(234) Metaspace: 57153K->57153K(1101824K)
[673.165s][info ][gc           ] GC(234) Pause Young (Allocation Failure) 484M->249M(850M) 2.902ms
[673.165s][info ][gc,cpu       ] GC(234) User=0.01s Sys=0.00s Real=0.01s
[673.165s][info ][safepoint    ] Leaving safepoint region
[673.165s][info ][safepoint    ] Total time for which application threads were stopped: 0.0030589 seconds, Stopping threads took: 0.0000155 seconds
[676.165s][info ][safepoint    ] Application time: 3.0002549 seconds
[676.165s][info ][safepoint    ] Entering safepoint region: Cleanup
[676.165s][info ][safepoint    ] Leaving safepoint region
[676.165s][info ][safepoint    ] Total time for which application threads were stopped: 0.0001320 seconds, Stopping threads took: 0.0000598 seconds
[677.909s][info ][safepoint    ] Application time: 1.7431468 seconds
[677.909s][info ][safepoint    ] Entering safepoint region: GenCollectForAllocation
[677.909s][info ][gc,start     ] GC(235) Pause Young (Allocation Failure)
[677.909s][info ][gc,task      ] GC(235) Using 4 workers of 4 for evacuation
[677.912s][debug][gc,ref       ] GC(235) Skipped phase1 of Reference Processing due to unavailable references
[677.912s][debug][gc,ref       ] GC(235) Skipped phase2 of Reference Processing due to unavailable references
[677.912s][debug][gc,ref       ] GC(235) Skipped phase3 of Reference Processing due to unavailable references
[677.912s][debug][gc,ref       ] GC(235) Skipped phase4 of Reference Processing due to unavailable references
[677.912s][debug][gc,age       ] GC(235) Desired survivor size 15368192 bytes, new threshold 6 (max threshold 6)
[677.912s][info ][gc,heap      ] GC(235) ParNew: 242236K->1904K(270336K)
[677.912s][info ][gc,heap      ] GC(235) CMS: 253794K->254009K(600768K)
[677.912s][info ][gc,metaspace ] GC(235) Metaspace: 57154K->57154K(1101824K)
[677.912s][info ][gc           ] GC(235) Pause Young (Allocation Failure) 484M->249M(850M) 3.037ms
[677.912s][info ][gc,cpu       ] GC(235) User=0.01s Sys=0.00s Real=0.00s
[677.912s][info ][safepoint    ] Leaving safepoint region
[677.912s][info ][safepoint    ] Total time for which application threads were stopped: 0.0031763 seconds, Stopping threads took: 0.0000151 seconds
[680.912s][info ][safepoint    ] Application time: 3.0003464 seconds
[680.912s][info ][safepoint    ] Entering safepoint region: Cleanup
[680.912s][info ][safepoint    ] Leaving safepoint region
[680.912s][info ][safepoint    ] Total time for which application threads were stopped: 0.0001689 seconds, Stopping threads took: 0.0001027 seconds
[681.912s][info ][safepoint    ] Application time: 1.0001080 seconds
[681.913s][info ][safepoint    ] Entering safepoint region: Cleanup
[681.913s][info ][safepoint    ] Leaving safepoint region
[681.913s][info ][safepoint    ] Total time for which application threads were stopped: 0.0001424 seconds, Stopping threads took: 0.0000723 seconds
[682.659s][info ][safepoint    ] Application time: 0.7466276 seconds
[682.659s][info ][safepoint    ] Entering safepoint region: GenCollectForAllocation
[682.659s][info ][gc,start     ] GC(236) Pause Young (Allocation Failure)
[682.659s][info ][gc,task      ] GC(236) Using 4 workers of 4 for evacuation
[682.662s][debug][gc,ref       ] GC(236) Skipped phase1 of Reference Processing due to unavailable references
[682.662s][debug][gc,ref       ] GC(236) Skipped phase2 of Reference Processing due to unavailable references
[682.662s][debug][gc,ref       ] GC(236) Skipped phase3 of Reference Processing due to unavailable references
[682.662s][debug][gc,ref       ] GC(236) Skipped phase4 of Reference Processing due to unavailable references
[682.662s][debug][gc,age       ] GC(236) Desired survivor size 15368192 bytes, new threshold 6 (max threshold 6)
[682.662s][info ][gc,heap      ] GC(236) ParNew: 242224K->2346K(270336K)
[682.662s][info ][gc,heap      ] GC(236) CMS: 254009K->254104K(600768K)
[682.662s][info ][gc,metaspace ] GC(236) Metaspace: 57158K->57158K(1101824K)
[682.662s][info ][gc           ] GC(236) Pause Young (Allocation Failure) 484M->250M(850M) 2.804ms
[682.662s][info ][gc,cpu       ] GC(236) User=0.01s Sys=0.00s Real=0.00s
[682.662s][info ][safepoint    ] Leaving safepoint region
[682.662s][info ][safepoint    ] Total time for which application threads were stopped: 0.0029509 seconds, Stopping threads took: 0.0000172 seconds
[687.461s][info ][safepoint    ] Application time: 4.7991996 seconds
[687.461s][info ][safepoint    ] Entering safepoint region: GenCollectForAllocation
[687.462s][info ][gc,start     ] GC(237) Pause Young (Allocation Failure)
[687.462s][info ][gc,task      ] GC(237) Using 4 workers of 4 for evacuation
[687.464s][debug][gc,ref       ] GC(237) Skipped phase1 of Reference Processing due to unavailable references
[687.464s][debug][gc,ref       ] GC(237) Skipped phase2 of Reference Processing due to unavailable references
[687.464s][debug][gc,ref       ] GC(237) Skipped phase3 of Reference Processing due to unavailable references
[687.464s][debug][gc,ref       ] GC(237) Skipped phase4 of Reference Processing due to unavailable references
[687.464s][debug][gc,age       ] GC(237) Desired survivor size 15368192 bytes, new threshold 6 (max threshold 6)
[687.464s][info ][gc,heap      ] GC(237) ParNew: 242666K->1445K(270336K)
[687.464s][info ][gc,heap      ] GC(237) CMS: 254104K->254235K(600768K)
[687.464s][info ][gc,metaspace ] GC(237) Metaspace: 57159K->57159K(1101824K)
[687.464s][info ][gc           ] GC(237) Pause Young (Allocation Failure) 485M->249M(850M) 2.660ms
[687.464s][info ][gc,cpu       ] GC(237) User=0.01s Sys=0.00s Real=0.01s
[687.464s][info ][safepoint    ] Leaving safepoint region
[687.464s][info ][safepoint    ] Total time for which application threads were stopped: 0.0028068 seconds, Stopping threads took: 0.0000144 seconds
[691.465s][info ][safepoint    ] Application time: 4.0003707 seconds
[691.465s][info ][safepoint    ] Entering safepoint region: Cleanup
[691.465s][info ][safepoint    ] Leaving safepoint region
[691.465s][info ][safepoint    ] Total time for which application threads were stopped: 0.0001230 seconds, Stopping threads took: 0.0000509 seconds
[692.314s][info ][safepoint    ] Application time: 0.8489749 seconds
[692.314s][info ][safepoint    ] Entering safepoint region: GenCollectForAllocation
[692.314s][info ][gc,start     ] GC(238) Pause Young (Allocation Failure)
[692.314s][info ][gc,task      ] GC(238) Using 4 workers of 4 for evacuation
[692.316s][debug][gc,ref       ] GC(238) Skipped phase1 of Reference Processing due to unavailable references
[692.316s][debug][gc,ref       ] GC(238) Skipped phase2 of Reference Processing due to unavailable references
[692.316s][debug][gc,ref       ] GC(238) Skipped phase3 of Reference Processing due to unavailable references
[692.316s][debug][gc,ref       ] GC(238) Skipped phase4 of Reference Processing due to unavailable references
[692.317s][debug][gc,age       ] GC(238) Desired survivor size 15368192 bytes, new threshold 6 (max threshold 6)
[692.317s][info ][gc,heap      ] GC(238) ParNew: 241765K->1587K(270336K)
[692.317s][info ][gc,heap      ] GC(238) CMS: 254235K->254349K(600768K)
[692.317s][info ][gc,metaspace ] GC(238) Metaspace: 57159K->57159K(1101824K)
[692.317s][info ][gc           ] GC(238) Pause Young (Allocation Failure) 484M->249M(850M) 2.644ms
[692.317s][info ][gc,cpu       ] GC(238) User=0.01s Sys=0.00s Real=0.00s
[692.317s][info ][safepoint    ] Leaving safepoint region
[692.317s][info ][safepoint    ] Total time for which application threads were stopped: 0.0027965 seconds, Stopping threads took: 0.0000270 seconds
[693.317s][info ][safepoint    ] Application time: 1.0000999 seconds
[693.317s][info ][safepoint    ] Entering safepoint region: Cleanup
[693.317s][info ][safepoint    ] Leaving safepoint region
[693.317s][info ][safepoint    ] Total time for which application threads were stopped: 0.0000868 seconds, Stopping threads took: 0.0000177 seconds
[696.317s][info ][safepoint    ] Application time: 3.0002254 seconds
[696.317s][info ][safepoint    ] Entering safepoint region: Cleanup
[696.317s][info ][safepoint    ] Leaving safepoint region
[696.317s][info ][safepoint    ] Total time for which application threads were stopped: 0.0000669 seconds, Stopping threads took: 0.0000142 seconds
[696.915s][info ][safepoint    ] Application time: 0.5973686 seconds
[696.915s][info ][safepoint    ] Entering safepoint region: GenCollectForAllocation
[696.915s][info ][gc,start     ] GC(239) Pause Young (Allocation Failure)
[696.915s][info ][gc,task      ] GC(239) Using 4 workers of 4 for evacuation
[696.917s][debug][gc,ref       ] GC(239) Skipped phase1 of Reference Processing due to unavailable references
[696.917s][debug][gc,ref       ] GC(239) Skipped phase2 of Reference Processing due to unavailable references
[696.917s][debug][gc,ref       ] GC(239) Skipped phase3 of Reference Processing due to unavailable references
[696.917s][debug][gc,ref       ] GC(239) Skipped phase4 of Reference Processing due to unavailable references
[696.918s][debug][gc,age       ] GC(239) Desired survivor size 15368192 bytes, new threshold 6 (max threshold 6)
[696.918s][info ][gc,heap      ] GC(239) ParNew: 241907K->1375K(270336K)
[696.918s][info ][gc,heap      ] GC(239) CMS: 254349K->254506K(600768K)
[696.918s][info ][gc,metaspace ] GC(239) Metaspace: 57159K->57159K(1101824K)
[696.918s][info ][gc           ] GC(239) Pause Young (Allocation Failure) 484M->249M(850M) 2.967ms
[696.918s][info ][gc,cpu       ] GC(239) User=0.01s Sys=0.00s Real=0.00s
[696.918s][info ][safepoint    ] Leaving safepoint region
[696.918s][info ][safepoint    ] Total time for which application threads were stopped: 0.0031064 seconds, Stopping threads took: 0.0000162 seconds
[698.918s][info ][safepoint    ] Application time: 2.0002282 seconds
[698.918s][info ][safepoint    ] Entering safepoint region: Cleanup
[698.918s][info ][safepoint    ] Leaving safepoint region
[698.918s][info ][safepoint    ] Total time for which application threads were stopped: 0.0000701 seconds, Stopping threads took: 0.0000150 seconds
[699.918s][info ][safepoint    ] Application time: 1.0000910 seconds
[699.918s][info ][safepoint    ] Entering safepoint region: Cleanup
[699.918s][info ][safepoint    ] Leaving safepoint region
[699.918s][info ][safepoint    ] Total time for which application threads were stopped: 0.0000800 seconds, Stopping threads took: 0.0000165 seconds
[701.558s][info ][safepoint    ] Application time: 1.6401979 seconds
[701.558s][info ][safepoint    ] Entering safepoint region: GenCollectForAllocation
[701.559s][info ][gc,start     ] GC(240) Pause Young (Allocation Failure)
[701.559s][info ][gc,task      ] GC(240) Using 4 workers of 4 for evacuation
[701.561s][debug][gc,ref       ] GC(240) Skipped phase1 of Reference Processing due to unavailable references
[701.561s][debug][gc,ref       ] GC(240) Skipped phase2 of Reference Processing due to unavailable references
[701.561s][debug][gc,ref       ] GC(240) Skipped phase3 of Reference Processing due to unavailable references
[701.561s][debug][gc,ref       ] GC(240) Skipped phase4 of Reference Processing due to unavailable references
[701.561s][debug][gc,age       ] GC(240) Desired survivor size 15368192 bytes, new threshold 6 (max threshold 6)
[701.561s][info ][gc,heap      ] GC(240) ParNew: 241695K->1761K(270336K)
[701.561s][info ][gc,heap      ] GC(240) CMS: 254506K->254590K(600768K)
[701.561s][info ][gc,metaspace ] GC(240) Metaspace: 57161K->57161K(1101824K)
[701.561s][info ][gc           ] GC(240) Pause Young (Allocation Failure) 484M->250M(850M) 2.711ms
[701.561s][info ][gc,cpu       ] GC(240) User=0.01s Sys=0.00s Real=0.00s
[701.561s][info ][safepoint    ] Leaving safepoint region
[701.561s][info ][safepoint    ] Total time for which application threads were stopped: 0.0028939 seconds, Stopping threads took: 0.0000482 seconds
[702.562s][info ][safepoint    ] Application time: 1.0001767 seconds
[702.562s][info ][safepoint    ] Entering safepoint region: Cleanup
[702.562s][info ][safepoint    ] Leaving safepoint region
[702.562s][info ][safepoint    ] Total time for which application threads were stopped: 0.0001531 seconds, Stopping threads took: 0.0000833 seconds
[706.062s][info ][safepoint    ] Application time: 3.4998666 seconds
[706.062s][info ][safepoint    ] Entering safepoint region: GenCollectForAllocation
[706.062s][info ][gc,start     ] GC(241) Pause Young (Allocation Failure)
[706.062s][info ][gc,task      ] GC(241) Using 4 workers of 4 for evacuation
[706.064s][debug][gc,ref       ] GC(241) Skipped phase1 of Reference Processing due to unavailable references
[706.064s][debug][gc,ref       ] GC(241) Skipped phase2 of Reference Processing due to unavailable references
[706.064s][debug][gc,ref       ] GC(241) Skipped phase3 of Reference Processing due to unavailable references
[706.064s][debug][gc,ref       ] GC(241) Skipped phase4 of Reference Processing due to unavailable references
[706.064s][debug][gc,age       ] GC(241) Desired survivor size 15368192 bytes, new threshold 6 (max threshold 6)
[706.064s][info ][gc,heap      ] GC(241) ParNew: 242081K->1447K(270336K)
[706.064s][info ][gc,heap      ] GC(241) CMS: 254590K->254808K(600768K)
[706.064s][info ][gc,metaspace ] GC(241) Metaspace: 57161K->57161K(1101824K)
[706.064s][info ][gc           ] GC(241) Pause Young (Allocation Failure) 485M->250M(850M) 2.747ms
[706.064s][info ][gc,cpu       ] GC(241) User=0.01s Sys=0.00s Real=0.01s
[706.065s][info ][safepoint    ] Leaving safepoint region
[706.065s][info ][safepoint    ] Total time for which application threads were stopped: 0.0028814 seconds, Stopping threads took: 0.0000145 seconds
[708.065s][info ][safepoint    ] Application time: 2.0001901 seconds
[708.065s][info ][safepoint    ] Entering safepoint region: Cleanup
[708.065s][info ][safepoint    ] Leaving safepoint region
[708.065s][info ][safepoint    ] Total time for which application threads were stopped: 0.0001425 seconds, Stopping threads took: 0.0000790 seconds
[710.065s][info ][safepoint    ] Application time: 2.0002332 seconds
[710.065s][info ][safepoint    ] Entering safepoint region: Cleanup
[710.065s][info ][safepoint    ] Leaving safepoint region
[710.065s][info ][safepoint    ] Total time for which application threads were stopped: 0.0001547 seconds, Stopping threads took: 0.0000763 seconds
[710.613s][info ][safepoint    ] Application time: 0.5471923 seconds
[710.613s][info ][safepoint    ] Entering safepoint region: GenCollectForAllocation
[710.613s][info ][gc,start     ] GC(242) Pause Young (Allocation Failure)
[710.613s][info ][gc,task      ] GC(242) Using 4 workers of 4 for evacuation
[710.615s][debug][gc,ref       ] GC(242) Skipped phase1 of Reference Processing due to unavailable references
[710.615s][debug][gc,ref       ] GC(242) Skipped phase2 of Reference Processing due to unavailable references
[710.615s][debug][gc,ref       ] GC(242) Skipped phase3 of Reference Processing due to unavailable references
[710.615s][debug][gc,ref       ] GC(242) Skipped phase4 of Reference Processing due to unavailable references
[710.615s][debug][gc,age       ] GC(242) Desired survivor size 15368192 bytes, new threshold 6 (max threshold 6)
[710.615s][info ][gc,heap      ] GC(242) ParNew: 241767K->1522K(270336K)
[710.615s][info ][gc,heap      ] GC(242) CMS: 254808K->254940K(600768K)
[710.615s][info ][gc,metaspace ] GC(242) Metaspace: 57162K->57162K(1101824K)
[710.615s][info ][gc           ] GC(242) Pause Young (Allocation Failure) 484M->250M(850M) 2.465ms
[710.615s][info ][gc,cpu       ] GC(242) User=0.01s Sys=0.00s Real=0.00s
[710.615s][info ][safepoint    ] Leaving safepoint region
[710.615s][info ][safepoint    ] Total time for which application threads were stopped: 0.0026095 seconds, Stopping threads took: 0.0000164 seconds
[713.615s][info ][safepoint    ] Application time: 3.0003001 seconds
[713.616s][info ][safepoint    ] Entering safepoint region: Cleanup
[713.616s][info ][safepoint    ] Leaving safepoint region
[713.616s][info ][safepoint    ] Total time for which application threads were stopped: 0.0001479 seconds, Stopping threads took: 0.0000733 seconds
[714.616s][info ][safepoint    ] Application time: 1.0001018 seconds
[714.616s][info ][safepoint    ] Entering safepoint region: Cleanup
[714.616s][info ][safepoint    ] Leaving safepoint region
[714.616s][info ][safepoint    ] Total time for which application threads were stopped: 0.0001464 seconds, Stopping threads took: 0.0000691 seconds
[715.160s][info ][safepoint    ] Application time: 0.5436706 seconds
[715.160s][info ][safepoint    ] Entering safepoint region: GenCollectForAllocation
[715.160s][info ][gc,start     ] GC(243) Pause Young (Allocation Failure)
[715.160s][info ][gc,task      ] GC(243) Using 4 workers of 4 for evacuation
[715.162s][debug][gc,ref       ] GC(243) Skipped phase1 of Reference Processing due to unavailable references
[715.162s][debug][gc,ref       ] GC(243) Skipped phase2 of Reference Processing due to unavailable references
[715.162s][debug][gc,ref       ] GC(243) Skipped phase3 of Reference Processing due to unavailable references
[715.162s][debug][gc,ref       ] GC(243) Skipped phase4 of Reference Processing due to unavailable references
[715.162s][debug][gc,age       ] GC(243) Desired survivor size 15368192 bytes, new threshold 6 (max threshold 6)
[715.162s][info ][gc,heap      ] GC(243) ParNew: 241842K->1421K(270336K)
[715.162s][info ][gc,heap      ] GC(243) CMS: 254940K->255014K(600768K)
[715.162s][info ][gc,metaspace ] GC(243) Metaspace: 57163K->57163K(1101824K)
[715.162s][info ][gc           ] GC(243) Pause Young (Allocation Failure) 485M->250M(850M) 2.401ms
[715.162s][info ][gc,cpu       ] GC(243) User=0.01s Sys=0.00s Real=0.00s
[715.162s][info ][safepoint    ] Leaving safepoint region
[715.162s][info ][safepoint    ] Total time for which application threads were stopped: 0.0025770 seconds, Stopping threads took: 0.0000139 seconds
[716.162s][info ][safepoint    ] Application time: 1.0000737 seconds
[716.162s][info ][safepoint    ] Entering safepoint region: Cleanup
[716.162s][info ][safepoint    ] Leaving safepoint region
[716.162s][info ][safepoint    ] Total time for which application threads were stopped: 0.0001510 seconds, Stopping threads took: 0.0000781 seconds
[717.163s][info ][safepoint    ] Application time: 1.0000560 seconds
[717.163s][info ][safepoint    ] Entering safepoint region: Cleanup
[717.163s][info ][safepoint    ] Leaving safepoint region
[717.163s][info ][safepoint    ] Total time for which application threads were stopped: 0.0001798 seconds, Stopping threads took: 0.0000860 seconds
[718.163s][info ][safepoint    ] Application time: 1.0000743 seconds
[718.163s][info ][safepoint    ] Entering safepoint region: Cleanup
[718.163s][info ][safepoint    ] Leaving safepoint region
[718.163s][info ][safepoint    ] Total time for which application threads were stopped: 0.0001485 seconds, Stopping threads took: 0.0000687 seconds
[719.163s][info ][safepoint    ] Application time: 1.0000937 seconds
[719.163s][info ][safepoint    ] Entering safepoint region: Cleanup
[719.163s][info ][safepoint    ] Leaving safepoint region
[719.163s][info ][safepoint    ] Total time for which application threads were stopped: 0.0001426 seconds, Stopping threads took: 0.0000684 seconds
[719.611s][info ][safepoint    ] Application time: 0.4475021 seconds
[719.611s][info ][safepoint    ] Entering safepoint region: GenCollectForAllocation
[719.611s][info ][gc,start     ] GC(244) Pause Young (Allocation Failure)
[719.611s][info ][gc,task      ] GC(244) Using 4 workers of 4 for evacuation
[719.613s][debug][gc,ref       ] GC(244) Skipped phase1 of Reference Processing due to unavailable references
[719.613s][debug][gc,ref       ] GC(244) Skipped phase2 of Reference Processing due to unavailable references
[719.613s][debug][gc,ref       ] GC(244) Skipped phase3 of Reference Processing due to unavailable references
[719.613s][debug][gc,ref       ] GC(244) Skipped phase4 of Reference Processing due to unavailable references
[719.613s][debug][gc,age       ] GC(244) Desired survivor size 15368192 bytes, new threshold 6 (max threshold 6)
[719.613s][info ][gc,heap      ] GC(244) ParNew: 241741K->1417K(270336K)
[719.613s][info ][gc,heap      ] GC(244) CMS: 255014K->255156K(600768K)
[719.614s][info ][gc,metaspace ] GC(244) Metaspace: 57165K->57165K(1101824K)
[719.614s][info ][gc           ] GC(244) Pause Young (Allocation Failure) 485M->250M(850M) 2.527ms
[719.614s][info ][gc,cpu       ] GC(244) User=0.01s Sys=0.00s Real=0.01s
[719.614s][info ][safepoint    ] Leaving safepoint region
[719.614s][info ][safepoint    ] Total time for which application threads were stopped: 0.0027277 seconds, Stopping threads took: 0.0000603 seconds
[721.614s][info ][safepoint    ] Application time: 2.0001926 seconds
[721.614s][info ][safepoint    ] Entering safepoint region: Cleanup
[721.614s][info ][safepoint    ] Leaving safepoint region
[721.614s][info ][safepoint    ] Total time for which application threads were stopped: 0.0001403 seconds, Stopping threads took: 0.0000729 seconds
[724.015s][info ][safepoint    ] Application time: 2.4006854 seconds
[724.015s][info ][safepoint    ] Entering safepoint region: GenCollectForAllocation
[724.015s][info ][gc,start     ] GC(245) Pause Young (Allocation Failure)
[724.015s][info ][gc,task      ] GC(245) Using 4 workers of 4 for evacuation
[724.017s][debug][gc,ref       ] GC(245) Skipped phase1 of Reference Processing due to unavailable references
[724.017s][debug][gc,ref       ] GC(245) Skipped phase2 of Reference Processing due to unavailable references
[724.017s][debug][gc,ref       ] GC(245) Skipped phase3 of Reference Processing due to unavailable references
[724.017s][debug][gc,ref       ] GC(245) Skipped phase4 of Reference Processing due to unavailable references
[724.017s][debug][gc,age       ] GC(245) Desired survivor size 15368192 bytes, new threshold 6 (max threshold 6)
[724.017s][info ][gc,heap      ] GC(245) ParNew: 241737K->1290K(270336K)
[724.017s][info ][gc,heap      ] GC(245) CMS: 255156K->255191K(600768K)
[724.017s][info ][gc,metaspace ] GC(245) Metaspace: 57165K->57165K(1101824K)
[724.017s][info ][gc           ] GC(245) Pause Young (Allocation Failure) 485M->250M(850M) 2.517ms
[724.017s][info ][gc,cpu       ] GC(245) User=0.01s Sys=0.00s Real=0.00s
[724.017s][info ][safepoint    ] Leaving safepoint region
[724.017s][info ][safepoint    ] Total time for which application threads were stopped: 0.0026743 seconds, Stopping threads took: 0.0000145 seconds
[728.613s][info ][safepoint    ] Application time: 4.5959804 seconds
[728.613s][info ][safepoint    ] Entering safepoint region: GenCollectForAllocation
[728.613s][info ][gc,start     ] GC(246) Pause Young (Allocation Failure)
[728.613s][info ][gc,task      ] GC(246) Using 4 workers of 4 for evacuation
[728.616s][debug][gc,ref       ] GC(246) Skipped phase1 of Reference Processing due to unavailable references
[728.616s][debug][gc,ref       ] GC(246) Skipped phase2 of Reference Processing due to unavailable references
[728.616s][debug][gc,ref       ] GC(246) Skipped phase3 of Reference Processing due to unavailable references
[728.616s][debug][gc,ref       ] GC(246) Skipped phase4 of Reference Processing due to unavailable references
[728.616s][debug][gc,age       ] GC(246) Desired survivor size 15368192 bytes, new threshold 6 (max threshold 6)
[728.616s][info ][gc,heap      ] GC(246) ParNew: 241610K->1861K(270336K)
[728.616s][info ][gc,heap      ] GC(246) CMS: 255191K->255253K(600768K)
[728.616s][info ][gc,metaspace ] GC(246) Metaspace: 57167K->57167K(1101824K)
[728.616s][info ][gc           ] GC(246) Pause Young (Allocation Failure) 485M->251M(850M) 2.645ms
[728.616s][info ][gc,cpu       ] GC(246) User=0.01s Sys=0.00s Real=0.00s
[728.616s][info ][safepoint    ] Leaving safepoint region
[728.616s][info ][safepoint    ] Total time for which application threads were stopped: 0.0027957 seconds, Stopping threads took: 0.0000150 seconds
[729.616s][info ][safepoint    ] Application time: 1.0000573 seconds
[729.616s][info ][safepoint    ] Entering safepoint region: Cleanup
[729.616s][info ][safepoint    ] Leaving safepoint region
[729.616s][info ][safepoint    ] Total time for which application threads were stopped: 0.0000689 seconds, Stopping threads took: 0.0000144 seconds
[733.213s][info ][safepoint    ] Application time: 3.5964523 seconds
[733.213s][info ][safepoint    ] Entering safepoint region: GenCollectForAllocation
[733.213s][info ][gc,start     ] GC(247) Pause Young (Allocation Failure)
[733.213s][info ][gc,task      ] GC(247) Using 4 workers of 4 for evacuation
[733.215s][debug][gc,ref       ] GC(247) Skipped phase1 of Reference Processing due to unavailable references
[733.216s][debug][gc,ref       ] GC(247) Skipped phase2 of Reference Processing due to unavailable references
[733.216s][debug][gc,ref       ] GC(247) Skipped phase3 of Reference Processing due to unavailable references
[733.216s][debug][gc,ref       ] GC(247) Skipped phase4 of Reference Processing due to unavailable references
[733.216s][debug][gc,age       ] GC(247) Desired survivor size 15368192 bytes, new threshold 6 (max threshold 6)
[733.216s][info ][gc,heap      ] GC(247) ParNew: 242181K->1732K(270336K)
[733.216s][info ][gc,heap      ] GC(247) CMS: 255253K->255339K(600768K)
[733.216s][info ][gc,metaspace ] GC(247) Metaspace: 57167K->57167K(1101824K)
[733.216s][info ][gc           ] GC(247) Pause Young (Allocation Failure) 485M->251M(850M) 2.772ms
[733.216s][info ][gc,cpu       ] GC(247) User=0.01s Sys=0.00s Real=0.00s
[733.216s][info ][safepoint    ] Leaving safepoint region
[733.216s][info ][safepoint    ] Total time for which application threads were stopped: 0.0029253 seconds, Stopping threads took: 0.0000141 seconds
[737.613s][info ][safepoint    ] Application time: 4.3973087 seconds
[737.613s][info ][safepoint    ] Entering safepoint region: GenCollectForAllocation
[737.613s][info ][gc,start     ] GC(248) Pause Young (Allocation Failure)
[737.613s][info ][gc,task      ] GC(248) Using 4 workers of 4 for evacuation
[737.616s][debug][gc,ref       ] GC(248) Skipped phase1 of Reference Processing due to unavailable references
[737.616s][debug][gc,ref       ] GC(248) Skipped phase2 of Reference Processing due to unavailable references
[737.616s][debug][gc,ref       ] GC(248) Skipped phase3 of Reference Processing due to unavailable references
[737.616s][debug][gc,ref       ] GC(248) Skipped phase4 of Reference Processing due to unavailable references
[737.616s][debug][gc,age       ] GC(248) Desired survivor size 15368192 bytes, new threshold 6 (max threshold 6)
[737.616s][info ][gc,heap      ] GC(248) ParNew: 242052K->1826K(270336K)
[737.616s][info ][gc,heap      ] GC(248) CMS: 255339K->255455K(600768K)
[737.616s][info ][gc,metaspace ] GC(248) Metaspace: 57168K->57168K(1101824K)
[737.616s][info ][gc           ] GC(248) Pause Young (Allocation Failure) 485M->251M(850M) 2.944ms
[737.616s][info ][gc,cpu       ] GC(248) User=0.01s Sys=0.00s Real=0.00s
[737.616s][info ][safepoint    ] Leaving safepoint region
[737.616s][info ][safepoint    ] Total time for which application threads were stopped: 0.0031114 seconds, Stopping threads took: 0.0000140 seconds
[742.161s][info ][safepoint    ] Application time: 4.5444994 seconds
[742.161s][info ][safepoint    ] Entering safepoint region: GenCollectForAllocation
[742.161s][info ][gc,start     ] GC(249) Pause Young (Allocation Failure)
[742.161s][info ][gc,task      ] GC(249) Using 4 workers of 4 for evacuation
[742.163s][debug][gc,ref       ] GC(249) Skipped phase1 of Reference Processing due to unavailable references
[742.163s][debug][gc,ref       ] GC(249) Skipped phase2 of Reference Processing due to unavailable references
[742.163s][debug][gc,ref       ] GC(249) Skipped phase3 of Reference Processing due to unavailable references
[742.163s][debug][gc,ref       ] GC(249) Skipped phase4 of Reference Processing due to unavailable references
[742.164s][debug][gc,age       ] GC(249) Desired survivor size 15368192 bytes, new threshold 6 (max threshold 6)
[742.164s][info ][gc,heap      ] GC(249) ParNew: 242146K->1581K(270336K)
[742.164s][info ][gc,heap      ] GC(249) CMS: 255455K->255588K(600768K)
[742.164s][info ][gc,metaspace ] GC(249) Metaspace: 57168K->57168K(1101824K)
[742.164s][info ][gc           ] GC(249) Pause Young (Allocation Failure) 485M->251M(850M) 2.810ms
[742.164s][info ][gc,cpu       ] GC(249) User=0.01s Sys=0.00s Real=0.00s
[742.164s][info ][safepoint    ] Leaving safepoint region
[742.164s][info ][safepoint    ] Total time for which application threads were stopped: 0.0029681 seconds, Stopping threads took: 0.0000131 seconds
[746.164s][info ][safepoint    ] Application time: 4.0004070 seconds
[746.164s][info ][safepoint    ] Entering safepoint region: Cleanup
[746.164s][info ][safepoint    ] Leaving safepoint region
[746.164s][info ][safepoint    ] Total time for which application threads were stopped: 0.0001397 seconds, Stopping threads took: 0.0000678 seconds
[746.714s][info ][safepoint    ] Application time: 0.5494377 seconds
[746.714s][info ][safepoint    ] Entering safepoint region: GenCollectForAllocation
[746.714s][info ][gc,start     ] GC(250) Pause Young (Allocation Failure)
[746.714s][info ][gc,task      ] GC(250) Using 4 workers of 4 for evacuation
[746.716s][debug][gc,ref       ] GC(250) Skipped phase1 of Reference Processing due to unavailable references
[746.716s][debug][gc,ref       ] GC(250) Skipped phase2 of Reference Processing due to unavailable references
[746.716s][debug][gc,ref       ] GC(250) Skipped phase3 of Reference Processing due to unavailable references
[746.716s][debug][gc,ref       ] GC(250) Skipped phase4 of Reference Processing due to unavailable references
[746.716s][debug][gc,age       ] GC(250) Desired survivor size 15368192 bytes, new threshold 6 (max threshold 6)
[746.716s][info ][gc,heap      ] GC(250) ParNew: 241901K->1663K(270336K)
[746.716s][info ][gc,heap      ] GC(250) CMS: 255588K->255695K(600768K)
[746.716s][info ][gc,metaspace ] GC(250) Metaspace: 57168K->57168K(1101824K)
[746.716s][info ][gc           ] GC(250) Pause Young (Allocation Failure) 485M->251M(850M) 2.566ms
[746.716s][info ][gc,cpu       ] GC(250) User=0.01s Sys=0.01s Real=0.00s
[746.716s][info ][safepoint    ] Leaving safepoint region
[746.716s][info ][safepoint    ] Total time for which application threads were stopped: 0.0027249 seconds, Stopping threads took: 0.0000141 seconds
[748.717s][info ][safepoint    ] Application time: 2.0001692 seconds
[748.717s][info ][safepoint    ] Entering safepoint region: Cleanup
[748.717s][info ][safepoint    ] Leaving safepoint region
[748.717s][info ][safepoint    ] Total time for which application threads were stopped: 0.0000864 seconds, Stopping threads took: 0.0000142 seconds
[751.263s][info ][safepoint    ] Application time: 2.5465702 seconds
[751.263s][info ][safepoint    ] Entering safepoint region: GenCollectForAllocation
[751.263s][info ][gc,start     ] GC(251) Pause Young (Allocation Failure)
[751.263s][info ][gc,task      ] GC(251) Using 4 workers of 4 for evacuation
[751.266s][debug][gc,ref       ] GC(251) Skipped phase1 of Reference Processing due to unavailable references
[751.266s][debug][gc,ref       ] GC(251) Skipped phase2 of Reference Processing due to unavailable references
[751.266s][debug][gc,ref       ] GC(251) Skipped phase3 of Reference Processing due to unavailable references
[751.266s][debug][gc,ref       ] GC(251) Skipped phase4 of Reference Processing due to unavailable references
[751.266s][debug][gc,age       ] GC(251) Desired survivor size 15368192 bytes, new threshold 6 (max threshold 6)
[751.266s][info ][gc,heap      ] GC(251) ParNew: 241983K->1716K(270336K)
[751.266s][info ][gc,heap      ] GC(251) CMS: 255695K->255802K(600768K)
[751.266s][info ][gc,metaspace ] GC(251) Metaspace: 57179K->57179K(1101824K)
[751.266s][info ][gc           ] GC(251) Pause Young (Allocation Failure) 486M->251M(850M) 2.914ms
[751.266s][info ][gc,cpu       ] GC(251) User=0.01s Sys=0.00s Real=0.01s
[751.266s][info ][safepoint    ] Leaving safepoint region
[751.266s][info ][safepoint    ] Total time for which application threads were stopped: 0.0030545 seconds, Stopping threads took: 0.0000142 seconds
[752.267s][info ][safepoint    ] Application time: 1.0000957 seconds
[752.267s][info ][safepoint    ] Entering safepoint region: Cleanup
[752.267s][info ][safepoint    ] Leaving safepoint region
[752.267s][info ][safepoint    ] Total time for which application threads were stopped: 0.0000714 seconds, Stopping threads took: 0.0000148 seconds
[753.267s][info ][safepoint    ] Application time: 1.0000922 seconds
[753.267s][info ][safepoint    ] Entering safepoint region: Cleanup
[753.267s][info ][safepoint    ] Leaving safepoint region
[753.267s][info ][safepoint    ] Total time for which application threads were stopped: 0.0000779 seconds, Stopping threads took: 0.0000157 seconds
[754.267s][info ][safepoint    ] Application time: 1.0001087 seconds
[754.267s][info ][safepoint    ] Entering safepoint region: Cleanup
[754.267s][info ][safepoint    ] Leaving safepoint region
[754.267s][info ][safepoint    ] Total time for which application threads were stopped: 0.0000803 seconds, Stopping threads took: 0.0000150 seconds
[755.267s][info ][safepoint    ] Application time: 1.0000699 seconds
[755.267s][info ][safepoint    ] Entering safepoint region: Cleanup
[755.267s][info ][safepoint    ] Leaving safepoint region
[755.267s][info ][safepoint    ] Total time for which application threads were stopped: 0.0000765 seconds, Stopping threads took: 0.0000168 seconds
[755.610s][info ][safepoint    ] Application time: 0.3430259 seconds
[755.610s][info ][safepoint    ] Entering safepoint region: GenCollectForAllocation
[755.610s][info ][gc,start     ] GC(252) Pause Young (Allocation Failure)
[755.610s][info ][gc,task      ] GC(252) Using 4 workers of 4 for evacuation
[755.613s][debug][gc,ref       ] GC(252) Skipped phase1 of Reference Processing due to unavailable references
[755.613s][debug][gc,ref       ] GC(252) Skipped phase2 of Reference Processing due to unavailable references
[755.613s][debug][gc,ref       ] GC(252) Skipped phase3 of Reference Processing due to unavailable references
[755.613s][debug][gc,ref       ] GC(252) Skipped phase4 of Reference Processing due to unavailable references
[755.613s][debug][gc,age       ] GC(252) Desired survivor size 15368192 bytes, new threshold 6 (max threshold 6)
[755.613s][info ][gc,heap      ] GC(252) ParNew: 242036K->1401K(270336K)
[755.613s][info ][gc,heap      ] GC(252) CMS: 255802K->255896K(600768K)
[755.613s][info ][gc,metaspace ] GC(252) Metaspace: 57181K->57181K(1101824K)
[755.613s][info ][gc           ] GC(252) Pause Young (Allocation Failure) 486M->251M(850M) 2.673ms
[755.613s][info ][gc,cpu       ] GC(252) User=0.01s Sys=0.00s Real=0.01s
[755.613s][info ][safepoint    ] Leaving safepoint region
[755.613s][info ][safepoint    ] Total time for which application threads were stopped: 0.0028537 seconds, Stopping threads took: 0.0000497 seconds
[759.864s][info ][safepoint    ] Application time: 4.2504236 seconds
[759.864s][info ][safepoint    ] Entering safepoint region: GenCollectForAllocation
[759.864s][info ][gc,start     ] GC(253) Pause Young (Allocation Failure)
[759.864s][info ][gc,task      ] GC(253) Using 4 workers of 4 for evacuation
[759.866s][debug][gc,ref       ] GC(253) Skipped phase1 of Reference Processing due to unavailable references
[759.866s][debug][gc,ref       ] GC(253) Skipped phase2 of Reference Processing due to unavailable references
[759.866s][debug][gc,ref       ] GC(253) Skipped phase3 of Reference Processing due to unavailable references
[759.866s][debug][gc,ref       ] GC(253) Skipped phase4 of Reference Processing due to unavailable references
[759.866s][debug][gc,age       ] GC(253) Desired survivor size 15368192 bytes, new threshold 6 (max threshold 6)
[759.866s][info ][gc,heap      ] GC(253) ParNew: 241721K->1240K(270336K)
[759.866s][info ][gc,heap      ] GC(253) CMS: 255896K->256218K(600768K)
[759.866s][info ][gc,metaspace ] GC(253) Metaspace: 57182K->57182K(1101824K)
[759.866s][info ][gc           ] GC(253) Pause Young (Allocation Failure) 485M->251M(850M) 2.695ms
[759.866s][info ][gc,cpu       ] GC(253) User=0.01s Sys=0.00s Real=0.01s
[759.866s][info ][safepoint    ] Leaving safepoint region
[759.866s][info ][safepoint    ] Total time for which application threads were stopped: 0.0028378 seconds, Stopping threads took: 0.0000151 seconds
[762.867s][info ][safepoint    ] Application time: 3.0002578 seconds
[762.867s][info ][safepoint    ] Entering safepoint region: Cleanup
[762.867s][info ][safepoint    ] Leaving safepoint region
[762.867s][info ][safepoint    ] Total time for which application threads were stopped: 0.0000872 seconds, Stopping threads took: 0.0000172 seconds
[763.867s][info ][safepoint    ] Application time: 1.0000911 seconds
[763.867s][info ][safepoint    ] Entering safepoint region: Cleanup
[763.867s][info ][safepoint    ] Leaving safepoint region
[763.867s][info ][safepoint    ] Total time for which application threads were stopped: 0.0000735 seconds, Stopping threads took: 0.0000150 seconds
[764.415s][info ][safepoint    ] Application time: 0.5481645 seconds
[764.415s][info ][safepoint    ] Entering safepoint region: GenCollectForAllocation
[764.415s][info ][gc,start     ] GC(254) Pause Young (Allocation Failure)
[764.415s][info ][gc,task      ] GC(254) Using 4 workers of 4 for evacuation
[764.418s][debug][gc,ref       ] GC(254) Skipped phase1 of Reference Processing due to unavailable references
[764.418s][debug][gc,ref       ] GC(254) Skipped phase2 of Reference Processing due to unavailable references
[764.418s][debug][gc,ref       ] GC(254) Skipped phase3 of Reference Processing due to unavailable references
[764.418s][debug][gc,ref       ] GC(254) Skipped phase4 of Reference Processing due to unavailable references
[764.418s][debug][gc,age       ] GC(254) Desired survivor size 15368192 bytes, new threshold 6 (max threshold 6)
[764.418s][info ][gc,heap      ] GC(254) ParNew: 241560K->1257K(270336K)
[764.418s][info ][gc,heap      ] GC(254) CMS: 256218K->256339K(600768K)
[764.418s][info ][gc,metaspace ] GC(254) Metaspace: 57182K->57182K(1101824K)
[764.418s][info ][gc           ] GC(254) Pause Young (Allocation Failure) 486M->251M(850M) 2.584ms
[764.418s][info ][gc,cpu       ] GC(254) User=0.01s Sys=0.00s Real=0.00s
[764.418s][info ][safepoint    ] Leaving safepoint region
[764.418s][info ][safepoint    ] Total time for which application threads were stopped: 0.0027276 seconds, Stopping threads took: 0.0000154 seconds
[767.418s][info ][safepoint    ] Application time: 3.0003043 seconds
[767.418s][info ][safepoint    ] Entering safepoint region: Cleanup
[767.418s][info ][safepoint    ] Leaving safepoint region
[767.418s][info ][safepoint    ] Total time for which application threads were stopped: 0.0000730 seconds, Stopping threads took: 0.0000155 seconds
[768.965s][info ][safepoint    ] Application time: 1.5464753 seconds
[768.965s][info ][safepoint    ] Entering safepoint region: GenCollectForAllocation
[768.965s][info ][gc,start     ] GC(255) Pause Young (Allocation Failure)
[768.965s][info ][gc,task      ] GC(255) Using 4 workers of 4 for evacuation
[768.967s][debug][gc,ref       ] GC(255) Skipped phase1 of Reference Processing due to unavailable references
[768.967s][debug][gc,ref       ] GC(255) Skipped phase2 of Reference Processing due to unavailable references
[768.967s][debug][gc,ref       ] GC(255) Skipped phase3 of Reference Processing due to unavailable references
[768.967s][debug][gc,ref       ] GC(255) Skipped phase4 of Reference Processing due to unavailable references
[768.967s][debug][gc,age       ] GC(255) Desired survivor size 15368192 bytes, new threshold 6 (max threshold 6)
[768.967s][info ][gc,heap      ] GC(255) ParNew: 241577K->1155K(270336K)
[768.967s][info ][gc,heap      ] GC(255) CMS: 256339K->256469K(600768K)
[768.967s][info ][gc,metaspace ] GC(255) Metaspace: 57186K->57186K(1101824K)
[768.967s][info ][gc           ] GC(255) Pause Young (Allocation Failure) 486M->251M(850M) 2.425ms
[768.967s][info ][gc,cpu       ] GC(255) User=0.01s Sys=0.00s Real=0.00s
[768.968s][info ][safepoint    ] Leaving safepoint region
[768.968s][info ][safepoint    ] Total time for which application threads were stopped: 0.0025818 seconds, Stopping threads took: 0.0000309 seconds
[773.416s][info ][safepoint    ] Application time: 4.4480109 seconds
[773.416s][info ][safepoint    ] Entering safepoint region: GenCollectForAllocation
[773.416s][info ][gc,start     ] GC(256) Pause Young (Allocation Failure)
[773.416s][info ][gc,task      ] GC(256) Using 4 workers of 4 for evacuation
[773.418s][debug][gc,ref       ] GC(256) Skipped phase1 of Reference Processing due to unavailable references
[773.418s][debug][gc,ref       ] GC(256) Skipped phase2 of Reference Processing due to unavailable references
[773.418s][debug][gc,ref       ] GC(256) Skipped phase3 of Reference Processing due to unavailable references
[773.418s][debug][gc,ref       ] GC(256) Skipped phase4 of Reference Processing due to unavailable references
[773.418s][debug][gc,age       ] GC(256) Desired survivor size 15368192 bytes, new threshold 6 (max threshold 6)
[773.418s][info ][gc,heap      ] GC(256) ParNew: 241475K->1213K(270336K)
[773.418s][info ][gc,heap      ] GC(256) CMS: 256469K->256483K(600768K)
[773.418s][info ][gc,metaspace ] GC(256) Metaspace: 57186K->57186K(1101824K)
[773.418s][info ][gc           ] GC(256) Pause Young (Allocation Failure) 486M->251M(850M) 2.458ms
[773.418s][info ][gc,cpu       ] GC(256) User=0.00s Sys=0.00s Real=0.00s
[773.418s][info ][safepoint    ] Leaving safepoint region
[773.418s][info ][safepoint    ] Total time for which application threads were stopped: 0.0026076 seconds, Stopping threads took: 0.0000159 seconds
[777.968s][info ][safepoint    ] Application time: 4.5495642 seconds
[777.968s][info ][safepoint    ] Entering safepoint region: GenCollectForAllocation
[777.968s][info ][gc,start     ] GC(257) Pause Young (Allocation Failure)
[777.968s][info ][gc,task      ] GC(257) Using 4 workers of 4 for evacuation
[777.971s][debug][gc,ref       ] GC(257) Skipped phase1 of Reference Processing due to unavailable references
[777.971s][debug][gc,ref       ] GC(257) Skipped phase2 of Reference Processing due to unavailable references
[777.971s][debug][gc,ref       ] GC(257) Skipped phase3 of Reference Processing due to unavailable references
[777.971s][debug][gc,ref       ] GC(257) Skipped phase4 of Reference Processing due to unavailable references
[777.971s][debug][gc,age       ] GC(257) Desired survivor size 15368192 bytes, new threshold 6 (max threshold 6)
[777.971s][info ][gc,heap      ] GC(257) ParNew: 241533K->1481K(270336K)
[777.971s][info ][gc,heap      ] GC(257) CMS: 256483K->256622K(600768K)
[777.971s][info ][gc,metaspace ] GC(257) Metaspace: 57187K->57187K(1101824K)
[777.971s][info ][gc           ] GC(257) Pause Young (Allocation Failure) 486M->252M(850M) 3.490ms
[777.971s][info ][gc,cpu       ] GC(257) User=0.01s Sys=0.00s Real=0.00s
[777.971s][info ][safepoint    ] Leaving safepoint region
[777.971s][info ][safepoint    ] Total time for which application threads were stopped: 0.0036346 seconds, Stopping threads took: 0.0000156 seconds
[782.508s][info ][safepoint    ] Application time: 4.5369981 seconds
[782.508s][info ][safepoint    ] Entering safepoint region: GenCollectForAllocation
[782.509s][info ][gc,start     ] GC(258) Pause Young (Allocation Failure)
[782.509s][info ][gc,task      ] GC(258) Using 4 workers of 4 for evacuation
[782.511s][debug][gc,ref       ] GC(258) Skipped phase1 of Reference Processing due to unavailable references
[782.511s][debug][gc,ref       ] GC(258) Skipped phase2 of Reference Processing due to unavailable references
[782.511s][debug][gc,ref       ] GC(258) Skipped phase3 of Reference Processing due to unavailable references
[782.511s][debug][gc,ref       ] GC(258) Skipped phase4 of Reference Processing due to unavailable references
[782.511s][debug][gc,age       ] GC(258) Desired survivor size 15368192 bytes, new threshold 6 (max threshold 6)
[782.511s][info ][gc,heap      ] GC(258) ParNew: 241801K->1005K(270336K)
[782.511s][info ][gc,heap      ] GC(258) CMS: 256622K->256811K(600768K)
[782.511s][info ][gc,metaspace ] GC(258) Metaspace: 57187K->57187K(1101824K)
[782.511s][info ][gc           ] GC(258) Pause Young (Allocation Failure) 486M->251M(850M) 2.675ms
[782.511s][info ][gc,cpu       ] GC(258) User=0.01s Sys=0.00s Real=0.00s
[782.511s][info ][safepoint    ] Leaving safepoint region
[782.511s][info ][safepoint    ] Total time for which application threads were stopped: 0.0029010 seconds, Stopping threads took: 0.0000646 seconds
[786.964s][info ][safepoint    ] Application time: 4.4526677 seconds
[786.964s][info ][safepoint    ] Entering safepoint region: GenCollectForAllocation
[786.964s][info ][gc,start     ] GC(259) Pause Young (Allocation Failure)
[786.964s][info ][gc,task      ] GC(259) Using 4 workers of 4 for evacuation
[786.967s][debug][gc,ref       ] GC(259) Skipped phase1 of Reference Processing due to unavailable references
[786.967s][debug][gc,ref       ] GC(259) Skipped phase2 of Reference Processing due to unavailable references
[786.967s][debug][gc,ref       ] GC(259) Skipped phase3 of Reference Processing due to unavailable references
[786.967s][debug][gc,ref       ] GC(259) Skipped phase4 of Reference Processing due to unavailable references
[786.967s][debug][gc,age       ] GC(259) Desired survivor size 15368192 bytes, new threshold 6 (max threshold 6)
[786.967s][info ][gc,heap      ] GC(259) ParNew: 241325K->1209K(270336K)
[786.967s][info ][gc,heap      ] GC(259) CMS: 256811K->256911K(600768K)
[786.967s][info ][gc,metaspace ] GC(259) Metaspace: 57187K->57187K(1101824K)
[786.967s][info ][gc           ] GC(259) Pause Young (Allocation Failure) 486M->252M(850M) 2.598ms
[786.967s][info ][gc,cpu       ] GC(259) User=0.01s Sys=0.00s Real=0.00s
[786.967s][info ][safepoint    ] Leaving safepoint region
[786.967s][info ][safepoint    ] Total time for which application threads were stopped: 0.0027764 seconds, Stopping threads took: 0.0000161 seconds
[788.967s][info ][safepoint    ] Application time: 2.0001970 seconds
[788.967s][info ][safepoint    ] Entering safepoint region: Cleanup
[788.967s][info ][safepoint    ] Leaving safepoint region
[788.967s][info ][safepoint    ] Total time for which application threads were stopped: 0.0000706 seconds, Stopping threads took: 0.0000159 seconds
[789.967s][info ][safepoint    ] Application time: 1.0001637 seconds
[789.967s][info ][safepoint    ] Entering safepoint region: Cleanup
[789.967s][info ][safepoint    ] Leaving safepoint region
[789.967s][info ][safepoint    ] Total time for which application threads were stopped: 0.0000776 seconds, Stopping threads took: 0.0000146 seconds
[791.564s][info ][safepoint    ] Application time: 1.5963812 seconds
[791.564s][info ][safepoint    ] Entering safepoint region: GenCollectForAllocation
[791.564s][info ][gc,start     ] GC(260) Pause Young (Allocation Failure)
[791.564s][info ][gc,task      ] GC(260) Using 4 workers of 4 for evacuation
[791.566s][debug][gc,ref       ] GC(260) Skipped phase1 of Reference Processing due to unavailable references
[791.566s][debug][gc,ref       ] GC(260) Skipped phase3 of Reference Processing due to unavailable references
[791.566s][debug][gc,age       ] GC(260) Desired survivor size 15368192 bytes, new threshold 6 (max threshold 6)
[791.566s][info ][gc,heap      ] GC(260) ParNew: 241529K->1429K(270336K)
[791.566s][info ][gc,heap      ] GC(260) CMS: 256911K->256918K(600768K)
[791.566s][info ][gc,metaspace ] GC(260) Metaspace: 57190K->57190K(1101824K)
[791.566s][info ][gc           ] GC(260) Pause Young (Allocation Failure) 486M->252M(850M) 2.363ms
[791.566s][info ][gc,cpu       ] GC(260) User=0.01s Sys=0.00s Real=0.01s
[791.566s][info ][safepoint    ] Leaving safepoint region
[791.566s][info ][safepoint    ] Total time for which application threads were stopped: 0.0025206 seconds, Stopping threads took: 0.0000130 seconds
[792.566s][info ][safepoint    ] Application time: 1.0001450 seconds
[792.567s][info ][safepoint    ] Entering safepoint region: Cleanup
[792.567s][info ][safepoint    ] Leaving safepoint region
[792.567s][info ][safepoint    ] Total time for which application threads were stopped: 0.0000858 seconds, Stopping threads took: 0.0000160 seconds
[793.567s][info ][safepoint    ] Application time: 1.0000973 seconds
[793.567s][info ][safepoint    ] Entering safepoint region: Cleanup
[793.567s][info ][safepoint    ] Leaving safepoint region
[793.567s][info ][safepoint    ] Total time for which application threads were stopped: 0.0000731 seconds, Stopping threads took: 0.0000154 seconds
[795.567s][info ][safepoint    ] Application time: 2.0001603 seconds
[795.567s][info ][safepoint    ] Entering safepoint region: Cleanup
[795.567s][info ][safepoint    ] Leaving safepoint region
[795.567s][info ][safepoint    ] Total time for which application threads were stopped: 0.0000850 seconds, Stopping threads took: 0.0000159 seconds
[796.111s][info ][safepoint    ] Application time: 0.5438989 seconds
[796.111s][info ][safepoint    ] Entering safepoint region: GenCollectForAllocation
[796.111s][info ][gc,start     ] GC(261) Pause Young (Allocation Failure)
[796.111s][info ][gc,task      ] GC(261) Using 4 workers of 4 for evacuation
[796.114s][debug][gc,ref       ] GC(261) Skipped phase1 of Reference Processing due to unavailable references
[796.114s][debug][gc,ref       ] GC(261) Skipped phase2 of Reference Processing due to unavailable references
[796.114s][debug][gc,ref       ] GC(261) Skipped phase3 of Reference Processing due to unavailable references
[796.114s][debug][gc,ref       ] GC(261) Skipped phase4 of Reference Processing due to unavailable references
[796.114s][debug][gc,age       ] GC(261) Desired survivor size 15368192 bytes, new threshold 6 (max threshold 6)
[796.114s][info ][gc,heap      ] GC(261) ParNew: 241749K->1497K(270336K)
[796.114s][info ][gc,heap      ] GC(261) CMS: 256918K->257058K(600768K)
[796.114s][info ][gc,metaspace ] GC(261) Metaspace: 57200K->57200K(1101824K)
[796.114s][info ][gc           ] GC(261) Pause Young (Allocation Failure) 486M->252M(850M) 2.738ms
[796.114s][info ][gc,cpu       ] GC(261) User=0.01s Sys=0.00s Real=0.01s
[796.114s][info ][safepoint    ] Leaving safepoint region
[796.114s][info ][safepoint    ] Total time for which application threads were stopped: 0.0028941 seconds, Stopping threads took: 0.0000137 seconds
[797.114s][info ][safepoint    ] Application time: 1.0000791 seconds
[797.114s][info ][safepoint    ] Entering safepoint region: Cleanup
[797.114s][info ][safepoint    ] Leaving safepoint region
[797.114s][info ][safepoint    ] Total time for which application threads were stopped: 0.0001230 seconds, Stopping threads took: 0.0000525 seconds
[799.114s][info ][safepoint    ] Application time: 2.0002410 seconds
[799.114s][info ][safepoint    ] Entering safepoint region: Cleanup
[799.115s][info ][safepoint    ] Leaving safepoint region
[799.115s][info ][safepoint    ] Total time for which application threads were stopped: 0.0001317 seconds, Stopping threads took: 0.0000553 seconds
[800.115s][info ][safepoint    ] Application time: 1.0001609 seconds
[800.115s][info ][safepoint    ] Entering safepoint region: Cleanup
[800.115s][info ][safepoint    ] Leaving safepoint region
[800.115s][info ][safepoint    ] Total time for which application threads were stopped: 0.0001402 seconds, Stopping threads took: 0.0000712 seconds
[800.558s][info ][safepoint    ] Application time: 0.4434385 seconds
[800.558s][info ][safepoint    ] Entering safepoint region: GenCollectForAllocation
[800.559s][info ][gc,start     ] GC(262) Pause Young (Allocation Failure)
[800.559s][info ][gc,task      ] GC(262) Using 4 workers of 4 for evacuation
[800.561s][debug][gc,ref       ] GC(262) Skipped phase1 of Reference Processing due to unavailable references
[800.561s][debug][gc,ref       ] GC(262) Skipped phase2 of Reference Processing due to unavailable references
[800.561s][debug][gc,ref       ] GC(262) Skipped phase3 of Reference Processing due to unavailable references
[800.561s][debug][gc,ref       ] GC(262) Skipped phase4 of Reference Processing due to unavailable references
[800.561s][debug][gc,age       ] GC(262) Desired survivor size 15368192 bytes, new threshold 6 (max threshold 6)
[800.561s][info ][gc,heap      ] GC(262) ParNew: 241817K->1336K(270336K)
[800.561s][info ][gc,heap      ] GC(262) CMS: 257058K->257176K(600768K)
[800.561s][info ][gc,metaspace ] GC(262) Metaspace: 57214K->57214K(1101824K)
[800.561s][info ][gc           ] GC(262) Pause Young (Allocation Failure) 487M->252M(850M) 2.762ms
[800.561s][info ][gc,cpu       ] GC(262) User=0.01s Sys=0.00s Real=0.00s
[800.561s][info ][safepoint    ] Leaving safepoint region
[800.561s][info ][safepoint    ] Total time for which application threads were stopped: 0.0029301 seconds, Stopping threads took: 0.0000356 seconds
[803.562s][info ][safepoint    ] Application time: 3.0002484 seconds
[803.562s][info ][safepoint    ] Entering safepoint region: Cleanup
[803.562s][info ][safepoint    ] Leaving safepoint region
[803.562s][info ][safepoint    ] Total time for which application threads were stopped: 0.0001294 seconds, Stopping threads took: 0.0000660 seconds
[804.964s][info ][safepoint    ] Application time: 1.4020341 seconds
[804.964s][info ][safepoint    ] Entering safepoint region: GenCollectForAllocation
[804.964s][info ][gc,start     ] GC(263) Pause Young (Allocation Failure)
[804.964s][info ][gc,task      ] GC(263) Using 4 workers of 4 for evacuation
[804.966s][debug][gc,ref       ] GC(263) Skipped phase1 of Reference Processing due to unavailable references
[804.966s][debug][gc,ref       ] GC(263) Skipped phase2 of Reference Processing due to unavailable references
[804.966s][debug][gc,ref       ] GC(263) Skipped phase3 of Reference Processing due to unavailable references
[804.967s][debug][gc,age       ] GC(263) Desired survivor size 15368192 bytes, new threshold 6 (max threshold 6)
[804.967s][info ][gc,heap      ] GC(263) ParNew: 241656K->1516K(270336K)
[804.967s][info ][gc,heap      ] GC(263) CMS: 257176K->257239K(600768K)
[804.967s][info ][gc,metaspace ] GC(263) Metaspace: 57220K->57220K(1101824K)
[804.967s][info ][gc           ] GC(263) Pause Young (Allocation Failure) 487M->252M(850M) 2.663ms
[804.967s][info ][gc,cpu       ] GC(263) User=0.01s Sys=0.00s Real=0.01s
[804.967s][info ][safepoint    ] Leaving safepoint region
[804.967s][info ][safepoint    ] Total time for which application threads were stopped: 0.0028017 seconds, Stopping threads took: 0.0000143 seconds
[809.514s][info ][safepoint    ] Application time: 4.5473000 seconds
[809.514s][info ][safepoint    ] Entering safepoint region: GenCollectForAllocation
[809.514s][info ][gc,start     ] GC(264) Pause Young (Allocation Failure)
[809.514s][info ][gc,task      ] GC(264) Using 4 workers of 4 for evacuation
[809.517s][debug][gc,ref       ] GC(264) Skipped phase1 of Reference Processing due to unavailable references
[809.517s][debug][gc,ref       ] GC(264) Skipped phase3 of Reference Processing due to unavailable references
[809.517s][debug][gc,ref       ] GC(264) Skipped phase4 of Reference Processing due to unavailable references
[809.517s][debug][gc,age       ] GC(264) Desired survivor size 15368192 bytes, new threshold 6 (max threshold 6)
[809.517s][info ][gc,heap      ] GC(264) ParNew: 241836K->1274K(270336K)
[809.517s][info ][gc,heap      ] GC(264) CMS: 257239K->257300K(600768K)
[809.517s][info ][gc,metaspace ] GC(264) Metaspace: 57223K->57223K(1101824K)
[809.517s][info ][gc           ] GC(264) Pause Young (Allocation Failure) 487M->252M(850M) 2.695ms
[809.517s][info ][gc,cpu       ] GC(264) User=0.01s Sys=0.00s Real=0.00s
[809.517s][info ][safepoint    ] Leaving safepoint region
[809.517s][info ][safepoint    ] Total time for which application threads were stopped: 0.0028434 seconds, Stopping threads took: 0.0000162 seconds
[811.517s][info ][safepoint    ] Application time: 2.0001708 seconds
[811.517s][info ][safepoint    ] Entering safepoint region: Cleanup
[811.517s][info ][safepoint    ] Leaving safepoint region
[811.517s][info ][safepoint    ] Total time for which application threads were stopped: 0.0000809 seconds, Stopping threads took: 0.0000156 seconds
[812.517s][info ][safepoint    ] Application time: 1.0000792 seconds
[812.517s][info ][safepoint    ] Entering safepoint region: Cleanup
[812.517s][info ][safepoint    ] Leaving safepoint region
[812.517s][info ][safepoint    ] Total time for which application threads were stopped: 0.0000734 seconds, Stopping threads took: 0.0000181 seconds
[813.517s][info ][safepoint    ] Application time: 1.0000683 seconds
[813.517s][info ][safepoint    ] Entering safepoint region: Cleanup
[813.517s][info ][safepoint    ] Leaving safepoint region
[813.517s][info ][safepoint    ] Total time for which application threads were stopped: 0.0000757 seconds, Stopping threads took: 0.0000176 seconds
[813.913s][info ][safepoint    ] Application time: 0.3951294 seconds
[813.913s][info ][safepoint    ] Entering safepoint region: GenCollectForAllocation
[813.913s][info ][gc,start     ] GC(265) Pause Young (Allocation Failure)
[813.913s][info ][gc,task      ] GC(265) Using 4 workers of 4 for evacuation
[813.916s][debug][gc,ref       ] GC(265) Skipped phase1 of Reference Processing due to unavailable references
[813.916s][debug][gc,ref       ] GC(265) Skipped phase3 of Reference Processing due to unavailable references
[813.916s][debug][gc,age       ] GC(265) Desired survivor size 15368192 bytes, new threshold 6 (max threshold 6)
[813.916s][info ][gc,heap      ] GC(265) ParNew: 241594K->1500K(270336K)
[813.916s][info ][gc,heap      ] GC(265) CMS: 257300K->257462K(600768K)
[813.916s][info ][gc,metaspace ] GC(265) Metaspace: 57227K->57227K(1101824K)
[813.916s][info ][gc           ] GC(265) Pause Young (Allocation Failure) 487M->252M(850M) 2.941ms
[813.916s][info ][gc,cpu       ] GC(265) User=0.01s Sys=0.00s Real=0.00s
[813.916s][info ][safepoint    ] Leaving safepoint region
[813.916s][info ][safepoint    ] Total time for which application threads were stopped: 0.0030948 seconds, Stopping threads took: 0.0000139 seconds
[815.916s][info ][safepoint    ] Application time: 2.0001783 seconds
[815.916s][info ][safepoint    ] Entering safepoint region: Cleanup
[815.916s][info ][safepoint    ] Leaving safepoint region
[815.916s][info ][safepoint    ] Total time for which application threads were stopped: 0.0001827 seconds, Stopping threads took: 0.0000639 seconds
[818.310s][info ][safepoint    ] Application time: 2.3940316 seconds
[818.310s][info ][safepoint    ] Entering safepoint region: GenCollectForAllocation
[818.310s][info ][gc,start     ] GC(266) Pause Young (Allocation Failure)
[818.310s][info ][gc,task      ] GC(266) Using 4 workers of 4 for evacuation
[818.313s][debug][gc,ref       ] GC(266) Skipped phase1 of Reference Processing due to unavailable references
[818.313s][debug][gc,ref       ] GC(266) Skipped phase2 of Reference Processing due to unavailable references
[818.313s][debug][gc,ref       ] GC(266) Skipped phase3 of Reference Processing due to unavailable references
[818.313s][debug][gc,ref       ] GC(266) Skipped phase4 of Reference Processing due to unavailable references
[818.313s][debug][gc,age       ] GC(266) Desired survivor size 15368192 bytes, new threshold 6 (max threshold 6)
[818.313s][info ][gc,heap      ] GC(266) ParNew: 241820K->1640K(270336K)
[818.313s][info ][gc,heap      ] GC(266) CMS: 257462K->257535K(600768K)
[818.313s][info ][gc,metaspace ] GC(266) Metaspace: 57228K->57228K(1101824K)
[818.313s][info ][gc           ] GC(266) Pause Young (Allocation Failure) 487M->253M(850M) 2.642ms
[818.313s][info ][gc,cpu       ] GC(266) User=0.01s Sys=0.00s Real=0.01s
[818.313s][info ][safepoint    ] Leaving safepoint region
[818.313s][info ][safepoint    ] Total time for which application threads were stopped: 0.0027910 seconds, Stopping threads took: 0.0000135 seconds
[822.659s][info ][safepoint    ] Application time: 4.3461314 seconds
[822.659s][info ][safepoint    ] Entering safepoint region: GenCollectForAllocation
[822.659s][info ][gc,start     ] GC(267) Pause Young (Allocation Failure)
[822.659s][info ][gc,task      ] GC(267) Using 4 workers of 4 for evacuation
[822.662s][debug][gc,ref       ] GC(267) Skipped phase1 of Reference Processing due to unavailable references
[822.662s][debug][gc,ref       ] GC(267) Skipped phase2 of Reference Processing due to unavailable references
[822.662s][debug][gc,ref       ] GC(267) Skipped phase3 of Reference Processing due to unavailable references
[822.662s][debug][gc,ref       ] GC(267) Skipped phase4 of Reference Processing due to unavailable references
[822.662s][debug][gc,age       ] GC(267) Desired survivor size 15368192 bytes, new threshold 6 (max threshold 6)
[822.662s][info ][gc,heap      ] GC(267) ParNew: 241960K->1240K(270336K)
[822.662s][info ][gc,heap      ] GC(267) CMS: 257535K->257649K(600768K)
[822.662s][info ][gc,metaspace ] GC(267) Metaspace: 57228K->57228K(1101824K)
[822.662s][info ][gc           ] GC(267) Pause Young (Allocation Failure) 487M->252M(850M) 2.834ms
[822.662s][info ][gc,cpu       ] GC(267) User=0.01s Sys=0.00s Real=0.00s
[822.662s][info ][safepoint    ] Leaving safepoint region
[822.662s][info ][safepoint    ] Total time for which application threads were stopped: 0.0030006 seconds, Stopping threads took: 0.0000146 seconds
[825.662s][info ][safepoint    ] Application time: 3.0002722 seconds
[825.663s][info ][safepoint    ] Entering safepoint region: Cleanup
[825.663s][info ][safepoint    ] Leaving safepoint region
[825.663s][info ][safepoint    ] Total time for which application threads were stopped: 0.0001125 seconds, Stopping threads took: 0.0000428 seconds
[826.914s][info ][safepoint    ] Application time: 1.2518161 seconds
[826.914s][info ][safepoint    ] Entering safepoint region: GenCollectForAllocation
[826.915s][info ][gc,start     ] GC(268) Pause Young (Allocation Failure)
[826.915s][info ][gc,task      ] GC(268) Using 4 workers of 4 for evacuation
[826.917s][debug][gc,ref       ] GC(268) Skipped phase1 of Reference Processing due to unavailable references
[826.917s][debug][gc,ref       ] GC(268) Skipped phase2 of Reference Processing due to unavailable references
[826.917s][debug][gc,ref       ] GC(268) Skipped phase3 of Reference Processing due to unavailable references
[826.917s][debug][gc,ref       ] GC(268) Skipped phase4 of Reference Processing due to unavailable references
[826.917s][debug][gc,age       ] GC(268) Desired survivor size 15368192 bytes, new threshold 6 (max threshold 6)
[826.917s][info ][gc,heap      ] GC(268) ParNew: 241560K->1251K(270336K)
[826.917s][info ][gc,heap      ] GC(268) CMS: 257649K->257784K(600768K)
[826.917s][info ][gc,metaspace ] GC(268) Metaspace: 57229K->57229K(1101824K)
[826.917s][info ][gc           ] GC(268) Pause Young (Allocation Failure) 487M->252M(850M) 2.855ms
[826.917s][info ][gc,cpu       ] GC(268) User=0.01s Sys=0.00s Real=0.00s
[826.917s][info ][safepoint    ] Leaving safepoint region
[826.917s][info ][safepoint    ] Total time for which application threads were stopped: 0.0030010 seconds, Stopping threads took: 0.0000137 seconds
[828.918s][info ][safepoint    ] Application time: 2.0002137 seconds
[828.918s][info ][safepoint    ] Entering safepoint region: Cleanup
[828.918s][info ][safepoint    ] Leaving safepoint region
[828.918s][info ][safepoint    ] Total time for which application threads were stopped: 0.0000735 seconds, Stopping threads took: 0.0000154 seconds
[829.918s][info ][safepoint    ] Application time: 1.0000874 seconds
[829.918s][info ][safepoint    ] Entering safepoint region: Cleanup
[829.918s][info ][safepoint    ] Leaving safepoint region
[829.918s][info ][safepoint    ] Total time for which application threads were stopped: 0.0000702 seconds, Stopping threads took: 0.0000152 seconds
[831.308s][info ][safepoint    ] Application time: 1.3904453 seconds
[831.309s][info ][safepoint    ] Entering safepoint region: GenCollectForAllocation
[831.309s][info ][gc,start     ] GC(269) Pause Young (Allocation Failure)
[831.309s][info ][gc,task      ] GC(269) Using 4 workers of 4 for evacuation
[831.311s][debug][gc,ref       ] GC(269) Skipped phase1 of Reference Processing due to unavailable references
[831.311s][debug][gc,ref       ] GC(269) Skipped phase2 of Reference Processing due to unavailable references
[831.311s][debug][gc,ref       ] GC(269) Skipped phase3 of Reference Processing due to unavailable references
[831.311s][debug][gc,ref       ] GC(269) Skipped phase4 of Reference Processing due to unavailable references
[831.311s][debug][gc,age       ] GC(269) Desired survivor size 15368192 bytes, new threshold 6 (max threshold 6)
[831.311s][info ][gc,heap      ] GC(269) ParNew: 241571K->1740K(270336K)
[831.311s][info ][gc,heap      ] GC(269) CMS: 257784K->257950K(600768K)
[831.311s][info ][gc,metaspace ] GC(269) Metaspace: 57229K->57229K(1101824K)
[831.311s][info ][gc           ] GC(269) Pause Young (Allocation Failure) 487M->253M(850M) 2.731ms
[831.311s][info ][gc,cpu       ] GC(269) User=0.01s Sys=0.00s Real=0.00s
[831.311s][info ][safepoint    ] Leaving safepoint region
[831.311s][info ][safepoint    ] Total time for which application threads were stopped: 0.0029126 seconds, Stopping threads took: 0.0000588 seconds
[835.757s][info ][safepoint    ] Application time: 4.4460440 seconds
[835.758s][info ][safepoint    ] Entering safepoint region: GenCollectForAllocation
[835.758s][info ][gc,start     ] GC(270) Pause Young (Allocation Failure)
[835.758s][info ][gc,task      ] GC(270) Using 4 workers of 4 for evacuation
[835.760s][debug][gc,ref       ] GC(270) Skipped phase1 of Reference Processing due to unavailable references
[835.760s][debug][gc,ref       ] GC(270) Skipped phase2 of Reference Processing due to unavailable references
[835.760s][debug][gc,ref       ] GC(270) Skipped phase3 of Reference Processing due to unavailable references
[835.760s][debug][gc,ref       ] GC(270) Skipped phase4 of Reference Processing due to unavailable references
[835.760s][debug][gc,age       ] GC(270) Desired survivor size 15368192 bytes, new threshold 6 (max threshold 6)
[835.760s][info ][gc,heap      ] GC(270) ParNew: 242060K->1401K(270336K)
[835.760s][info ][gc,heap      ] GC(270) CMS: 257950K->258021K(600768K)
[835.760s][info ][gc,metaspace ] GC(270) Metaspace: 57229K->57229K(1101824K)
[835.760s][info ][gc           ] GC(270) Pause Young (Allocation Failure) 488M->253M(850M) 2.587ms
[835.760s][info ][gc,cpu       ] GC(270) User=0.01s Sys=0.00s Real=0.00s
[835.760s][info ][safepoint    ] Leaving safepoint region
[835.760s][info ][safepoint    ] Total time for which application threads were stopped: 0.0027585 seconds, Stopping threads took: 0.0000456 seconds
[840.314s][info ][safepoint    ] Application time: 4.5536697 seconds
[840.314s][info ][safepoint    ] Entering safepoint region: GenCollectForAllocation
[840.314s][info ][gc,start     ] GC(271) Pause Young (Allocation Failure)
[840.314s][info ][gc,task      ] GC(271) Using 4 workers of 4 for evacuation
[840.317s][debug][gc,ref       ] GC(271) Skipped phase1 of Reference Processing due to unavailable references
[840.317s][debug][gc,ref       ] GC(271) Skipped phase2 of Reference Processing due to unavailable references
[840.317s][debug][gc,ref       ] GC(271) Skipped phase3 of Reference Processing due to unavailable references
[840.317s][debug][gc,ref       ] GC(271) Skipped phase4 of Reference Processing due to unavailable references
[840.317s][debug][gc,age       ] GC(271) Desired survivor size 15368192 bytes, new threshold 6 (max threshold 6)
[840.317s][info ][gc,heap      ] GC(271) ParNew: 241721K->1570K(270336K)
[840.317s][info ][gc,heap      ] GC(271) CMS: 258021K->258156K(600768K)
[840.317s][info ][gc,metaspace ] GC(271) Metaspace: 57229K->57229K(1101824K)
[840.317s][info ][gc           ] GC(271) Pause Young (Allocation Failure) 488M->253M(850M) 2.863ms
[840.317s][info ][gc,cpu       ] GC(271) User=0.01s Sys=0.00s Real=0.00s
[840.317s][info ][safepoint    ] Leaving safepoint region
[840.317s][info ][safepoint    ] Total time for which application threads were stopped: 0.0030130 seconds, Stopping threads took: 0.0000140 seconds
[844.317s][info ][safepoint    ] Application time: 4.0004027 seconds
[844.317s][info ][safepoint    ] Entering safepoint region: Cleanup
[844.317s][info ][safepoint    ] Leaving safepoint region
[844.317s][info ][safepoint    ] Total time for which application threads were stopped: 0.0000859 seconds, Stopping threads took: 0.0000184 seconds
[845.015s][info ][safepoint    ] Application time: 0.6971754 seconds
[845.015s][info ][safepoint    ] Entering safepoint region: GenCollectForAllocation
[845.015s][info ][gc,start     ] GC(272) Pause Young (Allocation Failure)
[845.015s][info ][gc,task      ] GC(272) Using 4 workers of 4 for evacuation
[845.017s][debug][gc,ref       ] GC(272) Skipped phase1 of Reference Processing due to unavailable references
[845.017s][debug][gc,ref       ] GC(272) Skipped phase2 of Reference Processing due to unavailable references
[845.017s][debug][gc,ref       ] GC(272) Skipped phase3 of Reference Processing due to unavailable references
[845.017s][debug][gc,ref       ] GC(272) Skipped phase4 of Reference Processing due to unavailable references
[845.017s][debug][gc,age       ] GC(272) Desired survivor size 15368192 bytes, new threshold 6 (max threshold 6)
[845.017s][info ][gc,heap      ] GC(272) ParNew: 241890K->1252K(270336K)
[845.017s][info ][gc,heap      ] GC(272) CMS: 258156K->258164K(600768K)
[845.017s][info ][gc,metaspace ] GC(272) Metaspace: 57230K->57230K(1101824K)
[845.017s][info ][gc           ] GC(272) Pause Young (Allocation Failure) 488M->253M(850M) 2.593ms
[845.017s][info ][gc,cpu       ] GC(272) User=0.01s Sys=0.00s Real=0.00s
[845.017s][info ][safepoint    ] Leaving safepoint region
[845.017s][info ][safepoint    ] Total time for which application threads were stopped: 0.0027419 seconds, Stopping threads took: 0.0000139 seconds
[849.514s][info ][safepoint    ] Application time: 4.4965629 seconds
[849.514s][info ][safepoint    ] Entering safepoint region: GenCollectForAllocation
[849.514s][info ][gc,start     ] GC(273) Pause Young (Allocation Failure)
[849.514s][info ][gc,task      ] GC(273) Using 4 workers of 4 for evacuation
[849.517s][debug][gc,ref       ] GC(273) Skipped phase1 of Reference Processing due to unavailable references
[849.517s][debug][gc,ref       ] GC(273) Skipped phase2 of Reference Processing due to unavailable references
[849.517s][debug][gc,ref       ] GC(273) Skipped phase3 of Reference Processing due to unavailable references
[849.517s][debug][gc,ref       ] GC(273) Skipped phase4 of Reference Processing due to unavailable references
[849.517s][debug][gc,age       ] GC(273) Desired survivor size 15368192 bytes, new threshold 6 (max threshold 6)
[849.517s][info ][gc,heap      ] GC(273) ParNew: 241572K->1577K(270336K)
[849.517s][info ][gc,heap      ] GC(273) CMS: 258164K->258306K(600768K)
[849.517s][info ][gc,metaspace ] GC(273) Metaspace: 57233K->57233K(1101824K)
[849.517s][info ][gc           ] GC(273) Pause Young (Allocation Failure) 488M->253M(850M) 2.996ms
[849.517s][info ][gc,cpu       ] GC(273) User=0.01s Sys=0.00s Real=0.00s
[849.517s][info ][safepoint    ] Leaving safepoint region
[849.517s][info ][safepoint    ] Total time for which application threads were stopped: 0.0031639 seconds, Stopping threads took: 0.0000311 seconds
[850.517s][info ][safepoint    ] Application time: 1.0001722 seconds
[850.517s][info ][safepoint    ] Entering safepoint region: Cleanup
[850.517s][info ][safepoint    ] Leaving safepoint region
[850.518s][info ][safepoint    ] Total time for which application threads were stopped: 0.0000781 seconds, Stopping threads took: 0.0000162 seconds
[851.518s][info ][safepoint    ] Application time: 1.0000894 seconds
[851.518s][info ][safepoint    ] Entering safepoint region: Cleanup
[851.518s][info ][safepoint    ] Leaving safepoint region
[851.518s][info ][safepoint    ] Total time for which application threads were stopped: 0.0000675 seconds, Stopping threads took: 0.0000138 seconds
[854.064s][info ][safepoint    ] Application time: 2.5462628 seconds
[854.064s][info ][safepoint    ] Entering safepoint region: GenCollectForAllocation
[854.064s][info ][gc,start     ] GC(274) Pause Young (Allocation Failure)
[854.064s][info ][gc,task      ] GC(274) Using 4 workers of 4 for evacuation
[854.067s][debug][gc,ref       ] GC(274) Skipped phase1 of Reference Processing due to unavailable references
[854.067s][debug][gc,ref       ] GC(274) Skipped phase2 of Reference Processing due to unavailable references
[854.067s][debug][gc,ref       ] GC(274) Skipped phase3 of Reference Processing due to unavailable references
[854.067s][debug][gc,ref       ] GC(274) Skipped phase4 of Reference Processing due to unavailable references
[854.067s][debug][gc,age       ] GC(274) Desired survivor size 15368192 bytes, new threshold 6 (max threshold 6)
[854.067s][info ][gc,heap      ] GC(274) ParNew: 241897K->1712K(270336K)
[854.067s][info ][gc,heap      ] GC(274) CMS: 258306K->258486K(600768K)
[854.067s][info ][gc,metaspace ] GC(274) Metaspace: 57234K->57234K(1101824K)
[854.067s][info ][gc           ] GC(274) Pause Young (Allocation Failure) 488M->254M(850M) 2.877ms
[854.067s][info ][gc,cpu       ] GC(274) User=0.01s Sys=0.00s Real=0.00s
[854.067s][info ][safepoint    ] Leaving safepoint region
[854.067s][info ][safepoint    ] Total time for which application threads were stopped: 0.0030302 seconds, Stopping threads took: 0.0000138 seconds
[855.067s][info ][safepoint    ] Application time: 1.0000985 seconds
[855.067s][info ][safepoint    ] Entering safepoint region: Cleanup
[855.067s][info ][safepoint    ] Leaving safepoint region
[855.067s][info ][safepoint    ] Total time for which application threads were stopped: 0.0000954 seconds, Stopping threads took: 0.0000185 seconds
[858.515s][info ][safepoint    ] Application time: 3.4477688 seconds
[858.515s][info ][safepoint    ] Entering safepoint region: GenCollectForAllocation
[858.515s][info ][gc,start     ] GC(275) Pause Young (Allocation Failure)
[858.515s][info ][gc,task      ] GC(275) Using 4 workers of 4 for evacuation
[858.518s][debug][gc,ref       ] GC(275) Skipped phase1 of Reference Processing due to unavailable references
[858.518s][debug][gc,ref       ] GC(275) Skipped phase2 of Reference Processing due to unavailable references
[858.518s][debug][gc,ref       ] GC(275) Skipped phase3 of Reference Processing due to unavailable references
[858.518s][debug][gc,ref       ] GC(275) Skipped phase4 of Reference Processing due to unavailable references
[858.518s][debug][gc,age       ] GC(275) Desired survivor size 15368192 bytes, new threshold 6 (max threshold 6)
[858.518s][info ][gc,heap      ] GC(275) ParNew: 242032K->1919K(270336K)
[858.518s][info ][gc,heap      ] GC(275) CMS: 258486K->258671K(600768K)
[858.518s][info ][gc,metaspace ] GC(275) Metaspace: 57234K->57234K(1101824K)
[858.518s][info ][gc           ] GC(275) Pause Young (Allocation Failure) 488M->254M(850M) 3.298ms
[858.518s][info ][gc,cpu       ] GC(275) User=0.01s Sys=0.00s Real=0.00s
[858.519s][info ][safepoint    ] Leaving safepoint region
[858.519s][info ][safepoint    ] Total time for which application threads were stopped: 0.0034489 seconds, Stopping threads took: 0.0000256 seconds
[863.113s][info ][safepoint    ] Application time: 4.5944995 seconds
[863.113s][info ][safepoint    ] Entering safepoint region: GenCollectForAllocation
[863.113s][info ][gc,start     ] GC(276) Pause Young (Allocation Failure)
[863.113s][info ][gc,task      ] GC(276) Using 4 workers of 4 for evacuation
[863.115s][debug][gc,ref       ] GC(276) Skipped phase1 of Reference Processing due to unavailable references
[863.115s][debug][gc,ref       ] GC(276) Skipped phase2 of Reference Processing due to unavailable references
[863.115s][debug][gc,ref       ] GC(276) Skipped phase3 of Reference Processing due to unavailable references
[863.115s][debug][gc,ref       ] GC(276) Skipped phase4 of Reference Processing due to unavailable references
[863.116s][debug][gc,age       ] GC(276) Desired survivor size 15368192 bytes, new threshold 6 (max threshold 6)
[863.116s][info ][gc,heap      ] GC(276) ParNew: 242239K->1395K(270336K)
[863.116s][info ][gc,heap      ] GC(276) CMS: 258671K->258705K(600768K)
[863.116s][info ][gc,metaspace ] GC(276) Metaspace: 57234K->57234K(1101824K)
[863.116s][info ][gc           ] GC(276) Pause Young (Allocation Failure) 489M->254M(850M) 2.393ms
[863.116s][info ][gc,cpu       ] GC(276) User=0.01s Sys=0.00s Real=0.00s
[863.116s][info ][safepoint    ] Leaving safepoint region
[863.116s][info ][safepoint    ] Total time for which application threads were stopped: 0.0025493 seconds, Stopping threads took: 0.0000305 seconds
[864.116s][info ][safepoint    ] Application time: 1.0000999 seconds
[864.116s][info ][safepoint    ] Entering safepoint region: Cleanup
[864.116s][info ][safepoint    ] Leaving safepoint region
[864.116s][info ][safepoint    ] Total time for which application threads were stopped: 0.0000839 seconds, Stopping threads took: 0.0000148 seconds
[867.861s][info ][safepoint    ] Application time: 3.7452445 seconds
[867.861s][info ][safepoint    ] Entering safepoint region: GenCollectForAllocation
[867.861s][info ][gc,start     ] GC(277) Pause Young (Allocation Failure)
[867.861s][info ][gc,task      ] GC(277) Using 4 workers of 4 for evacuation
[867.864s][debug][gc,ref       ] GC(277) Skipped phase1 of Reference Processing due to unavailable references
[867.864s][debug][gc,ref       ] GC(277) Skipped phase2 of Reference Processing due to unavailable references
[867.864s][debug][gc,ref       ] GC(277) Skipped phase3 of Reference Processing due to unavailable references
[867.864s][debug][gc,ref       ] GC(277) Skipped phase4 of Reference Processing due to unavailable references
[867.864s][debug][gc,age       ] GC(277) Desired survivor size 15368192 bytes, new threshold 6 (max threshold 6)
[867.864s][info ][gc,heap      ] GC(277) ParNew: 241715K->1085K(270336K)
[867.864s][info ][gc,heap      ] GC(277) CMS: 258705K->258820K(600768K)
[867.864s][info ][gc,metaspace ] GC(277) Metaspace: 57234K->57234K(1101824K)
[867.864s][info ][gc           ] GC(277) Pause Young (Allocation Failure) 488M->253M(850M) 2.516ms
[867.864s][info ][gc,cpu       ] GC(277) User=0.01s Sys=0.00s Real=0.00s
[867.864s][info ][safepoint    ] Leaving safepoint region
[867.864s][info ][safepoint    ] Total time for which application threads were stopped: 0.0026703 seconds, Stopping threads took: 0.0000140 seconds
[870.864s][info ][safepoint    ] Application time: 3.0003917 seconds
[870.864s][info ][safepoint    ] Entering safepoint region: Cleanup
[870.864s][info ][safepoint    ] Leaving safepoint region
[870.864s][info ][safepoint    ] Total time for which application threads were stopped: 0.0001533 seconds, Stopping threads took: 0.0000784 seconds
[872.514s][info ][safepoint    ] Application time: 1.6499311 seconds
[872.514s][info ][safepoint    ] Entering safepoint region: GenCollectForAllocation
[872.514s][info ][gc,start     ] GC(278) Pause Young (Allocation Failure)
[872.514s][info ][gc,task      ] GC(278) Using 4 workers of 4 for evacuation
[872.517s][debug][gc,ref       ] GC(278) Skipped phase1 of Reference Processing due to unavailable references
[872.517s][debug][gc,ref       ] GC(278) Skipped phase2 of Reference Processing due to unavailable references
[872.517s][debug][gc,ref       ] GC(278) Skipped phase3 of Reference Processing due to unavailable references
[872.517s][debug][gc,ref       ] GC(278) Skipped phase4 of Reference Processing due to unavailable references
[872.517s][debug][gc,age       ] GC(278) Desired survivor size 15368192 bytes, new threshold 6 (max threshold 6)
[872.517s][info ][gc,heap      ] GC(278) ParNew: 241405K->1509K(270336K)
[872.517s][info ][gc,heap      ] GC(278) CMS: 258820K->258827K(600768K)
[872.517s][info ][gc,metaspace ] GC(278) Metaspace: 57235K->57235K(1101824K)
[872.517s][info ][gc           ] GC(278) Pause Young (Allocation Failure) 488M->254M(850M) 2.331ms
[872.517s][info ][gc,cpu       ] GC(278) User=0.01s Sys=0.00s Real=0.00s
[872.517s][info ][safepoint    ] Leaving safepoint region
[872.517s][info ][safepoint    ] Total time for which application threads were stopped: 0.0024747 seconds, Stopping threads took: 0.0000155 seconds
[873.517s][info ][safepoint    ] Application time: 1.0001031 seconds
[873.517s][info ][safepoint    ] Entering safepoint region: Cleanup
[873.517s][info ][safepoint    ] Leaving safepoint region
[873.517s][info ][safepoint    ] Total time for which application threads were stopped: 0.0000693 seconds, Stopping threads took: 0.0000163 seconds
[877.265s][info ][safepoint    ] Application time: 3.7483221 seconds
[877.265s][info ][safepoint    ] Entering safepoint region: GenCollectForAllocation
[877.265s][info ][gc,start     ] GC(279) Pause Young (Allocation Failure)
[877.266s][info ][gc,task      ] GC(279) Using 4 workers of 4 for evacuation
[877.268s][debug][gc,ref       ] GC(279) Skipped phase1 of Reference Processing due to unavailable references
[877.268s][debug][gc,ref       ] GC(279) Skipped phase2 of Reference Processing due to unavailable references
[877.268s][debug][gc,ref       ] GC(279) Skipped phase3 of Reference Processing due to unavailable references
[877.268s][debug][gc,ref       ] GC(279) Skipped phase4 of Reference Processing due to unavailable references
[877.268s][debug][gc,age       ] GC(279) Desired survivor size 15368192 bytes, new threshold 6 (max threshold 6)
[877.268s][info ][gc,heap      ] GC(279) ParNew: 241829K->1175K(270336K)
[877.268s][info ][gc,heap      ] GC(279) CMS: 258827K->259095K(600768K)
[877.268s][info ][gc,metaspace ] GC(279) Metaspace: 57235K->57235K(1101824K)
[877.268s][info ][gc           ] GC(279) Pause Young (Allocation Failure) 488M->254M(850M) 2.726ms
[877.268s][info ][gc,cpu       ] GC(279) User=0.01s Sys=0.00s Real=0.00s
[877.268s][info ][safepoint    ] Leaving safepoint region
[877.268s][info ][safepoint    ] Total time for which application threads were stopped: 0.0028585 seconds, Stopping threads took: 0.0000136 seconds
[878.268s][info ][safepoint    ] Application time: 1.0000542 seconds
[878.268s][info ][safepoint    ] Entering safepoint region: Cleanup
[878.268s][info ][safepoint    ] Leaving safepoint region
[878.268s][info ][safepoint    ] Total time for which application threads were stopped: 0.0000738 seconds, Stopping threads took: 0.0000165 seconds
[881.269s][info ][safepoint    ] Application time: 3.0002388 seconds
[881.269s][info ][safepoint    ] Entering safepoint region: Cleanup
[881.269s][info ][safepoint    ] Leaving safepoint region
[881.269s][info ][safepoint    ] Total time for which application threads were stopped: 0.0000745 seconds, Stopping threads took: 0.0000172 seconds
[882.058s][info ][safepoint    ] Application time: 0.7891584 seconds
[882.058s][info ][safepoint    ] Entering safepoint region: GenCollectForAllocation
[882.058s][info ][gc,start     ] GC(280) Pause Young (Allocation Failure)
[882.058s][info ][gc,task      ] GC(280) Using 4 workers of 4 for evacuation
[882.060s][debug][gc,ref       ] GC(280) Skipped phase1 of Reference Processing due to unavailable references
[882.060s][debug][gc,ref       ] GC(280) Skipped phase2 of Reference Processing due to unavailable references
[882.060s][debug][gc,ref       ] GC(280) Skipped phase3 of Reference Processing due to unavailable references
[882.060s][debug][gc,ref       ] GC(280) Skipped phase4 of Reference Processing due to unavailable references
[882.060s][debug][gc,age       ] GC(280) Desired survivor size 15368192 bytes, new threshold 6 (max threshold 6)
[882.060s][info ][gc,heap      ] GC(280) ParNew: 241495K->915K(270336K)
[882.060s][info ][gc,heap      ] GC(280) CMS: 259095K->259302K(600768K)
[882.060s][info ][gc,metaspace ] GC(280) Metaspace: 57235K->57235K(1101824K)
[882.061s][info ][gc           ] GC(280) Pause Young (Allocation Failure) 488M->254M(850M) 2.425ms
[882.061s][info ][gc,cpu       ] GC(280) User=0.01s Sys=0.00s Real=0.00s
[882.061s][info ][safepoint    ] Leaving safepoint region
[882.061s][info ][safepoint    ] Total time for which application threads were stopped: 0.0025727 seconds, Stopping threads took: 0.0000274 seconds
[883.061s][info ][safepoint    ] Application time: 1.0000963 seconds
[883.061s][info ][safepoint    ] Entering safepoint region: Cleanup
[883.061s][info ][safepoint    ] Leaving safepoint region
[883.061s][info ][safepoint    ] Total time for which application threads were stopped: 0.0001277 seconds, Stopping threads took: 0.0000588 seconds
[886.061s][info ][safepoint    ] Application time: 3.0002473 seconds
[886.061s][info ][safepoint    ] Entering safepoint region: Cleanup
[886.061s][info ][safepoint    ] Leaving safepoint region
[886.061s][info ][safepoint    ] Total time for which application threads were stopped: 0.0002482 seconds, Stopping threads took: 0.0001397 seconds
[886.658s][info ][safepoint    ] Application time: 0.5970323 seconds
[886.658s][info ][safepoint    ] Entering safepoint region: GenCollectForAllocation
[886.659s][info ][gc,start     ] GC(281) Pause Young (Allocation Failure)
[886.659s][info ][gc,task      ] GC(281) Using 4 workers of 4 for evacuation
[886.661s][debug][gc,ref       ] GC(281) Skipped phase1 of Reference Processing due to unavailable references
[886.661s][debug][gc,ref       ] GC(281) Skipped phase2 of Reference Processing due to unavailable references
[886.661s][debug][gc,ref       ] GC(281) Skipped phase3 of Reference Processing due to unavailable references
[886.661s][debug][gc,ref       ] GC(281) Skipped phase4 of Reference Processing due to unavailable references
[886.661s][debug][gc,age       ] GC(281) Desired survivor size 15368192 bytes, new threshold 6 (max threshold 6)
[886.661s][info ][gc,heap      ] GC(281) ParNew: 241235K->1031K(270336K)
[886.661s][info ][gc,heap      ] GC(281) CMS: 259302K->259332K(600768K)
[886.661s][info ][gc,metaspace ] GC(281) Metaspace: 57237K->57237K(1101824K)
[886.661s][info ][gc           ] GC(281) Pause Young (Allocation Failure) 488M->254M(850M) 2.398ms
[886.661s][info ][gc,cpu       ] GC(281) User=0.00s Sys=0.00s Real=0.00s
[886.661s][info ][safepoint    ] Leaving safepoint region
[886.661s][info ][safepoint    ] Total time for which application threads were stopped: 0.0025753 seconds, Stopping threads took: 0.0000526 seconds
[888.661s][info ][safepoint    ] Application time: 2.0002000 seconds
[888.661s][info ][safepoint    ] Entering safepoint region: Cleanup
[888.661s][info ][safepoint    ] Leaving safepoint region
[888.661s][info ][safepoint    ] Total time for which application threads were stopped: 0.0001083 seconds, Stopping threads took: 0.0000416 seconds
[891.066s][info ][safepoint    ] Application time: 2.4048267 seconds
[891.066s][info ][safepoint    ] Entering safepoint region: GenCollectForAllocation
[891.066s][info ][gc,start     ] GC(282) Pause Young (Allocation Failure)
[891.066s][info ][gc,task      ] GC(282) Using 4 workers of 4 for evacuation
[891.069s][debug][gc,ref       ] GC(282) Skipped phase1 of Reference Processing due to unavailable references
[891.069s][debug][gc,ref       ] GC(282) Skipped phase2 of Reference Processing due to unavailable references
[891.069s][debug][gc,ref       ] GC(282) Skipped phase3 of Reference Processing due to unavailable references
[891.069s][debug][gc,ref       ] GC(282) Skipped phase4 of Reference Processing due to unavailable references
[891.069s][debug][gc,age       ] GC(282) Desired survivor size 15368192 bytes, new threshold 6 (max threshold 6)
[891.069s][info ][gc,heap      ] GC(282) ParNew: 241351K->1252K(270336K)
[891.069s][info ][gc,heap      ] GC(282) CMS: 259332K->259340K(600768K)
[891.069s][info ][gc,metaspace ] GC(282) Metaspace: 57237K->57237K(1101824K)
[891.069s][info ][gc           ] GC(282) Pause Young (Allocation Failure) 488M->254M(850M) 2.440ms
[891.069s][info ][gc,cpu       ] GC(282) User=0.01s Sys=0.00s Real=0.00s
[891.069s][info ][safepoint    ] Leaving safepoint region
[891.069s][info ][safepoint    ] Total time for which application threads were stopped: 0.0025961 seconds, Stopping threads took: 0.0000154 seconds
[895.561s][info ][safepoint    ] Application time: 4.4921170 seconds
[895.561s][info ][safepoint    ] Entering safepoint region: GenCollectForAllocation
[895.561s][info ][gc,start     ] GC(283) Pause Young (Allocation Failure)
[895.561s][info ][gc,task      ] GC(283) Using 4 workers of 4 for evacuation
[895.563s][debug][gc,ref       ] GC(283) Skipped phase1 of Reference Processing due to unavailable references
[895.563s][debug][gc,ref       ] GC(283) Skipped phase2 of Reference Processing due to unavailable references
[895.563s][debug][gc,ref       ] GC(283) Skipped phase3 of Reference Processing due to unavailable references
[895.563s][debug][gc,ref       ] GC(283) Skipped phase4 of Reference Processing due to unavailable references
[895.563s][debug][gc,age       ] GC(283) Desired survivor size 15368192 bytes, new threshold 6 (max threshold 6)
[895.564s][info ][gc,heap      ] GC(283) ParNew: 241572K->1088K(270336K)
[895.564s][info ][gc,heap      ] GC(283) CMS: 259340K->259558K(600768K)
[895.564s][info ][gc,metaspace ] GC(283) Metaspace: 57239K->57239K(1101824K)
[895.564s][info ][gc           ] GC(283) Pause Young (Allocation Failure) 489M->254M(850M) 2.437ms
[895.564s][info ][gc,cpu       ] GC(283) User=0.00s Sys=0.00s Real=0.00s
[895.564s][info ][safepoint    ] Leaving safepoint region
[895.564s][info ][safepoint    ] Total time for which application threads were stopped: 0.0025907 seconds, Stopping threads took: 0.0000241 seconds
[898.564s][info ][safepoint    ] Application time: 3.0002433 seconds
[898.564s][info ][safepoint    ] Entering safepoint region: Cleanup
[898.564s][info ][safepoint    ] Leaving safepoint region
[898.564s][info ][safepoint    ] Total time for which application threads were stopped: 0.0001779 seconds, Stopping threads took: 0.0000921 seconds
[900.309s][info ][safepoint    ] Application time: 1.7447228 seconds
[900.309s][info ][safepoint    ] Entering safepoint region: GenCollectForAllocation
[900.309s][info ][gc,start     ] GC(284) Pause Young (Allocation Failure)
[900.309s][info ][gc,task      ] GC(284) Using 4 workers of 4 for evacuation
[900.311s][debug][gc,ref       ] GC(284) Skipped phase1 of Reference Processing due to unavailable references
[900.311s][debug][gc,ref       ] GC(284) Skipped phase2 of Reference Processing due to unavailable references
[900.311s][debug][gc,ref       ] GC(284) Skipped phase3 of Reference Processing due to unavailable references
[900.311s][debug][gc,ref       ] GC(284) Skipped phase4 of Reference Processing due to unavailable references
[900.311s][debug][gc,age       ] GC(284) Desired survivor size 15368192 bytes, new threshold 6 (max threshold 6)
[900.311s][info ][gc,heap      ] GC(284) ParNew: 241408K->1207K(270336K)
[900.311s][info ][gc,heap      ] GC(284) CMS: 259558K->259662K(600768K)
[900.311s][info ][gc,metaspace ] GC(284) Metaspace: 57239K->57239K(1101824K)
[900.311s][info ][gc           ] GC(284) Pause Young (Allocation Failure) 489M->254M(850M) 2.306ms
[900.311s][info ][gc,cpu       ] GC(284) User=0.00s Sys=0.00s Real=0.00s
[900.311s][info ][safepoint    ] Leaving safepoint region
[900.311s][info ][safepoint    ] Total time for which application threads were stopped: 0.0024379 seconds, Stopping threads took: 0.0000134 seconds
[901.311s][info ][safepoint    ] Application time: 1.0000861 seconds
[901.311s][info ][safepoint    ] Entering safepoint region: Cleanup
[901.311s][info ][safepoint    ] Leaving safepoint region
[901.311s][info ][safepoint    ] Total time for which application threads were stopped: 0.0001348 seconds, Stopping threads took: 0.0000672 seconds
[903.312s][info ][safepoint    ] Application time: 2.0001604 seconds
[903.312s][info ][safepoint    ] Entering safepoint region: Cleanup
[903.312s][info ][safepoint    ] Leaving safepoint region
[903.312s][info ][safepoint    ] Total time for which application threads were stopped: 0.0002304 seconds, Stopping threads took: 0.0000798 seconds
[905.008s][info ][safepoint    ] Application time: 1.6963814 seconds
[905.008s][info ][safepoint    ] Entering safepoint region: GenCollectForAllocation
[905.008s][info ][gc,start     ] GC(285) Pause Young (Allocation Failure)
[905.008s][info ][gc,task      ] GC(285) Using 4 workers of 4 for evacuation
[905.011s][debug][gc,ref       ] GC(285) Skipped phase1 of Reference Processing due to unavailable references
[905.011s][debug][gc,ref       ] GC(285) Skipped phase2 of Reference Processing due to unavailable references
[905.011s][debug][gc,ref       ] GC(285) Skipped phase3 of Reference Processing due to unavailable references
[905.011s][debug][gc,ref       ] GC(285) Skipped phase4 of Reference Processing due to unavailable references
[905.011s][debug][gc,age       ] GC(285) Desired survivor size 15368192 bytes, new threshold 6 (max threshold 6)
[905.011s][info ][gc,heap      ] GC(285) ParNew: 241527K->1093K(270336K)
[905.011s][info ][gc,heap      ] GC(285) CMS: 259662K->259663K(600768K)
[905.011s][info ][gc,metaspace ] GC(285) Metaspace: 57245K->57245K(1101824K)
[905.011s][info ][gc           ] GC(285) Pause Young (Allocation Failure) 489M->254M(850M) 2.863ms
[905.011s][info ][gc,cpu       ] GC(285) User=0.01s Sys=0.00s Real=0.00s
[905.011s][info ][safepoint    ] Leaving safepoint region
[905.011s][info ][safepoint    ] Total time for which application threads were stopped: 0.0030410 seconds, Stopping threads took: 0.0000510 seconds
[909.759s][info ][safepoint    ] Application time: 4.7480366 seconds
[909.759s][info ][safepoint    ] Entering safepoint region: GenCollectForAllocation
[909.760s][info ][gc,start     ] GC(286) Pause Young (Allocation Failure)
[909.760s][info ][gc,task      ] GC(286) Using 4 workers of 4 for evacuation
[909.762s][debug][gc,ref       ] GC(286) Skipped phase1 of Reference Processing due to unavailable references
[909.762s][debug][gc,ref       ] GC(286) Skipped phase2 of Reference Processing due to unavailable references
[909.762s][debug][gc,ref       ] GC(286) Skipped phase3 of Reference Processing due to unavailable references
[909.762s][debug][gc,ref       ] GC(286) Skipped phase4 of Reference Processing due to unavailable references
[909.762s][debug][gc,age       ] GC(286) Desired survivor size 15368192 bytes, new threshold 6 (max threshold 6)
[909.762s][info ][gc,heap      ] GC(286) ParNew: 241413K->1250K(270336K)
[909.762s][info ][gc,heap      ] GC(286) CMS: 259663K->259787K(600768K)
[909.762s][info ][gc,metaspace ] GC(286) Metaspace: 57245K->57245K(1101824K)
[909.762s][info ][gc           ] GC(286) Pause Young (Allocation Failure) 489M->254M(850M) 2.673ms
[909.762s][info ][gc,cpu       ] GC(286) User=0.01s Sys=0.00s Real=0.00s
[909.762s][info ][safepoint    ] Leaving safepoint region
[909.762s][info ][safepoint    ] Total time for which application threads were stopped: 0.0028123 seconds, Stopping threads took: 0.0000155 seconds
[912.762s][info ][safepoint    ] Application time: 3.0002393 seconds
[912.763s][info ][safepoint    ] Entering safepoint region: Cleanup
[912.763s][info ][safepoint    ] Leaving safepoint region
[912.763s][info ][safepoint    ] Total time for which application threads were stopped: 0.0001406 seconds, Stopping threads took: 0.0000485 seconds
[913.459s][info ][safepoint    ] Application time: 0.6966451 seconds
[913.459s][info ][safepoint    ] Entering safepoint region: GenCollectForAllocation
[913.460s][info ][gc,start     ] GC(287) Pause Young (Allocation Failure)
[913.460s][info ][gc,task      ] GC(287) Using 4 workers of 4 for evacuation
[913.462s][debug][gc,ref       ] GC(287) Skipped phase1 of Reference Processing due to unavailable references
[913.462s][debug][gc,ref       ] GC(287) Skipped phase2 of Reference Processing due to unavailable references
[913.462s][debug][gc,ref       ] GC(287) Skipped phase3 of Reference Processing due to unavailable references
[913.462s][debug][gc,ref       ] GC(287) Skipped phase4 of Reference Processing due to unavailable references
[913.462s][debug][gc,age       ] GC(287) Desired survivor size 15368192 bytes, new threshold 6 (max threshold 6)
[913.462s][info ][gc,heap      ] GC(287) ParNew: 241570K->971K(270336K)
[913.462s][info ][gc,heap      ] GC(287) CMS: 259787K->260036K(600768K)
[913.462s][info ][gc,metaspace ] GC(287) Metaspace: 57252K->57252K(1101824K)
[913.462s][info ][gc           ] GC(287) Pause Young (Allocation Failure) 489M->254M(850M) 2.599ms
[913.462s][info ][gc,cpu       ] GC(287) User=0.00s Sys=0.00s Real=0.00s
[913.462s][info ][safepoint    ] Leaving safepoint region
[913.462s][info ][safepoint    ] Total time for which application threads were stopped: 0.0028155 seconds, Stopping threads took: 0.0000701 seconds
[918.110s][info ][safepoint    ] Application time: 4.6474273 seconds
[918.110s][info ][safepoint    ] Entering safepoint region: GenCollectForAllocation
[918.110s][info ][gc,start     ] GC(288) Pause Young (Allocation Failure)
[918.110s][info ][gc,task      ] GC(288) Using 4 workers of 4 for evacuation
[918.113s][debug][gc,ref       ] GC(288) Skipped phase1 of Reference Processing due to unavailable references
[918.113s][debug][gc,ref       ] GC(288) Skipped phase2 of Reference Processing due to unavailable references
[918.113s][debug][gc,ref       ] GC(288) Skipped phase3 of Reference Processing due to unavailable references
[918.113s][debug][gc,ref       ] GC(288) Skipped phase4 of Reference Processing due to unavailable references
[918.113s][debug][gc,age       ] GC(288) Desired survivor size 15368192 bytes, new threshold 6 (max threshold 6)
[918.113s][info ][gc,heap      ] GC(288) ParNew: 241291K->1234K(270336K)
[918.113s][info ][gc,heap      ] GC(288) CMS: 260036K->260342K(600768K)
[918.113s][info ][gc,metaspace ] GC(288) Metaspace: 57254K->57254K(1101824K)
[918.113s][info ][gc           ] GC(288) Pause Young (Allocation Failure) 489M->255M(850M) 3.155ms
[918.113s][info ][gc,cpu       ] GC(288) User=0.01s Sys=0.00s Real=0.01s
[918.113s][info ][safepoint    ] Leaving safepoint region
[918.113s][info ][safepoint    ] Total time for which application threads were stopped: 0.0033687 seconds, Stopping threads took: 0.0000738 seconds
[922.809s][info ][safepoint    ] Application time: 4.6956853 seconds
[922.809s][info ][safepoint    ] Entering safepoint region: GenCollectForAllocation
[922.809s][info ][gc,start     ] GC(289) Pause Young (Allocation Failure)
[922.809s][info ][gc,task      ] GC(289) Using 4 workers of 4 for evacuation
[922.811s][debug][gc,ref       ] GC(289) Skipped phase1 of Reference Processing due to unavailable references
[922.811s][debug][gc,ref       ] GC(289) Skipped phase2 of Reference Processing due to unavailable references
[922.811s][debug][gc,ref       ] GC(289) Skipped phase3 of Reference Processing due to unavailable references
[922.811s][debug][gc,ref       ] GC(289) Skipped phase4 of Reference Processing due to unavailable references
[922.811s][debug][gc,age       ] GC(289) Desired survivor size 15368192 bytes, new threshold 6 (max threshold 6)
[922.811s][info ][gc,heap      ] GC(289) ParNew: 241554K->1228K(270336K)
[922.811s][info ][gc,heap      ] GC(289) CMS: 260342K->260353K(600768K)
[922.811s][info ][gc,metaspace ] GC(289) Metaspace: 57255K->57255K(1101824K)
[922.811s][info ][gc           ] GC(289) Pause Young (Allocation Failure) 490M->255M(850M) 2.395ms
[922.811s][info ][gc,cpu       ] GC(289) User=0.01s Sys=0.00s Real=0.00s
[922.811s][info ][safepoint    ] Leaving safepoint region
[922.811s][info ][safepoint    ] Total time for which application threads were stopped: 0.0026084 seconds, Stopping threads took: 0.0000773 seconds
[923.811s][info ][safepoint    ] Application time: 1.0001023 seconds
[923.812s][info ][safepoint    ] Entering safepoint region: Cleanup
[923.812s][info ][safepoint    ] Leaving safepoint region
[923.812s][info ][safepoint    ] Total time for which application threads were stopped: 0.0001346 seconds, Stopping threads took: 0.0000594 seconds
[924.812s][info ][safepoint    ] Application time: 1.0000936 seconds
[924.812s][info ][safepoint    ] Entering safepoint region: Cleanup
[924.812s][info ][safepoint    ] Leaving safepoint region
[924.812s][info ][safepoint    ] Total time for which application threads were stopped: 0.0001336 seconds, Stopping threads took: 0.0000620 seconds
[927.508s][info ][safepoint    ] Application time: 2.6965605 seconds
[927.509s][info ][safepoint    ] Entering safepoint region: GenCollectForAllocation
[927.509s][info ][gc,start     ] GC(290) Pause Young (Allocation Failure)
[927.509s][info ][gc,task      ] GC(290) Using 4 workers of 4 for evacuation
[927.512s][debug][gc,ref       ] GC(290) Skipped phase1 of Reference Processing due to unavailable references
[927.512s][debug][gc,ref       ] GC(290) Skipped phase2 of Reference Processing due to unavailable references
[927.512s][debug][gc,ref       ] GC(290) Skipped phase3 of Reference Processing due to unavailable references
[927.512s][debug][gc,ref       ] GC(290) Skipped phase4 of Reference Processing due to unavailable references
[927.512s][debug][gc,age       ] GC(290) Desired survivor size 15368192 bytes, new threshold 6 (max threshold 6)
[927.512s][info ][gc,heap      ] GC(290) ParNew: 241548K->1522K(270336K)
[927.512s][info ][gc,heap      ] GC(290) CMS: 260353K->260359K(600768K)
[927.512s][info ][gc,metaspace ] GC(290) Metaspace: 57263K->57263K(1101824K)
[927.512s][info ][gc           ] GC(290) Pause Young (Allocation Failure) 490M->255M(850M) 3.265ms
[927.512s][info ][gc,cpu       ] GC(290) User=0.01s Sys=0.00s Real=0.00s
[927.512s][info ][safepoint    ] Leaving safepoint region
[927.512s][info ][safepoint    ] Total time for which application threads were stopped: 0.0034823 seconds, Stopping threads took: 0.0000779 seconds
[928.512s][info ][safepoint    ] Application time: 1.0001049 seconds
[928.513s][info ][safepoint    ] Entering safepoint region: Cleanup
[928.513s][info ][safepoint    ] Leaving safepoint region
[928.513s][info ][safepoint    ] Total time for which application threads were stopped: 0.0013815 seconds, Stopping threads took: 0.0012338 seconds
[929.514s][info ][safepoint    ] Application time: 1.0001636 seconds
[929.514s][info ][safepoint    ] Entering safepoint region: Cleanup
[929.514s][info ][safepoint    ] Leaving safepoint region
[929.514s][info ][safepoint    ] Total time for which application threads were stopped: 0.0001558 seconds, Stopping threads took: 0.0000882 seconds
[930.514s][info ][safepoint    ] Application time: 1.0000889 seconds
[930.514s][info ][safepoint    ] Entering safepoint region: Cleanup
[930.514s][info ][safepoint    ] Leaving safepoint region
[930.514s][info ][safepoint    ] Total time for which application threads were stopped: 0.0001490 seconds, Stopping threads took: 0.0000628 seconds
[931.514s][info ][safepoint    ] Application time: 1.0000943 seconds
[931.514s][info ][safepoint    ] Entering safepoint region: Cleanup
[931.514s][info ][safepoint    ] Leaving safepoint region
[931.514s][info ][safepoint    ] Total time for which application threads were stopped: 0.0001653 seconds, Stopping threads took: 0.0000744 seconds
[932.108s][info ][safepoint    ] Application time: 0.5940090 seconds
[932.108s][info ][safepoint    ] Entering safepoint region: GenCollectForAllocation
[932.109s][info ][gc,start     ] GC(291) Pause Young (Allocation Failure)
[932.109s][info ][gc,task      ] GC(291) Using 4 workers of 4 for evacuation
[932.111s][debug][gc,ref       ] GC(291) Skipped phase1 of Reference Processing due to unavailable references
[932.111s][debug][gc,ref       ] GC(291) Skipped phase2 of Reference Processing due to unavailable references
[932.111s][debug][gc,ref       ] GC(291) Skipped phase3 of Reference Processing due to unavailable references
[932.111s][debug][gc,ref       ] GC(291) Skipped phase4 of Reference Processing due to unavailable references
[932.111s][debug][gc,age       ] GC(291) Desired survivor size 15368192 bytes, new threshold 6 (max threshold 6)
[932.111s][info ][gc,heap      ] GC(291) ParNew: 241842K->1906K(270336K)
[932.111s][info ][gc,heap      ] GC(291) CMS: 260359K->260486K(600768K)
[932.111s][info ][gc,metaspace ] GC(291) Metaspace: 57269K->57269K(1101824K)
[932.111s][info ][gc           ] GC(291) Pause Young (Allocation Failure) 490M->256M(850M) 2.885ms
[932.112s][info ][gc,cpu       ] GC(291) User=0.01s Sys=0.00s Real=0.00s
[932.112s][info ][safepoint    ] Leaving safepoint region
[932.112s][info ][safepoint    ] Total time for which application threads were stopped: 0.0030720 seconds, Stopping threads took: 0.0000445 seconds
[933.112s][info ][safepoint    ] Application time: 1.0001062 seconds
[933.112s][info ][safepoint    ] Entering safepoint region: Cleanup
[933.112s][info ][safepoint    ] Leaving safepoint region
[933.112s][info ][safepoint    ] Total time for which application threads were stopped: 0.0001649 seconds, Stopping threads took: 0.0000917 seconds
[934.112s][info ][safepoint    ] Application time: 1.0000895 seconds
[934.112s][info ][safepoint    ] Entering safepoint region: Cleanup
[934.112s][info ][safepoint    ] Leaving safepoint region
[934.112s][info ][safepoint    ] Total time for which application threads were stopped: 0.0001919 seconds, Stopping threads took: 0.0001095 seconds
[936.112s][info ][safepoint    ] Application time: 2.0001717 seconds
[936.112s][info ][safepoint    ] Entering safepoint region: Cleanup
[936.113s][info ][safepoint    ] Leaving safepoint region
[936.113s][info ][safepoint    ] Total time for which application threads were stopped: 0.0001438 seconds, Stopping threads took: 0.0000718 seconds
[936.709s][info ][safepoint    ] Application time: 0.5961658 seconds
[936.709s][info ][safepoint    ] Entering safepoint region: GenCollectForAllocation
[936.709s][info ][gc,start     ] GC(292) Pause Young (Allocation Failure)
[936.709s][info ][gc,task      ] GC(292) Using 4 workers of 4 for evacuation
[936.712s][debug][gc,ref       ] GC(292) Skipped phase1 of Reference Processing due to unavailable references
[936.712s][debug][gc,ref       ] GC(292) Skipped phase2 of Reference Processing due to unavailable references
[936.712s][debug][gc,ref       ] GC(292) Skipped phase3 of Reference Processing due to unavailable references
[936.712s][debug][gc,ref       ] GC(292) Skipped phase4 of Reference Processing due to unavailable references
[936.712s][debug][gc,age       ] GC(292) Desired survivor size 15368192 bytes, new threshold 6 (max threshold 6)
[936.712s][info ][gc,heap      ] GC(292) ParNew: 242226K->1604K(270336K)
[936.712s][info ][gc,heap      ] GC(292) CMS: 260486K->260549K(600768K)
[936.712s][info ][gc,metaspace ] GC(292) Metaspace: 57269K->57269K(1101824K)
[936.712s][info ][gc           ] GC(292) Pause Young (Allocation Failure) 490M->256M(850M) 3.067ms
[936.712s][info ][gc,cpu       ] GC(292) User=0.01s Sys=0.00s Real=0.00s
[936.712s][info ][safepoint    ] Leaving safepoint region
[936.712s][info ][safepoint    ] Total time for which application threads were stopped: 0.0032640 seconds, Stopping threads took: 0.0000661 seconds
[938.712s][info ][safepoint    ] Application time: 2.0002634 seconds
[938.712s][info ][safepoint    ] Entering safepoint region: Cleanup
[938.712s][info ][safepoint    ] Leaving safepoint region
[938.712s][info ][safepoint    ] Total time for which application threads were stopped: 0.0001265 seconds, Stopping threads took: 0.0000504 seconds
[939.713s][info ][safepoint    ] Application time: 1.0001408 seconds
[939.713s][info ][safepoint    ] Entering safepoint region: Cleanup
[939.713s][info ][safepoint    ] Leaving safepoint region
[939.713s][info ][safepoint    ] Total time for which application threads were stopped: 0.0001410 seconds, Stopping threads took: 0.0000625 seconds
[940.713s][info ][safepoint    ] Application time: 1.0000997 seconds
[940.713s][info ][safepoint    ] Entering safepoint region: Cleanup
[940.713s][info ][safepoint    ] Leaving safepoint region
[940.713s][info ][safepoint    ] Total time for which application threads were stopped: 0.0001378 seconds, Stopping threads took: 0.0000649 seconds
[941.409s][info ][safepoint    ] Application time: 0.6955427 seconds
[941.409s][info ][safepoint    ] Entering safepoint region: GenCollectForAllocation
[941.409s][info ][gc,start     ] GC(293) Pause Young (Allocation Failure)
[941.409s][info ][gc,task      ] GC(293) Using 4 workers of 4 for evacuation
[941.412s][debug][gc,ref       ] GC(293) Skipped phase1 of Reference Processing due to unavailable references
[941.412s][debug][gc,ref       ] GC(293) Skipped phase2 of Reference Processing due to unavailable references
[941.412s][debug][gc,ref       ] GC(293) Skipped phase3 of Reference Processing due to unavailable references
[941.412s][debug][gc,ref       ] GC(293) Skipped phase4 of Reference Processing due to unavailable references
[941.412s][debug][gc,age       ] GC(293) Desired survivor size 15368192 bytes, new threshold 6 (max threshold 6)
[941.412s][info ][gc,heap      ] GC(293) ParNew: 241924K->1797K(270336K)
[941.412s][info ][gc,heap      ] GC(293) CMS: 260549K->260624K(600768K)
[941.412s][info ][gc,metaspace ] GC(293) Metaspace: 57271K->57271K(1101824K)
[941.412s][info ][gc           ] GC(293) Pause Young (Allocation Failure) 490M->256M(850M) 3.083ms
[941.412s][info ][gc,cpu       ] GC(293) User=0.01s Sys=0.00s Real=0.00s
[941.412s][info ][safepoint    ] Leaving safepoint region
[941.412s][info ][safepoint    ] Total time for which application threads were stopped: 0.0032540 seconds, Stopping threads took: 0.0000368 seconds
[942.412s][info ][safepoint    ] Application time: 1.0001185 seconds
[942.412s][info ][safepoint    ] Entering safepoint region: Cleanup
[942.412s][info ][safepoint    ] Leaving safepoint region
[942.412s][info ][safepoint    ] Total time for which application threads were stopped: 0.0001312 seconds, Stopping threads took: 0.0000505 seconds
[945.412s][info ][safepoint    ] Application time: 3.0002470 seconds
[945.412s][info ][safepoint    ] Entering safepoint region: Cleanup
[945.413s][info ][safepoint    ] Leaving safepoint region
[945.413s][info ][safepoint    ] Total time for which application threads were stopped: 0.0001360 seconds, Stopping threads took: 0.0000652 seconds
[946.017s][info ][safepoint    ] Application time: 0.6041000 seconds
[946.017s][info ][safepoint    ] Entering safepoint region: GenCollectForAllocation
[946.017s][info ][gc,start     ] GC(294) Pause Young (Allocation Failure)
[946.017s][info ][gc,task      ] GC(294) Using 4 workers of 4 for evacuation
[946.020s][debug][gc,ref       ] GC(294) Skipped phase1 of Reference Processing due to unavailable references
[946.020s][debug][gc,ref       ] GC(294) Skipped phase2 of Reference Processing due to unavailable references
[946.020s][debug][gc,ref       ] GC(294) Skipped phase3 of Reference Processing due to unavailable references
[946.020s][debug][gc,ref       ] GC(294) Skipped phase4 of Reference Processing due to unavailable references
[946.020s][debug][gc,age       ] GC(294) Desired survivor size 15368192 bytes, new threshold 6 (max threshold 6)
[946.020s][info ][gc,heap      ] GC(294) ParNew: 242117K->1512K(270336K)
[946.020s][info ][gc,heap      ] GC(294) CMS: 260624K->260993K(600768K)
[946.020s][info ][gc,metaspace ] GC(294) Metaspace: 57276K->57276K(1101824K)
[946.020s][info ][gc           ] GC(294) Pause Young (Allocation Failure) 490M->256M(850M) 2.994ms
[946.020s][info ][gc,cpu       ] GC(294) User=0.01s Sys=0.00s Real=0.00s
[946.020s][info ][safepoint    ] Leaving safepoint region
[946.020s][info ][safepoint    ] Total time for which application threads were stopped: 0.0031355 seconds, Stopping threads took: 0.0000148 seconds
[947.020s][info ][safepoint    ] Application time: 1.0000994 seconds
[947.020s][info ][safepoint    ] Entering safepoint region: Cleanup
[947.020s][info ][safepoint    ] Leaving safepoint region
[947.020s][info ][safepoint    ] Total time for which application threads were stopped: 0.0000887 seconds, Stopping threads took: 0.0000175 seconds
[948.020s][info ][safepoint    ] Application time: 1.0001836 seconds
[948.020s][info ][safepoint    ] Entering safepoint region: Cleanup
[948.020s][info ][safepoint    ] Leaving safepoint region
[948.020s][info ][safepoint    ] Total time for which application threads were stopped: 0.0000921 seconds, Stopping threads took: 0.0000148 seconds
[949.021s][info ][safepoint    ] Application time: 1.0001273 seconds
[949.021s][info ][safepoint    ] Entering safepoint region: Cleanup
[949.021s][info ][safepoint    ] Leaving safepoint region
[949.021s][info ][safepoint    ] Total time for which application threads were stopped: 0.0000729 seconds, Stopping threads took: 0.0000135 seconds
[950.663s][info ][safepoint    ] Application time: 1.6419153 seconds
[950.663s][info ][safepoint    ] Entering safepoint region: GenCollectForAllocation
[950.663s][info ][gc,start     ] GC(295) Pause Young (Allocation Failure)
[950.663s][info ][gc,task      ] GC(295) Using 4 workers of 4 for evacuation
[950.665s][debug][gc,ref       ] GC(295) Skipped phase1 of Reference Processing due to unavailable references
[950.665s][debug][gc,ref       ] GC(295) Skipped phase2 of Reference Processing due to unavailable references
[950.665s][debug][gc,ref       ] GC(295) Skipped phase3 of Reference Processing due to unavailable references
[950.665s][debug][gc,ref       ] GC(295) Skipped phase4 of Reference Processing due to unavailable references
[950.665s][debug][gc,age       ] GC(295) Desired survivor size 15368192 bytes, new threshold 6 (max threshold 6)
[950.665s][info ][gc,heap      ] GC(295) ParNew: 241832K->1512K(270336K)
[950.665s][info ][gc,heap      ] GC(295) CMS: 260993K->261067K(600768K)
[950.665s][info ][gc,metaspace ] GC(295) Metaspace: 57277K->57277K(1101824K)
[950.665s][info ][gc           ] GC(295) Pause Young (Allocation Failure) 491M->256M(850M) 2.799ms
[950.665s][info ][gc,cpu       ] GC(295) User=0.01s Sys=0.00s Real=0.01s
[950.666s][info ][safepoint    ] Leaving safepoint region
[950.666s][info ][safepoint    ] Total time for which application threads were stopped: 0.0029511 seconds, Stopping threads took: 0.0000285 seconds
[951.666s][info ][safepoint    ] Application time: 1.0000979 seconds
[951.666s][info ][safepoint    ] Entering safepoint region: Cleanup
[951.666s][info ][safepoint    ] Leaving safepoint region
[951.666s][info ][safepoint    ] Total time for which application threads were stopped: 0.0000749 seconds, Stopping threads took: 0.0000171 seconds
[952.666s][info ][safepoint    ] Application time: 1.0000419 seconds
[952.666s][info ][safepoint    ] Entering safepoint region: Cleanup
[952.666s][info ][safepoint    ] Leaving safepoint region
[952.666s][info ][safepoint    ] Total time for which application threads were stopped: 0.0000739 seconds, Stopping threads took: 0.0000160 seconds
[953.666s][info ][safepoint    ] Application time: 1.0000793 seconds
[953.666s][info ][safepoint    ] Entering safepoint region: Cleanup
[953.666s][info ][safepoint    ] Leaving safepoint region
[953.666s][info ][safepoint    ] Total time for which application threads were stopped: 0.0000993 seconds, Stopping threads took: 0.0000255 seconds
[954.666s][info ][safepoint    ] Application time: 1.0000963 seconds
[954.666s][info ][safepoint    ] Entering safepoint region: Cleanup
[954.666s][info ][safepoint    ] Leaving safepoint region
[954.666s][info ][safepoint    ] Total time for which application threads were stopped: 0.0000763 seconds, Stopping threads took: 0.0000150 seconds
[955.364s][info ][safepoint    ] Application time: 0.6974480 seconds
[955.364s][info ][safepoint    ] Entering safepoint region: GenCollectForAllocation
[955.364s][info ][gc,start     ] GC(296) Pause Young (Allocation Failure)
[955.364s][info ][gc,task      ] GC(296) Using 4 workers of 4 for evacuation
[955.367s][debug][gc,ref       ] GC(296) Skipped phase1 of Reference Processing due to unavailable references
[955.367s][debug][gc,ref       ] GC(296) Skipped phase3 of Reference Processing due to unavailable references
[955.367s][debug][gc,age       ] GC(296) Desired survivor size 15368192 bytes, new threshold 6 (max threshold 6)
[955.367s][info ][gc,heap      ] GC(296) ParNew: 241832K->1372K(270336K)
[955.367s][info ][gc,heap      ] GC(296) CMS: 261067K->261462K(600768K)
[955.367s][info ][gc,metaspace ] GC(296) Metaspace: 57291K->57291K(1101824K)
[955.367s][info ][gc           ] GC(296) Pause Young (Allocation Failure) 491M->256M(850M) 3.016ms
[955.367s][info ][gc,cpu       ] GC(296) User=0.01s Sys=0.00s Real=0.01s
[955.367s][info ][safepoint    ] Leaving safepoint region
[955.367s][info ][safepoint    ] Total time for which application threads were stopped: 0.0031791 seconds, Stopping threads took: 0.0000156 seconds
[956.367s][info ][safepoint    ] Application time: 1.0000939 seconds
[956.367s][info ][safepoint    ] Entering safepoint region: Cleanup
[956.367s][info ][safepoint    ] Leaving safepoint region
[956.367s][info ][safepoint    ] Total time for which application threads were stopped: 0.0000856 seconds, Stopping threads took: 0.0000162 seconds
[957.367s][info ][safepoint    ] Application time: 1.0000942 seconds
[957.367s][info ][safepoint    ] Entering safepoint region: Cleanup
[957.367s][info ][safepoint    ] Leaving safepoint region
[957.367s][info ][safepoint    ] Total time for which application threads were stopped: 0.0000720 seconds, Stopping threads took: 0.0000147 seconds
[960.108s][info ][safepoint    ] Application time: 2.7410591 seconds
[960.109s][info ][safepoint    ] Entering safepoint region: GenCollectForAllocation
[960.109s][info ][gc,start     ] GC(297) Pause Young (Allocation Failure)
[960.109s][info ][gc,task      ] GC(297) Using 4 workers of 4 for evacuation
[960.111s][debug][gc,ref       ] GC(297) Skipped phase1 of Reference Processing due to unavailable references
[960.111s][debug][gc,ref       ] GC(297) Skipped phase2 of Reference Processing due to unavailable references
[960.111s][debug][gc,ref       ] GC(297) Skipped phase3 of Reference Processing due to unavailable references
[960.111s][debug][gc,ref       ] GC(297) Skipped phase4 of Reference Processing due to unavailable references
[960.111s][debug][gc,age       ] GC(297) Desired survivor size 15368192 bytes, new threshold 6 (max threshold 6)
[960.111s][info ][gc,heap      ] GC(297) ParNew: 241692K->1356K(270336K)
[960.111s][info ][gc,heap      ] GC(297) CMS: 261462K->261528K(600768K)
[960.111s][info ][gc,metaspace ] GC(297) Metaspace: 57296K->57296K(1101824K)
[960.111s][info ][gc           ] GC(297) Pause Young (Allocation Failure) 491M->256M(850M) 2.824ms
[960.111s][info ][gc,cpu       ] GC(297) User=0.01s Sys=0.00s Real=0.00s
[960.111s][info ][safepoint    ] Leaving safepoint region
[960.111s][info ][safepoint    ] Total time for which application threads were stopped: 0.0029954 seconds, Stopping threads took: 0.0000473 seconds
[964.760s][info ][safepoint    ] Application time: 4.6486420 seconds
[964.760s][info ][safepoint    ] Entering safepoint region: GenCollectForAllocation
[964.760s][info ][gc,start     ] GC(298) Pause Young (Allocation Failure)
[964.760s][info ][gc,task      ] GC(298) Using 4 workers of 4 for evacuation
[964.763s][debug][gc,ref       ] GC(298) Skipped phase1 of Reference Processing due to unavailable references
[964.763s][debug][gc,ref       ] GC(298) Skipped phase3 of Reference Processing due to unavailable references
[964.763s][debug][gc,ref       ] GC(298) Skipped phase4 of Reference Processing due to unavailable references
[964.763s][debug][gc,age       ] GC(298) Desired survivor size 15368192 bytes, new threshold 6 (max threshold 6)
[964.763s][info ][gc,heap      ] GC(298) ParNew: 241676K->925K(270336K)
[964.763s][info ][gc,heap      ] GC(298) CMS: 261528K->261674K(600768K)
[964.763s][info ][gc,metaspace ] GC(298) Metaspace: 57296K->57296K(1101824K)
[964.763s][info ][gc           ] GC(298) Pause Young (Allocation Failure) 491M->256M(850M) 2.766ms
[964.763s][info ][gc,cpu       ] GC(298) User=0.01s Sys=0.00s Real=0.00s
[964.763s][info ][safepoint    ] Leaving safepoint region
[964.763s][info ][safepoint    ] Total time for which application threads were stopped: 0.0029074 seconds, Stopping threads took: 0.0000157 seconds
[965.763s][info ][safepoint    ] Application time: 1.0000968 seconds
[965.763s][info ][safepoint    ] Entering safepoint region: Cleanup
[965.763s][info ][safepoint    ] Leaving safepoint region
[965.763s][info ][safepoint    ] Total time for which application threads were stopped: 0.0001348 seconds, Stopping threads took: 0.0000638 seconds
[966.764s][info ][safepoint    ] Application time: 1.0001797 seconds
[966.764s][info ][safepoint    ] Entering safepoint region: Cleanup
[966.764s][info ][safepoint    ] Leaving safepoint region
[966.764s][info ][safepoint    ] Total time for which application threads were stopped: 0.0001033 seconds, Stopping threads took: 0.0000376 seconds
[967.764s][info ][safepoint    ] Application time: 1.0001038 seconds
[967.764s][info ][safepoint    ] Entering safepoint region: Cleanup
[967.764s][info ][safepoint    ] Leaving safepoint region
[967.764s][info ][safepoint    ] Total time for which application threads were stopped: 0.0001564 seconds, Stopping threads took: 0.0000739 seconds
[969.416s][info ][safepoint    ] Application time: 1.6521544 seconds
[969.416s][info ][safepoint    ] Entering safepoint region: GenCollectForAllocation
[969.416s][info ][gc,start     ] GC(299) Pause Young (Allocation Failure)
[969.416s][info ][gc,task      ] GC(299) Using 4 workers of 4 for evacuation
[969.419s][debug][gc,ref       ] GC(299) Skipped phase1 of Reference Processing due to unavailable references
[969.419s][debug][gc,ref       ] GC(299) Skipped phase2 of Reference Processing due to unavailable references
[969.419s][debug][gc,ref       ] GC(299) Skipped phase3 of Reference Processing due to unavailable references
[969.419s][debug][gc,ref       ] GC(299) Skipped phase4 of Reference Processing due to unavailable references
[969.419s][debug][gc,age       ] GC(299) Desired survivor size 15368192 bytes, new threshold 6 (max threshold 6)
[969.419s][info ][gc,heap      ] GC(299) ParNew: 241245K->1078K(270336K)
[969.419s][info ][gc,heap      ] GC(299) CMS: 261674K->261748K(600768K)
[969.419s][info ][gc,metaspace ] GC(299) Metaspace: 57312K->57312K(1101824K)
[969.419s][info ][gc           ] GC(299) Pause Young (Allocation Failure) 491M->256M(850M) 2.752ms
[969.419s][info ][gc,cpu       ] GC(299) User=0.01s Sys=0.00s Real=0.00s
[969.419s][info ][safepoint    ] Leaving safepoint region
[969.419s][info ][safepoint    ] Total time for which application threads were stopped: 0.0029098 seconds, Stopping threads took: 0.0000152 seconds
[974.014s][info ][safepoint    ] Application time: 4.5949199 seconds
[974.014s][info ][safepoint    ] Entering safepoint region: GenCollectForAllocation
[974.014s][info ][gc,start     ] GC(300) Pause Young (Allocation Failure)
[974.014s][info ][gc,task      ] GC(300) Using 4 workers of 4 for evacuation
[974.017s][debug][gc,ref       ] GC(300) Skipped phase1 of Reference Processing due to unavailable references
[974.017s][debug][gc,ref       ] GC(300) Skipped phase2 of Reference Processing due to unavailable references
[974.017s][debug][gc,ref       ] GC(300) Skipped phase3 of Reference Processing due to unavailable references
[974.017s][debug][gc,ref       ] GC(300) Skipped phase4 of Reference Processing due to unavailable references
[974.017s][debug][gc,age       ] GC(300) Desired survivor size 15368192 bytes, new threshold 6 (max threshold 6)
[974.017s][info ][gc,heap      ] GC(300) ParNew: 241398K->817K(270336K)
[974.017s][info ][gc,heap      ] GC(300) CMS: 261748K->262040K(600768K)
[974.017s][info ][gc,metaspace ] GC(300) Metaspace: 57313K->57313K(1101824K)
[974.017s][info ][gc           ] GC(300) Pause Young (Allocation Failure) 491M->256M(850M) 3.036ms
[974.017s][info ][gc,cpu       ] GC(300) User=0.01s Sys=0.00s Real=0.00s
[974.017s][info ][safepoint    ] Leaving safepoint region
[974.017s][info ][safepoint    ] Total time for which application threads were stopped: 0.0031799 seconds, Stopping threads took: 0.0000152 seconds
[975.017s][info ][safepoint    ] Application time: 1.0000895 seconds
[975.017s][info ][safepoint    ] Entering safepoint region: Cleanup
[975.017s][info ][safepoint    ] Leaving safepoint region
[975.017s][info ][safepoint    ] Total time for which application threads were stopped: 0.0000862 seconds, Stopping threads took: 0.0000175 seconds
[978.018s][info ][safepoint    ] Application time: 3.0002181 seconds
[978.018s][info ][safepoint    ] Entering safepoint region: Cleanup
[978.018s][info ][safepoint    ] Leaving safepoint region
[978.018s][info ][safepoint    ] Total time for which application threads were stopped: 0.0000882 seconds, Stopping threads took: 0.0000151 seconds
[978.764s][info ][safepoint    ] Application time: 0.7463745 seconds
[978.764s][info ][safepoint    ] Entering safepoint region: GenCollectForAllocation
[978.764s][info ][gc,start     ] GC(301) Pause Young (Allocation Failure)
[978.764s][info ][gc,task      ] GC(301) Using 4 workers of 4 for evacuation
[978.767s][debug][gc,ref       ] GC(301) Skipped phase1 of Reference Processing due to unavailable references
[978.767s][debug][gc,ref       ] GC(301) Skipped phase2 of Reference Processing due to unavailable references
[978.767s][debug][gc,ref       ] GC(301) Skipped phase3 of Reference Processing due to unavailable references
[978.767s][debug][gc,ref       ] GC(301) Skipped phase4 of Reference Processing due to unavailable references
[978.767s][debug][gc,age       ] GC(301) Desired survivor size 15368192 bytes, new threshold 6 (max threshold 6)
[978.767s][info ][gc,heap      ] GC(301) ParNew: 241137K->794K(270336K)
[978.767s][info ][gc,heap      ] GC(301) CMS: 262040K->262150K(600768K)
[978.767s][info ][gc,metaspace ] GC(301) Metaspace: 57315K->57315K(1101824K)
[978.767s][info ][gc           ] GC(301) Pause Young (Allocation Failure) 491M->256M(850M) 2.604ms
[978.767s][info ][gc,cpu       ] GC(301) User=0.01s Sys=0.00s Real=0.00s
[978.767s][info ][safepoint    ] Leaving safepoint region
[978.767s][info ][safepoint    ] Total time for which application threads were stopped: 0.0027488 seconds, Stopping threads took: 0.0000168 seconds
[983.561s][info ][safepoint    ] Application time: 4.7943107 seconds
[983.561s][info ][safepoint    ] Entering safepoint region: GenCollectForAllocation
[983.561s][info ][gc,start     ] GC(302) Pause Young (Allocation Failure)
[983.561s][info ][gc,task      ] GC(302) Using 4 workers of 4 for evacuation
[983.564s][debug][gc,ref       ] GC(302) Skipped phase1 of Reference Processing due to unavailable references
[983.564s][debug][gc,ref       ] GC(302) Skipped phase2 of Reference Processing due to unavailable references
[983.564s][debug][gc,ref       ] GC(302) Skipped phase3 of Reference Processing due to unavailable references
[983.564s][debug][gc,ref       ] GC(302) Skipped phase4 of Reference Processing due to unavailable references
[983.564s][debug][gc,age       ] GC(302) Desired survivor size 15368192 bytes, new threshold 6 (max threshold 6)
[983.564s][info ][gc,heap      ] GC(302) ParNew: 241114K->858K(270336K)
[983.564s][info ][gc,heap      ] GC(302) CMS: 262150K->262255K(600768K)
[983.564s][info ][gc,metaspace ] GC(302) Metaspace: 57316K->57316K(1101824K)
[983.564s][info ][gc           ] GC(302) Pause Young (Allocation Failure) 491M->256M(850M) 2.671ms
[983.564s][info ][gc,cpu       ] GC(302) User=0.01s Sys=0.01s Real=0.00s
[983.564s][info ][safepoint    ] Leaving safepoint region
[983.564s][info ][safepoint    ] Total time for which application threads were stopped: 0.0028090 seconds, Stopping threads took: 0.0000150 seconds
[983.668s][info ][safepoint    ] Application time: 0.1037591 seconds
[983.668s][info ][safepoint    ] Entering safepoint region: RevokeBias
[983.668s][info ][safepoint    ] Leaving safepoint region
[983.668s][info ][safepoint    ] Total time for which application threads were stopped: 0.0000892 seconds, Stopping threads took: 0.0000343 seconds
[985.668s][info ][safepoint    ] Application time: 2.0001827 seconds
[985.668s][info ][safepoint    ] Entering safepoint region: Cleanup
[985.668s][info ][safepoint    ] Leaving safepoint region
[985.668s][info ][safepoint    ] Total time for which application threads were stopped: 0.0000721 seconds, Stopping threads took: 0.0000146 seconds
[986.668s][info ][safepoint    ] Application time: 1.0000856 seconds
[986.668s][info ][safepoint    ] Entering safepoint region: Cleanup
[986.668s][info ][safepoint    ] Leaving safepoint region
[986.668s][info ][safepoint    ] Total time for which application threads were stopped: 0.0000735 seconds, Stopping threads took: 0.0000176 seconds
[988.213s][info ][safepoint    ] Application time: 1.5440823 seconds
[988.213s][info ][safepoint    ] Entering safepoint region: GenCollectForAllocation
[988.213s][info ][gc,start     ] GC(303) Pause Young (Allocation Failure)
[988.213s][info ][gc,task      ] GC(303) Using 4 workers of 4 for evacuation
[988.215s][debug][gc,ref       ] GC(303) Skipped phase1 of Reference Processing due to unavailable references
[988.215s][debug][gc,ref       ] GC(303) Skipped phase2 of Reference Processing due to unavailable references
[988.215s][debug][gc,ref       ] GC(303) Skipped phase3 of Reference Processing due to unavailable references
[988.215s][debug][gc,ref       ] GC(303) Skipped phase4 of Reference Processing due to unavailable references
[988.215s][debug][gc,age       ] GC(303) Desired survivor size 15368192 bytes, new threshold 6 (max threshold 6)
[988.215s][info ][gc,heap      ] GC(303) ParNew: 241178K->680K(270336K)
[988.215s][info ][gc,heap      ] GC(303) CMS: 262255K->262291K(600768K)
[988.215s][info ][gc,metaspace ] GC(303) Metaspace: 57332K->57332K(1101824K)
[988.215s][info ][gc           ] GC(303) Pause Young (Allocation Failure) 491M->256M(850M) 2.277ms
[988.215s][info ][gc,cpu       ] GC(303) User=0.00s Sys=0.00s Real=0.00s
[988.215s][info ][safepoint    ] Leaving safepoint region
[988.215s][info ][safepoint    ] Total time for which application threads were stopped: 0.0024147 seconds, Stopping threads took: 0.0000145 seconds
[989.215s][info ][safepoint    ] Application time: 1.0001157 seconds
[989.215s][info ][safepoint    ] Entering safepoint region: Cleanup
[989.215s][info ][safepoint    ] Leaving safepoint region
[989.215s][info ][safepoint    ] Total time for which application threads were stopped: 0.0000704 seconds, Stopping threads took: 0.0000149 seconds
[992.963s][info ][safepoint    ] Application time: 3.7477231 seconds
[992.963s][info ][safepoint    ] Entering safepoint region: GenCollectForAllocation
[992.963s][info ][gc,start     ] GC(304) Pause Young (Allocation Failure)
[992.963s][info ][gc,task      ] GC(304) Using 4 workers of 4 for evacuation
[992.965s][debug][gc,ref       ] GC(304) Skipped phase1 of Reference Processing due to unavailable references
[992.965s][debug][gc,ref       ] GC(304) Skipped phase2 of Reference Processing due to unavailable references
[992.965s][debug][gc,ref       ] GC(304) Skipped phase3 of Reference Processing due to unavailable references
[992.965s][debug][gc,ref       ] GC(304) Skipped phase4 of Reference Processing due to unavailable references
[992.966s][debug][gc,age       ] GC(304) Desired survivor size 15368192 bytes, new threshold 6 (max threshold 6)
[992.966s][info ][gc,heap      ] GC(304) ParNew: 241000K->649K(270336K)
[992.966s][info ][gc,heap      ] GC(304) CMS: 262291K->262416K(600768K)
[992.966s][info ][gc,metaspace ] GC(304) Metaspace: 57332K->57332K(1101824K)
[992.966s][info ][gc           ] GC(304) Pause Young (Allocation Failure) 491M->256M(850M) 2.527ms
[992.966s][info ][gc,cpu       ] GC(304) User=0.01s Sys=0.00s Real=0.01s
[992.966s][info ][safepoint    ] Leaving safepoint region
[992.966s][info ][safepoint    ] Total time for which application threads were stopped: 0.0026685 seconds, Stopping threads took: 0.0000161 seconds
[994.966s][info ][safepoint    ] Application time: 2.0002426 seconds
[994.966s][info ][safepoint    ] Entering safepoint region: Cleanup
[994.966s][info ][safepoint    ] Leaving safepoint region
[994.966s][info ][safepoint    ] Total time for which application threads were stopped: 0.0000758 seconds, Stopping threads took: 0.0000166 seconds
[997.616s][info ][safepoint    ] Application time: 2.6503561 seconds
[997.616s][info ][safepoint    ] Entering safepoint region: GenCollectForAllocation
[997.617s][info ][gc,start     ] GC(305) Pause Young (Allocation Failure)
[997.617s][info ][gc,task      ] GC(305) Using 4 workers of 4 for evacuation
[997.619s][debug][gc,ref       ] GC(305) Skipped phase1 of Reference Processing due to unavailable references
[997.619s][debug][gc,ref       ] GC(305) Skipped phase2 of Reference Processing due to unavailable references
[997.619s][debug][gc,ref       ] GC(305) Skipped phase3 of Reference Processing due to unavailable references
[997.619s][debug][gc,ref       ] GC(305) Skipped phase4 of Reference Processing due to unavailable references
[997.619s][debug][gc,age       ] GC(305) Desired survivor size 15368192 bytes, new threshold 6 (max threshold 6)
[997.619s][info ][gc,heap      ] GC(305) ParNew: 240969K->600K(270336K)
[997.619s][info ][gc,heap      ] GC(305) CMS: 262416K->262528K(600768K)
[997.619s][info ][gc,metaspace ] GC(305) Metaspace: 57334K->57334K(1101824K)
[997.619s][info ][gc           ] GC(305) Pause Young (Allocation Failure) 491M->256M(850M) 2.461ms
[997.619s][info ][gc,cpu       ] GC(305) User=0.01s Sys=0.00s Real=0.00s
[997.619s][info ][safepoint    ] Leaving safepoint region
[997.619s][info ][safepoint    ] Total time for which application threads were stopped: 0.0026172 seconds, Stopping threads took: 0.0000161 seconds
[1002.165s][info ][safepoint    ] Application time: 4.5455043 seconds
[1002.165s][info ][safepoint    ] Entering safepoint region: GenCollectForAllocation
[1002.165s][info ][gc,start     ] GC(306) Pause Young (Allocation Failure)
[1002.165s][info ][gc,task      ] GC(306) Using 4 workers of 4 for evacuation
[1002.167s][debug][gc,ref       ] GC(306) Skipped phase1 of Reference Processing due to unavailable references
[1002.167s][debug][gc,ref       ] GC(306) Skipped phase2 of Reference Processing due to unavailable references
[1002.167s][debug][gc,ref       ] GC(306) Skipped phase3 of Reference Processing due to unavailable references
[1002.167s][debug][gc,ref       ] GC(306) Skipped phase4 of Reference Processing due to unavailable references
[1002.167s][debug][gc,age       ] GC(306) Desired survivor size 15368192 bytes, new threshold 6 (max threshold 6)
[1002.167s][info ][gc,heap      ] GC(306) ParNew: 240920K->923K(270336K)
[1002.167s][info ][gc,heap      ] GC(306) CMS: 262528K->262540K(600768K)
[1002.167s][info ][gc,metaspace ] GC(306) Metaspace: 57334K->57334K(1101824K)
[1002.167s][info ][gc           ] GC(306) Pause Young (Allocation Failure) 491M->257M(850M) 2.215ms
[1002.167s][info ][gc,cpu       ] GC(306) User=0.01s Sys=0.00s Real=0.00s
[1002.167s][info ][safepoint    ] Leaving safepoint region
[1002.167s][info ][safepoint    ] Total time for which application threads were stopped: 0.0023487 seconds, Stopping threads took: 0.0000136 seconds
[1006.167s][info ][safepoint    ] Application time: 4.0004248 seconds
[1006.167s][info ][safepoint    ] Entering safepoint region: Cleanup
[1006.167s][info ][safepoint    ] Leaving safepoint region
[1006.167s][info ][safepoint    ] Total time for which application threads were stopped: 0.0000727 seconds, Stopping threads took: 0.0000153 seconds
[1006.662s][info ][safepoint    ] Application time: 0.4943536 seconds
[1006.662s][info ][safepoint    ] Entering safepoint region: GenCollectForAllocation
[1006.662s][info ][gc,start     ] GC(307) Pause Young (Allocation Failure)
[1006.662s][info ][gc,task      ] GC(307) Using 4 workers of 4 for evacuation
[1006.665s][debug][gc,ref       ] GC(307) Skipped phase1 of Reference Processing due to unavailable references
[1006.665s][debug][gc,ref       ] GC(307) Skipped phase2 of Reference Processing due to unavailable references
[1006.665s][debug][gc,ref       ] GC(307) Skipped phase3 of Reference Processing due to unavailable references
[1006.665s][debug][gc,ref       ] GC(307) Skipped phase4 of Reference Processing due to unavailable references
[1006.665s][debug][gc,age       ] GC(307) Desired survivor size 15368192 bytes, new threshold 6 (max threshold 6)
[1006.665s][info ][gc,heap      ] GC(307) ParNew: 241243K->851K(270336K)
[1006.665s][info ][gc,heap      ] GC(307) CMS: 262540K->262638K(600768K)
[1006.665s][info ][gc,metaspace ] GC(307) Metaspace: 57334K->57334K(1101824K)
[1006.665s][info ][gc           ] GC(307) Pause Young (Allocation Failure) 491M->257M(850M) 3.020ms
[1006.665s][info ][gc,cpu       ] GC(307) User=0.00s Sys=0.01s Real=0.01s
[1006.665s][info ][safepoint    ] Leaving safepoint region
[1006.665s][info ][safepoint    ] Total time for which application threads were stopped: 0.0031642 seconds, Stopping threads took: 0.0000170 seconds
[1011.314s][info ][safepoint    ] Application time: 4.6493858 seconds
[1011.314s][info ][safepoint    ] Entering safepoint region: GenCollectForAllocation
[1011.315s][info ][gc,start     ] GC(308) Pause Young (Allocation Failure)
[1011.315s][info ][gc,task      ] GC(308) Using 4 workers of 4 for evacuation
[1011.317s][debug][gc,ref       ] GC(308) Skipped phase1 of Reference Processing due to unavailable references
[1011.317s][debug][gc,ref       ] GC(308) Skipped phase2 of Reference Processing due to unavailable references
[1011.317s][debug][gc,ref       ] GC(308) Skipped phase3 of Reference Processing due to unavailable references
[1011.317s][debug][gc,ref       ] GC(308) Skipped phase4 of Reference Processing due to unavailable references
[1011.317s][debug][gc,age       ] GC(308) Desired survivor size 15368192 bytes, new threshold 6 (max threshold 6)
[1011.317s][info ][gc,heap      ] GC(308) ParNew: 241171K->899K(270336K)
[1011.317s][info ][gc,heap      ] GC(308) CMS: 262638K->262724K(600768K)
[1011.317s][info ][gc,metaspace ] GC(308) Metaspace: 57334K->57334K(1101824K)
[1011.317s][info ][gc           ] GC(308) Pause Young (Allocation Failure) 492M->257M(850M) 2.591ms
[1011.317s][info ][gc,cpu       ] GC(308) User=0.01s Sys=0.00s Real=0.00s
[1011.317s][info ][safepoint    ] Leaving safepoint region
[1011.317s][info ][safepoint    ] Total time for which application threads were stopped: 0.0027351 seconds, Stopping threads took: 0.0000178 seconds
[1015.909s][info ][safepoint    ] Application time: 4.5915185 seconds
[1015.909s][info ][safepoint    ] Entering safepoint region: GenCollectForAllocation
[1015.909s][info ][gc,start     ] GC(309) Pause Young (Allocation Failure)
[1015.909s][info ][gc,task      ] GC(309) Using 4 workers of 4 for evacuation
[1015.911s][debug][gc,ref       ] GC(309) Skipped phase1 of Reference Processing due to unavailable references
[1015.911s][debug][gc,ref       ] GC(309) Skipped phase2 of Reference Processing due to unavailable references
[1015.911s][debug][gc,ref       ] GC(309) Skipped phase3 of Reference Processing due to unavailable references
[1015.911s][debug][gc,ref       ] GC(309) Skipped phase4 of Reference Processing due to unavailable references
[1015.911s][debug][gc,age       ] GC(309) Desired survivor size 15368192 bytes, new threshold 6 (max threshold 6)
[1015.911s][info ][gc,heap      ] GC(309) ParNew: 241219K->906K(270336K)
[1015.911s][info ][gc,heap      ] GC(309) CMS: 262724K->262736K(600768K)
[1015.911s][info ][gc,metaspace ] GC(309) Metaspace: 57336K->57336K(1101824K)
[1015.911s][info ][gc           ] GC(309) Pause Young (Allocation Failure) 492M->257M(850M) 2.057ms
[1015.911s][info ][gc,cpu       ] GC(309) User=0.01s Sys=0.00s Real=0.00s
[1015.911s][info ][safepoint    ] Leaving safepoint region
[1015.911s][info ][safepoint    ] Total time for which application threads were stopped: 0.0022109 seconds, Stopping threads took: 0.0000278 seconds
[1017.911s][info ][safepoint    ] Application time: 2.0001342 seconds
[1017.911s][info ][safepoint    ] Entering safepoint region: Cleanup
[1017.911s][info ][safepoint    ] Leaving safepoint region
[1017.911s][info ][safepoint    ] Total time for which application threads were stopped: 0.0001444 seconds, Stopping threads took: 0.0000657 seconds
[1019.911s][info ][safepoint    ] Application time: 2.0001706 seconds
[1019.912s][info ][safepoint    ] Entering safepoint region: Cleanup
[1019.912s][info ][safepoint    ] Leaving safepoint region
[1019.912s][info ][safepoint    ] Total time for which application threads were stopped: 0.0001411 seconds, Stopping threads took: 0.0000590 seconds
[1020.561s][info ][safepoint    ] Application time: 0.6495026 seconds
[1020.561s][info ][safepoint    ] Entering safepoint region: GenCollectForAllocation
[1020.561s][info ][gc,start     ] GC(310) Pause Young (Allocation Failure)
[1020.561s][info ][gc,task      ] GC(310) Using 4 workers of 4 for evacuation
[1020.563s][debug][gc,ref       ] GC(310) Skipped phase1 of Reference Processing due to unavailable references
[1020.563s][debug][gc,ref       ] GC(310) Skipped phase2 of Reference Processing due to unavailable references
[1020.563s][debug][gc,ref       ] GC(310) Skipped phase3 of Reference Processing due to unavailable references
[1020.563s][debug][gc,ref       ] GC(310) Skipped phase4 of Reference Processing due to unavailable references
[1020.564s][debug][gc,age       ] GC(310) Desired survivor size 15368192 bytes, new threshold 6 (max threshold 6)
[1020.564s][info ][gc,heap      ] GC(310) ParNew: 241226K->1064K(270336K)
[1020.564s][info ][gc,heap      ] GC(310) CMS: 262736K->262836K(600768K)
[1020.564s][info ][gc,metaspace ] GC(310) Metaspace: 57341K->57341K(1101824K)
[1020.564s][info ][gc           ] GC(310) Pause Young (Allocation Failure) 492M->257M(850M) 2.359ms
[1020.564s][info ][gc,cpu       ] GC(310) User=0.01s Sys=0.00s Real=0.00s
[1020.564s][info ][safepoint    ] Leaving safepoint region
[1020.564s][info ][safepoint    ] Total time for which application threads were stopped: 0.0024948 seconds, Stopping threads took: 0.0000157 seconds
[1024.915s][info ][safepoint    ] Application time: 4.3511907 seconds
[1024.915s][info ][safepoint    ] Entering safepoint region: GenCollectForAllocation
[1024.915s][info ][gc,start     ] GC(311) Pause Young (Allocation Failure)
[1024.915s][info ][gc,task      ] GC(311) Using 4 workers of 4 for evacuation
[1024.917s][debug][gc,ref       ] GC(311) Skipped phase1 of Reference Processing due to unavailable references
[1024.917s][debug][gc,ref       ] GC(311) Skipped phase2 of Reference Processing due to unavailable references
[1024.917s][debug][gc,ref       ] GC(311) Skipped phase3 of Reference Processing due to unavailable references
[1024.917s][debug][gc,ref       ] GC(311) Skipped phase4 of Reference Processing due to unavailable references
[1024.917s][debug][gc,age       ] GC(311) Desired survivor size 15368192 bytes, new threshold 6 (max threshold 6)
[1024.918s][info ][gc,heap      ] GC(311) ParNew: 241384K->963K(270336K)
[1024.918s][info ][gc,heap      ] GC(311) CMS: 262836K->262948K(600768K)
[1024.918s][info ][gc,metaspace ] GC(311) Metaspace: 57341K->57341K(1101824K)
[1024.918s][info ][gc           ] GC(311) Pause Young (Allocation Failure) 492M->257M(850M) 2.561ms
[1024.918s][info ][gc,cpu       ] GC(311) User=0.01s Sys=0.00s Real=0.00s
[1024.918s][info ][safepoint    ] Leaving safepoint region
[1024.918s][info ][safepoint    ] Total time for which application threads were stopped: 0.0026991 seconds, Stopping threads took: 0.0000147 seconds
[1029.258s][info ][safepoint    ] Application time: 4.3408753 seconds
[1029.259s][info ][safepoint    ] Entering safepoint region: GenCollectForAllocation
[1029.259s][info ][gc,start     ] GC(312) Pause Young (Allocation Failure)
[1029.259s][info ][gc,task      ] GC(312) Using 4 workers of 4 for evacuation
[1029.261s][debug][gc,ref       ] GC(312) Skipped phase1 of Reference Processing due to unavailable references
[1029.261s][debug][gc,ref       ] GC(312) Skipped phase2 of Reference Processing due to unavailable references
[1029.261s][debug][gc,ref       ] GC(312) Skipped phase3 of Reference Processing due to unavailable references
[1029.261s][debug][gc,ref       ] GC(312) Skipped phase4 of Reference Processing due to unavailable references
[1029.261s][debug][gc,age       ] GC(312) Desired survivor size 15368192 bytes, new threshold 6 (max threshold 6)
[1029.261s][info ][gc,heap      ] GC(312) ParNew: 241283K->1176K(270336K)
[1029.261s][info ][gc,heap      ] GC(312) CMS: 262948K->263091K(600768K)
[1029.261s][info ][gc,metaspace ] GC(312) Metaspace: 57341K->57341K(1101824K)
[1029.261s][info ][gc           ] GC(312) Pause Young (Allocation Failure) 492M->258M(850M) 2.645ms
[1029.261s][info ][gc,cpu       ] GC(312) User=0.01s Sys=0.00s Real=0.00s
[1029.261s][info ][safepoint    ] Leaving safepoint region
[1029.261s][info ][safepoint    ] Total time for which application threads were stopped: 0.0028637 seconds, Stopping threads took: 0.0000893 seconds
[1033.457s][info ][safepoint    ] Application time: 4.1955610 seconds
[1033.457s][info ][safepoint    ] Entering safepoint region: GenCollectForAllocation
[1033.457s][info ][gc,start     ] GC(313) Pause Young (Allocation Failure)
[1033.457s][info ][gc,task      ] GC(313) Using 4 workers of 4 for evacuation
[1033.459s][debug][gc,ref       ] GC(313) Skipped phase1 of Reference Processing due to unavailable references
[1033.459s][debug][gc,ref       ] GC(313) Skipped phase2 of Reference Processing due to unavailable references
[1033.459s][debug][gc,ref       ] GC(313) Skipped phase3 of Reference Processing due to unavailable references
[1033.459s][debug][gc,ref       ] GC(313) Skipped phase4 of Reference Processing due to unavailable references
[1033.460s][debug][gc,age       ] GC(313) Desired survivor size 15368192 bytes, new threshold 6 (max threshold 6)
[1033.460s][info ][gc,heap      ] GC(313) ParNew: 241496K->1062K(270336K)
[1033.460s][info ][gc,heap      ] GC(313) CMS: 263091K->263180K(600768K)
[1033.460s][info ][gc,metaspace ] GC(313) Metaspace: 57341K->57341K(1101824K)
[1033.460s][info ][gc           ] GC(313) Pause Young (Allocation Failure) 492M->258M(850M) 2.552ms
[1033.460s][info ][gc,cpu       ] GC(313) User=0.01s Sys=0.00s Real=0.00s
[1033.460s][info ][safepoint    ] Leaving safepoint region
[1033.460s][info ][safepoint    ] Total time for which application threads were stopped: 0.0027026 seconds, Stopping threads took: 0.0000154 seconds
[1037.460s][info ][safepoint    ] Application time: 4.0003321 seconds
[1037.460s][info ][safepoint    ] Entering safepoint region: Cleanup
[1037.460s][info ][safepoint    ] Leaving safepoint region
[1037.460s][info ][safepoint    ] Total time for which application threads were stopped: 0.0001339 seconds, Stopping threads took: 0.0000378 seconds
[1038.011s][info ][safepoint    ] Application time: 0.5509652 seconds
[1038.011s][info ][safepoint    ] Entering safepoint region: GenCollectForAllocation
[1038.011s][info ][gc,start     ] GC(314) Pause Young (Allocation Failure)
[1038.011s][info ][gc,task      ] GC(314) Using 4 workers of 4 for evacuation
[1038.014s][debug][gc,ref       ] GC(314) Skipped phase1 of Reference Processing due to unavailable references
[1038.014s][debug][gc,ref       ] GC(314) Skipped phase2 of Reference Processing due to unavailable references
[1038.014s][debug][gc,ref       ] GC(314) Skipped phase3 of Reference Processing due to unavailable references
[1038.014s][debug][gc,ref       ] GC(314) Skipped phase4 of Reference Processing due to unavailable references
[1038.014s][debug][gc,age       ] GC(314) Desired survivor size 15368192 bytes, new threshold 6 (max threshold 6)
[1038.014s][info ][gc,heap      ] GC(314) ParNew: 241382K->1103K(270336K)
[1038.014s][info ][gc,heap      ] GC(314) CMS: 263180K->263267K(600768K)
[1038.014s][info ][gc,metaspace ] GC(314) Metaspace: 57345K->57345K(1101824K)
[1038.014s][info ][gc           ] GC(314) Pause Young (Allocation Failure) 492M->258M(850M) 2.462ms
[1038.014s][info ][gc,cpu       ] GC(314) User=0.01s Sys=0.00s Real=0.01s
[1038.014s][info ][safepoint    ] Leaving safepoint region
[1038.014s][info ][safepoint    ] Total time for which application threads were stopped: 0.0026014 seconds, Stopping threads took: 0.0000138 seconds
[1039.014s][info ][safepoint    ] Application time: 1.0000551 seconds
[1039.014s][info ][safepoint    ] Entering safepoint region: Cleanup
[1039.014s][info ][safepoint    ] Leaving safepoint region
[1039.014s][info ][safepoint    ] Total time for which application threads were stopped: 0.0001482 seconds, Stopping threads took: 0.0000793 seconds
[1042.410s][info ][safepoint    ] Application time: 3.3955455 seconds
[1042.410s][info ][safepoint    ] Entering safepoint region: GenCollectForAllocation
[1042.410s][info ][gc,start     ] GC(315) Pause Young (Allocation Failure)
[1042.410s][info ][gc,task      ] GC(315) Using 4 workers of 4 for evacuation
[1042.412s][debug][gc,ref       ] GC(315) Skipped phase1 of Reference Processing due to unavailable references
[1042.412s][debug][gc,ref       ] GC(315) Skipped phase2 of Reference Processing due to unavailable references
[1042.412s][debug][gc,ref       ] GC(315) Skipped phase3 of Reference Processing due to unavailable references
[1042.412s][debug][gc,ref       ] GC(315) Skipped phase4 of Reference Processing due to unavailable references
[1042.412s][debug][gc,age       ] GC(315) Desired survivor size 15368192 bytes, new threshold 6 (max threshold 6)
[1042.412s][info ][gc,heap      ] GC(315) ParNew: 241423K->1265K(270336K)
[1042.412s][info ][gc,heap      ] GC(315) CMS: 263267K->263279K(600768K)
[1042.412s][info ][gc,metaspace ] GC(315) Metaspace: 57345K->57345K(1101824K)
[1042.412s][info ][gc           ] GC(315) Pause Young (Allocation Failure) 492M->258M(850M) 2.481ms
[1042.412s][info ][gc,cpu       ] GC(315) User=0.01s Sys=0.00s Real=0.01s
[1042.412s][info ][safepoint    ] Leaving safepoint region
[1042.412s][info ][safepoint    ] Total time for which application threads were stopped: 0.0026784 seconds, Stopping threads took: 0.0000552 seconds
[1046.759s][info ][safepoint    ] Application time: 4.3468436 seconds
[1046.759s][info ][safepoint    ] Entering safepoint region: GenCollectForAllocation
[1046.759s][info ][gc,start     ] GC(316) Pause Young (Allocation Failure)
[1046.759s][info ][gc,task      ] GC(316) Using 4 workers of 4 for evacuation
[1046.765s][debug][gc,ref       ] GC(316) Skipped phase1 of Reference Processing due to unavailable references
[1046.765s][debug][gc,ref       ] GC(316) Skipped phase2 of Reference Processing due to unavailable references
[1046.765s][debug][gc,ref       ] GC(316) Skipped phase3 of Reference Processing due to unavailable references
[1046.765s][debug][gc,ref       ] GC(316) Skipped phase4 of Reference Processing due to unavailable references
[1046.765s][debug][gc,age       ] GC(316) Desired survivor size 15368192 bytes, new threshold 6 (max threshold 6)
[1046.765s][info ][gc,heap      ] GC(316) ParNew: 241585K->1235K(270336K)
[1046.765s][info ][gc,heap      ] GC(316) CMS: 263279K->263421K(600768K)
[1046.765s][info ][gc,metaspace ] GC(316) Metaspace: 57345K->57345K(1101824K)
[1046.765s][info ][gc           ] GC(316) Pause Young (Allocation Failure) 493M->258M(850M) 5.678ms
[1046.765s][info ][gc,cpu       ] GC(316) User=0.02s Sys=0.00s Real=0.01s
[1046.765s][info ][safepoint    ] Leaving safepoint region
[1046.765s][info ][safepoint    ] Total time for which application threads were stopped: 0.0059123 seconds, Stopping threads took: 0.0000882 seconds
[1051.109s][info ][safepoint    ] Application time: 4.3435863 seconds
[1051.109s][info ][safepoint    ] Entering safepoint region: GenCollectForAllocation
[1051.109s][info ][gc,start     ] GC(317) Pause Young (Allocation Failure)
[1051.109s][info ][gc,task      ] GC(317) Using 4 workers of 4 for evacuation
[1051.111s][debug][gc,ref       ] GC(317) Skipped phase1 of Reference Processing due to unavailable references
[1051.111s][debug][gc,ref       ] GC(317) Skipped phase2 of Reference Processing due to unavailable references
[1051.111s][debug][gc,ref       ] GC(317) Skipped phase3 of Reference Processing due to unavailable references
[1051.111s][debug][gc,ref       ] GC(317) Skipped phase4 of Reference Processing due to unavailable references
[1051.111s][debug][gc,age       ] GC(317) Desired survivor size 15368192 bytes, new threshold 6 (max threshold 6)
[1051.111s][info ][gc,heap      ] GC(317) ParNew: 241555K->1344K(270336K)
[1051.111s][info ][gc,heap      ] GC(317) CMS: 263421K->263460K(600768K)
[1051.111s][info ][gc,metaspace ] GC(317) Metaspace: 57345K->57345K(1101824K)
[1051.111s][info ][gc           ] GC(317) Pause Young (Allocation Failure) 493M->258M(850M) 2.474ms
[1051.111s][info ][gc,cpu       ] GC(317) User=0.01s Sys=0.00s Real=0.00s
[1051.111s][info ][safepoint    ] Leaving safepoint region
[1051.111s][info ][safepoint    ] Total time for which application threads were stopped: 0.0026567 seconds, Stopping threads took: 0.0000550 seconds
[1052.111s][info ][safepoint    ] Application time: 1.0001080 seconds
[1052.112s][info ][safepoint    ] Entering safepoint region: Cleanup
[1052.112s][info ][safepoint    ] Leaving safepoint region
[1052.112s][info ][safepoint    ] Total time for which application threads were stopped: 0.0001304 seconds, Stopping threads took: 0.0000588 seconds
[1055.112s][info ][safepoint    ] Application time: 3.0003484 seconds
[1055.112s][info ][safepoint    ] Entering safepoint region: Cleanup
[1055.112s][info ][safepoint    ] Leaving safepoint region
[1055.112s][info ][safepoint    ] Total time for which application threads were stopped: 0.0001457 seconds, Stopping threads took: 0.0000519 seconds
[1055.408s][info ][safepoint    ] Application time: 0.2962595 seconds
[1055.409s][info ][safepoint    ] Entering safepoint region: GenCollectForAllocation
[1055.409s][info ][gc,start     ] GC(318) Pause Young (Allocation Failure)
[1055.409s][info ][gc,task      ] GC(318) Using 4 workers of 4 for evacuation
[1055.411s][debug][gc,ref       ] GC(318) Skipped phase1 of Reference Processing due to unavailable references
[1055.411s][debug][gc,ref       ] GC(318) Skipped phase3 of Reference Processing due to unavailable references
[1055.411s][debug][gc,age       ] GC(318) Desired survivor size 15368192 bytes, new threshold 6 (max threshold 6)
[1055.411s][info ][gc,heap      ] GC(318) ParNew: 241664K->1336K(270336K)
[1055.411s][info ][gc,heap      ] GC(318) CMS: 263460K->263605K(600768K)
[1055.411s][info ][gc,metaspace ] GC(318) Metaspace: 57377K->57377K(1101824K)
[1055.411s][info ][gc           ] GC(318) Pause Young (Allocation Failure) 493M->258M(850M) 2.777ms
[1055.411s][info ][gc,cpu       ] GC(318) User=0.00s Sys=0.00s Real=0.00s
[1055.411s][info ][safepoint    ] Leaving safepoint region
[1055.411s][info ][safepoint    ] Total time for which application threads were stopped: 0.0029605 seconds, Stopping threads took: 0.0000539 seconds
[1059.959s][info ][safepoint    ] Application time: 4.5471044 seconds
[1059.959s][info ][safepoint    ] Entering safepoint region: GenCollectForAllocation
[1059.959s][info ][gc,start     ] GC(319) Pause Young (Allocation Failure)
[1059.959s][info ][gc,task      ] GC(319) Using 4 workers of 4 for evacuation
[1059.961s][debug][gc,ref       ] GC(319) Skipped phase1 of Reference Processing due to unavailable references
[1059.961s][debug][gc,ref       ] GC(319) Skipped phase2 of Reference Processing due to unavailable references
[1059.961s][debug][gc,ref       ] GC(319) Skipped phase3 of Reference Processing due to unavailable references
[1059.961s][debug][gc,ref       ] GC(319) Skipped phase4 of Reference Processing due to unavailable references
[1059.961s][debug][gc,age       ] GC(319) Desired survivor size 15368192 bytes, new threshold 6 (max threshold 6)
[1059.961s][info ][gc,heap      ] GC(319) ParNew: 241656K->1314K(270336K)
[1059.961s][info ][gc,heap      ] GC(319) CMS: 263605K->263658K(600768K)
[1059.961s][info ][gc,metaspace ] GC(319) Metaspace: 57377K->57377K(1101824K)
[1059.961s][info ][gc           ] GC(319) Pause Young (Allocation Failure) 493M->258M(850M) 2.580ms
[1059.961s][info ][gc,cpu       ] GC(319) User=0.01s Sys=0.00s Real=0.00s
[1059.961s][info ][safepoint    ] Leaving safepoint region
[1059.961s][info ][safepoint    ] Total time for which application threads were stopped: 0.0027727 seconds, Stopping threads took: 0.0000625 seconds
[1064.557s][info ][safepoint    ] Application time: 4.5953294 seconds
[1064.557s][info ][safepoint    ] Entering safepoint region: GenCollectForAllocation
[1064.557s][info ][gc,start     ] GC(320) Pause Young (Allocation Failure)
[1064.557s][info ][gc,task      ] GC(320) Using 4 workers of 4 for evacuation
[1064.559s][debug][gc,ref       ] GC(320) Skipped phase1 of Reference Processing due to unavailable references
[1064.559s][debug][gc,ref       ] GC(320) Skipped phase2 of Reference Processing due to unavailable references
[1064.559s][debug][gc,ref       ] GC(320) Skipped phase3 of Reference Processing due to unavailable references
[1064.559s][debug][gc,ref       ] GC(320) Skipped phase4 of Reference Processing due to unavailable references
[1064.560s][debug][gc,age       ] GC(320) Desired survivor size 15368192 bytes, new threshold 6 (max threshold 6)
[1064.560s][info ][gc,heap      ] GC(320) ParNew: 241634K->1651K(270336K)
[1064.560s][info ][gc,heap      ] GC(320) CMS: 263658K->263767K(600768K)
[1064.560s][info ][gc,metaspace ] GC(320) Metaspace: 57378K->57378K(1101824K)
[1064.560s][info ][gc           ] GC(320) Pause Young (Allocation Failure) 493M->259M(850M) 2.783ms
[1064.560s][info ][gc,cpu       ] GC(320) User=0.01s Sys=0.00s Real=0.00s
[1064.560s][info ][safepoint    ] Leaving safepoint region
[1064.560s][info ][safepoint    ] Total time for which application threads were stopped: 0.0029292 seconds, Stopping threads took: 0.0000181 seconds
[1066.560s][info ][safepoint    ] Application time: 2.0001845 seconds
[1066.560s][info ][safepoint    ] Entering safepoint region: Cleanup
[1066.560s][info ][safepoint    ] Leaving safepoint region
[1066.560s][info ][safepoint    ] Total time for which application threads were stopped: 0.0001442 seconds, Stopping threads took: 0.0000663 seconds
[1067.560s][info ][safepoint    ] Application time: 1.0001029 seconds
[1067.560s][info ][safepoint    ] Entering safepoint region: Cleanup
[1067.560s][info ][safepoint    ] Leaving safepoint region
[1067.560s][info ][safepoint    ] Total time for which application threads were stopped: 0.0001405 seconds, Stopping threads took: 0.0000788 seconds
[1069.058s][info ][safepoint    ] Application time: 1.4978435 seconds
[1069.058s][info ][safepoint    ] Entering safepoint region: GenCollectForAllocation
[1069.058s][info ][gc,start     ] GC(321) Pause Young (Allocation Failure)
[1069.058s][info ][gc,task      ] GC(321) Using 4 workers of 4 for evacuation
[1069.061s][debug][gc,ref       ] GC(321) Skipped phase1 of Reference Processing due to unavailable references
[1069.061s][debug][gc,ref       ] GC(321) Skipped phase2 of Reference Processing due to unavailable references
[1069.061s][debug][gc,ref       ] GC(321) Skipped phase3 of Reference Processing due to unavailable references
[1069.061s][debug][gc,ref       ] GC(321) Skipped phase4 of Reference Processing due to unavailable references
[1069.061s][debug][gc,age       ] GC(321) Desired survivor size 15368192 bytes, new threshold 6 (max threshold 6)
[1069.061s][info ][gc,heap      ] GC(321) ParNew: 241971K->1263K(270336K)
[1069.061s][info ][gc,heap      ] GC(321) CMS: 263767K->263894K(600768K)
[1069.061s][info ][gc,metaspace ] GC(321) Metaspace: 57382K->57382K(1101824K)
[1069.061s][info ][gc           ] GC(321) Pause Young (Allocation Failure) 493M->258M(850M) 2.775ms
[1069.061s][info ][gc,cpu       ] GC(321) User=0.01s Sys=0.00s Real=0.00s
[1069.061s][info ][safepoint    ] Leaving safepoint region
[1069.061s][info ][safepoint    ] Total time for which application threads were stopped: 0.0029660 seconds, Stopping threads took: 0.0000175 seconds
[1071.061s][info ][safepoint    ] Application time: 2.0001746 seconds
[1071.061s][info ][safepoint    ] Entering safepoint region: Cleanup
[1071.061s][info ][safepoint    ] Leaving safepoint region
[1071.061s][info ][safepoint    ] Total time for which application threads were stopped: 0.0001537 seconds, Stopping threads took: 0.0000803 seconds
[1073.612s][info ][safepoint    ] Application time: 2.5500318 seconds
[1073.612s][info ][safepoint    ] Entering safepoint region: GenCollectForAllocation
[1073.612s][info ][gc,start     ] GC(322) Pause Young (Allocation Failure)
[1073.612s][info ][gc,task      ] GC(322) Using 4 workers of 4 for evacuation
[1073.614s][debug][gc,ref       ] GC(322) Skipped phase1 of Reference Processing due to unavailable references
[1073.614s][debug][gc,ref       ] GC(322) Skipped phase2 of Reference Processing due to unavailable references
[1073.614s][debug][gc,ref       ] GC(322) Skipped phase3 of Reference Processing due to unavailable references
[1073.614s][debug][gc,ref       ] GC(322) Skipped phase4 of Reference Processing due to unavailable references
[1073.614s][debug][gc,age       ] GC(322) Desired survivor size 15368192 bytes, new threshold 6 (max threshold 6)
[1073.614s][info ][gc,heap      ] GC(322) ParNew: 241583K->1338K(270336K)
[1073.614s][info ][gc,heap      ] GC(322) CMS: 263894K->263968K(600768K)
[1073.614s][info ][gc,metaspace ] GC(322) Metaspace: 57384K->57384K(1101824K)
[1073.614s][info ][gc           ] GC(322) Pause Young (Allocation Failure) 493M->259M(850M) 2.655ms
[1073.614s][info ][gc,cpu       ] GC(322) User=0.01s Sys=0.00s Real=0.01s
[1073.614s][info ][safepoint    ] Leaving safepoint region
[1073.614s][info ][safepoint    ] Total time for which application threads were stopped: 0.0028203 seconds, Stopping threads took: 0.0000161 seconds
[1077.615s][info ][safepoint    ] Application time: 4.0003749 seconds
[1077.615s][info ][safepoint    ] Entering safepoint region: Cleanup
[1077.615s][info ][safepoint    ] Leaving safepoint region
[1077.615s][info ][safepoint    ] Total time for which application threads were stopped: 0.0001581 seconds, Stopping threads took: 0.0000824 seconds
[1078.263s][info ][safepoint    ] Application time: 0.6482432 seconds
[1078.263s][info ][safepoint    ] Entering safepoint region: GenCollectForAllocation
[1078.263s][info ][gc,start     ] GC(323) Pause Young (Allocation Failure)
[1078.263s][info ][gc,task      ] GC(323) Using 4 workers of 4 for evacuation
[1078.266s][debug][gc,ref       ] GC(323) Skipped phase1 of Reference Processing due to unavailable references
[1078.266s][debug][gc,ref       ] GC(323) Skipped phase2 of Reference Processing due to unavailable references
[1078.266s][debug][gc,ref       ] GC(323) Skipped phase3 of Reference Processing due to unavailable references
[1078.266s][debug][gc,ref       ] GC(323) Skipped phase4 of Reference Processing due to unavailable references
[1078.266s][debug][gc,age       ] GC(323) Desired survivor size 15368192 bytes, new threshold 6 (max threshold 6)
[1078.266s][info ][gc,heap      ] GC(323) ParNew: 241658K->1207K(270336K)
[1078.266s][info ][gc,heap      ] GC(323) CMS: 263968K->264193K(600768K)
[1078.266s][info ][gc,metaspace ] GC(323) Metaspace: 57384K->57384K(1101824K)
[1078.266s][info ][gc           ] GC(323) Pause Young (Allocation Failure) 493M->259M(850M) 2.909ms
[1078.266s][info ][gc,cpu       ] GC(323) User=0.01s Sys=0.00s Real=0.01s
[1078.266s][info ][safepoint    ] Leaving safepoint region
[1078.266s][info ][safepoint    ] Total time for which application threads were stopped: 0.0030542 seconds, Stopping threads took: 0.0000134 seconds
[1080.266s][info ][safepoint    ] Application time: 2.0001853 seconds
[1080.267s][info ][safepoint    ] Entering safepoint region: Cleanup
[1080.267s][info ][safepoint    ] Leaving safepoint region
[1080.267s][info ][safepoint    ] Total time for which application threads were stopped: 0.0000686 seconds, Stopping threads took: 0.0000141 seconds
[1082.965s][info ][safepoint    ] Application time: 2.6984944 seconds
[1082.965s][info ][safepoint    ] Entering safepoint region: GenCollectForAllocation
[1082.965s][info ][gc,start     ] GC(324) Pause Young (Allocation Failure)
[1082.965s][info ][gc,task      ] GC(324) Using 4 workers of 4 for evacuation
[1082.968s][debug][gc,ref       ] GC(324) Skipped phase1 of Reference Processing due to unavailable references
[1082.968s][debug][gc,ref       ] GC(324) Skipped phase2 of Reference Processing due to unavailable references
[1082.968s][debug][gc,ref       ] GC(324) Skipped phase3 of Reference Processing due to unavailable references
[1082.968s][debug][gc,ref       ] GC(324) Skipped phase4 of Reference Processing due to unavailable references
[1082.968s][debug][gc,age       ] GC(324) Desired survivor size 15368192 bytes, new threshold 6 (max threshold 6)
[1082.968s][info ][gc,heap      ] GC(324) ParNew: 241527K->1304K(270336K)
[1082.968s][info ][gc,heap      ] GC(324) CMS: 264193K->264236K(600768K)
[1082.968s][info ][gc,metaspace ] GC(324) Metaspace: 57384K->57384K(1101824K)
[1082.968s][info ][gc           ] GC(324) Pause Young (Allocation Failure) 493M->259M(850M) 2.572ms
[1082.968s][info ][gc,cpu       ] GC(324) User=0.01s Sys=0.00s Real=0.00s
[1082.968s][info ][safepoint    ] Leaving safepoint region
[1082.968s][info ][safepoint    ] Total time for which application threads were stopped: 0.0027306 seconds, Stopping threads took: 0.0000275 seconds
[1086.968s][info ][safepoint    ] Application time: 4.0003657 seconds
[1086.968s][info ][safepoint    ] Entering safepoint region: Cleanup
[1086.968s][info ][safepoint    ] Leaving safepoint region
[1086.968s][info ][safepoint    ] Total time for which application threads were stopped: 0.0000737 seconds, Stopping threads took: 0.0000156 seconds
[1087.664s][info ][safepoint    ] Application time: 0.6954684 seconds
[1087.664s][info ][safepoint    ] Entering safepoint region: GenCollectForAllocation
[1087.664s][info ][gc,start     ] GC(325) Pause Young (Allocation Failure)
[1087.664s][info ][gc,task      ] GC(325) Using 4 workers of 4 for evacuation
[1087.666s][debug][gc,ref       ] GC(325) Skipped phase1 of Reference Processing due to unavailable references
[1087.666s][debug][gc,ref       ] GC(325) Skipped phase2 of Reference Processing due to unavailable references
[1087.666s][debug][gc,ref       ] GC(325) Skipped phase3 of Reference Processing due to unavailable references
[1087.666s][debug][gc,ref       ] GC(325) Skipped phase4 of Reference Processing due to unavailable references
[1087.667s][debug][gc,age       ] GC(325) Desired survivor size 15368192 bytes, new threshold 6 (max threshold 6)
[1087.667s][info ][gc,heap      ] GC(325) ParNew: 241624K->1175K(270336K)
[1087.667s][info ][gc,heap      ] GC(325) CMS: 264236K->264333K(600768K)
[1087.667s][info ][gc,metaspace ] GC(325) Metaspace: 57384K->57384K(1101824K)
[1087.667s][info ][gc           ] GC(325) Pause Young (Allocation Failure) 494M->259M(850M) 2.707ms
[1087.667s][info ][gc,cpu       ] GC(325) User=0.01s Sys=0.00s Real=0.01s
[1087.667s][info ][safepoint    ] Leaving safepoint region
[1087.667s][info ][safepoint    ] Total time for which application threads were stopped: 0.0028488 seconds, Stopping threads took: 0.0000168 seconds
[1090.667s][info ][safepoint    ] Application time: 3.0002677 seconds
[1090.667s][info ][safepoint    ] Entering safepoint region: Cleanup
[1090.667s][info ][safepoint    ] Leaving safepoint region
[1090.667s][info ][safepoint    ] Total time for which application threads were stopped: 0.0000723 seconds, Stopping threads took: 0.0000152 seconds
[1092.262s][info ][safepoint    ] Application time: 1.5944149 seconds
[1092.262s][info ][safepoint    ] Entering safepoint region: GenCollectForAllocation
[1092.262s][info ][gc,start     ] GC(326) Pause Young (Allocation Failure)
[1092.262s][info ][gc,task      ] GC(326) Using 4 workers of 4 for evacuation
[1092.264s][debug][gc,ref       ] GC(326) Skipped phase1 of Reference Processing due to unavailable references
[1092.264s][debug][gc,ref       ] GC(326) Skipped phase2 of Reference Processing due to unavailable references
[1092.264s][debug][gc,ref       ] GC(326) Skipped phase3 of Reference Processing due to unavailable references
[1092.264s][debug][gc,ref       ] GC(326) Skipped phase4 of Reference Processing due to unavailable references
[1092.265s][debug][gc,age       ] GC(326) Desired survivor size 15368192 bytes, new threshold 6 (max threshold 6)
[1092.265s][info ][gc,heap      ] GC(326) ParNew: 241495K->1409K(270336K)
[1092.265s][info ][gc,heap      ] GC(326) CMS: 264333K->264384K(600768K)
[1092.265s][info ][gc,metaspace ] GC(326) Metaspace: 57384K->57384K(1101824K)
[1092.265s][info ][gc           ] GC(326) Pause Young (Allocation Failure) 493M->259M(850M) 2.964ms
[1092.265s][info ][gc,cpu       ] GC(326) User=0.01s Sys=0.00s Real=0.01s
[1092.265s][info ][safepoint    ] Leaving safepoint region
[1092.265s][info ][safepoint    ] Total time for which application threads were stopped: 0.0031033 seconds, Stopping threads took: 0.0000149 seconds
[1096.667s][info ][safepoint    ] Application time: 4.4023124 seconds
[1096.667s][info ][safepoint    ] Entering safepoint region: GenCollectForAllocation
[1096.667s][info ][gc,start     ] GC(327) Pause Young (Allocation Failure)
[1096.667s][info ][gc,task      ] GC(327) Using 4 workers of 4 for evacuation
[1096.670s][debug][gc,ref       ] GC(327) Skipped phase1 of Reference Processing due to unavailable references
[1096.670s][debug][gc,ref       ] GC(327) Skipped phase2 of Reference Processing due to unavailable references
[1096.670s][debug][gc,ref       ] GC(327) Skipped phase3 of Reference Processing due to unavailable references
[1096.670s][debug][gc,ref       ] GC(327) Skipped phase4 of Reference Processing due to unavailable references
[1096.670s][debug][gc,age       ] GC(327) Desired survivor size 15368192 bytes, new threshold 6 (max threshold 6)
[1096.670s][info ][gc,heap      ] GC(327) ParNew: 241729K->840K(270336K)
[1096.670s][info ][gc,heap      ] GC(327) CMS: 264384K->264766K(600768K)
[1096.670s][info ][gc,metaspace ] GC(327) Metaspace: 57384K->57384K(1101824K)
[1096.670s][info ][gc           ] GC(327) Pause Young (Allocation Failure) 494M->259M(850M) 3.115ms
[1096.670s][info ][gc,cpu       ] GC(327) User=0.01s Sys=0.00s Real=0.00s
[1096.670s][info ][safepoint    ] Leaving safepoint region
[1096.670s][info ][safepoint    ] Total time for which application threads were stopped: 0.0032565 seconds, Stopping threads took: 0.0000136 seconds
[1101.260s][info ][safepoint    ] Application time: 4.5897859 seconds
[1101.260s][info ][safepoint    ] Entering safepoint region: GenCollectForAllocation
[1101.260s][info ][gc,start     ] GC(328) Pause Young (Allocation Failure)
[1101.260s][info ][gc,task      ] GC(328) Using 4 workers of 4 for evacuation
[1101.262s][debug][gc,ref       ] GC(328) Skipped phase1 of Reference Processing due to unavailable references
[1101.262s][debug][gc,ref       ] GC(328) Skipped phase2 of Reference Processing due to unavailable references
[1101.262s][debug][gc,ref       ] GC(328) Skipped phase3 of Reference Processing due to unavailable references
[1101.262s][debug][gc,ref       ] GC(328) Skipped phase4 of Reference Processing due to unavailable references
[1101.263s][debug][gc,age       ] GC(328) Desired survivor size 15368192 bytes, new threshold 6 (max threshold 6)
[1101.263s][info ][gc,heap      ] GC(328) ParNew: 241160K->949K(270336K)
[1101.263s][info ][gc,heap      ] GC(328) CMS: 264766K->264773K(600768K)
[1101.263s][info ][gc,metaspace ] GC(328) Metaspace: 57384K->57384K(1101824K)
[1101.263s][info ][gc           ] GC(328) Pause Young (Allocation Failure) 494M->259M(850M) 2.312ms
[1101.263s][info ][gc,cpu       ] GC(328) User=0.01s Sys=0.00s Real=0.00s
[1101.263s][info ][safepoint    ] Leaving safepoint region
[1101.263s][info ][safepoint    ] Total time for which application threads were stopped: 0.0024574 seconds, Stopping threads took: 0.0000152 seconds
[1105.814s][info ][safepoint    ] Application time: 4.5515295 seconds
[1105.814s][info ][safepoint    ] Entering safepoint region: GenCollectForAllocation
[1105.814s][info ][gc,start     ] GC(329) Pause Young (Allocation Failure)
[1105.814s][info ][gc,task      ] GC(329) Using 4 workers of 4 for evacuation
[1105.817s][debug][gc,ref       ] GC(329) Skipped phase1 of Reference Processing due to unavailable references
[1105.817s][debug][gc,ref       ] GC(329) Skipped phase2 of Reference Processing due to unavailable references
[1105.817s][debug][gc,ref       ] GC(329) Skipped phase3 of Reference Processing due to unavailable references
[1105.817s][debug][gc,ref       ] GC(329) Skipped phase4 of Reference Processing due to unavailable references
[1105.817s][debug][gc,age       ] GC(329) Desired survivor size 15368192 bytes, new threshold 6 (max threshold 6)
[1105.817s][info ][gc,heap      ] GC(329) ParNew: 241269K->992K(270336K)
[1105.817s][info ][gc,heap      ] GC(329) CMS: 264773K->264837K(600768K)
[1105.817s][info ][gc,metaspace ] GC(329) Metaspace: 57384K->57384K(1101824K)
[1105.817s][info ][gc           ] GC(329) Pause Young (Allocation Failure) 494M->259M(850M) 2.541ms
[1105.817s][info ][gc,cpu       ] GC(329) User=0.01s Sys=0.00s Real=0.00s
[1105.817s][info ][safepoint    ] Leaving safepoint region
[1105.817s][info ][safepoint    ] Total time for which application threads were stopped: 0.0026810 seconds, Stopping threads took: 0.0000149 seconds
[1107.817s][info ][safepoint    ] Application time: 2.0001280 seconds
[1107.817s][info ][safepoint    ] Entering safepoint region: Cleanup
[1107.817s][info ][safepoint    ] Leaving safepoint region
[1107.817s][info ][safepoint    ] Total time for which application threads were stopped: 0.0000901 seconds, Stopping threads took: 0.0000287 seconds
[1110.410s][info ][safepoint    ] Application time: 2.5926033 seconds
[1110.410s][info ][safepoint    ] Entering safepoint region: GenCollectForAllocation
[1110.410s][info ][gc,start     ] GC(330) Pause Young (Allocation Failure)
[1110.410s][info ][gc,task      ] GC(330) Using 4 workers of 4 for evacuation
[1110.412s][debug][gc,ref       ] GC(330) Skipped phase1 of Reference Processing due to unavailable references
[1110.412s][debug][gc,ref       ] GC(330) Skipped phase2 of Reference Processing due to unavailable references
[1110.412s][debug][gc,ref       ] GC(330) Skipped phase3 of Reference Processing due to unavailable references
[1110.412s][debug][gc,ref       ] GC(330) Skipped phase4 of Reference Processing due to unavailable references
[1110.413s][debug][gc,age       ] GC(330) Desired survivor size 15368192 bytes, new threshold 6 (max threshold 6)
[1110.413s][info ][gc,heap      ] GC(330) ParNew: 241312K->1260K(270336K)
[1110.413s][info ][gc,heap      ] GC(330) CMS: 264837K->264946K(600768K)
[1110.413s][info ][gc,metaspace ] GC(330) Metaspace: 57391K->57391K(1101824K)
[1110.413s][info ][gc           ] GC(330) Pause Young (Allocation Failure) 494M->259M(850M) 2.776ms
[1110.413s][info ][gc,cpu       ] GC(330) User=0.01s Sys=0.00s Real=0.01s
[1110.413s][info ][safepoint    ] Leaving safepoint region
[1110.413s][info ][safepoint    ] Total time for which application threads were stopped: 0.0029250 seconds, Stopping threads took: 0.0000149 seconds
[1114.964s][info ][safepoint    ] Application time: 4.5516813 seconds
[1114.964s][info ][safepoint    ] Entering safepoint region: GenCollectForAllocation
[1114.964s][info ][gc,start     ] GC(331) Pause Young (Allocation Failure)
[1114.965s][info ][gc,task      ] GC(331) Using 4 workers of 4 for evacuation
[1114.967s][debug][gc,ref       ] GC(331) Skipped phase1 of Reference Processing due to unavailable references
[1114.967s][debug][gc,ref       ] GC(331) Skipped phase2 of Reference Processing due to unavailable references
[1114.967s][debug][gc,ref       ] GC(331) Skipped phase3 of Reference Processing due to unavailable references
[1114.967s][debug][gc,ref       ] GC(331) Skipped phase4 of Reference Processing due to unavailable references
[1114.967s][debug][gc,age       ] GC(331) Desired survivor size 15368192 bytes, new threshold 6 (max threshold 6)
[1114.967s][info ][gc,heap      ] GC(331) ParNew: 241580K->753K(270336K)
[1114.967s][info ][gc,heap      ] GC(331) CMS: 264946K->265116K(600768K)
[1114.967s][info ][gc,metaspace ] GC(331) Metaspace: 57391K->57391K(1101824K)
[1114.967s][info ][gc           ] GC(331) Pause Young (Allocation Failure) 494M->259M(850M) 2.622ms
[1114.967s][info ][gc,cpu       ] GC(331) User=0.01s Sys=0.00s Real=0.00s
[1114.967s][info ][safepoint    ] Leaving safepoint region
[1114.967s][info ][safepoint    ] Total time for which application threads were stopped: 0.0027618 seconds, Stopping threads took: 0.0000137 seconds
[1116.967s][info ][safepoint    ] Application time: 2.0001404 seconds
[1116.967s][info ][safepoint    ] Entering safepoint region: Cleanup
[1116.967s][info ][safepoint    ] Leaving safepoint region
[1116.967s][info ][safepoint    ] Total time for which application threads were stopped: 0.0000840 seconds, Stopping threads took: 0.0000144 seconds
[1118.968s][info ][safepoint    ] Application time: 2.0001703 seconds
[1118.968s][info ][safepoint    ] Entering safepoint region: Cleanup
[1118.968s][info ][safepoint    ] Leaving safepoint region
[1118.968s][info ][safepoint    ] Total time for which application threads were stopped: 0.0000738 seconds, Stopping threads took: 0.0000145 seconds
[1119.662s][info ][safepoint    ] Application time: 0.6938537 seconds
[1119.662s][info ][safepoint    ] Entering safepoint region: GenCollectForAllocation
[1119.662s][info ][gc,start     ] GC(332) Pause Young (Allocation Failure)
[1119.662s][info ][gc,task      ] GC(332) Using 4 workers of 4 for evacuation
[1119.664s][debug][gc,ref       ] GC(332) Skipped phase1 of Reference Processing due to unavailable references
[1119.664s][debug][gc,ref       ] GC(332) Skipped phase2 of Reference Processing due to unavailable references
[1119.664s][debug][gc,ref       ] GC(332) Skipped phase3 of Reference Processing due to unavailable references
[1119.664s][debug][gc,ref       ] GC(332) Skipped phase4 of Reference Processing due to unavailable references
[1119.664s][debug][gc,age       ] GC(332) Desired survivor size 15368192 bytes, new threshold 6 (max threshold 6)
[1119.664s][info ][gc,heap      ] GC(332) ParNew: 241073K->642K(270336K)
[1119.664s][info ][gc,heap      ] GC(332) CMS: 265116K->265274K(600768K)
[1119.664s][info ][gc,metaspace ] GC(332) Metaspace: 57397K->57397K(1101824K)
[1119.664s][info ][gc           ] GC(332) Pause Young (Allocation Failure) 494M->259M(850M) 2.432ms
[1119.664s][info ][gc,cpu       ] GC(332) User=0.01s Sys=0.00s Real=0.01s
[1119.664s][info ][safepoint    ] Leaving safepoint region
[1119.664s][info ][safepoint    ] Total time for which application threads were stopped: 0.0025786 seconds, Stopping threads took: 0.0000158 seconds
[1124.008s][info ][safepoint    ] Application time: 4.3442844 seconds
[1124.009s][info ][safepoint    ] Entering safepoint region: GenCollectForAllocation
[1124.009s][info ][gc,start     ] GC(333) Pause Young (Allocation Failure)
[1124.009s][info ][gc,task      ] GC(333) Using 4 workers of 4 for evacuation
[1124.011s][debug][gc,ref       ] GC(333) Skipped phase1 of Reference Processing due to unavailable references
[1124.011s][debug][gc,ref       ] GC(333) Skipped phase2 of Reference Processing due to unavailable references
[1124.011s][debug][gc,ref       ] GC(333) Skipped phase3 of Reference Processing due to unavailable references
[1124.011s][debug][gc,ref       ] GC(333) Skipped phase4 of Reference Processing due to unavailable references
[1124.011s][debug][gc,age       ] GC(333) Desired survivor size 15368192 bytes, new threshold 6 (max threshold 6)
[1124.011s][info ][gc,heap      ] GC(333) ParNew: 240962K->1039K(270336K)
[1124.011s][info ][gc,heap      ] GC(333) CMS: 265274K->265285K(600768K)
[1124.011s][info ][gc,metaspace ] GC(333) Metaspace: 57397K->57397K(1101824K)
[1124.011s][info ][gc           ] GC(333) Pause Young (Allocation Failure) 494M->260M(850M) 2.540ms
[1124.011s][info ][gc,cpu       ] GC(333) User=0.01s Sys=0.00s Real=0.00s
[1124.011s][info ][safepoint    ] Leaving safepoint region
[1124.011s][info ][safepoint    ] Total time for which application threads were stopped: 0.0027408 seconds, Stopping threads took: 0.0000766 seconds
[1127.012s][info ][safepoint    ] Application time: 3.0002499 seconds
[1127.012s][info ][safepoint    ] Entering safepoint region: Cleanup
[1127.012s][info ][safepoint    ] Leaving safepoint region
[1127.012s][info ][safepoint    ] Total time for which application threads were stopped: 0.0001643 seconds, Stopping threads took: 0.0000899 seconds
[1128.313s][info ][safepoint    ] Application time: 1.3014755 seconds
[1128.313s][info ][safepoint    ] Entering safepoint region: GenCollectForAllocation
[1128.313s][info ][gc,start     ] GC(334) Pause Young (Allocation Failure)
[1128.313s][info ][gc,task      ] GC(334) Using 4 workers of 4 for evacuation
[1128.316s][debug][gc,ref       ] GC(334) Skipped phase1 of Reference Processing due to unavailable references
[1128.316s][debug][gc,ref       ] GC(334) Skipped phase2 of Reference Processing due to unavailable references
[1128.316s][debug][gc,ref       ] GC(334) Skipped phase3 of Reference Processing due to unavailable references
[1128.316s][debug][gc,ref       ] GC(334) Skipped phase4 of Reference Processing due to unavailable references
[1128.316s][debug][gc,age       ] GC(334) Desired survivor size 15368192 bytes, new threshold 6 (max threshold 6)
[1128.316s][info ][gc,heap      ] GC(334) ParNew: 241359K->1139K(270336K)
[1128.316s][info ][gc,heap      ] GC(334) CMS: 265285K->265384K(600768K)
[1128.316s][info ][gc,metaspace ] GC(334) Metaspace: 57398K->57398K(1101824K)
[1128.316s][info ][gc           ] GC(334) Pause Young (Allocation Failure) 494M->260M(850M) 2.689ms
[1128.316s][info ][gc,cpu       ] GC(334) User=0.01s Sys=0.00s Real=0.00s
[1128.316s][info ][safepoint    ] Leaving safepoint region
[1128.316s][info ][safepoint    ] Total time for which application threads were stopped: 0.0028451 seconds, Stopping threads took: 0.0000141 seconds
[1132.808s][info ][safepoint    ] Application time: 4.4923778 seconds
[1132.808s][info ][safepoint    ] Entering safepoint region: GenCollectForAllocation
[1132.809s][info ][gc,start     ] GC(335) Pause Young (Allocation Failure)
[1132.809s][info ][gc,task      ] GC(335) Using 4 workers of 4 for evacuation
[1132.811s][debug][gc,ref       ] GC(335) Skipped phase1 of Reference Processing due to unavailable references
[1132.811s][debug][gc,ref       ] GC(335) Skipped phase2 of Reference Processing due to unavailable references
[1132.811s][debug][gc,ref       ] GC(335) Skipped phase3 of Reference Processing due to unavailable references
[1132.811s][debug][gc,ref       ] GC(335) Skipped phase4 of Reference Processing due to unavailable references
[1132.811s][debug][gc,age       ] GC(335) Desired survivor size 15368192 bytes, new threshold 6 (max threshold 6)
[1132.811s][info ][gc,heap      ] GC(335) ParNew: 241459K->1283K(270336K)
[1132.811s][info ][gc,heap      ] GC(335) CMS: 265384K->265482K(600768K)
[1132.811s][info ][gc,metaspace ] GC(335) Metaspace: 57399K->57399K(1101824K)
[1132.811s][info ][gc           ] GC(335) Pause Young (Allocation Failure) 494M->260M(850M) 2.718ms
[1132.811s][info ][gc,cpu       ] GC(335) User=0.01s Sys=0.00s Real=0.00s
[1132.811s][info ][safepoint    ] Leaving safepoint region
[1132.811s][info ][safepoint    ] Total time for which application threads were stopped: 0.0028578 seconds, Stopping threads took: 0.0000148 seconds
[1137.061s][info ][safepoint    ] Application time: 4.2497953 seconds
[1137.061s][info ][safepoint    ] Entering safepoint region: GenCollectForAllocation
[1137.061s][info ][gc,start     ] GC(336) Pause Young (Allocation Failure)
[1137.061s][info ][gc,task      ] GC(336) Using 4 workers of 4 for evacuation
[1137.064s][debug][gc,ref       ] GC(336) Skipped phase1 of Reference Processing due to unavailable references
[1137.064s][debug][gc,ref       ] GC(336) Skipped phase2 of Reference Processing due to unavailable references
[1137.064s][debug][gc,ref       ] GC(336) Skipped phase3 of Reference Processing due to unavailable references
[1137.064s][debug][gc,ref       ] GC(336) Skipped phase4 of Reference Processing due to unavailable references
[1137.064s][debug][gc,age       ] GC(336) Desired survivor size 15368192 bytes, new threshold 6 (max threshold 6)
[1137.064s][info ][gc,heap      ] GC(336) ParNew: 241603K->1535K(270336K)
[1137.064s][info ][gc,heap      ] GC(336) CMS: 265482K->265584K(600768K)
[1137.064s][info ][gc,metaspace ] GC(336) Metaspace: 57404K->57404K(1101824K)
[1137.064s][info ][gc           ] GC(336) Pause Young (Allocation Failure) 495M->260M(850M) 2.693ms
[1137.064s][info ][gc,cpu       ] GC(336) User=0.01s Sys=0.01s Real=0.00s
[1137.064s][info ][safepoint    ] Leaving safepoint region
[1137.064s][info ][safepoint    ] Total time for which application threads were stopped: 0.0028239 seconds, Stopping threads took: 0.0000134 seconds
[1140.064s][info ][safepoint    ] Application time: 3.0002500 seconds
[1140.064s][info ][safepoint    ] Entering safepoint region: Cleanup
[1140.064s][info ][safepoint    ] Leaving safepoint region
[1140.064s][info ][safepoint    ] Total time for which application threads were stopped: 0.0001448 seconds, Stopping threads took: 0.0000772 seconds
[1141.465s][info ][safepoint    ] Application time: 1.4002286 seconds
[1141.465s][info ][safepoint    ] Entering safepoint region: GenCollectForAllocation
[1141.465s][info ][gc,start     ] GC(337) Pause Young (Allocation Failure)
[1141.465s][info ][gc,task      ] GC(337) Using 4 workers of 4 for evacuation
[1141.467s][debug][gc,ref       ] GC(337) Skipped phase1 of Reference Processing due to unavailable references
[1141.467s][debug][gc,ref       ] GC(337) Skipped phase2 of Reference Processing due to unavailable references
[1141.467s][debug][gc,ref       ] GC(337) Skipped phase3 of Reference Processing due to unavailable references
[1141.467s][debug][gc,ref       ] GC(337) Skipped phase4 of Reference Processing due to unavailable references
[1141.467s][debug][gc,age       ] GC(337) Desired survivor size 15368192 bytes, new threshold 6 (max threshold 6)
[1141.467s][info ][gc,heap      ] GC(337) ParNew: 241855K->1580K(270336K)
[1141.467s][info ][gc,heap      ] GC(337) CMS: 265584K->265634K(600768K)
[1141.467s][info ][gc,metaspace ] GC(337) Metaspace: 57404K->57404K(1101824K)
[1141.467s][info ][gc           ] GC(337) Pause Young (Allocation Failure) 495M->260M(850M) 2.583ms
[1141.467s][info ][gc,cpu       ] GC(337) User=0.01s Sys=0.00s Real=0.00s
[1141.467s][info ][safepoint    ] Leaving safepoint region
[1141.467s][info ][safepoint    ] Total time for which application threads were stopped: 0.0027268 seconds, Stopping threads took: 0.0000148 seconds
[1145.764s][info ][safepoint    ] Application time: 4.2964649 seconds
[1145.764s][info ][safepoint    ] Entering safepoint region: GenCollectForAllocation
[1145.764s][info ][gc,start     ] GC(338) Pause Young (Allocation Failure)
[1145.764s][info ][gc,task      ] GC(338) Using 4 workers of 4 for evacuation
[1145.767s][debug][gc,ref       ] GC(338) Skipped phase1 of Reference Processing due to unavailable references
[1145.767s][debug][gc,ref       ] GC(338) Skipped phase2 of Reference Processing due to unavailable references
[1145.767s][debug][gc,ref       ] GC(338) Skipped phase3 of Reference Processing due to unavailable references
[1145.767s][debug][gc,ref       ] GC(338) Skipped phase4 of Reference Processing due to unavailable references
[1145.767s][debug][gc,age       ] GC(338) Desired survivor size 15368192 bytes, new threshold 6 (max threshold 6)
[1145.767s][info ][gc,heap      ] GC(338) ParNew: 241900K->1744K(270336K)
[1145.767s][info ][gc,heap      ] GC(338) CMS: 265634K->265709K(600768K)
[1145.767s][info ][gc,metaspace ] GC(338) Metaspace: 57404K->57404K(1101824K)
[1145.767s][info ][gc           ] GC(338) Pause Young (Allocation Failure) 495M->261M(850M) 2.690ms
[1145.767s][info ][gc,cpu       ] GC(338) User=0.00s Sys=0.01s Real=0.01s
[1145.767s][info ][safepoint    ] Leaving safepoint region
[1145.767s][info ][safepoint    ] Total time for which application threads were stopped: 0.0028321 seconds, Stopping threads took: 0.0000146 seconds
[1148.767s][info ][safepoint    ] Application time: 3.0002694 seconds
[1148.767s][info ][safepoint    ] Entering safepoint region: Cleanup
[1148.767s][info ][safepoint    ] Leaving safepoint region
[1148.767s][info ][safepoint    ] Total time for which application threads were stopped: 0.0000750 seconds, Stopping threads took: 0.0000147 seconds
[1150.266s][info ][safepoint    ] Application time: 1.4990583 seconds
[1150.266s][info ][safepoint    ] Entering safepoint region: GenCollectForAllocation
[1150.266s][info ][gc,start     ] GC(339) Pause Young (Allocation Failure)
[1150.266s][info ][gc,task      ] GC(339) Using 4 workers of 4 for evacuation
[1150.269s][debug][gc,ref       ] GC(339) Skipped phase1 of Reference Processing due to unavailable references
[1150.269s][debug][gc,ref       ] GC(339) Skipped phase2 of Reference Processing due to unavailable references
[1150.269s][debug][gc,ref       ] GC(339) Skipped phase3 of Reference Processing due to unavailable references
[1150.269s][debug][gc,ref       ] GC(339) Skipped phase4 of Reference Processing due to unavailable references
[1150.269s][debug][gc,age       ] GC(339) Desired survivor size 15368192 bytes, new threshold 6 (max threshold 6)
[1150.269s][info ][gc,heap      ] GC(339) ParNew: 242064K->1825K(270336K)
[1150.269s][info ][gc,heap      ] GC(339) CMS: 265709K->265898K(600768K)
[1150.269s][info ][gc,metaspace ] GC(339) Metaspace: 57404K->57404K(1101824K)
[1150.269s][info ][gc           ] GC(339) Pause Young (Allocation Failure) 495M->261M(850M) 2.897ms
[1150.269s][info ][gc,cpu       ] GC(339) User=0.01s Sys=0.00s Real=0.00s
[1150.269s][info ][safepoint    ] Leaving safepoint region
[1150.269s][info ][safepoint    ] Total time for which application threads were stopped: 0.0030466 seconds, Stopping threads took: 0.0000143 seconds
[1152.270s][info ][safepoint    ] Application time: 2.0003189 seconds
[1152.270s][info ][safepoint    ] Entering safepoint region: Cleanup
[1152.270s][info ][safepoint    ] Leaving safepoint region
[1152.270s][info ][safepoint    ] Total time for which application threads were stopped: 0.0000760 seconds, Stopping threads took: 0.0000158 seconds
[1154.762s][info ][safepoint    ] Application time: 2.4925796 seconds
[1154.762s][info ][safepoint    ] Entering safepoint region: GenCollectForAllocation
[1154.762s][info ][gc,start     ] GC(340) Pause Young (Allocation Failure)
[1154.762s][info ][gc,task      ] GC(340) Using 4 workers of 4 for evacuation
[1154.765s][debug][gc,ref       ] GC(340) Skipped phase1 of Reference Processing due to unavailable references
[1154.765s][debug][gc,ref       ] GC(340) Skipped phase2 of Reference Processing due to unavailable references
[1154.765s][debug][gc,ref       ] GC(340) Skipped phase3 of Reference Processing due to unavailable references
[1154.765s][debug][gc,age       ] GC(340) Desired survivor size 15368192 bytes, new threshold 6 (max threshold 6)
[1154.765s][info ][gc,heap      ] GC(340) ParNew: 242145K->1353K(270336K)
[1154.765s][info ][gc,heap      ] GC(340) CMS: 265898K->265991K(600768K)
[1154.765s][info ][gc,metaspace ] GC(340) Metaspace: 57409K->57409K(1101824K)
[1154.765s][info ][gc           ] GC(340) Pause Young (Allocation Failure) 496M->261M(850M) 2.469ms
[1154.765s][info ][gc,cpu       ] GC(340) User=0.01s Sys=0.00s Real=0.01s
[1154.765s][info ][safepoint    ] Leaving safepoint region
[1154.765s][info ][safepoint    ] Total time for which application threads were stopped: 0.0026081 seconds, Stopping threads took: 0.0000141 seconds
[1155.765s][info ][safepoint    ] Application time: 1.0001072 seconds
[1155.765s][info ][safepoint    ] Entering safepoint region: Cleanup
[1155.765s][info ][safepoint    ] Leaving safepoint region
[1155.765s][info ][safepoint    ] Total time for which application threads were stopped: 0.0001160 seconds, Stopping threads took: 0.0000470 seconds
[1156.765s][info ][safepoint    ] Application time: 1.0001262 seconds
[1156.765s][info ][safepoint    ] Entering safepoint region: Cleanup
[1156.765s][info ][safepoint    ] Leaving safepoint region
[1156.765s][info ][safepoint    ] Total time for which application threads were stopped: 0.0000728 seconds, Stopping threads took: 0.0000160 seconds
[1159.264s][info ][safepoint    ] Application time: 2.4986220 seconds
[1159.264s][info ][safepoint    ] Entering safepoint region: GenCollectForAllocation
[1159.264s][info ][gc,start     ] GC(341) Pause Young (Allocation Failure)
[1159.264s][info ][gc,task      ] GC(341) Using 4 workers of 4 for evacuation
[1159.267s][debug][gc,ref       ] GC(341) Skipped phase1 of Reference Processing due to unavailable references
[1159.267s][debug][gc,ref       ] GC(341) Skipped phase2 of Reference Processing due to unavailable references
[1159.267s][debug][gc,ref       ] GC(341) Skipped phase3 of Reference Processing due to unavailable references
[1159.267s][debug][gc,ref       ] GC(341) Skipped phase4 of Reference Processing due to unavailable references
[1159.267s][debug][gc,age       ] GC(341) Desired survivor size 15368192 bytes, new threshold 6 (max threshold 6)
[1159.267s][info ][gc,heap      ] GC(341) ParNew: 241673K->1029K(270336K)
[1159.267s][info ][gc,heap      ] GC(341) CMS: 265991K->266266K(600768K)
[1159.267s][info ][gc,metaspace ] GC(341) Metaspace: 57411K->57411K(1101824K)
[1159.267s][info ][gc           ] GC(341) Pause Young (Allocation Failure) 495M->261M(850M) 2.663ms
[1159.267s][info ][gc,cpu       ] GC(341) User=0.01s Sys=0.00s Real=0.00s
[1159.267s][info ][safepoint    ] Leaving safepoint region
[1159.267s][info ][safepoint    ] Total time for which application threads were stopped: 0.0028139 seconds, Stopping threads took: 0.0000147 seconds
[1163.714s][info ][safepoint    ] Application time: 4.4470840 seconds
[1163.714s][info ][safepoint    ] Entering safepoint region: GenCollectForAllocation
[1163.714s][info ][gc,start     ] GC(342) Pause Young (Allocation Failure)
[1163.714s][info ][gc,task      ] GC(342) Using 4 workers of 4 for evacuation
[1163.717s][debug][gc,ref       ] GC(342) Skipped phase1 of Reference Processing due to unavailable references
[1163.717s][debug][gc,ref       ] GC(342) Skipped phase2 of Reference Processing due to unavailable references
[1163.717s][debug][gc,ref       ] GC(342) Skipped phase3 of Reference Processing due to unavailable references
[1163.717s][debug][gc,ref       ] GC(342) Skipped phase4 of Reference Processing due to unavailable references
[1163.717s][debug][gc,age       ] GC(342) Desired survivor size 15368192 bytes, new threshold 6 (max threshold 6)
[1163.717s][info ][gc,heap      ] GC(342) ParNew: 241349K->1243K(270336K)
[1163.717s][info ][gc,heap      ] GC(342) CMS: 266266K->266433K(600768K)
[1163.717s][info ][gc,metaspace ] GC(342) Metaspace: 57411K->57411K(1101824K)
[1163.717s][info ][gc           ] GC(342) Pause Young (Allocation Failure) 495M->261M(850M) 2.890ms
[1163.717s][info ][gc,cpu       ] GC(342) User=0.01s Sys=0.00s Real=0.00s
[1163.717s][info ][safepoint    ] Leaving safepoint region
[1163.717s][info ][safepoint    ] Total time for which application threads were stopped: 0.0030433 seconds, Stopping threads took: 0.0000162 seconds
[1168.256s][info ][safepoint    ] Application time: 4.5388483 seconds
[1168.256s][info ][safepoint    ] Entering safepoint region: GenCollectForAllocation
[1168.256s][info ][gc,start     ] GC(343) Pause Young (Allocation Failure)
[1168.256s][info ][gc,task      ] GC(343) Using 4 workers of 4 for evacuation
[1168.259s][debug][gc,ref       ] GC(343) Skipped phase1 of Reference Processing due to unavailable references
[1168.259s][debug][gc,ref       ] GC(343) Skipped phase2 of Reference Processing due to unavailable references
[1168.259s][debug][gc,ref       ] GC(343) Skipped phase3 of Reference Processing due to unavailable references
[1168.259s][debug][gc,ref       ] GC(343) Skipped phase4 of Reference Processing due to unavailable references
[1168.259s][debug][gc,age       ] GC(343) Desired survivor size 15368192 bytes, new threshold 6 (max threshold 6)
[1168.259s][info ][gc,heap      ] GC(343) ParNew: 241563K->1006K(270336K)
[1168.259s][info ][gc,heap      ] GC(343) CMS: 266433K->266550K(600768K)
[1168.259s][info ][gc,metaspace ] GC(343) Metaspace: 57412K->57412K(1101824K)
[1168.259s][info ][gc           ] GC(343) Pause Young (Allocation Failure) 496M->261M(850M) 2.593ms
[1168.259s][info ][gc,cpu       ] GC(343) User=0.01s Sys=0.01s Real=0.00s
[1168.259s][info ][safepoint    ] Leaving safepoint region
[1168.259s][info ][safepoint    ] Total time for which application threads were stopped: 0.0027669 seconds, Stopping threads took: 0.0000278 seconds
[1171.259s][info ][safepoint    ] Application time: 3.0002724 seconds
[1171.259s][info ][safepoint    ] Entering safepoint region: Cleanup
[1171.259s][info ][safepoint    ] Leaving safepoint region
[1171.259s][info ][safepoint    ] Total time for which application threads were stopped: 0.0001762 seconds, Stopping threads took: 0.0000831 seconds
[1172.259s][info ][safepoint    ] Application time: 1.0000965 seconds
[1172.260s][info ][safepoint    ] Entering safepoint region: Cleanup
[1172.260s][info ][safepoint    ] Leaving safepoint region
[1172.260s][info ][safepoint    ] Total time for which application threads were stopped: 0.0004435 seconds, Stopping threads took: 0.0003714 seconds
[1172.658s][info ][safepoint    ] Application time: 0.3985217 seconds
[1172.658s][info ][safepoint    ] Entering safepoint region: GenCollectForAllocation
[1172.659s][info ][gc,start     ] GC(344) Pause Young (Allocation Failure)
[1172.659s][info ][gc,task      ] GC(344) Using 4 workers of 4 for evacuation
[1172.661s][debug][gc,ref       ] GC(344) Skipped phase1 of Reference Processing due to unavailable references
[1172.661s][debug][gc,ref       ] GC(344) Skipped phase2 of Reference Processing due to unavailable references
[1172.661s][debug][gc,ref       ] GC(344) Skipped phase3 of Reference Processing due to unavailable references
[1172.661s][debug][gc,ref       ] GC(344) Skipped phase4 of Reference Processing due to unavailable references
[1172.661s][debug][gc,age       ] GC(344) Desired survivor size 15368192 bytes, new threshold 6 (max threshold 6)
[1172.661s][info ][gc,heap      ] GC(344) ParNew: 241326K->1527K(270336K)
[1172.661s][info ][gc,heap      ] GC(344) CMS: 266550K->266655K(600768K)
[1172.661s][info ][gc,metaspace ] GC(344) Metaspace: 57416K->57416K(1101824K)
[1172.661s][info ][gc           ] GC(344) Pause Young (Allocation Failure) 495M->261M(850M) 2.739ms
[1172.661s][info ][gc,cpu       ] GC(344) User=0.01s Sys=0.00s Real=0.00s
[1172.661s][info ][safepoint    ] Leaving safepoint region
[1172.661s][info ][safepoint    ] Total time for which application threads were stopped: 0.0029346 seconds, Stopping threads took: 0.0000500 seconds
[1176.662s][info ][safepoint    ] Application time: 4.0003910 seconds
[1176.662s][info ][safepoint    ] Entering safepoint region: Cleanup
[1176.662s][info ][safepoint    ] Leaving safepoint region
[1176.662s][info ][safepoint    ] Total time for which application threads were stopped: 0.0001382 seconds, Stopping threads took: 0.0000614 seconds
[1177.013s][info ][safepoint    ] Application time: 0.3512508 seconds
[1177.013s][info ][safepoint    ] Entering safepoint region: GenCollectForAllocation
[1177.013s][info ][gc,start     ] GC(345) Pause Young (Allocation Failure)
[1177.013s][info ][gc,task      ] GC(345) Using 4 workers of 4 for evacuation
[1177.016s][debug][gc,ref       ] GC(345) Skipped phase1 of Reference Processing due to unavailable references
[1177.017s][debug][gc,ref       ] GC(345) Skipped phase3 of Reference Processing due to unavailable references
[1177.017s][debug][gc,ref       ] GC(345) Skipped phase4 of Reference Processing due to unavailable references
[1177.017s][debug][gc,age       ] GC(345) Desired survivor size 15368192 bytes, new threshold 6 (max threshold 6)
[1177.017s][info ][gc,heap      ] GC(345) ParNew: 241847K->1821K(270336K)
[1177.017s][info ][gc,heap      ] GC(345) CMS: 266655K->266850K(600768K)
[1177.017s][info ][gc,metaspace ] GC(345) Metaspace: 57416K->57416K(1101824K)
[1177.017s][info ][gc           ] GC(345) Pause Young (Allocation Failure) 496M->262M(850M) 3.391ms
[1177.017s][info ][gc,cpu       ] GC(345) User=0.01s Sys=0.00s Real=0.00s
[1177.017s][info ][safepoint    ] Leaving safepoint region
[1177.017s][info ][safepoint    ] Total time for which application threads were stopped: 0.0035472 seconds, Stopping threads took: 0.0000153 seconds
[1181.665s][info ][safepoint    ] Application time: 4.6480621 seconds
[1181.665s][info ][safepoint    ] Entering safepoint region: GenCollectForAllocation
[1181.665s][info ][gc,start     ] GC(346) Pause Young (Allocation Failure)
[1181.665s][info ][gc,task      ] GC(346) Using 4 workers of 4 for evacuation
[1181.669s][debug][gc,ref       ] GC(346) Skipped phase1 of Reference Processing due to unavailable references
[1181.669s][debug][gc,ref       ] GC(346) Skipped phase2 of Reference Processing due to unavailable references
[1181.669s][debug][gc,ref       ] GC(346) Skipped phase3 of Reference Processing due to unavailable references
[1181.669s][debug][gc,ref       ] GC(346) Skipped phase4 of Reference Processing due to unavailable references
[1181.669s][debug][gc,age       ] GC(346) Desired survivor size 15368192 bytes, new threshold 6 (max threshold 6)
[1181.669s][info ][gc,heap      ] GC(346) ParNew: 242141K->1752K(270336K)
[1181.669s][info ][gc,heap      ] GC(346) CMS: 266850K->266868K(600768K)
[1181.669s][info ][gc,metaspace ] GC(346) Metaspace: 57416K->57416K(1101824K)
[1181.669s][info ][gc           ] GC(346) Pause Young (Allocation Failure) 497M->262M(850M) 4.203ms
[1181.669s][info ][gc,cpu       ] GC(346) User=0.00s Sys=0.00s Real=0.00s
[1181.669s][info ][safepoint    ] Leaving safepoint region
[1181.669s][info ][safepoint    ] Total time for which application threads were stopped: 0.0043558 seconds, Stopping threads took: 0.0000152 seconds
[1186.365s][info ][safepoint    ] Application time: 4.6956558 seconds
[1186.365s][info ][safepoint    ] Entering safepoint region: GenCollectForAllocation
[1186.365s][info ][gc,start     ] GC(347) Pause Young (Allocation Failure)
[1186.365s][info ][gc,task      ] GC(347) Using 4 workers of 4 for evacuation
[1186.367s][debug][gc,ref       ] GC(347) Skipped phase1 of Reference Processing due to unavailable references
[1186.367s][debug][gc,ref       ] GC(347) Skipped phase2 of Reference Processing due to unavailable references
[1186.367s][debug][gc,ref       ] GC(347) Skipped phase3 of Reference Processing due to unavailable references
[1186.367s][debug][gc,ref       ] GC(347) Skipped phase4 of Reference Processing due to unavailable references
[1186.368s][debug][gc,age       ] GC(347) Desired survivor size 15368192 bytes, new threshold 6 (max threshold 6)
[1186.368s][info ][gc,heap      ] GC(347) ParNew: 242072K->1600K(270336K)
[1186.368s][info ][gc,heap      ] GC(347) CMS: 266868K->266894K(600768K)
[1186.368s][info ][gc,metaspace ] GC(347) Metaspace: 57416K->57416K(1101824K)
[1186.368s][info ][gc           ] GC(347) Pause Young (Allocation Failure) 497M->262M(850M) 2.602ms
[1186.368s][info ][gc,cpu       ] GC(347) User=0.01s Sys=0.00s Real=0.00s
[1186.368s][info ][safepoint    ] Leaving safepoint region
[1186.368s][info ][safepoint    ] Total time for which application threads were stopped: 0.0027570 seconds, Stopping threads took: 0.0000264 seconds
[1187.368s][info ][safepoint    ] Application time: 1.0001175 seconds
[1187.368s][info ][safepoint    ] Entering safepoint region: Cleanup
[1187.368s][info ][safepoint    ] Leaving safepoint region
[1187.368s][info ][safepoint    ] Total time for which application threads were stopped: 0.0000730 seconds, Stopping threads took: 0.0000137 seconds
[1188.368s][info ][safepoint    ] Application time: 1.0000987 seconds
[1188.368s][info ][safepoint    ] Entering safepoint region: Cleanup
[1188.368s][info ][safepoint    ] Leaving safepoint region
[1188.368s][info ][safepoint    ] Total time for which application threads were stopped: 0.0001028 seconds, Stopping threads took: 0.0000142 seconds
[1189.368s][info ][safepoint    ] Application time: 1.0000862 seconds
[1189.368s][info ][safepoint    ] Entering safepoint region: Cleanup
[1189.368s][info ][safepoint    ] Leaving safepoint region
[1189.368s][info ][safepoint    ] Total time for which application threads were stopped: 0.0000755 seconds, Stopping threads took: 0.0000150 seconds
[1190.368s][info ][safepoint    ] Application time: 1.0000934 seconds
[1190.368s][info ][safepoint    ] Entering safepoint region: Cleanup
[1190.369s][info ][safepoint    ] Leaving safepoint region
[1190.369s][info ][safepoint    ] Total time for which application threads were stopped: 0.0000751 seconds, Stopping threads took: 0.0000159 seconds
[1190.915s][info ][safepoint    ] Application time: 0.5465877 seconds
[1190.915s][info ][safepoint    ] Entering safepoint region: GenCollectForAllocation
[1190.915s][info ][gc,start     ] GC(348) Pause Young (Allocation Failure)
[1190.915s][info ][gc,task      ] GC(348) Using 4 workers of 4 for evacuation
[1190.918s][debug][gc,ref       ] GC(348) Skipped phase1 of Reference Processing due to unavailable references
[1190.918s][debug][gc,ref       ] GC(348) Skipped phase2 of Reference Processing due to unavailable references
[1190.918s][debug][gc,ref       ] GC(348) Skipped phase3 of Reference Processing due to unavailable references
[1190.918s][debug][gc,age       ] GC(348) Desired survivor size 15368192 bytes, new threshold 6 (max threshold 6)
[1190.918s][info ][gc,heap      ] GC(348) ParNew: 241920K->1948K(270336K)
[1190.918s][info ][gc,heap      ] GC(348) CMS: 266894K->267022K(600768K)
[1190.918s][info ][gc,metaspace ] GC(348) Metaspace: 57419K->57419K(1101824K)
[1190.918s][info ][gc           ] GC(348) Pause Young (Allocation Failure) 496M->262M(850M) 2.952ms
[1190.918s][info ][gc,cpu       ] GC(348) User=0.01s Sys=0.00s Real=0.00s
[1190.918s][info ][safepoint    ] Leaving safepoint region
[1190.918s][info ][safepoint    ] Total time for which application threads were stopped: 0.0030898 seconds, Stopping threads took: 0.0000140 seconds
[1191.918s][info ][safepoint    ] Application time: 1.0000968 seconds
[1191.918s][info ][safepoint    ] Entering safepoint region: Cleanup
[1191.918s][info ][safepoint    ] Leaving safepoint region
[1191.919s][info ][safepoint    ] Total time for which application threads were stopped: 0.0001257 seconds, Stopping threads took: 0.0000652 seconds
[1195.508s][info ][safepoint    ] Application time: 3.5897852 seconds
[1195.508s][info ][safepoint    ] Entering safepoint region: GenCollectForAllocation
[1195.508s][info ][gc,start     ] GC(349) Pause Young (Allocation Failure)
[1195.508s][info ][gc,task      ] GC(349) Using 4 workers of 4 for evacuation
[1195.511s][debug][gc,ref       ] GC(349) Skipped phase1 of Reference Processing due to unavailable references
[1195.511s][debug][gc,ref       ] GC(349) Skipped phase2 of Reference Processing due to unavailable references
[1195.511s][debug][gc,ref       ] GC(349) Skipped phase3 of Reference Processing due to unavailable references
[1195.511s][debug][gc,ref       ] GC(349) Skipped phase4 of Reference Processing due to unavailable references
[1195.511s][debug][gc,age       ] GC(349) Desired survivor size 15368192 bytes, new threshold 6 (max threshold 6)
[1195.511s][info ][gc,heap      ] GC(349) ParNew: 242268K->1807K(270336K)
[1195.511s][info ][gc,heap      ] GC(349) CMS: 267022K->267060K(600768K)
[1195.511s][info ][gc,metaspace ] GC(349) Metaspace: 57419K->57419K(1101824K)
[1195.511s][info ][gc           ] GC(349) Pause Young (Allocation Failure) 497M->262M(850M) 2.951ms
[1195.511s][info ][gc,cpu       ] GC(349) User=0.01s Sys=0.00s Real=0.00s
[1195.511s][info ][safepoint    ] Leaving safepoint region
[1195.511s][info ][safepoint    ] Total time for which application threads were stopped: 0.0031347 seconds, Stopping threads took: 0.0000512 seconds
[1196.512s][info ][safepoint    ] Application time: 1.0001029 seconds
[1196.512s][info ][safepoint    ] Entering safepoint region: Cleanup
[1196.512s][info ][safepoint    ] Leaving safepoint region
[1196.512s][info ][safepoint    ] Total time for which application threads were stopped: 0.0001360 seconds, Stopping threads took: 0.0000560 seconds
[1200.367s][info ][safepoint    ] Application time: 3.8548436 seconds
[1200.367s][info ][safepoint    ] Entering safepoint region: GenCollectForAllocation
[1200.367s][info ][gc,start     ] GC(350) Pause Young (Allocation Failure)
[1200.367s][info ][gc,task      ] GC(350) Using 4 workers of 4 for evacuation
[1200.372s][debug][gc,ref       ] GC(350) Skipped phase1 of Reference Processing due to unavailable references
[1200.372s][debug][gc,ref       ] GC(350) Skipped phase2 of Reference Processing due to unavailable references
[1200.372s][debug][gc,ref       ] GC(350) Skipped phase3 of Reference Processing due to unavailable references
[1200.372s][debug][gc,ref       ] GC(350) Skipped phase4 of Reference Processing due to unavailable references
[1200.372s][debug][gc,age       ] GC(350) Desired survivor size 15368192 bytes, new threshold 6 (max threshold 6)
[1200.372s][info ][gc,heap      ] GC(350) ParNew: 242127K->1544K(270336K)
[1200.372s][info ][gc,heap      ] GC(350) CMS: 267060K->267675K(600768K)
[1200.372s][info ][gc,metaspace ] GC(350) Metaspace: 57419K->57419K(1101824K)
[1200.372s][info ][gc           ] GC(350) Pause Young (Allocation Failure) 497M->262M(850M) 5.124ms
[1200.372s][info ][gc,cpu       ] GC(350) User=0.02s Sys=0.00s Real=0.00s
[1200.372s][info ][safepoint    ] Leaving safepoint region
[1200.372s][info ][safepoint    ] Total time for which application threads were stopped: 0.0052930 seconds, Stopping threads took: 0.0000288 seconds
[1203.372s][info ][safepoint    ] Application time: 3.0002767 seconds
[1203.372s][info ][safepoint    ] Entering safepoint region: Cleanup
[1203.372s][info ][safepoint    ] Leaving safepoint region
[1203.372s][info ][safepoint    ] Total time for which application threads were stopped: 0.0000755 seconds, Stopping threads took: 0.0000143 seconds
[1205.162s][info ][safepoint    ] Application time: 1.7898251 seconds
[1205.162s][info ][safepoint    ] Entering safepoint region: GenCollectForAllocation
[1205.162s][info ][gc,start     ] GC(351) Pause Young (Allocation Failure)
[1205.162s][info ][gc,task      ] GC(351) Using 4 workers of 4 for evacuation
[1205.165s][debug][gc,ref       ] GC(351) Skipped phase1 of Reference Processing due to unavailable references
[1205.165s][debug][gc,ref       ] GC(351) Skipped phase2 of Reference Processing due to unavailable references
[1205.165s][debug][gc,ref       ] GC(351) Skipped phase3 of Reference Processing due to unavailable references
[1205.165s][debug][gc,ref       ] GC(351) Skipped phase4 of Reference Processing due to unavailable references
[1205.165s][debug][gc,age       ] GC(351) Desired survivor size 15368192 bytes, new threshold 6 (max threshold 6)
[1205.165s][info ][gc,heap      ] GC(351) ParNew: 241864K->1365K(270336K)
[1205.165s][info ][gc,heap      ] GC(351) CMS: 267675K->267784K(600768K)
[1205.165s][info ][gc,metaspace ] GC(351) Metaspace: 57420K->57420K(1101824K)
[1205.165s][info ][gc           ] GC(351) Pause Young (Allocation Failure) 497M->262M(850M) 2.984ms
[1205.165s][info ][gc,cpu       ] GC(351) User=0.01s Sys=0.00s Real=0.01s
[1205.165s][info ][safepoint    ] Leaving safepoint region
[1205.165s][info ][safepoint    ] Total time for which application threads were stopped: 0.0031550 seconds, Stopping threads took: 0.0000242 seconds
[1206.165s][info ][safepoint    ] Application time: 1.0000865 seconds
[1206.165s][info ][safepoint    ] Entering safepoint region: Cleanup
[1206.166s][info ][safepoint    ] Leaving safepoint region
[1206.166s][info ][safepoint    ] Total time for which application threads were stopped: 0.0000889 seconds, Stopping threads took: 0.0000146 seconds
[1207.166s][info ][safepoint    ] Application time: 1.0000850 seconds
[1207.166s][info ][safepoint    ] Entering safepoint region: Cleanup
[1207.166s][info ][safepoint    ] Leaving safepoint region
[1207.166s][info ][safepoint    ] Total time for which application threads were stopped: 0.0000836 seconds, Stopping threads took: 0.0000140 seconds
[1210.013s][info ][safepoint    ] Application time: 2.8473924 seconds
[1210.013s][info ][safepoint    ] Entering safepoint region: GenCollectForAllocation
[1210.013s][info ][gc,start     ] GC(352) Pause Young (Allocation Failure)
[1210.013s][info ][gc,task      ] GC(352) Using 4 workers of 4 for evacuation
[1210.016s][debug][gc,ref       ] GC(352) Skipped phase1 of Reference Processing due to unavailable references
[1210.016s][debug][gc,ref       ] GC(352) Skipped phase3 of Reference Processing due to unavailable references
[1210.016s][debug][gc,age       ] GC(352) Desired survivor size 15368192 bytes, new threshold 6 (max threshold 6)
[1210.016s][info ][gc,heap      ] GC(352) ParNew: 241685K->1839K(270336K)
[1210.016s][info ][gc,heap      ] GC(352) CMS: 267784K->267834K(600768K)
[1210.016s][info ][gc,metaspace ] GC(352) Metaspace: 57423K->57423K(1101824K)
[1210.016s][info ][gc           ] GC(352) Pause Young (Allocation Failure) 497M->263M(850M) 2.940ms
[1210.016s][info ][gc,cpu       ] GC(352) User=0.01s Sys=0.00s Real=0.00s
[1210.016s][info ][safepoint    ] Leaving safepoint region
[1210.016s][info ][safepoint    ] Total time for which application threads were stopped: 0.0030958 seconds, Stopping threads took: 0.0000137 seconds
[1212.016s][info ][safepoint    ] Application time: 2.0001694 seconds
[1212.016s][info ][safepoint    ] Entering safepoint region: Cleanup
[1212.017s][info ][safepoint    ] Leaving safepoint region
[1212.017s][info ][safepoint    ] Total time for which application threads were stopped: 0.0000956 seconds, Stopping threads took: 0.0000159 seconds
[1213.017s][info ][safepoint    ] Application time: 1.0000846 seconds
[1213.017s][info ][safepoint    ] Entering safepoint region: Cleanup
[1213.017s][info ][safepoint    ] Leaving safepoint region
[1213.017s][info ][safepoint    ] Total time for which application threads were stopped: 0.0000887 seconds, Stopping threads took: 0.0000140 seconds
[1213.510s][info ][safepoint    ] Application time: 0.4929887 seconds
[1213.510s][info ][safepoint    ] Entering safepoint region: GenCollectForAllocation
[1213.510s][info ][gc,start     ] GC(353) Pause Young (Allocation Failure)
[1213.510s][info ][gc,task      ] GC(353) Using 4 workers of 4 for evacuation
[1213.513s][debug][gc,ref       ] GC(353) Skipped phase1 of Reference Processing due to unavailable references
[1213.513s][debug][gc,ref       ] GC(353) Skipped phase2 of Reference Processing due to unavailable references
[1213.513s][debug][gc,ref       ] GC(353) Skipped phase3 of Reference Processing due to unavailable references
[1213.513s][debug][gc,ref       ] GC(353) Skipped phase4 of Reference Processing due to unavailable references
[1213.513s][debug][gc,age       ] GC(353) Desired survivor size 15368192 bytes, new threshold 6 (max threshold 6)
[1213.513s][info ][gc,heap      ] GC(353) ParNew: 242159K->1733K(270336K)
[1213.513s][info ][gc,heap      ] GC(353) CMS: 267834K->267929K(600768K)
[1213.513s][info ][gc,metaspace ] GC(353) Metaspace: 57428K->57428K(1101824K)
[1213.513s][info ][gc           ] GC(353) Pause Young (Allocation Failure) 498M->263M(850M) 3.297ms
[1213.513s][info ][gc,cpu       ] GC(353) User=0.02s Sys=0.00s Real=0.01s
[1213.513s][info ][safepoint    ] Leaving safepoint region
[1213.513s][info ][safepoint    ] Total time for which application threads were stopped: 0.0034412 seconds, Stopping threads took: 0.0000151 seconds
[1218.208s][info ][safepoint    ] Application time: 4.6950687 seconds
[1218.208s][info ][safepoint    ] Entering safepoint region: GenCollectForAllocation
[1218.209s][info ][gc,start     ] GC(354) Pause Young (Allocation Failure)
[1218.209s][info ][gc,task      ] GC(354) Using 4 workers of 4 for evacuation
[1218.211s][debug][gc,ref       ] GC(354) Skipped phase1 of Reference Processing due to unavailable references
[1218.211s][debug][gc,ref       ] GC(354) Skipped phase2 of Reference Processing due to unavailable references
[1218.211s][debug][gc,ref       ] GC(354) Skipped phase3 of Reference Processing due to unavailable references
[1218.211s][debug][gc,ref       ] GC(354) Skipped phase4 of Reference Processing due to unavailable references
[1218.212s][debug][gc,age       ] GC(354) Desired survivor size 15368192 bytes, new threshold 6 (max threshold 6)
[1218.212s][info ][gc,heap      ] GC(354) ParNew: 242053K->2183K(270336K)
[1218.212s][info ][gc,heap      ] GC(354) CMS: 267929K->267966K(600768K)
[1218.212s][info ][gc,metaspace ] GC(354) Metaspace: 57436K->57436K(1101824K)
[1218.212s][info ][gc           ] GC(354) Pause Young (Allocation Failure) 498M->263M(850M) 3.020ms
[1218.212s][info ][gc,cpu       ] GC(354) User=0.01s Sys=0.00s Real=0.00s
[1218.212s][info ][safepoint    ] Leaving safepoint region
[1218.212s][info ][safepoint    ] Total time for which application threads were stopped: 0.0032376 seconds, Stopping threads took: 0.0000728 seconds
[1220.212s][info ][safepoint    ] Application time: 2.0001775 seconds
[1220.212s][info ][safepoint    ] Entering safepoint region: Cleanup
[1220.212s][info ][safepoint    ] Leaving safepoint region
[1220.212s][info ][safepoint    ] Total time for which application threads were stopped: 0.0001400 seconds, Stopping threads took: 0.0000704 seconds
[1223.212s][info ][safepoint    ] Application time: 3.0000788 seconds
[1223.212s][info ][safepoint    ] Entering safepoint region: GenCollectForAllocation
[1223.212s][info ][gc,start     ] GC(355) Pause Young (Allocation Failure)
[1223.212s][info ][gc,task      ] GC(355) Using 4 workers of 4 for evacuation
[1223.215s][debug][gc,ref       ] GC(355) Skipped phase1 of Reference Processing due to unavailable references
[1223.215s][debug][gc,ref       ] GC(355) Skipped phase2 of Reference Processing due to unavailable references
[1223.215s][debug][gc,ref       ] GC(355) Skipped phase3 of Reference Processing due to unavailable references
[1223.215s][debug][gc,ref       ] GC(355) Skipped phase4 of Reference Processing due to unavailable references
[1223.215s][debug][gc,age       ] GC(355) Desired survivor size 15368192 bytes, new threshold 6 (max threshold 6)
[1223.215s][info ][gc,heap      ] GC(355) ParNew: 242503K->2560K(270336K)
[1223.215s][info ][gc,heap      ] GC(355) CMS: 267966K->268051K(600768K)
[1223.215s][info ][gc,metaspace ] GC(355) Metaspace: 57440K->57440K(1101824K)
[1223.215s][info ][gc           ] GC(355) Pause Young (Allocation Failure) 498M->264M(850M) 3.133ms
[1223.215s][info ][gc,cpu       ] GC(355) User=0.01s Sys=0.00s Real=0.00s
[1223.215s][info ][safepoint    ] Leaving safepoint region
[1223.215s][info ][safepoint    ] Total time for which application threads were stopped: 0.0032904 seconds, Stopping threads took: 0.0000172 seconds
[1224.216s][info ][safepoint    ] Application time: 1.0001001 seconds
[1224.216s][info ][safepoint    ] Entering safepoint region: Cleanup
[1224.216s][info ][safepoint    ] Leaving safepoint region
[1224.216s][info ][safepoint    ] Total time for which application threads were stopped: 0.0000857 seconds, Stopping threads took: 0.0000148 seconds
[1225.216s][info ][safepoint    ] Application time: 1.0000988 seconds
[1225.216s][info ][safepoint    ] Entering safepoint region: Cleanup
[1225.216s][info ][safepoint    ] Leaving safepoint region
[1225.216s][info ][safepoint    ] Total time for which application threads were stopped: 0.0000821 seconds, Stopping threads took: 0.0000151 seconds
[1228.216s][info ][safepoint    ] Application time: 3.0002424 seconds
[1228.216s][info ][safepoint    ] Entering safepoint region: Cleanup
[1228.216s][info ][safepoint    ] Leaving safepoint region
[1228.216s][info ][safepoint    ] Total time for which application threads were stopped: 0.0000756 seconds, Stopping threads took: 0.0000150 seconds
[1228.461s][info ][safepoint    ] Application time: 0.2448251 seconds
[1228.461s][info ][safepoint    ] Entering safepoint region: GenCollectForAllocation
[1228.461s][info ][gc,start     ] GC(356) Pause Young (Allocation Failure)
[1228.461s][info ][gc,task      ] GC(356) Using 4 workers of 4 for evacuation
[1228.464s][debug][gc,ref       ] GC(356) Skipped phase1 of Reference Processing due to unavailable references
[1228.464s][debug][gc,ref       ] GC(356) Skipped phase3 of Reference Processing due to unavailable references
[1228.464s][debug][gc,age       ] GC(356) Desired survivor size 15368192 bytes, new threshold 6 (max threshold 6)
[1228.464s][info ][gc,heap      ] GC(356) ParNew: 242880K->2312K(270336K)
[1228.464s][info ][gc,heap      ] GC(356) CMS: 268051K->268204K(600768K)
[1228.464s][info ][gc,metaspace ] GC(356) Metaspace: 57468K->57468K(1101824K)
[1228.464s][info ][gc           ] GC(356) Pause Young (Allocation Failure) 498M->264M(850M) 3.176ms
[1228.464s][info ][gc,cpu       ] GC(356) User=0.01s Sys=0.00s Real=0.01s
[1228.464s][info ][safepoint    ] Leaving safepoint region
[1228.464s][info ][safepoint    ] Total time for which application threads were stopped: 0.0033328 seconds, Stopping threads took: 0.0000129 seconds
[1230.465s][info ][safepoint    ] Application time: 2.0001534 seconds
[1230.465s][info ][safepoint    ] Entering safepoint region: Cleanup
[1230.465s][info ][safepoint    ] Leaving safepoint region
[1230.465s][info ][safepoint    ] Total time for which application threads were stopped: 0.0001537 seconds, Stopping threads took: 0.0000773 seconds
[1231.465s][info ][safepoint    ] Application time: 1.0000950 seconds
[1231.465s][info ][safepoint    ] Entering safepoint region: Cleanup
[1231.465s][info ][safepoint    ] Leaving safepoint region
[1231.465s][info ][safepoint    ] Total time for which application threads were stopped: 0.0000705 seconds, Stopping threads took: 0.0000144 seconds
[1233.707s][info ][safepoint    ] Application time: 2.2424148 seconds
[1233.707s][info ][safepoint    ] Entering safepoint region: GenCollectForAllocation
[1233.708s][info ][gc,start     ] GC(357) Pause Young (Allocation Failure)
[1233.708s][info ][gc,task      ] GC(357) Using 4 workers of 4 for evacuation
[1233.711s][debug][gc,ref       ] GC(357) Skipped phase1 of Reference Processing due to unavailable references
[1233.711s][debug][gc,ref       ] GC(357) Skipped phase3 of Reference Processing due to unavailable references
[1233.711s][debug][gc,age       ] GC(357) Desired survivor size 15368192 bytes, new threshold 6 (max threshold 6)
[1233.711s][info ][gc,heap      ] GC(357) ParNew: 242632K->1880K(270336K)
[1233.711s][info ][gc,heap      ] GC(357) CMS: 268204K->268542K(600768K)
[1233.711s][info ][gc,metaspace ] GC(357) Metaspace: 57476K->57476K(1101824K)
[1233.711s][info ][gc           ] GC(357) Pause Young (Allocation Failure) 498M->264M(850M) 3.368ms
[1233.711s][info ][gc,cpu       ] GC(357) User=0.01s Sys=0.00s Real=0.00s
[1233.711s][info ][safepoint    ] Leaving safepoint region
[1233.711s][info ][safepoint    ] Total time for which application threads were stopped: 0.0035178 seconds, Stopping threads took: 0.0000155 seconds
[1238.711s][info ][safepoint    ] Application time: 5.0004256 seconds
[1238.711s][info ][safepoint    ] Entering safepoint region: Cleanup
[1238.711s][info ][safepoint    ] Leaving safepoint region
[1238.712s][info ][safepoint    ] Total time for which application threads were stopped: 0.0001245 seconds, Stopping threads took: 0.0000525 seconds
[1238.914s][info ][safepoint    ] Application time: 0.2028629 seconds
[1238.914s][info ][safepoint    ] Entering safepoint region: GenCollectForAllocation
[1238.915s][info ][gc,start     ] GC(358) Pause Young (Allocation Failure)
[1238.915s][info ][gc,task      ] GC(358) Using 4 workers of 4 for evacuation
[1238.918s][debug][gc,ref       ] GC(358) Skipped phase1 of Reference Processing due to unavailable references
[1238.918s][debug][gc,ref       ] GC(358) Skipped phase3 of Reference Processing due to unavailable references
[1238.918s][debug][gc,ref       ] GC(358) Skipped phase4 of Reference Processing due to unavailable references
[1238.918s][debug][gc,age       ] GC(358) Desired survivor size 15368192 bytes, new threshold 6 (max threshold 6)
[1238.918s][info ][gc,heap      ] GC(358) ParNew: 242200K->1625K(270336K)
[1238.918s][info ][gc,heap      ] GC(358) CMS: 268542K->268880K(600768K)
[1238.918s][info ][gc,metaspace ] GC(358) Metaspace: 57493K->57493K(1101824K)
[1238.918s][info ][gc           ] GC(358) Pause Young (Allocation Failure) 498M->264M(850M) 3.771ms
[1238.918s][info ][gc,cpu       ] GC(358) User=0.01s Sys=0.00s Real=0.00s
[1238.918s][info ][safepoint    ] Leaving safepoint region
[1238.918s][info ][safepoint    ] Total time for which application threads were stopped: 0.0039117 seconds, Stopping threads took: 0.0000139 seconds
[1242.919s][info ][safepoint    ] Application time: 4.0003295 seconds
[1242.919s][info ][safepoint    ] Entering safepoint region: Cleanup
[1242.919s][info ][safepoint    ] Leaving safepoint region
[1242.919s][info ][safepoint    ] Total time for which application threads were stopped: 0.0000758 seconds, Stopping threads took: 0.0000137 seconds
[1244.013s][info ][safepoint    ] Application time: 1.0945743 seconds
[1244.013s][info ][safepoint    ] Entering safepoint region: GenCollectForAllocation
[1244.013s][info ][gc,start     ] GC(359) Pause Young (Allocation Failure)
[1244.014s][info ][gc,task      ] GC(359) Using 4 workers of 4 for evacuation
[1244.016s][debug][gc,ref       ] GC(359) Skipped phase1 of Reference Processing due to unavailable references
[1244.016s][debug][gc,ref       ] GC(359) Skipped phase3 of Reference Processing due to unavailable references
[1244.016s][debug][gc,ref       ] GC(359) Skipped phase4 of Reference Processing due to unavailable references
[1244.016s][debug][gc,age       ] GC(359) Desired survivor size 15368192 bytes, new threshold 6 (max threshold 6)
[1244.016s][info ][gc,heap      ] GC(359) ParNew: 241945K->1766K(270336K)
[1244.016s][info ][gc,heap      ] GC(359) CMS: 268880K->268980K(600768K)
[1244.016s][info ][gc,metaspace ] GC(359) Metaspace: 57493K->57493K(1101824K)
[1244.016s][info ][gc           ] GC(359) Pause Young (Allocation Failure) 498M->264M(850M) 2.901ms
[1244.016s][info ][gc,cpu       ] GC(359) User=0.01s Sys=0.00s Real=0.00s
[1244.016s][info ][safepoint    ] Leaving safepoint region
[1244.016s][info ][safepoint    ] Total time for which application threads were stopped: 0.0030568 seconds, Stopping threads took: 0.0000251 seconds
[1246.017s][info ][safepoint    ] Application time: 2.0001840 seconds
[1246.017s][info ][safepoint    ] Entering safepoint region: Cleanup
[1246.017s][info ][safepoint    ] Leaving safepoint region
[1246.017s][info ][safepoint    ] Total time for which application threads were stopped: 0.0000768 seconds, Stopping threads took: 0.0000152 seconds
[1249.110s][info ][safepoint    ] Application time: 3.0929235 seconds
[1249.110s][info ][safepoint    ] Entering safepoint region: GenCollectForAllocation
[1249.110s][info ][gc,start     ] GC(360) Pause Young (Allocation Failure)
[1249.110s][info ][gc,task      ] GC(360) Using 4 workers of 4 for evacuation
[1249.113s][debug][gc,ref       ] GC(360) Skipped phase1 of Reference Processing due to unavailable references
[1249.113s][debug][gc,ref       ] GC(360) Skipped phase3 of Reference Processing due to unavailable references
[1249.113s][debug][gc,ref       ] GC(360) Skipped phase4 of Reference Processing due to unavailable references
[1249.113s][debug][gc,age       ] GC(360) Desired survivor size 15368192 bytes, new threshold 6 (max threshold 6)
[1249.113s][info ][gc,heap      ] GC(360) ParNew: 242086K->1398K(270336K)
[1249.113s][info ][gc,heap      ] GC(360) CMS: 268980K->269426K(600768K)
[1249.113s][info ][gc,metaspace ] GC(360) Metaspace: 57494K->57494K(1101824K)
[1249.113s][info ][gc           ] GC(360) Pause Young (Allocation Failure) 499M->264M(850M) 3.117ms
[1249.113s][info ][gc,cpu       ] GC(360) User=0.01s Sys=0.00s Real=0.01s
[1249.113s][info ][safepoint    ] Leaving safepoint region
[1249.113s][info ][safepoint    ] Total time for which application threads were stopped: 0.0032608 seconds, Stopping threads took: 0.0000147 seconds
[1253.113s][info ][safepoint    ] Application time: 4.0004022 seconds
[1253.115s][info ][safepoint    ] Entering safepoint region: Cleanup
[1253.115s][info ][safepoint    ] Leaving safepoint region
[1253.115s][info ][safepoint    ] Total time for which application threads were stopped: 0.0013491 seconds, Stopping threads took: 0.0012743 seconds
[1254.356s][info ][safepoint    ] Application time: 1.2416958 seconds
[1254.357s][info ][safepoint    ] Entering safepoint region: GenCollectForAllocation
[1254.357s][info ][gc,start     ] GC(361) Pause Young (Allocation Failure)
[1254.357s][info ][gc,task      ] GC(361) Using 4 workers of 4 for evacuation
[1254.359s][debug][gc,ref       ] GC(361) Skipped phase1 of Reference Processing due to unavailable references
[1254.359s][debug][gc,ref       ] GC(361) Skipped phase3 of Reference Processing due to unavailable references
[1254.359s][debug][gc,ref       ] GC(361) Skipped phase4 of Reference Processing due to unavailable references
[1254.359s][debug][gc,age       ] GC(361) Desired survivor size 15368192 bytes, new threshold 6 (max threshold 6)
[1254.359s][info ][gc,heap      ] GC(361) ParNew: 241718K->1222K(270336K)
[1254.359s][info ][gc,heap      ] GC(361) CMS: 269426K->269599K(600768K)
[1254.359s][info ][gc,metaspace ] GC(361) Metaspace: 57494K->57494K(1101824K)
[1254.359s][info ][gc           ] GC(361) Pause Young (Allocation Failure) 499M->264M(850M) 2.580ms
[1254.359s][info ][gc,cpu       ] GC(361) User=0.00s Sys=0.00s Real=0.00s
[1254.359s][info ][safepoint    ] Leaving safepoint region
[1254.359s][info ][safepoint    ] Total time for which application threads were stopped: 0.0027413 seconds, Stopping threads took: 0.0000246 seconds
[1259.661s][info ][safepoint    ] Application time: 5.3018761 seconds
[1259.661s][info ][safepoint    ] Entering safepoint region: GenCollectForAllocation
[1259.661s][info ][gc,start     ] GC(362) Pause Young (Allocation Failure)
[1259.661s][info ][gc,task      ] GC(362) Using 4 workers of 4 for evacuation
[1259.664s][debug][gc,ref       ] GC(362) Skipped phase1 of Reference Processing due to unavailable references
[1259.664s][debug][gc,ref       ] GC(362) Skipped phase3 of Reference Processing due to unavailable references
[1259.664s][debug][gc,ref       ] GC(362) Skipped phase4 of Reference Processing due to unavailable references
[1259.664s][debug][gc,age       ] GC(362) Desired survivor size 15368192 bytes, new threshold 6 (max threshold 6)
[1259.664s][info ][gc,heap      ] GC(362) ParNew: 241542K->1311K(270336K)
[1259.664s][info ][gc,heap      ] GC(362) CMS: 269599K->269658K(600768K)
[1259.664s][info ][gc,metaspace ] GC(362) Metaspace: 57494K->57494K(1101824K)
[1259.664s][info ][gc           ] GC(362) Pause Young (Allocation Failure) 499M->264M(850M) 2.606ms
[1259.664s][info ][gc,cpu       ] GC(362) User=0.01s Sys=0.00s Real=0.00s
[1259.664s][info ][safepoint    ] Leaving safepoint region
[1259.664s][info ][safepoint    ] Total time for which application threads were stopped: 0.0027494 seconds, Stopping threads took: 0.0000146 seconds
[1264.960s][info ][safepoint    ] Application time: 5.2957676 seconds
[1264.960s][info ][safepoint    ] Entering safepoint region: GenCollectForAllocation
[1264.960s][info ][gc,start     ] GC(363) Pause Young (Allocation Failure)
[1264.960s][info ][gc,task      ] GC(363) Using 4 workers of 4 for evacuation
[1264.962s][debug][gc,ref       ] GC(363) Skipped phase1 of Reference Processing due to unavailable references
[1264.962s][debug][gc,ref       ] GC(363) Skipped phase2 of Reference Processing due to unavailable references
[1264.962s][debug][gc,ref       ] GC(363) Skipped phase3 of Reference Processing due to unavailable references
[1264.962s][debug][gc,ref       ] GC(363) Skipped phase4 of Reference Processing due to unavailable references
[1264.962s][debug][gc,age       ] GC(363) Desired survivor size 15368192 bytes, new threshold 6 (max threshold 6)
[1264.962s][info ][gc,heap      ] GC(363) ParNew: 241631K->1259K(270336K)
[1264.962s][info ][gc,heap      ] GC(363) CMS: 269658K->269731K(600768K)
[1264.962s][info ][gc,metaspace ] GC(363) Metaspace: 57494K->57494K(1101824K)
[1264.962s][info ][gc           ] GC(363) Pause Young (Allocation Failure) 499M->264M(850M) 2.271ms
[1264.962s][info ][gc,cpu       ] GC(363) User=0.01s Sys=0.00s Real=0.00s
[1264.962s][info ][safepoint    ] Leaving safepoint region
[1264.962s][info ][safepoint    ] Total time for which application threads were stopped: 0.0024148 seconds, Stopping threads took: 0.0000255 seconds
[1266.962s][info ][safepoint    ] Application time: 2.0001847 seconds
[1266.962s][info ][safepoint    ] Entering safepoint region: Cleanup
[1266.962s][info ][safepoint    ] Leaving safepoint region
[1266.962s][info ][safepoint    ] Total time for which application threads were stopped: 0.0001284 seconds, Stopping threads took: 0.0000533 seconds
[1270.313s][info ][safepoint    ] Application time: 3.3501456 seconds
[1270.313s][info ][safepoint    ] Entering safepoint region: GenCollectForAllocation
[1270.313s][info ][gc,start     ] GC(364) Pause Young (Allocation Failure)
[1270.313s][info ][gc,task      ] GC(364) Using 4 workers of 4 for evacuation
[1270.315s][debug][gc,ref       ] GC(364) Skipped phase1 of Reference Processing due to unavailable references
[1270.315s][debug][gc,ref       ] GC(364) Skipped phase3 of Reference Processing due to unavailable references
[1270.315s][debug][gc,age       ] GC(364) Desired survivor size 15368192 bytes, new threshold 6 (max threshold 6)
[1270.315s][info ][gc,heap      ] GC(364) ParNew: 241579K->1162K(270336K)
[1270.315s][info ][gc,heap      ] GC(364) CMS: 269731K->269976K(600768K)
[1270.315s][info ][gc,metaspace ] GC(364) Metaspace: 57497K->57497K(1101824K)
[1270.315s][info ][gc           ] GC(364) Pause Young (Allocation Failure) 499M->264M(850M) 2.462ms
[1270.315s][info ][gc,cpu       ] GC(364) User=0.00s Sys=0.00s Real=0.00s
[1270.315s][info ][safepoint    ] Leaving safepoint region
[1270.315s][info ][safepoint    ] Total time for which application threads were stopped: 0.0026055 seconds, Stopping threads took: 0.0000155 seconds
[1275.412s][info ][safepoint    ] Application time: 5.0969084 seconds
[1275.412s][info ][safepoint    ] Entering safepoint region: GenCollectForAllocation
[1275.412s][info ][gc,start     ] GC(365) Pause Young (Allocation Failure)
[1275.412s][info ][gc,task      ] GC(365) Using 4 workers of 4 for evacuation
[1275.415s][debug][gc,ref       ] GC(365) Skipped phase1 of Reference Processing due to unavailable references
[1275.415s][debug][gc,ref       ] GC(365) Skipped phase2 of Reference Processing due to unavailable references
[1275.415s][debug][gc,ref       ] GC(365) Skipped phase3 of Reference Processing due to unavailable references
[1275.415s][debug][gc,ref       ] GC(365) Skipped phase4 of Reference Processing due to unavailable references
[1275.415s][debug][gc,age       ] GC(365) Desired survivor size 15368192 bytes, new threshold 6 (max threshold 6)
[1275.415s][info ][gc,heap      ] GC(365) ParNew: 241482K->1142K(270336K)
[1275.415s][info ][gc,heap      ] GC(365) CMS: 269976K->270088K(600768K)
[1275.415s][info ][gc,metaspace ] GC(365) Metaspace: 57498K->57498K(1101824K)
[1275.415s][info ][gc           ] GC(365) Pause Young (Allocation Failure) 499M->264M(850M) 2.587ms
[1275.415s][info ][gc,cpu       ] GC(365) User=0.01s Sys=0.00s Real=0.00s
[1275.415s][info ][safepoint    ] Leaving safepoint region
[1275.415s][info ][safepoint    ] Total time for which application threads were stopped: 0.0027405 seconds, Stopping threads took: 0.0000138 seconds
[1280.458s][info ][safepoint    ] Application time: 5.0431995 seconds
[1280.458s][info ][safepoint    ] Entering safepoint region: GenCollectForAllocation
[1280.458s][info ][gc,start     ] GC(366) Pause Young (Allocation Failure)
[1280.458s][info ][gc,task      ] GC(366) Using 4 workers of 4 for evacuation
[1280.461s][debug][gc,ref       ] GC(366) Skipped phase1 of Reference Processing due to unavailable references
[1280.461s][debug][gc,ref       ] GC(366) Skipped phase2 of Reference Processing due to unavailable references
[1280.461s][debug][gc,ref       ] GC(366) Skipped phase3 of Reference Processing due to unavailable references
[1280.461s][debug][gc,ref       ] GC(366) Skipped phase4 of Reference Processing due to unavailable references
[1280.461s][debug][gc,age       ] GC(366) Desired survivor size 15368192 bytes, new threshold 6 (max threshold 6)
[1280.461s][info ][gc,heap      ] GC(366) ParNew: 241462K->1233K(270336K)
[1280.461s][info ][gc,heap      ] GC(366) CMS: 270088K->270234K(600768K)
[1280.461s][info ][gc,metaspace ] GC(366) Metaspace: 57498K->57498K(1101824K)
[1280.461s][info ][gc           ] GC(366) Pause Young (Allocation Failure) 499M->265M(850M) 2.503ms
[1280.461s][info ][gc,cpu       ] GC(366) User=0.01s Sys=0.00s Real=0.00s
[1280.461s][info ][safepoint    ] Leaving safepoint region
[1280.461s][info ][safepoint    ] Total time for which application threads were stopped: 0.0027167 seconds, Stopping threads took: 0.0000816 seconds
[1281.461s][info ][safepoint    ] Application time: 1.0001076 seconds
[1281.461s][info ][safepoint    ] Entering safepoint region: Cleanup
[1281.461s][info ][safepoint    ] Leaving safepoint region
[1281.461s][info ][safepoint    ] Total time for which application threads were stopped: 0.0001517 seconds, Stopping threads took: 0.0000632 seconds
[1284.462s][info ][safepoint    ] Application time: 3.0003143 seconds
[1284.462s][info ][safepoint    ] Entering safepoint region: Cleanup
[1284.462s][info ][safepoint    ] Leaving safepoint region
[1284.462s][info ][safepoint    ] Total time for which application threads were stopped: 0.0001520 seconds, Stopping threads took: 0.0000739 seconds
[1285.008s][info ][safepoint    ] Application time: 0.5466556 seconds
[1285.008s][info ][safepoint    ] Entering safepoint region: GenCollectForAllocation
[1285.009s][info ][gc,start     ] GC(367) Pause Young (Allocation Failure)
[1285.009s][info ][gc,task      ] GC(367) Using 4 workers of 4 for evacuation
[1285.011s][debug][gc,ref       ] GC(367) Skipped phase1 of Reference Processing due to unavailable references
[1285.011s][debug][gc,ref       ] GC(367) Skipped phase2 of Reference Processing due to unavailable references
[1285.011s][debug][gc,ref       ] GC(367) Skipped phase3 of Reference Processing due to unavailable references
[1285.011s][debug][gc,ref       ] GC(367) Skipped phase4 of Reference Processing due to unavailable references
[1285.011s][debug][gc,age       ] GC(367) Desired survivor size 15368192 bytes, new threshold 6 (max threshold 6)
[1285.011s][info ][gc,heap      ] GC(367) ParNew: 241553K->1599K(270336K)
[1285.011s][info ][gc,heap      ] GC(367) CMS: 270234K->270326K(600768K)
[1285.011s][info ][gc,metaspace ] GC(367) Metaspace: 57505K->57505K(1101824K)
[1285.011s][info ][gc           ] GC(367) Pause Young (Allocation Failure) 499M->265M(850M) 2.778ms
[1285.011s][info ][gc,cpu       ] GC(367) User=0.01s Sys=0.00s Real=0.00s
[1285.011s][info ][safepoint    ] Leaving safepoint region
[1285.011s][info ][safepoint    ] Total time for which application threads were stopped: 0.0029538 seconds, Stopping threads took: 0.0000426 seconds
[1288.012s][info ][safepoint    ] Application time: 3.0002702 seconds
[1288.012s][info ][safepoint    ] Entering safepoint region: Cleanup
[1288.012s][info ][safepoint    ] Leaving safepoint region
[1288.012s][info ][safepoint    ] Total time for which application threads were stopped: 0.0001281 seconds, Stopping threads took: 0.0000597 seconds
[1290.012s][info ][safepoint    ] Application time: 2.0002118 seconds
[1290.012s][info ][safepoint    ] Entering safepoint region: Cleanup
[1290.012s][info ][safepoint    ] Leaving safepoint region
[1290.012s][info ][safepoint    ] Total time for which application threads were stopped: 0.0001382 seconds, Stopping threads took: 0.0000697 seconds
[1290.162s][info ][safepoint    ] Application time: 0.1495953 seconds
[1290.162s][info ][safepoint    ] Entering safepoint region: GenCollectForAllocation
[1290.162s][info ][gc,start     ] GC(368) Pause Young (Allocation Failure)
[1290.162s][info ][gc,task      ] GC(368) Using 4 workers of 4 for evacuation
[1290.164s][debug][gc,ref       ] GC(368) Skipped phase1 of Reference Processing due to unavailable references
[1290.164s][debug][gc,ref       ] GC(368) Skipped phase2 of Reference Processing due to unavailable references
[1290.164s][debug][gc,ref       ] GC(368) Skipped phase3 of Reference Processing due to unavailable references
[1290.164s][debug][gc,ref       ] GC(368) Skipped phase4 of Reference Processing due to unavailable references
[1290.165s][debug][gc,age       ] GC(368) Desired survivor size 15368192 bytes, new threshold 6 (max threshold 6)
[1290.165s][info ][gc,heap      ] GC(368) ParNew: 241919K->1635K(270336K)
[1290.165s][info ][gc,heap      ] GC(368) CMS: 270326K->270419K(600768K)
[1290.165s][info ][gc,metaspace ] GC(368) Metaspace: 57509K->57509K(1101824K)
[1290.165s][info ][gc           ] GC(368) Pause Young (Allocation Failure) 500M->265M(850M) 2.674ms
[1290.165s][info ][gc,cpu       ] GC(368) User=0.01s Sys=0.00s Real=0.01s
[1290.165s][info ][safepoint    ] Leaving safepoint region
[1290.165s][info ][safepoint    ] Total time for which application threads were stopped: 0.0028205 seconds, Stopping threads took: 0.0000150 seconds
[1295.208s][info ][safepoint    ] Application time: 5.0437023 seconds
[1295.208s][info ][safepoint    ] Entering safepoint region: GenCollectForAllocation
[1295.209s][info ][gc,start     ] GC(369) Pause Young (Allocation Failure)
[1295.209s][info ][gc,task      ] GC(369) Using 4 workers of 4 for evacuation
[1295.211s][debug][gc,ref       ] GC(369) Skipped phase1 of Reference Processing due to unavailable references
[1295.211s][debug][gc,ref       ] GC(369) Skipped phase2 of Reference Processing due to unavailable references
[1295.211s][debug][gc,ref       ] GC(369) Skipped phase3 of Reference Processing due to unavailable references
[1295.211s][debug][gc,ref       ] GC(369) Skipped phase4 of Reference Processing due to unavailable references
[1295.211s][debug][gc,age       ] GC(369) Desired survivor size 15368192 bytes, new threshold 6 (max threshold 6)
[1295.211s][info ][gc,heap      ] GC(369) ParNew: 241955K->1689K(270336K)
[1295.211s][info ][gc,heap      ] GC(369) CMS: 270419K->270481K(600768K)
[1295.211s][info ][gc,metaspace ] GC(369) Metaspace: 57509K->57509K(1101824K)
[1295.211s][info ][gc           ] GC(369) Pause Young (Allocation Failure) 500M->265M(850M) 2.493ms
[1295.211s][info ][gc,cpu       ] GC(369) User=0.01s Sys=0.00s Real=0.00s
[1295.211s][info ][safepoint    ] Leaving safepoint region
[1295.211s][info ][safepoint    ] Total time for which application threads were stopped: 0.0026970 seconds, Stopping threads took: 0.0000668 seconds
[1300.170s][info ][safepoint    ] Application time: 4.9587600 seconds
[1300.170s][info ][safepoint    ] Entering safepoint region: GenCollectForAllocation
[1300.170s][info ][gc,start     ] GC(370) Pause Young (Allocation Failure)
[1300.170s][info ][gc,task      ] GC(370) Using 4 workers of 4 for evacuation
[1300.173s][debug][gc,ref       ] GC(370) Skipped phase1 of Reference Processing due to unavailable references
[1300.173s][debug][gc,ref       ] GC(370) Skipped phase2 of Reference Processing due to unavailable references
[1300.173s][debug][gc,ref       ] GC(370) Skipped phase3 of Reference Processing due to unavailable references
[1300.173s][debug][gc,ref       ] GC(370) Skipped phase4 of Reference Processing due to unavailable references
[1300.173s][debug][gc,age       ] GC(370) Desired survivor size 15368192 bytes, new threshold 6 (max threshold 6)
[1300.173s][info ][gc,heap      ] GC(370) ParNew: 242009K->1697K(270336K)
[1300.173s][info ][gc,heap      ] GC(370) CMS: 270481K->270581K(600768K)
[1300.173s][info ][gc,metaspace ] GC(370) Metaspace: 57510K->57510K(1101824K)
[1300.173s][info ][gc           ] GC(370) Pause Young (Allocation Failure) 500M->265M(850M) 3.187ms
[1300.173s][info ][gc,cpu       ] GC(370) User=0.01s Sys=0.00s Real=0.01s
[1300.173s][info ][safepoint    ] Leaving safepoint region
[1300.173s][info ][safepoint    ] Total time for which application threads were stopped: 0.0033328 seconds, Stopping threads took: 0.0000151 seconds
[1305.008s][info ][safepoint    ] Application time: 4.8347628 seconds
[1305.008s][info ][safepoint    ] Entering safepoint region: GenCollectForAllocation
[1305.008s][info ][gc,start     ] GC(371) Pause Young (Allocation Failure)
[1305.008s][info ][gc,task      ] GC(371) Using 4 workers of 4 for evacuation
[1305.011s][debug][gc,ref       ] GC(371) Skipped phase1 of Reference Processing due to unavailable references
[1305.011s][debug][gc,ref       ] GC(371) Skipped phase2 of Reference Processing due to unavailable references
[1305.011s][debug][gc,ref       ] GC(371) Skipped phase3 of Reference Processing due to unavailable references
[1305.011s][debug][gc,ref       ] GC(371) Skipped phase4 of Reference Processing due to unavailable references
[1305.011s][debug][gc,age       ] GC(371) Desired survivor size 15368192 bytes, new threshold 6 (max threshold 6)
[1305.011s][info ][gc,heap      ] GC(371) ParNew: 242017K->2362K(270336K)
[1305.011s][info ][gc,heap      ] GC(371) CMS: 270581K->270664K(600768K)
[1305.011s][info ][gc,metaspace ] GC(371) Metaspace: 57512K->57512K(1101824K)
[1305.011s][info ][gc           ] GC(371) Pause Young (Allocation Failure) 500M->266M(850M) 3.121ms
[1305.011s][info ][gc,cpu       ] GC(371) User=0.01s Sys=0.00s Real=0.00s
[1305.011s][info ][safepoint    ] Leaving safepoint region
[1305.011s][info ][safepoint    ] Total time for which application threads were stopped: 0.0032687 seconds, Stopping threads took: 0.0000160 seconds
[1306.011s][info ][safepoint    ] Application time: 1.0001014 seconds
[1306.012s][info ][safepoint    ] Entering safepoint region: Cleanup
[1306.012s][info ][safepoint    ] Leaving safepoint region
[1306.012s][info ][safepoint    ] Total time for which application threads were stopped: 0.0001395 seconds, Stopping threads took: 0.0000733 seconds
[1309.615s][info ][safepoint    ] Application time: 3.6032266 seconds
[1309.615s][info ][safepoint    ] Entering safepoint region: GenCollectForAllocation
[1309.615s][info ][gc,start     ] GC(372) Pause Young (Allocation Failure)
[1309.615s][info ][gc,task      ] GC(372) Using 4 workers of 4 for evacuation
[1309.618s][debug][gc,ref       ] GC(372) Skipped phase1 of Reference Processing due to unavailable references
[1309.618s][debug][gc,ref       ] GC(372) Skipped phase2 of Reference Processing due to unavailable references
[1309.618s][debug][gc,ref       ] GC(372) Skipped phase3 of Reference Processing due to unavailable references
[1309.618s][debug][gc,ref       ] GC(372) Skipped phase4 of Reference Processing due to unavailable references
[1309.618s][debug][gc,age       ] GC(372) Desired survivor size 15368192 bytes, new threshold 6 (max threshold 6)
[1309.618s][info ][gc,heap      ] GC(372) ParNew: 242682K->2639K(270336K)
[1309.618s][info ][gc,heap      ] GC(372) CMS: 270664K->270966K(600768K)
[1309.618s][info ][gc,metaspace ] GC(372) Metaspace: 57514K->57514K(1101824K)
[1309.618s][info ][gc           ] GC(372) Pause Young (Allocation Failure) 501M->267M(850M) 3.212ms
[1309.618s][info ][gc,cpu       ] GC(372) User=0.01s Sys=0.01s Real=0.00s
[1309.618s][info ][safepoint    ] Leaving safepoint region
[1309.618s][info ][safepoint    ] Total time for which application threads were stopped: 0.0033601 seconds, Stopping threads took: 0.0000140 seconds
[1311.618s][info ][safepoint    ] Application time: 2.0001622 seconds
[1311.618s][info ][safepoint    ] Entering safepoint region: Cleanup
[1311.618s][info ][safepoint    ] Leaving safepoint region
[1311.619s][info ][safepoint    ] Total time for which application threads were stopped: 0.0000825 seconds, Stopping threads took: 0.0000145 seconds
[1312.619s][info ][safepoint    ] Application time: 1.0000957 seconds
[1312.619s][info ][safepoint    ] Entering safepoint region: Cleanup
[1312.619s][info ][safepoint    ] Leaving safepoint region
[1312.619s][info ][safepoint    ] Total time for which application threads were stopped: 0.0000732 seconds, Stopping threads took: 0.0000143 seconds
[1314.211s][info ][safepoint    ] Application time: 1.5924600 seconds
[1314.211s][info ][safepoint    ] Entering safepoint region: GenCollectForAllocation
[1314.211s][info ][gc,start     ] GC(373) Pause Young (Allocation Failure)
[1314.211s][info ][gc,task      ] GC(373) Using 4 workers of 4 for evacuation
[1314.214s][debug][gc,ref       ] GC(373) Skipped phase1 of Reference Processing due to unavailable references
[1314.214s][debug][gc,ref       ] GC(373) Skipped phase2 of Reference Processing due to unavailable references
[1314.214s][debug][gc,ref       ] GC(373) Skipped phase3 of Reference Processing due to unavailable references
[1314.214s][debug][gc,ref       ] GC(373) Skipped phase4 of Reference Processing due to unavailable references
[1314.214s][debug][gc,age       ] GC(373) Desired survivor size 15368192 bytes, new threshold 6 (max threshold 6)
[1314.214s][info ][gc,heap      ] GC(373) ParNew: 242959K->2438K(270336K)
[1314.214s][info ][gc,heap      ] GC(373) CMS: 270966K->271110K(600768K)
[1314.214s][info ][gc,metaspace ] GC(373) Metaspace: 57514K->57514K(1101824K)
[1314.214s][info ][gc           ] GC(373) Pause Young (Allocation Failure) 501M->267M(850M) 3.012ms
[1314.214s][info ][gc,cpu       ] GC(373) User=0.01s Sys=0.00s Real=0.01s
[1314.214s][info ][safepoint    ] Leaving safepoint region
[1314.214s][info ][safepoint    ] Total time for which application threads were stopped: 0.0031707 seconds, Stopping threads took: 0.0000362 seconds
[1317.215s][info ][safepoint    ] Application time: 3.0002426 seconds
[1317.215s][info ][safepoint    ] Entering safepoint region: Cleanup
[1317.215s][info ][safepoint    ] Leaving safepoint region
[1317.215s][info ][safepoint    ] Total time for which application threads were stopped: 0.0001446 seconds, Stopping threads took: 0.0000706 seconds
[1319.063s][info ][safepoint    ] Application time: 1.8482461 seconds
[1319.063s][info ][safepoint    ] Entering safepoint region: GenCollectForAllocation
[1319.063s][info ][gc,start     ] GC(374) Pause Young (Allocation Failure)
[1319.063s][info ][gc,task      ] GC(374) Using 4 workers of 4 for evacuation
[1319.066s][debug][gc,ref       ] GC(374) Skipped phase1 of Reference Processing due to unavailable references
[1319.066s][debug][gc,ref       ] GC(374) Skipped phase2 of Reference Processing due to unavailable references
[1319.066s][debug][gc,ref       ] GC(374) Skipped phase3 of Reference Processing due to unavailable references
[1319.066s][debug][gc,ref       ] GC(374) Skipped phase4 of Reference Processing due to unavailable references
[1319.066s][debug][gc,age       ] GC(374) Desired survivor size 15368192 bytes, new threshold 6 (max threshold 6)
[1319.066s][info ][gc,heap      ] GC(374) ParNew: 242758K->2283K(270336K)
[1319.066s][info ][gc,heap      ] GC(374) CMS: 271110K->271377K(600768K)
[1319.066s][info ][gc,metaspace ] GC(374) Metaspace: 57515K->57515K(1101824K)
[1319.066s][info ][gc           ] GC(374) Pause Young (Allocation Failure) 501M->267M(850M) 2.801ms
[1319.066s][info ][gc,cpu       ] GC(374) User=0.01s Sys=0.00s Real=0.01s
[1319.066s][info ][safepoint    ] Leaving safepoint region
[1319.066s][info ][safepoint    ] Total time for which application threads were stopped: 0.0029481 seconds, Stopping threads took: 0.0000147 seconds
[1323.066s][info ][safepoint    ] Application time: 4.0004075 seconds
[1323.066s][info ][safepoint    ] Entering safepoint region: Cleanup
[1323.067s][info ][safepoint    ] Leaving safepoint region
[1323.067s][info ][safepoint    ] Total time for which application threads were stopped: 0.0000717 seconds, Stopping threads took: 0.0000149 seconds
[1323.762s][info ][safepoint    ] Application time: 0.6956466 seconds
[1323.762s][info ][safepoint    ] Entering safepoint region: GenCollectForAllocation
[1323.762s][info ][gc,start     ] GC(375) Pause Young (Allocation Failure)
[1323.762s][info ][gc,task      ] GC(375) Using 4 workers of 4 for evacuation
[1323.765s][debug][gc,ref       ] GC(375) Skipped phase1 of Reference Processing due to unavailable references
[1323.765s][debug][gc,ref       ] GC(375) Skipped phase2 of Reference Processing due to unavailable references
[1323.765s][debug][gc,ref       ] GC(375) Skipped phase3 of Reference Processing due to unavailable references
[1323.765s][debug][gc,ref       ] GC(375) Skipped phase4 of Reference Processing due to unavailable references
[1323.765s][debug][gc,age       ] GC(375) Desired survivor size 15368192 bytes, new threshold 6 (max threshold 6)
[1323.765s][info ][gc,heap      ] GC(375) ParNew: 242603K->2117K(270336K)
[1323.765s][info ][gc,heap      ] GC(375) CMS: 271377K->271428K(600768K)
[1323.765s][info ][gc,metaspace ] GC(375) Metaspace: 57519K->57519K(1101824K)
[1323.765s][info ][gc           ] GC(375) Pause Young (Allocation Failure) 501M->267M(850M) 2.890ms
[1323.765s][info ][gc,cpu       ] GC(375) User=0.01s Sys=0.00s Real=0.01s
[1323.765s][info ][safepoint    ] Leaving safepoint region
[1323.765s][info ][safepoint    ] Total time for which application threads were stopped: 0.0030404 seconds, Stopping threads took: 0.0000142 seconds
[1326.766s][info ][safepoint    ] Application time: 3.0002448 seconds
[1326.766s][info ][safepoint    ] Entering safepoint region: Cleanup
[1326.766s][info ][safepoint    ] Leaving safepoint region
[1326.766s][info ][safepoint    ] Total time for which application threads were stopped: 0.0001368 seconds, Stopping threads took: 0.0000647 seconds
[1328.421s][info ][safepoint    ] Application time: 1.6554105 seconds
[1328.421s][info ][safepoint    ] Entering safepoint region: GenCollectForAllocation
[1328.421s][info ][gc,start     ] GC(376) Pause Young (Allocation Failure)
[1328.421s][info ][gc,task      ] GC(376) Using 4 workers of 4 for evacuation
[1328.424s][debug][gc,ref       ] GC(376) Skipped phase1 of Reference Processing due to unavailable references
[1328.424s][debug][gc,ref       ] GC(376) Skipped phase2 of Reference Processing due to unavailable references
[1328.424s][debug][gc,ref       ] GC(376) Skipped phase3 of Reference Processing due to unavailable references
[1328.424s][debug][gc,ref       ] GC(376) Skipped phase4 of Reference Processing due to unavailable references
[1328.424s][debug][gc,age       ] GC(376) Desired survivor size 15368192 bytes, new threshold 6 (max threshold 6)
[1328.424s][info ][gc,heap      ] GC(376) ParNew: 242437K->2231K(270336K)
[1328.424s][info ][gc,heap      ] GC(376) CMS: 271428K->271600K(600768K)
[1328.424s][info ][gc,metaspace ] GC(376) Metaspace: 57520K->57520K(1101824K)
[1328.424s][info ][gc           ] GC(376) Pause Young (Allocation Failure) 501M->267M(850M) 3.176ms
[1328.424s][info ][gc,cpu       ] GC(376) User=0.00s Sys=0.01s Real=0.01s
[1328.424s][info ][safepoint    ] Leaving safepoint region
[1328.424s][info ][safepoint    ] Total time for which application threads were stopped: 0.0033077 seconds, Stopping threads took: 0.0000122 seconds
[1333.213s][info ][safepoint    ] Application time: 4.7882613 seconds
[1333.213s][info ][safepoint    ] Entering safepoint region: GenCollectForAllocation
[1333.213s][info ][gc,start     ] GC(377) Pause Young (Allocation Failure)
[1333.213s][info ][gc,task      ] GC(377) Using 4 workers of 4 for evacuation
[1333.216s][debug][gc,ref       ] GC(377) Skipped phase1 of Reference Processing due to unavailable references
[1333.216s][debug][gc,ref       ] GC(377) Skipped phase2 of Reference Processing due to unavailable references
[1333.216s][debug][gc,ref       ] GC(377) Skipped phase3 of Reference Processing due to unavailable references
[1333.216s][debug][gc,ref       ] GC(377) Skipped phase4 of Reference Processing due to unavailable references
[1333.216s][debug][gc,age       ] GC(377) Desired survivor size 15368192 bytes, new threshold 6 (max threshold 6)
[1333.216s][info ][gc,heap      ] GC(377) ParNew: 242551K->1416K(270336K)
[1333.216s][info ][gc,heap      ] GC(377) CMS: 271600K->272021K(600768K)
[1333.216s][info ][gc,metaspace ] GC(377) Metaspace: 57520K->57520K(1101824K)
[1333.216s][info ][gc           ] GC(377) Pause Young (Allocation Failure) 502M->267M(850M) 3.084ms
[1333.216s][info ][gc,cpu       ] GC(377) User=0.01s Sys=0.00s Real=0.00s
[1333.216s][info ][safepoint    ] Leaving safepoint region
[1333.216s][info ][safepoint    ] Total time for which application threads were stopped: 0.0032453 seconds, Stopping threads took: 0.0000148 seconds
[1337.216s][info ][safepoint    ] Application time: 4.0003660 seconds
[1337.216s][info ][safepoint    ] Entering safepoint region: Cleanup
[1337.216s][info ][safepoint    ] Leaving safepoint region
[1337.216s][info ][safepoint    ] Total time for which application threads were stopped: 0.0000919 seconds, Stopping threads took: 0.0000131 seconds
[1337.960s][info ][safepoint    ] Application time: 0.7431216 seconds
[1337.960s][info ][safepoint    ] Entering safepoint region: GenCollectForAllocation
[1337.960s][info ][gc,start     ] GC(378) Pause Young (Allocation Failure)
[1337.960s][info ][gc,task      ] GC(378) Using 4 workers of 4 for evacuation
[1337.963s][debug][gc,ref       ] GC(378) Skipped phase1 of Reference Processing due to unavailable references
[1337.963s][debug][gc,ref       ] GC(378) Skipped phase3 of Reference Processing due to unavailable references
[1337.963s][debug][gc,age       ] GC(378) Desired survivor size 15368192 bytes, new threshold 6 (max threshold 6)
[1337.963s][info ][gc,heap      ] GC(378) ParNew: 241736K->1080K(270336K)
[1337.963s][info ][gc,heap      ] GC(378) CMS: 272021K->272366K(600768K)
[1337.963s][info ][gc,metaspace ] GC(378) Metaspace: 57530K->57530K(1101824K)
[1337.963s][info ][gc           ] GC(378) Pause Young (Allocation Failure) 501M->267M(850M) 3.087ms
[1337.963s][info ][gc,cpu       ] GC(378) User=0.02s Sys=0.00s Real=0.00s
[1337.963s][info ][safepoint    ] Leaving safepoint region
[1337.963s][info ][safepoint    ] Total time for which application threads were stopped: 0.0032495 seconds, Stopping threads took: 0.0000144 seconds
[1338.963s][info ][safepoint    ] Application time: 1.0001049 seconds
[1338.963s][info ][safepoint    ] Entering safepoint region: Cleanup
[1338.963s][info ][safepoint    ] Leaving safepoint region
[1338.963s][info ][safepoint    ] Total time for which application threads were stopped: 0.0001526 seconds, Stopping threads took: 0.0000761 seconds
[1342.462s][info ][safepoint    ] Application time: 3.4989410 seconds
[1342.462s][info ][safepoint    ] Entering safepoint region: GenCollectForAllocation
[1342.462s][info ][gc,start     ] GC(379) Pause Young (Allocation Failure)
[1342.462s][info ][gc,task      ] GC(379) Using 4 workers of 4 for evacuation
[1342.465s][debug][gc,ref       ] GC(379) Skipped phase1 of Reference Processing due to unavailable references
[1342.465s][debug][gc,ref       ] GC(379) Skipped phase2 of Reference Processing due to unavailable references
[1342.465s][debug][gc,ref       ] GC(379) Skipped phase3 of Reference Processing due to unavailable references
[1342.465s][debug][gc,ref       ] GC(379) Skipped phase4 of Reference Processing due to unavailable references
[1342.465s][debug][gc,age       ] GC(379) Desired survivor size 15368192 bytes, new threshold 6 (max threshold 6)
[1342.465s][info ][gc,heap      ] GC(379) ParNew: 241400K->1320K(270336K)
[1342.465s][info ][gc,heap      ] GC(379) CMS: 272366K->272561K(600768K)
[1342.465s][info ][gc,metaspace ] GC(379) Metaspace: 57530K->57530K(1101824K)
[1342.465s][info ][gc           ] GC(379) Pause Young (Allocation Failure) 501M->267M(850M) 2.742ms
[1342.465s][info ][gc,cpu       ] GC(379) User=0.01s Sys=0.00s Real=0.01s
[1342.465s][info ][safepoint    ] Leaving safepoint region
[1342.465s][info ][safepoint    ] Total time for which application threads were stopped: 0.0028952 seconds, Stopping threads took: 0.0000132 seconds
[1343.465s][info ][safepoint    ] Application time: 1.0000878 seconds
[1343.465s][info ][safepoint    ] Entering safepoint region: Cleanup
[1343.465s][info ][safepoint    ] Leaving safepoint region
[1343.465s][info ][safepoint    ] Total time for which application threads were stopped: 0.0000842 seconds, Stopping threads took: 0.0000148 seconds
[1344.465s][info ][safepoint    ] Application time: 1.0000941 seconds
[1344.465s][info ][safepoint    ] Entering safepoint region: Cleanup
[1344.465s][info ][safepoint    ] Leaving safepoint region
[1344.465s][info ][safepoint    ] Total time for which application threads were stopped: 0.0000774 seconds, Stopping threads took: 0.0000143 seconds
[1346.965s][info ][safepoint    ] Application time: 2.4992405 seconds
[1346.965s][info ][safepoint    ] Entering safepoint region: GenCollectForAllocation
[1346.965s][info ][gc,start     ] GC(380) Pause Young (Allocation Failure)
[1346.965s][info ][gc,task      ] GC(380) Using 4 workers of 4 for evacuation
[1346.967s][debug][gc,ref       ] GC(380) Skipped phase1 of Reference Processing due to unavailable references
[1346.967s][debug][gc,ref       ] GC(380) Skipped phase2 of Reference Processing due to unavailable references
[1346.967s][debug][gc,ref       ] GC(380) Skipped phase3 of Reference Processing due to unavailable references
[1346.967s][debug][gc,ref       ] GC(380) Skipped phase4 of Reference Processing due to unavailable references
[1346.968s][debug][gc,age       ] GC(380) Desired survivor size 15368192 bytes, new threshold 6 (max threshold 6)
[1346.968s][info ][gc,heap      ] GC(380) ParNew: 241640K->1177K(270336K)
[1346.968s][info ][gc,heap      ] GC(380) CMS: 272561K->272571K(600768K)
[1346.968s][info ][gc,metaspace ] GC(380) Metaspace: 57530K->57530K(1101824K)
[1346.968s][info ][gc           ] GC(380) Pause Young (Allocation Failure) 502M->267M(850M) 2.700ms
[1346.968s][info ][gc,cpu       ] GC(380) User=0.01s Sys=0.00s Real=0.00s
[1346.968s][info ][safepoint    ] Leaving safepoint region
[1346.968s][info ][safepoint    ] Total time for which application threads were stopped: 0.0028530 seconds, Stopping threads took: 0.0000152 seconds
[1347.968s][info ][safepoint    ] Application time: 1.0001014 seconds
[1347.968s][info ][safepoint    ] Entering safepoint region: Cleanup
[1347.968s][info ][safepoint    ] Leaving safepoint region
[1347.968s][info ][safepoint    ] Total time for which application threads were stopped: 0.0000755 seconds, Stopping threads took: 0.0000151 seconds
[1351.758s][info ][safepoint    ] Application time: 3.7898002 seconds
[1351.758s][info ][safepoint    ] Entering safepoint region: GenCollectForAllocation
[1351.758s][info ][gc,start     ] GC(381) Pause Young (Allocation Failure)
[1351.758s][info ][gc,task      ] GC(381) Using 4 workers of 4 for evacuation
[1351.760s][debug][gc,ref       ] GC(381) Skipped phase1 of Reference Processing due to unavailable references
[1351.760s][debug][gc,ref       ] GC(381) Skipped phase2 of Reference Processing due to unavailable references
[1351.760s][debug][gc,ref       ] GC(381) Skipped phase3 of Reference Processing due to unavailable references
[1351.760s][debug][gc,ref       ] GC(381) Skipped phase4 of Reference Processing due to unavailable references
[1351.761s][debug][gc,age       ] GC(381) Desired survivor size 15368192 bytes, new threshold 6 (max threshold 6)
[1351.761s][info ][gc,heap      ] GC(381) ParNew: 241497K->1399K(270336K)
[1351.761s][info ][gc,heap      ] GC(381) CMS: 272571K->272754K(600768K)
[1351.761s][info ][gc,metaspace ] GC(381) Metaspace: 57530K->57530K(1101824K)
[1351.761s][info ][gc           ] GC(381) Pause Young (Allocation Failure) 502M->267M(850M) 2.897ms
[1351.761s][info ][gc,cpu       ] GC(381) User=0.01s Sys=0.00s Real=0.00s
[1351.761s][info ][safepoint    ] Leaving safepoint region
[1351.761s][info ][safepoint    ] Total time for which application threads were stopped: 0.0030570 seconds, Stopping threads took: 0.0000263 seconds
[1354.583s][info ][safepoint    ] Application time: 2.8222139 seconds
[1354.583s][info ][safepoint    ] Entering safepoint region: RevokeBias
[1354.583s][info ][safepoint    ] Leaving safepoint region
[1354.583s][info ][safepoint    ] Total time for which application threads were stopped: 0.0000943 seconds, Stopping threads took: 0.0000128 seconds
[1355.583s][info ][safepoint    ] Application time: 1.0001909 seconds
[1355.583s][info ][safepoint    ] Entering safepoint region: Cleanup
[1355.583s][info ][safepoint    ] Leaving safepoint region
[1355.583s][info ][safepoint    ] Total time for which application threads were stopped: 0.0000995 seconds, Stopping threads took: 0.0000185 seconds
[1356.011s][info ][safepoint    ] Application time: 0.4277474 seconds
[1356.011s][info ][safepoint    ] Entering safepoint region: GenCollectForAllocation
[1356.011s][info ][gc,start     ] GC(382) Pause Young (Allocation Failure)
[1356.011s][info ][gc,task      ] GC(382) Using 4 workers of 4 for evacuation
[1356.015s][debug][gc,ref       ] GC(382) Skipped phase1 of Reference Processing due to unavailable references
[1356.015s][debug][gc,ref       ] GC(382) Skipped phase3 of Reference Processing due to unavailable references
[1356.015s][debug][gc,age       ] GC(382) Desired survivor size 15368192 bytes, new threshold 6 (max threshold 6)
[1356.015s][info ][gc,heap      ] GC(382) ParNew: 241719K->4228K(270336K)
[1356.015s][info ][gc,heap      ] GC(382) CMS: 272754K->272776K(600768K)
[1356.015s][info ][gc,metaspace ] GC(382) Metaspace: 57539K->57539K(1101824K)
[1356.015s][info ][gc           ] GC(382) Pause Young (Allocation Failure) 502M->270M(850M) 3.922ms
[1356.015s][info ][gc,cpu       ] GC(382) User=0.01s Sys=0.00s Real=0.01s
[1356.015s][info ][safepoint    ] Leaving safepoint region
[1356.015s][info ][safepoint    ] Total time for which application threads were stopped: 0.0040883 seconds, Stopping threads took: 0.0000147 seconds
[1357.015s][info ][safepoint    ] Application time: 1.0000934 seconds
[1357.015s][info ][safepoint    ] Entering safepoint region: Cleanup
[1357.015s][info ][safepoint    ] Leaving safepoint region
[1357.015s][info ][safepoint    ] Total time for which application threads were stopped: 0.0000871 seconds, Stopping threads took: 0.0000150 seconds
[1358.016s][info ][safepoint    ] Application time: 1.0000902 seconds
[1358.016s][info ][safepoint    ] Entering safepoint region: Cleanup
[1358.016s][info ][safepoint    ] Leaving safepoint region
[1358.016s][info ][safepoint    ] Total time for which application threads were stopped: 0.0001612 seconds, Stopping threads took: 0.0000682 seconds
[1359.016s][info ][safepoint    ] Application time: 1.0000633 seconds
[1359.016s][info ][safepoint    ] Entering safepoint region: Cleanup
[1359.016s][info ][safepoint    ] Leaving safepoint region
[1359.016s][info ][safepoint    ] Total time for which application threads were stopped: 0.0001522 seconds, Stopping threads took: 0.0000733 seconds
[1360.059s][info ][safepoint    ] Application time: 1.0433490 seconds
[1360.059s][info ][safepoint    ] Entering safepoint region: GenCollectForAllocation
[1360.060s][info ][gc,start     ] GC(383) Pause Young (Allocation Failure)
[1360.060s][info ][gc,task      ] GC(383) Using 4 workers of 4 for evacuation
[1360.063s][debug][gc,ref       ] GC(383) Skipped phase1 of Reference Processing due to unavailable references
[1360.063s][debug][gc,ref       ] GC(383) Skipped phase3 of Reference Processing due to unavailable references
[1360.063s][debug][gc,ref       ] GC(383) Skipped phase4 of Reference Processing due to unavailable references
[1360.064s][debug][gc,age       ] GC(383) Desired survivor size 15368192 bytes, new threshold 6 (max threshold 6)
[1360.064s][info ][gc,heap      ] GC(383) ParNew: 244548K->6020K(270336K)
[1360.064s][info ][gc,heap      ] GC(383) CMS: 272776K->272781K(600768K)
[1360.064s][info ][gc,metaspace ] GC(383) Metaspace: 57539K->57539K(1101824K)
[1360.064s][info ][gc           ] GC(383) Pause Young (Allocation Failure) 505M->272M(850M) 4.099ms
[1360.064s][info ][gc,cpu       ] GC(383) User=0.02s Sys=0.00s Real=0.00s
[1360.064s][info ][safepoint    ] Leaving safepoint region
[1360.064s][info ][safepoint    ] Total time for which application threads were stopped: 0.0042560 seconds, Stopping threads took: 0.0000149 seconds
[1362.064s][info ][safepoint    ] Application time: 2.0001543 seconds
[1362.064s][info ][safepoint    ] Entering safepoint region: Cleanup
[1362.064s][info ][safepoint    ] Leaving safepoint region
[1362.064s][info ][safepoint    ] Total time for which application threads were stopped: 0.0001323 seconds, Stopping threads took: 0.0000607 seconds
[1363.064s][info ][safepoint    ] Application time: 1.0001000 seconds
[1363.064s][info ][safepoint    ] Entering safepoint region: Cleanup
[1363.064s][info ][safepoint    ] Leaving safepoint region
[1363.064s][info ][safepoint    ] Total time for which application threads were stopped: 0.0001232 seconds, Stopping threads took: 0.0000451 seconds
[1364.064s][info ][safepoint    ] Application time: 1.0001299 seconds
[1364.064s][info ][safepoint    ] Entering safepoint region: Cleanup
[1364.065s][info ][safepoint    ] Leaving safepoint region
[1364.065s][info ][safepoint    ] Total time for which application threads were stopped: 0.0001324 seconds, Stopping threads took: 0.0000537 seconds
[1364.160s][info ][safepoint    ] Application time: 0.0953639 seconds
[1364.160s][info ][safepoint    ] Entering safepoint region: GenCollectForAllocation
[1364.160s][info ][gc,start     ] GC(384) Pause Young (Allocation Failure)
[1364.160s][info ][gc,task      ] GC(384) Using 4 workers of 4 for evacuation
[1364.165s][debug][gc,ref       ] GC(384) Skipped phase1 of Reference Processing due to unavailable references
[1364.165s][debug][gc,ref       ] GC(384) Skipped phase3 of Reference Processing due to unavailable references
[1364.165s][debug][gc,ref       ] GC(384) Skipped phase4 of Reference Processing due to unavailable references
[1364.165s][debug][gc,age       ] GC(384) Desired survivor size 15368192 bytes, new threshold 6 (max threshold 6)
[1364.165s][info ][gc,heap      ] GC(384) ParNew: 246340K->8429K(270336K)
[1364.165s][info ][gc,heap      ] GC(384) CMS: 272781K->272966K(600768K)
[1364.165s][info ][gc,metaspace ] GC(384) Metaspace: 57539K->57539K(1101824K)
[1364.165s][info ][gc           ] GC(384) Pause Young (Allocation Failure) 506M->274M(850M) 5.249ms
[1364.165s][info ][gc,cpu       ] GC(384) User=0.02s Sys=0.01s Real=0.01s
[1364.165s][info ][safepoint    ] Leaving safepoint region
[1364.165s][info ][safepoint    ] Total time for which application threads were stopped: 0.0054647 seconds, Stopping threads took: 0.0000638 seconds
[1365.166s][info ][safepoint    ] Application time: 1.0001034 seconds
[1365.166s][info ][safepoint    ] Entering safepoint region: Cleanup
[1365.166s][info ][safepoint    ] Leaving safepoint region
[1365.166s][info ][safepoint    ] Total time for which application threads were stopped: 0.0001393 seconds, Stopping threads took: 0.0000636 seconds
[1368.315s][info ][safepoint    ] Application time: 3.1493129 seconds
[1368.315s][info ][safepoint    ] Entering safepoint region: GenCollectForAllocation
[1368.315s][info ][gc,start     ] GC(385) Pause Young (Allocation Failure)
[1368.315s][info ][gc,task      ] GC(385) Using 4 workers of 4 for evacuation
[1368.320s][debug][gc,ref       ] GC(385) Skipped phase1 of Reference Processing due to unavailable references
[1368.320s][debug][gc,ref       ] GC(385) Skipped phase3 of Reference Processing due to unavailable references
[1368.320s][debug][gc,ref       ] GC(385) Skipped phase4 of Reference Processing due to unavailable references
[1368.320s][debug][gc,age       ] GC(385) Desired survivor size 15368192 bytes, new threshold 6 (max threshold 6)
[1368.320s][info ][gc,heap      ] GC(385) ParNew: 248749K->11055K(270336K)
[1368.320s][info ][gc,heap      ] GC(385) CMS: 272966K->273078K(600768K)
[1368.320s][info ][gc,metaspace ] GC(385) Metaspace: 57540K->57540K(1101824K)
[1368.320s][info ][gc           ] GC(385) Pause Young (Allocation Failure) 509M->277M(850M) 4.781ms
[1368.320s][info ][gc,cpu       ] GC(385) User=0.02s Sys=0.00s Real=0.00s
[1368.320s][info ][safepoint    ] Leaving safepoint region
[1368.320s][info ][safepoint    ] Total time for which application threads were stopped: 0.0049427 seconds, Stopping threads took: 0.0000149 seconds
[1372.615s][info ][safepoint    ] Application time: 4.2951917 seconds
[1372.615s][info ][safepoint    ] Entering safepoint region: GenCollectForAllocation
[1372.615s][info ][gc,start     ] GC(386) Pause Young (Allocation Failure)
[1372.615s][info ][gc,task      ] GC(386) Using 4 workers of 4 for evacuation
[1372.620s][debug][gc,ref       ] GC(386) Skipped phase1 of Reference Processing due to unavailable references
[1372.620s][debug][gc,ref       ] GC(386) Skipped phase3 of Reference Processing due to unavailable references
[1372.620s][debug][gc,ref       ] GC(386) Skipped phase4 of Reference Processing due to unavailable references
[1372.621s][debug][gc,age       ] GC(386) Desired survivor size 15368192 bytes, new threshold 6 (max threshold 6)
[1372.621s][info ][gc,heap      ] GC(386) ParNew: 251375K->7622K(270336K)
[1372.621s][info ][gc,heap      ] GC(386) CMS: 273078K->273324K(600768K)
[1372.621s][info ][gc,metaspace ] GC(386) Metaspace: 57542K->57542K(1101824K)
[1372.621s][info ][gc           ] GC(386) Pause Young (Allocation Failure) 512M->274M(850M) 5.179ms
[1372.621s][info ][gc,cpu       ] GC(386) User=0.02s Sys=0.00s Real=0.00s
[1372.621s][info ][safepoint    ] Leaving safepoint region
[1372.621s][info ][safepoint    ] Total time for which application threads were stopped: 0.0053572 seconds, Stopping threads took: 0.0000143 seconds
[1373.621s][info ][safepoint    ] Application time: 1.0001182 seconds
[1373.621s][info ][safepoint    ] Entering safepoint region: Cleanup
[1373.621s][info ][safepoint    ] Leaving safepoint region
[1373.621s][info ][safepoint    ] Total time for which application threads were stopped: 0.0000752 seconds, Stopping threads took: 0.0000150 seconds
[1375.621s][info ][safepoint    ] Application time: 2.0001719 seconds
[1375.621s][info ][safepoint    ] Entering safepoint region: Cleanup
[1375.621s][info ][safepoint    ] Leaving safepoint region
[1375.621s][info ][safepoint    ] Total time for which application threads were stopped: 0.0000828 seconds, Stopping threads took: 0.0000132 seconds
[1376.615s][info ][safepoint    ] Application time: 0.9939938 seconds
[1376.615s][info ][safepoint    ] Entering safepoint region: GenCollectForAllocation
[1376.615s][info ][gc,start     ] GC(387) Pause Young (Allocation Failure)
[1376.615s][info ][gc,task      ] GC(387) Using 4 workers of 4 for evacuation
[1376.620s][debug][gc,ref       ] GC(387) Skipped phase1 of Reference Processing due to unavailable references
[1376.620s][debug][gc,ref       ] GC(387) Skipped phase3 of Reference Processing due to unavailable references
[1376.620s][debug][gc,age       ] GC(387) Desired survivor size 15368192 bytes, new threshold 6 (max threshold 6)
[1376.620s][info ][gc,heap      ] GC(387) ParNew: 247942K->11558K(270336K)
[1376.620s][info ][gc,heap      ] GC(387) CMS: 273324K->273469K(600768K)
[1376.620s][info ][gc,metaspace ] GC(387) Metaspace: 57594K->57594K(1101824K)
[1376.621s][info ][gc           ] GC(387) Pause Young (Allocation Failure) 509M->278M(850M) 5.204ms
[1376.621s][info ][gc,cpu       ] GC(387) User=0.02s Sys=0.00s Real=0.00s
[1376.621s][info ][safepoint    ] Leaving safepoint region
[1376.621s][info ][safepoint    ] Total time for which application threads were stopped: 0.0053654 seconds, Stopping threads took: 0.0000142 seconds
[1377.621s][info ][safepoint    ] Application time: 1.0001048 seconds
[1377.621s][info ][safepoint    ] Entering safepoint region: Cleanup
[1377.621s][info ][safepoint    ] Leaving safepoint region
[1377.621s][info ][safepoint    ] Total time for which application threads were stopped: 0.0001028 seconds, Stopping threads took: 0.0000160 seconds
[1379.621s][info ][safepoint    ] Application time: 2.0001828 seconds
[1379.621s][info ][safepoint    ] Entering safepoint region: Cleanup
[1379.621s][info ][safepoint    ] Leaving safepoint region
[1379.621s][info ][safepoint    ] Total time for which application threads were stopped: 0.0000767 seconds, Stopping threads took: 0.0000148 seconds
[1381.061s][info ][safepoint    ] Application time: 1.4396972 seconds
[1381.061s][info ][safepoint    ] Entering safepoint region: GenCollectForAllocation
[1381.061s][info ][gc,start     ] GC(388) Pause Young (Allocation Failure)
[1381.061s][info ][gc,task      ] GC(388) Using 4 workers of 4 for evacuation
[1381.067s][debug][gc,ref       ] GC(388) Skipped phase1 of Reference Processing due to unavailable references
[1381.067s][debug][gc,ref       ] GC(388) Skipped phase3 of Reference Processing due to unavailable references
[1381.067s][debug][gc,ref       ] GC(388) Skipped phase4 of Reference Processing due to unavailable references
[1381.067s][debug][gc,age       ] GC(388) Desired survivor size 15368192 bytes, new threshold 6 (max threshold 6)
[1381.067s][info ][gc,heap      ] GC(388) ParNew: 251878K->7031K(270336K)
[1381.067s][info ][gc,heap      ] GC(388) CMS: 273469K->274826K(600768K)
[1381.067s][info ][gc,metaspace ] GC(388) Metaspace: 57594K->57594K(1101824K)
[1381.067s][info ][gc           ] GC(388) Pause Young (Allocation Failure) 513M->275M(850M) 6.048ms
[1381.067s][info ][gc,cpu       ] GC(388) User=0.02s Sys=0.00s Real=0.01s
[1381.067s][info ][safepoint    ] Leaving safepoint region
[1381.067s][info ][safepoint    ] Total time for which application threads were stopped: 0.0061902 seconds, Stopping threads took: 0.0000140 seconds
[1383.067s][info ][safepoint    ] Application time: 2.0001662 seconds
[1383.067s][info ][safepoint    ] Entering safepoint region: Cleanup
[1383.067s][info ][safepoint    ] Leaving safepoint region
[1383.067s][info ][safepoint    ] Total time for which application threads were stopped: 0.0000894 seconds, Stopping threads took: 0.0000253 seconds
[1385.159s][info ][safepoint    ] Application time: 2.0912264 seconds
[1385.159s][info ][safepoint    ] Entering safepoint region: GenCollectForAllocation
[1385.159s][info ][gc,start     ] GC(389) Pause Young (Allocation Failure)
[1385.159s][info ][gc,task      ] GC(389) Using 4 workers of 4 for evacuation
[1385.164s][debug][gc,ref       ] GC(389) Skipped phase1 of Reference Processing due to unavailable references
[1385.164s][debug][gc,ref       ] GC(389) Skipped phase3 of Reference Processing due to unavailable references
[1385.164s][debug][gc,ref       ] GC(389) Skipped phase4 of Reference Processing due to unavailable references
[1385.164s][debug][gc,age       ] GC(389) Desired survivor size 15368192 bytes, new threshold 6 (max threshold 6)
[1385.164s][info ][gc,heap      ] GC(389) ParNew: 247351K->7581K(270336K)
[1385.164s][info ][gc,heap      ] GC(389) CMS: 274826K->275289K(600768K)
[1385.164s][info ][gc,metaspace ] GC(389) Metaspace: 57595K->57595K(1101824K)
[1385.164s][info ][gc           ] GC(389) Pause Young (Allocation Failure) 509M->276M(850M) 5.142ms
[1385.164s][info ][gc,cpu       ] GC(389) User=0.01s Sys=0.01s Real=0.00s
[1385.164s][info ][safepoint    ] Leaving safepoint region
[1385.164s][info ][safepoint    ] Total time for which application threads were stopped: 0.0053364 seconds, Stopping threads took: 0.0000487 seconds
[1389.068s][info ][safepoint    ] Application time: 3.9044748 seconds
[1389.068s][info ][safepoint    ] Entering safepoint region: GenCollectForAllocation
[1389.069s][info ][gc,start     ] GC(390) Pause Young (Allocation Failure)
[1389.069s][info ][gc,task      ] GC(390) Using 4 workers of 4 for evacuation
[1389.076s][debug][gc,ref       ] GC(390) Skipped phase1 of Reference Processing due to unavailable references
[1389.076s][debug][gc,ref       ] GC(390) Skipped phase3 of Reference Processing due to unavailable references
[1389.076s][debug][gc,ref       ] GC(390) Skipped phase4 of Reference Processing due to unavailable references
[1389.076s][debug][gc,age       ] GC(390) Desired survivor size 15368192 bytes, new threshold 6 (max threshold 6)
[1389.076s][info ][gc,heap      ] GC(390) ParNew: 247901K->5074K(270336K)
[1389.076s][info ][gc,heap      ] GC(390) CMS: 275289K->277811K(600768K)
[1389.076s][info ][gc,metaspace ] GC(390) Metaspace: 57595K->57595K(1101824K)
[1389.076s][info ][gc           ] GC(390) Pause Young (Allocation Failure) 510M->276M(850M) 7.240ms
[1389.076s][info ][gc,cpu       ] GC(390) User=0.02s Sys=0.00s Real=0.01s
[1389.076s][info ][safepoint    ] Leaving safepoint region
[1389.076s][info ][safepoint    ] Total time for which application threads were stopped: 0.0073866 seconds, Stopping threads took: 0.0000142 seconds
[1392.076s][info ][safepoint    ] Application time: 3.0002885 seconds
[1392.076s][info ][safepoint    ] Entering safepoint region: Cleanup
[1392.076s][info ][safepoint    ] Leaving safepoint region
[1392.076s][info ][safepoint    ] Total time for which application threads were stopped: 0.0000717 seconds, Stopping threads took: 0.0000140 seconds
[1393.076s][info ][safepoint    ] Application time: 1.0000572 seconds
[1393.076s][info ][safepoint    ] Entering safepoint region: Cleanup
[1393.076s][info ][safepoint    ] Leaving safepoint region
[1393.076s][info ][safepoint    ] Total time for which application threads were stopped: 0.0000730 seconds, Stopping threads took: 0.0000140 seconds
[1393.108s][info ][safepoint    ] Application time: 0.0314045 seconds
[1393.108s][info ][safepoint    ] Entering safepoint region: GenCollectForAllocation
[1393.108s][info ][gc,start     ] GC(391) Pause Young (Allocation Failure)
[1393.108s][info ][gc,task      ] GC(391) Using 4 workers of 4 for evacuation
[1393.112s][debug][gc,ref       ] GC(391) Skipped phase1 of Reference Processing due to unavailable references
[1393.112s][debug][gc,ref       ] GC(391) Skipped phase3 of Reference Processing due to unavailable references
[1393.112s][debug][gc,ref       ] GC(391) Skipped phase4 of Reference Processing due to unavailable references
[1393.112s][debug][gc,age       ] GC(391) Desired survivor size 15368192 bytes, new threshold 6 (max threshold 6)
[1393.112s][info ][gc,heap      ] GC(391) ParNew: 245394K->3033K(270336K)
[1393.112s][info ][gc,heap      ] GC(391) CMS: 277811K->278311K(600768K)
[1393.112s][info ][gc,metaspace ] GC(391) Metaspace: 57598K->57598K(1101824K)
[1393.112s][info ][gc           ] GC(391) Pause Young (Allocation Failure) 510M->274M(850M) 3.976ms
[1393.112s][info ][gc,cpu       ] GC(391) User=0.02s Sys=0.00s Real=0.00s
[1393.112s][info ][safepoint    ] Leaving safepoint region
[1393.112s][info ][safepoint    ] Total time for which application threads were stopped: 0.0041407 seconds, Stopping threads took: 0.0000151 seconds
[1395.112s][info ][safepoint    ] Application time: 2.0002024 seconds
[1395.112s][info ][safepoint    ] Entering safepoint region: Cleanup
[1395.112s][info ][safepoint    ] Leaving safepoint region
[1395.112s][info ][safepoint    ] Total time for which application threads were stopped: 0.0001484 seconds, Stopping threads took: 0.0000627 seconds
[1396.112s][info ][safepoint    ] Application time: 1.0000951 seconds
[1396.113s][info ][safepoint    ] Entering safepoint region: Cleanup
[1396.113s][info ][safepoint    ] Leaving safepoint region
[1396.113s][info ][safepoint    ] Total time for which application threads were stopped: 0.0001606 seconds, Stopping threads took: 0.0000768 seconds
[1397.113s][info ][safepoint    ] Application time: 1.0001575 seconds
[1397.113s][info ][safepoint    ] Entering safepoint region: Cleanup
[1397.113s][info ][safepoint    ] Leaving safepoint region
[1397.113s][info ][safepoint    ] Total time for which application threads were stopped: 0.0001373 seconds, Stopping threads took: 0.0000534 seconds
[1397.308s][info ][safepoint    ] Application time: 0.1954268 seconds
[1397.309s][info ][safepoint    ] Entering safepoint region: GenCollectForAllocation
[1397.309s][info ][gc,start     ] GC(392) Pause Young (Allocation Failure)
[1397.309s][info ][gc,task      ] GC(392) Using 4 workers of 4 for evacuation
[1397.312s][debug][gc,ref       ] GC(392) Skipped phase1 of Reference Processing due to unavailable references
[1397.312s][debug][gc,ref       ] GC(392) Skipped phase3 of Reference Processing due to unavailable references
[1397.312s][debug][gc,ref       ] GC(392) Skipped phase4 of Reference Processing due to unavailable references
[1397.312s][debug][gc,age       ] GC(392) Desired survivor size 15368192 bytes, new threshold 6 (max threshold 6)
[1397.312s][info ][gc,heap      ] GC(392) ParNew: 243353K->3402K(270336K)
[1397.312s][info ][gc,heap      ] GC(392) CMS: 278311K->278536K(600768K)
[1397.312s][info ][gc,metaspace ] GC(392) Metaspace: 57598K->57598K(1101824K)
[1397.312s][info ][gc           ] GC(392) Pause Young (Allocation Failure) 509M->275M(850M) 3.366ms
[1397.312s][info ][gc,cpu       ] GC(392) User=0.01s Sys=0.00s Real=0.00s
[1397.312s][info ][safepoint    ] Leaving safepoint region
[1397.312s][info ][safepoint    ] Total time for which application threads were stopped: 0.0035676 seconds, Stopping threads took: 0.0000612 seconds
[1400.312s][info ][safepoint    ] Application time: 3.0002951 seconds
[1400.312s][info ][safepoint    ] Entering safepoint region: Cleanup
[1400.313s][info ][safepoint    ] Leaving safepoint region
[1400.313s][info ][safepoint    ] Total time for which application threads were stopped: 0.0001484 seconds, Stopping threads took: 0.0000700 seconds
[1401.509s][info ][safepoint    ] Application time: 1.1964366 seconds
[1401.509s][info ][safepoint    ] Entering safepoint region: GenCollectForAllocation
[1401.509s][info ][gc,start     ] GC(393) Pause Young (Allocation Failure)
[1401.509s][info ][gc,task      ] GC(393) Using 4 workers of 4 for evacuation
[1401.513s][debug][gc,ref       ] GC(393) Skipped phase1 of Reference Processing due to unavailable references
[1401.513s][debug][gc,ref       ] GC(393) Skipped phase2 of Reference Processing due to unavailable references
[1401.513s][debug][gc,ref       ] GC(393) Skipped phase3 of Reference Processing due to unavailable references
[1401.513s][debug][gc,ref       ] GC(393) Skipped phase4 of Reference Processing due to unavailable references
[1401.513s][debug][gc,age       ] GC(393) Desired survivor size 15368192 bytes, new threshold 6 (max threshold 6)
[1401.513s][info ][gc,heap      ] GC(393) ParNew: 243722K->2021K(270336K)
[1401.513s][info ][gc,heap      ] GC(393) CMS: 278536K->279926K(600768K)
[1401.513s][info ][gc,metaspace ] GC(393) Metaspace: 57598K->57598K(1101824K)
[1401.514s][info ][gc           ] GC(393) Pause Young (Allocation Failure) 510M->275M(850M) 4.370ms
[1401.514s][info ][gc,cpu       ] GC(393) User=0.01s Sys=0.00s Real=0.01s
[1401.514s][info ][safepoint    ] Leaving safepoint region
[1401.514s][info ][safepoint    ] Total time for which application threads were stopped: 0.0045177 seconds, Stopping threads took: 0.0000135 seconds
[1402.514s][info ][safepoint    ] Application time: 1.0001080 seconds
[1402.514s][info ][safepoint    ] Entering safepoint region: Cleanup
[1402.514s][info ][safepoint    ] Leaving safepoint region
[1402.514s][info ][safepoint    ] Total time for which application threads were stopped: 0.0001913 seconds, Stopping threads took: 0.0001209 seconds
[1405.715s][info ][safepoint    ] Application time: 3.2013551 seconds
[1405.715s][info ][safepoint    ] Entering safepoint region: GenCollectForAllocation
[1405.715s][info ][gc,start     ] GC(394) Pause Young (Allocation Failure)
[1405.715s][info ][gc,task      ] GC(394) Using 4 workers of 4 for evacuation
[1405.718s][debug][gc,ref       ] GC(394) Skipped phase1 of Reference Processing due to unavailable references
[1405.718s][debug][gc,ref       ] GC(394) Skipped phase2 of Reference Processing due to unavailable references
[1405.718s][debug][gc,ref       ] GC(394) Skipped phase3 of Reference Processing due to unavailable references
[1405.718s][debug][gc,ref       ] GC(394) Skipped phase4 of Reference Processing due to unavailable references
[1405.718s][debug][gc,age       ] GC(394) Desired survivor size 15368192 bytes, new threshold 6 (max threshold 6)
[1405.718s][info ][gc,heap      ] GC(394) ParNew: 242341K->1267K(270336K)
[1405.718s][info ][gc,heap      ] GC(394) CMS: 279926K->279953K(600768K)
[1405.718s][info ][gc,metaspace ] GC(394) Metaspace: 57598K->57598K(1101824K)
[1405.718s][info ][gc           ] GC(394) Pause Young (Allocation Failure) 510M->274M(850M) 2.646ms
[1405.718s][info ][gc,cpu       ] GC(394) User=0.01s Sys=0.00s Real=0.00s
[1405.718s][info ][safepoint    ] Leaving safepoint region
[1405.718s][info ][safepoint    ] Total time for which application threads were stopped: 0.0027888 seconds, Stopping threads took: 0.0000146 seconds
[1406.718s][info ][safepoint    ] Application time: 1.0001714 seconds
[1406.718s][info ][safepoint    ] Entering safepoint region: Cleanup
[1406.718s][info ][safepoint    ] Leaving safepoint region
[1406.718s][info ][safepoint    ] Total time for which application threads were stopped: 0.0000824 seconds, Stopping threads took: 0.0000165 seconds
[1409.962s][info ][safepoint    ] Application time: 3.2437756 seconds
[1409.962s][info ][safepoint    ] Entering safepoint region: GenCollectForAllocation
[1409.962s][info ][gc,start     ] GC(395) Pause Young (Allocation Failure)
[1409.962s][info ][gc,task      ] GC(395) Using 4 workers of 4 for evacuation
[1409.965s][debug][gc,ref       ] GC(395) Skipped phase1 of Reference Processing due to unavailable references
[1409.965s][debug][gc,ref       ] GC(395) Skipped phase2 of Reference Processing due to unavailable references
[1409.965s][debug][gc,ref       ] GC(395) Skipped phase3 of Reference Processing due to unavailable references
[1409.965s][debug][gc,ref       ] GC(395) Skipped phase4 of Reference Processing due to unavailable references
[1409.965s][debug][gc,age       ] GC(395) Desired survivor size 15368192 bytes, new threshold 6 (max threshold 6)
[1409.965s][info ][gc,heap      ] GC(395) ParNew: 241587K->1149K(270336K)
[1409.965s][info ][gc,heap      ] GC(395) CMS: 279953K->280157K(600768K)
[1409.965s][info ][gc,metaspace ] GC(395) Metaspace: 57599K->57599K(1101824K)
[1409.965s][info ][gc           ] GC(395) Pause Young (Allocation Failure) 509M->274M(850M) 2.701ms
[1409.965s][info ][gc,cpu       ] GC(395) User=0.01s Sys=0.00s Real=0.01s
[1409.965s][info ][safepoint    ] Leaving safepoint region
[1409.965s][info ][safepoint    ] Total time for which application threads were stopped: 0.0028577 seconds, Stopping threads took: 0.0000145 seconds
[1414.062s][info ][safepoint    ] Application time: 4.0968099 seconds
[1414.062s][info ][safepoint    ] Entering safepoint region: GenCollectForAllocation
[1414.062s][info ][gc,start     ] GC(396) Pause Young (Allocation Failure)
[1414.062s][info ][gc,task      ] GC(396) Using 4 workers of 4 for evacuation
[1414.065s][debug][gc,ref       ] GC(396) Skipped phase1 of Reference Processing due to unavailable references
[1414.065s][debug][gc,ref       ] GC(396) Skipped phase2 of Reference Processing due to unavailable references
[1414.065s][debug][gc,ref       ] GC(396) Skipped phase3 of Reference Processing due to unavailable references
[1414.065s][debug][gc,ref       ] GC(396) Skipped phase4 of Reference Processing due to unavailable references
[1414.065s][debug][gc,age       ] GC(396) Desired survivor size 15368192 bytes, new threshold 6 (max threshold 6)
[1414.065s][info ][gc,heap      ] GC(396) ParNew: 241469K->1058K(270336K)
[1414.065s][info ][gc,heap      ] GC(396) CMS: 280157K->280201K(600768K)
[1414.065s][info ][gc,metaspace ] GC(396) Metaspace: 57599K->57599K(1101824K)
[1414.065s][info ][gc           ] GC(396) Pause Young (Allocation Failure) 509M->274M(850M) 2.729ms
[1414.065s][info ][gc,cpu       ] GC(396) User=0.01s Sys=0.00s Real=0.01s
[1414.065s][info ][safepoint    ] Leaving safepoint region
[1414.065s][info ][safepoint    ] Total time for which application threads were stopped: 0.0029172 seconds, Stopping threads took: 0.0000590 seconds
[1417.065s][info ][safepoint    ] Application time: 3.0002433 seconds
[1417.065s][info ][safepoint    ] Entering safepoint region: Cleanup
[1417.065s][info ][safepoint    ] Leaving safepoint region
[1417.065s][info ][safepoint    ] Total time for which application threads were stopped: 0.0002257 seconds, Stopping threads took: 0.0000582 seconds
[1418.408s][info ][safepoint    ] Application time: 1.3430238 seconds
[1418.408s][info ][safepoint    ] Entering safepoint region: GenCollectForAllocation
[1418.409s][info ][gc,start     ] GC(397) Pause Young (Allocation Failure)
[1418.409s][info ][gc,task      ] GC(397) Using 4 workers of 4 for evacuation
[1418.411s][debug][gc,ref       ] GC(397) Skipped phase1 of Reference Processing due to unavailable references
[1418.411s][debug][gc,ref       ] GC(397) Skipped phase2 of Reference Processing due to unavailable references
[1418.411s][debug][gc,ref       ] GC(397) Skipped phase3 of Reference Processing due to unavailable references
[1418.411s][debug][gc,ref       ] GC(397) Skipped phase4 of Reference Processing due to unavailable references
[1418.411s][debug][gc,age       ] GC(397) Desired survivor size 15368192 bytes, new threshold 6 (max threshold 6)
[1418.411s][info ][gc,heap      ] GC(397) ParNew: 241378K->995K(270336K)
[1418.411s][info ][gc,heap      ] GC(397) CMS: 280201K->280423K(600768K)
[1418.411s][info ][gc,metaspace ] GC(397) Metaspace: 57599K->57599K(1101824K)
[1418.411s][info ][gc           ] GC(397) Pause Young (Allocation Failure) 509M->274M(850M) 2.957ms
[1418.411s][info ][gc,cpu       ] GC(397) User=0.01s Sys=0.00s Real=0.00s
[1418.411s][info ][safepoint    ] Leaving safepoint region
[1418.412s][info ][safepoint    ] Total time for which application threads were stopped: 0.0031295 seconds, Stopping threads took: 0.0000367 seconds
[1422.611s][info ][safepoint    ] Application time: 4.1998687 seconds
[1422.611s][info ][safepoint    ] Entering safepoint region: GenCollectForAllocation
[1422.612s][info ][gc,start     ] GC(398) Pause Young (Allocation Failure)
[1422.612s][info ][gc,task      ] GC(398) Using 4 workers of 4 for evacuation
[1422.614s][debug][gc,ref       ] GC(398) Skipped phase1 of Reference Processing due to unavailable references
[1422.614s][debug][gc,ref       ] GC(398) Skipped phase2 of Reference Processing due to unavailable references
[1422.614s][debug][gc,ref       ] GC(398) Skipped phase3 of Reference Processing due to unavailable references
[1422.614s][debug][gc,ref       ] GC(398) Skipped phase4 of Reference Processing due to unavailable references
[1422.614s][debug][gc,age       ] GC(398) Desired survivor size 15368192 bytes, new threshold 6 (max threshold 6)
[1422.614s][info ][gc,heap      ] GC(398) ParNew: 241315K->725K(270336K)
[1422.614s][info ][gc,heap      ] GC(398) CMS: 280423K->280537K(600768K)
[1422.614s][info ][gc,metaspace ] GC(398) Metaspace: 57599K->57599K(1101824K)
[1422.614s][info ][gc           ] GC(398) Pause Young (Allocation Failure) 509M->274M(850M) 2.628ms
[1422.614s][info ][gc,cpu       ] GC(398) User=0.01s Sys=0.00s Real=0.01s
[1422.614s][info ][safepoint    ] Leaving safepoint region
[1422.614s][info ][safepoint    ] Total time for which application threads were stopped: 0.0027722 seconds, Stopping threads took: 0.0000141 seconds
[1424.614s][info ][safepoint    ] Application time: 2.0001516 seconds
[1424.614s][info ][safepoint    ] Entering safepoint region: Cleanup
[1424.615s][info ][safepoint    ] Leaving safepoint region
[1424.615s][info ][safepoint    ] Total time for which application threads were stopped: 0.0001546 seconds, Stopping threads took: 0.0000824 seconds
[1426.759s][info ][safepoint    ] Application time: 2.1442046 seconds
[1426.759s][info ][safepoint    ] Entering safepoint region: GenCollectForAllocation
[1426.759s][info ][gc,start     ] GC(399) Pause Young (Allocation Failure)
[1426.759s][info ][gc,task      ] GC(399) Using 4 workers of 4 for evacuation
[1426.761s][debug][gc,ref       ] GC(399) Skipped phase1 of Reference Processing due to unavailable references
[1426.761s][debug][gc,ref       ] GC(399) Skipped phase2 of Reference Processing due to unavailable references
[1426.761s][debug][gc,ref       ] GC(399) Skipped phase3 of Reference Processing due to unavailable references
[1426.761s][debug][gc,ref       ] GC(399) Skipped phase4 of Reference Processing due to unavailable references
[1426.761s][debug][gc,age       ] GC(399) Desired survivor size 15368192 bytes, new threshold 6 (max threshold 6)
[1426.761s][info ][gc,heap      ] GC(399) ParNew: 241045K->1015K(270336K)
[1426.761s][info ][gc,heap      ] GC(399) CMS: 280537K->280544K(600768K)
[1426.761s][info ][gc,metaspace ] GC(399) Metaspace: 57599K->57599K(1101824K)
[1426.761s][info ][gc           ] GC(399) Pause Young (Allocation Failure) 509M->274M(850M) 2.452ms
[1426.761s][info ][gc,cpu       ] GC(399) User=0.01s Sys=0.00s Real=0.00s
[1426.761s][info ][safepoint    ] Leaving safepoint region
[1426.761s][info ][safepoint    ] Total time for which application threads were stopped: 0.0026266 seconds, Stopping threads took: 0.0000468 seconds
[1430.958s][info ][safepoint    ] Application time: 4.1965353 seconds
[1430.958s][info ][safepoint    ] Entering safepoint region: GenCollectForAllocation
[1430.958s][info ][gc,start     ] GC(400) Pause Young (Allocation Failure)
[1430.958s][info ][gc,task      ] GC(400) Using 4 workers of 4 for evacuation
[1430.961s][debug][gc,ref       ] GC(400) Skipped phase1 of Reference Processing due to unavailable references
[1430.961s][debug][gc,ref       ] GC(400) Skipped phase2 of Reference Processing due to unavailable references
[1430.961s][debug][gc,ref       ] GC(400) Skipped phase3 of Reference Processing due to unavailable references
[1430.961s][debug][gc,ref       ] GC(400) Skipped phase4 of Reference Processing due to unavailable references
[1430.961s][debug][gc,age       ] GC(400) Desired survivor size 15368192 bytes, new threshold 6 (max threshold 6)
[1430.961s][info ][gc,heap      ] GC(400) ParNew: 241335K->1195K(270336K)
[1430.961s][info ][gc,heap      ] GC(400) CMS: 280544K->280634K(600768K)
[1430.961s][info ][gc,metaspace ] GC(400) Metaspace: 57603K->57603K(1101824K)
[1430.961s][info ][gc           ] GC(400) Pause Young (Allocation Failure) 509M->275M(850M) 2.668ms
[1430.961s][info ][gc,cpu       ] GC(400) User=0.01s Sys=0.00s Real=0.00s
[1430.961s][info ][safepoint    ] Leaving safepoint region
[1430.961s][info ][safepoint    ] Total time for which application threads were stopped: 0.0028321 seconds, Stopping threads took: 0.0000152 seconds
[1434.961s][info ][safepoint    ] Application time: 4.0004141 seconds
[1434.961s][info ][safepoint    ] Entering safepoint region: Cleanup
[1434.961s][info ][safepoint    ] Leaving safepoint region
[1434.961s][info ][safepoint    ] Total time for which application threads were stopped: 0.0001512 seconds, Stopping threads took: 0.0000708 seconds
[1435.513s][info ][safepoint    ] Application time: 0.5512013 seconds
[1435.513s][info ][safepoint    ] Entering safepoint region: GenCollectForAllocation
[1435.513s][info ][gc,start     ] GC(401) Pause Young (Allocation Failure)
[1435.513s][info ][gc,task      ] GC(401) Using 4 workers of 4 for evacuation
[1435.515s][debug][gc,ref       ] GC(401) Skipped phase1 of Reference Processing due to unavailable references
[1435.515s][debug][gc,ref       ] GC(401) Skipped phase2 of Reference Processing due to unavailable references
[1435.515s][debug][gc,ref       ] GC(401) Skipped phase3 of Reference Processing due to unavailable references
[1435.515s][debug][gc,ref       ] GC(401) Skipped phase4 of Reference Processing due to unavailable references
[1435.515s][debug][gc,age       ] GC(401) Desired survivor size 15368192 bytes, new threshold 6 (max threshold 6)
[1435.515s][info ][gc,heap      ] GC(401) ParNew: 241515K->1417K(270336K)
[1435.515s][info ][gc,heap      ] GC(401) CMS: 280634K->280730K(600768K)
[1435.515s][info ][gc,metaspace ] GC(401) Metaspace: 57603K->57603K(1101824K)
[1435.515s][info ][gc           ] GC(401) Pause Young (Allocation Failure) 509M->275M(850M) 2.690ms
[1435.515s][info ][gc,cpu       ] GC(401) User=0.01s Sys=0.00s Real=0.00s
[1435.515s][info ][safepoint    ] Leaving safepoint region
[1435.515s][info ][safepoint    ] Total time for which application threads were stopped: 0.0028398 seconds, Stopping threads took: 0.0000138 seconds
[1437.516s][info ][safepoint    ] Application time: 2.0001900 seconds
[1437.516s][info ][safepoint    ] Entering safepoint region: Cleanup
[1437.516s][info ][safepoint    ] Leaving safepoint region
[1437.516s][info ][safepoint    ] Total time for which application threads were stopped: 0.0000751 seconds, Stopping threads took: 0.0000139 seconds
[1440.261s][info ][safepoint    ] Application time: 2.7451334 seconds
[1440.261s][info ][safepoint    ] Entering safepoint region: GenCollectForAllocation
[1440.261s][info ][gc,start     ] GC(402) Pause Young (Allocation Failure)
[1440.261s][info ][gc,task      ] GC(402) Using 4 workers of 4 for evacuation
[1440.263s][debug][gc,ref       ] GC(402) Skipped phase1 of Reference Processing due to unavailable references
[1440.264s][debug][gc,ref       ] GC(402) Skipped phase2 of Reference Processing due to unavailable references
[1440.264s][debug][gc,ref       ] GC(402) Skipped phase3 of Reference Processing due to unavailable references
[1440.264s][debug][gc,ref       ] GC(402) Skipped phase4 of Reference Processing due to unavailable references
[1440.264s][debug][gc,age       ] GC(402) Desired survivor size 15368192 bytes, new threshold 6 (max threshold 6)
[1440.264s][info ][gc,heap      ] GC(402) ParNew: 241737K->1315K(270336K)
[1440.264s][info ][gc,heap      ] GC(402) CMS: 280730K->280812K(600768K)
[1440.264s][info ][gc,metaspace ] GC(402) Metaspace: 57603K->57603K(1101824K)
[1440.264s][info ][gc           ] GC(402) Pause Young (Allocation Failure) 510M->275M(850M) 2.610ms
[1440.264s][info ][gc,cpu       ] GC(402) User=0.01s Sys=0.00s Real=0.00s
[1440.264s][info ][safepoint    ] Leaving safepoint region
[1440.264s][info ][safepoint    ] Total time for which application threads were stopped: 0.0027563 seconds, Stopping threads took: 0.0000162 seconds
[1442.264s][info ][safepoint    ] Application time: 2.0002427 seconds
[1442.264s][info ][safepoint    ] Entering safepoint region: Cleanup
[1442.264s][info ][safepoint    ] Leaving safepoint region
[1442.264s][info ][safepoint    ] Total time for which application threads were stopped: 0.0001478 seconds, Stopping threads took: 0.0000555 seconds
[1443.264s][info ][safepoint    ] Application time: 1.0000953 seconds
[1443.264s][info ][safepoint    ] Entering safepoint region: Cleanup
[1443.264s][info ][safepoint    ] Leaving safepoint region
[1443.264s][info ][safepoint    ] Total time for which application threads were stopped: 0.0001428 seconds, Stopping threads took: 0.0000669 seconds
[1445.212s][info ][safepoint    ] Application time: 1.9471115 seconds
[1445.212s][info ][safepoint    ] Entering safepoint region: GenCollectForAllocation
[1445.212s][info ][gc,start     ] GC(403) Pause Young (Allocation Failure)
[1445.212s][info ][gc,task      ] GC(403) Using 4 workers of 4 for evacuation
[1445.214s][debug][gc,ref       ] GC(403) Skipped phase1 of Reference Processing due to unavailable references
[1445.214s][debug][gc,ref       ] GC(403) Skipped phase2 of Reference Processing due to unavailable references
[1445.214s][debug][gc,ref       ] GC(403) Skipped phase3 of Reference Processing due to unavailable references
[1445.214s][debug][gc,ref       ] GC(403) Skipped phase4 of Reference Processing due to unavailable references
[1445.214s][debug][gc,age       ] GC(403) Desired survivor size 15368192 bytes, new threshold 6 (max threshold 6)
[1445.214s][info ][gc,heap      ] GC(403) ParNew: 241635K->1381K(270336K)
[1445.214s][info ][gc,heap      ] GC(403) CMS: 280812K->280871K(600768K)
[1445.214s][info ][gc,metaspace ] GC(403) Metaspace: 57603K->57603K(1101824K)
[1445.214s][info ][gc           ] GC(403) Pause Young (Allocation Failure) 510M->275M(850M) 2.684ms
[1445.214s][info ][gc,cpu       ] GC(403) User=0.01s Sys=0.00s Real=0.01s
[1445.214s][info ][safepoint    ] Leaving safepoint region
[1445.214s][info ][safepoint    ] Total time for which application threads were stopped: 0.0028430 seconds, Stopping threads took: 0.0000313 seconds
[1447.215s][info ][safepoint    ] Application time: 2.0002568 seconds
[1447.215s][info ][safepoint    ] Entering safepoint region: Cleanup
[1447.215s][info ][safepoint    ] Leaving safepoint region
[1447.215s][info ][safepoint    ] Total time for which application threads were stopped: 0.0001298 seconds, Stopping threads took: 0.0000639 seconds
[1450.214s][info ][safepoint    ] Application time: 2.9993549 seconds
[1450.214s][info ][safepoint    ] Entering safepoint region: GenCollectForAllocation
[1450.214s][info ][gc,start     ] GC(404) Pause Young (Allocation Failure)
[1450.214s][info ][gc,task      ] GC(404) Using 4 workers of 4 for evacuation
[1450.217s][debug][gc,ref       ] GC(404) Skipped phase1 of Reference Processing due to unavailable references
[1450.217s][debug][gc,ref       ] GC(404) Skipped phase2 of Reference Processing due to unavailable references
[1450.217s][debug][gc,ref       ] GC(404) Skipped phase3 of Reference Processing due to unavailable references
[1450.217s][debug][gc,ref       ] GC(404) Skipped phase4 of Reference Processing due to unavailable references
[1450.217s][debug][gc,age       ] GC(404) Desired survivor size 15368192 bytes, new threshold 6 (max threshold 6)
[1450.217s][info ][gc,heap      ] GC(404) ParNew: 241701K->1313K(270336K)
[1450.217s][info ][gc,heap      ] GC(404) CMS: 280871K->280956K(600768K)
[1450.217s][info ][gc,metaspace ] GC(404) Metaspace: 57603K->57603K(1101824K)
[1450.217s][info ][gc           ] GC(404) Pause Young (Allocation Failure) 510M->275M(850M) 2.556ms
[1450.217s][info ][gc,cpu       ] GC(404) User=0.01s Sys=0.00s Real=0.00s
[1450.217s][info ][safepoint    ] Leaving safepoint region
[1450.217s][info ][safepoint    ] Total time for which application threads were stopped: 0.0027130 seconds, Stopping threads took: 0.0000272 seconds
[1451.217s][info ][safepoint    ] Application time: 1.0000968 seconds
[1451.217s][info ][safepoint    ] Entering safepoint region: Cleanup
[1451.217s][info ][safepoint    ] Leaving safepoint region
[1451.217s][info ][safepoint    ] Total time for which application threads were stopped: 0.0000870 seconds, Stopping threads took: 0.0000144 seconds
[1454.964s][info ][safepoint    ] Application time: 3.7466128 seconds
[1454.964s][info ][safepoint    ] Entering safepoint region: GenCollectForAllocation
[1454.964s][info ][gc,start     ] GC(405) Pause Young (Allocation Failure)
[1454.964s][info ][gc,task      ] GC(405) Using 4 workers of 4 for evacuation
[1454.967s][debug][gc,ref       ] GC(405) Skipped phase1 of Reference Processing due to unavailable references
[1454.967s][debug][gc,ref       ] GC(405) Skipped phase2 of Reference Processing due to unavailable references
[1454.967s][debug][gc,ref       ] GC(405) Skipped phase3 of Reference Processing due to unavailable references
[1454.967s][debug][gc,ref       ] GC(405) Skipped phase4 of Reference Processing due to unavailable references
[1454.967s][debug][gc,age       ] GC(405) Desired survivor size 15368192 bytes, new threshold 6 (max threshold 6)
[1454.967s][info ][gc,heap      ] GC(405) ParNew: 241633K->1298K(270336K)
[1454.967s][info ][gc,heap      ] GC(405) CMS: 280956K->281120K(600768K)
[1454.967s][info ][gc,metaspace ] GC(405) Metaspace: 57603K->57603K(1101824K)
[1454.967s][info ][gc           ] GC(405) Pause Young (Allocation Failure) 510M->275M(850M) 3.367ms
[1454.967s][info ][gc,cpu       ] GC(405) User=0.01s Sys=0.00s Real=0.01s
[1454.967s][info ][safepoint    ] Leaving safepoint region
[1454.967s][info ][safepoint    ] Total time for which application threads were stopped: 0.0035179 seconds, Stopping threads took: 0.0000155 seconds
[1456.968s][info ][safepoint    ] Application time: 2.0001813 seconds
[1456.968s][info ][safepoint    ] Entering safepoint region: Cleanup
[1456.968s][info ][safepoint    ] Leaving safepoint region
[1456.968s][info ][safepoint    ] Total time for which application threads were stopped: 0.0000891 seconds, Stopping threads took: 0.0000143 seconds
[1457.968s][info ][safepoint    ] Application time: 1.0000965 seconds
[1457.968s][info ][safepoint    ] Entering safepoint region: Cleanup
[1457.968s][info ][safepoint    ] Leaving safepoint region
[1457.968s][info ][safepoint    ] Total time for which application threads were stopped: 0.0000977 seconds, Stopping threads took: 0.0000143 seconds
[1459.809s][info ][safepoint    ] Application time: 1.8408530 seconds
[1459.809s][info ][safepoint    ] Entering safepoint region: GenCollectForAllocation
[1459.809s][info ][gc,start     ] GC(406) Pause Young (Allocation Failure)
[1459.809s][info ][gc,task      ] GC(406) Using 4 workers of 4 for evacuation
[1459.816s][debug][gc,ref       ] GC(406) Skipped phase1 of Reference Processing due to unavailable references
[1459.816s][debug][gc,ref       ] GC(406) Skipped phase2 of Reference Processing due to unavailable references
[1459.816s][debug][gc,ref       ] GC(406) Skipped phase3 of Reference Processing due to unavailable references
[1459.816s][debug][gc,ref       ] GC(406) Skipped phase4 of Reference Processing due to unavailable references
[1459.816s][debug][gc,age       ] GC(406) Desired survivor size 15368192 bytes, new threshold 6 (max threshold 6)
[1459.816s][info ][gc,heap      ] GC(406) ParNew: 241618K->1079K(270336K)
[1459.816s][info ][gc,heap      ] GC(406) CMS: 281120K->281329K(600768K)
[1459.816s][info ][gc,metaspace ] GC(406) Metaspace: 57608K->57608K(1101824K)
[1459.816s][info ][gc           ] GC(406) Pause Young (Allocation Failure) 510M->275M(850M) 7.513ms
[1459.816s][info ][gc,cpu       ] GC(406) User=0.01s Sys=0.00s Real=0.01s
[1459.816s][info ][safepoint    ] Leaving safepoint region
[1459.816s][info ][safepoint    ] Total time for which application threads were stopped: 0.0076632 seconds, Stopping threads took: 0.0000147 seconds
[1460.817s][info ][safepoint    ] Application time: 1.0001055 seconds
[1460.817s][info ][safepoint    ] Entering safepoint region: Cleanup
[1460.817s][info ][safepoint    ] Leaving safepoint region
[1460.817s][info ][safepoint    ] Total time for which application threads were stopped: 0.0000908 seconds, Stopping threads took: 0.0000274 seconds
[1462.817s][info ][safepoint    ] Application time: 2.0001751 seconds
[1462.817s][info ][safepoint    ] Entering safepoint region: Cleanup
[1462.817s][info ][safepoint    ] Leaving safepoint region
[1462.817s][info ][safepoint    ] Total time for which application threads were stopped: 0.0000733 seconds, Stopping threads took: 0.0000148 seconds
[1463.817s][info ][safepoint    ] Application time: 1.0001061 seconds
[1463.817s][info ][safepoint    ] Entering safepoint region: Cleanup
[1463.817s][info ][safepoint    ] Leaving safepoint region
[1463.817s][info ][safepoint    ] Total time for which application threads were stopped: 0.0000763 seconds, Stopping threads took: 0.0000153 seconds
[1464.258s][info ][safepoint    ] Application time: 0.4412592 seconds
[1464.259s][info ][safepoint    ] Entering safepoint region: GenCollectForAllocation
[1464.259s][info ][gc,start     ] GC(407) Pause Young (Allocation Failure)
[1464.259s][info ][gc,task      ] GC(407) Using 4 workers of 4 for evacuation
[1464.262s][debug][gc,ref       ] GC(407) Skipped phase1 of Reference Processing due to unavailable references
[1464.262s][debug][gc,ref       ] GC(407) Skipped phase2 of Reference Processing due to unavailable references
[1464.262s][debug][gc,ref       ] GC(407) Skipped phase3 of Reference Processing due to unavailable references
[1464.262s][debug][gc,ref       ] GC(407) Skipped phase4 of Reference Processing due to unavailable references
[1464.262s][debug][gc,age       ] GC(407) Desired survivor size 15368192 bytes, new threshold 6 (max threshold 6)
[1464.262s][info ][gc,heap      ] GC(407) ParNew: 241399K->2547K(270336K)
[1464.262s][info ][gc,heap      ] GC(407) CMS: 281329K->281471K(600768K)
[1464.262s][info ][gc,metaspace ] GC(407) Metaspace: 57608K->57608K(1101824K)
[1464.262s][info ][gc           ] GC(407) Pause Young (Allocation Failure) 510M->277M(850M) 3.527ms
[1464.262s][info ][gc,cpu       ] GC(407) User=0.02s Sys=0.00s Real=0.00s
[1464.262s][info ][safepoint    ] Leaving safepoint region
[1464.262s][info ][safepoint    ] Total time for which application threads were stopped: 0.0037742 seconds, Stopping threads took: 0.0000897 seconds
[1465.262s][info ][safepoint    ] Application time: 1.0001792 seconds
[1465.262s][info ][safepoint    ] Entering safepoint region: Cleanup
[1465.263s][info ][safepoint    ] Leaving safepoint region
[1465.263s][info ][safepoint    ] Total time for which application threads were stopped: 0.0001106 seconds, Stopping threads took: 0.0000379 seconds
[1466.263s][info ][safepoint    ] Application time: 1.0001405 seconds
[1466.263s][info ][safepoint    ] Entering safepoint region: Cleanup
[1466.263s][info ][safepoint    ] Leaving safepoint region
[1466.263s][info ][safepoint    ] Total time for which application threads were stopped: 0.0001442 seconds, Stopping threads took: 0.0000745 seconds
[1468.263s][info ][safepoint    ] Application time: 2.0002475 seconds
[1468.263s][info ][safepoint    ] Entering safepoint region: Cleanup
[1468.263s][info ][safepoint    ] Leaving safepoint region
[1468.263s][info ][safepoint    ] Total time for which application threads were stopped: 0.0001355 seconds, Stopping threads took: 0.0000572 seconds
[1468.865s][info ][safepoint    ] Application time: 0.6012583 seconds
[1468.865s][info ][safepoint    ] Entering safepoint region: GenCollectForAllocation
[1468.865s][info ][gc,start     ] GC(408) Pause Young (Allocation Failure)
[1468.865s][info ][gc,task      ] GC(408) Using 4 workers of 4 for evacuation
[1468.868s][debug][gc,ref       ] GC(408) Skipped phase1 of Reference Processing due to unavailable references
[1468.868s][debug][gc,ref       ] GC(408) Skipped phase2 of Reference Processing due to unavailable references
[1468.868s][debug][gc,ref       ] GC(408) Skipped phase3 of Reference Processing due to unavailable references
[1468.868s][debug][gc,ref       ] GC(408) Skipped phase4 of Reference Processing due to unavailable references
[1468.868s][debug][gc,age       ] GC(408) Desired survivor size 15368192 bytes, new threshold 6 (max threshold 6)
[1468.868s][info ][gc,heap      ] GC(408) ParNew: 242867K->2925K(270336K)
[1468.868s][info ][gc,heap      ] GC(408) CMS: 281471K->281532K(600768K)
[1468.868s][info ][gc,metaspace ] GC(408) Metaspace: 57608K->57608K(1101824K)
[1468.868s][info ][gc           ] GC(408) Pause Young (Allocation Failure) 512M->277M(850M) 3.113ms
[1468.868s][info ][gc,cpu       ] GC(408) User=0.01s Sys=0.00s Real=0.00s
[1468.868s][info ][safepoint    ] Leaving safepoint region
[1468.868s][info ][safepoint    ] Total time for which application threads were stopped: 0.0032677 seconds, Stopping threads took: 0.0000173 seconds
[1473.562s][info ][safepoint    ] Application time: 4.6945471 seconds
[1473.562s][info ][safepoint    ] Entering safepoint region: GenCollectForAllocation
[1473.563s][info ][gc,start     ] GC(409) Pause Young (Allocation Failure)
[1473.563s][info ][gc,task      ] GC(409) Using 4 workers of 4 for evacuation
[1473.565s][debug][gc,ref       ] GC(409) Skipped phase1 of Reference Processing due to unavailable references
[1473.565s][debug][gc,ref       ] GC(409) Skipped phase2 of Reference Processing due to unavailable references
[1473.565s][debug][gc,ref       ] GC(409) Skipped phase3 of Reference Processing due to unavailable references
[1473.565s][debug][gc,ref       ] GC(409) Skipped phase4 of Reference Processing due to unavailable references
[1473.566s][debug][gc,age       ] GC(409) Desired survivor size 15368192 bytes, new threshold 6 (max threshold 6)
[1473.566s][info ][gc,heap      ] GC(409) ParNew: 243245K->3301K(270336K)
[1473.566s][info ][gc,heap      ] GC(409) CMS: 281532K->281576K(600768K)
[1473.566s][info ][gc,metaspace ] GC(409) Metaspace: 57608K->57608K(1101824K)
[1473.566s][info ][gc           ] GC(409) Pause Young (Allocation Failure) 512M->278M(850M) 3.021ms
[1473.566s][info ][gc,cpu       ] GC(409) User=0.01s Sys=0.00s Real=0.01s
[1473.566s][info ][safepoint    ] Leaving safepoint region
[1473.566s][info ][safepoint    ] Total time for which application threads were stopped: 0.0031613 seconds, Stopping threads took: 0.0000149 seconds
[1478.514s][info ][safepoint    ] Application time: 4.9481396 seconds
[1478.514s][info ][safepoint    ] Entering safepoint region: GenCollectForAllocation
[1478.514s][info ][gc,start     ] GC(410) Pause Young (Allocation Failure)
[1478.514s][info ][gc,task      ] GC(410) Using 4 workers of 4 for evacuation
[1478.517s][debug][gc,ref       ] GC(410) Skipped phase1 of Reference Processing due to unavailable references
[1478.517s][debug][gc,ref       ] GC(410) Skipped phase2 of Reference Processing due to unavailable references
[1478.517s][debug][gc,ref       ] GC(410) Skipped phase3 of Reference Processing due to unavailable references
[1478.517s][debug][gc,ref       ] GC(410) Skipped phase4 of Reference Processing due to unavailable references
[1478.517s][debug][gc,age       ] GC(410) Desired survivor size 15368192 bytes, new threshold 6 (max threshold 6)
[1478.517s][info ][gc,heap      ] GC(410) ParNew: 243621K->2773K(270336K)
[1478.517s][info ][gc,heap      ] GC(410) CMS: 281576K->281653K(600768K)
[1478.517s][info ][gc,metaspace ] GC(410) Metaspace: 57609K->57609K(1101824K)
[1478.517s][info ][gc           ] GC(410) Pause Young (Allocation Failure) 512M->277M(850M) 3.158ms
[1478.517s][info ][gc,cpu       ] GC(410) User=0.01s Sys=0.00s Real=0.00s
[1478.517s][info ][safepoint    ] Leaving safepoint region
[1478.517s][info ][safepoint    ] Total time for which application threads were stopped: 0.0033187 seconds, Stopping threads took: 0.0000286 seconds
[1483.463s][info ][safepoint    ] Application time: 4.9456804 seconds
[1483.463s][info ][safepoint    ] Entering safepoint region: GenCollectForAllocation
[1483.463s][info ][gc,start     ] GC(411) Pause Young (Allocation Failure)
[1483.463s][info ][gc,task      ] GC(411) Using 4 workers of 4 for evacuation
[1483.466s][debug][gc,ref       ] GC(411) Skipped phase1 of Reference Processing due to unavailable references
[1483.466s][debug][gc,ref       ] GC(411) Skipped phase2 of Reference Processing due to unavailable references
[1483.466s][debug][gc,ref       ] GC(411) Skipped phase3 of Reference Processing due to unavailable references
[1483.466s][debug][gc,ref       ] GC(411) Skipped phase4 of Reference Processing due to unavailable references
[1483.466s][debug][gc,age       ] GC(411) Desired survivor size 15368192 bytes, new threshold 6 (max threshold 6)
[1483.466s][info ][gc,heap      ] GC(411) ParNew: 243093K->2899K(270336K)
[1483.466s][info ][gc,heap      ] GC(411) CMS: 281653K->281792K(600768K)
[1483.466s][info ][gc,metaspace ] GC(411) Metaspace: 57609K->57609K(1101824K)
[1483.466s][info ][gc           ] GC(411) Pause Young (Allocation Failure) 512M->278M(850M) 3.318ms
[1483.466s][info ][gc,cpu       ] GC(411) User=0.01s Sys=0.00s Real=0.01s
[1483.466s][info ][safepoint    ] Leaving safepoint region
[1483.466s][info ][safepoint    ] Total time for which application threads were stopped: 0.0034833 seconds, Stopping threads took: 0.0000275 seconds
[1488.165s][info ][safepoint    ] Application time: 4.6985398 seconds
[1488.165s][info ][safepoint    ] Entering safepoint region: GenCollectForAllocation
[1488.165s][info ][gc,start     ] GC(412) Pause Young (Allocation Failure)
[1488.165s][info ][gc,task      ] GC(412) Using 4 workers of 4 for evacuation
[1488.168s][debug][gc,ref       ] GC(412) Skipped phase1 of Reference Processing due to unavailable references
[1488.168s][debug][gc,ref       ] GC(412) Skipped phase2 of Reference Processing due to unavailable references
[1488.168s][debug][gc,ref       ] GC(412) Skipped phase3 of Reference Processing due to unavailable references
[1488.168s][debug][gc,ref       ] GC(412) Skipped phase4 of Reference Processing due to unavailable references
[1488.168s][debug][gc,age       ] GC(412) Desired survivor size 15368192 bytes, new threshold 6 (max threshold 6)
[1488.168s][info ][gc,heap      ] GC(412) ParNew: 243219K->3071K(270336K)
[1488.168s][info ][gc,heap      ] GC(412) CMS: 281792K->281876K(600768K)
[1488.168s][info ][gc,metaspace ] GC(412) Metaspace: 57610K->57610K(1101824K)
[1488.168s][info ][gc           ] GC(412) Pause Young (Allocation Failure) 512M->278M(850M) 3.349ms
[1488.168s][info ][gc,cpu       ] GC(412) User=0.01s Sys=0.00s Real=0.00s
[1488.168s][info ][safepoint    ] Leaving safepoint region
[1488.168s][info ][safepoint    ] Total time for which application threads were stopped: 0.0035018 seconds, Stopping threads took: 0.0000162 seconds
[1489.169s][info ][safepoint    ] Application time: 1.0001213 seconds
[1489.169s][info ][safepoint    ] Entering safepoint region: Cleanup
[1489.169s][info ][safepoint    ] Leaving safepoint region
[1489.169s][info ][safepoint    ] Total time for which application threads were stopped: 0.0000782 seconds, Stopping threads took: 0.0000155 seconds
[1490.169s][info ][safepoint    ] Application time: 1.0000942 seconds
[1490.169s][info ][safepoint    ] Entering safepoint region: Cleanup
[1490.169s][info ][safepoint    ] Leaving safepoint region
[1490.169s][info ][safepoint    ] Total time for which application threads were stopped: 0.0000757 seconds, Stopping threads took: 0.0000152 seconds
[1493.014s][info ][safepoint    ] Application time: 2.8447462 seconds
[1493.014s][info ][safepoint    ] Entering safepoint region: GenCollectForAllocation
[1493.014s][info ][gc,start     ] GC(413) Pause Young (Allocation Failure)
[1493.014s][info ][gc,task      ] GC(413) Using 4 workers of 4 for evacuation
[1493.018s][debug][gc,ref       ] GC(413) Skipped phase1 of Reference Processing due to unavailable references
[1493.018s][debug][gc,ref       ] GC(413) Skipped phase2 of Reference Processing due to unavailable references
[1493.018s][debug][gc,ref       ] GC(413) Skipped phase3 of Reference Processing due to unavailable references
[1493.018s][debug][gc,ref       ] GC(413) Skipped phase4 of Reference Processing due to unavailable references
[1493.018s][debug][gc,age       ] GC(413) Desired survivor size 15368192 bytes, new threshold 6 (max threshold 6)
[1493.018s][info ][gc,heap      ] GC(413) ParNew: 243391K->2135K(270336K)
[1493.018s][info ][gc,heap      ] GC(413) CMS: 281876K->283210K(600768K)
[1493.018s][info ][gc,metaspace ] GC(413) Metaspace: 57611K->57611K(1101824K)
[1493.018s][info ][gc           ] GC(413) Pause Young (Allocation Failure) 512M->278M(850M) 4.692ms
[1493.018s][info ][gc,cpu       ] GC(413) User=0.02s Sys=0.00s Real=0.00s
[1493.018s][info ][safepoint    ] Leaving safepoint region
[1493.018s][info ][safepoint    ] Total time for which application threads were stopped: 0.0048498 seconds, Stopping threads took: 0.0000167 seconds
[1497.709s][info ][safepoint    ] Application time: 4.6903184 seconds
[1497.709s][info ][safepoint    ] Entering safepoint region: GenCollectForAllocation
[1497.709s][info ][gc,start     ] GC(414) Pause Young (Allocation Failure)
[1497.709s][info ][gc,task      ] GC(414) Using 4 workers of 4 for evacuation
[1497.712s][debug][gc,ref       ] GC(414) Skipped phase1 of Reference Processing due to unavailable references
[1497.712s][debug][gc,ref       ] GC(414) Skipped phase2 of Reference Processing due to unavailable references
[1497.712s][debug][gc,ref       ] GC(414) Skipped phase3 of Reference Processing due to unavailable references
[1497.712s][debug][gc,ref       ] GC(414) Skipped phase4 of Reference Processing due to unavailable references
[1497.712s][debug][gc,age       ] GC(414) Desired survivor size 15368192 bytes, new threshold 6 (max threshold 6)
[1497.712s][info ][gc,heap      ] GC(414) ParNew: 242455K->1285K(270336K)
[1497.712s][info ][gc,heap      ] GC(414) CMS: 283210K->283515K(600768K)
[1497.712s][info ][gc,metaspace ] GC(414) Metaspace: 57611K->57611K(1101824K)
[1497.712s][info ][gc           ] GC(414) Pause Young (Allocation Failure) 513M->278M(850M) 2.898ms
[1497.712s][info ][gc,cpu       ] GC(414) User=0.01s Sys=0.00s Real=0.00s
[1497.712s][info ][safepoint    ] Leaving safepoint region
[1497.712s][info ][safepoint    ] Total time for which application threads were stopped: 0.0031308 seconds, Stopping threads took: 0.0000992 seconds
[1498.712s][info ][safepoint    ] Application time: 1.0000798 seconds
[1498.712s][info ][safepoint    ] Entering safepoint region: Cleanup
[1498.712s][info ][safepoint    ] Leaving safepoint region
[1498.712s][info ][safepoint    ] Total time for which application threads were stopped: 0.0001563 seconds, Stopping threads took: 0.0000716 seconds
[1502.464s][info ][safepoint    ] Application time: 3.7517359 seconds
[1502.464s][info ][safepoint    ] Entering safepoint region: GenCollectForAllocation
[1502.464s][info ][gc,start     ] GC(415) Pause Young (Allocation Failure)
[1502.464s][info ][gc,task      ] GC(415) Using 4 workers of 4 for evacuation
[1502.466s][debug][gc,ref       ] GC(415) Skipped phase1 of Reference Processing due to unavailable references
[1502.466s][debug][gc,ref       ] GC(415) Skipped phase2 of Reference Processing due to unavailable references
[1502.466s][debug][gc,ref       ] GC(415) Skipped phase3 of Reference Processing due to unavailable references
[1502.466s][debug][gc,ref       ] GC(415) Skipped phase4 of Reference Processing due to unavailable references
[1502.466s][debug][gc,age       ] GC(415) Desired survivor size 15368192 bytes, new threshold 6 (max threshold 6)
[1502.466s][info ][gc,heap      ] GC(415) ParNew: 241605K->999K(270336K)
[1502.466s][info ][gc,heap      ] GC(415) CMS: 283515K->283653K(600768K)
[1502.466s][info ][gc,metaspace ] GC(415) Metaspace: 57611K->57611K(1101824K)
[1502.466s][info ][gc           ] GC(415) Pause Young (Allocation Failure) 512M->277M(850M) 2.295ms
[1502.466s][info ][gc,cpu       ] GC(415) User=0.01s Sys=0.00s Real=0.00s
[1502.466s][info ][safepoint    ] Leaving safepoint region
[1502.466s][info ][safepoint    ] Total time for which application threads were stopped: 0.0024572 seconds, Stopping threads took: 0.0000159 seconds
[1507.009s][info ][safepoint    ] Application time: 4.5425120 seconds
[1507.009s][info ][safepoint    ] Entering safepoint region: GenCollectForAllocation
[1507.009s][info ][gc,start     ] GC(416) Pause Young (Allocation Failure)
[1507.009s][info ][gc,task      ] GC(416) Using 4 workers of 4 for evacuation
[1507.012s][debug][gc,ref       ] GC(416) Skipped phase1 of Reference Processing due to unavailable references
[1507.012s][debug][gc,ref       ] GC(416) Skipped phase2 of Reference Processing due to unavailable references
[1507.012s][debug][gc,ref       ] GC(416) Skipped phase3 of Reference Processing due to unavailable references
[1507.012s][debug][gc,ref       ] GC(416) Skipped phase4 of Reference Processing due to unavailable references
[1507.012s][debug][gc,age       ] GC(416) Desired survivor size 15368192 bytes, new threshold 6 (max threshold 6)
[1507.012s][info ][gc,heap      ] GC(416) ParNew: 241319K->1046K(270336K)
[1507.012s][info ][gc,heap      ] GC(416) CMS: 283653K->283673K(600768K)
[1507.012s][info ][gc,metaspace ] GC(416) Metaspace: 57611K->57611K(1101824K)
[1507.012s][info ][gc           ] GC(416) Pause Young (Allocation Failure) 512M->278M(850M) 2.498ms
[1507.012s][info ][gc,cpu       ] GC(416) User=0.01s Sys=0.00s Real=0.00s
[1507.012s][info ][safepoint    ] Leaving safepoint region
[1507.012s][info ][safepoint    ] Total time for which application threads were stopped: 0.0027163 seconds, Stopping threads took: 0.0000683 seconds
[1508.012s][info ][safepoint    ] Application time: 1.0001603 seconds
[1508.012s][info ][safepoint    ] Entering safepoint region: Cleanup
[1508.012s][info ][safepoint    ] Leaving safepoint region
[1508.012s][info ][safepoint    ] Total time for which application threads were stopped: 0.0001328 seconds, Stopping threads took: 0.0000539 seconds
[1511.012s][info ][safepoint    ] Application time: 3.0003231 seconds
[1511.012s][info ][safepoint    ] Entering safepoint region: Cleanup
[1511.013s][info ][safepoint    ] Leaving safepoint region
[1511.013s][info ][safepoint    ] Total time for which application threads were stopped: 0.0001352 seconds, Stopping threads took: 0.0000608 seconds
[1511.208s][info ][safepoint    ] Application time: 0.1957131 seconds
[1511.208s][info ][safepoint    ] Entering safepoint region: GenCollectForAllocation
[1511.208s][info ][gc,start     ] GC(417) Pause Young (Allocation Failure)
[1511.208s][info ][gc,task      ] GC(417) Using 4 workers of 4 for evacuation
[1511.211s][debug][gc,ref       ] GC(417) Skipped phase1 of Reference Processing due to unavailable references
[1511.211s][debug][gc,ref       ] GC(417) Skipped phase2 of Reference Processing due to unavailable references
[1511.211s][debug][gc,ref       ] GC(417) Skipped phase3 of Reference Processing due to unavailable references
[1511.211s][debug][gc,ref       ] GC(417) Skipped phase4 of Reference Processing due to unavailable references
[1511.211s][debug][gc,age       ] GC(417) Desired survivor size 15368192 bytes, new threshold 6 (max threshold 6)
[1511.211s][info ][gc,heap      ] GC(417) ParNew: 241366K->1165K(270336K)
[1511.211s][info ][gc,heap      ] GC(417) CMS: 283673K->283759K(600768K)
[1511.211s][info ][gc,metaspace ] GC(417) Metaspace: 57611K->57611K(1101824K)
[1511.211s][info ][gc           ] GC(417) Pause Young (Allocation Failure) 512M->278M(850M) 2.991ms
[1511.211s][info ][gc,cpu       ] GC(417) User=0.01s Sys=0.00s Real=0.00s
[1511.211s][info ][safepoint    ] Leaving safepoint region
[1511.211s][info ][safepoint    ] Total time for which application threads were stopped: 0.0031617 seconds, Stopping threads took: 0.0000492 seconds
[1512.212s][info ][safepoint    ] Application time: 1.0001177 seconds
[1512.212s][info ][safepoint    ] Entering safepoint region: Cleanup
[1512.212s][info ][safepoint    ] Leaving safepoint region
[1512.212s][info ][safepoint    ] Total time for which application threads were stopped: 0.0001674 seconds, Stopping threads took: 0.0000807 seconds
[1513.712s][info ][safepoint    ] Application time: 1.5003968 seconds
[1513.712s][info ][safepoint    ] Entering safepoint region: GenCollectForAllocation
[1513.712s][info ][gc,start     ] GC(418) Pause Young (Allocation Failure)
[1513.712s][info ][gc,task      ] GC(418) Using 4 workers of 4 for evacuation
[1513.715s][debug][gc,ref       ] GC(418) Skipped phase1 of Reference Processing due to unavailable references
[1513.715s][debug][gc,ref       ] GC(418) Skipped phase2 of Reference Processing due to unavailable references
[1513.715s][debug][gc,ref       ] GC(418) Skipped phase3 of Reference Processing due to unavailable references
[1513.715s][debug][gc,ref       ] GC(418) Skipped phase4 of Reference Processing due to unavailable references
[1513.715s][debug][gc,age       ] GC(418) Desired survivor size 15368192 bytes, new threshold 6 (max threshold 6)
[1513.715s][info ][gc,heap      ] GC(418) ParNew: 241485K->1407K(270336K)
[1513.715s][info ][gc,heap      ] GC(418) CMS: 283759K->283837K(600768K)
[1513.715s][info ][gc,metaspace ] GC(418) Metaspace: 57612K->57612K(1101824K)
[1513.715s][info ][gc           ] GC(418) Pause Young (Allocation Failure) 512M->278M(850M) 3.002ms
[1513.715s][info ][gc,cpu       ] GC(418) User=0.01s Sys=0.00s Real=0.00s
[1513.715s][info ][safepoint    ] Leaving safepoint region
[1513.715s][info ][safepoint    ] Total time for which application threads were stopped: 0.0031433 seconds, Stopping threads took: 0.0000152 seconds
[1517.716s][info ][safepoint    ] Application time: 4.0003141 seconds
[1517.716s][info ][safepoint    ] Entering safepoint region: Cleanup
[1517.716s][info ][safepoint    ] Leaving safepoint region
[1517.716s][info ][safepoint    ] Total time for which application threads were stopped: 0.0001421 seconds, Stopping threads took: 0.0000626 seconds
[1517.716s][info ][safepoint    ] Application time: 0.0003104 seconds
[1517.716s][info ][safepoint    ] Entering safepoint region: GenCollectForAllocation
[1517.716s][info ][gc,start     ] GC(419) Pause Young (Allocation Failure)
[1517.716s][info ][gc,task      ] GC(419) Using 4 workers of 4 for evacuation
[1517.724s][debug][gc,ref       ] GC(419) Skipped phase1 of Reference Processing due to unavailable references
[1517.724s][debug][gc,ref       ] GC(419) Skipped phase2 of Reference Processing due to unavailable references
[1517.724s][debug][gc,ref       ] GC(419) Skipped phase3 of Reference Processing due to unavailable references
[1517.724s][debug][gc,ref       ] GC(419) Skipped phase4 of Reference Processing due to unavailable references
[1517.724s][debug][gc,age       ] GC(419) Desired survivor size 15368192 bytes, new threshold 6 (max threshold 6)
[1517.724s][info ][gc,heap      ] GC(419) ParNew: 241727K->1851K(270336K)
[1517.724s][info ][gc,heap      ] GC(419) CMS: 283837K->283853K(600768K)
[1517.724s][info ][gc,metaspace ] GC(419) Metaspace: 57612K->57612K(1101824K)
[1517.724s][info ][gc           ] GC(419) Pause Young (Allocation Failure) 513M->279M(850M) 8.134ms
[1517.724s][info ][gc,cpu       ] GC(419) User=0.02s Sys=0.00s Real=0.01s
[1517.724s][info ][safepoint    ] Leaving safepoint region
[1517.724s][info ][safepoint    ] Total time for which application threads were stopped: 0.0082278 seconds, Stopping threads took: 0.0000057 seconds
[1518.725s][info ][safepoint    ] Application time: 1.0001116 seconds
[1518.725s][info ][safepoint    ] Entering safepoint region: Cleanup
[1518.725s][info ][safepoint    ] Leaving safepoint region
[1518.725s][info ][safepoint    ] Total time for which application threads were stopped: 0.0001490 seconds, Stopping threads took: 0.0000148 seconds
[1521.860s][info ][safepoint    ] Application time: 3.1352579 seconds
[1521.860s][info ][safepoint    ] Entering safepoint region: GenCollectForAllocation
[1521.860s][info ][gc,start     ] GC(420) Pause Young (Allocation Failure)
[1521.860s][info ][gc,task      ] GC(420) Using 4 workers of 4 for evacuation
[1521.863s][debug][gc,ref       ] GC(420) Skipped phase1 of Reference Processing due to unavailable references
[1521.863s][debug][gc,ref       ] GC(420) Skipped phase2 of Reference Processing due to unavailable references
[1521.863s][debug][gc,ref       ] GC(420) Skipped phase3 of Reference Processing due to unavailable references
[1521.863s][debug][gc,ref       ] GC(420) Skipped phase4 of Reference Processing due to unavailable references
[1521.863s][debug][gc,age       ] GC(420) Desired survivor size 15368192 bytes, new threshold 6 (max threshold 6)
[1521.863s][info ][gc,heap      ] GC(420) ParNew: 242171K->1471K(270336K)
[1521.863s][info ][gc,heap      ] GC(420) CMS: 283853K->284041K(600768K)
[1521.863s][info ][gc,metaspace ] GC(420) Metaspace: 57612K->57612K(1101824K)
[1521.863s][info ][gc           ] GC(420) Pause Young (Allocation Failure) 513M->278M(850M) 3.241ms
[1521.863s][info ][gc,cpu       ] GC(420) User=0.01s Sys=0.00s Real=0.00s
[1521.863s][info ][safepoint    ] Leaving safepoint region
[1521.863s][info ][safepoint    ] Total time for which application threads were stopped: 0.0034647 seconds, Stopping threads took: 0.0000830 seconds
[1525.864s][info ][safepoint    ] Application time: 4.0003456 seconds
[1525.864s][info ][safepoint    ] Entering safepoint region: Cleanup
[1525.864s][info ][safepoint    ] Leaving safepoint region
[1525.864s][info ][safepoint    ] Total time for which application threads were stopped: 0.0001628 seconds, Stopping threads took: 0.0000663 seconds
[1526.014s][info ][safepoint    ] Application time: 0.1500456 seconds
[1526.014s][info ][safepoint    ] Entering safepoint region: GenCollectForAllocation
[1526.014s][info ][gc,start     ] GC(421) Pause Young (Allocation Failure)
[1526.014s][info ][gc,task      ] GC(421) Using 4 workers of 4 for evacuation
[1526.017s][debug][gc,ref       ] GC(421) Skipped phase1 of Reference Processing due to unavailable references
[1526.017s][debug][gc,ref       ] GC(421) Skipped phase2 of Reference Processing due to unavailable references
[1526.017s][debug][gc,ref       ] GC(421) Skipped phase3 of Reference Processing due to unavailable references
[1526.017s][debug][gc,ref       ] GC(421) Skipped phase4 of Reference Processing due to unavailable references
[1526.017s][debug][gc,age       ] GC(421) Desired survivor size 15368192 bytes, new threshold 6 (max threshold 6)
[1526.017s][info ][gc,heap      ] GC(421) ParNew: 241791K->1397K(270336K)
[1526.017s][info ][gc,heap      ] GC(421) CMS: 284041K->284051K(600768K)
[1526.017s][info ][gc,metaspace ] GC(421) Metaspace: 57614K->57614K(1101824K)
[1526.017s][info ][gc           ] GC(421) Pause Young (Allocation Failure) 513M->278M(850M) 3.152ms
[1526.017s][info ][gc,cpu       ] GC(421) User=0.01s Sys=0.00s Real=0.00s
[1526.017s][info ][safepoint    ] Leaving safepoint region
[1526.017s][info ][safepoint    ] Total time for which application threads were stopped: 0.0032991 seconds, Stopping threads took: 0.0000157 seconds
[1528.018s][info ][safepoint    ] Application time: 2.0001780 seconds
[1528.018s][info ][safepoint    ] Entering safepoint region: Cleanup
[1528.018s][info ][safepoint    ] Leaving safepoint region
[1528.018s][info ][safepoint    ] Total time for which application threads were stopped: 0.0000749 seconds, Stopping threads took: 0.0000138 seconds
[1529.909s][info ][safepoint    ] Application time: 1.8914226 seconds
[1529.909s][info ][safepoint    ] Entering safepoint region: GenCollectForAllocation
[1529.909s][info ][gc,start     ] GC(422) Pause Young (Allocation Failure)
[1529.909s][info ][gc,task      ] GC(422) Using 4 workers of 4 for evacuation
[1529.912s][debug][gc,ref       ] GC(422) Skipped phase1 of Reference Processing due to unavailable references
[1529.912s][debug][gc,ref       ] GC(422) Skipped phase2 of Reference Processing due to unavailable references
[1529.912s][debug][gc,ref       ] GC(422) Skipped phase3 of Reference Processing due to unavailable references
[1529.912s][debug][gc,ref       ] GC(422) Skipped phase4 of Reference Processing due to unavailable references
[1529.913s][debug][gc,age       ] GC(422) Desired survivor size 15368192 bytes, new threshold 6 (max threshold 6)
[1529.913s][info ][gc,heap      ] GC(422) ParNew: 241717K->1694K(270336K)
[1529.913s][info ][gc,heap      ] GC(422) CMS: 284051K->284249K(600768K)
[1529.913s][info ][gc,metaspace ] GC(422) Metaspace: 57615K->57615K(1101824K)
[1529.913s][info ][gc           ] GC(422) Pause Young (Allocation Failure) 513M->279M(850M) 3.324ms
[1529.913s][info ][gc,cpu       ] GC(422) User=0.01s Sys=0.00s Real=0.01s
[1529.913s][info ][safepoint    ] Leaving safepoint region
[1529.913s][info ][safepoint    ] Total time for which application threads were stopped: 0.0034650 seconds, Stopping threads took: 0.0000154 seconds
[1530.913s][info ][safepoint    ] Application time: 1.0001683 seconds
[1530.913s][info ][safepoint    ] Entering safepoint region: Cleanup
[1530.913s][info ][safepoint    ] Leaving safepoint region
[1530.913s][info ][safepoint    ] Total time for which application threads were stopped: 0.0001196 seconds, Stopping threads took: 0.0000530 seconds
[1533.913s][info ][safepoint    ] Application time: 3.0002749 seconds
[1533.913s][info ][safepoint    ] Entering safepoint region: Cleanup
[1533.913s][info ][safepoint    ] Leaving safepoint region
[1533.913s][info ][safepoint    ] Total time for which application threads were stopped: 0.0001332 seconds, Stopping threads took: 0.0000610 seconds
[1533.965s][info ][safepoint    ] Application time: 0.0519877 seconds
[1533.965s][info ][safepoint    ] Entering safepoint region: GenCollectForAllocation
[1533.966s][info ][gc,start     ] GC(423) Pause Young (Allocation Failure)
[1533.966s][info ][gc,task      ] GC(423) Using 4 workers of 4 for evacuation
[1533.969s][debug][gc,ref       ] GC(423) Skipped phase1 of Reference Processing due to unavailable references
[1533.969s][debug][gc,ref       ] GC(423) Skipped phase2 of Reference Processing due to unavailable references
[1533.969s][debug][gc,ref       ] GC(423) Skipped phase3 of Reference Processing due to unavailable references
[1533.969s][debug][gc,ref       ] GC(423) Skipped phase4 of Reference Processing due to unavailable references
[1533.969s][debug][gc,age       ] GC(423) Desired survivor size 15368192 bytes, new threshold 6 (max threshold 6)
[1533.969s][info ][gc,heap      ] GC(423) ParNew: 242014K->1191K(270336K)
[1533.969s][info ][gc,heap      ] GC(423) CMS: 284249K->284617K(600768K)
[1533.969s][info ][gc,metaspace ] GC(423) Metaspace: 57615K->57615K(1101824K)
[1533.969s][info ][gc           ] GC(423) Pause Young (Allocation Failure) 513M->279M(850M) 3.398ms
[1533.969s][info ][gc,cpu       ] GC(423) User=0.01s Sys=0.00s Real=0.00s
[1533.969s][info ][safepoint    ] Leaving safepoint region
[1533.969s][info ][safepoint    ] Total time for which application threads were stopped: 0.0035368 seconds, Stopping threads took: 0.0000136 seconds
[1538.114s][info ][safepoint    ] Application time: 4.1451472 seconds
[1538.114s][info ][safepoint    ] Entering safepoint region: GenCollectForAllocation
[1538.114s][info ][gc,start     ] GC(424) Pause Young (Allocation Failure)
[1538.114s][info ][gc,task      ] GC(424) Using 4 workers of 4 for evacuation
[1538.117s][debug][gc,ref       ] GC(424) Skipped phase1 of Reference Processing due to unavailable references
[1538.117s][debug][gc,ref       ] GC(424) Skipped phase2 of Reference Processing due to unavailable references
[1538.117s][debug][gc,ref       ] GC(424) Skipped phase3 of Reference Processing due to unavailable references
[1538.117s][debug][gc,ref       ] GC(424) Skipped phase4 of Reference Processing due to unavailable references
[1538.117s][debug][gc,age       ] GC(424) Desired survivor size 15368192 bytes, new threshold 6 (max threshold 6)
[1538.117s][info ][gc,heap      ] GC(424) ParNew: 241511K->1149K(270336K)
[1538.117s][info ][gc,heap      ] GC(424) CMS: 284617K->284734K(600768K)
[1538.117s][info ][gc,metaspace ] GC(424) Metaspace: 57615K->57615K(1101824K)
[1538.117s][info ][gc           ] GC(424) Pause Young (Allocation Failure) 513M->279M(850M) 2.744ms
[1538.117s][info ][gc,cpu       ] GC(424) User=0.01s Sys=0.00s Real=0.00s
[1538.117s][info ][safepoint    ] Leaving safepoint region
[1538.117s][info ][safepoint    ] Total time for which application threads were stopped: 0.0028913 seconds, Stopping threads took: 0.0000277 seconds
[1541.117s][info ][safepoint    ] Application time: 3.0002581 seconds
[1541.117s][info ][safepoint    ] Entering safepoint region: Cleanup
[1541.117s][info ][safepoint    ] Leaving safepoint region
[1541.117s][info ][safepoint    ] Total time for which application threads were stopped: 0.0000945 seconds, Stopping threads took: 0.0000149 seconds
[1542.164s][info ][safepoint    ] Application time: 1.0461975 seconds
[1542.164s][info ][safepoint    ] Entering safepoint region: GenCollectForAllocation
[1542.164s][info ][gc,start     ] GC(425) Pause Young (Allocation Failure)
[1542.164s][info ][gc,task      ] GC(425) Using 4 workers of 4 for evacuation
[1542.167s][debug][gc,ref       ] GC(425) Skipped phase1 of Reference Processing due to unavailable references
[1542.167s][debug][gc,ref       ] GC(425) Skipped phase2 of Reference Processing due to unavailable references
[1542.167s][debug][gc,ref       ] GC(425) Skipped phase3 of Reference Processing due to unavailable references
[1542.167s][debug][gc,ref       ] GC(425) Skipped phase4 of Reference Processing due to unavailable references
[1542.167s][debug][gc,age       ] GC(425) Desired survivor size 15368192 bytes, new threshold 6 (max threshold 6)
[1542.167s][info ][gc,heap      ] GC(425) ParNew: 241469K->952K(270336K)
[1542.167s][info ][gc,heap      ] GC(425) CMS: 284734K->284961K(600768K)
[1542.167s][info ][gc,metaspace ] GC(425) Metaspace: 57616K->57616K(1101824K)
[1542.167s][info ][gc           ] GC(425) Pause Young (Allocation Failure) 513M->279M(850M) 3.013ms
[1542.167s][info ][gc,cpu       ] GC(425) User=0.01s Sys=0.00s Real=0.01s
[1542.167s][info ][safepoint    ] Leaving safepoint region
[1542.167s][info ][safepoint    ] Total time for which application threads were stopped: 0.0031687 seconds, Stopping threads took: 0.0000155 seconds
[1546.216s][info ][safepoint    ] Application time: 4.0491525 seconds
[1546.216s][info ][safepoint    ] Entering safepoint region: GenCollectForAllocation
[1546.216s][info ][gc,start     ] GC(426) Pause Young (Allocation Failure)
[1546.216s][info ][gc,task      ] GC(426) Using 4 workers of 4 for evacuation
[1546.219s][debug][gc,ref       ] GC(426) Skipped phase1 of Reference Processing due to unavailable references
[1546.219s][debug][gc,ref       ] GC(426) Skipped phase2 of Reference Processing due to unavailable references
[1546.219s][debug][gc,ref       ] GC(426) Skipped phase3 of Reference Processing due to unavailable references
[1546.219s][debug][gc,ref       ] GC(426) Skipped phase4 of Reference Processing due to unavailable references
[1546.219s][debug][gc,age       ] GC(426) Desired survivor size 15368192 bytes, new threshold 6 (max threshold 6)
[1546.219s][info ][gc,heap      ] GC(426) ParNew: 241272K->1113K(270336K)
[1546.219s][info ][gc,heap      ] GC(426) CMS: 284961K->285021K(600768K)
[1546.219s][info ][gc,metaspace ] GC(426) Metaspace: 57616K->57616K(1101824K)
[1546.219s][info ][gc           ] GC(426) Pause Young (Allocation Failure) 513M->279M(850M) 2.683ms
[1546.219s][info ][gc,cpu       ] GC(426) User=0.01s Sys=0.00s Real=0.00s
[1546.219s][info ][safepoint    ] Leaving safepoint region
[1546.219s][info ][safepoint    ] Total time for which application threads were stopped: 0.0028455 seconds, Stopping threads took: 0.0000160 seconds
[1550.359s][info ][safepoint    ] Application time: 4.1404280 seconds
[1550.359s][info ][safepoint    ] Entering safepoint region: GenCollectForAllocation
[1550.359s][info ][gc,start     ] GC(427) Pause Young (Allocation Failure)
[1550.359s][info ][gc,task      ] GC(427) Using 4 workers of 4 for evacuation
[1550.362s][debug][gc,ref       ] GC(427) Skipped phase1 of Reference Processing due to unavailable references
[1550.362s][debug][gc,ref       ] GC(427) Skipped phase2 of Reference Processing due to unavailable references
[1550.362s][debug][gc,ref       ] GC(427) Skipped phase3 of Reference Processing due to unavailable references
[1550.362s][debug][gc,ref       ] GC(427) Skipped phase4 of Reference Processing due to unavailable references
[1550.362s][debug][gc,age       ] GC(427) Desired survivor size 15368192 bytes, new threshold 6 (max threshold 6)
[1550.362s][info ][gc,heap      ] GC(427) ParNew: 241433K->1043K(270336K)
[1550.362s][info ][gc,heap      ] GC(427) CMS: 285021K->285072K(600768K)
[1550.362s][info ][gc,metaspace ] GC(427) Metaspace: 57619K->57619K(1101824K)
[1550.362s][info ][gc           ] GC(427) Pause Young (Allocation Failure) 514M->279M(850M) 2.691ms
[1550.362s][info ][gc,cpu       ] GC(427) User=0.01s Sys=0.00s Real=0.00s
[1550.362s][info ][safepoint    ] Leaving safepoint region
[1550.362s][info ][safepoint    ] Total time for which application threads were stopped: 0.0028558 seconds, Stopping threads took: 0.0000145 seconds
[1553.362s][info ][safepoint    ] Application time: 3.0001992 seconds
[1553.363s][info ][safepoint    ] Entering safepoint region: Cleanup
[1553.363s][info ][safepoint    ] Leaving safepoint region
[1553.363s][info ][safepoint    ] Total time for which application threads were stopped: 0.0001540 seconds, Stopping threads took: 0.0000763 seconds
[1554.512s][info ][safepoint    ] Application time: 1.1496105 seconds
[1554.512s][info ][safepoint    ] Entering safepoint region: GenCollectForAllocation
[1554.512s][info ][gc,start     ] GC(428) Pause Young (Allocation Failure)
[1554.512s][info ][gc,task      ] GC(428) Using 4 workers of 4 for evacuation
[1554.515s][debug][gc,ref       ] GC(428) Skipped phase1 of Reference Processing due to unavailable references
[1554.515s][debug][gc,ref       ] GC(428) Skipped phase2 of Reference Processing due to unavailable references
[1554.515s][debug][gc,ref       ] GC(428) Skipped phase3 of Reference Processing due to unavailable references
[1554.515s][debug][gc,ref       ] GC(428) Skipped phase4 of Reference Processing due to unavailable references
[1554.516s][debug][gc,age       ] GC(428) Desired survivor size 15368192 bytes, new threshold 6 (max threshold 6)
[1554.516s][info ][gc,heap      ] GC(428) ParNew: 241363K->1142K(270336K)
[1554.516s][info ][gc,heap      ] GC(428) CMS: 285072K->285169K(600768K)
[1554.516s][info ][gc,metaspace ] GC(428) Metaspace: 57619K->57619K(1101824K)
[1554.516s][info ][gc           ] GC(428) Pause Young (Allocation Failure) 514M->279M(850M) 3.201ms
[1554.516s][info ][gc,cpu       ] GC(428) User=0.01s Sys=0.00s Real=0.00s
[1554.516s][info ][safepoint    ] Leaving safepoint region
[1554.516s][info ][safepoint    ] Total time for which application threads were stopped: 0.0033666 seconds, Stopping threads took: 0.0000188 seconds
[1557.516s][info ][safepoint    ] Application time: 3.0002295 seconds
[1557.516s][info ][safepoint    ] Entering safepoint region: Cleanup
[1557.516s][info ][safepoint    ] Leaving safepoint region
[1557.516s][info ][safepoint    ] Total time for which application threads were stopped: 0.0001441 seconds, Stopping threads took: 0.0000717 seconds
[1558.609s][info ][safepoint    ] Application time: 1.0925041 seconds
[1558.609s][info ][safepoint    ] Entering safepoint region: GenCollectForAllocation
[1558.609s][info ][gc,start     ] GC(429) Pause Young (Allocation Failure)
[1558.609s][info ][gc,task      ] GC(429) Using 4 workers of 4 for evacuation
[1558.611s][debug][gc,ref       ] GC(429) Skipped phase1 of Reference Processing due to unavailable references
[1558.611s][debug][gc,ref       ] GC(429) Skipped phase2 of Reference Processing due to unavailable references
[1558.611s][debug][gc,ref       ] GC(429) Skipped phase3 of Reference Processing due to unavailable references
[1558.611s][debug][gc,ref       ] GC(429) Skipped phase4 of Reference Processing due to unavailable references
[1558.611s][debug][gc,age       ] GC(429) Desired survivor size 15368192 bytes, new threshold 6 (max threshold 6)
[1558.611s][info ][gc,heap      ] GC(429) ParNew: 241462K->1449K(270336K)
[1558.611s][info ][gc,heap      ] GC(429) CMS: 285169K->285192K(600768K)
[1558.611s][info ][gc,metaspace ] GC(429) Metaspace: 57624K->57624K(1101824K)
[1558.611s][info ][gc           ] GC(429) Pause Young (Allocation Failure) 514M->279M(850M) 2.664ms
[1558.611s][info ][gc,cpu       ] GC(429) User=0.01s Sys=0.00s Real=0.00s
[1558.611s][info ][safepoint    ] Leaving safepoint region
[1558.611s][info ][safepoint    ] Total time for which application threads were stopped: 0.0028420 seconds, Stopping threads took: 0.0000478 seconds
[1560.612s][info ][safepoint    ] Application time: 2.0001403 seconds
[1560.612s][info ][safepoint    ] Entering safepoint region: Cleanup
[1560.612s][info ][safepoint    ] Leaving safepoint region
[1560.612s][info ][safepoint    ] Total time for which application threads were stopped: 0.0001174 seconds, Stopping threads took: 0.0000470 seconds
[1562.910s][info ][safepoint    ] Application time: 2.2984884 seconds
[1562.910s][info ][safepoint    ] Entering safepoint region: GenCollectForAllocation
[1562.910s][info ][gc,start     ] GC(430) Pause Young (Allocation Failure)
[1562.910s][info ][gc,task      ] GC(430) Using 4 workers of 4 for evacuation
[1562.913s][debug][gc,ref       ] GC(430) Skipped phase1 of Reference Processing due to unavailable references
[1562.913s][debug][gc,ref       ] GC(430) Skipped phase2 of Reference Processing due to unavailable references
[1562.913s][debug][gc,ref       ] GC(430) Skipped phase3 of Reference Processing due to unavailable references
[1562.913s][debug][gc,ref       ] GC(430) Skipped phase4 of Reference Processing due to unavailable references
[1562.913s][debug][gc,age       ] GC(430) Desired survivor size 15368192 bytes, new threshold 6 (max threshold 6)
[1562.913s][info ][gc,heap      ] GC(430) ParNew: 241769K->1330K(270336K)
[1562.913s][info ][gc,heap      ] GC(430) CMS: 285192K->285201K(600768K)
[1562.913s][info ][gc,metaspace ] GC(430) Metaspace: 57624K->57624K(1101824K)
[1562.913s][info ][gc           ] GC(430) Pause Young (Allocation Failure) 514M->279M(850M) 2.718ms
[1562.913s][info ][gc,cpu       ] GC(430) User=0.01s Sys=0.00s Real=0.01s
[1562.913s][info ][safepoint    ] Leaving safepoint region
[1562.913s][info ][safepoint    ] Total time for which application threads were stopped: 0.0028885 seconds, Stopping threads took: 0.0000281 seconds
[1567.118s][info ][safepoint    ] Application time: 4.2052012 seconds
[1567.118s][info ][safepoint    ] Entering safepoint region: GenCollectForAllocation
[1567.118s][info ][gc,start     ] GC(431) Pause Young (Allocation Failure)
[1567.119s][info ][gc,task      ] GC(431) Using 4 workers of 4 for evacuation
[1567.121s][debug][gc,ref       ] GC(431) Skipped phase1 of Reference Processing due to unavailable references
[1567.121s][debug][gc,ref       ] GC(431) Skipped phase2 of Reference Processing due to unavailable references
[1567.121s][debug][gc,ref       ] GC(431) Skipped phase3 of Reference Processing due to unavailable references
[1567.121s][debug][gc,ref       ] GC(431) Skipped phase4 of Reference Processing due to unavailable references
[1567.121s][debug][gc,age       ] GC(431) Desired survivor size 15368192 bytes, new threshold 6 (max threshold 6)
[1567.121s][info ][gc,heap      ] GC(431) ParNew: 241650K->1227K(270336K)
[1567.121s][info ][gc,heap      ] GC(431) CMS: 285201K->285347K(600768K)
[1567.121s][info ][gc,metaspace ] GC(431) Metaspace: 57624K->57624K(1101824K)
[1567.121s][info ][gc           ] GC(431) Pause Young (Allocation Failure) 514M->279M(850M) 3.015ms
[1567.121s][info ][gc,cpu       ] GC(431) User=0.01s Sys=0.00s Real=0.00s
[1567.122s][info ][safepoint    ] Leaving safepoint region
[1567.122s][info ][safepoint    ] Total time for which application threads were stopped: 0.0031603 seconds, Stopping threads took: 0.0000159 seconds
[1571.123s][info ][safepoint    ] Application time: 4.0010570 seconds
[1571.123s][info ][safepoint    ] Entering safepoint region: Cleanup
[1571.123s][info ][safepoint    ] Leaving safepoint region
[1571.123s][info ][safepoint    ] Total time for which application threads were stopped: 0.0000738 seconds, Stopping threads took: 0.0000134 seconds
[1571.462s][info ][safepoint    ] Application time: 0.3389656 seconds
[1571.462s][info ][safepoint    ] Entering safepoint region: GenCollectForAllocation
[1571.462s][info ][gc,start     ] GC(432) Pause Young (Allocation Failure)
[1571.462s][info ][gc,task      ] GC(432) Using 4 workers of 4 for evacuation
[1571.464s][debug][gc,ref       ] GC(432) Skipped phase1 of Reference Processing due to unavailable references
[1571.464s][debug][gc,ref       ] GC(432) Skipped phase2 of Reference Processing due to unavailable references
[1571.464s][debug][gc,ref       ] GC(432) Skipped phase3 of Reference Processing due to unavailable references
[1571.464s][debug][gc,ref       ] GC(432) Skipped phase4 of Reference Processing due to unavailable references
[1571.465s][debug][gc,age       ] GC(432) Desired survivor size 15368192 bytes, new threshold 6 (max threshold 6)
[1571.465s][info ][gc,heap      ] GC(432) ParNew: 241547K->1219K(270336K)
[1571.465s][info ][gc,heap      ] GC(432) CMS: 285347K->285459K(600768K)
[1571.465s][info ][gc,metaspace ] GC(432) Metaspace: 57624K->57624K(1101824K)
[1571.465s][info ][gc           ] GC(432) Pause Young (Allocation Failure) 514M->279M(850M) 2.829ms
[1571.465s][info ][gc,cpu       ] GC(432) User=0.01s Sys=0.00s Real=0.01s
[1571.465s][info ][safepoint    ] Leaving safepoint region
[1571.465s][info ][safepoint    ] Total time for which application threads were stopped: 0.0029775 seconds, Stopping threads took: 0.0000159 seconds
[1575.764s][info ][safepoint    ] Application time: 4.2988885 seconds
[1575.764s][info ][safepoint    ] Entering safepoint region: GenCollectForAllocation
[1575.764s][info ][gc,start     ] GC(433) Pause Young (Allocation Failure)
[1575.764s][info ][gc,task      ] GC(433) Using 4 workers of 4 for evacuation
[1575.766s][debug][gc,ref       ] GC(433) Skipped phase1 of Reference Processing due to unavailable references
[1575.766s][debug][gc,ref       ] GC(433) Skipped phase2 of Reference Processing due to unavailable references
[1575.766s][debug][gc,ref       ] GC(433) Skipped phase3 of Reference Processing due to unavailable references
[1575.766s][debug][gc,ref       ] GC(433) Skipped phase4 of Reference Processing due to unavailable references
[1575.766s][debug][gc,age       ] GC(433) Desired survivor size 15368192 bytes, new threshold 6 (max threshold 6)
[1575.766s][info ][gc,heap      ] GC(433) ParNew: 241539K->1226K(270336K)
[1575.766s][info ][gc,heap      ] GC(433) CMS: 285459K->285559K(600768K)
[1575.766s][info ][gc,metaspace ] GC(433) Metaspace: 57624K->57624K(1101824K)
[1575.766s][info ][gc           ] GC(433) Pause Young (Allocation Failure) 514M->280M(850M) 2.718ms
[1575.766s][info ][gc,cpu       ] GC(433) User=0.01s Sys=0.00s Real=0.01s
[1575.766s][info ][safepoint    ] Leaving safepoint region
[1575.766s][info ][safepoint    ] Total time for which application threads were stopped: 0.0028823 seconds, Stopping threads took: 0.0000142 seconds
[1579.767s][info ][safepoint    ] Application time: 4.0004713 seconds
[1579.767s][info ][safepoint    ] Entering safepoint region: Cleanup
[1579.767s][info ][safepoint    ] Leaving safepoint region
[1579.767s][info ][safepoint    ] Total time for which application threads were stopped: 0.0000804 seconds, Stopping threads took: 0.0000159 seconds
[1579.908s][info ][safepoint    ] Application time: 0.1414050 seconds
[1579.909s][info ][safepoint    ] Entering safepoint region: GenCollectForAllocation
[1579.909s][info ][gc,start     ] GC(434) Pause Young (Allocation Failure)
[1579.909s][info ][gc,task      ] GC(434) Using 4 workers of 4 for evacuation
[1579.911s][debug][gc,ref       ] GC(434) Skipped phase1 of Reference Processing due to unavailable references
[1579.911s][debug][gc,ref       ] GC(434) Skipped phase2 of Reference Processing due to unavailable references
[1579.911s][debug][gc,ref       ] GC(434) Skipped phase3 of Reference Processing due to unavailable references
[1579.911s][debug][gc,ref       ] GC(434) Skipped phase4 of Reference Processing due to unavailable references
[1579.912s][debug][gc,age       ] GC(434) Desired survivor size 15368192 bytes, new threshold 6 (max threshold 6)
[1579.912s][info ][gc,heap      ] GC(434) ParNew: 241546K->1365K(270336K)
[1579.912s][info ][gc,heap      ] GC(434) CMS: 285559K->285704K(600768K)
[1579.912s][info ][gc,metaspace ] GC(434) Metaspace: 57624K->57624K(1101824K)
[1579.912s][info ][gc           ] GC(434) Pause Young (Allocation Failure) 514M->280M(850M) 2.949ms
[1579.912s][info ][gc,cpu       ] GC(434) User=0.01s Sys=0.00s Real=0.00s
[1579.912s][info ][safepoint    ] Leaving safepoint region
[1579.912s][info ][safepoint    ] Total time for which application threads were stopped: 0.0031480 seconds, Stopping threads took: 0.0000646 seconds
[1584.259s][info ][safepoint    ] Application time: 4.3472441 seconds
[1584.259s][info ][safepoint    ] Entering safepoint region: GenCollectForAllocation
[1584.259s][info ][gc,start     ] GC(435) Pause Young (Allocation Failure)
[1584.259s][info ][gc,task      ] GC(435) Using 4 workers of 4 for evacuation
[1584.262s][debug][gc,ref       ] GC(435) Skipped phase1 of Reference Processing due to unavailable references
[1584.262s][debug][gc,ref       ] GC(435) Skipped phase2 of Reference Processing due to unavailable references
[1584.262s][debug][gc,ref       ] GC(435) Skipped phase3 of Reference Processing due to unavailable references
[1584.262s][debug][gc,ref       ] GC(435) Skipped phase4 of Reference Processing due to unavailable references
[1584.262s][debug][gc,age       ] GC(435) Desired survivor size 15368192 bytes, new threshold 6 (max threshold 6)
[1584.262s][info ][gc,heap      ] GC(435) ParNew: 241685K->1331K(270336K)
[1584.262s][info ][gc,heap      ] GC(435) CMS: 285704K->285800K(600768K)
[1584.262s][info ][gc,metaspace ] GC(435) Metaspace: 57624K->57624K(1101824K)
[1584.262s][info ][gc           ] GC(435) Pause Young (Allocation Failure) 515M->280M(850M) 2.779ms
[1584.262s][info ][gc,cpu       ] GC(435) User=0.01s Sys=0.00s Real=0.00s
[1584.262s][info ][safepoint    ] Leaving safepoint region
[1584.262s][info ][safepoint    ] Total time for which application threads were stopped: 0.0029532 seconds, Stopping threads took: 0.0000341 seconds
[1588.714s][info ][safepoint    ] Application time: 4.4520414 seconds
[1588.714s][info ][safepoint    ] Entering safepoint region: GenCollectForAllocation
[1588.714s][info ][gc,start     ] GC(436) Pause Young (Allocation Failure)
[1588.714s][info ][gc,task      ] GC(436) Using 4 workers of 4 for evacuation
[1588.717s][debug][gc,ref       ] GC(436) Skipped phase1 of Reference Processing due to unavailable references
[1588.717s][debug][gc,ref       ] GC(436) Skipped phase2 of Reference Processing due to unavailable references
[1588.717s][debug][gc,ref       ] GC(436) Skipped phase3 of Reference Processing due to unavailable references
[1588.717s][debug][gc,ref       ] GC(436) Skipped phase4 of Reference Processing due to unavailable references
[1588.717s][debug][gc,age       ] GC(436) Desired survivor size 15368192 bytes, new threshold 6 (max threshold 6)
[1588.717s][info ][gc,heap      ] GC(436) ParNew: 241651K->1442K(270336K)
[1588.717s][info ][gc,heap      ] GC(436) CMS: 285800K->285924K(600768K)
[1588.717s][info ][gc,metaspace ] GC(436) Metaspace: 57625K->57625K(1101824K)
[1588.717s][info ][gc           ] GC(436) Pause Young (Allocation Failure) 515M->280M(850M) 2.968ms
[1588.717s][info ][gc,cpu       ] GC(436) User=0.01s Sys=0.00s Real=0.00s
[1588.717s][info ][safepoint    ] Leaving safepoint region
[1588.717s][info ][safepoint    ] Total time for which application threads were stopped: 0.0031368 seconds, Stopping threads took: 0.0000145 seconds
[1590.717s][info ][safepoint    ] Application time: 2.0001768 seconds
[1590.717s][info ][safepoint    ] Entering safepoint region: Cleanup
[1590.717s][info ][safepoint    ] Leaving safepoint region
[1590.717s][info ][safepoint    ] Total time for which application threads were stopped: 0.0000884 seconds, Stopping threads took: 0.0000141 seconds
[1591.718s][info ][safepoint    ] Application time: 1.0000825 seconds
[1591.718s][info ][safepoint    ] Entering safepoint region: Cleanup
[1591.718s][info ][safepoint    ] Leaving safepoint region
[1591.718s][info ][safepoint    ] Total time for which application threads were stopped: 0.0000800 seconds, Stopping threads took: 0.0000145 seconds
[1592.718s][info ][safepoint    ] Application time: 1.0000862 seconds
[1592.718s][info ][safepoint    ] Entering safepoint region: Cleanup
[1592.718s][info ][safepoint    ] Leaving safepoint region
[1592.718s][info ][safepoint    ] Total time for which application threads were stopped: 0.0000923 seconds, Stopping threads took: 0.0000146 seconds
[1593.511s][info ][safepoint    ] Application time: 0.7933529 seconds
[1593.511s][info ][safepoint    ] Entering safepoint region: GenCollectForAllocation
[1593.511s][info ][gc,start     ] GC(437) Pause Young (Allocation Failure)
[1593.511s][info ][gc,task      ] GC(437) Using 4 workers of 4 for evacuation
[1593.514s][debug][gc,ref       ] GC(437) Skipped phase1 of Reference Processing due to unavailable references
[1593.514s][debug][gc,ref       ] GC(437) Skipped phase2 of Reference Processing due to unavailable references
[1593.514s][debug][gc,ref       ] GC(437) Skipped phase3 of Reference Processing due to unavailable references
[1593.514s][debug][gc,ref       ] GC(437) Skipped phase4 of Reference Processing due to unavailable references
[1593.514s][debug][gc,age       ] GC(437) Desired survivor size 15368192 bytes, new threshold 6 (max threshold 6)
[1593.514s][info ][gc,heap      ] GC(437) ParNew: 241762K->1826K(270336K)
[1593.514s][info ][gc,heap      ] GC(437) CMS: 285924K->286029K(600768K)
[1593.514s][info ][gc,metaspace ] GC(437) Metaspace: 57625K->57625K(1101824K)
[1593.514s][info ][gc           ] GC(437) Pause Young (Allocation Failure) 515M->281M(850M) 3.002ms
[1593.514s][info ][gc,cpu       ] GC(437) User=0.01s Sys=0.00s Real=0.01s
[1593.514s][info ][safepoint    ] Leaving safepoint region
[1593.514s][info ][safepoint    ] Total time for which application threads were stopped: 0.0031654 seconds, Stopping threads took: 0.0000141 seconds
[1598.165s][info ][safepoint    ] Application time: 4.6507024 seconds
[1598.165s][info ][safepoint    ] Entering safepoint region: GenCollectForAllocation
[1598.165s][info ][gc,start     ] GC(438) Pause Young (Allocation Failure)
[1598.165s][info ][gc,task      ] GC(438) Using 4 workers of 4 for evacuation
[1598.168s][debug][gc,ref       ] GC(438) Skipped phase1 of Reference Processing due to unavailable references
[1598.168s][debug][gc,ref       ] GC(438) Skipped phase2 of Reference Processing due to unavailable references
[1598.168s][debug][gc,ref       ] GC(438) Skipped phase3 of Reference Processing due to unavailable references
[1598.168s][debug][gc,ref       ] GC(438) Skipped phase4 of Reference Processing due to unavailable references
[1598.168s][debug][gc,age       ] GC(438) Desired survivor size 15368192 bytes, new threshold 6 (max threshold 6)
[1598.168s][info ][gc,heap      ] GC(438) ParNew: 242146K->1758K(270336K)
[1598.168s][info ][gc,heap      ] GC(438) CMS: 286029K->286053K(600768K)
[1598.168s][info ][gc,metaspace ] GC(438) Metaspace: 57625K->57625K(1101824K)
[1598.168s][info ][gc           ] GC(438) Pause Young (Allocation Failure) 515M->281M(850M) 3.042ms
[1598.168s][info ][gc,cpu       ] GC(438) User=0.01s Sys=0.01s Real=0.00s
[1598.168s][info ][safepoint    ] Leaving safepoint region
[1598.168s][info ][safepoint    ] Total time for which application threads were stopped: 0.0032042 seconds, Stopping threads took: 0.0000270 seconds
[1601.169s][info ][safepoint    ] Application time: 3.0001895 seconds
[1601.169s][info ][safepoint    ] Entering safepoint region: Cleanup
[1601.169s][info ][safepoint    ] Leaving safepoint region
[1601.169s][info ][safepoint    ] Total time for which application threads were stopped: 0.0000731 seconds, Stopping threads took: 0.0000144 seconds
[1602.960s][info ][safepoint    ] Application time: 1.7910221 seconds
[1602.960s][info ][safepoint    ] Entering safepoint region: GenCollectForAllocation
[1602.960s][info ][gc,start     ] GC(439) Pause Young (Allocation Failure)
[1602.960s][info ][gc,task      ] GC(439) Using 4 workers of 4 for evacuation
[1602.963s][debug][gc,ref       ] GC(439) Skipped phase1 of Reference Processing due to unavailable references
[1602.963s][debug][gc,ref       ] GC(439) Skipped phase2 of Reference Processing due to unavailable references
[1602.963s][debug][gc,ref       ] GC(439) Skipped phase3 of Reference Processing due to unavailable references
[1602.963s][debug][gc,ref       ] GC(439) Skipped phase4 of Reference Processing due to unavailable references
[1602.963s][debug][gc,age       ] GC(439) Desired survivor size 15368192 bytes, new threshold 6 (max threshold 6)
[1602.963s][info ][gc,heap      ] GC(439) ParNew: 242078K->1960K(270336K)
[1602.963s][info ][gc,heap      ] GC(439) CMS: 286053K->286145K(600768K)
[1602.963s][info ][gc,metaspace ] GC(439) Metaspace: 57625K->57625K(1101824K)
[1602.963s][info ][gc           ] GC(439) Pause Young (Allocation Failure) 515M->281M(850M) 3.585ms
[1602.963s][info ][gc,cpu       ] GC(439) User=0.01s Sys=0.00s Real=0.00s
[1602.963s][info ][safepoint    ] Leaving safepoint region
[1602.963s][info ][safepoint    ] Total time for which application threads were stopped: 0.0037952 seconds, Stopping threads took: 0.0000769 seconds
[1607.912s][info ][safepoint    ] Application time: 4.9482839 seconds
[1607.912s][info ][safepoint    ] Entering safepoint region: GenCollectForAllocation
[1607.912s][info ][gc,start     ] GC(440) Pause Young (Allocation Failure)
[1607.912s][info ][gc,task      ] GC(440) Using 4 workers of 4 for evacuation
[1607.915s][debug][gc,ref       ] GC(440) Skipped phase1 of Reference Processing due to unavailable references
[1607.915s][debug][gc,ref       ] GC(440) Skipped phase2 of Reference Processing due to unavailable references
[1607.915s][debug][gc,ref       ] GC(440) Skipped phase3 of Reference Processing due to unavailable references
[1607.915s][debug][gc,ref       ] GC(440) Skipped phase4 of Reference Processing due to unavailable references
[1607.915s][debug][gc,age       ] GC(440) Desired survivor size 15368192 bytes, new threshold 6 (max threshold 6)
[1607.915s][info ][gc,heap      ] GC(440) ParNew: 242280K->1597K(270336K)
[1607.915s][info ][gc,heap      ] GC(440) CMS: 286145K->286465K(600768K)
[1607.915s][info ][gc,metaspace ] GC(440) Metaspace: 57625K->57625K(1101824K)
[1607.915s][info ][gc           ] GC(440) Pause Young (Allocation Failure) 516M->281M(850M) 3.141ms
[1607.915s][info ][gc,cpu       ] GC(440) User=0.01s Sys=0.00s Real=0.01s
[1607.915s][info ][safepoint    ] Leaving safepoint region
[1607.915s][info ][safepoint    ] Total time for which application threads were stopped: 0.0032994 seconds, Stopping threads took: 0.0000144 seconds
[1608.915s][info ][safepoint    ] Application time: 1.0000596 seconds
[1608.915s][info ][safepoint    ] Entering safepoint region: Cleanup
[1608.915s][info ][safepoint    ] Leaving safepoint region
[1608.915s][info ][safepoint    ] Total time for which application threads were stopped: 0.0001268 seconds, Stopping threads took: 0.0000621 seconds
[1610.916s][info ][safepoint    ] Application time: 2.0002763 seconds
[1610.916s][info ][safepoint    ] Entering safepoint region: Cleanup
[1610.916s][info ][safepoint    ] Leaving safepoint region
[1610.916s][info ][safepoint    ] Total time for which application threads were stopped: 0.0001492 seconds, Stopping threads took: 0.0000667 seconds
[1611.916s][info ][safepoint    ] Application time: 1.0001014 seconds
[1611.916s][info ][safepoint    ] Entering safepoint region: Cleanup
[1611.916s][info ][safepoint    ] Leaving safepoint region
[1611.916s][info ][safepoint    ] Total time for which application threads were stopped: 0.0001492 seconds, Stopping threads took: 0.0000745 seconds
[1612.565s][info ][safepoint    ] Application time: 0.6493556 seconds
[1612.566s][info ][safepoint    ] Entering safepoint region: GenCollectForAllocation
[1612.566s][info ][gc,start     ] GC(441) Pause Young (Allocation Failure)
[1612.566s][info ][gc,task      ] GC(441) Using 4 workers of 4 for evacuation
[1612.568s][debug][gc,ref       ] GC(441) Skipped phase1 of Reference Processing due to unavailable references
[1612.568s][debug][gc,ref       ] GC(441) Skipped phase2 of Reference Processing due to unavailable references
[1612.568s][debug][gc,ref       ] GC(441) Skipped phase3 of Reference Processing due to unavailable references
[1612.568s][debug][gc,ref       ] GC(441) Skipped phase4 of Reference Processing due to unavailable references
[1612.568s][debug][gc,age       ] GC(441) Desired survivor size 15368192 bytes, new threshold 6 (max threshold 6)
[1612.568s][info ][gc,heap      ] GC(441) ParNew: 241917K->1250K(270336K)
[1612.568s][info ][gc,heap      ] GC(441) CMS: 286465K->286659K(600768K)
[1612.568s][info ][gc,metaspace ] GC(441) Metaspace: 57627K->57627K(1101824K)
[1612.568s][info ][gc           ] GC(441) Pause Young (Allocation Failure) 515M->281M(850M) 2.875ms
[1612.568s][info ][gc,cpu       ] GC(441) User=0.01s Sys=0.00s Real=0.00s
[1612.569s][info ][safepoint    ] Leaving safepoint region
[1612.569s][info ][safepoint    ] Total time for which application threads were stopped: 0.0030157 seconds, Stopping threads took: 0.0000148 seconds
[1614.569s][info ][safepoint    ] Application time: 2.0001844 seconds
[1614.569s][info ][safepoint    ] Entering safepoint region: Cleanup
[1614.569s][info ][safepoint    ] Leaving safepoint region
[1614.569s][info ][safepoint    ] Total time for which application threads were stopped: 0.0000728 seconds, Stopping threads took: 0.0000144 seconds
[1617.169s][info ][safepoint    ] Application time: 2.6002000 seconds
[1617.169s][info ][safepoint    ] Entering safepoint region: GenCollectForAllocation
[1617.169s][info ][gc,start     ] GC(442) Pause Young (Allocation Failure)
[1617.169s][info ][gc,task      ] GC(442) Using 4 workers of 4 for evacuation
[1617.172s][debug][gc,ref       ] GC(442) Skipped phase1 of Reference Processing due to unavailable references
[1617.172s][debug][gc,ref       ] GC(442) Skipped phase2 of Reference Processing due to unavailable references
[1617.172s][debug][gc,ref       ] GC(442) Skipped phase3 of Reference Processing due to unavailable references
[1617.172s][debug][gc,ref       ] GC(442) Skipped phase4 of Reference Processing due to unavailable references
[1617.172s][debug][gc,age       ] GC(442) Desired survivor size 15368192 bytes, new threshold 6 (max threshold 6)
[1617.172s][info ][gc,heap      ] GC(442) ParNew: 241570K->1066K(270336K)
[1617.172s][info ][gc,heap      ] GC(442) CMS: 286659K->286971K(600768K)
[1617.172s][info ][gc,metaspace ] GC(442) Metaspace: 57628K->57628K(1101824K)
[1617.172s][info ][gc           ] GC(442) Pause Young (Allocation Failure) 515M->281M(850M) 2.777ms
[1617.172s][info ][gc,cpu       ] GC(442) User=0.01s Sys=0.00s Real=0.00s
[1617.172s][info ][safepoint    ] Leaving safepoint region
[1617.172s][info ][safepoint    ] Total time for which application threads were stopped: 0.0029528 seconds, Stopping threads took: 0.0000153 seconds
[1621.959s][info ][safepoint    ] Application time: 4.7866562 seconds
[1621.959s][info ][safepoint    ] Entering safepoint region: GenCollectForAllocation
[1621.959s][info ][gc,start     ] GC(443) Pause Young (Allocation Failure)
[1621.959s][info ][gc,task      ] GC(443) Using 4 workers of 4 for evacuation
[1621.961s][debug][gc,ref       ] GC(443) Skipped phase1 of Reference Processing due to unavailable references
[1621.961s][debug][gc,ref       ] GC(443) Skipped phase2 of Reference Processing due to unavailable references
[1621.961s][debug][gc,ref       ] GC(443) Skipped phase3 of Reference Processing due to unavailable references
[1621.961s][debug][gc,ref       ] GC(443) Skipped phase4 of Reference Processing due to unavailable references
[1621.961s][debug][gc,age       ] GC(443) Desired survivor size 15368192 bytes, new threshold 6 (max threshold 6)
[1621.961s][info ][gc,heap      ] GC(443) ParNew: 241386K->1269K(270336K)
[1621.961s][info ][gc,heap      ] GC(443) CMS: 286971K->287027K(600768K)
[1621.961s][info ][gc,metaspace ] GC(443) Metaspace: 57628K->57628K(1101824K)
[1621.961s][info ][gc           ] GC(443) Pause Young (Allocation Failure) 515M->281M(850M) 2.412ms
[1621.961s][info ][gc,cpu       ] GC(443) User=0.01s Sys=0.00s Real=0.00s
[1621.961s][info ][safepoint    ] Leaving safepoint region
[1621.961s][info ][safepoint    ] Total time for which application threads were stopped: 0.0025923 seconds, Stopping threads took: 0.0000482 seconds
[1626.514s][info ][safepoint    ] Application time: 4.5527302 seconds
[1626.514s][info ][safepoint    ] Entering safepoint region: GenCollectForAllocation
[1626.514s][info ][gc,start     ] GC(444) Pause Young (Allocation Failure)
[1626.514s][info ][gc,task      ] GC(444) Using 4 workers of 4 for evacuation
[1626.516s][debug][gc,ref       ] GC(444) Skipped phase1 of Reference Processing due to unavailable references
[1626.516s][debug][gc,ref       ] GC(444) Skipped phase2 of Reference Processing due to unavailable references
[1626.516s][debug][gc,ref       ] GC(444) Skipped phase3 of Reference Processing due to unavailable references
[1626.516s][debug][gc,ref       ] GC(444) Skipped phase4 of Reference Processing due to unavailable references
[1626.517s][debug][gc,age       ] GC(444) Desired survivor size 15368192 bytes, new threshold 6 (max threshold 6)
[1626.517s][info ][gc,heap      ] GC(444) ParNew: 241589K->1177K(270336K)
[1626.517s][info ][gc,heap      ] GC(444) CMS: 287027K->287175K(600768K)
[1626.517s][info ][gc,metaspace ] GC(444) Metaspace: 57628K->57628K(1101824K)
[1626.517s][info ][gc           ] GC(444) Pause Young (Allocation Failure) 516M->281M(850M) 2.432ms
[1626.517s][info ][gc,cpu       ] GC(444) User=0.01s Sys=0.00s Real=0.00s
[1626.517s][info ][safepoint    ] Leaving safepoint region
[1626.517s][info ][safepoint    ] Total time for which application threads were stopped: 0.0025806 seconds, Stopping threads took: 0.0000252 seconds
[1631.311s][info ][safepoint    ] Application time: 4.7947007 seconds
[1631.311s][info ][safepoint    ] Entering safepoint region: GenCollectForAllocation
[1631.312s][info ][gc,start     ] GC(445) Pause Young (Allocation Failure)
[1631.312s][info ][gc,task      ] GC(445) Using 4 workers of 4 for evacuation
[1631.314s][debug][gc,ref       ] GC(445) Skipped phase1 of Reference Processing due to unavailable references
[1631.314s][debug][gc,ref       ] GC(445) Skipped phase2 of Reference Processing due to unavailable references
[1631.314s][debug][gc,ref       ] GC(445) Skipped phase3 of Reference Processing due to unavailable references
[1631.314s][debug][gc,ref       ] GC(445) Skipped phase4 of Reference Processing due to unavailable references
[1631.314s][debug][gc,age       ] GC(445) Desired survivor size 15368192 bytes, new threshold 6 (max threshold 6)
[1631.314s][info ][gc,heap      ] GC(445) ParNew: 241497K->1402K(270336K)
[1631.314s][info ][gc,heap      ] GC(445) CMS: 287175K->287179K(600768K)
[1631.314s][info ][gc,metaspace ] GC(445) Metaspace: 57628K->57628K(1101824K)
[1631.314s][info ][gc           ] GC(445) Pause Young (Allocation Failure) 516M->281M(850M) 2.544ms
[1631.314s][info ][gc,cpu       ] GC(445) User=0.01s Sys=0.00s Real=0.01s
[1631.314s][info ][safepoint    ] Leaving safepoint region
[1631.314s][info ][safepoint    ] Total time for which application threads were stopped: 0.0027360 seconds, Stopping threads took: 0.0000594 seconds
[1634.314s][info ][safepoint    ] Application time: 3.0002060 seconds
[1634.314s][info ][safepoint    ] Entering safepoint region: Cleanup
[1634.315s][info ][safepoint    ] Leaving safepoint region
[1634.315s][info ][safepoint    ] Total time for which application threads were stopped: 0.0001562 seconds, Stopping threads took: 0.0000824 seconds
[1635.315s][info ][safepoint    ] Application time: 1.0000970 seconds
[1635.315s][info ][safepoint    ] Entering safepoint region: Cleanup
[1635.315s][info ][safepoint    ] Leaving safepoint region
[1635.315s][info ][safepoint    ] Total time for which application threads were stopped: 0.0001490 seconds, Stopping threads took: 0.0000766 seconds
[1635.758s][info ][safepoint    ] Application time: 0.4435414 seconds
[1635.758s][info ][safepoint    ] Entering safepoint region: GenCollectForAllocation
[1635.759s][info ][gc,start     ] GC(446) Pause Young (Allocation Failure)
[1635.759s][info ][gc,task      ] GC(446) Using 4 workers of 4 for evacuation
[1635.761s][debug][gc,ref       ] GC(446) Skipped phase1 of Reference Processing due to unavailable references
[1635.761s][debug][gc,ref       ] GC(446) Skipped phase2 of Reference Processing due to unavailable references
[1635.761s][debug][gc,ref       ] GC(446) Skipped phase3 of Reference Processing due to unavailable references
[1635.761s][debug][gc,ref       ] GC(446) Skipped phase4 of Reference Processing due to unavailable references
[1635.761s][debug][gc,age       ] GC(446) Desired survivor size 15368192 bytes, new threshold 6 (max threshold 6)
[1635.761s][info ][gc,heap      ] GC(446) ParNew: 241722K->1450K(270336K)
[1635.761s][info ][gc,heap      ] GC(446) CMS: 287179K->287183K(600768K)
[1635.761s][info ][gc,metaspace ] GC(446) Metaspace: 57628K->57628K(1101824K)
[1635.761s][info ][gc           ] GC(446) Pause Young (Allocation Failure) 516M->281M(850M) 2.511ms
[1635.761s][info ][gc,cpu       ] GC(446) User=0.01s Sys=0.00s Real=0.00s
[1635.761s][info ][safepoint    ] Leaving safepoint region
[1635.761s][info ][safepoint    ] Total time for which application threads were stopped: 0.0026852 seconds, Stopping threads took: 0.0000446 seconds
[1638.761s][info ][safepoint    ] Application time: 3.0002707 seconds
[1638.761s][info ][safepoint    ] Entering safepoint region: Cleanup
[1638.762s][info ][safepoint    ] Leaving safepoint region
[1638.762s][info ][safepoint    ] Total time for which application threads were stopped: 0.0001357 seconds, Stopping threads took: 0.0000644 seconds
[1640.560s][info ][safepoint    ] Application time: 1.7983322 seconds
[1640.560s][info ][safepoint    ] Entering safepoint region: GenCollectForAllocation
[1640.560s][info ][gc,start     ] GC(447) Pause Young (Allocation Failure)
[1640.560s][info ][gc,task      ] GC(447) Using 4 workers of 4 for evacuation
[1640.563s][debug][gc,ref       ] GC(447) Skipped phase1 of Reference Processing due to unavailable references
[1640.563s][debug][gc,ref       ] GC(447) Skipped phase2 of Reference Processing due to unavailable references
[1640.563s][debug][gc,ref       ] GC(447) Skipped phase3 of Reference Processing due to unavailable references
[1640.563s][debug][gc,ref       ] GC(447) Skipped phase4 of Reference Processing due to unavailable references
[1640.563s][debug][gc,age       ] GC(447) Desired survivor size 15368192 bytes, new threshold 6 (max threshold 6)
[1640.563s][info ][gc,heap      ] GC(447) ParNew: 241770K->1520K(270336K)
[1640.563s][info ][gc,heap      ] GC(447) CMS: 287183K->287403K(600768K)
[1640.563s][info ][gc,metaspace ] GC(447) Metaspace: 57628K->57628K(1101824K)
[1640.563s][info ][gc           ] GC(447) Pause Young (Allocation Failure) 516M->282M(850M) 2.963ms
[1640.563s][info ][gc,cpu       ] GC(447) User=0.01s Sys=0.00s Real=0.00s
[1640.563s][info ][safepoint    ] Leaving safepoint region
[1640.563s][info ][safepoint    ] Total time for which application threads were stopped: 0.0031308 seconds, Stopping threads took: 0.0000271 seconds
[1645.263s][info ][safepoint    ] Application time: 4.7000620 seconds
[1645.263s][info ][safepoint    ] Entering safepoint region: GenCollectForAllocation
[1645.263s][info ][gc,start     ] GC(448) Pause Young (Allocation Failure)
[1645.263s][info ][gc,task      ] GC(448) Using 4 workers of 4 for evacuation
[1645.266s][debug][gc,ref       ] GC(448) Skipped phase1 of Reference Processing due to unavailable references
[1645.266s][debug][gc,ref       ] GC(448) Skipped phase2 of Reference Processing due to unavailable references
[1645.266s][debug][gc,ref       ] GC(448) Skipped phase3 of Reference Processing due to unavailable references
[1645.266s][debug][gc,ref       ] GC(448) Skipped phase4 of Reference Processing due to unavailable references
[1645.266s][debug][gc,age       ] GC(448) Desired survivor size 15368192 bytes, new threshold 6 (max threshold 6)
[1645.266s][info ][gc,heap      ] GC(448) ParNew: 241840K->1695K(270336K)
[1645.266s][info ][gc,heap      ] GC(448) CMS: 287403K->287540K(600768K)
[1645.266s][info ][gc,metaspace ] GC(448) Metaspace: 57628K->57628K(1101824K)
[1645.266s][info ][gc           ] GC(448) Pause Young (Allocation Failure) 516M->282M(850M) 2.696ms
[1645.266s][info ][gc,cpu       ] GC(448) User=0.01s Sys=0.00s Real=0.01s
[1645.266s][info ][safepoint    ] Leaving safepoint region
[1645.266s][info ][safepoint    ] Total time for which application threads were stopped: 0.0028286 seconds, Stopping threads took: 0.0000142 seconds
[1649.967s][info ][safepoint    ] Application time: 4.7010261 seconds
[1649.967s][info ][safepoint    ] Entering safepoint region: GenCollectForAllocation
[1649.967s][info ][gc,start     ] GC(449) Pause Young (Allocation Failure)
[1649.967s][info ][gc,task      ] GC(449) Using 4 workers of 4 for evacuation
[1649.970s][debug][gc,ref       ] GC(449) Skipped phase1 of Reference Processing due to unavailable references
[1649.970s][debug][gc,ref       ] GC(449) Skipped phase2 of Reference Processing due to unavailable references
[1649.970s][debug][gc,ref       ] GC(449) Skipped phase3 of Reference Processing due to unavailable references
[1649.970s][debug][gc,ref       ] GC(449) Skipped phase4 of Reference Processing due to unavailable references
[1649.970s][debug][gc,age       ] GC(449) Desired survivor size 15368192 bytes, new threshold 6 (max threshold 6)
[1649.970s][info ][gc,heap      ] GC(449) ParNew: 241957K->1164K(270336K)
[1649.970s][info ][gc,heap      ] GC(449) CMS: 287540K->287722K(600768K)
[1649.970s][info ][gc,metaspace ] GC(449) Metaspace: 57628K->57628K(1101824K)
[1649.970s][info ][gc           ] GC(449) Pause Young (Allocation Failure) 517M->282M(850M) 2.842ms
[1649.970s][info ][gc,cpu       ] GC(449) User=0.01s Sys=0.00s Real=0.00s
[1649.970s][info ][safepoint    ] Leaving safepoint region
[1649.970s][info ][safepoint    ] Total time for which application threads were stopped: 0.0030362 seconds, Stopping threads took: 0.0000467 seconds
[1650.970s][info ][safepoint    ] Application time: 1.0001037 seconds
[1650.970s][info ][safepoint    ] Entering safepoint region: Cleanup
[1650.970s][info ][safepoint    ] Leaving safepoint region
[1650.970s][info ][safepoint    ] Total time for which application threads were stopped: 0.0000873 seconds, Stopping threads took: 0.0000138 seconds
[1654.708s][info ][safepoint    ] Application time: 3.7381372 seconds
[1654.709s][info ][safepoint    ] Entering safepoint region: GenCollectForAllocation
[1654.709s][info ][gc,start     ] GC(450) Pause Young (Allocation Failure)
[1654.709s][info ][gc,task      ] GC(450) Using 4 workers of 4 for evacuation
[1654.711s][debug][gc,ref       ] GC(450) Skipped phase1 of Reference Processing due to unavailable references
[1654.711s][debug][gc,ref       ] GC(450) Skipped phase2 of Reference Processing due to unavailable references
[1654.711s][debug][gc,ref       ] GC(450) Skipped phase3 of Reference Processing due to unavailable references
[1654.711s][debug][gc,ref       ] GC(450) Skipped phase4 of Reference Processing due to unavailable references
[1654.711s][debug][gc,age       ] GC(450) Desired survivor size 15368192 bytes, new threshold 6 (max threshold 6)
[1654.711s][info ][gc,heap      ] GC(450) ParNew: 241484K->1250K(270336K)
[1654.711s][info ][gc,heap      ] GC(450) CMS: 287722K->287780K(600768K)
[1654.711s][info ][gc,metaspace ] GC(450) Metaspace: 57632K->57632K(1101824K)
[1654.711s][info ][gc           ] GC(450) Pause Young (Allocation Failure) 516M->282M(850M) 2.370ms
[1654.711s][info ][gc,cpu       ] GC(450) User=0.01s Sys=0.00s Real=0.00s
[1654.711s][info ][safepoint    ] Leaving safepoint region
[1654.711s][info ][safepoint    ] Total time for which application threads were stopped: 0.0025947 seconds, Stopping threads took: 0.0000896 seconds
[1659.365s][info ][safepoint    ] Application time: 4.6535221 seconds
[1659.365s][info ][safepoint    ] Entering safepoint region: GenCollectForAllocation
[1659.365s][info ][gc,start     ] GC(451) Pause Young (Allocation Failure)
[1659.365s][info ][gc,task      ] GC(451) Using 4 workers of 4 for evacuation
[1659.368s][debug][gc,ref       ] GC(451) Skipped phase1 of Reference Processing due to unavailable references
[1659.368s][debug][gc,ref       ] GC(451) Skipped phase2 of Reference Processing due to unavailable references
[1659.368s][debug][gc,ref       ] GC(451) Skipped phase3 of Reference Processing due to unavailable references
[1659.368s][debug][gc,ref       ] GC(451) Skipped phase4 of Reference Processing due to unavailable references
[1659.368s][debug][gc,age       ] GC(451) Desired survivor size 15368192 bytes, new threshold 6 (max threshold 6)
[1659.368s][info ][gc,heap      ] GC(451) ParNew: 241570K->1399K(270336K)
[1659.368s][info ][gc,heap      ] GC(451) CMS: 287780K->287911K(600768K)
[1659.368s][info ][gc,metaspace ] GC(451) Metaspace: 57633K->57633K(1101824K)
[1659.368s][info ][gc           ] GC(451) Pause Young (Allocation Failure) 516M->282M(850M) 2.797ms
[1659.368s][info ][gc,cpu       ] GC(451) User=0.00s Sys=0.00s Real=0.00s
[1659.368s][info ][safepoint    ] Leaving safepoint region
[1659.368s][info ][safepoint    ] Total time for which application threads were stopped: 0.0029569 seconds, Stopping threads took: 0.0000198 seconds
[1663.964s][info ][safepoint    ] Application time: 4.5957838 seconds
[1663.964s][info ][safepoint    ] Entering safepoint region: GenCollectForAllocation
[1663.964s][info ][gc,start     ] GC(452) Pause Young (Allocation Failure)
[1663.964s][info ][gc,task      ] GC(452) Using 4 workers of 4 for evacuation
[1663.966s][debug][gc,ref       ] GC(452) Skipped phase1 of Reference Processing due to unavailable references
[1663.966s][debug][gc,ref       ] GC(452) Skipped phase2 of Reference Processing due to unavailable references
[1663.966s][debug][gc,ref       ] GC(452) Skipped phase3 of Reference Processing due to unavailable references
[1663.966s][debug][gc,ref       ] GC(452) Skipped phase4 of Reference Processing due to unavailable references
[1663.966s][debug][gc,age       ] GC(452) Desired survivor size 15368192 bytes, new threshold 6 (max threshold 6)
[1663.966s][info ][gc,heap      ] GC(452) ParNew: 241719K->1596K(270336K)
[1663.966s][info ][gc,heap      ] GC(452) CMS: 287911K->287938K(600768K)
[1663.966s][info ][gc,metaspace ] GC(452) Metaspace: 57634K->57634K(1101824K)
[1663.966s][info ][gc           ] GC(452) Pause Young (Allocation Failure) 517M->282M(850M) 2.541ms
[1663.966s][info ][gc,cpu       ] GC(452) User=0.01s Sys=0.00s Real=0.01s
[1663.967s][info ][safepoint    ] Leaving safepoint region
[1663.967s][info ][safepoint    ] Total time for which application threads were stopped: 0.0026971 seconds, Stopping threads took: 0.0000300 seconds
[1668.612s][info ][safepoint    ] Application time: 4.6453114 seconds
[1668.612s][info ][safepoint    ] Entering safepoint region: GenCollectForAllocation
[1668.612s][info ][gc,start     ] GC(453) Pause Young (Allocation Failure)
[1668.612s][info ][gc,task      ] GC(453) Using 4 workers of 4 for evacuation
[1668.615s][debug][gc,ref       ] GC(453) Skipped phase1 of Reference Processing due to unavailable references
[1668.615s][debug][gc,ref       ] GC(453) Skipped phase2 of Reference Processing due to unavailable references
[1668.615s][debug][gc,ref       ] GC(453) Skipped phase3 of Reference Processing due to unavailable references
[1668.615s][debug][gc,ref       ] GC(453) Skipped phase4 of Reference Processing due to unavailable references
[1668.615s][debug][gc,age       ] GC(453) Desired survivor size 15368192 bytes, new threshold 6 (max threshold 6)
[1668.615s][info ][gc,heap      ] GC(453) ParNew: 241916K->1795K(270336K)
[1668.615s][info ][gc,heap      ] GC(453) CMS: 287938K->288098K(600768K)
[1668.615s][info ][gc,metaspace ] GC(453) Metaspace: 57636K->57636K(1101824K)
[1668.615s][info ][gc           ] GC(453) Pause Young (Allocation Failure) 517M->283M(850M) 2.774ms
[1668.615s][info ][gc,cpu       ] GC(453) User=0.01s Sys=0.00s Real=0.01s
[1668.615s][info ][safepoint    ] Leaving safepoint region
[1668.615s][info ][safepoint    ] Total time for which application threads were stopped: 0.0029176 seconds, Stopping threads took: 0.0000161 seconds
[1671.615s][info ][safepoint    ] Application time: 3.0002390 seconds
[1671.615s][info ][safepoint    ] Entering safepoint region: Cleanup
[1671.615s][info ][safepoint    ] Leaving safepoint region
[1671.615s][info ][safepoint    ] Total time for which application threads were stopped: 0.0001569 seconds, Stopping threads took: 0.0000774 seconds
[1673.366s][info ][safepoint    ] Application time: 1.7506711 seconds
[1673.366s][info ][safepoint    ] Entering safepoint region: GenCollectForAllocation
[1673.366s][info ][gc,start     ] GC(454) Pause Young (Allocation Failure)
[1673.366s][info ][gc,task      ] GC(454) Using 4 workers of 4 for evacuation
[1673.368s][debug][gc,ref       ] GC(454) Skipped phase1 of Reference Processing due to unavailable references
[1673.368s][debug][gc,ref       ] GC(454) Skipped phase2 of Reference Processing due to unavailable references
[1673.368s][debug][gc,ref       ] GC(454) Skipped phase3 of Reference Processing due to unavailable references
[1673.368s][debug][gc,ref       ] GC(454) Skipped phase4 of Reference Processing due to unavailable references
[1673.369s][debug][gc,age       ] GC(454) Desired survivor size 15368192 bytes, new threshold 6 (max threshold 6)
[1673.369s][info ][gc,heap      ] GC(454) ParNew: 242115K->1328K(270336K)
[1673.369s][info ][gc,heap      ] GC(454) CMS: 288098K->288102K(600768K)
[1673.369s][info ][gc,metaspace ] GC(454) Metaspace: 57636K->57636K(1101824K)
[1673.369s][info ][gc           ] GC(454) Pause Young (Allocation Failure) 517M->282M(850M) 2.506ms
[1673.369s][info ][gc,cpu       ] GC(454) User=0.01s Sys=0.00s Real=0.00s
[1673.369s][info ][safepoint    ] Leaving safepoint region
[1673.369s][info ][safepoint    ] Total time for which application threads were stopped: 0.0026780 seconds, Stopping threads took: 0.0000136 seconds
[1677.369s][info ][safepoint    ] Application time: 4.0002716 seconds
[1677.369s][info ][safepoint    ] Entering safepoint region: Cleanup
[1677.369s][info ][safepoint    ] Leaving safepoint region
[1677.369s][info ][safepoint    ] Total time for which application threads were stopped: 0.0000714 seconds, Stopping threads took: 0.0000145 seconds
[1678.110s][info ][safepoint    ] Application time: 0.7409874 seconds
[1678.110s][info ][safepoint    ] Entering safepoint region: GenCollectForAllocation
[1678.110s][info ][gc,start     ] GC(455) Pause Young (Allocation Failure)
[1678.110s][info ][gc,task      ] GC(455) Using 4 workers of 4 for evacuation
[1678.113s][debug][gc,ref       ] GC(455) Skipped phase1 of Reference Processing due to unavailable references
[1678.113s][debug][gc,ref       ] GC(455) Skipped phase2 of Reference Processing due to unavailable references
[1678.113s][debug][gc,ref       ] GC(455) Skipped phase3 of Reference Processing due to unavailable references
[1678.113s][debug][gc,ref       ] GC(455) Skipped phase4 of Reference Processing due to unavailable references
[1678.113s][debug][gc,age       ] GC(455) Desired survivor size 15368192 bytes, new threshold 6 (max threshold 6)
[1678.113s][info ][gc,heap      ] GC(455) ParNew: 241648K->1270K(270336K)
[1678.113s][info ][gc,heap      ] GC(455) CMS: 288102K->288341K(600768K)
[1678.113s][info ][gc,metaspace ] GC(455) Metaspace: 57636K->57636K(1101824K)
[1678.113s][info ][gc           ] GC(455) Pause Young (Allocation Failure) 517M->282M(850M) 2.823ms
[1678.113s][info ][gc,cpu       ] GC(455) User=0.01s Sys=0.00s Real=0.01s
[1678.113s][info ][safepoint    ] Leaving safepoint region
[1678.113s][info ][safepoint    ] Total time for which application threads were stopped: 0.0029802 seconds, Stopping threads took: 0.0000295 seconds
[1679.113s][info ][safepoint    ] Application time: 1.0000934 seconds
[1679.113s][info ][safepoint    ] Entering safepoint region: Cleanup
[1679.113s][info ][safepoint    ] Leaving safepoint region
[1679.113s][info ][safepoint    ] Total time for which application threads were stopped: 0.0001359 seconds, Stopping threads took: 0.0000661 seconds
[1681.113s][info ][safepoint    ] Application time: 2.0001920 seconds
[1681.114s][info ][safepoint    ] Entering safepoint region: Cleanup
[1681.114s][info ][safepoint    ] Leaving safepoint region
[1681.114s][info ][safepoint    ] Total time for which application threads were stopped: 0.0001369 seconds, Stopping threads took: 0.0000661 seconds
[1682.862s][info ][safepoint    ] Application time: 1.7480168 seconds
[1682.862s][info ][safepoint    ] Entering safepoint region: GenCollectForAllocation
[1682.862s][info ][gc,start     ] GC(456) Pause Young (Allocation Failure)
[1682.862s][info ][gc,task      ] GC(456) Using 4 workers of 4 for evacuation
[1682.864s][debug][gc,ref       ] GC(456) Skipped phase1 of Reference Processing due to unavailable references
[1682.864s][debug][gc,ref       ] GC(456) Skipped phase2 of Reference Processing due to unavailable references
[1682.864s][debug][gc,ref       ] GC(456) Skipped phase3 of Reference Processing due to unavailable references
[1682.864s][debug][gc,ref       ] GC(456) Skipped phase4 of Reference Processing due to unavailable references
[1682.864s][debug][gc,age       ] GC(456) Desired survivor size 15368192 bytes, new threshold 6 (max threshold 6)
[1682.864s][info ][gc,heap      ] GC(456) ParNew: 241590K->1466K(270336K)
[1682.864s][info ][gc,heap      ] GC(456) CMS: 288341K->288456K(600768K)
[1682.864s][info ][gc,metaspace ] GC(456) Metaspace: 57641K->57641K(1101824K)
[1682.864s][info ][gc           ] GC(456) Pause Young (Allocation Failure) 517M->283M(850M) 2.352ms
[1682.864s][info ][gc,cpu       ] GC(456) User=0.01s Sys=0.00s Real=0.01s
[1682.864s][info ][safepoint    ] Leaving safepoint region
[1682.864s][info ][safepoint    ] Total time for which application threads were stopped: 0.0024899 seconds, Stopping threads took: 0.0000138 seconds
[1684.864s][info ][safepoint    ] Application time: 2.0001713 seconds
[1684.864s][info ][safepoint    ] Entering safepoint region: Cleanup
[1684.865s][info ][safepoint    ] Leaving safepoint region
[1684.865s][info ][safepoint    ] Total time for which application threads were stopped: 0.0001198 seconds, Stopping threads took: 0.0000581 seconds
[1687.667s][info ][safepoint    ] Application time: 2.8028435 seconds
[1687.667s][info ][safepoint    ] Entering safepoint region: GenCollectForAllocation
[1687.668s][info ][gc,start     ] GC(457) Pause Young (Allocation Failure)
[1687.668s][info ][gc,task      ] GC(457) Using 4 workers of 4 for evacuation
[1687.670s][debug][gc,ref       ] GC(457) Skipped phase1 of Reference Processing due to unavailable references
[1687.670s][debug][gc,ref       ] GC(457) Skipped phase2 of Reference Processing due to unavailable references
[1687.670s][debug][gc,ref       ] GC(457) Skipped phase3 of Reference Processing due to unavailable references
[1687.670s][debug][gc,ref       ] GC(457) Skipped phase4 of Reference Processing due to unavailable references
[1687.670s][debug][gc,age       ] GC(457) Desired survivor size 15368192 bytes, new threshold 6 (max threshold 6)
[1687.670s][info ][gc,heap      ] GC(457) ParNew: 241695K->988K(270336K)
[1687.670s][info ][gc,heap      ] GC(457) CMS: 288456K->288695K(600768K)
[1687.670s][info ][gc,metaspace ] GC(457) Metaspace: 57642K->57642K(1101824K)
[1687.670s][info ][gc           ] GC(457) Pause Young (Allocation Failure) 517M->282M(850M) 2.851ms
[1687.670s][info ][gc,cpu       ] GC(457) User=0.01s Sys=0.00s Real=0.00s
[1687.670s][info ][safepoint    ] Leaving safepoint region
[1687.670s][info ][safepoint    ] Total time for which application threads were stopped: 0.0029856 seconds, Stopping threads took: 0.0000129 seconds
[1689.671s][info ][safepoint    ] Application time: 2.0001642 seconds
[1689.671s][info ][safepoint    ] Entering safepoint region: Cleanup
[1689.671s][info ][safepoint    ] Leaving safepoint region
[1689.671s][info ][safepoint    ] Total time for which application threads were stopped: 0.0000733 seconds, Stopping threads took: 0.0000146 seconds
[1692.458s][info ][safepoint    ] Application time: 2.7875930 seconds
[1692.458s][info ][safepoint    ] Entering safepoint region: GenCollectForAllocation
[1692.458s][info ][gc,start     ] GC(458) Pause Young (Allocation Failure)
[1692.458s][info ][gc,task      ] GC(458) Using 4 workers of 4 for evacuation
[1692.461s][debug][gc,ref       ] GC(458) Skipped phase1 of Reference Processing due to unavailable references
[1692.461s][debug][gc,ref       ] GC(458) Skipped phase2 of Reference Processing due to unavailable references
[1692.461s][debug][gc,ref       ] GC(458) Skipped phase3 of Reference Processing due to unavailable references
[1692.461s][debug][gc,ref       ] GC(458) Skipped phase4 of Reference Processing due to unavailable references
[1692.461s][debug][gc,age       ] GC(458) Desired survivor size 15368192 bytes, new threshold 6 (max threshold 6)
[1692.461s][info ][gc,heap      ] GC(458) ParNew: 241308K->1109K(270336K)
[1692.461s][info ][gc,heap      ] GC(458) CMS: 288695K->288732K(600768K)
[1692.461s][info ][gc,metaspace ] GC(458) Metaspace: 57642K->57642K(1101824K)
[1692.461s][info ][gc           ] GC(458) Pause Young (Allocation Failure) 517M->283M(850M) 2.619ms
[1692.461s][info ][gc,cpu       ] GC(458) User=0.01s Sys=0.00s Real=0.00s
[1692.461s][info ][safepoint    ] Leaving safepoint region
[1692.461s][info ][safepoint    ] Total time for which application threads were stopped: 0.0028061 seconds, Stopping threads took: 0.0000565 seconds
[1697.064s][info ][safepoint    ] Application time: 4.6025909 seconds
[1697.064s][info ][safepoint    ] Entering safepoint region: GenCollectForAllocation
[1697.064s][info ][gc,start     ] GC(459) Pause Young (Allocation Failure)
[1697.064s][info ][gc,task      ] GC(459) Using 4 workers of 4 for evacuation
[1697.066s][debug][gc,ref       ] GC(459) Skipped phase1 of Reference Processing due to unavailable references
[1697.066s][debug][gc,ref       ] GC(459) Skipped phase2 of Reference Processing due to unavailable references
[1697.066s][debug][gc,ref       ] GC(459) Skipped phase3 of Reference Processing due to unavailable references
[1697.066s][debug][gc,ref       ] GC(459) Skipped phase4 of Reference Processing due to unavailable references
[1697.067s][debug][gc,age       ] GC(459) Desired survivor size 15368192 bytes, new threshold 6 (max threshold 6)
[1697.067s][info ][gc,heap      ] GC(459) ParNew: 241429K->1198K(270336K)
[1697.067s][info ][gc,heap      ] GC(459) CMS: 288732K->288844K(600768K)
[1697.067s][info ][gc,metaspace ] GC(459) Metaspace: 57643K->57643K(1101824K)
[1697.067s][info ][gc           ] GC(459) Pause Young (Allocation Failure) 517M->283M(850M) 2.758ms
[1697.067s][info ][gc,cpu       ] GC(459) User=0.01s Sys=0.00s Real=0.01s
[1697.067s][info ][safepoint    ] Leaving safepoint region
[1697.067s][info ][safepoint    ] Total time for which application threads were stopped: 0.0028944 seconds, Stopping threads took: 0.0000135 seconds
[1699.067s][info ][safepoint    ] Application time: 2.0001760 seconds
[1699.067s][info ][safepoint    ] Entering safepoint region: Cleanup
[1699.067s][info ][safepoint    ] Leaving safepoint region
[1699.067s][info ][safepoint    ] Total time for which application threads were stopped: 0.0000833 seconds, Stopping threads took: 0.0000262 seconds
[1701.813s][info ][safepoint    ] Application time: 2.7463240 seconds
[1701.813s][info ][safepoint    ] Entering safepoint region: GenCollectForAllocation
[1701.813s][info ][gc,start     ] GC(460) Pause Young (Allocation Failure)
[1701.813s][info ][gc,task      ] GC(460) Using 4 workers of 4 for evacuation
[1701.816s][debug][gc,ref       ] GC(460) Skipped phase1 of Reference Processing due to unavailable references
[1701.816s][debug][gc,ref       ] GC(460) Skipped phase2 of Reference Processing due to unavailable references
[1701.816s][debug][gc,ref       ] GC(460) Skipped phase3 of Reference Processing due to unavailable references
[1701.816s][debug][gc,ref       ] GC(460) Skipped phase4 of Reference Processing due to unavailable references
[1701.816s][debug][gc,age       ] GC(460) Desired survivor size 15368192 bytes, new threshold 6 (max threshold 6)
[1701.816s][info ][gc,heap      ] GC(460) ParNew: 241518K->1035K(270336K)
[1701.816s][info ][gc,heap      ] GC(460) CMS: 288844K->288860K(600768K)
[1701.816s][info ][gc,metaspace ] GC(460) Metaspace: 57643K->57643K(1101824K)
[1701.816s][info ][gc           ] GC(460) Pause Young (Allocation Failure) 517M->283M(850M) 2.604ms
[1701.816s][info ][gc,cpu       ] GC(460) User=0.01s Sys=0.00s Real=0.00s
[1701.816s][info ][safepoint    ] Leaving safepoint region
[1701.816s][info ][safepoint    ] Total time for which application threads were stopped: 0.0027646 seconds, Stopping threads took: 0.0000144 seconds
[1705.816s][info ][safepoint    ] Application time: 4.0004064 seconds
[1705.817s][info ][safepoint    ] Entering safepoint region: Cleanup
[1705.817s][info ][safepoint    ] Leaving safepoint region
[1705.817s][info ][safepoint    ] Total time for which application threads were stopped: 0.0001741 seconds, Stopping threads took: 0.0000910 seconds
[1706.468s][info ][safepoint    ] Application time: 0.6514646 seconds
[1706.469s][info ][safepoint    ] Entering safepoint region: GenCollectForAllocation
[1706.474s][info ][gc,start     ] GC(461) Pause Young (Allocation Failure)
[1706.474s][info ][gc,task      ] GC(461) Using 4 workers of 4 for evacuation
[1706.477s][debug][gc,ref       ] GC(461) Skipped phase1 of Reference Processing due to unavailable references
[1706.477s][debug][gc,ref       ] GC(461) Skipped phase2 of Reference Processing due to unavailable references
[1706.477s][debug][gc,ref       ] GC(461) Skipped phase3 of Reference Processing due to unavailable references
[1706.477s][debug][gc,ref       ] GC(461) Skipped phase4 of Reference Processing due to unavailable references
[1706.477s][debug][gc,age       ] GC(461) Desired survivor size 15368192 bytes, new threshold 6 (max threshold 6)
[1706.477s][info ][gc,heap      ] GC(461) ParNew: 241355K->1296K(270336K)
[1706.477s][info ][gc,heap      ] GC(461) CMS: 288860K->289029K(600768K)
[1706.477s][info ][gc,metaspace ] GC(461) Metaspace: 57643K->57643K(1101824K)
[1706.477s][info ][gc           ] GC(461) Pause Young (Allocation Failure) 517M->283M(850M) 7.984ms
[1706.477s][info ][gc,cpu       ] GC(461) User=0.01s Sys=0.00s Real=0.01s
[1706.477s][info ][safepoint    ] Leaving safepoint region
[1706.477s][info ][safepoint    ] Total time for which application threads were stopped: 0.0089163 seconds, Stopping threads took: 0.0007959 seconds
[1709.477s][info ][safepoint    ] Application time: 3.0002289 seconds
[1709.477s][info ][safepoint    ] Entering safepoint region: Cleanup
[1709.478s][info ][safepoint    ] Leaving safepoint region
[1709.478s][info ][safepoint    ] Total time for which application threads were stopped: 0.0001713 seconds, Stopping threads took: 0.0001118 seconds
[1710.862s][info ][safepoint    ] Application time: 1.3842356 seconds
[1710.862s][info ][safepoint    ] Entering safepoint region: GenCollectForAllocation
[1710.862s][info ][gc,start     ] GC(462) Pause Young (Allocation Failure)
[1710.862s][info ][gc,task      ] GC(462) Using 4 workers of 4 for evacuation
[1710.865s][debug][gc,ref       ] GC(462) Skipped phase1 of Reference Processing due to unavailable references
[1710.865s][debug][gc,ref       ] GC(462) Skipped phase2 of Reference Processing due to unavailable references
[1710.865s][debug][gc,ref       ] GC(462) Skipped phase3 of Reference Processing due to unavailable references
[1710.865s][debug][gc,ref       ] GC(462) Skipped phase4 of Reference Processing due to unavailable references
[1710.865s][debug][gc,age       ] GC(462) Desired survivor size 15368192 bytes, new threshold 6 (max threshold 6)
[1710.865s][info ][gc,heap      ] GC(462) ParNew: 241616K->1472K(270336K)
[1710.865s][info ][gc,heap      ] GC(462) CMS: 289029K->289036K(600768K)
[1710.865s][info ][gc,metaspace ] GC(462) Metaspace: 57643K->57643K(1101824K)
[1710.865s][info ][gc           ] GC(462) Pause Young (Allocation Failure) 518M->283M(850M) 2.868ms
[1710.865s][info ][gc,cpu       ] GC(462) User=0.01s Sys=0.00s Real=0.01s
[1710.865s][info ][safepoint    ] Leaving safepoint region
[1710.865s][info ][safepoint    ] Total time for which application threads were stopped: 0.0030239 seconds, Stopping threads took: 0.0000146 seconds
[1715.515s][info ][safepoint    ] Application time: 4.6506148 seconds
[1715.515s][info ][safepoint    ] Entering safepoint region: GenCollectForAllocation
[1715.516s][info ][gc,start     ] GC(463) Pause Young (Allocation Failure)
[1715.516s][info ][gc,task      ] GC(463) Using 4 workers of 4 for evacuation
[1715.518s][debug][gc,ref       ] GC(463) Skipped phase1 of Reference Processing due to unavailable references
[1715.518s][debug][gc,ref       ] GC(463) Skipped phase2 of Reference Processing due to unavailable references
[1715.518s][debug][gc,ref       ] GC(463) Skipped phase3 of Reference Processing due to unavailable references
[1715.518s][debug][gc,ref       ] GC(463) Skipped phase4 of Reference Processing due to unavailable references
[1715.518s][debug][gc,age       ] GC(463) Desired survivor size 15368192 bytes, new threshold 6 (max threshold 6)
[1715.518s][info ][gc,heap      ] GC(463) ParNew: 241792K->1848K(270336K)
[1715.518s][info ][gc,heap      ] GC(463) CMS: 289036K->289108K(600768K)
[1715.518s][info ][gc,metaspace ] GC(463) Metaspace: 57643K->57643K(1101824K)
[1715.518s][info ][gc           ] GC(463) Pause Young (Allocation Failure) 518M->284M(850M) 2.741ms
[1715.518s][info ][gc,cpu       ] GC(463) User=0.01s Sys=0.00s Real=0.00s
[1715.518s][info ][safepoint    ] Leaving safepoint region
[1715.518s][info ][safepoint    ] Total time for which application threads were stopped: 0.0029015 seconds, Stopping threads took: 0.0000281 seconds
[1720.260s][info ][safepoint    ] Application time: 4.7416943 seconds
[1720.260s][info ][safepoint    ] Entering safepoint region: GenCollectForAllocation
[1720.260s][info ][gc,start     ] GC(464) Pause Young (Allocation Failure)
[1720.260s][info ][gc,task      ] GC(464) Using 4 workers of 4 for evacuation
[1720.264s][debug][gc,ref       ] GC(464) Skipped phase1 of Reference Processing due to unavailable references
[1720.264s][debug][gc,ref       ] GC(464) Skipped phase2 of Reference Processing due to unavailable references
[1720.264s][debug][gc,ref       ] GC(464) Skipped phase3 of Reference Processing due to unavailable references
[1720.264s][debug][gc,ref       ] GC(464) Skipped phase4 of Reference Processing due to unavailable references
[1720.264s][debug][gc,age       ] GC(464) Desired survivor size 15368192 bytes, new threshold 6 (max threshold 6)
[1720.264s][info ][gc,heap      ] GC(464) ParNew: 242168K->1758K(270336K)
[1720.264s][info ][gc,heap      ] GC(464) CMS: 289108K->289337K(600768K)
[1720.264s][info ][gc,metaspace ] GC(464) Metaspace: 57643K->57643K(1101824K)
[1720.264s][info ][gc           ] GC(464) Pause Young (Allocation Failure) 518M->284M(850M) 3.498ms
[1720.264s][info ][gc,cpu       ] GC(464) User=0.01s Sys=0.01s Real=0.00s
[1720.264s][info ][safepoint    ] Leaving safepoint region
[1720.264s][info ][safepoint    ] Total time for which application threads were stopped: 0.0036789 seconds, Stopping threads took: 0.0000459 seconds
[1724.964s][info ][safepoint    ] Application time: 4.7001068 seconds
[1724.964s][info ][safepoint    ] Entering safepoint region: GenCollectForAllocation
[1724.964s][info ][gc,start     ] GC(465) Pause Young (Allocation Failure)
[1724.964s][info ][gc,task      ] GC(465) Using 4 workers of 4 for evacuation
[1724.966s][debug][gc,ref       ] GC(465) Skipped phase1 of Reference Processing due to unavailable references
[1724.966s][debug][gc,ref       ] GC(465) Skipped phase2 of Reference Processing due to unavailable references
[1724.966s][debug][gc,ref       ] GC(465) Skipped phase3 of Reference Processing due to unavailable references
[1724.966s][debug][gc,ref       ] GC(465) Skipped phase4 of Reference Processing due to unavailable references
[1724.967s][debug][gc,age       ] GC(465) Desired survivor size 15368192 bytes, new threshold 6 (max threshold 6)
[1724.967s][info ][gc,heap      ] GC(465) ParNew: 242078K->1499K(270336K)
[1724.967s][info ][gc,heap      ] GC(465) CMS: 289337K->289485K(600768K)
[1724.967s][info ][gc,metaspace ] GC(465) Metaspace: 57643K->57643K(1101824K)
[1724.967s][info ][gc           ] GC(465) Pause Young (Allocation Failure) 518M->284M(850M) 2.595ms
[1724.967s][info ][gc,cpu       ] GC(465) User=0.01s Sys=0.00s Real=0.01s
[1724.967s][info ][safepoint    ] Leaving safepoint region
[1724.967s][info ][safepoint    ] Total time for which application threads were stopped: 0.0027371 seconds, Stopping threads took: 0.0000147 seconds
[1727.967s][info ][safepoint    ] Application time: 3.0003698 seconds
[1727.967s][info ][safepoint    ] Entering safepoint region: Cleanup
[1727.967s][info ][safepoint    ] Leaving safepoint region
[1727.967s][info ][safepoint    ] Total time for which application threads were stopped: 0.0000716 seconds, Stopping threads took: 0.0000146 seconds
[1729.810s][info ][safepoint    ] Application time: 1.8428888 seconds
[1729.810s][info ][safepoint    ] Entering safepoint region: GenCollectForAllocation
[1729.810s][info ][gc,start     ] GC(466) Pause Young (Allocation Failure)
[1729.810s][info ][gc,task      ] GC(466) Using 4 workers of 4 for evacuation
[1729.813s][debug][gc,ref       ] GC(466) Skipped phase1 of Reference Processing due to unavailable references
[1729.813s][debug][gc,ref       ] GC(466) Skipped phase2 of Reference Processing due to unavailable references
[1729.813s][debug][gc,ref       ] GC(466) Skipped phase3 of Reference Processing due to unavailable references
[1729.813s][debug][gc,ref       ] GC(466) Skipped phase4 of Reference Processing due to unavailable references
[1729.813s][debug][gc,age       ] GC(466) Desired survivor size 15368192 bytes, new threshold 6 (max threshold 6)
[1729.813s][info ][gc,heap      ] GC(466) ParNew: 241819K->1851K(270336K)
[1729.813s][info ][gc,heap      ] GC(466) CMS: 289485K->289490K(600768K)
[1729.813s][info ][gc,metaspace ] GC(466) Metaspace: 57643K->57643K(1101824K)
[1729.813s][info ][gc           ] GC(466) Pause Young (Allocation Failure) 518M->284M(850M) 2.670ms
[1729.813s][info ][gc,cpu       ] GC(466) User=0.01s Sys=0.00s Real=0.01s
[1729.813s][info ][safepoint    ] Leaving safepoint region
[1729.813s][info ][safepoint    ] Total time for which application threads were stopped: 0.0028309 seconds, Stopping threads took: 0.0000151 seconds
[1734.712s][info ][safepoint    ] Application time: 4.8986259 seconds
[1734.712s][info ][safepoint    ] Entering safepoint region: GenCollectForAllocation
[1734.712s][info ][gc,start     ] GC(467) Pause Young (Allocation Failure)
[1734.712s][info ][gc,task      ] GC(467) Using 4 workers of 4 for evacuation
[1734.714s][debug][gc,ref       ] GC(467) Skipped phase1 of Reference Processing due to unavailable references
[1734.714s][debug][gc,ref       ] GC(467) Skipped phase2 of Reference Processing due to unavailable references
[1734.714s][debug][gc,ref       ] GC(467) Skipped phase3 of Reference Processing due to unavailable references
[1734.714s][debug][gc,ref       ] GC(467) Skipped phase4 of Reference Processing due to unavailable references
[1734.714s][debug][gc,age       ] GC(467) Desired survivor size 15368192 bytes, new threshold 6 (max threshold 6)
[1734.714s][info ][gc,heap      ] GC(467) ParNew: 242171K->1739K(270336K)
[1734.714s][info ][gc,heap      ] GC(467) CMS: 289490K->289587K(600768K)
[1734.714s][info ][gc,metaspace ] GC(467) Metaspace: 57645K->57645K(1101824K)
[1734.714s][info ][gc           ] GC(467) Pause Young (Allocation Failure) 519M->284M(850M) 2.676ms
[1734.714s][info ][gc,cpu       ] GC(467) User=0.01s Sys=0.00s Real=0.01s
[1734.714s][info ][safepoint    ] Leaving safepoint region
[1734.714s][info ][safepoint    ] Total time for which application threads were stopped: 0.0028363 seconds, Stopping threads took: 0.0000307 seconds
[1737.715s][info ][safepoint    ] Application time: 3.0003285 seconds
[1737.715s][info ][safepoint    ] Entering safepoint region: Cleanup
[1737.715s][info ][safepoint    ] Leaving safepoint region
[1737.715s][info ][safepoint    ] Total time for which application threads were stopped: 0.0001453 seconds, Stopping threads took: 0.0000728 seconds
[1738.715s][info ][safepoint    ] Application time: 1.0000939 seconds
[1738.715s][info ][safepoint    ] Entering safepoint region: Cleanup
[1738.715s][info ][safepoint    ] Leaving safepoint region
[1738.715s][info ][safepoint    ] Total time for which application threads were stopped: 0.0001233 seconds, Stopping threads took: 0.0000500 seconds
[1739.708s][info ][safepoint    ] Application time: 0.9932978 seconds
[1739.709s][info ][safepoint    ] Entering safepoint region: GenCollectForAllocation
[1739.709s][info ][gc,start     ] GC(468) Pause Young (Allocation Failure)
[1739.709s][info ][gc,task      ] GC(468) Using 4 workers of 4 for evacuation
[1739.711s][debug][gc,ref       ] GC(468) Skipped phase1 of Reference Processing due to unavailable references
[1739.711s][debug][gc,ref       ] GC(468) Skipped phase2 of Reference Processing due to unavailable references
[1739.711s][debug][gc,ref       ] GC(468) Skipped phase3 of Reference Processing due to unavailable references
[1739.711s][debug][gc,ref       ] GC(468) Skipped phase4 of Reference Processing due to unavailable references
[1739.711s][debug][gc,age       ] GC(468) Desired survivor size 15368192 bytes, new threshold 6 (max threshold 6)
[1739.711s][info ][gc,heap      ] GC(468) ParNew: 242059K->1313K(270336K)
[1739.711s][info ][gc,heap      ] GC(468) CMS: 289587K->289911K(600768K)
[1739.711s][info ][gc,metaspace ] GC(468) Metaspace: 57645K->57645K(1101824K)
[1739.711s][info ][gc           ] GC(468) Pause Young (Allocation Failure) 519M->284M(850M) 2.798ms
[1739.711s][info ][gc,cpu       ] GC(468) User=0.01s Sys=0.00s Real=0.00s
[1739.711s][info ][safepoint    ] Leaving safepoint region
[1739.711s][info ][safepoint    ] Total time for which application threads were stopped: 0.0029928 seconds, Stopping threads took: 0.0000449 seconds
[1742.712s][info ][safepoint    ] Application time: 3.0006632 seconds
[1742.712s][info ][safepoint    ] Entering safepoint region: Cleanup
[1742.712s][info ][safepoint    ] Leaving safepoint region
[1742.712s][info ][safepoint    ] Total time for which application threads were stopped: 0.0002796 seconds, Stopping threads took: 0.0000594 seconds
[1744.559s][info ][safepoint    ] Application time: 1.8463882 seconds
[1744.559s][info ][safepoint    ] Entering safepoint region: GenCollectForAllocation
[1744.559s][info ][gc,start     ] GC(469) Pause Young (Allocation Failure)
[1744.559s][info ][gc,task      ] GC(469) Using 4 workers of 4 for evacuation
[1744.561s][debug][gc,ref       ] GC(469) Skipped phase1 of Reference Processing due to unavailable references
[1744.561s][debug][gc,ref       ] GC(469) Skipped phase2 of Reference Processing due to unavailable references
[1744.561s][debug][gc,ref       ] GC(469) Skipped phase3 of Reference Processing due to unavailable references
[1744.561s][debug][gc,ref       ] GC(469) Skipped phase4 of Reference Processing due to unavailable references
[1744.562s][debug][gc,age       ] GC(469) Desired survivor size 15368192 bytes, new threshold 6 (max threshold 6)
[1744.562s][info ][gc,heap      ] GC(469) ParNew: 241633K->855K(270336K)
[1744.562s][info ][gc,heap      ] GC(469) CMS: 289911K->290270K(600768K)
[1744.562s][info ][gc,metaspace ] GC(469) Metaspace: 57645K->57645K(1101824K)
[1744.562s][info ][gc           ] GC(469) Pause Young (Allocation Failure) 519M->284M(850M) 2.589ms
[1744.562s][info ][gc,cpu       ] GC(469) User=0.02s Sys=0.00s Real=0.00s
[1744.562s][info ][safepoint    ] Leaving safepoint region
[1744.562s][info ][safepoint    ] Total time for which application threads were stopped: 0.0027303 seconds, Stopping threads took: 0.0000151 seconds
[1746.562s][info ][safepoint    ] Application time: 2.0001842 seconds
[1746.562s][info ][safepoint    ] Entering safepoint region: Cleanup
[1746.562s][info ][safepoint    ] Leaving safepoint region
[1746.562s][info ][safepoint    ] Total time for which application threads were stopped: 0.0001451 seconds, Stopping threads took: 0.0000597 seconds
[1749.208s][info ][safepoint    ] Application time: 2.6464478 seconds
[1749.209s][info ][safepoint    ] Entering safepoint region: GenCollectForAllocation
[1749.209s][info ][gc,start     ] GC(470) Pause Young (Allocation Failure)
[1749.209s][info ][gc,task      ] GC(470) Using 4 workers of 4 for evacuation
[1749.211s][debug][gc,ref       ] GC(470) Skipped phase1 of Reference Processing due to unavailable references
[1749.211s][debug][gc,ref       ] GC(470) Skipped phase2 of Reference Processing due to unavailable references
[1749.211s][debug][gc,ref       ] GC(470) Skipped phase3 of Reference Processing due to unavailable references
[1749.211s][debug][gc,ref       ] GC(470) Skipped phase4 of Reference Processing due to unavailable references
[1749.211s][debug][gc,age       ] GC(470) Desired survivor size 15368192 bytes, new threshold 6 (max threshold 6)
[1749.211s][info ][gc,heap      ] GC(470) ParNew: 241175K->1235K(270336K)
[1749.211s][info ][gc,heap      ] GC(470) CMS: 290270K->290347K(600768K)
[1749.211s][info ][gc,metaspace ] GC(470) Metaspace: 57645K->57645K(1101824K)
[1749.211s][info ][gc           ] GC(470) Pause Young (Allocation Failure) 518M->284M(850M) 2.816ms
[1749.211s][info ][gc,cpu       ] GC(470) User=0.01s Sys=0.01s Real=0.00s
[1749.211s][info ][safepoint    ] Leaving safepoint region
[1749.211s][info ][safepoint    ] Total time for which application threads were stopped: 0.0029860 seconds, Stopping threads took: 0.0000359 seconds
[1753.616s][info ][safepoint    ] Application time: 4.4042866 seconds
[1753.616s][info ][safepoint    ] Entering safepoint region: GenCollectForAllocation
[1753.616s][info ][gc,start     ] GC(471) Pause Young (Allocation Failure)
[1753.616s][info ][gc,task      ] GC(471) Using 4 workers of 4 for evacuation
[1753.619s][debug][gc,ref       ] GC(471) Skipped phase1 of Reference Processing due to unavailable references
[1753.619s][debug][gc,ref       ] GC(471) Skipped phase2 of Reference Processing due to unavailable references
[1753.619s][debug][gc,ref       ] GC(471) Skipped phase3 of Reference Processing due to unavailable references
[1753.619s][debug][gc,ref       ] GC(471) Skipped phase4 of Reference Processing due to unavailable references
[1753.619s][debug][gc,age       ] GC(471) Desired survivor size 15368192 bytes, new threshold 6 (max threshold 6)
[1753.619s][info ][gc,heap      ] GC(471) ParNew: 241555K->1300K(270336K)
[1753.619s][info ][gc,heap      ] GC(471) CMS: 290347K->290357K(600768K)
[1753.619s][info ][gc,metaspace ] GC(471) Metaspace: 57650K->57650K(1101824K)
[1753.619s][info ][gc           ] GC(471) Pause Young (Allocation Failure) 519M->284M(850M) 2.855ms
[1753.619s][info ][gc,cpu       ] GC(471) User=0.02s Sys=0.00s Real=0.00s
[1753.619s][info ][safepoint    ] Leaving safepoint region
[1753.619s][info ][safepoint    ] Total time for which application threads were stopped: 0.0029919 seconds, Stopping threads took: 0.0000153 seconds
[1757.759s][info ][safepoint    ] Application time: 4.1397635 seconds
[1757.759s][info ][safepoint    ] Entering safepoint region: GenCollectForAllocation
[1757.759s][info ][gc,start     ] GC(472) Pause Young (Allocation Failure)
[1757.759s][info ][gc,task      ] GC(472) Using 4 workers of 4 for evacuation
[1757.762s][debug][gc,ref       ] GC(472) Skipped phase1 of Reference Processing due to unavailable references
[1757.762s][debug][gc,ref       ] GC(472) Skipped phase2 of Reference Processing due to unavailable references
[1757.762s][debug][gc,ref       ] GC(472) Skipped phase3 of Reference Processing due to unavailable references
[1757.762s][debug][gc,ref       ] GC(472) Skipped phase4 of Reference Processing due to unavailable references
[1757.762s][debug][gc,age       ] GC(472) Desired survivor size 15368192 bytes, new threshold 6 (max threshold 6)
[1757.762s][info ][gc,heap      ] GC(472) ParNew: 241620K->1583K(270336K)
[1757.762s][info ][gc,heap      ] GC(472) CMS: 290357K->290452K(600768K)
[1757.762s][info ][gc,metaspace ] GC(472) Metaspace: 57650K->57650K(1101824K)
[1757.762s][info ][gc           ] GC(472) Pause Young (Allocation Failure) 519M->285M(850M) 3.158ms
[1757.762s][info ][gc,cpu       ] GC(472) User=0.01s Sys=0.00s Real=0.00s
[1757.762s][info ][safepoint    ] Leaving safepoint region
[1757.762s][info ][safepoint    ] Total time for which application threads were stopped: 0.0034025 seconds, Stopping threads took: 0.0000968 seconds
[1762.008s][info ][safepoint    ] Application time: 4.2464206 seconds
[1762.009s][info ][safepoint    ] Entering safepoint region: GenCollectForAllocation
[1762.009s][info ][gc,start     ] GC(473) Pause Young (Allocation Failure)
[1762.009s][info ][gc,task      ] GC(473) Using 4 workers of 4 for evacuation
[1762.011s][debug][gc,ref       ] GC(473) Skipped phase1 of Reference Processing due to unavailable references
[1762.011s][debug][gc,ref       ] GC(473) Skipped phase2 of Reference Processing due to unavailable references
[1762.011s][debug][gc,ref       ] GC(473) Skipped phase3 of Reference Processing due to unavailable references
[1762.011s][debug][gc,ref       ] GC(473) Skipped phase4 of Reference Processing due to unavailable references
[1762.011s][debug][gc,age       ] GC(473) Desired survivor size 15368192 bytes, new threshold 6 (max threshold 6)
[1762.011s][info ][gc,heap      ] GC(473) ParNew: 241903K->1818K(270336K)
[1762.011s][info ][gc,heap      ] GC(473) CMS: 290452K->290460K(600768K)
[1762.011s][info ][gc,metaspace ] GC(473) Metaspace: 57650K->57650K(1101824K)
[1762.011s][info ][gc           ] GC(473) Pause Young (Allocation Failure) 519M->285M(850M) 2.881ms
[1762.012s][info ][gc,cpu       ] GC(473) User=0.01s Sys=0.00s Real=0.00s
[1762.012s][info ][safepoint    ] Leaving safepoint region
[1762.012s][info ][safepoint    ] Total time for which application threads were stopped: 0.0030941 seconds, Stopping threads took: 0.0000858 seconds
[1766.318s][info ][safepoint    ] Application time: 4.3065470 seconds
[1766.318s][info ][safepoint    ] Entering safepoint region: GenCollectForAllocation
[1766.318s][info ][gc,start     ] GC(474) Pause Young (Allocation Failure)
[1766.318s][info ][gc,task      ] GC(474) Using 4 workers of 4 for evacuation
[1766.321s][debug][gc,ref       ] GC(474) Skipped phase1 of Reference Processing due to unavailable references
[1766.321s][debug][gc,ref       ] GC(474) Skipped phase2 of Reference Processing due to unavailable references
[1766.321s][debug][gc,ref       ] GC(474) Skipped phase3 of Reference Processing due to unavailable references
[1766.321s][debug][gc,ref       ] GC(474) Skipped phase4 of Reference Processing due to unavailable references
[1766.321s][debug][gc,age       ] GC(474) Desired survivor size 15368192 bytes, new threshold 6 (max threshold 6)
[1766.321s][info ][gc,heap      ] GC(474) ParNew: 242138K->1994K(270336K)
[1766.321s][info ][gc,heap      ] GC(474) CMS: 290460K->290518K(600768K)
[1766.321s][info ][gc,metaspace ] GC(474) Metaspace: 57650K->57650K(1101824K)
[1766.321s][info ][gc           ] GC(474) Pause Young (Allocation Failure) 520M->285M(850M) 3.099ms
[1766.321s][info ][gc,cpu       ] GC(474) User=0.01s Sys=0.00s Real=0.00s
[1766.321s][info ][safepoint    ] Leaving safepoint region
[1766.321s][info ][safepoint    ] Total time for which application threads were stopped: 0.0032795 seconds, Stopping threads took: 0.0000604 seconds
[1770.414s][info ][safepoint    ] Application time: 4.0923550 seconds
[1770.414s][info ][safepoint    ] Entering safepoint region: GenCollectForAllocation
[1770.414s][info ][gc,start     ] GC(475) Pause Young (Allocation Failure)
[1770.414s][info ][gc,task      ] GC(475) Using 4 workers of 4 for evacuation
[1770.419s][debug][gc,ref       ] GC(475) Skipped phase1 of Reference Processing due to unavailable references
[1770.419s][debug][gc,ref       ] GC(475) Skipped phase2 of Reference Processing due to unavailable references
[1770.419s][debug][gc,ref       ] GC(475) Skipped phase3 of Reference Processing due to unavailable references
[1770.419s][debug][gc,ref       ] GC(475) Skipped phase4 of Reference Processing due to unavailable references
[1770.420s][debug][gc,age       ] GC(475) Desired survivor size 15368192 bytes, new threshold 6 (max threshold 6)
[1770.420s][info ][gc,heap      ] GC(475) ParNew: 242314K->2040K(270336K)
[1770.420s][info ][gc,heap      ] GC(475) CMS: 290518K->290678K(600768K)
[1770.420s][info ][gc,metaspace ] GC(475) Metaspace: 57650K->57650K(1101824K)
[1770.420s][info ][gc           ] GC(475) Pause Young (Allocation Failure) 520M->285M(850M) 5.614ms
[1770.420s][info ][gc,cpu       ] GC(475) User=0.02s Sys=0.00s Real=0.00s
[1770.420s][info ][safepoint    ] Leaving safepoint region
[1770.420s][info ][safepoint    ] Total time for which application threads were stopped: 0.0057655 seconds, Stopping threads took: 0.0000161 seconds
[1773.420s][info ][safepoint    ] Application time: 3.0003414 seconds
[1773.420s][info ][safepoint    ] Entering safepoint region: Cleanup
[1773.420s][info ][safepoint    ] Leaving safepoint region
[1773.420s][info ][safepoint    ] Total time for which application threads were stopped: 0.0000713 seconds, Stopping threads took: 0.0000152 seconds
[1774.420s][info ][safepoint    ] Application time: 1.0000516 seconds
[1774.420s][info ][safepoint    ] Entering safepoint region: Cleanup
[1774.420s][info ][safepoint    ] Leaving safepoint region
[1774.420s][info ][safepoint    ] Total time for which application threads were stopped: 0.0000854 seconds, Stopping threads took: 0.0000148 seconds
[1774.463s][info ][safepoint    ] Application time: 0.0432123 seconds
[1774.463s][info ][safepoint    ] Entering safepoint region: GenCollectForAllocation
[1774.464s][info ][gc,start     ] GC(476) Pause Young (Allocation Failure)
[1774.464s][info ][gc,task      ] GC(476) Using 4 workers of 4 for evacuation
[1774.467s][debug][gc,ref       ] GC(476) Skipped phase1 of Reference Processing due to unavailable references
[1774.467s][debug][gc,ref       ] GC(476) Skipped phase2 of Reference Processing due to unavailable references
[1774.467s][debug][gc,ref       ] GC(476) Skipped phase3 of Reference Processing due to unavailable references
[1774.467s][debug][gc,ref       ] GC(476) Skipped phase4 of Reference Processing due to unavailable references
[1774.467s][debug][gc,age       ] GC(476) Desired survivor size 15368192 bytes, new threshold 6 (max threshold 6)
[1774.467s][info ][gc,heap      ] GC(476) ParNew: 242360K->3206K(270336K)
[1774.467s][info ][gc,heap      ] GC(476) CMS: 290678K->290839K(600768K)
[1774.467s][info ][gc,metaspace ] GC(476) Metaspace: 57650K->57650K(1101824K)
[1774.467s][info ][gc           ] GC(476) Pause Young (Allocation Failure) 520M->287M(850M) 3.738ms
[1774.467s][info ][gc,cpu       ] GC(476) User=0.01s Sys=0.00s Real=0.01s
[1774.467s][info ][safepoint    ] Leaving safepoint region
[1774.467s][info ][safepoint    ] Total time for which application threads were stopped: 0.0038924 seconds, Stopping threads took: 0.0000147 seconds
[1778.468s][info ][safepoint    ] Application time: 4.0004447 seconds
[1778.468s][info ][safepoint    ] Entering safepoint region: Cleanup
[1778.468s][info ][safepoint    ] Leaving safepoint region
[1778.468s][info ][safepoint    ] Total time for which application threads were stopped: 0.0000726 seconds, Stopping threads took: 0.0000149 seconds
[1778.859s][info ][safepoint    ] Application time: 0.3914683 seconds
[1778.859s][info ][safepoint    ] Entering safepoint region: GenCollectForAllocation
[1778.860s][info ][gc,start     ] GC(477) Pause Young (Allocation Failure)
[1778.860s][info ][gc,task      ] GC(477) Using 4 workers of 4 for evacuation
[1778.863s][debug][gc,ref       ] GC(477) Skipped phase1 of Reference Processing due to unavailable references
[1778.863s][debug][gc,ref       ] GC(477) Skipped phase2 of Reference Processing due to unavailable references
[1778.863s][debug][gc,ref       ] GC(477) Skipped phase3 of Reference Processing due to unavailable references
[1778.863s][debug][gc,ref       ] GC(477) Skipped phase4 of Reference Processing due to unavailable references
[1778.863s][debug][gc,age       ] GC(477) Desired survivor size 15368192 bytes, new threshold 6 (max threshold 6)
[1778.863s][info ][gc,heap      ] GC(477) ParNew: 243526K->3266K(270336K)
[1778.863s][info ][gc,heap      ] GC(477) CMS: 290839K->291068K(600768K)
[1778.863s][info ][gc,metaspace ] GC(477) Metaspace: 57651K->57651K(1101824K)
[1778.863s][info ][gc           ] GC(477) Pause Young (Allocation Failure) 521M->287M(850M) 3.698ms
[1778.863s][info ][gc,cpu       ] GC(477) User=0.01s Sys=0.00s Real=0.00s
[1778.863s][info ][safepoint    ] Leaving safepoint region
[1778.863s][info ][safepoint    ] Total time for which application threads were stopped: 0.0038567 seconds, Stopping threads took: 0.0000142 seconds
[1779.863s][info ][safepoint    ] Application time: 1.0000977 seconds
[1779.864s][info ][safepoint    ] Entering safepoint region: Cleanup
[1779.864s][info ][safepoint    ] Leaving safepoint region
[1779.864s][info ][safepoint    ] Total time for which application threads were stopped: 0.0001547 seconds, Stopping threads took: 0.0000799 seconds
[1780.864s][info ][safepoint    ] Application time: 1.0000981 seconds
[1780.864s][info ][safepoint    ] Entering safepoint region: Cleanup
[1780.864s][info ][safepoint    ] Leaving safepoint region
[1780.864s][info ][safepoint    ] Total time for which application threads were stopped: 0.0001344 seconds, Stopping threads took: 0.0000590 seconds
[1783.212s][info ][safepoint    ] Application time: 2.3482028 seconds
[1783.212s][info ][safepoint    ] Entering safepoint region: GenCollectForAllocation
[1783.212s][info ][gc,start     ] GC(478) Pause Young (Allocation Failure)
[1783.212s][info ][gc,task      ] GC(478) Using 4 workers of 4 for evacuation
[1783.216s][debug][gc,ref       ] GC(478) Skipped phase1 of Reference Processing due to unavailable references
[1783.216s][debug][gc,ref       ] GC(478) Skipped phase2 of Reference Processing due to unavailable references
[1783.216s][debug][gc,ref       ] GC(478) Skipped phase3 of Reference Processing due to unavailable references
[1783.216s][debug][gc,ref       ] GC(478) Skipped phase4 of Reference Processing due to unavailable references
[1783.216s][debug][gc,age       ] GC(478) Desired survivor size 15368192 bytes, new threshold 6 (max threshold 6)
[1783.216s][info ][gc,heap      ] GC(478) ParNew: 243586K->2866K(270336K)
[1783.216s][info ][gc,heap      ] GC(478) CMS: 291068K->291381K(600768K)
[1783.216s][info ][gc,metaspace ] GC(478) Metaspace: 57651K->57651K(1101824K)
[1783.216s][info ][gc           ] GC(478) Pause Young (Allocation Failure) 522M->287M(850M) 3.740ms
[1783.216s][info ][gc,cpu       ] GC(478) User=0.01s Sys=0.00s Real=0.00s
[1783.216s][info ][safepoint    ] Leaving safepoint region
[1783.216s][info ][safepoint    ] Total time for which application threads were stopped: 0.0038823 seconds, Stopping threads took: 0.0000134 seconds
[1785.216s][info ][safepoint    ] Application time: 2.0001539 seconds
[1785.216s][info ][safepoint    ] Entering safepoint region: Cleanup
[1785.216s][info ][safepoint    ] Leaving safepoint region
[1785.216s][info ][safepoint    ] Total time for which application threads were stopped: 0.0000819 seconds, Stopping threads took: 0.0000144 seconds
[1786.216s][info ][safepoint    ] Application time: 1.0000892 seconds
[1786.216s][info ][safepoint    ] Entering safepoint region: Cleanup
[1786.216s][info ][safepoint    ] Leaving safepoint region
[1786.216s][info ][safepoint    ] Total time for which application threads were stopped: 0.0000721 seconds, Stopping threads took: 0.0000134 seconds
[1787.458s][info ][safepoint    ] Application time: 1.2418495 seconds
[1787.458s][info ][safepoint    ] Entering safepoint region: GenCollectForAllocation
[1787.459s][info ][gc,start     ] GC(479) Pause Young (Allocation Failure)
[1787.459s][info ][gc,task      ] GC(479) Using 4 workers of 4 for evacuation
[1787.461s][debug][gc,ref       ] GC(479) Skipped phase1 of Reference Processing due to unavailable references
[1787.461s][debug][gc,ref       ] GC(479) Skipped phase3 of Reference Processing due to unavailable references
[1787.462s][debug][gc,age       ] GC(479) Desired survivor size 15368192 bytes, new threshold 6 (max threshold 6)
[1787.462s][info ][gc,heap      ] GC(479) ParNew: 243186K->2751K(270336K)
[1787.462s][info ][gc,heap      ] GC(479) CMS: 291381K->291469K(600768K)
[1787.462s][info ][gc,metaspace ] GC(479) Metaspace: 57684K->57684K(1101824K)
[1787.462s][info ][gc           ] GC(479) Pause Young (Allocation Failure) 522M->287M(850M) 3.141ms
[1787.462s][info ][gc,cpu       ] GC(479) User=0.01s Sys=0.00s Real=0.00s
[1787.462s][info ][safepoint    ] Leaving safepoint region
[1787.462s][info ][safepoint    ] Total time for which application threads were stopped: 0.0033218 seconds, Stopping threads took: 0.0000393 seconds
[1791.462s][info ][safepoint    ] Application time: 4.0003906 seconds
[1791.462s][info ][safepoint    ] Entering safepoint region: Cleanup
[1791.462s][info ][safepoint    ] Leaving safepoint region
[1791.462s][info ][safepoint    ] Total time for which application threads were stopped: 0.0001283 seconds, Stopping threads took: 0.0000574 seconds
[1791.811s][info ][safepoint    ] Application time: 0.3489474 seconds
[1791.811s][info ][safepoint    ] Entering safepoint region: GenCollectForAllocation
[1791.811s][info ][gc,start     ] GC(480) Pause Young (Allocation Failure)
[1791.811s][info ][gc,task      ] GC(480) Using 4 workers of 4 for evacuation
[1791.815s][debug][gc,ref       ] GC(480) Skipped phase1 of Reference Processing due to unavailable references
[1791.815s][debug][gc,ref       ] GC(480) Skipped phase3 of Reference Processing due to unavailable references
[1791.815s][debug][gc,ref       ] GC(480) Skipped phase4 of Reference Processing due to unavailable references
[1791.815s][debug][gc,age       ] GC(480) Desired survivor size 15368192 bytes, new threshold 6 (max threshold 6)
[1791.815s][info ][gc,heap      ] GC(480) ParNew: 243071K->3077K(270336K)
[1791.815s][info ][gc,heap      ] GC(480) CMS: 291469K->291619K(600768K)
[1791.815s][info ][gc,metaspace ] GC(480) Metaspace: 57684K->57684K(1101824K)
[1791.815s][info ][gc           ] GC(480) Pause Young (Allocation Failure) 522M->287M(850M) 3.341ms
[1791.815s][info ][gc,cpu       ] GC(480) User=0.00s Sys=0.01s Real=0.01s
[1791.815s][info ][safepoint    ] Leaving safepoint region
[1791.815s][info ][safepoint    ] Total time for which application threads were stopped: 0.0035167 seconds, Stopping threads took: 0.0000143 seconds
[1792.815s][info ][safepoint    ] Application time: 1.0001180 seconds
[1792.815s][info ][safepoint    ] Entering safepoint region: Cleanup
[1792.815s][info ][safepoint    ] Leaving safepoint region
[1792.815s][info ][safepoint    ] Total time for which application threads were stopped: 0.0001521 seconds, Stopping threads took: 0.0000743 seconds
[1793.815s][info ][safepoint    ] Application time: 1.0000977 seconds
[1793.815s][info ][safepoint    ] Entering safepoint region: Cleanup
[1793.815s][info ][safepoint    ] Leaving safepoint region
[1793.815s][info ][safepoint    ] Total time for which application threads were stopped: 0.0001654 seconds, Stopping threads took: 0.0000894 seconds
[1795.816s][info ][safepoint    ] Application time: 2.0001813 seconds
[1795.816s][info ][safepoint    ] Entering safepoint region: Cleanup
[1795.816s][info ][safepoint    ] Leaving safepoint region
[1795.816s][info ][safepoint    ] Total time for which application threads were stopped: 0.0000722 seconds, Stopping threads took: 0.0000147 seconds
[1796.013s][info ][safepoint    ] Application time: 0.1973985 seconds
[1796.013s][info ][safepoint    ] Entering safepoint region: GenCollectForAllocation
[1796.013s][info ][gc,start     ] GC(481) Pause Young (Allocation Failure)
[1796.013s][info ][gc,task      ] GC(481) Using 4 workers of 4 for evacuation
[1796.016s][debug][gc,ref       ] GC(481) Skipped phase1 of Reference Processing due to unavailable references
[1796.016s][debug][gc,ref       ] GC(481) Skipped phase3 of Reference Processing due to unavailable references
[1796.016s][debug][gc,ref       ] GC(481) Skipped phase4 of Reference Processing due to unavailable references
[1796.016s][debug][gc,age       ] GC(481) Desired survivor size 15368192 bytes, new threshold 6 (max threshold 6)
[1796.016s][info ][gc,heap      ] GC(481) ParNew: 243397K->2524K(270336K)
[1796.016s][info ][gc,heap      ] GC(481) CMS: 291619K->291845K(600768K)
[1796.016s][info ][gc,metaspace ] GC(481) Metaspace: 57684K->57684K(1101824K)
[1796.016s][info ][gc           ] GC(481) Pause Young (Allocation Failure) 522M->287M(850M) 3.248ms
[1796.016s][info ][gc,cpu       ] GC(481) User=0.01s Sys=0.00s Real=0.00s
[1796.017s][info ][safepoint    ] Leaving safepoint region
[1796.017s][info ][safepoint    ] Total time for which application threads were stopped: 0.0034017 seconds, Stopping threads took: 0.0000137 seconds
[1800.261s][info ][safepoint    ] Application time: 4.2446431 seconds
[1800.261s][info ][safepoint    ] Entering safepoint region: GenCollectForAllocation
[1800.261s][info ][gc,start     ] GC(482) Pause Young (Allocation Failure)
[1800.261s][info ][gc,task      ] GC(482) Using 4 workers of 4 for evacuation
[1800.265s][debug][gc,ref       ] GC(482) Skipped phase1 of Reference Processing due to unavailable references
[1800.265s][debug][gc,ref       ] GC(482) Skipped phase3 of Reference Processing due to unavailable references
[1800.265s][debug][gc,ref       ] GC(482) Skipped phase4 of Reference Processing due to unavailable references
[1800.265s][debug][gc,age       ] GC(482) Desired survivor size 15368192 bytes, new threshold 6 (max threshold 6)
[1800.265s][info ][gc,heap      ] GC(482) ParNew: 242844K->2281K(270336K)
[1800.265s][info ][gc,heap      ] GC(482) CMS: 291845K->292861K(600768K)
[1800.265s][info ][gc,metaspace ] GC(482) Metaspace: 57684K->57684K(1101824K)
[1800.265s][info ][gc           ] GC(482) Pause Young (Allocation Failure) 522M->288M(850M) 3.910ms
[1800.265s][info ][gc,cpu       ] GC(482) User=0.01s Sys=0.00s Real=0.01s
[1800.265s][info ][safepoint    ] Leaving safepoint region
[1800.265s][info ][safepoint    ] Total time for which application threads were stopped: 0.0040561 seconds, Stopping threads took: 0.0000161 seconds
[1801.265s][info ][safepoint    ] Application time: 1.0001079 seconds
[1801.265s][info ][safepoint    ] Entering safepoint region: Cleanup
[1801.265s][info ][safepoint    ] Leaving safepoint region
[1801.265s][info ][safepoint    ] Total time for which application threads were stopped: 0.0000925 seconds, Stopping threads took: 0.0000295 seconds
[1804.618s][info ][safepoint    ] Application time: 3.3521758 seconds
[1804.618s][info ][safepoint    ] Entering safepoint region: GenCollectForAllocation
[1804.618s][info ][gc,start     ] GC(483) Pause Young (Allocation Failure)
[1804.618s][info ][gc,task      ] GC(483) Using 4 workers of 4 for evacuation
[1804.620s][debug][gc,ref       ] GC(483) Skipped phase1 of Reference Processing due to unavailable references
[1804.620s][debug][gc,ref       ] GC(483) Skipped phase3 of Reference Processing due to unavailable references
[1804.620s][debug][gc,ref       ] GC(483) Skipped phase4 of Reference Processing due to unavailable references
[1804.620s][debug][gc,age       ] GC(483) Desired survivor size 15368192 bytes, new threshold 6 (max threshold 6)
[1804.621s][info ][gc,heap      ] GC(483) ParNew: 242601K->1480K(270336K)
[1804.621s][info ][gc,heap      ] GC(483) CMS: 292861K->292986K(600768K)
[1804.621s][info ][gc,metaspace ] GC(483) Metaspace: 57684K->57684K(1101824K)
[1804.621s][info ][gc           ] GC(483) Pause Young (Allocation Failure) 522M->287M(850M) 2.722ms
[1804.621s][info ][gc,cpu       ] GC(483) User=0.01s Sys=0.00s Real=0.00s
[1804.621s][info ][safepoint    ] Leaving safepoint region
[1804.621s][info ][safepoint    ] Total time for which application threads were stopped: 0.0028652 seconds, Stopping threads took: 0.0000134 seconds
[1809.111s][info ][safepoint    ] Application time: 4.4905347 seconds
[1809.111s][info ][safepoint    ] Entering safepoint region: GenCollectForAllocation
[1809.111s][info ][gc,start     ] GC(484) Pause Young (Allocation Failure)
[1809.111s][info ][gc,task      ] GC(484) Using 4 workers of 4 for evacuation
[1809.114s][debug][gc,ref       ] GC(484) Skipped phase1 of Reference Processing due to unavailable references
[1809.114s][debug][gc,ref       ] GC(484) Skipped phase3 of Reference Processing due to unavailable references
[1809.114s][debug][gc,ref       ] GC(484) Skipped phase4 of Reference Processing due to unavailable references
[1809.114s][debug][gc,age       ] GC(484) Desired survivor size 15368192 bytes, new threshold 6 (max threshold 6)
[1809.114s][info ][gc,heap      ] GC(484) ParNew: 241800K->1561K(270336K)
[1809.114s][info ][gc,heap      ] GC(484) CMS: 292986K->292998K(600768K)
[1809.114s][info ][gc,metaspace ] GC(484) Metaspace: 57684K->57684K(1101824K)
[1809.114s][info ][gc           ] GC(484) Pause Young (Allocation Failure) 522M->287M(850M) 2.687ms
[1809.114s][info ][gc,cpu       ] GC(484) User=0.01s Sys=0.00s Real=0.01s
[1809.114s][info ][safepoint    ] Leaving safepoint region
[1809.114s][info ][safepoint    ] Total time for which application threads were stopped: 0.0028392 seconds, Stopping threads took: 0.0000152 seconds
[1812.114s][info ][safepoint    ] Application time: 3.0002564 seconds
[1812.114s][info ][safepoint    ] Entering safepoint region: Cleanup
[1812.114s][info ][safepoint    ] Leaving safepoint region
[1812.114s][info ][safepoint    ] Total time for which application threads were stopped: 0.0001717 seconds, Stopping threads took: 0.0000923 seconds
[1812.284s][info ][safepoint    ] Application time: 0.1698026 seconds
[1812.284s][info ][safepoint    ] Entering safepoint region: GenCollectForAllocation
[1812.284s][info ][gc,start     ] GC(485) Pause Young (Allocation Failure)
[1812.284s][info ][gc,task      ] GC(485) Using 4 workers of 4 for evacuation
[1812.292s][debug][gc,ref       ] GC(485) Skipped phase1 of Reference Processing due to unavailable references
[1812.292s][debug][gc,ref       ] GC(485) Skipped phase2 of Reference Processing due to unavailable references
[1812.292s][debug][gc,ref       ] GC(485) Skipped phase3 of Reference Processing due to unavailable references
[1812.292s][debug][gc,ref       ] GC(485) Skipped phase4 of Reference Processing due to unavailable references
[1812.292s][debug][gc,age       ] GC(485) Desired survivor size 15368192 bytes, new threshold 6 (max threshold 6)
[1812.292s][info ][gc,heap      ] GC(485) ParNew: 241881K->12677K(270336K)
[1812.292s][info ][gc,heap      ] GC(485) CMS: 292998K->293282K(600768K)
[1812.292s][info ][gc,metaspace ] GC(485) Metaspace: 57690K->57690K(1101824K)
[1812.292s][info ][gc           ] GC(485) Pause Young (Allocation Failure) 522M->298M(850M) 7.559ms
[1812.292s][info ][gc,cpu       ] GC(485) User=0.02s Sys=0.00s Real=0.00s
[1812.292s][info ][safepoint    ] Leaving safepoint region
[1812.292s][info ][safepoint    ] Total time for which application threads were stopped: 0.0077415 seconds, Stopping threads took: 0.0000361 seconds
[1816.210s][info ][safepoint    ] Application time: 3.9179507 seconds
[1816.210s][info ][safepoint    ] Entering safepoint region: GenCollectForAllocation
[1816.210s][info ][gc,start     ] GC(486) Pause Young (Allocation Failure)
[1816.210s][info ][gc,task      ] GC(486) Using 4 workers of 4 for evacuation
[1816.213s][debug][gc,ref       ] GC(486) Skipped phase1 of Reference Processing due to unavailable references
[1816.213s][debug][gc,ref       ] GC(486) Skipped phase2 of Reference Processing due to unavailable references
[1816.213s][debug][gc,ref       ] GC(486) Skipped phase3 of Reference Processing due to unavailable references
[1816.213s][debug][gc,ref       ] GC(486) Skipped phase4 of Reference Processing due to unavailable references
[1816.214s][debug][gc,age       ] GC(486) Desired survivor size 15368192 bytes, new threshold 6 (max threshold 6)
[1816.214s][info ][gc,heap      ] GC(486) ParNew: 252997K->9481K(270336K)
[1816.214s][info ][gc,heap      ] GC(486) CMS: 293282K->293320K(600768K)
[1816.214s][info ][gc,metaspace ] GC(486) Metaspace: 57690K->57690K(1101824K)
[1816.214s][info ][gc           ] GC(486) Pause Young (Allocation Failure) 533M->295M(850M) 3.440ms
[1816.214s][info ][gc,cpu       ] GC(486) User=0.01s Sys=0.00s Real=0.01s
[1816.214s][info ][safepoint    ] Leaving safepoint region
[1816.214s][info ][safepoint    ] Total time for which application threads were stopped: 0.0035977 seconds, Stopping threads took: 0.0000146 seconds
[1817.214s][info ][safepoint    ] Application time: 1.0000711 seconds
[1817.214s][info ][safepoint    ] Entering safepoint region: Cleanup
[1817.214s][info ][safepoint    ] Leaving safepoint region
[1817.214s][info ][safepoint    ] Total time for which application threads were stopped: 0.0001502 seconds, Stopping threads took: 0.0000719 seconds
[1818.214s][info ][safepoint    ] Application time: 1.0000851 seconds
[1818.214s][info ][safepoint    ] Entering safepoint region: Cleanup
[1818.214s][info ][safepoint    ] Leaving safepoint region
[1818.214s][info ][safepoint    ] Total time for which application threads were stopped: 0.0001406 seconds, Stopping threads took: 0.0000647 seconds
[1820.409s][info ][safepoint    ] Application time: 2.1943678 seconds
[1820.409s][info ][safepoint    ] Entering safepoint region: GenCollectForAllocation
[1820.409s][info ][gc,start     ] GC(487) Pause Young (Allocation Failure)
[1820.409s][info ][gc,task      ] GC(487) Using 4 workers of 4 for evacuation
[1820.412s][debug][gc,ref       ] GC(487) Skipped phase1 of Reference Processing due to unavailable references
[1820.412s][debug][gc,ref       ] GC(487) Skipped phase2 of Reference Processing due to unavailable references
[1820.412s][debug][gc,ref       ] GC(487) Skipped phase3 of Reference Processing due to unavailable references
[1820.412s][debug][gc,ref       ] GC(487) Skipped phase4 of Reference Processing due to unavailable references
[1820.412s][debug][gc,age       ] GC(487) Desired survivor size 15368192 bytes, new threshold 6 (max threshold 6)
[1820.412s][info ][gc,heap      ] GC(487) ParNew: 249801K->2578K(270336K)
[1820.412s][info ][gc,heap      ] GC(487) CMS: 293320K->293428K(600768K)
[1820.412s][info ][gc,metaspace ] GC(487) Metaspace: 57695K->57695K(1101824K)
[1820.412s][info ][gc           ] GC(487) Pause Young (Allocation Failure) 530M->289M(850M) 3.480ms
[1820.412s][info ][gc,cpu       ] GC(487) User=0.01s Sys=0.00s Real=0.01s
[1820.412s][info ][safepoint    ] Leaving safepoint region
[1820.412s][info ][safepoint    ] Total time for which application threads were stopped: 0.0037232 seconds, Stopping threads took: 0.0000971 seconds
[1824.559s][info ][safepoint    ] Application time: 4.1465136 seconds
[1824.559s][info ][safepoint    ] Entering safepoint region: GenCollectForAllocation
[1824.559s][info ][gc,start     ] GC(488) Pause Young (Allocation Failure)
[1824.559s][info ][gc,task      ] GC(488) Using 4 workers of 4 for evacuation
[1824.562s][debug][gc,ref       ] GC(488) Skipped phase1 of Reference Processing due to unavailable references
[1824.562s][debug][gc,ref       ] GC(488) Skipped phase2 of Reference Processing due to unavailable references
[1824.562s][debug][gc,ref       ] GC(488) Skipped phase3 of Reference Processing due to unavailable references
[1824.562s][debug][gc,ref       ] GC(488) Skipped phase4 of Reference Processing due to unavailable references
[1824.562s][debug][gc,age       ] GC(488) Desired survivor size 15368192 bytes, new threshold 6 (max threshold 6)
[1824.562s][info ][gc,heap      ] GC(488) ParNew: 242898K->1345K(270336K)
[1824.562s][info ][gc,heap      ] GC(488) CMS: 293428K->293526K(600768K)
[1824.562s][info ][gc,metaspace ] GC(488) Metaspace: 57695K->57695K(1101824K)
[1824.562s][info ][gc           ] GC(488) Pause Young (Allocation Failure) 523M->287M(850M) 3.180ms
[1824.562s][info ][gc,cpu       ] GC(488) User=0.02s Sys=0.00s Real=0.00s
[1824.562s][info ][safepoint    ] Leaving safepoint region
[1824.562s][info ][safepoint    ] Total time for which application threads were stopped: 0.0033725 seconds, Stopping threads took: 0.0000548 seconds
[1828.863s][info ][safepoint    ] Application time: 4.3010383 seconds
[1828.863s][info ][safepoint    ] Entering safepoint region: GenCollectForAllocation
[1828.863s][info ][gc,start     ] GC(489) Pause Young (Allocation Failure)
[1828.863s][info ][gc,task      ] GC(489) Using 4 workers of 4 for evacuation
[1828.866s][debug][gc,ref       ] GC(489) Skipped phase1 of Reference Processing due to unavailable references
[1828.866s][debug][gc,ref       ] GC(489) Skipped phase2 of Reference Processing due to unavailable references
[1828.866s][debug][gc,ref       ] GC(489) Skipped phase3 of Reference Processing due to unavailable references
[1828.866s][debug][gc,ref       ] GC(489) Skipped phase4 of Reference Processing due to unavailable references
[1828.867s][debug][gc,age       ] GC(489) Desired survivor size 15368192 bytes, new threshold 6 (max threshold 6)
[1828.867s][info ][gc,heap      ] GC(489) ParNew: 241665K->1598K(270336K)
[1828.867s][info ][gc,heap      ] GC(489) CMS: 293526K->293686K(600768K)
[1828.867s][info ][gc,metaspace ] GC(489) Metaspace: 57696K->57696K(1101824K)
[1828.867s][info ][gc           ] GC(489) Pause Young (Allocation Failure) 522M->288M(850M) 3.192ms
[1828.867s][info ][gc,cpu       ] GC(489) User=0.01s Sys=0.00s Real=0.01s
[1828.867s][info ][safepoint    ] Leaving safepoint region
[1828.867s][info ][safepoint    ] Total time for which application threads were stopped: 0.0033395 seconds, Stopping threads took: 0.0000163 seconds
[1830.867s][info ][safepoint    ] Application time: 2.0001701 seconds
[1830.867s][info ][safepoint    ] Entering safepoint region: Cleanup
[1830.867s][info ][safepoint    ] Leaving safepoint region
[1830.867s][info ][safepoint    ] Total time for which application threads were stopped: 0.0000862 seconds, Stopping threads took: 0.0000260 seconds
[1833.313s][info ][safepoint    ] Application time: 2.4464756 seconds
[1833.313s][info ][safepoint    ] Entering safepoint region: GenCollectForAllocation
[1833.314s][info ][gc,start     ] GC(490) Pause Young (Allocation Failure)
[1833.314s][info ][gc,task      ] GC(490) Using 4 workers of 4 for evacuation
[1833.317s][debug][gc,ref       ] GC(490) Skipped phase1 of Reference Processing due to unavailable references
[1833.317s][debug][gc,ref       ] GC(490) Skipped phase2 of Reference Processing due to unavailable references
[1833.317s][debug][gc,ref       ] GC(490) Skipped phase3 of Reference Processing due to unavailable references
[1833.317s][debug][gc,ref       ] GC(490) Skipped phase4 of Reference Processing due to unavailable references
[1833.317s][debug][gc,age       ] GC(490) Desired survivor size 15368192 bytes, new threshold 6 (max threshold 6)
[1833.317s][info ][gc,heap      ] GC(490) ParNew: 241918K->1822K(270336K)
[1833.317s][info ][gc,heap      ] GC(490) CMS: 293686K->293827K(600768K)
[1833.317s][info ][gc,metaspace ] GC(490) Metaspace: 57699K->57699K(1101824K)
[1833.317s][info ][gc           ] GC(490) Pause Young (Allocation Failure) 523M->288M(850M) 3.288ms
[1833.317s][info ][gc,cpu       ] GC(490) User=0.02s Sys=0.00s Real=0.00s
[1833.317s][info ][safepoint    ] Leaving safepoint region
[1833.317s][info ][safepoint    ] Total time for which application threads were stopped: 0.0034788 seconds, Stopping threads took: 0.0000145 seconds
[1835.317s][info ][safepoint    ] Application time: 2.0001638 seconds
[1835.317s][info ][safepoint    ] Entering safepoint region: Cleanup
[1835.317s][info ][safepoint    ] Leaving safepoint region
[1835.317s][info ][safepoint    ] Total time for which application threads were stopped: 0.0000772 seconds, Stopping threads took: 0.0000146 seconds
[1837.317s][info ][safepoint    ] Application time: 2.0001758 seconds
[1837.317s][info ][safepoint    ] Entering safepoint region: Cleanup
[1837.317s][info ][safepoint    ] Leaving safepoint region
[1837.317s][info ][safepoint    ] Total time for which application threads were stopped: 0.0000740 seconds, Stopping threads took: 0.0000151 seconds
[1837.834s][info ][safepoint    ] Application time: 0.5169595 seconds
[1837.835s][info ][safepoint    ] Entering safepoint region: GenCollectForAllocation
[1837.835s][info ][gc,start     ] GC(491) Pause Young (Allocation Failure)
[1837.835s][info ][gc,task      ] GC(491) Using 4 workers of 4 for evacuation
[1837.838s][debug][gc,ref       ] GC(491) Skipped phase1 of Reference Processing due to unavailable references
[1837.838s][debug][gc,ref       ] GC(491) Skipped phase2 of Reference Processing due to unavailable references
[1837.838s][debug][gc,ref       ] GC(491) Skipped phase3 of Reference Processing due to unavailable references
[1837.838s][debug][gc,ref       ] GC(491) Skipped phase4 of Reference Processing due to unavailable references
[1837.838s][debug][gc,age       ] GC(491) Desired survivor size 15368192 bytes, new threshold 6 (max threshold 6)
[1837.838s][info ][gc,heap      ] GC(491) ParNew: 242142K->1754K(270336K)
[1837.838s][info ][gc,heap      ] GC(491) CMS: 293827K->293949K(600768K)
[1837.838s][info ][gc,metaspace ] GC(491) Metaspace: 57699K->57699K(1101824K)
[1837.838s][info ][gc           ] GC(491) Pause Young (Allocation Failure) 523M->288M(850M) 3.330ms
[1837.838s][info ][gc,cpu       ] GC(491) User=0.01s Sys=0.00s Real=0.00s
[1837.838s][info ][safepoint    ] Leaving safepoint region
[1837.838s][info ][safepoint    ] Total time for which application threads were stopped: 0.0034787 seconds, Stopping threads took: 0.0000150 seconds
[1839.838s][info ][safepoint    ] Application time: 2.0003357 seconds
[1839.838s][info ][safepoint    ] Entering safepoint region: Cleanup
[1839.838s][info ][safepoint    ] Leaving safepoint region
[1839.838s][info ][safepoint    ] Total time for which application threads were stopped: 0.0000824 seconds, Stopping threads took: 0.0000174 seconds
[1841.839s][info ][safepoint    ] Application time: 2.0001696 seconds
[1841.839s][info ][safepoint    ] Entering safepoint region: Cleanup
[1841.839s][info ][safepoint    ] Leaving safepoint region
[1841.839s][info ][safepoint    ] Total time for which application threads were stopped: 0.0001030 seconds, Stopping threads took: 0.0000430 seconds
[1842.609s][info ][safepoint    ] Application time: 0.7699204 seconds
[1842.609s][info ][safepoint    ] Entering safepoint region: GenCollectForAllocation
[1842.609s][info ][gc,start     ] GC(492) Pause Young (Allocation Failure)
[1842.609s][info ][gc,task      ] GC(492) Using 4 workers of 4 for evacuation
[1842.612s][debug][gc,ref       ] GC(492) Skipped phase1 of Reference Processing due to unavailable references
[1842.612s][debug][gc,ref       ] GC(492) Skipped phase2 of Reference Processing due to unavailable references
[1842.612s][debug][gc,ref       ] GC(492) Skipped phase3 of Reference Processing due to unavailable references
[1842.612s][debug][gc,ref       ] GC(492) Skipped phase4 of Reference Processing due to unavailable references
[1842.612s][debug][gc,age       ] GC(492) Desired survivor size 15368192 bytes, new threshold 6 (max threshold 6)
[1842.612s][info ][gc,heap      ] GC(492) ParNew: 242074K->1545K(270336K)
[1842.612s][info ][gc,heap      ] GC(492) CMS: 293949K->294106K(600768K)
[1842.612s][info ][gc,metaspace ] GC(492) Metaspace: 57699K->57699K(1101824K)
[1842.612s][info ][gc           ] GC(492) Pause Young (Allocation Failure) 523M->288M(850M) 3.022ms
[1842.612s][info ][gc,cpu       ] GC(492) User=0.01s Sys=0.00s Real=0.00s
[1842.612s][info ][safepoint    ] Leaving safepoint region
[1842.612s][info ][safepoint    ] Total time for which application threads were stopped: 0.0031672 seconds, Stopping threads took: 0.0000142 seconds
[1844.612s][info ][safepoint    ] Application time: 2.0002308 seconds
[1844.612s][info ][safepoint    ] Entering safepoint region: Cleanup
[1844.612s][info ][safepoint    ] Leaving safepoint region
[1844.612s][info ][safepoint    ] Total time for which application threads were stopped: 0.0001694 seconds, Stopping threads took: 0.0000991 seconds
[1846.613s][info ][safepoint    ] Application time: 2.0001862 seconds
[1846.613s][info ][safepoint    ] Entering safepoint region: Cleanup
[1846.613s][info ][safepoint    ] Leaving safepoint region
[1846.613s][info ][safepoint    ] Total time for which application threads were stopped: 0.0001556 seconds, Stopping threads took: 0.0000910 seconds
[1847.459s][info ][safepoint    ] Application time: 0.8464708 seconds
[1847.459s][info ][safepoint    ] Entering safepoint region: GenCollectForAllocation
[1847.459s][info ][gc,start     ] GC(493) Pause Young (Allocation Failure)
[1847.459s][info ][gc,task      ] GC(493) Using 4 workers of 4 for evacuation
[1847.462s][debug][gc,ref       ] GC(493) Skipped phase1 of Reference Processing due to unavailable references
[1847.462s][debug][gc,ref       ] GC(493) Skipped phase3 of Reference Processing due to unavailable references
[1847.462s][debug][gc,age       ] GC(493) Desired survivor size 15368192 bytes, new threshold 6 (max threshold 6)
[1847.463s][info ][gc,heap      ] GC(493) ParNew: 241865K->1780K(270336K)
[1847.463s][info ][gc,heap      ] GC(493) CMS: 294106K->294191K(600768K)
[1847.463s][info ][gc,metaspace ] GC(493) Metaspace: 57719K->57719K(1101824K)
[1847.463s][info ][gc           ] GC(493) Pause Young (Allocation Failure) 523M->289M(850M) 3.191ms
[1847.463s][info ][gc,cpu       ] GC(493) User=0.01s Sys=0.00s Real=0.00s
[1847.463s][info ][safepoint    ] Leaving safepoint region
[1847.463s][info ][safepoint    ] Total time for which application threads were stopped: 0.0033403 seconds, Stopping threads took: 0.0000140 seconds
[1848.463s][info ][safepoint    ] Application time: 1.0001214 seconds
[1848.463s][info ][safepoint    ] Entering safepoint region: Cleanup
[1848.463s][info ][safepoint    ] Leaving safepoint region
[1848.463s][info ][safepoint    ] Total time for which application threads were stopped: 0.0001538 seconds, Stopping threads took: 0.0000631 seconds
[1849.463s][info ][safepoint    ] Application time: 1.0001003 seconds
[1849.463s][info ][safepoint    ] Entering safepoint region: Cleanup
[1849.463s][info ][safepoint    ] Leaving safepoint region
[1849.463s][info ][safepoint    ] Total time for which application threads were stopped: 0.0001524 seconds, Stopping threads took: 0.0000751 seconds
[1852.512s][info ][safepoint    ] Application time: 3.0491342 seconds
[1852.512s][info ][safepoint    ] Entering safepoint region: GenCollectForAllocation
[1852.512s][info ][gc,start     ] GC(494) Pause Young (Allocation Failure)
[1852.512s][info ][gc,task      ] GC(494) Using 4 workers of 4 for evacuation
[1852.515s][debug][gc,ref       ] GC(494) Skipped phase1 of Reference Processing due to unavailable references
[1852.515s][debug][gc,ref       ] GC(494) Skipped phase3 of Reference Processing due to unavailable references
[1852.515s][debug][gc,ref       ] GC(494) Skipped phase4 of Reference Processing due to unavailable references
[1852.516s][debug][gc,age       ] GC(494) Desired survivor size 15368192 bytes, new threshold 6 (max threshold 6)
[1852.516s][info ][gc,heap      ] GC(494) ParNew: 242100K->2056K(270336K)
[1852.516s][info ][gc,heap      ] GC(494) CMS: 294191K->294371K(600768K)
[1852.516s][info ][gc,metaspace ] GC(494) Metaspace: 57727K->57727K(1101824K)
[1852.516s][info ][gc           ] GC(494) Pause Young (Allocation Failure) 523M->289M(850M) 3.100ms
[1852.516s][info ][gc,cpu       ] GC(494) User=0.01s Sys=0.01s Real=0.00s
[1852.516s][info ][safepoint    ] Leaving safepoint region
[1852.516s][info ][safepoint    ] Total time for which application threads were stopped: 0.0032532 seconds, Stopping threads took: 0.0000142 seconds
[1853.516s][info ][safepoint    ] Application time: 1.0001370 seconds
[1853.516s][info ][safepoint    ] Entering safepoint region: Cleanup
[1853.516s][info ][safepoint    ] Leaving safepoint region
[1853.516s][info ][safepoint    ] Total time for which application threads were stopped: 0.0000946 seconds, Stopping threads took: 0.0000160 seconds
[1855.516s][info ][safepoint    ] Application time: 2.0003208 seconds
[1855.516s][info ][safepoint    ] Entering safepoint region: Cleanup
[1855.516s][info ][safepoint    ] Leaving safepoint region
[1855.516s][info ][safepoint    ] Total time for which application threads were stopped: 0.0000775 seconds, Stopping threads took: 0.0000163 seconds
[1856.516s][info ][safepoint    ] Application time: 1.0000988 seconds
[1856.516s][info ][safepoint    ] Entering safepoint region: Cleanup
[1856.517s][info ][safepoint    ] Leaving safepoint region
[1856.517s][info ][safepoint    ] Total time for which application threads were stopped: 0.0000753 seconds, Stopping threads took: 0.0000145 seconds
[1857.709s][info ][safepoint    ] Application time: 1.1920216 seconds
[1857.709s][info ][safepoint    ] Entering safepoint region: GenCollectForAllocation
[1857.709s][info ][gc,start     ] GC(495) Pause Young (Allocation Failure)
[1857.709s][info ][gc,task      ] GC(495) Using 4 workers of 4 for evacuation
[1857.711s][debug][gc,ref       ] GC(495) Skipped phase1 of Reference Processing due to unavailable references
[1857.712s][debug][gc,ref       ] GC(495) Skipped phase3 of Reference Processing due to unavailable references
[1857.712s][debug][gc,ref       ] GC(495) Skipped phase4 of Reference Processing due to unavailable references
[1857.712s][debug][gc,age       ] GC(495) Desired survivor size 15368192 bytes, new threshold 6 (max threshold 6)
[1857.712s][info ][gc,heap      ] GC(495) ParNew: 242376K->1835K(270336K)
[1857.712s][info ][gc,heap      ] GC(495) CMS: 294371K->294405K(600768K)
[1857.712s][info ][gc,metaspace ] GC(495) Metaspace: 57727K->57727K(1101824K)
[1857.712s][info ][gc           ] GC(495) Pause Young (Allocation Failure) 524M->289M(850M) 2.903ms
[1857.712s][info ][gc,cpu       ] GC(495) User=0.01s Sys=0.00s Real=0.00s
[1857.712s][info ][safepoint    ] Leaving safepoint region
[1857.712s][info ][safepoint    ] Total time for which application threads were stopped: 0.0031169 seconds, Stopping threads took: 0.0000845 seconds
[1860.712s][info ][safepoint    ] Application time: 3.0002611 seconds
[1860.712s][info ][safepoint    ] Entering safepoint region: Cleanup
[1860.712s][info ][safepoint    ] Leaving safepoint region
[1860.712s][info ][safepoint    ] Total time for which application threads were stopped: 0.0001376 seconds, Stopping threads took: 0.0000595 seconds
[1861.712s][info ][safepoint    ] Application time: 1.0000891 seconds
[1861.712s][info ][safepoint    ] Entering safepoint region: Cleanup
[1861.712s][info ][safepoint    ] Leaving safepoint region
[1861.712s][info ][safepoint    ] Total time for which application threads were stopped: 0.0001265 seconds, Stopping threads took: 0.0000582 seconds
[1863.108s][info ][safepoint    ] Application time: 1.3955907 seconds
[1863.108s][info ][safepoint    ] Entering safepoint region: GenCollectForAllocation
[1863.108s][info ][gc,start     ] GC(496) Pause Young (Allocation Failure)
[1863.108s][info ][gc,task      ] GC(496) Using 4 workers of 4 for evacuation
[1863.111s][debug][gc,ref       ] GC(496) Skipped phase1 of Reference Processing due to unavailable references
[1863.111s][debug][gc,ref       ] GC(496) Skipped phase3 of Reference Processing due to unavailable references
[1863.111s][debug][gc,ref       ] GC(496) Skipped phase4 of Reference Processing due to unavailable references
[1863.111s][debug][gc,age       ] GC(496) Desired survivor size 15368192 bytes, new threshold 6 (max threshold 6)
[1863.111s][info ][gc,heap      ] GC(496) ParNew: 242155K->2328K(270336K)
[1863.111s][info ][gc,heap      ] GC(496) CMS: 294405K->294528K(600768K)
[1863.111s][info ][gc,metaspace ] GC(496) Metaspace: 57731K->57731K(1101824K)
[1863.111s][info ][gc           ] GC(496) Pause Young (Allocation Failure) 523M->289M(850M) 2.918ms
[1863.111s][info ][gc,cpu       ] GC(496) User=0.01s Sys=0.00s Real=0.00s
[1863.111s][info ][safepoint    ] Leaving safepoint region
[1863.111s][info ][safepoint    ] Total time for which application threads were stopped: 0.0030628 seconds, Stopping threads took: 0.0000155 seconds
[1867.111s][info ][safepoint    ] Application time: 4.0003687 seconds
[1867.112s][info ][safepoint    ] Entering safepoint region: Cleanup
[1867.112s][info ][safepoint    ] Leaving safepoint region
[1867.112s][info ][safepoint    ] Total time for which application threads were stopped: 0.0001343 seconds, Stopping threads took: 0.0000562 seconds
[1868.112s][info ][safepoint    ] Application time: 1.0000952 seconds
[1868.112s][info ][safepoint    ] Entering safepoint region: Cleanup
[1868.112s][info ][safepoint    ] Leaving safepoint region
[1868.112s][info ][safepoint    ] Total time for which application threads were stopped: 0.0001425 seconds, Stopping threads took: 0.0000710 seconds
[1868.364s][info ][safepoint    ] Application time: 0.2519177 seconds
[1868.364s][info ][safepoint    ] Entering safepoint region: GenCollectForAllocation
[1868.364s][info ][gc,start     ] GC(497) Pause Young (Allocation Failure)
[1868.364s][info ][gc,task      ] GC(497) Using 4 workers of 4 for evacuation
[1868.367s][debug][gc,ref       ] GC(497) Skipped phase1 of Reference Processing due to unavailable references
[1868.367s][debug][gc,ref       ] GC(497) Skipped phase3 of Reference Processing due to unavailable references
[1868.367s][debug][gc,ref       ] GC(497) Skipped phase4 of Reference Processing due to unavailable references
[1868.367s][debug][gc,age       ] GC(497) Desired survivor size 15368192 bytes, new threshold 6 (max threshold 6)
[1868.367s][info ][gc,heap      ] GC(497) ParNew: 242648K->1867K(270336K)
[1868.367s][info ][gc,heap      ] GC(497) CMS: 294528K->294706K(600768K)
[1868.367s][info ][gc,metaspace ] GC(497) Metaspace: 57737K->57737K(1101824K)
[1868.367s][info ][gc           ] GC(497) Pause Young (Allocation Failure) 524M->289M(850M) 2.966ms
[1868.367s][info ][gc,cpu       ] GC(497) User=0.01s Sys=0.00s Real=0.01s
[1868.367s][info ][safepoint    ] Leaving safepoint region
[1868.367s][info ][safepoint    ] Total time for which application threads were stopped: 0.0031161 seconds, Stopping threads took: 0.0000167 seconds
[1872.367s][info ][safepoint    ] Application time: 4.0003270 seconds
[1872.367s][info ][safepoint    ] Entering safepoint region: Cleanup
[1872.367s][info ][safepoint    ] Leaving safepoint region
[1872.367s][info ][safepoint    ] Total time for which application threads were stopped: 0.0000882 seconds, Stopping threads took: 0.0000276 seconds
[1873.620s][info ][safepoint    ] Application time: 1.2520060 seconds
[1873.620s][info ][safepoint    ] Entering safepoint region: GenCollectForAllocation
[1873.620s][info ][gc,start     ] GC(498) Pause Young (Allocation Failure)
[1873.620s][info ][gc,task      ] GC(498) Using 4 workers of 4 for evacuation
[1873.622s][debug][gc,ref       ] GC(498) Skipped phase1 of Reference Processing due to unavailable references
[1873.622s][debug][gc,ref       ] GC(498) Skipped phase3 of Reference Processing due to unavailable references
[1873.622s][debug][gc,ref       ] GC(498) Skipped phase4 of Reference Processing due to unavailable references
[1873.622s][debug][gc,age       ] GC(498) Desired survivor size 15368192 bytes, new threshold 6 (max threshold 6)
[1873.622s][info ][gc,heap      ] GC(498) ParNew: 242187K->1748K(270336K)
[1873.622s][info ][gc,heap      ] GC(498) CMS: 294706K->294894K(600768K)
[1873.622s][info ][gc,metaspace ] GC(498) Metaspace: 57737K->57737K(1101824K)
[1873.622s][info ][gc           ] GC(498) Pause Young (Allocation Failure) 524M->289M(850M) 2.839ms
[1873.622s][info ][gc,cpu       ] GC(498) User=0.01s Sys=0.00s Real=0.00s
[1873.623s][info ][safepoint    ] Leaving safepoint region
[1873.623s][info ][safepoint    ] Total time for which application threads were stopped: 0.0029826 seconds, Stopping threads took: 0.0000129 seconds
[1874.623s][info ][safepoint    ] Application time: 1.0001249 seconds
[1874.623s][info ][safepoint    ] Entering safepoint region: Cleanup
[1874.623s][info ][safepoint    ] Leaving safepoint region
[1874.623s][info ][safepoint    ] Total time for which application threads were stopped: 0.0000976 seconds, Stopping threads took: 0.0000152 seconds
[1877.059s][info ][safepoint    ] Application time: 2.4357181 seconds
[1877.059s][info ][safepoint    ] Entering safepoint region: GenCollectForAllocation
[1877.059s][info ][gc,start     ] GC(499) Pause Young (Allocation Failure)
[1877.059s][info ][gc,task      ] GC(499) Using 4 workers of 4 for evacuation
[1877.063s][debug][gc,ref       ] GC(499) Skipped phase1 of Reference Processing due to unavailable references
[1877.063s][debug][gc,ref       ] GC(499) Skipped phase2 of Reference Processing due to unavailable references
[1877.063s][debug][gc,ref       ] GC(499) Skipped phase3 of Reference Processing due to unavailable references
[1877.063s][debug][gc,ref       ] GC(499) Skipped phase4 of Reference Processing due to unavailable references
[1877.063s][debug][gc,age       ] GC(499) Desired survivor size 15368192 bytes, new threshold 6 (max threshold 6)
[1877.063s][info ][gc,heap      ] GC(499) ParNew: 242068K->1596K(270336K)
[1877.063s][info ][gc,heap      ] GC(499) CMS: 294894K->295351K(600768K)
[1877.063s][info ][gc,metaspace ] GC(499) Metaspace: 57742K->57742K(1101824K)
[1877.063s][info ][gc           ] GC(499) Pause Young (Allocation Failure) 524M->289M(850M) 4.326ms
[1877.063s][info ][gc,cpu       ] GC(499) User=0.01s Sys=0.00s Real=0.00s
[1877.063s][info ][safepoint    ] Leaving safepoint region
[1877.063s][info ][safepoint    ] Total time for which application threads were stopped: 0.0045108 seconds, Stopping threads took: 0.0000464 seconds
[1878.063s][info ][safepoint    ] Application time: 1.0001678 seconds
[1878.063s][info ][safepoint    ] Entering safepoint region: Cleanup
[1878.063s][info ][safepoint    ] Leaving safepoint region
[1878.063s][info ][safepoint    ] Total time for which application threads were stopped: 0.0001104 seconds, Stopping threads took: 0.0000371 seconds
[1882.312s][info ][safepoint    ] Application time: 4.2482911 seconds
[1882.312s][info ][safepoint    ] Entering safepoint region: GenCollectForAllocation
[1882.312s][info ][gc,start     ] GC(500) Pause Young (Allocation Failure)
[1882.312s][info ][gc,task      ] GC(500) Using 4 workers of 4 for evacuation
[1882.314s][debug][gc,ref       ] GC(500) Skipped phase1 of Reference Processing due to unavailable references
[1882.314s][debug][gc,ref       ] GC(500) Skipped phase3 of Reference Processing due to unavailable references
[1882.315s][debug][gc,age       ] GC(500) Desired survivor size 15368192 bytes, new threshold 6 (max threshold 6)
[1882.315s][info ][gc,heap      ] GC(500) ParNew: 241916K->1640K(270336K)
[1882.315s][info ][gc,heap      ] GC(500) CMS: 295351K->295620K(600768K)
[1882.315s][info ][gc,metaspace ] GC(500) Metaspace: 57746K->57746K(1101824K)
[1882.315s][info ][gc           ] GC(500) Pause Young (Allocation Failure) 524M->290M(850M) 2.861ms
[1882.315s][info ][gc,cpu       ] GC(500) User=0.01s Sys=0.00s Real=0.01s
[1882.315s][info ][safepoint    ] Leaving safepoint region
[1882.315s][info ][safepoint    ] Total time for which application threads were stopped: 0.0030189 seconds, Stopping threads took: 0.0000261 seconds
[1884.315s][info ][safepoint    ] Application time: 2.0001927 seconds
[1884.315s][info ][safepoint    ] Entering safepoint region: Cleanup
[1884.315s][info ][safepoint    ] Leaving safepoint region
[1884.315s][info ][safepoint    ] Total time for which application threads were stopped: 0.0001382 seconds, Stopping threads took: 0.0000574 seconds
[1887.614s][info ][safepoint    ] Application time: 3.2991967 seconds
[1887.614s][info ][safepoint    ] Entering safepoint region: GenCollectForAllocation
[1887.614s][info ][gc,start     ] GC(501) Pause Young (Allocation Failure)
[1887.614s][info ][gc,task      ] GC(501) Using 4 workers of 4 for evacuation
[1887.617s][debug][gc,ref       ] GC(501) Skipped phase1 of Reference Processing due to unavailable references
[1887.617s][debug][gc,ref       ] GC(501) Skipped phase2 of Reference Processing due to unavailable references
[1887.617s][debug][gc,ref       ] GC(501) Skipped phase3 of Reference Processing due to unavailable references
[1887.617s][debug][gc,ref       ] GC(501) Skipped phase4 of Reference Processing due to unavailable references
[1887.617s][debug][gc,age       ] GC(501) Desired survivor size 15368192 bytes, new threshold 6 (max threshold 6)
[1887.617s][info ][gc,heap      ] GC(501) ParNew: 241960K->1407K(270336K)
[1887.617s][info ][gc,heap      ] GC(501) CMS: 295620K->295649K(600768K)
[1887.617s][info ][gc,metaspace ] GC(501) Metaspace: 57746K->57746K(1101824K)
[1887.617s][info ][gc           ] GC(501) Pause Young (Allocation Failure) 524M->290M(850M) 2.495ms
[1887.617s][info ][gc,cpu       ] GC(501) User=0.01s Sys=0.00s Real=0.00s
[1887.617s][info ][safepoint    ] Leaving safepoint region
[1887.617s][info ][safepoint    ] Total time for which application threads were stopped: 0.0026352 seconds, Stopping threads took: 0.0000144 seconds
[1892.608s][info ][safepoint    ] Application time: 4.9913688 seconds
[1892.608s][info ][safepoint    ] Entering safepoint region: GenCollectForAllocation
[1892.609s][info ][gc,start     ] GC(502) Pause Young (Allocation Failure)
[1892.609s][info ][gc,task      ] GC(502) Using 4 workers of 4 for evacuation
[1892.611s][debug][gc,ref       ] GC(502) Skipped phase1 of Reference Processing due to unavailable references
[1892.611s][debug][gc,ref       ] GC(502) Skipped phase2 of Reference Processing due to unavailable references
[1892.611s][debug][gc,ref       ] GC(502) Skipped phase3 of Reference Processing due to unavailable references
[1892.611s][debug][gc,ref       ] GC(502) Skipped phase4 of Reference Processing due to unavailable references
[1892.611s][debug][gc,age       ] GC(502) Desired survivor size 15368192 bytes, new threshold 6 (max threshold 6)
[1892.611s][info ][gc,heap      ] GC(502) ParNew: 241727K->1457K(270336K)
[1892.611s][info ][gc,heap      ] GC(502) CMS: 295649K->295673K(600768K)
[1892.611s][info ][gc,metaspace ] GC(502) Metaspace: 57753K->57753K(1101824K)
[1892.611s][info ][gc           ] GC(502) Pause Young (Allocation Failure) 524M->290M(850M) 2.687ms
[1892.611s][info ][gc,cpu       ] GC(502) User=0.01s Sys=0.00s Real=0.00s
[1892.611s][info ][safepoint    ] Leaving safepoint region
[1892.611s][info ][safepoint    ] Total time for which application threads were stopped: 0.0029574 seconds, Stopping threads took: 0.0001368 seconds
[1893.611s][info ][safepoint    ] Application time: 1.0001050 seconds
[1893.612s][info ][safepoint    ] Entering safepoint region: Cleanup
[1893.612s][info ][safepoint    ] Leaving safepoint region
[1893.612s][info ][safepoint    ] Total time for which application threads were stopped: 0.0001116 seconds, Stopping threads took: 0.0000429 seconds
[1897.414s][info ][safepoint    ] Application time: 3.8027516 seconds
[1897.414s][info ][safepoint    ] Entering safepoint region: GenCollectForAllocation
[1897.415s][info ][gc,start     ] GC(503) Pause Young (Allocation Failure)
[1897.415s][info ][gc,task      ] GC(503) Using 4 workers of 4 for evacuation
[1897.417s][debug][gc,ref       ] GC(503) Skipped phase1 of Reference Processing due to unavailable references
[1897.417s][debug][gc,ref       ] GC(503) Skipped phase2 of Reference Processing due to unavailable references
[1897.417s][debug][gc,ref       ] GC(503) Skipped phase3 of Reference Processing due to unavailable references
[1897.417s][debug][gc,ref       ] GC(503) Skipped phase4 of Reference Processing due to unavailable references
[1897.417s][debug][gc,age       ] GC(503) Desired survivor size 15368192 bytes, new threshold 6 (max threshold 6)
[1897.417s][info ][gc,heap      ] GC(503) ParNew: 241777K->1717K(270336K)
[1897.417s][info ][gc,heap      ] GC(503) CMS: 295673K->295706K(600768K)
[1897.417s][info ][gc,metaspace ] GC(503) Metaspace: 57753K->57753K(1101824K)
[1897.417s][info ][gc           ] GC(503) Pause Young (Allocation Failure) 524M->290M(850M) 2.786ms
[1897.417s][info ][gc,cpu       ] GC(503) User=0.01s Sys=0.00s Real=0.00s
[1897.417s][info ][safepoint    ] Leaving safepoint region
[1897.417s][info ][safepoint    ] Total time for which application threads were stopped: 0.0029404 seconds, Stopping threads took: 0.0000166 seconds
[1899.418s][info ][safepoint    ] Application time: 2.0002438 seconds
[1899.418s][info ][safepoint    ] Entering safepoint region: Cleanup
[1899.418s][info ][safepoint    ] Leaving safepoint region
[1899.418s][info ][safepoint    ] Total time for which application threads were stopped: 0.0000668 seconds, Stopping threads took: 0.0000132 seconds
[1901.809s][info ][safepoint    ] Application time: 2.3917618 seconds
[1901.810s][info ][safepoint    ] Entering safepoint region: GenCollectForAllocation
[1901.810s][info ][gc,start     ] GC(504) Pause Young (Allocation Failure)
[1901.810s][info ][gc,task      ] GC(504) Using 4 workers of 4 for evacuation
[1901.813s][debug][gc,ref       ] GC(504) Skipped phase1 of Reference Processing due to unavailable references
[1901.813s][debug][gc,ref       ] GC(504) Skipped phase2 of Reference Processing due to unavailable references
[1901.813s][debug][gc,ref       ] GC(504) Skipped phase3 of Reference Processing due to unavailable references
[1901.813s][debug][gc,ref       ] GC(504) Skipped phase4 of Reference Processing due to unavailable references
[1901.813s][debug][gc,age       ] GC(504) Desired survivor size 15368192 bytes, new threshold 6 (max threshold 6)
[1901.813s][info ][gc,heap      ] GC(504) ParNew: 242037K->2038K(270336K)
[1901.813s][info ][gc,heap      ] GC(504) CMS: 295706K->295814K(600768K)
[1901.813s][info ][gc,metaspace ] GC(504) Metaspace: 57754K->57754K(1101824K)
[1901.813s][info ][gc           ] GC(504) Pause Young (Allocation Failure) 525M->290M(850M) 3.179ms
[1901.813s][info ][gc,cpu       ] GC(504) User=0.01s Sys=0.00s Real=0.01s
[1901.813s][info ][safepoint    ] Leaving safepoint region
[1901.813s][info ][safepoint    ] Total time for which application threads were stopped: 0.0033820 seconds, Stopping threads took: 0.0000582 seconds
[1906.315s][info ][safepoint    ] Application time: 4.5016518 seconds
[1906.315s][info ][safepoint    ] Entering safepoint region: GenCollectForAllocation
[1906.315s][info ][gc,start     ] GC(505) Pause Young (Allocation Failure)
[1906.315s][info ][gc,task      ] GC(505) Using 4 workers of 4 for evacuation
[1906.318s][debug][gc,ref       ] GC(505) Skipped phase1 of Reference Processing due to unavailable references
[1906.318s][debug][gc,ref       ] GC(505) Skipped phase2 of Reference Processing due to unavailable references
[1906.318s][debug][gc,ref       ] GC(505) Skipped phase3 of Reference Processing due to unavailable references
[1906.318s][debug][gc,ref       ] GC(505) Skipped phase4 of Reference Processing due to unavailable references
[1906.318s][debug][gc,age       ] GC(505) Desired survivor size 15368192 bytes, new threshold 6 (max threshold 6)
[1906.318s][info ][gc,heap      ] GC(505) ParNew: 242358K->2025K(270336K)
[1906.318s][info ][gc,heap      ] GC(505) CMS: 295814K->296150K(600768K)
[1906.318s][info ][gc,metaspace ] GC(505) Metaspace: 57754K->57754K(1101824K)
[1906.318s][info ][gc           ] GC(505) Pause Young (Allocation Failure) 525M->291M(850M) 3.158ms
[1906.318s][info ][gc,cpu       ] GC(505) User=0.01s Sys=0.00s Real=0.00s
[1906.318s][info ][safepoint    ] Leaving safepoint region
[1906.318s][info ][safepoint    ] Total time for which application threads were stopped: 0.0033194 seconds, Stopping threads took: 0.0000270 seconds
[1910.766s][info ][safepoint    ] Application time: 4.4480771 seconds
[1910.766s][info ][safepoint    ] Entering safepoint region: GenCollectForAllocation
[1910.766s][info ][gc,start     ] GC(506) Pause Young (Allocation Failure)
[1910.766s][info ][gc,task      ] GC(506) Using 4 workers of 4 for evacuation
[1910.769s][debug][gc,ref       ] GC(506) Skipped phase1 of Reference Processing due to unavailable references
[1910.769s][debug][gc,ref       ] GC(506) Skipped phase2 of Reference Processing due to unavailable references
[1910.769s][debug][gc,ref       ] GC(506) Skipped phase3 of Reference Processing due to unavailable references
[1910.769s][debug][gc,ref       ] GC(506) Skipped phase4 of Reference Processing due to unavailable references
[1910.769s][debug][gc,age       ] GC(506) Desired survivor size 15368192 bytes, new threshold 6 (max threshold 6)
[1910.769s][info ][gc,heap      ] GC(506) ParNew: 242345K->1397K(270336K)
[1910.769s][info ][gc,heap      ] GC(506) CMS: 296150K->296304K(600768K)
[1910.769s][info ][gc,metaspace ] GC(506) Metaspace: 57754K->57754K(1101824K)
[1910.769s][info ][gc           ] GC(506) Pause Young (Allocation Failure) 525M->290M(850M) 2.828ms
[1910.769s][info ][gc,cpu       ] GC(506) User=0.01s Sys=0.00s Real=0.00s
[1910.769s][info ][safepoint    ] Leaving safepoint region
[1910.769s][info ][safepoint    ] Total time for which application threads were stopped: 0.0029726 seconds, Stopping threads took: 0.0000207 seconds
[1913.769s][info ][safepoint    ] Application time: 3.0002515 seconds
[1913.769s][info ][safepoint    ] Entering safepoint region: Cleanup
[1913.769s][info ][safepoint    ] Leaving safepoint region
[1913.769s][info ][safepoint    ] Total time for which application threads were stopped: 0.0000696 seconds, Stopping threads took: 0.0000141 seconds
[1915.314s][info ][safepoint    ] Application time: 1.5450474 seconds
[1915.314s][info ][safepoint    ] Entering safepoint region: GenCollectForAllocation
[1915.315s][info ][gc,start     ] GC(507) Pause Young (Allocation Failure)
[1915.315s][info ][gc,task      ] GC(507) Using 4 workers of 4 for evacuation
[1915.317s][debug][gc,ref       ] GC(507) Skipped phase1 of Reference Processing due to unavailable references
[1915.317s][debug][gc,ref       ] GC(507) Skipped phase2 of Reference Processing due to unavailable references
[1915.317s][debug][gc,ref       ] GC(507) Skipped phase3 of Reference Processing due to unavailable references
[1915.317s][debug][gc,ref       ] GC(507) Skipped phase4 of Reference Processing due to unavailable references
[1915.317s][debug][gc,age       ] GC(507) Desired survivor size 15368192 bytes, new threshold 6 (max threshold 6)
[1915.317s][info ][gc,heap      ] GC(507) ParNew: 241717K->1530K(270336K)
[1915.317s][info ][gc,heap      ] GC(507) CMS: 296304K->296342K(600768K)
[1915.317s][info ][gc,metaspace ] GC(507) Metaspace: 57754K->57754K(1101824K)
[1915.317s][info ][gc           ] GC(507) Pause Young (Allocation Failure) 525M->290M(850M) 2.639ms
[1915.317s][info ][gc,cpu       ] GC(507) User=0.01s Sys=0.00s Real=0.00s
[1915.317s][info ][safepoint    ] Leaving safepoint region
[1915.317s][info ][safepoint    ] Total time for which application threads were stopped: 0.0027884 seconds, Stopping threads took: 0.0000155 seconds
[1916.317s][info ][safepoint    ] Application time: 1.0001113 seconds
[1916.317s][info ][safepoint    ] Entering safepoint region: Cleanup
[1916.318s][info ][safepoint    ] Leaving safepoint region
[1916.318s][info ][safepoint    ] Total time for which application threads were stopped: 0.0001995 seconds, Stopping threads took: 0.0001028 seconds
[1918.318s][info ][safepoint    ] Application time: 2.0001695 seconds
[1918.318s][info ][safepoint    ] Entering safepoint region: Cleanup
[1918.318s][info ][safepoint    ] Leaving safepoint region
[1918.318s][info ][safepoint    ] Total time for which application threads were stopped: 0.0001282 seconds, Stopping threads took: 0.0000572 seconds
[1919.318s][info ][safepoint    ] Application time: 1.0000914 seconds
[1919.318s][info ][safepoint    ] Entering safepoint region: Cleanup
[1919.318s][info ][safepoint    ] Leaving safepoint region
[1919.318s][info ][safepoint    ] Total time for which application threads were stopped: 0.0000863 seconds, Stopping threads took: 0.0000145 seconds
[1919.858s][info ][safepoint    ] Application time: 0.5394314 seconds
[1919.858s][info ][safepoint    ] Entering safepoint region: GenCollectForAllocation
[1919.858s][info ][gc,start     ] GC(508) Pause Young (Allocation Failure)
[1919.858s][info ][gc,task      ] GC(508) Using 4 workers of 4 for evacuation
[1919.860s][debug][gc,ref       ] GC(508) Skipped phase1 of Reference Processing due to unavailable references
[1919.860s][debug][gc,ref       ] GC(508) Skipped phase3 of Reference Processing due to unavailable references
[1919.861s][debug][gc,age       ] GC(508) Desired survivor size 15368192 bytes, new threshold 6 (max threshold 6)
[1919.861s][info ][gc,heap      ] GC(508) ParNew: 241850K->1449K(270336K)
[1919.861s][info ][gc,heap      ] GC(508) CMS: 296342K->296468K(600768K)
[1919.861s][info ][gc,metaspace ] GC(508) Metaspace: 57762K->57762K(1101824K)
[1919.861s][info ][gc           ] GC(508) Pause Young (Allocation Failure) 525M->290M(850M) 2.883ms
[1919.861s][info ][gc,cpu       ] GC(508) User=0.01s Sys=0.00s Real=0.00s
[1919.861s][info ][safepoint    ] Leaving safepoint region
[1919.861s][info ][safepoint    ] Total time for which application threads were stopped: 0.0030290 seconds, Stopping threads took: 0.0000150 seconds
[1924.308s][info ][safepoint    ] Application time: 4.4478615 seconds
[1924.309s][info ][safepoint    ] Entering safepoint region: GenCollectForAllocation
[1924.309s][info ][gc,start     ] GC(509) Pause Young (Allocation Failure)
[1924.309s][info ][gc,task      ] GC(509) Using 4 workers of 4 for evacuation
[1924.311s][debug][gc,ref       ] GC(509) Skipped phase1 of Reference Processing due to unavailable references
[1924.311s][debug][gc,ref       ] GC(509) Skipped phase3 of Reference Processing due to unavailable references
[1924.311s][debug][gc,ref       ] GC(509) Skipped phase4 of Reference Processing due to unavailable references
[1924.311s][debug][gc,age       ] GC(509) Desired survivor size 15368192 bytes, new threshold 6 (max threshold 6)
[1924.311s][info ][gc,heap      ] GC(509) ParNew: 241769K->1848K(270336K)
[1924.311s][info ][gc,heap      ] GC(509) CMS: 296468K->296619K(600768K)
[1924.311s][info ][gc,metaspace ] GC(509) Metaspace: 57762K->57762K(1101824K)
[1924.311s][info ][gc           ] GC(509) Pause Young (Allocation Failure) 525M->291M(850M) 2.729ms
[1924.311s][info ][gc,cpu       ] GC(509) User=0.01s Sys=0.00s Real=0.00s
[1924.311s][info ][safepoint    ] Leaving safepoint region
[1924.311s][info ][safepoint    ] Total time for which application threads were stopped: 0.0029404 seconds, Stopping threads took: 0.0000719 seconds
[1928.608s][info ][safepoint    ] Application time: 4.2968527 seconds
[1928.608s][info ][safepoint    ] Entering safepoint region: GenCollectForAllocation
[1928.608s][info ][gc,start     ] GC(510) Pause Young (Allocation Failure)
[1928.609s][info ][gc,task      ] GC(510) Using 4 workers of 4 for evacuation
[1928.611s][debug][gc,ref       ] GC(510) Skipped phase1 of Reference Processing due to unavailable references
[1928.611s][debug][gc,ref       ] GC(510) Skipped phase3 of Reference Processing due to unavailable references
[1928.611s][debug][gc,ref       ] GC(510) Skipped phase4 of Reference Processing due to unavailable references
[1928.611s][debug][gc,age       ] GC(510) Desired survivor size 15368192 bytes, new threshold 6 (max threshold 6)
[1928.611s][info ][gc,heap      ] GC(510) ParNew: 242168K->1876K(270336K)
[1928.611s][info ][gc,heap      ] GC(510) CMS: 296619K->296831K(600768K)
[1928.611s][info ][gc,metaspace ] GC(510) Metaspace: 57762K->57762K(1101824K)
[1928.611s][info ][gc           ] GC(510) Pause Young (Allocation Failure) 526M->291M(850M) 2.989ms
[1928.611s][info ][gc,cpu       ] GC(510) User=0.01s Sys=0.00s Real=0.00s
[1928.612s][info ][safepoint    ] Leaving safepoint region
[1928.612s][info ][safepoint    ] Total time for which application threads were stopped: 0.0031698 seconds, Stopping threads took: 0.0000441 seconds
[1932.914s][info ][safepoint    ] Application time: 4.3027804 seconds
[1932.914s][info ][safepoint    ] Entering safepoint region: GenCollectForAllocation
[1932.914s][info ][gc,start     ] GC(511) Pause Young (Allocation Failure)
[1932.914s][info ][gc,task      ] GC(511) Using 4 workers of 4 for evacuation
[1932.917s][debug][gc,ref       ] GC(511) Skipped phase1 of Reference Processing due to unavailable references
[1932.917s][debug][gc,ref       ] GC(511) Skipped phase3 of Reference Processing due to unavailable references
[1932.917s][debug][gc,ref       ] GC(511) Skipped phase4 of Reference Processing due to unavailable references
[1932.917s][debug][gc,age       ] GC(511) Desired survivor size 15368192 bytes, new threshold 6 (max threshold 6)
[1932.917s][info ][gc,heap      ] GC(511) ParNew: 242196K->1466K(270336K)
[1932.917s][info ][gc,heap      ] GC(511) CMS: 296831K->297152K(600768K)
[1932.917s][info ][gc,metaspace ] GC(511) Metaspace: 57762K->57762K(1101824K)
[1932.918s][info ][gc           ] GC(511) Pause Young (Allocation Failure) 526M->291M(850M) 3.067ms
[1932.918s][info ][gc,cpu       ] GC(511) User=0.01s Sys=0.00s Real=0.00s
[1932.918s][info ][safepoint    ] Leaving safepoint region
[1932.918s][info ][safepoint    ] Total time for which application threads were stopped: 0.0032081 seconds, Stopping threads took: 0.0000148 seconds
[1937.213s][info ][safepoint    ] Application time: 4.2954832 seconds
[1937.213s][info ][safepoint    ] Entering safepoint region: GenCollectForAllocation
[1937.213s][info ][gc,start     ] GC(512) Pause Young (Allocation Failure)
[1937.213s][info ][gc,task      ] GC(512) Using 4 workers of 4 for evacuation
[1937.216s][debug][gc,ref       ] GC(512) Skipped phase1 of Reference Processing due to unavailable references
[1937.216s][debug][gc,ref       ] GC(512) Skipped phase3 of Reference Processing due to unavailable references
[1937.216s][debug][gc,ref       ] GC(512) Skipped phase4 of Reference Processing due to unavailable references
[1937.216s][debug][gc,age       ] GC(512) Desired survivor size 15368192 bytes, new threshold 6 (max threshold 6)
[1937.216s][info ][gc,heap      ] GC(512) ParNew: 241786K->2010K(270336K)
[1937.216s][info ][gc,heap      ] GC(512) CMS: 297152K->297225K(600768K)
[1937.216s][info ][gc,metaspace ] GC(512) Metaspace: 57762K->57762K(1101824K)
[1937.216s][info ][gc           ] GC(512) Pause Young (Allocation Failure) 526M->292M(850M) 2.621ms
[1937.216s][info ][gc,cpu       ] GC(512) User=0.00s Sys=0.00s Real=0.00s
[1937.216s][info ][safepoint    ] Leaving safepoint region
[1937.216s][info ][safepoint    ] Total time for which application threads were stopped: 0.0027669 seconds, Stopping threads took: 0.0000150 seconds
[1941.260s][info ][safepoint    ] Application time: 4.0443838 seconds
[1941.260s][info ][safepoint    ] Entering safepoint region: GenCollectForAllocation
[1941.260s][info ][gc,start     ] GC(513) Pause Young (Allocation Failure)
[1941.260s][info ][gc,task      ] GC(513) Using 4 workers of 4 for evacuation
[1941.263s][debug][gc,ref       ] GC(513) Skipped phase1 of Reference Processing due to unavailable references
[1941.263s][debug][gc,ref       ] GC(513) Skipped phase3 of Reference Processing due to unavailable references
[1941.263s][debug][gc,ref       ] GC(513) Skipped phase4 of Reference Processing due to unavailable references
[1941.263s][debug][gc,age       ] GC(513) Desired survivor size 15368192 bytes, new threshold 6 (max threshold 6)
[1941.263s][info ][gc,heap      ] GC(513) ParNew: 242330K->1900K(270336K)
[1941.263s][info ][gc,heap      ] GC(513) CMS: 297225K->297334K(600768K)
[1941.263s][info ][gc,metaspace ] GC(513) Metaspace: 57762K->57762K(1101824K)
[1941.263s][info ][gc           ] GC(513) Pause Young (Allocation Failure) 526M->292M(850M) 3.012ms
[1941.263s][info ][gc,cpu       ] GC(513) User=0.01s Sys=0.00s Real=0.00s
[1941.263s][info ][safepoint    ] Leaving safepoint region
[1941.263s][info ][safepoint    ] Total time for which application threads were stopped: 0.0031998 seconds, Stopping threads took: 0.0000471 seconds
[1945.258s][info ][safepoint    ] Application time: 3.9950319 seconds
[1945.259s][info ][safepoint    ] Entering safepoint region: GenCollectForAllocation
[1945.259s][info ][gc,start     ] GC(514) Pause Young (Allocation Failure)
[1945.259s][info ][gc,task      ] GC(514) Using 4 workers of 4 for evacuation
[1945.261s][debug][gc,ref       ] GC(514) Skipped phase1 of Reference Processing due to unavailable references
[1945.261s][debug][gc,ref       ] GC(514) Skipped phase2 of Reference Processing due to unavailable references
[1945.261s][debug][gc,ref       ] GC(514) Skipped phase3 of Reference Processing due to unavailable references
[1945.261s][debug][gc,ref       ] GC(514) Skipped phase4 of Reference Processing due to unavailable references
[1945.262s][debug][gc,age       ] GC(514) Desired survivor size 15368192 bytes, new threshold 6 (max threshold 6)
[1945.262s][info ][gc,heap      ] GC(514) ParNew: 242220K->2202K(270336K)
[1945.262s][info ][gc,heap      ] GC(514) CMS: 297334K->297352K(600768K)
[1945.262s][info ][gc,metaspace ] GC(514) Metaspace: 57762K->57762K(1101824K)
[1945.262s][info ][gc           ] GC(514) Pause Young (Allocation Failure) 526M->292M(850M) 2.934ms
[1945.262s][info ][gc,cpu       ] GC(514) User=0.01s Sys=0.00s Real=0.00s
[1945.262s][info ][safepoint    ] Leaving safepoint region
[1945.262s][info ][safepoint    ] Total time for which application threads were stopped: 0.0031274 seconds, Stopping threads took: 0.0000563 seconds
[1949.261s][info ][safepoint    ] Application time: 3.9992039 seconds
[1949.261s][info ][safepoint    ] Entering safepoint region: GenCollectForAllocation
[1949.261s][info ][gc,start     ] GC(515) Pause Young (Allocation Failure)
[1949.261s][info ][gc,task      ] GC(515) Using 4 workers of 4 for evacuation
[1949.264s][debug][gc,ref       ] GC(515) Skipped phase1 of Reference Processing due to unavailable references
[1949.264s][debug][gc,ref       ] GC(515) Skipped phase2 of Reference Processing due to unavailable references
[1949.264s][debug][gc,ref       ] GC(515) Skipped phase3 of Reference Processing due to unavailable references
[1949.264s][debug][gc,ref       ] GC(515) Skipped phase4 of Reference Processing due to unavailable references
[1949.264s][debug][gc,age       ] GC(515) Desired survivor size 15368192 bytes, new threshold 6 (max threshold 6)
[1949.264s][info ][gc,heap      ] GC(515) ParNew: 242522K->2124K(270336K)
[1949.264s][info ][gc,heap      ] GC(515) CMS: 297352K->297768K(600768K)
[1949.264s][info ][gc,metaspace ] GC(515) Metaspace: 57763K->57763K(1101824K)
[1949.264s][info ][gc           ] GC(515) Pause Young (Allocation Failure) 527M->292M(850M) 2.900ms
[1949.264s][info ][gc,cpu       ] GC(515) User=0.01s Sys=0.00s Real=0.00s
[1949.264s][info ][safepoint    ] Leaving safepoint region
[1949.264s][info ][safepoint    ] Total time for which application threads were stopped: 0.0030588 seconds, Stopping threads took: 0.0000155 seconds
[1953.360s][info ][safepoint    ] Application time: 4.0963739 seconds
[1953.360s][info ][safepoint    ] Entering safepoint region: GenCollectForAllocation
[1953.360s][info ][gc,start     ] GC(516) Pause Young (Allocation Failure)
[1953.360s][info ][gc,task      ] GC(516) Using 4 workers of 4 for evacuation
[1953.368s][debug][gc,ref       ] GC(516) Skipped phase1 of Reference Processing due to unavailable references
[1953.368s][debug][gc,ref       ] GC(516) Skipped phase2 of Reference Processing due to unavailable references
[1953.368s][debug][gc,ref       ] GC(516) Skipped phase3 of Reference Processing due to unavailable references
[1953.368s][debug][gc,ref       ] GC(516) Skipped phase4 of Reference Processing due to unavailable references
[1953.368s][debug][gc,age       ] GC(516) Desired survivor size 15368192 bytes, new threshold 6 (max threshold 6)
[1953.368s][info ][gc,heap      ] GC(516) ParNew: 242444K->2064K(270336K)
[1953.368s][info ][gc,heap      ] GC(516) CMS: 297768K->297828K(600768K)
[1953.368s][info ][gc,metaspace ] GC(516) Metaspace: 57763K->57763K(1101824K)
[1953.368s][info ][gc           ] GC(516) Pause Young (Allocation Failure) 527M->292M(850M) 8.027ms
[1953.369s][info ][gc,cpu       ] GC(516) User=0.01s Sys=0.01s Real=0.01s
[1953.369s][info ][safepoint    ] Leaving safepoint region
[1953.369s][info ][safepoint    ] Total time for which application threads were stopped: 0.0081826 seconds, Stopping threads took: 0.0000150 seconds
[1957.515s][info ][safepoint    ] Application time: 4.1465788 seconds
[1957.515s][info ][safepoint    ] Entering safepoint region: GenCollectForAllocation
[1957.515s][info ][gc,start     ] GC(517) Pause Young (Allocation Failure)
[1957.515s][info ][gc,task      ] GC(517) Using 4 workers of 4 for evacuation
[1957.518s][debug][gc,ref       ] GC(517) Skipped phase1 of Reference Processing due to unavailable references
[1957.518s][debug][gc,ref       ] GC(517) Skipped phase2 of Reference Processing due to unavailable references
[1957.518s][debug][gc,ref       ] GC(517) Skipped phase3 of Reference Processing due to unavailable references
[1957.518s][debug][gc,ref       ] GC(517) Skipped phase4 of Reference Processing due to unavailable references
[1957.518s][debug][gc,age       ] GC(517) Desired survivor size 15368192 bytes, new threshold 6 (max threshold 6)
[1957.518s][info ][gc,heap      ] GC(517) ParNew: 242384K->1803K(270336K)
[1957.518s][info ][gc,heap      ] GC(517) CMS: 297828K->297985K(600768K)
[1957.518s][info ][gc,metaspace ] GC(517) Metaspace: 57763K->57763K(1101824K)
[1957.518s][info ][gc           ] GC(517) Pause Young (Allocation Failure) 527M->292M(850M) 3.147ms
[1957.518s][info ][gc,cpu       ] GC(517) User=0.01s Sys=0.00s Real=0.00s
[1957.518s][info ][safepoint    ] Leaving safepoint region
[1957.518s][info ][safepoint    ] Total time for which application threads were stopped: 0.0033514 seconds, Stopping threads took: 0.0000533 seconds
[1961.668s][info ][safepoint    ] Application time: 4.1491281 seconds
[1961.668s][info ][safepoint    ] Entering safepoint region: GenCollectForAllocation
[1961.668s][info ][gc,start     ] GC(518) Pause Young (Allocation Failure)
[1961.668s][info ][gc,task      ] GC(518) Using 4 workers of 4 for evacuation
[1961.671s][debug][gc,ref       ] GC(518) Skipped phase1 of Reference Processing due to unavailable references
[1961.671s][debug][gc,ref       ] GC(518) Skipped phase2 of Reference Processing due to unavailable references
[1961.671s][debug][gc,ref       ] GC(518) Skipped phase3 of Reference Processing due to unavailable references
[1961.671s][debug][gc,ref       ] GC(518) Skipped phase4 of Reference Processing due to unavailable references
[1961.671s][debug][gc,age       ] GC(518) Desired survivor size 15368192 bytes, new threshold 6 (max threshold 6)
[1961.671s][info ][gc,heap      ] GC(518) ParNew: 242123K->1360K(270336K)
[1961.671s][info ][gc,heap      ] GC(518) CMS: 297985K->298296K(600768K)
[1961.671s][info ][gc,metaspace ] GC(518) Metaspace: 57763K->57763K(1101824K)
[1961.671s][info ][gc           ] GC(518) Pause Young (Allocation Failure) 527M->292M(850M) 3.292ms
[1961.671s][info ][gc,cpu       ] GC(518) User=0.00s Sys=0.00s Real=0.00s
[1961.671s][info ][safepoint    ] Leaving safepoint region
[1961.671s][info ][safepoint    ] Total time for which application threads were stopped: 0.0034694 seconds, Stopping threads took: 0.0000228 seconds
[1965.672s][info ][safepoint    ] Application time: 4.0003936 seconds
[1965.672s][info ][safepoint    ] Entering safepoint region: Cleanup
[1965.672s][info ][safepoint    ] Leaving safepoint region
[1965.672s][info ][safepoint    ] Total time for which application threads were stopped: 0.0001399 seconds, Stopping threads took: 0.0000725 seconds
[1965.823s][info ][safepoint    ] Application time: 0.1517212 seconds
[1965.823s][info ][safepoint    ] Entering safepoint region: GenCollectForAllocation
[1965.824s][info ][gc,start     ] GC(519) Pause Young (Allocation Failure)
[1965.824s][info ][gc,task      ] GC(519) Using 4 workers of 4 for evacuation
[1965.826s][debug][gc,ref       ] GC(519) Skipped phase1 of Reference Processing due to unavailable references
[1965.826s][debug][gc,ref       ] GC(519) Skipped phase2 of Reference Processing due to unavailable references
[1965.826s][debug][gc,ref       ] GC(519) Skipped phase3 of Reference Processing due to unavailable references
[1965.826s][debug][gc,ref       ] GC(519) Skipped phase4 of Reference Processing due to unavailable references
[1965.827s][debug][gc,age       ] GC(519) Desired survivor size 15368192 bytes, new threshold 6 (max threshold 6)
[1965.827s][info ][gc,heap      ] GC(519) ParNew: 241680K->1443K(270336K)
[1965.827s][info ][gc,heap      ] GC(519) CMS: 298296K->298530K(600768K)
[1965.827s][info ][gc,metaspace ] GC(519) Metaspace: 57763K->57763K(1101824K)
[1965.827s][info ][gc           ] GC(519) Pause Young (Allocation Failure) 527M->292M(850M) 2.997ms
[1965.827s][info ][gc,cpu       ] GC(519) User=0.01s Sys=0.00s Real=0.01s
[1965.827s][info ][safepoint    ] Leaving safepoint region
[1965.827s][info ][safepoint    ] Total time for which application threads were stopped: 0.0031556 seconds, Stopping threads took: 0.0000142 seconds
[1968.828s][info ][safepoint    ] Application time: 3.0012225 seconds
[1968.828s][info ][safepoint    ] Entering safepoint region: Cleanup
[1968.828s][info ][safepoint    ] Leaving safepoint region
[1968.828s][info ][safepoint    ] Total time for which application threads were stopped: 0.0000791 seconds, Stopping threads took: 0.0000152 seconds
[1969.859s][info ][safepoint    ] Application time: 1.0314038 seconds
[1970.086s][info ][safepoint    ] Entering safepoint region: GenCollectForAllocation
[1970.086s][info ][gc,start     ] GC(520) Pause Young (Allocation Failure)
[1970.086s][info ][gc,task      ] GC(520) Using 4 workers of 4 for evacuation
[1970.091s][debug][gc,ref       ] GC(520) Skipped phase1 of Reference Processing due to unavailable references
[1970.091s][debug][gc,ref       ] GC(520) Skipped phase2 of Reference Processing due to unavailable references
[1970.091s][debug][gc,ref       ] GC(520) Skipped phase3 of Reference Processing due to unavailable references
[1970.091s][debug][gc,ref       ] GC(520) Skipped phase4 of Reference Processing due to unavailable references
[1970.091s][debug][gc,age       ] GC(520) Desired survivor size 15368192 bytes, new threshold 6 (max threshold 6)
[1970.091s][info ][gc,heap      ] GC(520) ParNew: 241763K->1207K(270336K)
[1970.091s][info ][gc,heap      ] GC(520) CMS: 298530K->298724K(600768K)
[1970.091s][info ][gc,metaspace ] GC(520) Metaspace: 57763K->57763K(1101824K)
[1970.091s][info ][gc           ] GC(520) Pause Young (Allocation Failure) 527M->292M(850M) 5.347ms
[1970.091s][info ][gc,cpu       ] GC(520) User=0.01s Sys=0.00s Real=0.00s
[1970.091s][info ][safepoint    ] Leaving safepoint region
[1970.091s][info ][safepoint    ] Total time for which application threads were stopped: 0.0055141 seconds, Stopping threads took: 0.0000295 seconds
[1973.964s][info ][safepoint    ] Application time: 3.8730487 seconds
[1973.964s][info ][safepoint    ] Entering safepoint region: GenCollectForAllocation
[1973.964s][info ][gc,start     ] GC(521) Pause Young (Allocation Failure)
[1973.964s][info ][gc,task      ] GC(521) Using 4 workers of 4 for evacuation
[1973.967s][debug][gc,ref       ] GC(521) Skipped phase1 of Reference Processing due to unavailable references
[1973.967s][debug][gc,ref       ] GC(521) Skipped phase2 of Reference Processing due to unavailable references
[1973.967s][debug][gc,ref       ] GC(521) Skipped phase3 of Reference Processing due to unavailable references
[1973.967s][debug][gc,ref       ] GC(521) Skipped phase4 of Reference Processing due to unavailable references
[1973.967s][debug][gc,age       ] GC(521) Desired survivor size 15368192 bytes, new threshold 6 (max threshold 6)
[1973.967s][info ][gc,heap      ] GC(521) ParNew: 241527K->1328K(270336K)
[1973.967s][info ][gc,heap      ] GC(521) CMS: 298724K->298756K(600768K)
[1973.967s][info ][gc,metaspace ] GC(521) Metaspace: 57768K->57768K(1101824K)
[1973.967s][info ][gc           ] GC(521) Pause Young (Allocation Failure) 527M->293M(850M) 2.670ms
[1973.967s][info ][gc,cpu       ] GC(521) User=0.01s Sys=0.00s Real=0.00s
[1973.967s][info ][safepoint    ] Leaving safepoint region
[1973.967s][info ][safepoint    ] Total time for which application threads were stopped: 0.0028114 seconds, Stopping threads took: 0.0000149 seconds
[1977.967s][info ][safepoint    ] Application time: 4.0003209 seconds
[1977.967s][info ][safepoint    ] Entering safepoint region: Cleanup
[1977.967s][info ][safepoint    ] Leaving safepoint region
[1977.967s][info ][safepoint    ] Total time for which application threads were stopped: 0.0000857 seconds, Stopping threads took: 0.0000151 seconds
[1978.213s][info ][safepoint    ] Application time: 0.2460347 seconds
[1978.213s][info ][safepoint    ] Entering safepoint region: GenCollectForAllocation
[1978.214s][info ][gc,start     ] GC(522) Pause Young (Allocation Failure)
[1978.214s][info ][gc,task      ] GC(522) Using 4 workers of 4 for evacuation
[1978.228s][debug][gc,ref       ] GC(522) Skipped phase1 of Reference Processing due to unavailable references
[1978.228s][debug][gc,ref       ] GC(522) Skipped phase2 of Reference Processing due to unavailable references
[1978.228s][debug][gc,ref       ] GC(522) Skipped phase3 of Reference Processing due to unavailable references
[1978.228s][debug][gc,ref       ] GC(522) Skipped phase4 of Reference Processing due to unavailable references
[1978.229s][debug][gc,age       ] GC(522) Desired survivor size 15368192 bytes, new threshold 6 (max threshold 6)
[1978.229s][info ][gc,heap      ] GC(522) ParNew: 241648K->1104K(270336K)
[1978.229s][info ][gc,heap      ] GC(522) CMS: 298756K->298924K(600768K)
[1978.229s][info ][gc,metaspace ] GC(522) Metaspace: 57768K->57768K(1101824K)
[1978.229s][info ][gc           ] GC(522) Pause Young (Allocation Failure) 527M->292M(850M) 15.078ms
[1978.229s][info ][gc,cpu       ] GC(522) User=0.04s Sys=0.00s Real=0.01s
[1978.229s][info ][safepoint    ] Leaving safepoint region
[1978.229s][info ][safepoint    ] Total time for which application threads were stopped: 0.0152276 seconds, Stopping threads took: 0.0000142 seconds
[1982.467s][info ][safepoint    ] Application time: 4.2385615 seconds
[1982.467s][info ][safepoint    ] Entering safepoint region: GenCollectForAllocation
[1982.467s][info ][gc,start     ] GC(523) Pause Young (Allocation Failure)
[1982.467s][info ][gc,task      ] GC(523) Using 4 workers of 4 for evacuation
[1982.470s][debug][gc,ref       ] GC(523) Skipped phase1 of Reference Processing due to unavailable references
[1982.470s][debug][gc,ref       ] GC(523) Skipped phase2 of Reference Processing due to unavailable references
[1982.470s][debug][gc,ref       ] GC(523) Skipped phase3 of Reference Processing due to unavailable references
[1982.470s][debug][gc,ref       ] GC(523) Skipped phase4 of Reference Processing due to unavailable references
[1982.470s][debug][gc,age       ] GC(523) Desired survivor size 15368192 bytes, new threshold 6 (max threshold 6)
[1982.470s][info ][gc,heap      ] GC(523) ParNew: 241424K->1271K(270336K)
[1982.470s][info ][gc,heap      ] GC(523) CMS: 298924K->298991K(600768K)
[1982.470s][info ][gc,metaspace ] GC(523) Metaspace: 57768K->57768K(1101824K)
[1982.470s][info ][gc           ] GC(523) Pause Young (Allocation Failure) 527M->293M(850M) 2.980ms
[1982.470s][info ][gc,cpu       ] GC(523) User=0.01s Sys=0.00s Real=0.00s
[1982.470s][info ][safepoint    ] Leaving safepoint region
[1982.470s][info ][safepoint    ] Total time for which application threads were stopped: 0.0031399 seconds, Stopping threads took: 0.0000157 seconds
[1986.766s][info ][safepoint    ] Application time: 4.2958304 seconds
[1986.766s][info ][safepoint    ] Entering safepoint region: GenCollectForAllocation
[1986.766s][info ][gc,start     ] GC(524) Pause Young (Allocation Failure)
[1986.767s][info ][gc,task      ] GC(524) Using 4 workers of 4 for evacuation
[1986.770s][debug][gc,ref       ] GC(524) Skipped phase1 of Reference Processing due to unavailable references
[1986.770s][debug][gc,ref       ] GC(524) Skipped phase2 of Reference Processing due to unavailable references
[1986.770s][debug][gc,ref       ] GC(524) Skipped phase3 of Reference Processing due to unavailable references
[1986.770s][debug][gc,ref       ] GC(524) Skipped phase4 of Reference Processing due to unavailable references
[1986.770s][debug][gc,age       ] GC(524) Desired survivor size 15368192 bytes, new threshold 6 (max threshold 6)
[1986.770s][info ][gc,heap      ] GC(524) ParNew: 241591K->1298K(270336K)
[1986.770s][info ][gc,heap      ] GC(524) CMS: 298991K->299033K(600768K)
[1986.770s][info ][gc,metaspace ] GC(524) Metaspace: 57768K->57768K(1101824K)
[1986.770s][info ][gc           ] GC(524) Pause Young (Allocation Failure) 527M->293M(850M) 3.277ms
[1986.770s][info ][gc,cpu       ] GC(524) User=0.00s Sys=0.00s Real=0.00s
[1986.770s][info ][safepoint    ] Leaving safepoint region
[1986.770s][info ][safepoint    ] Total time for which application threads were stopped: 0.0034968 seconds, Stopping threads took: 0.0000582 seconds
[1990.770s][info ][safepoint    ] Application time: 4.0003598 seconds
[1990.770s][info ][safepoint    ] Entering safepoint region: Cleanup
[1990.770s][info ][safepoint    ] Leaving safepoint region
[1990.770s][info ][safepoint    ] Total time for which application threads were stopped: 0.0000743 seconds, Stopping threads took: 0.0000168 seconds
[1991.113s][info ][safepoint    ] Application time: 0.3430986 seconds
[1991.113s][info ][safepoint    ] Entering safepoint region: GenCollectForAllocation
[1991.114s][info ][gc,start     ] GC(525) Pause Young (Allocation Failure)
[1991.114s][info ][gc,task      ] GC(525) Using 4 workers of 4 for evacuation
[1991.120s][debug][gc,ref       ] GC(525) Skipped phase1 of Reference Processing due to unavailable references
[1991.120s][debug][gc,ref       ] GC(525) Skipped phase2 of Reference Processing due to unavailable references
[1991.120s][debug][gc,ref       ] GC(525) Skipped phase3 of Reference Processing due to unavailable references
[1991.120s][debug][gc,ref       ] GC(525) Skipped phase4 of Reference Processing due to unavailable references
[1991.120s][debug][gc,age       ] GC(525) Desired survivor size 15368192 bytes, new threshold 6 (max threshold 6)
[1991.120s][info ][gc,heap      ] GC(525) ParNew: 241618K->921K(270336K)
[1991.120s][info ][gc,heap      ] GC(525) CMS: 299033K->299281K(600768K)
[1991.120s][info ][gc,metaspace ] GC(525) Metaspace: 57768K->57768K(1101824K)
[1991.120s][info ][gc           ] GC(525) Pause Young (Allocation Failure) 527M->293M(850M) 6.925ms
[1991.120s][info ][gc,cpu       ] GC(525) User=0.01s Sys=0.00s Real=0.00s
[1991.121s][info ][safepoint    ] Leaving safepoint region
[1991.121s][info ][safepoint    ] Total time for which application threads were stopped: 0.0071743 seconds, Stopping threads took: 0.0000139 seconds
[1995.127s][info ][safepoint    ] Application time: 4.0060290 seconds
[1995.127s][info ][safepoint    ] Entering safepoint region: Cleanup
[1995.127s][info ][safepoint    ] Leaving safepoint region
[1995.127s][info ][safepoint    ] Total time for which application threads were stopped: 0.0000740 seconds, Stopping threads took: 0.0000155 seconds
[1995.311s][info ][safepoint    ] Application time: 0.1839232 seconds
[1995.311s][info ][safepoint    ] Entering safepoint region: GenCollectForAllocation
[1995.311s][info ][gc,start     ] GC(526) Pause Young (Allocation Failure)
[1995.311s][info ][gc,task      ] GC(526) Using 4 workers of 4 for evacuation
[1995.313s][debug][gc,ref       ] GC(526) Skipped phase1 of Reference Processing due to unavailable references
[1995.313s][debug][gc,ref       ] GC(526) Skipped phase2 of Reference Processing due to unavailable references
[1995.313s][debug][gc,ref       ] GC(526) Skipped phase3 of Reference Processing due to unavailable references
[1995.313s][debug][gc,ref       ] GC(526) Skipped phase4 of Reference Processing due to unavailable references
[1995.314s][debug][gc,age       ] GC(526) Desired survivor size 15368192 bytes, new threshold 6 (max threshold 6)
[1995.314s][info ][gc,heap      ] GC(526) ParNew: 241241K->1000K(270336K)
[1995.314s][info ][gc,heap      ] GC(526) CMS: 299281K->299449K(600768K)
[1995.314s][info ][gc,metaspace ] GC(526) Metaspace: 57768K->57768K(1101824K)
[1995.314s][info ][gc           ] GC(526) Pause Young (Allocation Failure) 527M->293M(850M) 2.751ms
[1995.314s][info ][gc,cpu       ] GC(526) User=0.01s Sys=0.00s Real=0.01s
[1995.314s][info ][safepoint    ] Leaving safepoint region
[1995.314s][info ][safepoint    ] Total time for which application threads were stopped: 0.0029100 seconds, Stopping threads took: 0.0000147 seconds
[1999.465s][info ][safepoint    ] Application time: 4.1515134 seconds
[1999.465s][info ][safepoint    ] Entering safepoint region: GenCollectForAllocation
[1999.465s][info ][gc,start     ] GC(527) Pause Young (Allocation Failure)
[1999.465s][info ][gc,task      ] GC(527) Using 4 workers of 4 for evacuation
[1999.468s][debug][gc,ref       ] GC(527) Skipped phase1 of Reference Processing due to unavailable references
[1999.468s][debug][gc,ref       ] GC(527) Skipped phase2 of Reference Processing due to unavailable references
[1999.468s][debug][gc,ref       ] GC(527) Skipped phase3 of Reference Processing due to unavailable references
[1999.468s][debug][gc,ref       ] GC(527) Skipped phase4 of Reference Processing due to unavailable references
[1999.468s][debug][gc,age       ] GC(527) Desired survivor size 15368192 bytes, new threshold 6 (max threshold 6)
[1999.468s][info ][gc,heap      ] GC(527) ParNew: 241320K->1120K(270336K)
[1999.468s][info ][gc,heap      ] GC(527) CMS: 299449K->299588K(600768K)
[1999.468s][info ][gc,metaspace ] GC(527) Metaspace: 57768K->57768K(1101824K)
[1999.468s][info ][gc           ] GC(527) Pause Young (Allocation Failure) 528M->293M(850M) 3.020ms
[1999.468s][info ][gc,cpu       ] GC(527) User=0.00s Sys=0.00s Real=0.00s
[1999.468s][info ][safepoint    ] Leaving safepoint region
[1999.468s][info ][safepoint    ] Total time for which application threads were stopped: 0.0031666 seconds, Stopping threads took: 0.0000151 seconds
[2001.469s][info ][safepoint    ] Application time: 2.0001839 seconds
[2001.469s][info ][safepoint    ] Entering safepoint region: Cleanup
[2001.469s][info ][safepoint    ] Leaving safepoint region
[2001.469s][info ][safepoint    ] Total time for which application threads were stopped: 0.0000879 seconds, Stopping threads took: 0.0000144 seconds
[2003.712s][info ][safepoint    ] Application time: 2.2432862 seconds
[2003.712s][info ][safepoint    ] Entering safepoint region: GenCollectForAllocation
[2003.712s][info ][gc,start     ] GC(528) Pause Young (Allocation Failure)
[2003.712s][info ][gc,task      ] GC(528) Using 4 workers of 4 for evacuation
[2003.714s][debug][gc,ref       ] GC(528) Skipped phase1 of Reference Processing due to unavailable references
[2003.714s][debug][gc,ref       ] GC(528) Skipped phase2 of Reference Processing due to unavailable references
[2003.714s][debug][gc,ref       ] GC(528) Skipped phase3 of Reference Processing due to unavailable references
[2003.714s][debug][gc,ref       ] GC(528) Skipped phase4 of Reference Processing due to unavailable references
[2003.715s][debug][gc,age       ] GC(528) Desired survivor size 15368192 bytes, new threshold 6 (max threshold 6)
[2003.715s][info ][gc,heap      ] GC(528) ParNew: 241440K->911K(270336K)
[2003.715s][info ][gc,heap      ] GC(528) CMS: 299588K->299687K(600768K)
[2003.715s][info ][gc,metaspace ] GC(528) Metaspace: 57768K->57768K(1101824K)
[2003.715s][info ][gc           ] GC(528) Pause Young (Allocation Failure) 528M->293M(850M) 2.575ms
[2003.715s][info ][gc,cpu       ] GC(528) User=0.01s Sys=0.00s Real=0.01s
[2003.715s][info ][safepoint    ] Leaving safepoint region
[2003.715s][info ][safepoint    ] Total time for which application threads were stopped: 0.0027336 seconds, Stopping threads took: 0.0000148 seconds
[2008.014s][info ][safepoint    ] Application time: 4.2994364 seconds
[2008.014s][info ][safepoint    ] Entering safepoint region: GenCollectForAllocation
[2008.014s][info ][gc,start     ] GC(529) Pause Young (Allocation Failure)
[2008.014s][info ][gc,task      ] GC(529) Using 4 workers of 4 for evacuation
[2008.017s][debug][gc,ref       ] GC(529) Skipped phase1 of Reference Processing due to unavailable references
[2008.017s][debug][gc,ref       ] GC(529) Skipped phase2 of Reference Processing due to unavailable references
[2008.017s][debug][gc,ref       ] GC(529) Skipped phase3 of Reference Processing due to unavailable references
[2008.017s][debug][gc,ref       ] GC(529) Skipped phase4 of Reference Processing due to unavailable references
[2008.017s][debug][gc,age       ] GC(529) Desired survivor size 15368192 bytes, new threshold 6 (max threshold 6)
[2008.017s][info ][gc,heap      ] GC(529) ParNew: 241231K->889K(270336K)
[2008.017s][info ][gc,heap      ] GC(529) CMS: 299687K->299790K(600768K)
[2008.017s][info ][gc,metaspace ] GC(529) Metaspace: 57768K->57768K(1101824K)
[2008.017s][info ][gc           ] GC(529) Pause Young (Allocation Failure) 528M->293M(850M) 2.933ms
[2008.017s][info ][gc,cpu       ] GC(529) User=0.01s Sys=0.00s Real=0.00s
[2008.017s][info ][safepoint    ] Leaving safepoint region
[2008.017s][info ][safepoint    ] Total time for which application threads were stopped: 0.0030860 seconds, Stopping threads took: 0.0000147 seconds
[2012.018s][info ][safepoint    ] Application time: 4.0004391 seconds
[2012.018s][info ][safepoint    ] Entering safepoint region: Cleanup
[2012.018s][info ][safepoint    ] Leaving safepoint region
[2012.018s][info ][safepoint    ] Total time for which application threads were stopped: 0.0000726 seconds, Stopping threads took: 0.0000156 seconds
[2012.059s][info ][safepoint    ] Application time: 0.0407419 seconds
[2012.059s][info ][safepoint    ] Entering safepoint region: GenCollectForAllocation
[2012.059s][info ][gc,start     ] GC(530) Pause Young (Allocation Failure)
[2012.059s][info ][gc,task      ] GC(530) Using 4 workers of 4 for evacuation
[2012.061s][debug][gc,ref       ] GC(530) Skipped phase1 of Reference Processing due to unavailable references
[2012.061s][debug][gc,ref       ] GC(530) Skipped phase2 of Reference Processing due to unavailable references
[2012.061s][debug][gc,ref       ] GC(530) Skipped phase3 of Reference Processing due to unavailable references
[2012.061s][debug][gc,ref       ] GC(530) Skipped phase4 of Reference Processing due to unavailable references
[2012.061s][debug][gc,age       ] GC(530) Desired survivor size 15368192 bytes, new threshold 6 (max threshold 6)
[2012.061s][info ][gc,heap      ] GC(530) ParNew: 241209K->1204K(270336K)
[2012.061s][info ][gc,heap      ] GC(530) CMS: 299790K->299894K(600768K)
[2012.061s][info ][gc,metaspace ] GC(530) Metaspace: 57768K->57768K(1101824K)
[2012.061s][info ][gc           ] GC(530) Pause Young (Allocation Failure) 528M->294M(850M) 2.711ms
[2012.061s][info ][gc,cpu       ] GC(530) User=0.01s Sys=0.00s Real=0.00s
[2012.061s][info ][safepoint    ] Leaving safepoint region
[2012.061s][info ][safepoint    ] Total time for which application threads were stopped: 0.0028913 seconds, Stopping threads took: 0.0000452 seconds
[2016.016s][info ][safepoint    ] Application time: 3.9540779 seconds
[2016.016s][info ][safepoint    ] Entering safepoint region: GenCollectForAllocation
[2016.016s][info ][gc,start     ] GC(531) Pause Young (Allocation Failure)
[2016.016s][info ][gc,task      ] GC(531) Using 4 workers of 4 for evacuation
[2016.018s][debug][gc,ref       ] GC(531) Skipped phase1 of Reference Processing due to unavailable references
[2016.018s][debug][gc,ref       ] GC(531) Skipped phase2 of Reference Processing due to unavailable references
[2016.018s][debug][gc,ref       ] GC(531) Skipped phase3 of Reference Processing due to unavailable references
[2016.018s][debug][gc,ref       ] GC(531) Skipped phase4 of Reference Processing due to unavailable references
[2016.018s][debug][gc,age       ] GC(531) Desired survivor size 15368192 bytes, new threshold 6 (max threshold 6)
[2016.018s][info ][gc,heap      ] GC(531) ParNew: 241524K->916K(270336K)
[2016.018s][info ][gc,heap      ] GC(531) CMS: 299894K->299951K(600768K)
[2016.018s][info ][gc,metaspace ] GC(531) Metaspace: 57768K->57768K(1101824K)
[2016.018s][info ][gc           ] GC(531) Pause Young (Allocation Failure) 528M->293M(850M) 2.677ms
[2016.018s][info ][gc,cpu       ] GC(531) User=0.01s Sys=0.00s Real=0.00s
[2016.018s][info ][safepoint    ] Leaving safepoint region
[2016.018s][info ][safepoint    ] Total time for which application threads were stopped: 0.0028429 seconds, Stopping threads took: 0.0000154 seconds
[2020.316s][info ][safepoint    ] Application time: 4.2971863 seconds
[2020.316s][info ][safepoint    ] Entering safepoint region: GenCollectForAllocation
[2020.316s][info ][gc,start     ] GC(532) Pause Young (Allocation Failure)
[2020.316s][info ][gc,task      ] GC(532) Using 4 workers of 4 for evacuation
[2020.318s][debug][gc,ref       ] GC(532) Skipped phase1 of Reference Processing due to unavailable references
[2020.318s][debug][gc,ref       ] GC(532) Skipped phase2 of Reference Processing due to unavailable references
[2020.318s][debug][gc,ref       ] GC(532) Skipped phase3 of Reference Processing due to unavailable references
[2020.318s][debug][gc,ref       ] GC(532) Skipped phase4 of Reference Processing due to unavailable references
[2020.318s][debug][gc,age       ] GC(532) Desired survivor size 15368192 bytes, new threshold 6 (max threshold 6)
[2020.318s][info ][gc,heap      ] GC(532) ParNew: 241236K->990K(270336K)
[2020.318s][info ][gc,heap      ] GC(532) CMS: 299951K->300041K(600768K)
[2020.318s][info ][gc,metaspace ] GC(532) Metaspace: 57768K->57768K(1101824K)
[2020.318s][info ][gc           ] GC(532) Pause Young (Allocation Failure) 528M->293M(850M) 2.683ms
[2020.318s][info ][gc,cpu       ] GC(532) User=0.01s Sys=0.00s Real=0.00s
[2020.318s][info ][safepoint    ] Leaving safepoint region
[2020.318s][info ][safepoint    ] Total time for which application threads were stopped: 0.0028283 seconds, Stopping threads took: 0.0000150 seconds
[2021.319s][info ][safepoint    ] Application time: 1.0001784 seconds
[2021.319s][info ][safepoint    ] Entering safepoint region: Cleanup
[2021.319s][info ][safepoint    ] Leaving safepoint region
[2021.319s][info ][safepoint    ] Total time for which application threads were stopped: 0.0000767 seconds, Stopping threads took: 0.0000155 seconds
[2024.466s][info ][safepoint    ] Application time: 3.1476694 seconds
[2024.467s][info ][safepoint    ] Entering safepoint region: GenCollectForAllocation
[2024.467s][info ][gc,start     ] GC(533) Pause Young (Allocation Failure)
[2024.467s][info ][gc,task      ] GC(533) Using 4 workers of 4 for evacuation
[2024.469s][debug][gc,ref       ] GC(533) Skipped phase1 of Reference Processing due to unavailable references
[2024.469s][debug][gc,ref       ] GC(533) Skipped phase2 of Reference Processing due to unavailable references
[2024.469s][debug][gc,ref       ] GC(533) Skipped phase3 of Reference Processing due to unavailable references
[2024.469s][debug][gc,ref       ] GC(533) Skipped phase4 of Reference Processing due to unavailable references
[2024.469s][debug][gc,age       ] GC(533) Desired survivor size 15368192 bytes, new threshold 6 (max threshold 6)
[2024.469s][info ][gc,heap      ] GC(533) ParNew: 241310K->1219K(270336K)
[2024.469s][info ][gc,heap      ] GC(533) CMS: 300041K->300118K(600768K)
[2024.469s][info ][gc,metaspace ] GC(533) Metaspace: 57769K->57769K(1101824K)
[2024.469s][info ][gc           ] GC(533) Pause Young (Allocation Failure) 528M->294M(850M) 2.577ms
[2024.469s][info ][gc,cpu       ] GC(533) User=0.01s Sys=0.00s Real=0.00s
[2024.469s][info ][safepoint    ] Leaving safepoint region
[2024.469s][info ][safepoint    ] Total time for which application threads were stopped: 0.0027267 seconds, Stopping threads took: 0.0000146 seconds
[2028.820s][info ][safepoint    ] Application time: 4.3506764 seconds
[2028.820s][info ][safepoint    ] Entering safepoint region: GenCollectForAllocation
[2028.820s][info ][gc,start     ] GC(534) Pause Young (Allocation Failure)
[2028.820s][info ][gc,task      ] GC(534) Using 4 workers of 4 for evacuation
[2028.823s][debug][gc,ref       ] GC(534) Skipped phase1 of Reference Processing due to unavailable references
[2028.823s][debug][gc,ref       ] GC(534) Skipped phase2 of Reference Processing due to unavailable references
[2028.823s][debug][gc,ref       ] GC(534) Skipped phase3 of Reference Processing due to unavailable references
[2028.823s][debug][gc,ref       ] GC(534) Skipped phase4 of Reference Processing due to unavailable references
[2028.823s][debug][gc,age       ] GC(534) Desired survivor size 15368192 bytes, new threshold 6 (max threshold 6)
[2028.823s][info ][gc,heap      ] GC(534) ParNew: 241539K->1134K(270336K)
[2028.823s][info ][gc,heap      ] GC(534) CMS: 300118K->300228K(600768K)
[2028.823s][info ][gc,metaspace ] GC(534) Metaspace: 57769K->57769K(1101824K)
[2028.823s][info ][gc           ] GC(534) Pause Young (Allocation Failure) 528M->294M(850M) 2.916ms
[2028.823s][info ][gc,cpu       ] GC(534) User=0.01s Sys=0.01s Real=0.00s
[2028.823s][info ][safepoint    ] Leaving safepoint region
[2028.823s][info ][safepoint    ] Total time for which application threads were stopped: 0.0030732 seconds, Stopping threads took: 0.0000140 seconds
[2033.113s][info ][safepoint    ] Application time: 4.2898048 seconds
[2033.113s][info ][safepoint    ] Entering safepoint region: GenCollectForAllocation
[2033.113s][info ][gc,start     ] GC(535) Pause Young (Allocation Failure)
[2033.113s][info ][gc,task      ] GC(535) Using 4 workers of 4 for evacuation
[2033.115s][debug][gc,ref       ] GC(535) Skipped phase1 of Reference Processing due to unavailable references
[2033.115s][debug][gc,ref       ] GC(535) Skipped phase2 of Reference Processing due to unavailable references
[2033.115s][debug][gc,ref       ] GC(535) Skipped phase3 of Reference Processing due to unavailable references
[2033.115s][debug][gc,ref       ] GC(535) Skipped phase4 of Reference Processing due to unavailable references
[2033.116s][debug][gc,age       ] GC(535) Desired survivor size 15368192 bytes, new threshold 6 (max threshold 6)
[2033.116s][info ][gc,heap      ] GC(535) ParNew: 241454K->1043K(270336K)
[2033.116s][info ][gc,heap      ] GC(535) CMS: 300228K->300290K(600768K)
[2033.116s][info ][gc,metaspace ] GC(535) Metaspace: 57769K->57769K(1101824K)
[2033.116s][info ][gc           ] GC(535) Pause Young (Allocation Failure) 528M->294M(850M) 2.612ms
[2033.116s][info ][gc,cpu       ] GC(535) User=0.01s Sys=0.00s Real=0.00s
[2033.116s][info ][safepoint    ] Leaving safepoint region
[2033.116s][info ][safepoint    ] Total time for which application threads were stopped: 0.0027659 seconds, Stopping threads took: 0.0000147 seconds
[2037.762s][info ][safepoint    ] Application time: 4.6467004 seconds
[2037.762s][info ][safepoint    ] Entering safepoint region: GenCollectForAllocation
[2037.762s][info ][gc,start     ] GC(536) Pause Young (Allocation Failure)
[2037.762s][info ][gc,task      ] GC(536) Using 4 workers of 4 for evacuation
[2037.765s][debug][gc,ref       ] GC(536) Skipped phase1 of Reference Processing due to unavailable references
[2037.765s][debug][gc,ref       ] GC(536) Skipped phase2 of Reference Processing due to unavailable references
[2037.765s][debug][gc,ref       ] GC(536) Skipped phase3 of Reference Processing due to unavailable references
[2037.765s][debug][gc,ref       ] GC(536) Skipped phase4 of Reference Processing due to unavailable references
[2037.765s][debug][gc,age       ] GC(536) Desired survivor size 15368192 bytes, new threshold 6 (max threshold 6)
[2037.765s][info ][gc,heap      ] GC(536) ParNew: 241363K->1044K(270336K)
[2037.765s][info ][gc,heap      ] GC(536) CMS: 300290K->300393K(600768K)
[2037.765s][info ][gc,metaspace ] GC(536) Metaspace: 57769K->57769K(1101824K)
[2037.765s][info ][gc           ] GC(536) Pause Young (Allocation Failure) 528M->294M(850M) 2.990ms
[2037.765s][info ][gc,cpu       ] GC(536) User=0.01s Sys=0.00s Real=0.01s
[2037.765s][info ][safepoint    ] Leaving safepoint region
[2037.765s][info ][safepoint    ] Total time for which application threads were stopped: 0.0031446 seconds, Stopping threads took: 0.0000140 seconds
[2039.766s][info ][safepoint    ] Application time: 2.0001983 seconds
[2039.766s][info ][safepoint    ] Entering safepoint region: Cleanup
[2039.766s][info ][safepoint    ] Leaving safepoint region
[2039.766s][info ][safepoint    ] Total time for which application threads were stopped: 0.0000699 seconds, Stopping threads took: 0.0000139 seconds
[2042.664s][info ][safepoint    ] Application time: 2.8986524 seconds
[2042.665s][info ][safepoint    ] Entering safepoint region: GenCollectForAllocation
[2042.665s][info ][gc,start     ] GC(537) Pause Young (Allocation Failure)
[2042.665s][info ][gc,task      ] GC(537) Using 4 workers of 4 for evacuation
[2042.667s][debug][gc,ref       ] GC(537) Skipped phase1 of Reference Processing due to unavailable references
[2042.667s][debug][gc,ref       ] GC(537) Skipped phase2 of Reference Processing due to unavailable references
[2042.667s][debug][gc,ref       ] GC(537) Skipped phase3 of Reference Processing due to unavailable references
[2042.667s][debug][gc,ref       ] GC(537) Skipped phase4 of Reference Processing due to unavailable references
[2042.668s][debug][gc,age       ] GC(537) Desired survivor size 15368192 bytes, new threshold 6 (max threshold 6)
[2042.668s][info ][gc,heap      ] GC(537) ParNew: 241364K->1279K(270336K)
[2042.668s][info ][gc,heap      ] GC(537) CMS: 300393K->300535K(600768K)
[2042.668s][info ][gc,metaspace ] GC(537) Metaspace: 57770K->57770K(1101824K)
[2042.668s][info ][gc           ] GC(537) Pause Young (Allocation Failure) 529M->294M(850M) 3.002ms
[2042.668s][info ][gc,cpu       ] GC(537) User=0.01s Sys=0.00s Real=0.00s
[2042.668s][info ][safepoint    ] Leaving safepoint region
[2042.668s][info ][safepoint    ] Total time for which application threads were stopped: 0.0031515 seconds, Stopping threads took: 0.0000142 seconds
[2045.668s][info ][safepoint    ] Application time: 3.0002582 seconds
[2045.668s][info ][safepoint    ] Entering safepoint region: Cleanup
[2045.668s][info ][safepoint    ] Leaving safepoint region
[2045.668s][info ][safepoint    ] Total time for which application threads were stopped: 0.0000928 seconds, Stopping threads took: 0.0000148 seconds
[2047.812s][info ][safepoint    ] Application time: 2.1442013 seconds
[2047.812s][info ][safepoint    ] Entering safepoint region: GenCollectForAllocation
[2047.812s][info ][gc,start     ] GC(538) Pause Young (Allocation Failure)
[2047.812s][info ][gc,task      ] GC(538) Using 4 workers of 4 for evacuation
[2047.815s][debug][gc,ref       ] GC(538) Skipped phase1 of Reference Processing due to unavailable references
[2047.815s][debug][gc,ref       ] GC(538) Skipped phase2 of Reference Processing due to unavailable references
[2047.815s][debug][gc,ref       ] GC(538) Skipped phase3 of Reference Processing due to unavailable references
[2047.815s][debug][gc,ref       ] GC(538) Skipped phase4 of Reference Processing due to unavailable references
[2047.815s][debug][gc,age       ] GC(538) Desired survivor size 15368192 bytes, new threshold 6 (max threshold 6)
[2047.815s][info ][gc,heap      ] GC(538) ParNew: 241599K->1567K(270336K)
[2047.815s][info ][gc,heap      ] GC(538) CMS: 300535K->300587K(600768K)
[2047.815s][info ][gc,metaspace ] GC(538) Metaspace: 57770K->57770K(1101824K)
[2047.815s][info ][gc           ] GC(538) Pause Young (Allocation Failure) 529M->295M(850M) 2.678ms
[2047.815s][info ][gc,cpu       ] GC(538) User=0.01s Sys=0.00s Real=0.00s
[2047.815s][info ][safepoint    ] Leaving safepoint region
[2047.815s][info ][safepoint    ] Total time for which application threads were stopped: 0.0028241 seconds, Stopping threads took: 0.0000253 seconds
[2048.815s][info ][safepoint    ] Application time: 1.0001724 seconds
[2048.815s][info ][safepoint    ] Entering safepoint region: Cleanup
[2048.815s][info ][safepoint    ] Leaving safepoint region
[2048.815s][info ][safepoint    ] Total time for which application threads were stopped: 0.0000771 seconds, Stopping threads took: 0.0000160 seconds
[2052.816s][info ][safepoint    ] Application time: 4.0004134 seconds
[2052.816s][info ][safepoint    ] Entering safepoint region: Cleanup
[2052.816s][info ][safepoint    ] Leaving safepoint region
[2052.816s][info ][safepoint    ] Total time for which application threads were stopped: 0.0000730 seconds, Stopping threads took: 0.0000144 seconds
[2053.109s][info ][safepoint    ] Application time: 0.2929321 seconds
[2053.109s][info ][safepoint    ] Entering safepoint region: GenCollectForAllocation
[2053.109s][info ][gc,start     ] GC(539) Pause Young (Allocation Failure)
[2053.109s][info ][gc,task      ] GC(539) Using 4 workers of 4 for evacuation
[2053.112s][debug][gc,ref       ] GC(539) Skipped phase1 of Reference Processing due to unavailable references
[2053.112s][debug][gc,ref       ] GC(539) Skipped phase2 of Reference Processing due to unavailable references
[2053.112s][debug][gc,ref       ] GC(539) Skipped phase3 of Reference Processing due to unavailable references
[2053.112s][debug][gc,ref       ] GC(539) Skipped phase4 of Reference Processing due to unavailable references
[2053.112s][debug][gc,age       ] GC(539) Desired survivor size 15368192 bytes, new threshold 6 (max threshold 6)
[2053.112s][info ][gc,heap      ] GC(539) ParNew: 241887K->1349K(270336K)
[2053.112s][info ][gc,heap      ] GC(539) CMS: 300587K->300808K(600768K)
[2053.112s][info ][gc,metaspace ] GC(539) Metaspace: 57770K->57770K(1101824K)
[2053.112s][info ][gc           ] GC(539) Pause Young (Allocation Failure) 529M->295M(850M) 2.991ms
[2053.112s][info ][gc,cpu       ] GC(539) User=0.01s Sys=0.00s Real=0.00s
[2053.112s][info ][safepoint    ] Leaving safepoint region
[2053.112s][info ][safepoint    ] Total time for which application threads were stopped: 0.0031402 seconds, Stopping threads took: 0.0000141 seconds
[2054.112s][info ][safepoint    ] Application time: 1.0000949 seconds
[2054.112s][info ][safepoint    ] Entering safepoint region: Cleanup
[2054.112s][info ][safepoint    ] Leaving safepoint region
[2054.112s][info ][safepoint    ] Total time for which application threads were stopped: 0.0001303 seconds, Stopping threads took: 0.0000606 seconds
[2055.112s][info ][safepoint    ] Application time: 1.0001592 seconds
[2055.113s][info ][safepoint    ] Entering safepoint region: Cleanup
[2055.113s][info ][safepoint    ] Leaving safepoint region
[2055.113s][info ][safepoint    ] Total time for which application threads were stopped: 0.0001068 seconds, Stopping threads took: 0.0000380 seconds
[2058.419s][info ][safepoint    ] Application time: 3.3063020 seconds
[2058.419s][info ][safepoint    ] Entering safepoint region: GenCollectForAllocation
[2058.419s][info ][gc,start     ] GC(540) Pause Young (Allocation Failure)
[2058.419s][info ][gc,task      ] GC(540) Using 4 workers of 4 for evacuation
[2058.422s][debug][gc,ref       ] GC(540) Skipped phase1 of Reference Processing due to unavailable references
[2058.422s][debug][gc,ref       ] GC(540) Skipped phase2 of Reference Processing due to unavailable references
[2058.422s][debug][gc,ref       ] GC(540) Skipped phase3 of Reference Processing due to unavailable references
[2058.422s][debug][gc,ref       ] GC(540) Skipped phase4 of Reference Processing due to unavailable references
[2058.422s][debug][gc,age       ] GC(540) Desired survivor size 15368192 bytes, new threshold 6 (max threshold 6)
[2058.422s][info ][gc,heap      ] GC(540) ParNew: 241669K->1262K(270336K)
[2058.422s][info ][gc,heap      ] GC(540) CMS: 300808K->300896K(600768K)
[2058.422s][info ][gc,metaspace ] GC(540) Metaspace: 57771K->57771K(1101824K)
[2058.422s][info ][gc           ] GC(540) Pause Young (Allocation Failure) 529M->295M(850M) 2.695ms
[2058.422s][info ][gc,cpu       ] GC(540) User=0.01s Sys=0.00s Real=0.00s
[2058.422s][info ][safepoint    ] Leaving safepoint region
[2058.422s][info ][safepoint    ] Total time for which application threads were stopped: 0.0028461 seconds, Stopping threads took: 0.0000140 seconds
[2063.422s][info ][safepoint    ] Application time: 5.0004985 seconds
[2063.422s][info ][safepoint    ] Entering safepoint region: Cleanup
[2063.422s][info ][safepoint    ] Leaving safepoint region
[2063.422s][info ][safepoint    ] Total time for which application threads were stopped: 0.0000779 seconds, Stopping threads took: 0.0000165 seconds
[2063.761s][info ][safepoint    ] Application time: 0.3385013 seconds
[2063.761s][info ][safepoint    ] Entering safepoint region: GenCollectForAllocation
[2063.761s][info ][gc,start     ] GC(541) Pause Young (Allocation Failure)
[2063.761s][info ][gc,task      ] GC(541) Using 4 workers of 4 for evacuation
[2063.763s][debug][gc,ref       ] GC(541) Skipped phase1 of Reference Processing due to unavailable references
[2063.763s][debug][gc,ref       ] GC(541) Skipped phase2 of Reference Processing due to unavailable references
[2063.763s][debug][gc,ref       ] GC(541) Skipped phase3 of Reference Processing due to unavailable references
[2063.763s][debug][gc,ref       ] GC(541) Skipped phase4 of Reference Processing due to unavailable references
[2063.764s][debug][gc,age       ] GC(541) Desired survivor size 15368192 bytes, new threshold 6 (max threshold 6)
[2063.764s][info ][gc,heap      ] GC(541) ParNew: 241582K->1528K(270336K)
[2063.764s][info ][gc,heap      ] GC(541) CMS: 300896K->300910K(600768K)
[2063.764s][info ][gc,metaspace ] GC(541) Metaspace: 57772K->57772K(1101824K)
[2063.764s][info ][gc           ] GC(541) Pause Young (Allocation Failure) 529M->295M(850M) 2.594ms
[2063.764s][info ][gc,cpu       ] GC(541) User=0.01s Sys=0.00s Real=0.00s
[2063.764s][info ][safepoint    ] Leaving safepoint region
[2063.764s][info ][safepoint    ] Total time for which application threads were stopped: 0.0027365 seconds, Stopping threads took: 0.0000141 seconds
[2065.764s][info ][safepoint    ] Application time: 2.0002513 seconds
[2065.764s][info ][safepoint    ] Entering safepoint region: Cleanup
[2065.764s][info ][safepoint    ] Leaving safepoint region
[2065.764s][info ][safepoint    ] Total time for which application threads were stopped: 0.0000870 seconds, Stopping threads took: 0.0000174 seconds
[2066.764s][info ][safepoint    ] Application time: 1.0001828 seconds
[2066.764s][info ][safepoint    ] Entering safepoint region: Cleanup
[2066.764s][info ][safepoint    ] Leaving safepoint region
[2066.764s][info ][safepoint    ] Total time for which application threads were stopped: 0.0001337 seconds, Stopping threads took: 0.0000559 seconds
[2069.108s][info ][safepoint    ] Application time: 2.3438475 seconds
[2069.108s][info ][safepoint    ] Entering safepoint region: GenCollectForAllocation
[2069.108s][info ][gc,start     ] GC(542) Pause Young (Allocation Failure)
[2069.108s][info ][gc,task      ] GC(542) Using 4 workers of 4 for evacuation
[2069.111s][debug][gc,ref       ] GC(542) Skipped phase1 of Reference Processing due to unavailable references
[2069.111s][debug][gc,ref       ] GC(542) Skipped phase2 of Reference Processing due to unavailable references
[2069.111s][debug][gc,ref       ] GC(542) Skipped phase3 of Reference Processing due to unavailable references
[2069.111s][debug][gc,ref       ] GC(542) Skipped phase4 of Reference Processing due to unavailable references
[2069.111s][debug][gc,age       ] GC(542) Desired survivor size 15368192 bytes, new threshold 6 (max threshold 6)
[2069.111s][info ][gc,heap      ] GC(542) ParNew: 241848K->1613K(270336K)
[2069.111s][info ][gc,heap      ] GC(542) CMS: 300910K->301041K(600768K)
[2069.111s][info ][gc,metaspace ] GC(542) Metaspace: 57774K->57774K(1101824K)
[2069.111s][info ][gc           ] GC(542) Pause Young (Allocation Failure) 530M->295M(850M) 2.903ms
[2069.111s][info ][gc,cpu       ] GC(542) User=0.01s Sys=0.00s Real=0.00s
[2069.111s][info ][safepoint    ] Leaving safepoint region
[2069.111s][info ][safepoint    ] Total time for which application threads were stopped: 0.0030950 seconds, Stopping threads took: 0.0000477 seconds
[2073.112s][info ][safepoint    ] Application time: 4.0003936 seconds
[2073.112s][info ][safepoint    ] Entering safepoint region: Cleanup
[2073.112s][info ][safepoint    ] Leaving safepoint region
[2073.112s][info ][safepoint    ] Total time for which application threads were stopped: 0.0001486 seconds, Stopping threads took: 0.0000727 seconds
[2074.418s][info ][safepoint    ] Application time: 1.3058302 seconds
[2074.418s][info ][safepoint    ] Entering safepoint region: GenCollectForAllocation
[2074.418s][info ][gc,start     ] GC(543) Pause Young (Allocation Failure)
[2074.418s][info ][gc,task      ] GC(543) Using 4 workers of 4 for evacuation
[2074.421s][debug][gc,ref       ] GC(543) Skipped phase1 of Reference Processing due to unavailable references
[2074.421s][debug][gc,ref       ] GC(543) Skipped phase2 of Reference Processing due to unavailable references
[2074.421s][debug][gc,ref       ] GC(543) Skipped phase3 of Reference Processing due to unavailable references
[2074.421s][debug][gc,ref       ] GC(543) Skipped phase4 of Reference Processing due to unavailable references
[2074.421s][debug][gc,age       ] GC(543) Desired survivor size 15368192 bytes, new threshold 6 (max threshold 6)
[2074.421s][info ][gc,heap      ] GC(543) ParNew: 241933K->1644K(270336K)
[2074.421s][info ][gc,heap      ] GC(543) CMS: 301041K->301319K(600768K)
[2074.421s][info ][gc,metaspace ] GC(543) Metaspace: 57774K->57774K(1101824K)
[2074.421s][info ][gc           ] GC(543) Pause Young (Allocation Failure) 530M->295M(850M) 2.972ms
[2074.421s][info ][gc,cpu       ] GC(543) User=0.02s Sys=0.00s Real=0.00s
[2074.421s][info ][safepoint    ] Leaving safepoint region
[2074.421s][info ][safepoint    ] Total time for which application threads were stopped: 0.0031147 seconds, Stopping threads took: 0.0000145 seconds
[2079.511s][info ][safepoint    ] Application time: 5.0900873 seconds
[2079.511s][info ][safepoint    ] Entering safepoint region: GenCollectForAllocation
[2079.511s][info ][gc,start     ] GC(544) Pause Young (Allocation Failure)
[2079.511s][info ][gc,task      ] GC(544) Using 4 workers of 4 for evacuation
[2079.514s][debug][gc,ref       ] GC(544) Skipped phase1 of Reference Processing due to unavailable references
[2079.514s][debug][gc,ref       ] GC(544) Skipped phase2 of Reference Processing due to unavailable references
[2079.514s][debug][gc,ref       ] GC(544) Skipped phase3 of Reference Processing due to unavailable references
[2079.514s][debug][gc,ref       ] GC(544) Skipped phase4 of Reference Processing due to unavailable references
[2079.514s][debug][gc,age       ] GC(544) Desired survivor size 15368192 bytes, new threshold 6 (max threshold 6)
[2079.514s][info ][gc,heap      ] GC(544) ParNew: 241964K->1053K(270336K)
[2079.514s][info ][gc,heap      ] GC(544) CMS: 301319K->301530K(600768K)
[2079.514s][info ][gc,metaspace ] GC(544) Metaspace: 57774K->57774K(1101824K)
[2079.514s][info ][gc           ] GC(544) Pause Young (Allocation Failure) 530M->295M(850M) 3.181ms
[2079.514s][info ][gc,cpu       ] GC(544) User=0.01s Sys=0.00s Real=0.01s
[2079.515s][info ][safepoint    ] Leaving safepoint region
[2079.515s][info ][safepoint    ] Total time for which application threads were stopped: 0.0033677 seconds, Stopping threads took: 0.0000512 seconds
[2080.515s][info ][safepoint    ] Application time: 1.0001144 seconds
[2080.515s][info ][safepoint    ] Entering safepoint region: Cleanup
[2080.515s][info ][safepoint    ] Leaving safepoint region
[2080.515s][info ][safepoint    ] Total time for which application threads were stopped: 0.0001252 seconds, Stopping threads took: 0.0000559 seconds
[2084.260s][info ][safepoint    ] Application time: 3.7448787 seconds
[2084.260s][info ][safepoint    ] Entering safepoint region: GenCollectForAllocation
[2084.260s][info ][gc,start     ] GC(545) Pause Young (Allocation Failure)
[2084.260s][info ][gc,task      ] GC(545) Using 4 workers of 4 for evacuation
[2084.262s][debug][gc,ref       ] GC(545) Skipped phase1 of Reference Processing due to unavailable references
[2084.262s][debug][gc,ref       ] GC(545) Skipped phase2 of Reference Processing due to unavailable references
[2084.262s][debug][gc,ref       ] GC(545) Skipped phase3 of Reference Processing due to unavailable references
[2084.262s][debug][gc,ref       ] GC(545) Skipped phase4 of Reference Processing due to unavailable references
[2084.262s][debug][gc,age       ] GC(545) Desired survivor size 15368192 bytes, new threshold 6 (max threshold 6)
[2084.262s][info ][gc,heap      ] GC(545) ParNew: 241373K->1337K(270336K)
[2084.262s][info ][gc,heap      ] GC(545) CMS: 301530K->301588K(600768K)
[2084.262s][info ][gc,metaspace ] GC(545) Metaspace: 57775K->57775K(1101824K)
[2084.262s][info ][gc           ] GC(545) Pause Young (Allocation Failure) 530M->295M(850M) 2.681ms
[2084.263s][info ][gc,cpu       ] GC(545) User=0.01s Sys=0.00s Real=0.00s
[2084.263s][info ][safepoint    ] Leaving safepoint region
[2084.263s][info ][safepoint    ] Total time for which application threads were stopped: 0.0028252 seconds, Stopping threads took: 0.0000144 seconds
[2088.909s][info ][safepoint    ] Application time: 4.6462651 seconds
[2088.909s][info ][safepoint    ] Entering safepoint region: GenCollectForAllocation
[2088.909s][info ][gc,start     ] GC(546) Pause Young (Allocation Failure)
[2088.909s][info ][gc,task      ] GC(546) Using 4 workers of 4 for evacuation
[2088.912s][debug][gc,ref       ] GC(546) Skipped phase1 of Reference Processing due to unavailable references
[2088.912s][debug][gc,ref       ] GC(546) Skipped phase2 of Reference Processing due to unavailable references
[2088.912s][debug][gc,ref       ] GC(546) Skipped phase3 of Reference Processing due to unavailable references
[2088.912s][debug][gc,ref       ] GC(546) Skipped phase4 of Reference Processing due to unavailable references
[2088.912s][debug][gc,age       ] GC(546) Desired survivor size 15368192 bytes, new threshold 6 (max threshold 6)
[2088.912s][info ][gc,heap      ] GC(546) ParNew: 241657K->1586K(270336K)
[2088.912s][info ][gc,heap      ] GC(546) CMS: 301588K->301706K(600768K)
[2088.912s][info ][gc,metaspace ] GC(546) Metaspace: 57775K->57775K(1101824K)
[2088.912s][info ][gc           ] GC(546) Pause Young (Allocation Failure) 530M->296M(850M) 2.889ms
[2088.912s][info ][gc,cpu       ] GC(546) User=0.01s Sys=0.01s Real=0.00s
[2088.912s][info ][safepoint    ] Leaving safepoint region
[2088.912s][info ][safepoint    ] Total time for which application threads were stopped: 0.0030389 seconds, Stopping threads took: 0.0000143 seconds
[2093.662s][info ][safepoint    ] Application time: 4.7498868 seconds
[2093.662s][info ][safepoint    ] Entering safepoint region: GenCollectForAllocation
[2093.662s][info ][gc,start     ] GC(547) Pause Young (Allocation Failure)
[2093.662s][info ][gc,task      ] GC(547) Using 4 workers of 4 for evacuation
[2093.664s][debug][gc,ref       ] GC(547) Skipped phase1 of Reference Processing due to unavailable references
[2093.664s][debug][gc,ref       ] GC(547) Skipped phase2 of Reference Processing due to unavailable references
[2093.664s][debug][gc,ref       ] GC(547) Skipped phase3 of Reference Processing due to unavailable references
[2093.664s][debug][gc,ref       ] GC(547) Skipped phase4 of Reference Processing due to unavailable references
[2093.664s][debug][gc,age       ] GC(547) Desired survivor size 15368192 bytes, new threshold 6 (max threshold 6)
[2093.664s][info ][gc,heap      ] GC(547) ParNew: 241906K->1582K(270336K)
[2093.664s][info ][gc,heap      ] GC(547) CMS: 301706K->301725K(600768K)
[2093.664s][info ][gc,metaspace ] GC(547) Metaspace: 57776K->57776K(1101824K)
[2093.664s][info ][gc           ] GC(547) Pause Young (Allocation Failure) 530M->296M(850M) 2.583ms
[2093.665s][info ][gc,cpu       ] GC(547) User=0.01s Sys=0.00s Real=0.01s
[2093.665s][info ][safepoint    ] Leaving safepoint region
[2093.665s][info ][safepoint    ] Total time for which application threads were stopped: 0.0027482 seconds, Stopping threads took: 0.0000279 seconds
[2096.665s][info ][safepoint    ] Application time: 3.0002820 seconds
[2096.665s][info ][safepoint    ] Entering safepoint region: Cleanup
[2096.665s][info ][safepoint    ] Leaving safepoint region
[2096.665s][info ][safepoint    ] Total time for which application threads were stopped: 0.0000747 seconds, Stopping threads took: 0.0000156 seconds
[2098.464s][info ][safepoint    ] Application time: 1.7990563 seconds
[2098.464s][info ][safepoint    ] Entering safepoint region: GenCollectForAllocation
[2098.464s][info ][gc,start     ] GC(548) Pause Young (Allocation Failure)
[2098.464s][info ][gc,task      ] GC(548) Using 4 workers of 4 for evacuation
[2098.467s][debug][gc,ref       ] GC(548) Skipped phase1 of Reference Processing due to unavailable references
[2098.467s][debug][gc,ref       ] GC(548) Skipped phase2 of Reference Processing due to unavailable references
[2098.467s][debug][gc,ref       ] GC(548) Skipped phase3 of Reference Processing due to unavailable references
[2098.467s][debug][gc,ref       ] GC(548) Skipped phase4 of Reference Processing due to unavailable references
[2098.467s][debug][gc,age       ] GC(548) Desired survivor size 15368192 bytes, new threshold 6 (max threshold 6)
[2098.467s][info ][gc,heap      ] GC(548) ParNew: 241902K->1750K(270336K)
[2098.467s][info ][gc,heap      ] GC(548) CMS: 301725K->301828K(600768K)
[2098.467s][info ][gc,metaspace ] GC(548) Metaspace: 57776K->57776K(1101824K)
[2098.467s][info ][gc           ] GC(548) Pause Young (Allocation Failure) 530M->296M(850M) 2.696ms
[2098.467s][info ][gc,cpu       ] GC(548) User=0.01s Sys=0.00s Real=0.00s
[2098.467s][info ][safepoint    ] Leaving safepoint region
[2098.467s][info ][safepoint    ] Total time for which application threads were stopped: 0.0028438 seconds, Stopping threads took: 0.0000159 seconds
[2102.467s][info ][safepoint    ] Application time: 4.0003046 seconds
[2102.467s][info ][safepoint    ] Entering safepoint region: Cleanup
[2102.467s][info ][safepoint    ] Leaving safepoint region
[2102.467s][info ][safepoint    ] Total time for which application threads were stopped: 0.0001018 seconds, Stopping threads took: 0.0000173 seconds
[2103.664s][info ][safepoint    ] Application time: 1.1961874 seconds
[2103.664s][info ][safepoint    ] Entering safepoint region: GenCollectForAllocation
[2103.664s][info ][gc,start     ] GC(549) Pause Young (Allocation Failure)
[2103.664s][info ][gc,task      ] GC(549) Using 4 workers of 4 for evacuation
[2103.666s][debug][gc,ref       ] GC(549) Skipped phase1 of Reference Processing due to unavailable references
[2103.666s][debug][gc,ref       ] GC(549) Skipped phase2 of Reference Processing due to unavailable references
[2103.666s][debug][gc,ref       ] GC(549) Skipped phase3 of Reference Processing due to unavailable references
[2103.666s][debug][gc,ref       ] GC(549) Skipped phase4 of Reference Processing due to unavailable references
[2103.666s][debug][gc,age       ] GC(549) Desired survivor size 15368192 bytes, new threshold 6 (max threshold 6)
[2103.666s][info ][gc,heap      ] GC(549) ParNew: 242070K->1781K(270336K)
[2103.666s][info ][gc,heap      ] GC(549) CMS: 301828K->301852K(600768K)
[2103.666s][info ][gc,metaspace ] GC(549) Metaspace: 57776K->57776K(1101824K)
[2103.666s][info ][gc           ] GC(549) Pause Young (Allocation Failure) 531M->296M(850M) 2.622ms
[2103.666s][info ][gc,cpu       ] GC(549) User=0.01s Sys=0.00s Real=0.01s
[2103.666s][info ][safepoint    ] Leaving safepoint region
[2103.666s][info ][safepoint    ] Total time for which application threads were stopped: 0.0027889 seconds, Stopping threads took: 0.0000149 seconds
[2108.612s][info ][safepoint    ] Application time: 4.9452473 seconds
[2108.612s][info ][safepoint    ] Entering safepoint region: GenCollectForAllocation
[2108.612s][info ][gc,start     ] GC(550) Pause Young (Allocation Failure)
[2108.612s][info ][gc,task      ] GC(550) Using 4 workers of 4 for evacuation
[2108.615s][debug][gc,ref       ] GC(550) Skipped phase1 of Reference Processing due to unavailable references
[2108.615s][debug][gc,ref       ] GC(550) Skipped phase2 of Reference Processing due to unavailable references
[2108.615s][debug][gc,ref       ] GC(550) Skipped phase3 of Reference Processing due to unavailable references
[2108.615s][debug][gc,ref       ] GC(550) Skipped phase4 of Reference Processing due to unavailable references
[2108.615s][debug][gc,age       ] GC(550) Desired survivor size 15368192 bytes, new threshold 6 (max threshold 6)
[2108.615s][info ][gc,heap      ] GC(550) ParNew: 242101K->1864K(270336K)
[2108.615s][info ][gc,heap      ] GC(550) CMS: 301852K->302011K(600768K)
[2108.615s][info ][gc,metaspace ] GC(550) Metaspace: 57779K->57779K(1101824K)
[2108.615s][info ][gc           ] GC(550) Pause Young (Allocation Failure) 531M->296M(850M) 3.042ms
[2108.615s][info ][gc,cpu       ] GC(550) User=0.01s Sys=0.00s Real=0.01s
[2108.615s][info ][safepoint    ] Leaving safepoint region
[2108.615s][info ][safepoint    ] Total time for which application threads were stopped: 0.0032266 seconds, Stopping threads took: 0.0000293 seconds
[2112.290s][info ][safepoint    ] Application time: 3.6748880 seconds
[2112.290s][info ][safepoint    ] Entering safepoint region: GenCollectForAllocation
[2112.290s][info ][gc,start     ] GC(551) Pause Young (Allocation Failure)
[2112.290s][info ][gc,task      ] GC(551) Using 4 workers of 4 for evacuation
[2112.297s][debug][gc,ref       ] GC(551) Skipped phase1 of Reference Processing due to unavailable references
[2112.297s][debug][gc,ref       ] GC(551) Skipped phase2 of Reference Processing due to unavailable references
[2112.297s][debug][gc,ref       ] GC(551) Skipped phase3 of Reference Processing due to unavailable references
[2112.297s][debug][gc,ref       ] GC(551) Skipped phase4 of Reference Processing due to unavailable references
[2112.297s][debug][gc,age       ] GC(551) Desired survivor size 15368192 bytes, new threshold 6 (max threshold 6)
[2112.297s][info ][gc,heap      ] GC(551) ParNew: 242184K->11884K(270336K)
[2112.297s][info ][gc,heap      ] GC(551) CMS: 302011K->302199K(600768K)
[2112.297s][info ][gc,metaspace ] GC(551) Metaspace: 57781K->57781K(1101824K)
[2112.297s][info ][gc           ] GC(551) Pause Young (Allocation Failure) 531M->306M(850M) 7.168ms
[2112.297s][info ][gc,cpu       ] GC(551) User=0.03s Sys=0.00s Real=0.01s
[2112.297s][info ][safepoint    ] Leaving safepoint region
[2112.297s][info ][safepoint    ] Total time for which application threads were stopped: 0.0073693 seconds, Stopping threads took: 0.0000350 seconds
[2113.297s][info ][safepoint    ] Application time: 1.0001007 seconds
[2113.297s][info ][safepoint    ] Entering safepoint region: Cleanup
[2113.297s][info ][safepoint    ] Leaving safepoint region
[2113.297s][info ][safepoint    ] Total time for which application threads were stopped: 0.0000898 seconds, Stopping threads took: 0.0000160 seconds
[2114.298s][info ][safepoint    ] Application time: 1.0001658 seconds
[2114.298s][info ][safepoint    ] Entering safepoint region: Cleanup
[2114.298s][info ][safepoint    ] Leaving safepoint region
[2114.298s][info ][safepoint    ] Total time for which application threads were stopped: 0.0000818 seconds, Stopping threads took: 0.0000169 seconds
[2115.298s][info ][safepoint    ] Application time: 1.0001041 seconds
[2115.298s][info ][safepoint    ] Entering safepoint region: Cleanup
[2115.298s][info ][safepoint    ] Leaving safepoint region
[2115.298s][info ][safepoint    ] Total time for which application threads were stopped: 0.0000974 seconds, Stopping threads took: 0.0000201 seconds
[2116.298s][info ][safepoint    ] Application time: 1.0000531 seconds
[2116.298s][info ][safepoint    ] Entering safepoint region: Cleanup
[2116.298s][info ][safepoint    ] Leaving safepoint region
[2116.298s][info ][safepoint    ] Total time for which application threads were stopped: 0.0001099 seconds, Stopping threads took: 0.0000162 seconds
[2116.413s][info ][safepoint    ] Application time: 0.1149944 seconds
[2116.413s][info ][safepoint    ] Entering safepoint region: GenCollectForAllocation
[2116.413s][info ][gc,start     ] GC(552) Pause Young (Allocation Failure)
[2116.413s][info ][gc,task      ] GC(552) Using 4 workers of 4 for evacuation
[2116.416s][debug][gc,ref       ] GC(552) Skipped phase1 of Reference Processing due to unavailable references
[2116.416s][debug][gc,ref       ] GC(552) Skipped phase2 of Reference Processing due to unavailable references
[2116.416s][debug][gc,ref       ] GC(552) Skipped phase3 of Reference Processing due to unavailable references
[2116.416s][debug][gc,ref       ] GC(552) Skipped phase4 of Reference Processing due to unavailable references
[2116.417s][debug][gc,age       ] GC(552) Desired survivor size 15368192 bytes, new threshold 6 (max threshold 6)
[2116.417s][info ][gc,heap      ] GC(552) ParNew: 252204K->9094K(270336K)
[2116.417s][info ][gc,heap      ] GC(552) CMS: 302199K->302434K(600768K)
[2116.417s][info ][gc,metaspace ] GC(552) Metaspace: 57782K->57782K(1101824K)
[2116.417s][info ][gc           ] GC(552) Pause Young (Allocation Failure) 541M->304M(850M) 3.364ms
[2116.417s][info ][gc,cpu       ] GC(552) User=0.01s Sys=0.00s Real=0.00s
[2116.417s][info ][safepoint    ] Leaving safepoint region
[2116.417s][info ][safepoint    ] Total time for which application threads were stopped: 0.0035215 seconds, Stopping threads took: 0.0000168 seconds
[2117.417s][info ][safepoint    ] Application time: 1.0000949 seconds
[2117.417s][info ][safepoint    ] Entering safepoint region: Cleanup
[2117.417s][info ][safepoint    ] Leaving safepoint region
[2117.417s][info ][safepoint    ] Total time for which application threads were stopped: 0.0001343 seconds, Stopping threads took: 0.0000551 seconds
[2118.417s][info ][safepoint    ] Application time: 1.0001026 seconds
[2118.417s][info ][safepoint    ] Entering safepoint region: Cleanup
[2118.417s][info ][safepoint    ] Leaving safepoint region
[2118.417s][info ][safepoint    ] Total time for which application threads were stopped: 0.0000758 seconds, Stopping threads took: 0.0000141 seconds
[2120.858s][info ][safepoint    ] Application time: 2.4413338 seconds
[2120.859s][info ][safepoint    ] Entering safepoint region: GenCollectForAllocation
[2120.859s][info ][gc,start     ] GC(553) Pause Young (Allocation Failure)
[2120.859s][info ][gc,task      ] GC(553) Using 4 workers of 4 for evacuation
[2120.862s][debug][gc,ref       ] GC(553) Skipped phase1 of Reference Processing due to unavailable references
[2120.862s][debug][gc,ref       ] GC(553) Skipped phase2 of Reference Processing due to unavailable references
[2120.862s][debug][gc,ref       ] GC(553) Skipped phase3 of Reference Processing due to unavailable references
[2120.862s][debug][gc,ref       ] GC(553) Skipped phase4 of Reference Processing due to unavailable references
[2120.862s][debug][gc,age       ] GC(553) Desired survivor size 15368192 bytes, new threshold 6 (max threshold 6)
[2120.862s][info ][gc,heap      ] GC(553) ParNew: 249414K->2486K(270336K)
[2120.862s][info ][gc,heap      ] GC(553) CMS: 302434K->302681K(600768K)
[2120.862s][info ][gc,metaspace ] GC(553) Metaspace: 57782K->57782K(1101824K)
[2120.862s][info ][gc           ] GC(553) Pause Young (Allocation Failure) 538M->298M(850M) 3.266ms
[2120.862s][info ][gc,cpu       ] GC(553) User=0.01s Sys=0.00s Real=0.00s
[2120.862s][info ][safepoint    ] Leaving safepoint region
[2120.862s][info ][safepoint    ] Total time for which application threads were stopped: 0.0034361 seconds, Stopping threads took: 0.0000362 seconds
[2123.862s][info ][safepoint    ] Application time: 3.0002773 seconds
[2123.862s][info ][safepoint    ] Entering safepoint region: Cleanup
[2123.862s][info ][safepoint    ] Leaving safepoint region
[2123.862s][info ][safepoint    ] Total time for which application threads were stopped: 0.0001355 seconds, Stopping threads took: 0.0000597 seconds
[2125.010s][info ][safepoint    ] Application time: 1.1472764 seconds
[2125.010s][info ][safepoint    ] Entering safepoint region: GenCollectForAllocation
[2125.010s][info ][gc,start     ] GC(554) Pause Young (Allocation Failure)
[2125.010s][info ][gc,task      ] GC(554) Using 4 workers of 4 for evacuation
[2125.013s][debug][gc,ref       ] GC(554) Skipped phase1 of Reference Processing due to unavailable references
[2125.013s][debug][gc,ref       ] GC(554) Skipped phase2 of Reference Processing due to unavailable references
[2125.013s][debug][gc,ref       ] GC(554) Skipped phase3 of Reference Processing due to unavailable references
[2125.013s][debug][gc,ref       ] GC(554) Skipped phase4 of Reference Processing due to unavailable references
[2125.013s][debug][gc,age       ] GC(554) Desired survivor size 15368192 bytes, new threshold 6 (max threshold 6)
[2125.013s][info ][gc,heap      ] GC(554) ParNew: 242806K->1851K(270336K)
[2125.013s][info ][gc,heap      ] GC(554) CMS: 302681K->302751K(600768K)
[2125.013s][info ][gc,metaspace ] GC(554) Metaspace: 57783K->57783K(1101824K)
[2125.013s][info ][gc           ] GC(554) Pause Young (Allocation Failure) 532M->297M(850M) 3.178ms
[2125.013s][info ][gc,cpu       ] GC(554) User=0.01s Sys=0.00s Real=0.01s
[2125.013s][info ][safepoint    ] Leaving safepoint region
[2125.013s][info ][safepoint    ] Total time for which application threads were stopped: 0.0033365 seconds, Stopping threads took: 0.0000142 seconds
[2127.013s][info ][safepoint    ] Application time: 2.0001646 seconds
[2127.013s][info ][safepoint    ] Entering safepoint region: Cleanup
[2127.013s][info ][safepoint    ] Leaving safepoint region
[2127.013s][info ][safepoint    ] Total time for which application threads were stopped: 0.0001357 seconds, Stopping threads took: 0.0000643 seconds
[2129.014s][info ][safepoint    ] Application time: 2.0001587 seconds
[2129.014s][info ][safepoint    ] Entering safepoint region: Cleanup
[2129.014s][info ][safepoint    ] Leaving safepoint region
[2129.014s][info ][safepoint    ] Total time for which application threads were stopped: 0.0001540 seconds, Stopping threads took: 0.0000841 seconds
[2129.210s][info ][safepoint    ] Application time: 0.1964269 seconds
[2129.210s][info ][safepoint    ] Entering safepoint region: GenCollectForAllocation
[2129.210s][info ][gc,start     ] GC(555) Pause Young (Allocation Failure)
[2129.210s][info ][gc,task      ] GC(555) Using 4 workers of 4 for evacuation
[2129.213s][debug][gc,ref       ] GC(555) Skipped phase1 of Reference Processing due to unavailable references
[2129.213s][debug][gc,ref       ] GC(555) Skipped phase2 of Reference Processing due to unavailable references
[2129.213s][debug][gc,ref       ] GC(555) Skipped phase3 of Reference Processing due to unavailable references
[2129.213s][debug][gc,ref       ] GC(555) Skipped phase4 of Reference Processing due to unavailable references
[2129.213s][debug][gc,age       ] GC(555) Desired survivor size 15368192 bytes, new threshold 6 (max threshold 6)
[2129.213s][info ][gc,heap      ] GC(555) ParNew: 242171K->1876K(270336K)
[2129.213s][info ][gc,heap      ] GC(555) CMS: 302751K->302926K(600768K)
[2129.213s][info ][gc,metaspace ] GC(555) Metaspace: 57783K->57783K(1101824K)
[2129.213s][info ][gc           ] GC(555) Pause Young (Allocation Failure) 532M->297M(850M) 3.161ms
[2129.213s][info ][gc,cpu       ] GC(555) User=0.02s Sys=0.00s Real=0.01s
[2129.214s][info ][safepoint    ] Leaving safepoint region
[2129.214s][info ][safepoint    ] Total time for which application threads were stopped: 0.0032997 seconds, Stopping threads took: 0.0000139 seconds
[2131.214s][info ][safepoint    ] Application time: 2.0001503 seconds
[2131.214s][info ][safepoint    ] Entering safepoint region: Cleanup
[2131.214s][info ][safepoint    ] Leaving safepoint region
[2131.214s][info ][safepoint    ] Total time for which application threads were stopped: 0.0001447 seconds, Stopping threads took: 0.0000686 seconds
[2133.608s][info ][safepoint    ] Application time: 2.3939928 seconds
[2133.608s][info ][safepoint    ] Entering safepoint region: GenCollectForAllocation
[2133.608s][info ][gc,start     ] GC(556) Pause Young (Allocation Failure)
[2133.608s][info ][gc,task      ] GC(556) Using 4 workers of 4 for evacuation
[2133.611s][debug][gc,ref       ] GC(556) Skipped phase1 of Reference Processing due to unavailable references
[2133.611s][debug][gc,ref       ] GC(556) Skipped phase2 of Reference Processing due to unavailable references
[2133.611s][debug][gc,ref       ] GC(556) Skipped phase3 of Reference Processing due to unavailable references
[2133.611s][debug][gc,ref       ] GC(556) Skipped phase4 of Reference Processing due to unavailable references
[2133.611s][debug][gc,age       ] GC(556) Desired survivor size 15368192 bytes, new threshold 6 (max threshold 6)
[2133.611s][info ][gc,heap      ] GC(556) ParNew: 242196K->1869K(270336K)
[2133.611s][info ][gc,heap      ] GC(556) CMS: 302926K->303104K(600768K)
[2133.611s][info ][gc,metaspace ] GC(556) Metaspace: 57785K->57785K(1101824K)
[2133.611s][info ][gc           ] GC(556) Pause Young (Allocation Failure) 532M->297M(850M) 3.145ms
[2133.611s][info ][gc,cpu       ] GC(556) User=0.01s Sys=0.01s Real=0.00s
[2133.611s][info ][safepoint    ] Leaving safepoint region
[2133.611s][info ][safepoint    ] Total time for which application threads were stopped: 0.0033161 seconds, Stopping threads took: 0.0000158 seconds
[2137.913s][info ][safepoint    ] Application time: 4.3022093 seconds
[2137.913s][info ][safepoint    ] Entering safepoint region: GenCollectForAllocation
[2137.914s][info ][gc,start     ] GC(557) Pause Young (Allocation Failure)
[2137.914s][info ][gc,task      ] GC(557) Using 4 workers of 4 for evacuation
[2137.916s][debug][gc,ref       ] GC(557) Skipped phase1 of Reference Processing due to unavailable references
[2137.916s][debug][gc,ref       ] GC(557) Skipped phase2 of Reference Processing due to unavailable references
[2137.916s][debug][gc,ref       ] GC(557) Skipped phase3 of Reference Processing due to unavailable references
[2137.916s][debug][gc,ref       ] GC(557) Skipped phase4 of Reference Processing due to unavailable references
[2137.916s][debug][gc,age       ] GC(557) Desired survivor size 15368192 bytes, new threshold 6 (max threshold 6)
[2137.916s][info ][gc,heap      ] GC(557) ParNew: 242189K->1792K(270336K)
[2137.916s][info ][gc,heap      ] GC(557) CMS: 303104K->303132K(600768K)
[2137.916s][info ][gc,metaspace ] GC(557) Metaspace: 57785K->57785K(1101824K)
[2137.916s][info ][gc           ] GC(557) Pause Young (Allocation Failure) 532M->297M(850M) 2.933ms
[2137.917s][info ][gc,cpu       ] GC(557) User=0.01s Sys=0.00s Real=0.00s
[2137.917s][info ][safepoint    ] Leaving safepoint region
[2137.917s][info ][safepoint    ] Total time for which application threads were stopped: 0.0030847 seconds, Stopping threads took: 0.0000139 seconds
[2139.917s][info ][safepoint    ] Application time: 2.0001334 seconds
[2139.917s][info ][safepoint    ] Entering safepoint region: Cleanup
[2139.917s][info ][safepoint    ] Leaving safepoint region
[2139.917s][info ][safepoint    ] Total time for which application threads were stopped: 0.0000864 seconds, Stopping threads took: 0.0000276 seconds
[2140.917s][info ][safepoint    ] Application time: 1.0001524 seconds
[2140.917s][info ][safepoint    ] Entering safepoint region: Cleanup
[2140.917s][info ][safepoint    ] Leaving safepoint region
[2140.917s][info ][safepoint    ] Total time for which application threads were stopped: 0.0000754 seconds, Stopping threads took: 0.0000147 seconds
[2142.159s][info ][safepoint    ] Application time: 1.2419896 seconds
[2142.159s][info ][safepoint    ] Entering safepoint region: GenCollectForAllocation
[2142.159s][info ][gc,start     ] GC(558) Pause Young (Allocation Failure)
[2142.159s][info ][gc,task      ] GC(558) Using 4 workers of 4 for evacuation
[2142.162s][debug][gc,ref       ] GC(558) Skipped phase1 of Reference Processing due to unavailable references
[2142.162s][debug][gc,ref       ] GC(558) Skipped phase2 of Reference Processing due to unavailable references
[2142.162s][debug][gc,ref       ] GC(558) Skipped phase3 of Reference Processing due to unavailable references
[2142.162s][debug][gc,ref       ] GC(558) Skipped phase4 of Reference Processing due to unavailable references
[2142.162s][debug][gc,age       ] GC(558) Desired survivor size 15368192 bytes, new threshold 6 (max threshold 6)
[2142.162s][info ][gc,heap      ] GC(558) ParNew: 242112K->1945K(270336K)
[2142.162s][info ][gc,heap      ] GC(558) CMS: 303132K->303305K(600768K)
[2142.162s][info ][gc,metaspace ] GC(558) Metaspace: 57785K->57785K(1101824K)
[2142.162s][info ][gc           ] GC(558) Pause Young (Allocation Failure) 532M->298M(850M) 3.181ms
[2142.162s][info ][gc,cpu       ] GC(558) User=0.02s Sys=0.00s Real=0.00s
[2142.162s][info ][safepoint    ] Leaving safepoint region
[2142.162s][info ][safepoint    ] Total time for which application threads were stopped: 0.0033160 seconds, Stopping threads took: 0.0000151 seconds
[2143.163s][info ][safepoint    ] Application time: 1.0001051 seconds
[2143.163s][info ][safepoint    ] Entering safepoint region: Cleanup
[2143.163s][info ][safepoint    ] Leaving safepoint region
[2143.163s][info ][safepoint    ] Total time for which application threads were stopped: 0.0001343 seconds, Stopping threads took: 0.0000646 seconds
[2146.163s][info ][safepoint    ] Application time: 3.0002557 seconds
[2146.163s][info ][safepoint    ] Entering safepoint region: Cleanup
[2146.163s][info ][safepoint    ] Leaving safepoint region
[2146.163s][info ][safepoint    ] Total time for which application threads were stopped: 0.0001400 seconds, Stopping threads took: 0.0000672 seconds
[2146.461s][info ][safepoint    ] Application time: 0.2977749 seconds
[2146.461s][info ][safepoint    ] Entering safepoint region: GenCollectForAllocation
[2146.461s][info ][gc,start     ] GC(559) Pause Young (Allocation Failure)
[2146.461s][info ][gc,task      ] GC(559) Using 4 workers of 4 for evacuation
[2146.464s][debug][gc,ref       ] GC(559) Skipped phase1 of Reference Processing due to unavailable references
[2146.464s][debug][gc,ref       ] GC(559) Skipped phase2 of Reference Processing due to unavailable references
[2146.464s][debug][gc,ref       ] GC(559) Skipped phase3 of Reference Processing due to unavailable references
[2146.464s][debug][gc,ref       ] GC(559) Skipped phase4 of Reference Processing due to unavailable references
[2146.465s][debug][gc,age       ] GC(559) Desired survivor size 15368192 bytes, new threshold 6 (max threshold 6)
[2146.465s][info ][gc,heap      ] GC(559) ParNew: 242265K->2071K(270336K)
[2146.465s][info ][gc,heap      ] GC(559) CMS: 303305K->303542K(600768K)
[2146.465s][info ][gc,metaspace ] GC(559) Metaspace: 57786K->57786K(1101824K)
[2146.465s][info ][gc           ] GC(559) Pause Young (Allocation Failure) 532M->298M(850M) 3.619ms
[2146.465s][info ][gc,cpu       ] GC(559) User=0.01s Sys=0.00s Real=0.01s
[2146.465s][info ][safepoint    ] Leaving safepoint region
[2146.465s][info ][safepoint    ] Total time for which application threads were stopped: 0.0037717 seconds, Stopping threads took: 0.0000141 seconds
[2149.465s][info ][safepoint    ] Application time: 3.0002451 seconds
[2149.465s][info ][safepoint    ] Entering safepoint region: Cleanup
[2149.465s][info ][safepoint    ] Leaving safepoint region
[2149.465s][info ][safepoint    ] Total time for which application threads were stopped: 0.0001378 seconds, Stopping threads took: 0.0000636 seconds
[2150.613s][info ][safepoint    ] Application time: 1.1478235 seconds
[2150.613s][info ][safepoint    ] Entering safepoint region: GenCollectForAllocation
[2150.613s][info ][gc,start     ] GC(560) Pause Young (Allocation Failure)
[2150.613s][info ][gc,task      ] GC(560) Using 4 workers of 4 for evacuation
[2150.616s][debug][gc,ref       ] GC(560) Skipped phase1 of Reference Processing due to unavailable references
[2150.616s][debug][gc,ref       ] GC(560) Skipped phase2 of Reference Processing due to unavailable references
[2150.616s][debug][gc,ref       ] GC(560) Skipped phase3 of Reference Processing due to unavailable references
[2150.616s][debug][gc,ref       ] GC(560) Skipped phase4 of Reference Processing due to unavailable references
[2150.616s][debug][gc,age       ] GC(560) Desired survivor size 15368192 bytes, new threshold 6 (max threshold 6)
[2150.616s][info ][gc,heap      ] GC(560) ParNew: 242391K->1981K(270336K)
[2150.616s][info ][gc,heap      ] GC(560) CMS: 303542K->303785K(600768K)
[2150.616s][info ][gc,metaspace ] GC(560) Metaspace: 57787K->57787K(1101824K)
[2150.616s][info ][gc           ] GC(560) Pause Young (Allocation Failure) 533M->298M(850M) 3.375ms
[2150.616s][info ][gc,cpu       ] GC(560) User=0.01s Sys=0.00s Real=0.00s
[2150.616s][info ][safepoint    ] Leaving safepoint region
[2150.617s][info ][safepoint    ] Total time for which application threads were stopped: 0.0035201 seconds, Stopping threads took: 0.0000144 seconds
[2154.913s][info ][safepoint    ] Application time: 4.2967598 seconds
[2154.913s][info ][safepoint    ] Entering safepoint region: GenCollectForAllocation
[2154.913s][info ][gc,start     ] GC(561) Pause Young (Allocation Failure)
[2154.913s][info ][gc,task      ] GC(561) Using 4 workers of 4 for evacuation
[2154.916s][debug][gc,ref       ] GC(561) Skipped phase1 of Reference Processing due to unavailable references
[2154.916s][debug][gc,ref       ] GC(561) Skipped phase2 of Reference Processing due to unavailable references
[2154.916s][debug][gc,ref       ] GC(561) Skipped phase3 of Reference Processing due to unavailable references
[2154.916s][debug][gc,ref       ] GC(561) Skipped phase4 of Reference Processing due to unavailable references
[2154.916s][debug][gc,age       ] GC(561) Desired survivor size 15368192 bytes, new threshold 6 (max threshold 6)
[2154.916s][info ][gc,heap      ] GC(561) ParNew: 242301K->1541K(270336K)
[2154.916s][info ][gc,heap      ] GC(561) CMS: 303785K->303869K(600768K)
[2154.916s][info ][gc,metaspace ] GC(561) Metaspace: 57787K->57787K(1101824K)
[2154.916s][info ][gc           ] GC(561) Pause Young (Allocation Failure) 533M->298M(850M) 2.872ms
[2154.916s][info ][gc,cpu       ] GC(561) User=0.01s Sys=0.00s Real=0.00s
[2154.916s][info ][safepoint    ] Leaving safepoint region
[2154.916s][info ][safepoint    ] Total time for which application threads were stopped: 0.0030078 seconds, Stopping threads took: 0.0000147 seconds
[2156.916s][info ][safepoint    ] Application time: 2.0001795 seconds
[2156.917s][info ][safepoint    ] Entering safepoint region: Cleanup
[2156.917s][info ][safepoint    ] Leaving safepoint region
[2156.917s][info ][safepoint    ] Total time for which application threads were stopped: 0.0001204 seconds, Stopping threads took: 0.0000457 seconds
[2158.961s][info ][safepoint    ] Application time: 2.0444189 seconds
[2158.961s][info ][safepoint    ] Entering safepoint region: GenCollectForAllocation
[2158.961s][info ][gc,start     ] GC(562) Pause Young (Allocation Failure)
[2158.961s][info ][gc,task      ] GC(562) Using 4 workers of 4 for evacuation
[2158.964s][debug][gc,ref       ] GC(562) Skipped phase1 of Reference Processing due to unavailable references
[2158.964s][debug][gc,ref       ] GC(562) Skipped phase2 of Reference Processing due to unavailable references
[2158.964s][debug][gc,ref       ] GC(562) Skipped phase3 of Reference Processing due to unavailable references
[2158.964s][debug][gc,ref       ] GC(562) Skipped phase4 of Reference Processing due to unavailable references
[2158.964s][debug][gc,age       ] GC(562) Desired survivor size 15368192 bytes, new threshold 6 (max threshold 6)
[2158.964s][info ][gc,heap      ] GC(562) ParNew: 241861K->1305K(270336K)
[2158.964s][info ][gc,heap      ] GC(562) CMS: 303869K->304052K(600768K)
[2158.964s][info ][gc,metaspace ] GC(562) Metaspace: 57787K->57787K(1101824K)
[2158.964s][info ][gc           ] GC(562) Pause Young (Allocation Failure) 532M->298M(850M) 3.029ms
[2158.964s][info ][gc,cpu       ] GC(562) User=0.02s Sys=0.00s Real=0.01s
[2158.964s][info ][safepoint    ] Leaving safepoint region
[2158.964s][info ][safepoint    ] Total time for which application threads were stopped: 0.0031842 seconds, Stopping threads took: 0.0000147 seconds
[2162.965s][info ][safepoint    ] Application time: 4.0004058 seconds
[2162.965s][info ][safepoint    ] Entering safepoint region: Cleanup
[2162.965s][info ][safepoint    ] Leaving safepoint region
[2162.965s][info ][safepoint    ] Total time for which application threads were stopped: 0.0001713 seconds, Stopping threads took: 0.0000827 seconds
[2163.008s][info ][safepoint    ] Application time: 0.0425940 seconds
[2163.008s][info ][safepoint    ] Entering safepoint region: GenCollectForAllocation
[2163.008s][info ][gc,start     ] GC(563) Pause Young (Allocation Failure)
[2163.008s][info ][gc,task      ] GC(563) Using 4 workers of 4 for evacuation
[2163.010s][debug][gc,ref       ] GC(563) Skipped phase1 of Reference Processing due to unavailable references
[2163.010s][debug][gc,ref       ] GC(563) Skipped phase3 of Reference Processing due to unavailable references
[2163.011s][debug][gc,age       ] GC(563) Desired survivor size 15368192 bytes, new threshold 6 (max threshold 6)
[2163.011s][info ][gc,heap      ] GC(563) ParNew: 241625K->1916K(270336K)
[2163.011s][info ][gc,heap      ] GC(563) CMS: 304052K->304196K(600768K)
[2163.011s][info ][gc,metaspace ] GC(563) Metaspace: 57889K->57889K(1101824K)
[2163.011s][info ][gc           ] GC(563) Pause Young (Allocation Failure) 532M->298M(850M) 2.983ms
[2163.011s][info ][gc,cpu       ] GC(563) User=0.01s Sys=0.00s Real=0.00s
[2163.011s][info ][safepoint    ] Leaving safepoint region
[2163.011s][info ][safepoint    ] Total time for which application threads were stopped: 0.0031351 seconds, Stopping threads took: 0.0000148 seconds
[2167.316s][info ][safepoint    ] Application time: 4.3049076 seconds
[2167.316s][info ][safepoint    ] Entering safepoint region: GenCollectForAllocation
[2167.316s][info ][gc,start     ] GC(564) Pause Young (Allocation Failure)
[2167.316s][info ][gc,task      ] GC(564) Using 4 workers of 4 for evacuation
[2167.318s][debug][gc,ref       ] GC(564) Skipped phase1 of Reference Processing due to unavailable references
[2167.318s][debug][gc,ref       ] GC(564) Skipped phase3 of Reference Processing due to unavailable references
[2167.318s][debug][gc,ref       ] GC(564) Skipped phase4 of Reference Processing due to unavailable references
[2167.319s][debug][gc,age       ] GC(564) Desired survivor size 15368192 bytes, new threshold 6 (max threshold 6)
[2167.319s][info ][gc,heap      ] GC(564) ParNew: 242236K->2035K(270336K)
[2167.319s][info ][gc,heap      ] GC(564) CMS: 304196K->304353K(600768K)
[2167.319s][info ][gc,metaspace ] GC(564) Metaspace: 57889K->57889K(1101824K)
[2167.319s][info ][gc           ] GC(564) Pause Young (Allocation Failure) 533M->299M(850M) 2.865ms
[2167.319s][info ][gc,cpu       ] GC(564) User=0.01s Sys=0.00s Real=0.00s
[2167.319s][info ][safepoint    ] Leaving safepoint region
[2167.319s][info ][safepoint    ] Total time for which application threads were stopped: 0.0030174 seconds, Stopping threads took: 0.0000161 seconds
[2171.514s][info ][safepoint    ] Application time: 4.1957726 seconds
[2171.514s][info ][safepoint    ] Entering safepoint region: GenCollectForAllocation
[2171.515s][info ][gc,start     ] GC(565) Pause Young (Allocation Failure)
[2171.515s][info ][gc,task      ] GC(565) Using 4 workers of 4 for evacuation
[2171.517s][debug][gc,ref       ] GC(565) Skipped phase1 of Reference Processing due to unavailable references
[2171.517s][debug][gc,ref       ] GC(565) Skipped phase3 of Reference Processing due to unavailable references
[2171.517s][debug][gc,ref       ] GC(565) Skipped phase4 of Reference Processing due to unavailable references
[2171.517s][debug][gc,age       ] GC(565) Desired survivor size 15368192 bytes, new threshold 6 (max threshold 6)
[2171.517s][info ][gc,heap      ] GC(565) ParNew: 242355K->2062K(270336K)
[2171.517s][info ][gc,heap      ] GC(565) CMS: 304353K->304416K(600768K)
[2171.517s][info ][gc,metaspace ] GC(565) Metaspace: 57890K->57890K(1101824K)
[2171.517s][info ][gc           ] GC(565) Pause Young (Allocation Failure) 533M->299M(850M) 2.735ms
[2171.517s][info ][gc,cpu       ] GC(565) User=0.01s Sys=0.00s Real=0.00s
[2171.517s][info ][safepoint    ] Leaving safepoint region
[2171.517s][info ][safepoint    ] Total time for which application threads were stopped: 0.0028884 seconds, Stopping threads took: 0.0000300 seconds
[2175.518s][info ][safepoint    ] Application time: 4.0003369 seconds
[2175.518s][info ][safepoint    ] Entering safepoint region: Cleanup
[2175.518s][info ][safepoint    ] Leaving safepoint region
[2175.518s][info ][safepoint    ] Total time for which application threads were stopped: 0.0000792 seconds, Stopping threads took: 0.0000155 seconds
[2175.858s][info ][safepoint    ] Application time: 0.3399144 seconds
[2175.858s][info ][safepoint    ] Entering safepoint region: GenCollectForAllocation
[2175.858s][info ][gc,start     ] GC(566) Pause Young (Allocation Failure)
[2175.858s][info ][gc,task      ] GC(566) Using 4 workers of 4 for evacuation
[2175.860s][debug][gc,ref       ] GC(566) Skipped phase1 of Reference Processing due to unavailable references
[2175.860s][debug][gc,ref       ] GC(566) Skipped phase3 of Reference Processing due to unavailable references
[2175.860s][debug][gc,ref       ] GC(566) Skipped phase4 of Reference Processing due to unavailable references
[2175.860s][debug][gc,age       ] GC(566) Desired survivor size 15368192 bytes, new threshold 6 (max threshold 6)
[2175.861s][info ][gc,heap      ] GC(566) ParNew: 242382K->2220K(270336K)
[2175.861s][info ][gc,heap      ] GC(566) CMS: 304416K->304440K(600768K)
[2175.861s][info ][gc,metaspace ] GC(566) Metaspace: 57890K->57890K(1101824K)
[2175.861s][info ][gc           ] GC(566) Pause Young (Allocation Failure) 533M->299M(850M) 2.687ms
[2175.861s][info ][gc,cpu       ] GC(566) User=0.01s Sys=0.00s Real=0.00s
[2175.861s][info ][safepoint    ] Leaving safepoint region
[2175.861s][info ][safepoint    ] Total time for which application threads were stopped: 0.0028229 seconds, Stopping threads took: 0.0000157 seconds
[2176.861s][info ][safepoint    ] Application time: 1.0000909 seconds
[2176.861s][info ][safepoint    ] Entering safepoint region: Cleanup
[2176.861s][info ][safepoint    ] Leaving safepoint region
[2176.861s][info ][safepoint    ] Total time for which application threads were stopped: 0.0001349 seconds, Stopping threads took: 0.0000644 seconds
[2177.861s][info ][safepoint    ] Application time: 1.0001046 seconds
[2177.861s][info ][safepoint    ] Entering safepoint region: Cleanup
[2177.861s][info ][safepoint    ] Leaving safepoint region
[2177.861s][info ][safepoint    ] Total time for which application threads were stopped: 0.0001445 seconds, Stopping threads took: 0.0000768 seconds
[2178.861s][info ][safepoint    ] Application time: 1.0000892 seconds
[2178.861s][info ][safepoint    ] Entering safepoint region: Cleanup
[2178.861s][info ][safepoint    ] Leaving safepoint region
[2178.861s][info ][safepoint    ] Total time for which application threads were stopped: 0.0001943 seconds, Stopping threads took: 0.0001139 seconds
[2179.862s][info ][safepoint    ] Application time: 1.0001411 seconds
[2179.862s][info ][safepoint    ] Entering safepoint region: Cleanup
[2179.862s][info ][safepoint    ] Leaving safepoint region
[2179.862s][info ][safepoint    ] Total time for which application threads were stopped: 0.0001140 seconds, Stopping threads took: 0.0000553 seconds
[2180.212s][info ][safepoint    ] Application time: 0.3503079 seconds
[2180.212s][info ][safepoint    ] Entering safepoint region: GenCollectForAllocation
[2180.212s][info ][gc,start     ] GC(567) Pause Young (Allocation Failure)
[2180.212s][info ][gc,task      ] GC(567) Using 4 workers of 4 for evacuation
[2180.215s][debug][gc,ref       ] GC(567) Skipped phase1 of Reference Processing due to unavailable references
[2180.215s][debug][gc,ref       ] GC(567) Skipped phase3 of Reference Processing due to unavailable references
[2180.215s][debug][gc,ref       ] GC(567) Skipped phase4 of Reference Processing due to unavailable references
[2180.215s][debug][gc,age       ] GC(567) Desired survivor size 15368192 bytes, new threshold 6 (max threshold 6)
[2180.215s][info ][gc,heap      ] GC(567) ParNew: 242540K->2000K(270336K)
[2180.215s][info ][gc,heap      ] GC(567) CMS: 304440K->304533K(600768K)
[2180.215s][info ][gc,metaspace ] GC(567) Metaspace: 57890K->57890K(1101824K)
[2180.215s][info ][gc           ] GC(567) Pause Young (Allocation Failure) 534M->299M(850M) 2.927ms
[2180.215s][info ][gc,cpu       ] GC(567) User=0.01s Sys=0.00s Real=0.00s
[2180.215s][info ][safepoint    ] Leaving safepoint region
[2180.215s][info ][safepoint    ] Total time for which application threads were stopped: 0.0030911 seconds, Stopping threads took: 0.0000248 seconds
[2181.215s][info ][safepoint    ] Application time: 1.0000747 seconds
[2181.215s][info ][safepoint    ] Entering safepoint region: Cleanup
[2181.215s][info ][safepoint    ] Leaving safepoint region
[2181.215s][info ][safepoint    ] Total time for which application threads were stopped: 0.0001315 seconds, Stopping threads took: 0.0000708 seconds
[2182.216s][info ][safepoint    ] Application time: 1.0001312 seconds
[2182.216s][info ][safepoint    ] Entering safepoint region: Cleanup
[2182.216s][info ][safepoint    ] Leaving safepoint region
[2182.216s][info ][safepoint    ] Total time for which application threads were stopped: 0.0001570 seconds, Stopping threads took: 0.0000998 seconds
[2183.216s][info ][safepoint    ] Application time: 1.0000547 seconds
[2183.216s][info ][safepoint    ] Entering safepoint region: Cleanup
[2183.216s][info ][safepoint    ] Leaving safepoint region
[2183.216s][info ][safepoint    ] Total time for which application threads were stopped: 0.0001418 seconds, Stopping threads took: 0.0000781 seconds
[2184.216s][info ][safepoint    ] Application time: 1.0001751 seconds
[2184.216s][info ][safepoint    ] Entering safepoint region: Cleanup
[2184.216s][info ][safepoint    ] Leaving safepoint region
[2184.216s][info ][safepoint    ] Total time for which application threads were stopped: 0.0001422 seconds, Stopping threads took: 0.0000729 seconds
[2184.264s][info ][safepoint    ] Application time: 0.0474413 seconds
[2184.264s][info ][safepoint    ] Entering safepoint region: GenCollectForAllocation
[2184.264s][info ][gc,start     ] GC(568) Pause Young (Allocation Failure)
[2184.264s][info ][gc,task      ] GC(568) Using 4 workers of 4 for evacuation
[2184.267s][debug][gc,ref       ] GC(568) Skipped phase1 of Reference Processing due to unavailable references
[2184.267s][debug][gc,ref       ] GC(568) Skipped phase3 of Reference Processing due to unavailable references
[2184.267s][debug][gc,ref       ] GC(568) Skipped phase4 of Reference Processing due to unavailable references
[2184.267s][debug][gc,age       ] GC(568) Desired survivor size 15368192 bytes, new threshold 6 (max threshold 6)
[2184.267s][info ][gc,heap      ] GC(568) ParNew: 242320K->1726K(270336K)
[2184.267s][info ][gc,heap      ] GC(568) CMS: 304533K->304750K(600768K)
[2184.267s][info ][gc,metaspace ] GC(568) Metaspace: 57890K->57890K(1101824K)
[2184.267s][info ][gc           ] GC(568) Pause Young (Allocation Failure) 534M->299M(850M) 3.303ms
[2184.267s][info ][gc,cpu       ] GC(568) User=0.02s Sys=0.00s Real=0.01s
[2184.267s][info ][safepoint    ] Leaving safepoint region
[2184.267s][info ][safepoint    ] Total time for which application threads were stopped: 0.0034672 seconds, Stopping threads took: 0.0000263 seconds
[2185.267s][info ][safepoint    ] Application time: 1.0000993 seconds
[2185.267s][info ][safepoint    ] Entering safepoint region: Cleanup
[2185.267s][info ][safepoint    ] Leaving safepoint region
[2185.267s][info ][safepoint    ] Total time for which application threads were stopped: 0.0000810 seconds, Stopping threads took: 0.0000148 seconds
[2186.268s][info ][safepoint    ] Application time: 1.0001653 seconds
[2186.268s][info ][safepoint    ] Entering safepoint region: Cleanup
[2186.268s][info ][safepoint    ] Leaving safepoint region
[2186.268s][info ][safepoint    ] Total time for which application threads were stopped: 0.0000673 seconds, Stopping threads took: 0.0000151 seconds
[2187.268s][info ][safepoint    ] Application time: 1.0000846 seconds
[2187.268s][info ][safepoint    ] Entering safepoint region: Cleanup
[2187.268s][info ][safepoint    ] Leaving safepoint region
[2187.268s][info ][safepoint    ] Total time for which application threads were stopped: 0.0000830 seconds, Stopping threads took: 0.0000282 seconds
[2188.268s][info ][safepoint    ] Application time: 1.0000975 seconds
[2188.268s][info ][safepoint    ] Entering safepoint region: Cleanup
[2188.268s][info ][safepoint    ] Leaving safepoint region
[2188.268s][info ][safepoint    ] Total time for which application threads were stopped: 0.0001308 seconds, Stopping threads took: 0.0000633 seconds
[2188.486s][info ][safepoint    ] Application time: 0.2177427 seconds
[2188.486s][info ][safepoint    ] Entering safepoint region: GenCollectForAllocation
[2188.486s][info ][gc,start     ] GC(569) Pause Young (Allocation Failure)
[2188.486s][info ][gc,task      ] GC(569) Using 4 workers of 4 for evacuation
[2188.489s][debug][gc,ref       ] GC(569) Skipped phase1 of Reference Processing due to unavailable references
[2188.489s][debug][gc,ref       ] GC(569) Skipped phase2 of Reference Processing due to unavailable references
[2188.489s][debug][gc,ref       ] GC(569) Skipped phase3 of Reference Processing due to unavailable references
[2188.489s][debug][gc,ref       ] GC(569) Skipped phase4 of Reference Processing due to unavailable references
[2188.489s][debug][gc,age       ] GC(569) Desired survivor size 15368192 bytes, new threshold 6 (max threshold 6)
[2188.489s][info ][gc,heap      ] GC(569) ParNew: 242044K->2004K(270336K)
[2188.489s][info ][gc,heap      ] GC(569) CMS: 304750K->305290K(600768K)
[2188.489s][info ][gc,metaspace ] GC(569) Metaspace: 57890K->57890K(1101824K)
[2188.489s][info ][gc           ] GC(569) Pause Young (Allocation Failure) 533M->300M(850M) 2.893ms
[2188.489s][info ][gc,cpu       ] GC(569) User=0.01s Sys=0.00s Real=0.00s
[2188.489s][info ][safepoint    ] Leaving safepoint region
[2188.489s][info ][safepoint    ] Total time for which application threads were stopped: 0.0030291 seconds, Stopping threads took: 0.0000138 seconds
[2189.489s][info ][safepoint    ] Application time: 1.0001014 seconds
[2189.489s][info ][safepoint    ] Entering safepoint region: Cleanup
[2189.489s][info ][safepoint    ] Leaving safepoint region
[2189.489s][info ][safepoint    ] Total time for which application threads were stopped: 0.0000682 seconds, Stopping threads took: 0.0000152 seconds
[2190.490s][info ][safepoint    ] Application time: 1.0005532 seconds
[2190.490s][info ][safepoint    ] Entering safepoint region: Cleanup
[2190.490s][info ][safepoint    ] Leaving safepoint region
[2190.490s][info ][safepoint    ] Total time for which application threads were stopped: 0.0000707 seconds, Stopping threads took: 0.0000161 seconds
[2191.490s][info ][safepoint    ] Application time: 1.0001052 seconds
[2191.490s][info ][safepoint    ] Entering safepoint region: Cleanup
[2191.490s][info ][safepoint    ] Leaving safepoint region
[2191.490s][info ][safepoint    ] Total time for which application threads were stopped: 0.0000743 seconds, Stopping threads took: 0.0000162 seconds
[2192.360s][info ][safepoint    ] Application time: 0.8694973 seconds
[2192.360s][info ][safepoint    ] Entering safepoint region: GenCollectForAllocation
[2192.360s][info ][gc,start     ] GC(570) Pause Young (Allocation Failure)
[2192.360s][info ][gc,task      ] GC(570) Using 4 workers of 4 for evacuation
[2192.363s][debug][gc,ref       ] GC(570) Skipped phase1 of Reference Processing due to unavailable references
[2192.363s][debug][gc,ref       ] GC(570) Skipped phase2 of Reference Processing due to unavailable references
[2192.363s][debug][gc,ref       ] GC(570) Skipped phase3 of Reference Processing due to unavailable references
[2192.363s][debug][gc,ref       ] GC(570) Skipped phase4 of Reference Processing due to unavailable references
[2192.363s][debug][gc,age       ] GC(570) Desired survivor size 15368192 bytes, new threshold 6 (max threshold 6)
[2192.363s][info ][gc,heap      ] GC(570) ParNew: 242324K->1626K(270336K)
[2192.363s][info ][gc,heap      ] GC(570) CMS: 305290K->305398K(600768K)
[2192.363s][info ][gc,metaspace ] GC(570) Metaspace: 57890K->57890K(1101824K)
[2192.363s][info ][gc           ] GC(570) Pause Young (Allocation Failure) 534M->299M(850M) 2.915ms
[2192.363s][info ][gc,cpu       ] GC(570) User=0.01s Sys=0.00s Real=0.00s
[2192.363s][info ][safepoint    ] Leaving safepoint region
[2192.363s][info ][safepoint    ] Total time for which application threads were stopped: 0.0031215 seconds, Stopping threads took: 0.0000476 seconds
[2193.363s][info ][safepoint    ] Application time: 1.0001028 seconds
[2193.363s][info ][safepoint    ] Entering safepoint region: Cleanup
[2193.363s][info ][safepoint    ] Leaving safepoint region
[2193.363s][info ][safepoint    ] Total time for which application threads were stopped: 0.0001593 seconds, Stopping threads took: 0.0000802 seconds
[2194.363s][info ][safepoint    ] Application time: 1.0001789 seconds
[2194.363s][info ][safepoint    ] Entering safepoint region: Cleanup
[2194.363s][info ][safepoint    ] Leaving safepoint region
[2194.363s][info ][safepoint    ] Total time for which application threads were stopped: 0.0001293 seconds, Stopping threads took: 0.0000573 seconds
[2195.364s][info ][safepoint    ] Application time: 1.0000858 seconds
[2195.364s][info ][safepoint    ] Entering safepoint region: Cleanup
[2195.364s][info ][safepoint    ] Leaving safepoint region
[2195.364s][info ][safepoint    ] Total time for which application threads were stopped: 0.0001376 seconds, Stopping threads took: 0.0000638 seconds
[2196.312s][info ][safepoint    ] Application time: 0.9484694 seconds
[2196.312s][info ][safepoint    ] Entering safepoint region: GenCollectForAllocation
[2196.312s][info ][gc,start     ] GC(571) Pause Young (Allocation Failure)
[2196.312s][info ][gc,task      ] GC(571) Using 4 workers of 4 for evacuation
[2196.316s][debug][gc,ref       ] GC(571) Skipped phase1 of Reference Processing due to unavailable references
[2196.316s][debug][gc,ref       ] GC(571) Skipped phase2 of Reference Processing due to unavailable references
[2196.316s][debug][gc,ref       ] GC(571) Skipped phase3 of Reference Processing due to unavailable references
[2196.316s][debug][gc,ref       ] GC(571) Skipped phase4 of Reference Processing due to unavailable references
[2196.316s][debug][gc,age       ] GC(571) Desired survivor size 15368192 bytes, new threshold 6 (max threshold 6)
[2196.316s][info ][gc,heap      ] GC(571) ParNew: 241946K->2995K(270336K)
[2196.316s][info ][gc,heap      ] GC(571) CMS: 305398K->305540K(600768K)
[2196.316s][info ][gc,metaspace ] GC(571) Metaspace: 57891K->57891K(1101824K)
[2196.316s][info ][gc           ] GC(571) Pause Young (Allocation Failure) 534M->301M(850M) 3.399ms
[2196.316s][info ][gc,cpu       ] GC(571) User=0.02s Sys=0.00s Real=0.00s
[2196.316s][info ][safepoint    ] Leaving safepoint region
[2196.316s][info ][safepoint    ] Total time for which application threads were stopped: 0.0035400 seconds, Stopping threads took: 0.0000138 seconds
[2197.316s][info ][safepoint    ] Application time: 1.0001030 seconds
[2197.316s][info ][safepoint    ] Entering safepoint region: Cleanup
[2197.316s][info ][safepoint    ] Leaving safepoint region
[2197.316s][info ][safepoint    ] Total time for which application threads were stopped: 0.0000690 seconds, Stopping threads took: 0.0000151 seconds
[2198.316s][info ][safepoint    ] Application time: 1.0001005 seconds
[2198.316s][info ][safepoint    ] Entering safepoint region: Cleanup
[2198.316s][info ][safepoint    ] Leaving safepoint region
[2198.316s][info ][safepoint    ] Total time for which application threads were stopped: 0.0000711 seconds, Stopping threads took: 0.0000151 seconds
[2199.316s][info ][safepoint    ] Application time: 1.0000937 seconds
[2199.316s][info ][safepoint    ] Entering safepoint region: Cleanup
[2199.316s][info ][safepoint    ] Leaving safepoint region
[2199.316s][info ][safepoint    ] Total time for which application threads were stopped: 0.0000824 seconds, Stopping threads took: 0.0000274 seconds
[2200.317s][info ][safepoint    ] Application time: 1.0001608 seconds
[2200.317s][info ][safepoint    ] Entering safepoint region: Cleanup
[2200.317s][info ][safepoint    ] Leaving safepoint region
[2200.317s][info ][safepoint    ] Total time for which application threads were stopped: 0.0000686 seconds, Stopping threads took: 0.0000151 seconds
[2200.510s][info ][safepoint    ] Application time: 0.1931036 seconds
[2200.510s][info ][safepoint    ] Entering safepoint region: GenCollectForAllocation
[2200.510s][info ][gc,start     ] GC(572) Pause Young (Allocation Failure)
[2200.510s][info ][gc,task      ] GC(572) Using 4 workers of 4 for evacuation
[2200.514s][debug][gc,ref       ] GC(572) Skipped phase1 of Reference Processing due to unavailable references
[2200.514s][debug][gc,ref       ] GC(572) Skipped phase2 of Reference Processing due to unavailable references
[2200.514s][debug][gc,ref       ] GC(572) Skipped phase3 of Reference Processing due to unavailable references
[2200.514s][debug][gc,ref       ] GC(572) Skipped phase4 of Reference Processing due to unavailable references
[2200.514s][debug][gc,age       ] GC(572) Desired survivor size 15368192 bytes, new threshold 6 (max threshold 6)
[2200.514s][info ][gc,heap      ] GC(572) ParNew: 243315K->3252K(270336K)
[2200.514s][info ][gc,heap      ] GC(572) CMS: 305540K->305694K(600768K)
[2200.514s][info ][gc,metaspace ] GC(572) Metaspace: 57891K->57891K(1101824K)
[2200.514s][info ][gc           ] GC(572) Pause Young (Allocation Failure) 535M->301M(850M) 4.303ms
[2200.514s][info ][gc,cpu       ] GC(572) User=0.02s Sys=0.00s Real=0.01s
[2200.514s][info ][safepoint    ] Leaving safepoint region
[2200.514s][info ][safepoint    ] Total time for which application threads were stopped: 0.0044614 seconds, Stopping threads took: 0.0000239 seconds
[2201.514s][info ][safepoint    ] Application time: 1.0000904 seconds
[2201.514s][info ][safepoint    ] Entering safepoint region: Cleanup
[2201.515s][info ][safepoint    ] Leaving safepoint region
[2201.515s][info ][safepoint    ] Total time for which application threads were stopped: 0.0001286 seconds, Stopping threads took: 0.0000644 seconds
[2202.515s][info ][safepoint    ] Application time: 1.0000896 seconds
[2202.515s][info ][safepoint    ] Entering safepoint region: Cleanup
[2202.515s][info ][safepoint    ] Leaving safepoint region
[2202.515s][info ][safepoint    ] Total time for which application threads were stopped: 0.0001568 seconds, Stopping threads took: 0.0000546 seconds
[2203.515s][info ][safepoint    ] Application time: 1.0000888 seconds
[2203.515s][info ][safepoint    ] Entering safepoint region: Cleanup
[2203.515s][info ][safepoint    ] Leaving safepoint region
[2203.515s][info ][safepoint    ] Total time for which application threads were stopped: 0.0001349 seconds, Stopping threads took: 0.0000633 seconds
[2204.464s][info ][safepoint    ] Application time: 0.9485496 seconds
[2204.464s][info ][safepoint    ] Entering safepoint region: GenCollectForAllocation
[2204.464s][info ][gc,start     ] GC(573) Pause Young (Allocation Failure)
[2204.464s][info ][gc,task      ] GC(573) Using 4 workers of 4 for evacuation
[2204.468s][debug][gc,ref       ] GC(573) Skipped phase1 of Reference Processing due to unavailable references
[2204.468s][debug][gc,ref       ] GC(573) Skipped phase3 of Reference Processing due to unavailable references
[2204.468s][debug][gc,age       ] GC(573) Desired survivor size 15368192 bytes, new threshold 6 (max threshold 6)
[2204.468s][info ][gc,heap      ] GC(573) ParNew: 243572K->6294K(270336K)
[2204.468s][info ][gc,heap      ] GC(573) CMS: 305694K->305703K(600768K)
[2204.468s][info ][gc,metaspace ] GC(573) Metaspace: 57924K->57924K(1101824K)
[2204.468s][info ][gc           ] GC(573) Pause Young (Allocation Failure) 536M->304M(850M) 4.503ms
[2204.468s][info ][gc,cpu       ] GC(573) User=0.02s Sys=0.00s Real=0.01s
[2204.468s][info ][safepoint    ] Leaving safepoint region
[2204.468s][info ][safepoint    ] Total time for which application threads were stopped: 0.0046888 seconds, Stopping threads took: 0.0000261 seconds
[2205.468s][info ][safepoint    ] Application time: 1.0000902 seconds
[2205.468s][info ][safepoint    ] Entering safepoint region: Cleanup
[2205.469s][info ][safepoint    ] Leaving safepoint region
[2205.469s][info ][safepoint    ] Total time for which application threads were stopped: 0.0000692 seconds, Stopping threads took: 0.0000150 seconds
[2206.469s][info ][safepoint    ] Application time: 1.0000468 seconds
[2206.469s][info ][safepoint    ] Entering safepoint region: Cleanup
[2206.469s][info ][safepoint    ] Leaving safepoint region
[2206.469s][info ][safepoint    ] Total time for which application threads were stopped: 0.0000850 seconds, Stopping threads took: 0.0000147 seconds
[2207.469s][info ][safepoint    ] Application time: 1.0000907 seconds
[2207.469s][info ][safepoint    ] Entering safepoint region: Cleanup
[2207.469s][info ][safepoint    ] Leaving safepoint region
[2207.469s][info ][safepoint    ] Total time for which application threads were stopped: 0.0000698 seconds, Stopping threads took: 0.0000159 seconds
[2208.469s][info ][safepoint    ] Application time: 1.0000886 seconds
[2208.469s][info ][safepoint    ] Entering safepoint region: Cleanup
[2208.469s][info ][safepoint    ] Leaving safepoint region
[2208.469s][info ][safepoint    ] Total time for which application threads were stopped: 0.0000655 seconds, Stopping threads took: 0.0000143 seconds
[2208.558s][info ][safepoint    ] Application time: 0.0891642 seconds
[2208.558s][info ][safepoint    ] Entering safepoint region: GenCollectForAllocation
[2208.558s][info ][gc,start     ] GC(574) Pause Young (Allocation Failure)
[2208.559s][info ][gc,task      ] GC(574) Using 4 workers of 4 for evacuation
[2208.562s][debug][gc,ref       ] GC(574) Skipped phase1 of Reference Processing due to unavailable references
[2208.562s][debug][gc,ref       ] GC(574) Skipped phase3 of Reference Processing due to unavailable references
[2208.562s][debug][gc,ref       ] GC(574) Skipped phase4 of Reference Processing due to unavailable references
[2208.563s][debug][gc,age       ] GC(574) Desired survivor size 15368192 bytes, new threshold 6 (max threshold 6)
[2208.563s][info ][gc,heap      ] GC(574) ParNew: 246614K->7849K(270336K)
[2208.563s][info ][gc,heap      ] GC(574) CMS: 305703K->305788K(600768K)
[2208.563s][info ][gc,metaspace ] GC(574) Metaspace: 57924K->57924K(1101824K)
[2208.563s][info ][gc           ] GC(574) Pause Young (Allocation Failure) 539M->306M(850M) 4.142ms
[2208.563s][info ][gc,cpu       ] GC(574) User=0.01s Sys=0.00s Real=0.00s
[2208.563s][info ][safepoint    ] Leaving safepoint region
[2208.563s][info ][safepoint    ] Total time for which application threads were stopped: 0.0043414 seconds, Stopping threads took: 0.0000662 seconds
[2209.563s][info ][safepoint    ] Application time: 1.0002474 seconds
[2209.563s][info ][safepoint    ] Entering safepoint region: Cleanup
[2209.563s][info ][safepoint    ] Leaving safepoint region
[2209.563s][info ][safepoint    ] Total time for which application threads were stopped: 0.0001306 seconds, Stopping threads took: 0.0000537 seconds
[2210.563s][info ][safepoint    ] Application time: 1.0000880 seconds
[2210.563s][info ][safepoint    ] Entering safepoint region: Cleanup
[2210.563s][info ][safepoint    ] Leaving safepoint region
[2210.563s][info ][safepoint    ] Total time for which application threads were stopped: 0.0001364 seconds, Stopping threads took: 0.0000649 seconds
[2211.564s][info ][safepoint    ] Application time: 1.0001820 seconds
[2211.564s][info ][safepoint    ] Entering safepoint region: Cleanup
[2211.564s][info ][safepoint    ] Leaving safepoint region
[2211.564s][info ][safepoint    ] Total time for which application threads were stopped: 0.0001240 seconds, Stopping threads took: 0.0000558 seconds
[2212.363s][info ][safepoint    ] Application time: 0.7988533 seconds
[2212.363s][info ][safepoint    ] Entering safepoint region: GenCollectForAllocation
[2212.363s][info ][gc,start     ] GC(575) Pause Young (Allocation Failure)
[2212.363s][info ][gc,task      ] GC(575) Using 4 workers of 4 for evacuation
[2212.376s][debug][gc,ref       ] GC(575) Skipped phase1 of Reference Processing due to unavailable references
[2212.376s][debug][gc,ref       ] GC(575) Skipped phase3 of Reference Processing due to unavailable references
[2212.376s][debug][gc,ref       ] GC(575) Skipped phase4 of Reference Processing due to unavailable references
[2212.376s][debug][gc,age       ] GC(575) Desired survivor size 15368192 bytes, new threshold 6 (max threshold 6)
[2212.377s][info ][gc,heap      ] GC(575) ParNew: 248169K->9108K(270336K)
[2212.377s][info ][gc,heap      ] GC(575) CMS: 305788K->305918K(600768K)
[2212.377s][info ][gc,metaspace ] GC(575) Metaspace: 57933K->57933K(1101824K)
[2212.377s][info ][gc           ] GC(575) Pause Young (Allocation Failure) 540M->307M(850M) 13.835ms
[2212.377s][info ][gc,cpu       ] GC(575) User=0.02s Sys=0.00s Real=0.02s
[2212.377s][info ][safepoint    ] Leaving safepoint region
[2212.377s][info ][safepoint    ] Total time for which application threads were stopped: 0.0139834 seconds, Stopping threads took: 0.0000146 seconds
[2213.377s][info ][safepoint    ] Application time: 1.0001038 seconds
[2213.377s][info ][safepoint    ] Entering safepoint region: Cleanup
[2213.377s][info ][safepoint    ] Leaving safepoint region
[2213.377s][info ][safepoint    ] Total time for which application threads were stopped: 0.0001799 seconds, Stopping threads took: 0.0000955 seconds
[2214.377s][info ][safepoint    ] Application time: 1.0000827 seconds
[2214.377s][info ][safepoint    ] Entering safepoint region: Cleanup
[2214.377s][info ][safepoint    ] Leaving safepoint region
[2214.377s][info ][safepoint    ] Total time for which application threads were stopped: 0.0000957 seconds, Stopping threads took: 0.0000297 seconds
[2215.377s][info ][safepoint    ] Application time: 1.0000868 seconds
[2215.377s][info ][safepoint    ] Entering safepoint region: Cleanup
[2215.377s][info ][safepoint    ] Leaving safepoint region
[2215.377s][info ][safepoint    ] Total time for which application threads were stopped: 0.0000679 seconds, Stopping threads took: 0.0000147 seconds
[2216.364s][info ][safepoint    ] Application time: 0.9870711 seconds
[2216.364s][info ][safepoint    ] Entering safepoint region: GenCollectForAllocation
[2216.365s][info ][gc,start     ] GC(576) Pause Young (Allocation Failure)
[2216.365s][info ][gc,task      ] GC(576) Using 4 workers of 4 for evacuation
[2216.370s][debug][gc,ref       ] GC(576) Skipped phase1 of Reference Processing due to unavailable references
[2216.370s][debug][gc,ref       ] GC(576) Skipped phase3 of Reference Processing due to unavailable references
[2216.370s][debug][gc,age       ] GC(576) Desired survivor size 15368192 bytes, new threshold 6 (max threshold 6)
[2216.370s][info ][gc,heap      ] GC(576) ParNew: 249428K->9116K(270336K)
[2216.370s][info ][gc,heap      ] GC(576) CMS: 305918K->306272K(600768K)
[2216.370s][info ][gc,metaspace ] GC(576) Metaspace: 57947K->57947K(1101824K)
[2216.370s][info ][gc           ] GC(576) Pause Young (Allocation Failure) 542M->307M(850M) 5.436ms
[2216.370s][info ][gc,cpu       ] GC(576) User=0.02s Sys=0.00s Real=0.00s
[2216.370s][info ][safepoint    ] Leaving safepoint region
[2216.370s][info ][safepoint    ] Total time for which application threads were stopped: 0.0055934 seconds, Stopping threads took: 0.0000156 seconds
[2217.370s][info ][safepoint    ] Application time: 1.0001363 seconds
[2217.370s][info ][safepoint    ] Entering safepoint region: Cleanup
[2217.370s][info ][safepoint    ] Leaving safepoint region
[2217.370s][info ][safepoint    ] Total time for which application threads were stopped: 0.0000718 seconds, Stopping threads took: 0.0000159 seconds
[2218.370s][info ][safepoint    ] Application time: 1.0000549 seconds
[2218.370s][info ][safepoint    ] Entering safepoint region: Cleanup
[2218.370s][info ][safepoint    ] Leaving safepoint region
[2218.370s][info ][safepoint    ] Total time for which application threads were stopped: 0.0000772 seconds, Stopping threads took: 0.0000132 seconds
[2219.371s][info ][safepoint    ] Application time: 1.0000895 seconds
[2219.371s][info ][safepoint    ] Entering safepoint region: Cleanup
[2219.371s][info ][safepoint    ] Leaving safepoint region
[2219.371s][info ][safepoint    ] Total time for which application threads were stopped: 0.0000959 seconds, Stopping threads took: 0.0000160 seconds
[2220.113s][info ][safepoint    ] Application time: 0.7426258 seconds
[2220.113s][info ][safepoint    ] Entering safepoint region: GenCollectForAllocation
[2220.113s][info ][gc,start     ] GC(577) Pause Young (Allocation Failure)
[2220.113s][info ][gc,task      ] GC(577) Using 4 workers of 4 for evacuation
[2220.120s][debug][gc,ref       ] GC(577) Skipped phase1 of Reference Processing due to unavailable references
[2220.120s][debug][gc,ref       ] GC(577) Skipped phase3 of Reference Processing due to unavailable references
[2220.120s][debug][gc,ref       ] GC(577) Skipped phase4 of Reference Processing due to unavailable references
[2220.120s][debug][gc,age       ] GC(577) Desired survivor size 15368192 bytes, new threshold 6 (max threshold 6)
[2220.120s][info ][gc,heap      ] GC(577) ParNew: 249436K->12912K(270336K)
[2220.120s][info ][gc,heap      ] GC(577) CMS: 306272K->306611K(600768K)
[2220.120s][info ][gc,metaspace ] GC(577) Metaspace: 57958K->57958K(1101824K)
[2220.120s][info ][gc           ] GC(577) Pause Young (Allocation Failure) 542M->312M(850M) 6.457ms
[2220.120s][info ][gc,cpu       ] GC(577) User=0.02s Sys=0.00s Real=0.00s
[2220.120s][info ][safepoint    ] Leaving safepoint region
[2220.120s][info ][safepoint    ] Total time for which application threads were stopped: 0.0066070 seconds, Stopping threads took: 0.0000149 seconds
[2221.120s][info ][safepoint    ] Application time: 1.0001140 seconds
[2221.120s][info ][safepoint    ] Entering safepoint region: Cleanup
[2221.120s][info ][safepoint    ] Leaving safepoint region
[2221.120s][info ][safepoint    ] Total time for which application threads were stopped: 0.0000824 seconds, Stopping threads took: 0.0000159 seconds
[2222.120s][info ][safepoint    ] Application time: 1.0001157 seconds
[2222.120s][info ][safepoint    ] Entering safepoint region: Cleanup
[2222.120s][info ][safepoint    ] Leaving safepoint region
[2222.120s][info ][safepoint    ] Total time for which application threads were stopped: 0.0000869 seconds, Stopping threads took: 0.0000228 seconds
[2223.121s][info ][safepoint    ] Application time: 1.0001876 seconds
[2223.121s][info ][safepoint    ] Entering safepoint region: Cleanup
[2223.121s][info ][safepoint    ] Leaving safepoint region
[2223.121s][info ][safepoint    ] Total time for which application threads were stopped: 0.0000857 seconds, Stopping threads took: 0.0000130 seconds
[2224.009s][info ][safepoint    ] Application time: 0.8882166 seconds
[2224.009s][info ][safepoint    ] Entering safepoint region: GenCollectForAllocation
[2224.009s][info ][gc,start     ] GC(578) Pause Young (Allocation Failure)
[2224.009s][info ][gc,task      ] GC(578) Using 4 workers of 4 for evacuation
[2224.015s][debug][gc,ref       ] GC(578) Skipped phase1 of Reference Processing due to unavailable references
[2224.015s][debug][gc,ref       ] GC(578) Skipped phase3 of Reference Processing due to unavailable references
[2224.016s][debug][gc,age       ] GC(578) Desired survivor size 15368192 bytes, new threshold 6 (max threshold 6)
[2224.016s][info ][gc,heap      ] GC(578) ParNew: 253232K->15652K(270336K)
[2224.016s][info ][gc,heap      ] GC(578) CMS: 306611K->307167K(600768K)
[2224.016s][info ][gc,metaspace ] GC(578) Metaspace: 57964K->57964K(1101824K)
[2224.016s][info ][gc           ] GC(578) Pause Young (Allocation Failure) 546M->315M(850M) 6.529ms
[2224.016s][info ][gc,cpu       ] GC(578) User=0.02s Sys=0.00s Real=0.01s
[2224.016s][info ][safepoint    ] Leaving safepoint region
[2224.016s][info ][safepoint    ] Total time for which application threads were stopped: 0.0066951 seconds, Stopping threads took: 0.0000144 seconds
[2225.016s][info ][safepoint    ] Application time: 1.0000918 seconds
[2225.016s][info ][safepoint    ] Entering safepoint region: Cleanup
[2225.016s][info ][safepoint    ] Leaving safepoint region
[2225.016s][info ][safepoint    ] Total time for which application threads were stopped: 0.0000737 seconds, Stopping threads took: 0.0000140 seconds
[2226.016s][info ][safepoint    ] Application time: 1.0000876 seconds
[2226.016s][info ][safepoint    ] Entering safepoint region: Cleanup
[2226.016s][info ][safepoint    ] Leaving safepoint region
[2226.016s][info ][safepoint    ] Total time for which application threads were stopped: 0.0001102 seconds, Stopping threads took: 0.0000359 seconds
[2227.016s][info ][safepoint    ] Application time: 1.0001664 seconds
[2227.016s][info ][safepoint    ] Entering safepoint region: Cleanup
[2227.016s][info ][safepoint    ] Leaving safepoint region
[2227.017s][info ][safepoint    ] Total time for which application threads were stopped: 0.0001362 seconds, Stopping threads took: 0.0000542 seconds
[2228.017s][info ][safepoint    ] Application time: 1.0001595 seconds
[2228.017s][info ][safepoint    ] Entering safepoint region: Cleanup
[2228.017s][info ][safepoint    ] Leaving safepoint region
[2228.017s][info ][safepoint    ] Total time for which application threads were stopped: 0.0000667 seconds, Stopping threads took: 0.0000153 seconds
[2228.061s][info ][safepoint    ] Application time: 0.0446839 seconds
[2228.061s][info ][safepoint    ] Entering safepoint region: GenCollectForAllocation
[2228.062s][info ][gc,start     ] GC(579) Pause Young (Allocation Failure)
[2228.062s][info ][gc,task      ] GC(579) Using 4 workers of 4 for evacuation
[2228.068s][debug][gc,ref       ] GC(579) Skipped phase1 of Reference Processing due to unavailable references
[2228.068s][debug][gc,ref       ] GC(579) Skipped phase3 of Reference Processing due to unavailable references
[2228.068s][debug][gc,ref       ] GC(579) Skipped phase4 of Reference Processing due to unavailable references
[2228.069s][debug][gc,age       ] GC(579) Desired survivor size 15368192 bytes, new threshold 6 (max threshold 6)
[2228.069s][info ][gc,heap      ] GC(579) ParNew: 255972K->15174K(270336K)
[2228.069s][info ][gc,heap      ] GC(579) CMS: 307167K->308335K(600768K)
[2228.069s][info ][gc,metaspace ] GC(579) Metaspace: 57968K->57968K(1101824K)
[2228.069s][info ][gc           ] GC(579) Pause Young (Allocation Failure) 549M->315M(850M) 7.048ms
[2228.069s][info ][gc,cpu       ] GC(579) User=0.02s Sys=0.01s Real=0.01s
[2228.069s][info ][safepoint    ] Leaving safepoint region
[2228.069s][info ][safepoint    ] Total time for which application threads were stopped: 0.0072000 seconds, Stopping threads took: 0.0000158 seconds
[2229.069s][info ][safepoint    ] Application time: 1.0000977 seconds
[2229.069s][info ][safepoint    ] Entering safepoint region: Cleanup
[2229.069s][info ][safepoint    ] Leaving safepoint region
[2229.069s][info ][safepoint    ] Total time for which application threads were stopped: 0.0000661 seconds, Stopping threads took: 0.0000143 seconds
[2230.069s][info ][safepoint    ] Application time: 1.0000882 seconds
[2230.069s][info ][safepoint    ] Entering safepoint region: Cleanup
[2230.069s][info ][safepoint    ] Leaving safepoint region
[2230.069s][info ][safepoint    ] Total time for which application threads were stopped: 0.0000824 seconds, Stopping threads took: 0.0000266 seconds
[2231.072s][info ][safepoint    ] Application time: 1.0030144 seconds
[2231.072s][info ][safepoint    ] Entering safepoint region: Cleanup
[2231.072s][info ][safepoint    ] Leaving safepoint region
[2231.072s][info ][safepoint    ] Total time for which application threads were stopped: 0.0000784 seconds, Stopping threads took: 0.0000141 seconds
[2232.013s][info ][safepoint    ] Application time: 0.9412394 seconds
[2232.014s][info ][safepoint    ] Entering safepoint region: GenCollectForAllocation
[2232.014s][info ][gc,start     ] GC(580) Pause Young (Allocation Failure)
[2232.014s][info ][gc,task      ] GC(580) Using 4 workers of 4 for evacuation
[2232.021s][debug][gc,ref       ] GC(580) Skipped phase1 of Reference Processing due to unavailable references
[2232.021s][debug][gc,ref       ] GC(580) Skipped phase3 of Reference Processing due to unavailable references
[2232.021s][debug][gc,ref       ] GC(580) Skipped phase4 of Reference Processing due to unavailable references
[2232.022s][debug][gc,age       ] GC(580) Desired survivor size 15368192 bytes, new threshold 6 (max threshold 6)
[2232.022s][info ][gc,heap      ] GC(580) ParNew: 255494K->15939K(270336K)
[2232.022s][info ][gc,heap      ] GC(580) CMS: 308335K->308581K(600768K)
[2232.022s][info ][gc,metaspace ] GC(580) Metaspace: 57970K->57970K(1101824K)
[2232.022s][info ][gc           ] GC(580) Pause Young (Allocation Failure) 550M->316M(850M) 7.983ms
[2232.022s][info ][gc,cpu       ] GC(580) User=0.03s Sys=0.00s Real=0.00s
[2232.022s][info ][safepoint    ] Leaving safepoint region
[2232.022s][info ][safepoint    ] Total time for which application threads were stopped: 0.0082215 seconds, Stopping threads took: 0.0000747 seconds
[2233.022s][info ][safepoint    ] Application time: 1.0001025 seconds
[2233.022s][info ][safepoint    ] Entering safepoint region: Cleanup
[2233.022s][info ][safepoint    ] Leaving safepoint region
[2233.022s][info ][safepoint    ] Total time for which application threads were stopped: 0.0000678 seconds, Stopping threads took: 0.0000140 seconds
[2234.022s][info ][safepoint    ] Application time: 1.0000922 seconds
[2234.022s][info ][safepoint    ] Entering safepoint region: Cleanup
[2234.022s][info ][safepoint    ] Leaving safepoint region
[2234.022s][info ][safepoint    ] Total time for which application threads were stopped: 0.0000823 seconds, Stopping threads took: 0.0000279 seconds
[2235.022s][info ][safepoint    ] Application time: 1.0000841 seconds
[2235.022s][info ][safepoint    ] Entering safepoint region: Cleanup
[2235.022s][info ][safepoint    ] Leaving safepoint region
[2235.022s][info ][safepoint    ] Total time for which application threads were stopped: 0.0000666 seconds, Stopping threads took: 0.0000150 seconds
[2236.022s][info ][safepoint    ] Application time: 1.0001492 seconds
[2236.023s][info ][safepoint    ] Entering safepoint region: Cleanup
[2236.023s][info ][safepoint    ] Leaving safepoint region
[2236.023s][info ][safepoint    ] Total time for which application threads were stopped: 0.0001147 seconds, Stopping threads took: 0.0000310 seconds
[2236.368s][info ][safepoint    ] Application time: 0.3455910 seconds
[2236.368s][info ][safepoint    ] Entering safepoint region: GenCollectForAllocation
[2236.368s][info ][gc,start     ] GC(581) Pause Young (Allocation Failure)
[2236.368s][info ][gc,task      ] GC(581) Using 4 workers of 4 for evacuation
[2236.377s][debug][gc,ref       ] GC(581) Skipped phase1 of Reference Processing due to unavailable references
[2236.377s][debug][gc,ref       ] GC(581) Skipped phase3 of Reference Processing due to unavailable references
[2236.377s][debug][gc,ref       ] GC(581) Skipped phase4 of Reference Processing due to unavailable references
[2236.377s][debug][gc,age       ] GC(581) Desired survivor size 15368192 bytes, new threshold 6 (max threshold 6)
[2236.377s][info ][gc,heap      ] GC(581) ParNew: 256259K->17665K(270336K)
[2236.377s][info ][gc,heap      ] GC(581) CMS: 308581K->309648K(600768K)
[2236.377s][info ][gc,metaspace ] GC(581) Metaspace: 57973K->57973K(1101824K)
[2236.377s][info ][gc           ] GC(581) Pause Young (Allocation Failure) 551M->319M(850M) 8.569ms
[2236.377s][info ][gc,cpu       ] GC(581) User=0.03s Sys=0.00s Real=0.01s
[2236.377s][info ][safepoint    ] Leaving safepoint region
[2236.377s][info ][safepoint    ] Total time for which application threads were stopped: 0.0087151 seconds, Stopping threads took: 0.0000153 seconds
[2237.377s][info ][safepoint    ] Application time: 1.0001083 seconds
[2237.377s][info ][safepoint    ] Entering safepoint region: Cleanup
[2237.377s][info ][safepoint    ] Leaving safepoint region
[2237.377s][info ][safepoint    ] Total time for which application threads were stopped: 0.0001377 seconds, Stopping threads took: 0.0000155 seconds
[2238.377s][info ][safepoint    ] Application time: 1.0001028 seconds
[2238.377s][info ][safepoint    ] Entering safepoint region: Cleanup
[2238.377s][info ][safepoint    ] Leaving safepoint region
[2238.377s][info ][safepoint    ] Total time for which application threads were stopped: 0.0000667 seconds, Stopping threads took: 0.0000147 seconds
[2239.378s][info ][safepoint    ] Application time: 1.0000951 seconds
[2239.378s][info ][safepoint    ] Entering safepoint region: Cleanup
[2239.378s][info ][safepoint    ] Leaving safepoint region
[2239.378s][info ][safepoint    ] Total time for which application threads were stopped: 0.0001023 seconds, Stopping threads took: 0.0000258 seconds
[2240.169s][info ][safepoint    ] Application time: 0.7915919 seconds
[2240.169s][info ][safepoint    ] Entering safepoint region: GenCollectForAllocation
[2240.169s][info ][gc,start     ] GC(582) Pause Young (Allocation Failure)
[2240.170s][info ][gc,task      ] GC(582) Using 4 workers of 4 for evacuation
[2240.177s][debug][gc,ref       ] GC(582) Skipped phase1 of Reference Processing due to unavailable references
[2240.177s][debug][gc,ref       ] GC(582) Skipped phase3 of Reference Processing due to unavailable references
[2240.177s][debug][gc,ref       ] GC(582) Skipped phase4 of Reference Processing due to unavailable references
[2240.178s][debug][gc,age       ] GC(582) Desired survivor size 15368192 bytes, new threshold 6 (max threshold 6)
[2240.178s][info ][gc,heap      ] GC(582) ParNew: 257985K->17728K(270336K)
[2240.178s][info ][gc,heap      ] GC(582) CMS: 309648K->309994K(600768K)
[2240.178s][info ][gc,metaspace ] GC(582) Metaspace: 57981K->57981K(1101824K)
[2240.178s][info ][gc           ] GC(582) Pause Young (Allocation Failure) 554M->320M(850M) 8.094ms
[2240.178s][info ][gc,cpu       ] GC(582) User=0.03s Sys=0.00s Real=0.01s
[2240.178s][info ][safepoint    ] Leaving safepoint region
[2240.178s][info ][safepoint    ] Total time for which application threads were stopped: 0.0083063 seconds, Stopping threads took: 0.0000716 seconds
[2241.178s][info ][safepoint    ] Application time: 1.0001193 seconds
[2241.178s][info ][safepoint    ] Entering safepoint region: Cleanup
[2241.178s][info ][safepoint    ] Leaving safepoint region
[2241.178s][info ][safepoint    ] Total time for which application threads were stopped: 0.0000767 seconds, Stopping threads took: 0.0000166 seconds
[2242.178s][info ][safepoint    ] Application time: 1.0000813 seconds
[2242.178s][info ][safepoint    ] Entering safepoint region: Cleanup
[2242.178s][info ][safepoint    ] Leaving safepoint region
[2242.178s][info ][safepoint    ] Total time for which application threads were stopped: 0.0000797 seconds, Stopping threads took: 0.0000147 seconds
[2243.178s][info ][safepoint    ] Application time: 1.0000859 seconds
[2243.178s][info ][safepoint    ] Entering safepoint region: Cleanup
[2243.178s][info ][safepoint    ] Leaving safepoint region
[2243.178s][info ][safepoint    ] Total time for which application threads were stopped: 0.0000681 seconds, Stopping threads took: 0.0000149 seconds
[2244.115s][info ][safepoint    ] Application time: 0.9365946 seconds
[2244.115s][info ][safepoint    ] Entering safepoint region: GenCollectForAllocation
[2244.115s][info ][gc,start     ] GC(583) Pause Young (Allocation Failure)
[2244.115s][info ][gc,task      ] GC(583) Using 4 workers of 4 for evacuation
[2244.124s][debug][gc,ref       ] GC(583) Skipped phase1 of Reference Processing due to unavailable references
[2244.124s][debug][gc,ref       ] GC(583) Skipped phase3 of Reference Processing due to unavailable references
[2244.124s][debug][gc,ref       ] GC(583) Skipped phase4 of Reference Processing due to unavailable references
[2244.124s][debug][gc,age       ] GC(583) Desired survivor size 15368192 bytes, new threshold 6 (max threshold 6)
[2244.124s][info ][gc,heap      ] GC(583) ParNew: 258048K->14839K(270336K)
[2244.124s][info ][gc,heap      ] GC(583) CMS: 309994K->314336K(600768K)
[2244.124s][info ][gc,metaspace ] GC(583) Metaspace: 57982K->57982K(1101824K)
[2244.124s][info ][gc           ] GC(583) Pause Young (Allocation Failure) 554M->321M(850M) 9.072ms
[2244.124s][info ][gc,cpu       ] GC(583) User=0.03s Sys=0.00s Real=0.01s
[2244.124s][info ][safepoint    ] Leaving safepoint region
[2244.124s][info ][safepoint    ] Total time for which application threads were stopped: 0.0092347 seconds, Stopping threads took: 0.0000160 seconds
[2245.124s][info ][safepoint    ] Application time: 1.0000934 seconds
[2245.124s][info ][safepoint    ] Entering safepoint region: Cleanup
[2245.124s][info ][safepoint    ] Leaving safepoint region
[2245.124s][info ][safepoint    ] Total time for which application threads were stopped: 0.0000815 seconds, Stopping threads took: 0.0000147 seconds
[2246.124s][info ][safepoint    ] Application time: 1.0000999 seconds
[2246.125s][info ][safepoint    ] Entering safepoint region: Cleanup
[2246.125s][info ][safepoint    ] Leaving safepoint region
[2246.125s][info ][safepoint    ] Total time for which application threads were stopped: 0.0000817 seconds, Stopping threads took: 0.0000149 seconds
[2247.125s][info ][safepoint    ] Application time: 1.0001203 seconds
[2247.125s][info ][safepoint    ] Entering safepoint region: Cleanup
[2247.125s][info ][safepoint    ] Leaving safepoint region
[2247.125s][info ][safepoint    ] Total time for which application threads were stopped: 0.0000824 seconds, Stopping threads took: 0.0000160 seconds
[2248.125s][info ][safepoint    ] Application time: 1.0001036 seconds
[2248.125s][info ][safepoint    ] Entering safepoint region: Cleanup
[2248.125s][info ][safepoint    ] Leaving safepoint region
[2248.125s][info ][safepoint    ] Total time for which application threads were stopped: 0.0000759 seconds, Stopping threads took: 0.0000159 seconds
[2248.158s][info ][safepoint    ] Application time: 0.0330869 seconds
[2248.158s][info ][safepoint    ] Entering safepoint region: GenCollectForAllocation
[2248.158s][info ][gc,start     ] GC(584) Pause Young (Allocation Failure)
[2248.158s][info ][gc,task      ] GC(584) Using 4 workers of 4 for evacuation
[2248.164s][debug][gc,ref       ] GC(584) Skipped phase1 of Reference Processing due to unavailable references
[2248.164s][debug][gc,ref       ] GC(584) Skipped phase2 of Reference Processing due to unavailable references
[2248.164s][debug][gc,ref       ] GC(584) Skipped phase3 of Reference Processing due to unavailable references
[2248.164s][debug][gc,ref       ] GC(584) Skipped phase4 of Reference Processing due to unavailable references
[2248.164s][debug][gc,age       ] GC(584) Desired survivor size 15368192 bytes, new threshold 6 (max threshold 6)
[2248.164s][info ][gc,heap      ] GC(584) ParNew: 255159K->10198K(270336K)
[2248.164s][info ][gc,heap      ] GC(584) CMS: 314336K->315647K(600768K)
[2248.164s][info ][gc,metaspace ] GC(584) Metaspace: 57987K->57987K(1101824K)
[2248.164s][info ][gc           ] GC(584) Pause Young (Allocation Failure) 556M->318M(850M) 5.410ms
[2248.164s][info ][gc,cpu       ] GC(584) User=0.02s Sys=0.00s Real=0.00s
[2248.164s][info ][safepoint    ] Leaving safepoint region
[2248.164s][info ][safepoint    ] Total time for which application threads were stopped: 0.0056282 seconds, Stopping threads took: 0.0000872 seconds
[2249.164s][info ][safepoint    ] Application time: 1.0001113 seconds
[2249.164s][info ][safepoint    ] Entering safepoint region: Cleanup
[2249.164s][info ][safepoint    ] Leaving safepoint region
[2249.164s][info ][safepoint    ] Total time for which application threads were stopped: 0.0001337 seconds, Stopping threads took: 0.0000634 seconds
[2250.164s][info ][safepoint    ] Application time: 1.0001168 seconds
[2250.164s][info ][safepoint    ] Entering safepoint region: Cleanup
[2250.164s][info ][safepoint    ] Leaving safepoint region
[2250.164s][info ][safepoint    ] Total time for which application threads were stopped: 0.0001295 seconds, Stopping threads took: 0.0000679 seconds
[2251.164s][info ][safepoint    ] Application time: 1.0000919 seconds
[2251.165s][info ][safepoint    ] Entering safepoint region: Cleanup
[2251.165s][info ][safepoint    ] Leaving safepoint region
[2251.165s][info ][safepoint    ] Total time for which application threads were stopped: 0.0001352 seconds, Stopping threads took: 0.0000640 seconds
[2252.165s][info ][safepoint    ] Application time: 1.0001010 seconds
[2252.165s][info ][safepoint    ] Entering safepoint region: Cleanup
[2252.165s][info ][safepoint    ] Leaving safepoint region
[2252.165s][info ][safepoint    ] Total time for which application threads were stopped: 0.0001524 seconds, Stopping threads took: 0.0000598 seconds
[2252.208s][info ][safepoint    ] Application time: 0.0433179 seconds
[2252.208s][info ][safepoint    ] Entering safepoint region: GenCollectForAllocation
[2252.208s][info ][gc,start     ] GC(585) Pause Young (Allocation Failure)
[2252.208s][info ][gc,task      ] GC(585) Using 4 workers of 4 for evacuation
[2252.213s][debug][gc,ref       ] GC(585) Skipped phase1 of Reference Processing due to unavailable references
[2252.213s][debug][gc,ref       ] GC(585) Skipped phase2 of Reference Processing due to unavailable references
[2252.213s][debug][gc,ref       ] GC(585) Skipped phase3 of Reference Processing due to unavailable references
[2252.213s][debug][gc,ref       ] GC(585) Skipped phase4 of Reference Processing due to unavailable references
[2252.213s][debug][gc,age       ] GC(585) Desired survivor size 15368192 bytes, new threshold 6 (max threshold 6)
[2252.213s][info ][gc,heap      ] GC(585) ParNew: 250518K->7828K(270336K)
[2252.213s][info ][gc,heap      ] GC(585) CMS: 315647K->317234K(600768K)
[2252.213s][info ][gc,metaspace ] GC(585) Metaspace: 57987K->57987K(1101824K)
[2252.213s][info ][gc           ] GC(585) Pause Young (Allocation Failure) 552M->317M(850M) 4.968ms
[2252.213s][info ][gc,cpu       ] GC(585) User=0.02s Sys=0.00s Real=0.01s
[2252.213s][info ][safepoint    ] Leaving safepoint region
[2252.213s][info ][safepoint    ] Total time for which application threads were stopped: 0.0051726 seconds, Stopping threads took: 0.0000602 seconds
[2253.214s][info ][safepoint    ] Application time: 1.0000800 seconds
[2253.214s][info ][safepoint    ] Entering safepoint region: Cleanup
[2253.214s][info ][safepoint    ] Leaving safepoint region
[2253.214s][info ][safepoint    ] Total time for which application threads were stopped: 0.0001749 seconds, Stopping threads took: 0.0000855 seconds
[2254.214s][info ][safepoint    ] Application time: 1.0000976 seconds
[2254.214s][info ][safepoint    ] Entering safepoint region: Cleanup
[2254.214s][info ][safepoint    ] Leaving safepoint region
[2254.214s][info ][safepoint    ] Total time for which application threads were stopped: 0.0001327 seconds, Stopping threads took: 0.0000648 seconds
[2255.214s][info ][safepoint    ] Application time: 1.0000878 seconds
[2255.214s][info ][safepoint    ] Entering safepoint region: Cleanup
[2255.214s][info ][safepoint    ] Leaving safepoint region
[2255.214s][info ][safepoint    ] Total time for which application threads were stopped: 0.0001266 seconds, Stopping threads took: 0.0000672 seconds
[2256.210s][info ][safepoint    ] Application time: 0.9959841 seconds
[2256.210s][info ][safepoint    ] Entering safepoint region: GenCollectForAllocation
[2256.210s][info ][gc,start     ] GC(586) Pause Young (Allocation Failure)
[2256.210s][info ][gc,task      ] GC(586) Using 4 workers of 4 for evacuation
[2256.216s][debug][gc,ref       ] GC(586) Skipped phase1 of Reference Processing due to unavailable references
[2256.216s][debug][gc,ref       ] GC(586) Skipped phase2 of Reference Processing due to unavailable references
[2256.216s][debug][gc,ref       ] GC(586) Skipped phase3 of Reference Processing due to unavailable references
[2256.216s][debug][gc,ref       ] GC(586) Skipped phase4 of Reference Processing due to unavailable references
[2256.216s][debug][gc,age       ] GC(586) Desired survivor size 15368192 bytes, new threshold 6 (max threshold 6)
[2256.217s][info ][gc,heap      ] GC(586) ParNew: 248148K->5219K(270336K)
[2256.217s][info ][gc,heap      ] GC(586) CMS: 317234K->320672K(600768K)
[2256.217s][info ][gc,metaspace ] GC(586) Metaspace: 57990K->57990K(1101824K)
[2256.217s][info ][gc           ] GC(586) Pause Young (Allocation Failure) 552M->318M(850M) 6.064ms
[2256.217s][info ][gc,cpu       ] GC(586) User=0.02s Sys=0.00s Real=0.01s
[2256.217s][info ][safepoint    ] Leaving safepoint region
[2256.217s][info ][safepoint    ] Total time for which application threads were stopped: 0.0062348 seconds, Stopping threads took: 0.0000153 seconds
[2257.217s][info ][safepoint    ] Application time: 1.0000936 seconds
[2257.217s][info ][safepoint    ] Entering safepoint region: Cleanup
[2257.217s][info ][safepoint    ] Leaving safepoint region
[2257.217s][info ][safepoint    ] Total time for which application threads were stopped: 0.0000824 seconds, Stopping threads took: 0.0000269 seconds
[2258.217s][info ][safepoint    ] Application time: 1.0000513 seconds
[2258.217s][info ][safepoint    ] Entering safepoint region: Cleanup
[2258.217s][info ][safepoint    ] Leaving safepoint region
[2258.217s][info ][safepoint    ] Total time for which application threads were stopped: 0.0001396 seconds, Stopping threads took: 0.0000664 seconds
[2259.217s][info ][safepoint    ] Application time: 1.0000924 seconds
[2259.217s][info ][safepoint    ] Entering safepoint region: Cleanup
[2259.217s][info ][safepoint    ] Leaving safepoint region
[2259.217s][info ][safepoint    ] Total time for which application threads were stopped: 0.0000642 seconds, Stopping threads took: 0.0000137 seconds
[2260.217s][info ][safepoint    ] Application time: 1.0000784 seconds
[2260.217s][info ][safepoint    ] Entering safepoint region: Cleanup
[2260.217s][info ][safepoint    ] Leaving safepoint region
[2260.217s][info ][safepoint    ] Total time for which application threads were stopped: 0.0000804 seconds, Stopping threads took: 0.0000150 seconds
[2260.308s][info ][safepoint    ] Application time: 0.0908762 seconds
[2260.308s][info ][safepoint    ] Entering safepoint region: GenCollectForAllocation
[2260.309s][info ][gc,start     ] GC(587) Pause Young (Allocation Failure)
[2260.309s][info ][gc,task      ] GC(587) Using 4 workers of 4 for evacuation
[2260.311s][debug][gc,ref       ] GC(587) Skipped phase1 of Reference Processing due to unavailable references
[2260.311s][debug][gc,ref       ] GC(587) Skipped phase2 of Reference Processing due to unavailable references
[2260.311s][debug][gc,ref       ] GC(587) Skipped phase3 of Reference Processing due to unavailable references
[2260.311s][debug][gc,ref       ] GC(587) Skipped phase4 of Reference Processing due to unavailable references
[2260.312s][debug][gc,age       ] GC(587) Desired survivor size 15368192 bytes, new threshold 6 (max threshold 6)
[2260.312s][info ][gc,heap      ] GC(587) ParNew: 245539K->2160K(270336K)
[2260.312s][info ][gc,heap      ] GC(587) CMS: 320672K->321305K(600768K)
[2260.312s][info ][gc,metaspace ] GC(587) Metaspace: 58000K->58000K(1101824K)
[2260.312s][info ][gc           ] GC(587) Pause Young (Allocation Failure) 552M->315M(850M) 3.085ms
[2260.312s][info ][gc,cpu       ] GC(587) User=0.01s Sys=0.00s Real=0.00s
[2260.312s][info ][safepoint    ] Leaving safepoint region
[2260.312s][info ][safepoint    ] Total time for which application threads were stopped: 0.0033089 seconds, Stopping threads took: 0.0001021 seconds
[2261.312s][info ][safepoint    ] Application time: 1.0001015 seconds
[2261.312s][info ][safepoint    ] Entering safepoint region: Cleanup
[2261.312s][info ][safepoint    ] Leaving safepoint region
[2261.312s][info ][safepoint    ] Total time for which application threads were stopped: 0.0001108 seconds, Stopping threads took: 0.0000149 seconds
[2262.312s][info ][safepoint    ] Application time: 1.0000965 seconds
[2262.312s][info ][safepoint    ] Entering safepoint region: Cleanup
[2262.312s][info ][safepoint    ] Leaving safepoint region
[2262.312s][info ][safepoint    ] Total time for which application threads were stopped: 0.0001164 seconds, Stopping threads took: 0.0000306 seconds
[2263.312s][info ][safepoint    ] Application time: 1.0001178 seconds
[2263.312s][info ][safepoint    ] Entering safepoint region: Cleanup
[2263.312s][info ][safepoint    ] Leaving safepoint region
[2263.312s][info ][safepoint    ] Total time for which application threads were stopped: 0.0000709 seconds, Stopping threads took: 0.0000155 seconds
[2264.312s][info ][safepoint    ] Application time: 1.0000479 seconds
[2264.312s][info ][safepoint    ] Entering safepoint region: Cleanup
[2264.313s][info ][safepoint    ] Leaving safepoint region
[2264.313s][info ][safepoint    ] Total time for which application threads were stopped: 0.0000939 seconds, Stopping threads took: 0.0000148 seconds
[2265.313s][info ][safepoint    ] Application time: 1.0000795 seconds
[2265.313s][info ][safepoint    ] Entering safepoint region: Cleanup
[2265.313s][info ][safepoint    ] Leaving safepoint region
[2265.313s][info ][safepoint    ] Total time for which application threads were stopped: 0.0000795 seconds, Stopping threads took: 0.0000252 seconds
[2266.313s][info ][safepoint    ] Application time: 1.0000983 seconds
[2266.313s][info ][safepoint    ] Entering safepoint region: Cleanup
[2266.313s][info ][safepoint    ] Leaving safepoint region
[2266.313s][info ][safepoint    ] Total time for which application threads were stopped: 0.0000656 seconds, Stopping threads took: 0.0000146 seconds
[2267.313s][info ][safepoint    ] Application time: 1.0000896 seconds
[2267.313s][info ][safepoint    ] Entering safepoint region: Cleanup
[2267.313s][info ][safepoint    ] Leaving safepoint region
[2267.313s][info ][safepoint    ] Total time for which application threads were stopped: 0.0000771 seconds, Stopping threads took: 0.0000146 seconds
[2268.313s][info ][safepoint    ] Application time: 1.0001025 seconds
[2268.313s][info ][safepoint    ] Entering safepoint region: Cleanup
[2268.313s][info ][safepoint    ] Leaving safepoint region
[2268.313s][info ][safepoint    ] Total time for which application threads were stopped: 0.0000654 seconds, Stopping threads took: 0.0000154 seconds
[2269.313s][info ][safepoint    ] Application time: 1.0000856 seconds
[2269.313s][info ][safepoint    ] Entering safepoint region: Cleanup
[2269.314s][info ][safepoint    ] Leaving safepoint region
[2269.314s][info ][safepoint    ] Total time for which application threads were stopped: 0.0000680 seconds, Stopping threads took: 0.0000155 seconds
[2269.505s][info ][safepoint    ] Application time: 0.1918963 seconds
[2269.505s][info ][safepoint    ] Entering safepoint region: RevokeBias
[2269.506s][info ][safepoint    ] Leaving safepoint region
[2269.506s][info ][safepoint    ] Total time for which application threads were stopped: 0.0000916 seconds, Stopping threads took: 0.0000130 seconds
[2269.506s][info ][safepoint    ] Application time: 0.0003412 seconds
[2269.506s][info ][safepoint    ] Entering safepoint region: RevokeBias
[2269.506s][info ][safepoint    ] Leaving safepoint region
[2269.506s][info ][safepoint    ] Total time for which application threads were stopped: 0.0000284 seconds, Stopping threads took: 0.0000055 seconds
[2269.514s][info ][safepoint    ] Application time: 0.0083001 seconds
[2269.514s][info ][safepoint    ] Entering safepoint region: RevokeBias
[2269.514s][info ][safepoint    ] Leaving safepoint region
[2269.514s][info ][safepoint    ] Total time for which application threads were stopped: 0.0000889 seconds, Stopping threads took: 0.0000134 seconds
[2270.514s][info ][safepoint    ] Application time: 1.0000951 seconds
[2270.514s][info ][safepoint    ] Entering safepoint region: Cleanup
[2270.515s][info ][safepoint    ] Leaving safepoint region
[2270.515s][info ][safepoint    ] Total time for which application threads were stopped: 0.0000952 seconds, Stopping threads took: 0.0000151 seconds
[2270.758s][info ][safepoint    ] Application time: 0.2436925 seconds
[2270.758s][info ][safepoint    ] Entering safepoint region: RevokeBias
[2270.758s][info ][safepoint    ] Leaving safepoint region
[2270.758s][info ][safepoint    ] Total time for which application threads were stopped: 0.0001619 seconds, Stopping threads took: 0.0000690 seconds
[2270.759s][info ][safepoint    ] Application time: 0.0000666 seconds
[2270.759s][info ][safepoint    ] Entering safepoint region: RevokeBias
[2270.759s][info ][safepoint    ] Leaving safepoint region
[2270.759s][info ][safepoint    ] Total time for which application threads were stopped: 0.0000653 seconds, Stopping threads took: 0.0000380 seconds
[2270.777s][info ][safepoint    ] Application time: 0.0180198 seconds
[2270.777s][info ][safepoint    ] Entering safepoint region: RevokeBias
[2270.777s][info ][safepoint    ] Leaving safepoint region
[2270.777s][info ][safepoint    ] Total time for which application threads were stopped: 0.0000738 seconds, Stopping threads took: 0.0000130 seconds
[2270.788s][info ][safepoint    ] Application time: 0.0117421 seconds
[2270.789s][info ][safepoint    ] Entering safepoint region: RevokeBias
[2270.789s][info ][safepoint    ] Leaving safepoint region
[2270.789s][info ][safepoint    ] Total time for which application threads were stopped: 0.0000841 seconds, Stopping threads took: 0.0000165 seconds
[2270.789s][info ][safepoint    ] Application time: 0.0000732 seconds
[2270.789s][info ][safepoint    ] Entering safepoint region: RevokeBias
[2270.789s][info ][safepoint    ] Leaving safepoint region
[2270.789s][info ][safepoint    ] Total time for which application threads were stopped: 0.0000220 seconds, Stopping threads took: 0.0000051 seconds
[2270.791s][info ][safepoint    ] Application time: 0.0018013 seconds
[2270.791s][info ][safepoint    ] Entering safepoint region: RevokeBias
[2270.791s][info ][safepoint    ] Leaving safepoint region
[2270.791s][info ][safepoint    ] Total time for which application threads were stopped: 0.0000481 seconds, Stopping threads took: 0.0000115 seconds
[2270.791s][info ][safepoint    ] Application time: 0.0002841 seconds
[2270.791s][info ][safepoint    ] Entering safepoint region: RevokeBias
[2270.791s][info ][safepoint    ] Leaving safepoint region
[2270.791s][info ][safepoint    ] Total time for which application threads were stopped: 0.0001028 seconds, Stopping threads took: 0.0000643 seconds
[2270.791s][info ][safepoint    ] Application time: 0.0001187 seconds
[2270.791s][info ][safepoint    ] Entering safepoint region: RevokeBias
[2270.791s][info ][safepoint    ] Leaving safepoint region
[2270.791s][info ][safepoint    ] Total time for which application threads were stopped: 0.0000265 seconds, Stopping threads took: 0.0000055 seconds
[2270.791s][info ][safepoint    ] Application time: 0.0000698 seconds
[2270.791s][info ][safepoint    ] Entering safepoint region: RevokeBias
[2270.791s][info ][safepoint    ] Leaving safepoint region
[2270.791s][info ][safepoint    ] Total time for which application threads were stopped: 0.0000220 seconds, Stopping threads took: 0.0000049 seconds
[2270.791s][info ][safepoint    ] Application time: 0.0000432 seconds
[2270.791s][info ][safepoint    ] Entering safepoint region: RevokeBias
[2270.791s][info ][safepoint    ] Leaving safepoint region
[2270.791s][info ][safepoint    ] Total time for which application threads were stopped: 0.0000608 seconds, Stopping threads took: 0.0000437 seconds
[2270.791s][info ][safepoint    ] Application time: 0.0000536 seconds
[2270.791s][info ][safepoint    ] Entering safepoint region: RevokeBias
[2270.791s][info ][safepoint    ] Leaving safepoint region
[2270.791s][info ][safepoint    ] Total time for which application threads were stopped: 0.0000217 seconds, Stopping threads took: 0.0000050 seconds
[2270.791s][info ][safepoint    ] Application time: 0.0000595 seconds
[2270.792s][info ][safepoint    ] Entering safepoint region: RevokeBias
[2270.792s][info ][safepoint    ] Leaving safepoint region
[2270.792s][info ][safepoint    ] Total time for which application threads were stopped: 0.0000440 seconds, Stopping threads took: 0.0000268 seconds
[2270.792s][info ][safepoint    ] Application time: 0.0000685 seconds
[2270.792s][info ][safepoint    ] Entering safepoint region: RevokeBias
[2270.792s][info ][safepoint    ] Leaving safepoint region
[2270.792s][info ][safepoint    ] Total time for which application threads were stopped: 0.0000559 seconds, Stopping threads took: 0.0000111 seconds
[2270.792s][info ][safepoint    ] Application time: 0.0001042 seconds
[2270.792s][info ][safepoint    ] Entering safepoint region: RevokeBias
[2270.792s][info ][safepoint    ] Leaving safepoint region
[2270.792s][info ][safepoint    ] Total time for which application threads were stopped: 0.0000489 seconds, Stopping threads took: 0.0000309 seconds
[2270.792s][info ][safepoint    ] Application time: 0.0000494 seconds
[2270.792s][info ][safepoint    ] Entering safepoint region: RevokeBias
[2270.792s][info ][safepoint    ] Leaving safepoint region
[2270.792s][info ][safepoint    ] Total time for which application threads were stopped: 0.0000218 seconds, Stopping threads took: 0.0000048 seconds
[2270.792s][info ][safepoint    ] Application time: 0.0000405 seconds
[2270.792s][info ][safepoint    ] Entering safepoint region: RevokeBias
[2270.792s][info ][safepoint    ] Leaving safepoint region
[2270.792s][info ][safepoint    ] Total time for which application threads were stopped: 0.0000215 seconds, Stopping threads took: 0.0000047 seconds
[2270.792s][info ][safepoint    ] Application time: 0.0000411 seconds
[2270.792s][info ][safepoint    ] Entering safepoint region: RevokeBias
[2270.792s][info ][safepoint    ] Leaving safepoint region
[2270.792s][info ][safepoint    ] Total time for which application threads were stopped: 0.0000209 seconds, Stopping threads took: 0.0000045 seconds
[2270.792s][info ][safepoint    ] Application time: 0.0000563 seconds
[2270.792s][info ][safepoint    ] Entering safepoint region: RevokeBias
[2270.792s][info ][safepoint    ] Leaving safepoint region
[2270.792s][info ][safepoint    ] Total time for which application threads were stopped: 0.0000216 seconds, Stopping threads took: 0.0000049 seconds
[2270.792s][info ][safepoint    ] Application time: 0.0000502 seconds
[2270.792s][info ][safepoint    ] Entering safepoint region: RevokeBias
[2270.792s][info ][safepoint    ] Leaving safepoint region
[2270.792s][info ][safepoint    ] Total time for which application threads were stopped: 0.0000212 seconds, Stopping threads took: 0.0000047 seconds
[2270.792s][info ][safepoint    ] Application time: 0.0000511 seconds
[2270.792s][info ][safepoint    ] Entering safepoint region: RevokeBias
[2270.792s][info ][safepoint    ] Leaving safepoint region
[2270.792s][info ][safepoint    ] Total time for which application threads were stopped: 0.0000214 seconds, Stopping threads took: 0.0000047 seconds
[2270.792s][info ][safepoint    ] Application time: 0.0000487 seconds
[2270.792s][info ][safepoint    ] Entering safepoint region: RevokeBias
[2270.792s][info ][safepoint    ] Leaving safepoint region
[2270.792s][info ][safepoint    ] Total time for which application threads were stopped: 0.0000210 seconds, Stopping threads took: 0.0000046 seconds
[2270.792s][info ][safepoint    ] Application time: 0.0000521 seconds
[2270.792s][info ][safepoint    ] Entering safepoint region: RevokeBias
[2270.792s][info ][safepoint    ] Leaving safepoint region
[2270.792s][info ][safepoint    ] Total time for which application threads were stopped: 0.0000214 seconds, Stopping threads took: 0.0000048 seconds
[2270.793s][info ][safepoint    ] Application time: 0.0000591 seconds
[2270.793s][info ][safepoint    ] Entering safepoint region: RevokeBias
[2270.793s][info ][safepoint    ] Leaving safepoint region
[2270.793s][info ][safepoint    ] Total time for which application threads were stopped: 0.0000494 seconds, Stopping threads took: 0.0000326 seconds
[2270.793s][info ][safepoint    ] Application time: 0.0000469 seconds
[2270.793s][info ][safepoint    ] Entering safepoint region: RevokeBias
[2270.793s][info ][safepoint    ] Leaving safepoint region
[2270.793s][info ][safepoint    ] Total time for which application threads were stopped: 0.0000215 seconds, Stopping threads took: 0.0000049 seconds
[2270.793s][info ][safepoint    ] Application time: 0.0000493 seconds
[2270.793s][info ][safepoint    ] Entering safepoint region: RevokeBias
[2270.793s][info ][safepoint    ] Leaving safepoint region
[2270.793s][info ][safepoint    ] Total time for which application threads were stopped: 0.0000213 seconds, Stopping threads took: 0.0000047 seconds
[2270.793s][info ][safepoint    ] Application time: 0.0000478 seconds
[2270.793s][info ][safepoint    ] Entering safepoint region: BulkRevokeBias
[2270.793s][info ][safepoint    ] Leaving safepoint region
[2270.793s][info ][safepoint    ] Total time for which application threads were stopped: 0.0001448 seconds, Stopping threads took: 0.0000052 seconds
[2270.794s][info ][safepoint    ] Application time: 0.0009415 seconds
[2270.794s][info ][safepoint    ] Entering safepoint region: RevokeBias
[2270.794s][info ][safepoint    ] Leaving safepoint region
[2270.794s][info ][safepoint    ] Total time for which application threads were stopped: 0.0000539 seconds, Stopping threads took: 0.0000075 seconds
[2270.794s][info ][safepoint    ] Application time: 0.0001933 seconds
[2270.794s][info ][safepoint    ] Entering safepoint region: RevokeBias
[2270.794s][info ][safepoint    ] Leaving safepoint region
[2270.794s][info ][safepoint    ] Total time for which application threads were stopped: 0.0000217 seconds, Stopping threads took: 0.0000049 seconds
[2270.815s][info ][safepoint    ] Application time: 0.0208167 seconds
[2270.815s][info ][safepoint    ] Entering safepoint region: RevokeBias
[2270.815s][info ][safepoint    ] Leaving safepoint region
[2270.815s][info ][safepoint    ] Total time for which application threads were stopped: 0.0000979 seconds, Stopping threads took: 0.0000133 seconds
[2270.939s][info ][safepoint    ] Application time: 0.1242624 seconds
[2270.939s][info ][safepoint    ] Entering safepoint region: RevokeBias
[2270.940s][info ][safepoint    ] Leaving safepoint region
[2270.940s][info ][safepoint    ] Total time for which application threads were stopped: 0.0000892 seconds, Stopping threads took: 0.0000133 seconds
[2270.960s][info ][safepoint    ] Application time: 0.0205457 seconds
[2270.960s][info ][safepoint    ] Entering safepoint region: RevokeBias
[2270.960s][info ][safepoint    ] Leaving safepoint region
[2270.960s][info ][safepoint    ] Total time for which application threads were stopped: 0.0001097 seconds, Stopping threads took: 0.0000318 seconds
[2271.104s][info ][safepoint    ] Application time: 0.1437419 seconds
[2271.104s][info ][safepoint    ] Entering safepoint region: GenCollectForAllocation
[2271.104s][info ][gc,start     ] GC(588) Pause Young (Allocation Failure)
[2271.104s][info ][gc,task      ] GC(588) Using 4 workers of 4 for evacuation
[2271.108s][debug][gc,ref       ] GC(588) Skipped phase1 of Reference Processing due to unavailable references
[2271.108s][debug][gc,age       ] GC(588) Desired survivor size 15368192 bytes, new threshold 6 (max threshold 6)
[2271.108s][info ][gc,heap      ] GC(588) ParNew: 242480K->2587K(270336K)
[2271.108s][info ][gc,heap      ] GC(588) CMS: 321305K->321748K(600768K)
[2271.108s][info ][gc,metaspace ] GC(588) Metaspace: 58086K->58086K(1101824K)
[2271.108s][info ][gc           ] GC(588) Pause Young (Allocation Failure) 550M->316M(850M) 3.901ms
[2271.108s][info ][gc,cpu       ] GC(588) User=0.01s Sys=0.00s Real=0.00s
[2271.108s][info ][safepoint    ] Leaving safepoint region
[2271.108s][info ][safepoint    ] Total time for which application threads were stopped: 0.0041195 seconds, Stopping threads took: 0.0000168 seconds
[2272.108s][info ][safepoint    ] Application time: 1.0001588 seconds
[2272.108s][info ][safepoint    ] Entering safepoint region: Cleanup
[2272.108s][info ][safepoint    ] Leaving safepoint region
[2272.108s][info ][safepoint    ] Total time for which application threads were stopped: 0.0001740 seconds, Stopping threads took: 0.0000639 seconds
[2273.013s][info ][safepoint    ] Application time: 0.9049993 seconds
[2273.014s][info ][safepoint    ] Entering safepoint region: GenCollectForAllocation
[2273.014s][info ][gc,start     ] GC(589) Pause Young (Allocation Failure)
[2273.014s][info ][gc,task      ] GC(589) Using 4 workers of 4 for evacuation
[2273.028s][debug][gc,ref       ] GC(589) Skipped phase1 of Reference Processing due to unavailable references
[2273.028s][debug][gc,ref       ] GC(589) Skipped phase3 of Reference Processing due to unavailable references
[2273.028s][debug][gc,age       ] GC(589) Desired survivor size 15368192 bytes, new threshold 6 (max threshold 6)
[2273.028s][info ][gc,heap      ] GC(589) ParNew: 242907K->14183K(270336K)
[2273.028s][info ][gc,heap      ] GC(589) CMS: 321748K->321784K(600768K)
[2273.028s][info ][gc,metaspace ] GC(589) Metaspace: 58093K->58093K(1101824K)
[2273.028s][info ][gc           ] GC(589) Pause Young (Allocation Failure) 551M->328M(850M) 14.802ms
[2273.028s][info ][gc,cpu       ] GC(589) User=0.03s Sys=0.00s Real=0.01s
[2273.028s][info ][safepoint    ] Leaving safepoint region
[2273.028s][info ][safepoint    ] Total time for which application threads were stopped: 0.0149656 seconds, Stopping threads took: 0.0000159 seconds
[2274.029s][info ][safepoint    ] Application time: 1.0001221 seconds
[2274.029s][info ][safepoint    ] Entering safepoint region: Cleanup
[2274.029s][info ][safepoint    ] Leaving safepoint region
[2274.029s][info ][safepoint    ] Total time for which application threads were stopped: 0.0000906 seconds, Stopping threads took: 0.0000178 seconds
[2275.029s][info ][safepoint    ] Application time: 1.0000966 seconds
[2275.029s][info ][safepoint    ] Entering safepoint region: Cleanup
[2275.029s][info ][safepoint    ] Leaving safepoint region
[2275.029s][info ][safepoint    ] Total time for which application threads were stopped: 0.0000726 seconds, Stopping threads took: 0.0000158 seconds
[2275.939s][info ][safepoint    ] Application time: 0.9099146 seconds
[2275.939s][info ][safepoint    ] Entering safepoint region: RevokeBias
[2275.939s][info ][safepoint    ] Leaving safepoint region
[2275.939s][info ][safepoint    ] Total time for which application threads were stopped: 0.0000805 seconds, Stopping threads took: 0.0000157 seconds
[2275.939s][info ][safepoint    ] Application time: 0.0000791 seconds
[2275.939s][info ][safepoint    ] Entering safepoint region: RevokeBias
[2275.939s][info ][safepoint    ] Leaving safepoint region
[2275.939s][info ][safepoint    ] Total time for which application threads were stopped: 0.0000231 seconds, Stopping threads took: 0.0000057 seconds
[2275.939s][info ][safepoint    ] Application time: 0.0002066 seconds
[2275.939s][info ][safepoint    ] Entering safepoint region: RevokeBias
[2275.939s][info ][safepoint    ] Leaving safepoint region
[2275.939s][info ][safepoint    ] Total time for which application threads were stopped: 0.0000378 seconds, Stopping threads took: 0.0000173 seconds
[2275.939s][info ][safepoint    ] Application time: 0.0001224 seconds
[2275.939s][info ][safepoint    ] Entering safepoint region: RevokeBias
[2275.939s][info ][safepoint    ] Leaving safepoint region
[2275.939s][info ][safepoint    ] Total time for which application threads were stopped: 0.0000215 seconds, Stopping threads took: 0.0000053 seconds
[2275.940s][info ][safepoint    ] Application time: 0.0000495 seconds
[2275.940s][info ][safepoint    ] Entering safepoint region: RevokeBias
[2275.940s][info ][safepoint    ] Leaving safepoint region
[2275.940s][info ][safepoint    ] Total time for which application threads were stopped: 0.0000300 seconds, Stopping threads took: 0.0000057 seconds
[2275.940s][info ][safepoint    ] Application time: 0.0000595 seconds
[2275.940s][info ][safepoint    ] Entering safepoint region: RevokeBias
[2275.940s][info ][safepoint    ] Leaving safepoint region
[2275.940s][info ][safepoint    ] Total time for which application threads were stopped: 0.0000236 seconds, Stopping threads took: 0.0000053 seconds
[2275.940s][info ][safepoint    ] Application time: 0.0001132 seconds
[2275.940s][info ][safepoint    ] Entering safepoint region: RevokeBias
[2275.940s][info ][safepoint    ] Leaving safepoint region
[2275.940s][info ][safepoint    ] Total time for which application threads were stopped: 0.0000241 seconds, Stopping threads took: 0.0000056 seconds
[2276.940s][info ][safepoint    ] Application time: 1.0000600 seconds
[2276.940s][info ][safepoint    ] Entering safepoint region: Cleanup
[2276.940s][info ][safepoint    ] Leaving safepoint region
[2276.940s][info ][safepoint    ] Total time for which application threads were stopped: 0.0000753 seconds, Stopping threads took: 0.0000169 seconds
[2277.109s][info ][safepoint    ] Application time: 0.1688288 seconds
[2277.109s][info ][safepoint    ] Entering safepoint region: GenCollectForAllocation
[2277.109s][info ][gc,start     ] GC(590) Pause Young (Allocation Failure)
[2277.109s][info ][gc,task      ] GC(590) Using 4 workers of 4 for evacuation
[2277.116s][debug][gc,ref       ] GC(590) Skipped phase1 of Reference Processing due to unavailable references
[2277.116s][debug][gc,age       ] GC(590) Desired survivor size 15368192 bytes, new threshold 6 (max threshold 6)
[2277.116s][info ][gc,heap      ] GC(590) ParNew: 254503K->17878K(270336K)
[2277.116s][info ][gc,heap      ] GC(590) CMS: 321784K->321873K(600768K)
[2277.117s][info ][gc,metaspace ] GC(590) Metaspace: 58093K->58093K(1101824K)
[2277.117s][info ][gc           ] GC(590) Pause Young (Allocation Failure) 562M->331M(850M) 7.537ms
[2277.117s][info ][gc,cpu       ] GC(590) User=0.03s Sys=0.00s Real=0.01s
[2277.117s][info ][safepoint    ] Leaving safepoint region
[2277.117s][info ][safepoint    ] Total time for which application threads were stopped: 0.0077015 seconds, Stopping threads took: 0.0000265 seconds
[2278.117s][info ][safepoint    ] Application time: 1.0000930 seconds
[2278.117s][info ][safepoint    ] Entering safepoint region: Cleanup
[2278.117s][info ][safepoint    ] Leaving safepoint region
[2278.117s][info ][safepoint    ] Total time for which application threads were stopped: 0.0000708 seconds, Stopping threads took: 0.0000153 seconds
[2279.117s][info ][safepoint    ] Application time: 1.0000909 seconds
[2279.117s][info ][safepoint    ] Entering safepoint region: Cleanup
[2279.117s][info ][safepoint    ] Leaving safepoint region
[2279.117s][info ][safepoint    ] Total time for which application threads were stopped: 0.0000992 seconds, Stopping threads took: 0.0000157 seconds
[2280.117s][info ][safepoint    ] Application time: 1.0001100 seconds
[2280.117s][info ][safepoint    ] Entering safepoint region: Cleanup
[2280.117s][info ][safepoint    ] Leaving safepoint region
[2280.117s][info ][safepoint    ] Total time for which application threads were stopped: 0.0000767 seconds, Stopping threads took: 0.0000155 seconds
[2281.117s][info ][safepoint    ] Application time: 1.0000821 seconds
[2281.117s][info ][safepoint    ] Entering safepoint region: Cleanup
[2281.117s][info ][safepoint    ] Leaving safepoint region
[2281.117s][info ][safepoint    ] Total time for which application threads were stopped: 0.0001452 seconds, Stopping threads took: 0.0000787 seconds
[2281.166s][info ][safepoint    ] Application time: 0.0482355 seconds
[2281.166s][info ][safepoint    ] Entering safepoint region: GenCollectForAllocation
[2281.166s][info ][gc,start     ] GC(591) Pause Young (Allocation Failure)
[2281.166s][info ][gc,task      ] GC(591) Using 4 workers of 4 for evacuation
[2281.173s][debug][gc,ref       ] GC(591) Skipped phase1 of Reference Processing due to unavailable references
[2281.173s][debug][gc,ref       ] GC(591) Skipped phase3 of Reference Processing due to unavailable references
[2281.173s][debug][gc,age       ] GC(591) Desired survivor size 15368192 bytes, new threshold 6 (max threshold 6)
[2281.173s][info ][gc,heap      ] GC(591) ParNew: 258198K->22303K(270336K)
[2281.173s][info ][gc,heap      ] GC(591) CMS: 321873K->321927K(600768K)
[2281.173s][info ][gc,metaspace ] GC(591) Metaspace: 58096K->58096K(1101824K)
[2281.173s][info ][gc           ] GC(591) Pause Young (Allocation Failure) 566M->336M(850M) 7.014ms
[2281.173s][info ][gc,cpu       ] GC(591) User=0.03s Sys=0.00s Real=0.01s
[2281.173s][info ][safepoint    ] Leaving safepoint region
[2281.173s][info ][safepoint    ] Total time for which application threads were stopped: 0.0071653 seconds, Stopping threads took: 0.0000150 seconds
[2282.173s][info ][safepoint    ] Application time: 1.0002109 seconds
[2282.173s][info ][safepoint    ] Entering safepoint region: Cleanup
[2282.173s][info ][safepoint    ] Leaving safepoint region
[2282.173s][info ][safepoint    ] Total time for which application threads were stopped: 0.0001085 seconds, Stopping threads took: 0.0000164 seconds
[2283.173s][info ][safepoint    ] Application time: 1.0000835 seconds
[2283.173s][info ][safepoint    ] Entering safepoint region: Cleanup
[2283.173s][info ][safepoint    ] Leaving safepoint region
[2283.173s][info ][safepoint    ] Total time for which application threads were stopped: 0.0000713 seconds, Stopping threads took: 0.0000155 seconds
[2284.174s][info ][safepoint    ] Application time: 1.0000847 seconds
[2284.174s][info ][safepoint    ] Entering safepoint region: Cleanup
[2284.174s][info ][safepoint    ] Leaving safepoint region
[2284.174s][info ][safepoint    ] Total time for which application threads were stopped: 0.0001447 seconds, Stopping threads took: 0.0000162 seconds
[2285.174s][info ][safepoint    ] Application time: 1.0000987 seconds
[2285.174s][info ][safepoint    ] Entering safepoint region: Cleanup
[2285.174s][info ][safepoint    ] Leaving safepoint region
[2285.174s][info ][safepoint    ] Total time for which application threads were stopped: 0.0000729 seconds, Stopping threads took: 0.0000164 seconds
[2285.459s][info ][safepoint    ] Application time: 0.2844950 seconds
[2285.459s][info ][safepoint    ] Entering safepoint region: GenCollectForAllocation
[2285.459s][info ][gc,start     ] GC(592) Pause Young (Allocation Failure)
[2285.459s][info ][gc,task      ] GC(592) Using 4 workers of 4 for evacuation
[2285.466s][debug][gc,ref       ] GC(592) Skipped phase1 of Reference Processing due to unavailable references
[2285.466s][debug][gc,ref       ] GC(592) Skipped phase3 of Reference Processing due to unavailable references
[2285.466s][debug][gc,age       ] GC(592) Desired survivor size 15368192 bytes, new threshold 6 (max threshold 6)
[2285.466s][info ][gc,heap      ] GC(592) ParNew: 262623K->23989K(270336K)
[2285.466s][info ][gc,heap      ] GC(592) CMS: 321927K->322098K(600768K)
[2285.466s][info ][gc,metaspace ] GC(592) Metaspace: 58096K->58096K(1101824K)
[2285.466s][info ][gc           ] GC(592) Pause Young (Allocation Failure) 570M->337M(850M) 7.269ms
[2285.466s][info ][gc,cpu       ] GC(592) User=0.03s Sys=0.00s Real=0.01s
[2285.466s][info ][safepoint    ] Leaving safepoint region
[2285.466s][info ][safepoint    ] Total time for which application threads were stopped: 0.0074225 seconds, Stopping threads took: 0.0000135 seconds
[2286.466s][info ][safepoint    ] Application time: 1.0000948 seconds
[2286.466s][info ][safepoint    ] Entering safepoint region: Cleanup
[2286.466s][info ][safepoint    ] Leaving safepoint region
[2286.466s][info ][safepoint    ] Total time for which application threads were stopped: 0.0001366 seconds, Stopping threads took: 0.0000163 seconds
[2287.466s][info ][safepoint    ] Application time: 1.0001221 seconds
[2287.466s][info ][safepoint    ] Entering safepoint region: Cleanup
[2287.467s][info ][safepoint    ] Leaving safepoint region
[2287.467s][info ][safepoint    ] Total time for which application threads were stopped: 0.0000700 seconds, Stopping threads took: 0.0000148 seconds
[2288.467s][info ][safepoint    ] Application time: 1.0000906 seconds
[2288.467s][info ][safepoint    ] Entering safepoint region: Cleanup
[2288.467s][info ][safepoint    ] Leaving safepoint region
[2288.467s][info ][safepoint    ] Total time for which application threads were stopped: 0.0000877 seconds, Stopping threads took: 0.0000159 seconds
[2289.285s][info ][safepoint    ] Application time: 0.8185198 seconds
[2289.285s][info ][safepoint    ] Entering safepoint region: RevokeBias
[2289.285s][info ][safepoint    ] Leaving safepoint region
[2289.285s][info ][safepoint    ] Total time for which application threads were stopped: 0.0001129 seconds, Stopping threads took: 0.0000155 seconds
[2289.286s][info ][safepoint    ] Application time: 0.0002719 seconds
[2289.286s][info ][safepoint    ] Entering safepoint region: RevokeBias
[2289.286s][info ][safepoint    ] Leaving safepoint region
[2289.286s][info ][safepoint    ] Total time for which application threads were stopped: 0.0000307 seconds, Stopping threads took: 0.0000061 seconds
[2289.310s][info ][safepoint    ] Application time: 0.0238577 seconds
[2289.310s][info ][safepoint    ] Entering safepoint region: RevokeBias
[2289.310s][info ][safepoint    ] Leaving safepoint region
[2289.310s][info ][safepoint    ] Total time for which application threads were stopped: 0.0001111 seconds, Stopping threads took: 0.0000279 seconds
[2289.929s][info ][safepoint    ] Application time: 0.6188275 seconds
[2289.929s][info ][safepoint    ] Entering safepoint region: RevokeBias
[2289.929s][info ][safepoint    ] Leaving safepoint region
[2289.929s][info ][safepoint    ] Total time for which application threads were stopped: 0.0000972 seconds, Stopping threads took: 0.0000145 seconds
[2289.931s][info ][safepoint    ] Application time: 0.0022369 seconds
[2289.931s][info ][safepoint    ] Entering safepoint region: RevokeBias
[2289.931s][info ][safepoint    ] Leaving safepoint region
[2289.931s][info ][safepoint    ] Total time for which application threads were stopped: 0.0000656 seconds, Stopping threads took: 0.0000135 seconds
[2289.931s][info ][safepoint    ] Application time: 0.0000788 seconds
[2289.931s][info ][safepoint    ] Entering safepoint region: RevokeBias
[2289.931s][info ][safepoint    ] Leaving safepoint region
[2289.931s][info ][safepoint    ] Total time for which application threads were stopped: 0.0000294 seconds, Stopping threads took: 0.0000060 seconds
[2289.931s][info ][safepoint    ] Application time: 0.0000524 seconds
[2289.931s][info ][safepoint    ] Entering safepoint region: RevokeBias
[2289.931s][info ][safepoint    ] Leaving safepoint region
[2289.931s][info ][safepoint    ] Total time for which application threads were stopped: 0.0000244 seconds, Stopping threads took: 0.0000052 seconds
[2289.931s][info ][safepoint    ] Application time: 0.0000622 seconds
[2289.931s][info ][safepoint    ] Entering safepoint region: RevokeBias
[2289.931s][info ][safepoint    ] Leaving safepoint region
[2289.931s][info ][safepoint    ] Total time for which application threads were stopped: 0.0000227 seconds, Stopping threads took: 0.0000048 seconds
[2289.931s][info ][safepoint    ] Application time: 0.0000466 seconds
[2289.932s][info ][safepoint    ] Entering safepoint region: RevokeBias
[2289.932s][info ][safepoint    ] Leaving safepoint region
[2289.932s][info ][safepoint    ] Total time for which application threads were stopped: 0.0001367 seconds, Stopping threads took: 0.0001178 seconds
[2289.932s][info ][safepoint    ] Application time: 0.0000761 seconds
[2289.932s][info ][safepoint    ] Entering safepoint region: RevokeBias
[2289.932s][info ][safepoint    ] Leaving safepoint region
[2289.932s][info ][safepoint    ] Total time for which application threads were stopped: 0.0000430 seconds, Stopping threads took: 0.0000248 seconds
[2289.932s][info ][safepoint    ] Application time: 0.0000547 seconds
[2289.932s][info ][safepoint    ] Entering safepoint region: RevokeBias
[2289.932s][info ][safepoint    ] Leaving safepoint region
[2289.932s][info ][safepoint    ] Total time for which application threads were stopped: 0.0000229 seconds, Stopping threads took: 0.0000049 seconds
[2289.932s][info ][safepoint    ] Application time: 0.0000508 seconds
[2289.932s][info ][safepoint    ] Entering safepoint region: RevokeBias
[2289.932s][info ][safepoint    ] Leaving safepoint region
[2289.932s][info ][safepoint    ] Total time for which application threads were stopped: 0.0000236 seconds, Stopping threads took: 0.0000052 seconds
[2289.932s][info ][safepoint    ] Application time: 0.0000633 seconds
[2289.932s][info ][safepoint    ] Entering safepoint region: RevokeBias
[2289.932s][info ][safepoint    ] Leaving safepoint region
[2289.932s][info ][safepoint    ] Total time for which application threads were stopped: 0.0001067 seconds, Stopping threads took: 0.0000623 seconds
[2289.932s][info ][safepoint    ] Application time: 0.0000893 seconds
[2289.932s][info ][safepoint    ] Entering safepoint region: RevokeBias
[2289.932s][info ][safepoint    ] Leaving safepoint region
[2289.932s][info ][safepoint    ] Total time for which application threads were stopped: 0.0000923 seconds, Stopping threads took: 0.0000514 seconds
[2289.932s][info ][safepoint    ] Application time: 0.0000563 seconds
[2289.932s][info ][safepoint    ] Entering safepoint region: RevokeBias
[2289.932s][info ][safepoint    ] Leaving safepoint region
[2289.932s][info ][safepoint    ] Total time for which application threads were stopped: 0.0000497 seconds, Stopping threads took: 0.0000107 seconds
[2289.932s][info ][safepoint    ] Application time: 0.0000724 seconds
[2289.932s][info ][safepoint    ] Entering safepoint region: RevokeBias
[2289.933s][info ][safepoint    ] Leaving safepoint region
[2289.933s][info ][safepoint    ] Total time for which application threads were stopped: 0.0000438 seconds, Stopping threads took: 0.0000245 seconds
[2289.933s][info ][safepoint    ] Application time: 0.0000526 seconds
[2289.933s][info ][safepoint    ] Entering safepoint region: RevokeBias
[2289.933s][info ][safepoint    ] Leaving safepoint region
[2289.933s][info ][safepoint    ] Total time for which application threads were stopped: 0.0000234 seconds, Stopping threads took: 0.0000050 seconds
[2289.933s][info ][safepoint    ] Application time: 0.0000554 seconds
[2289.933s][info ][safepoint    ] Entering safepoint region: RevokeBias
[2289.933s][info ][safepoint    ] Leaving safepoint region
[2289.933s][info ][safepoint    ] Total time for which application threads were stopped: 0.0000228 seconds, Stopping threads took: 0.0000048 seconds
[2289.933s][info ][safepoint    ] Application time: 0.0000588 seconds
[2289.933s][info ][safepoint    ] Entering safepoint region: RevokeBias
[2289.933s][info ][safepoint    ] Leaving safepoint region
[2289.933s][info ][safepoint    ] Total time for which application threads were stopped: 0.0000226 seconds, Stopping threads took: 0.0000048 seconds
[2289.933s][info ][safepoint    ] Application time: 0.0000613 seconds
[2289.933s][info ][safepoint    ] Entering safepoint region: RevokeBias
[2289.933s][info ][safepoint    ] Leaving safepoint region
[2289.933s][info ][safepoint    ] Total time for which application threads were stopped: 0.0000585 seconds, Stopping threads took: 0.0000405 seconds
[2289.933s][info ][safepoint    ] Application time: 0.0000523 seconds
[2289.933s][info ][safepoint    ] Entering safepoint region: RevokeBias
[2289.933s][info ][safepoint    ] Leaving safepoint region
[2289.933s][info ][safepoint    ] Total time for which application threads were stopped: 0.0000227 seconds, Stopping threads took: 0.0000049 seconds
[2289.933s][info ][safepoint    ] Application time: 0.0000515 seconds
[2289.933s][info ][safepoint    ] Entering safepoint region: RevokeBias
[2289.933s][info ][safepoint    ] Leaving safepoint region
[2289.933s][info ][safepoint    ] Total time for which application threads were stopped: 0.0000455 seconds, Stopping threads took: 0.0000278 seconds
[2289.933s][info ][safepoint    ] Application time: 0.0000615 seconds
[2289.933s][info ][safepoint    ] Entering safepoint region: RevokeBias
[2289.933s][info ][safepoint    ] Leaving safepoint region
[2289.933s][info ][safepoint    ] Total time for which application threads were stopped: 0.0000233 seconds, Stopping threads took: 0.0000050 seconds
[2289.933s][info ][safepoint    ] Application time: 0.0000486 seconds
[2289.933s][info ][safepoint    ] Entering safepoint region: BulkRevokeBias
[2289.933s][info ][safepoint    ] Leaving safepoint region
[2289.933s][info ][safepoint    ] Total time for which application threads were stopped: 0.0001450 seconds, Stopping threads took: 0.0000048 seconds
[2289.952s][info ][safepoint    ] Application time: 0.0187465 seconds
[2289.952s][info ][safepoint    ] Entering safepoint region: RevokeBias
[2289.952s][info ][safepoint    ] Leaving safepoint region
[2289.952s][info ][safepoint    ] Total time for which application threads were stopped: 0.0002300 seconds, Stopping threads took: 0.0000545 seconds
[2290.072s][info ][safepoint    ] Application time: 0.1193954 seconds
[2290.072s][info ][safepoint    ] Entering safepoint region: RevokeBias
[2290.072s][info ][safepoint    ] Leaving safepoint region
[2290.072s][info ][safepoint    ] Total time for which application threads were stopped: 0.0001108 seconds, Stopping threads took: 0.0000140 seconds
[2290.110s][info ][safepoint    ] Application time: 0.0377887 seconds
[2290.110s][info ][safepoint    ] Entering safepoint region: RevokeBias
[2290.110s][info ][safepoint    ] Leaving safepoint region
[2290.110s][info ][safepoint    ] Total time for which application threads were stopped: 0.0000924 seconds, Stopping threads took: 0.0000164 seconds
[2290.439s][info ][safepoint    ] Application time: 0.3295388 seconds
[2290.440s][info ][safepoint    ] Entering safepoint region: GenCollectForAllocation
[2290.440s][info ][gc,start     ] GC(593) Pause Young (Allocation Failure)
[2290.440s][info ][gc,task      ] GC(593) Using 4 workers of 4 for evacuation
[2290.447s][debug][gc,ref       ] GC(593) Skipped phase1 of Reference Processing due to unavailable references
[2290.447s][debug][gc,age       ] GC(593) Desired survivor size 15368192 bytes, new threshold 6 (max threshold 6)
[2290.447s][info ][gc,heap      ] GC(593) ParNew: 264309K->13189K(270336K)
[2290.447s][info ][gc,heap      ] GC(593) CMS: 322098K->322193K(600768K)
[2290.447s][info ][gc,metaspace ] GC(593) Metaspace: 58163K->58163K(1101824K)
[2290.447s][info ][gc           ] GC(593) Pause Young (Allocation Failure) 572M->327M(850M) 7.111ms
[2290.447s][info ][gc,cpu       ] GC(593) User=0.03s Sys=0.00s Real=0.01s
[2290.447s][info ][safepoint    ] Leaving safepoint region
[2290.447s][info ][safepoint    ] Total time for which application threads were stopped: 0.0074840 seconds, Stopping threads took: 0.0001194 seconds
[2290.447s][info ][safepoint    ] Application time: 0.0001666 seconds
[2290.447s][info ][safepoint    ] Entering safepoint region: RevokeBias
[2290.447s][info ][safepoint    ] Leaving safepoint region
[2290.447s][info ][safepoint    ] Total time for which application threads were stopped: 0.0001447 seconds, Stopping threads took: 0.0000553 seconds
[2291.447s][info ][safepoint    ] Application time: 1.0001100 seconds
[2291.447s][info ][safepoint    ] Entering safepoint region: Cleanup
[2291.447s][info ][safepoint    ] Leaving safepoint region
[2291.447s][info ][safepoint    ] Total time for which application threads were stopped: 0.0000822 seconds, Stopping threads took: 0.0000168 seconds
[2292.448s][info ][safepoint    ] Application time: 1.0001022 seconds
[2292.448s][info ][safepoint    ] Entering safepoint region: Cleanup
[2292.448s][info ][safepoint    ] Leaving safepoint region
[2292.448s][info ][safepoint    ] Total time for which application threads were stopped: 0.0000778 seconds, Stopping threads took: 0.0000159 seconds
[2293.163s][info ][safepoint    ] Application time: 0.7156298 seconds
[2293.163s][info ][safepoint    ] Entering safepoint region: GenCollectForAllocation
[2293.163s][info ][gc,start     ] GC(594) Pause Young (Allocation Failure)
[2293.164s][info ][gc,task      ] GC(594) Using 4 workers of 4 for evacuation
[2293.173s][debug][gc,ref       ] GC(594) Skipped phase1 of Reference Processing due to unavailable references
[2293.173s][debug][gc,ref       ] GC(594) Skipped phase3 of Reference Processing due to unavailable references
[2293.173s][debug][gc,age       ] GC(594) Desired survivor size 15368192 bytes, new threshold 1 (max threshold 6)
[2293.173s][info ][gc,heap      ] GC(594) ParNew: 253509K->30016K(270336K)
[2293.173s][info ][gc,heap      ] GC(594) CMS: 322193K->323364K(600768K)
[2293.173s][info ][gc,metaspace ] GC(594) Metaspace: 58163K->58163K(1101824K)
[2293.173s][info ][gc           ] GC(594) Pause Young (Allocation Failure) 562M->345M(850M) 9.347ms
[2293.173s][info ][gc,cpu       ] GC(594) User=0.04s Sys=0.00s Real=0.02s
[2293.173s][info ][safepoint    ] Leaving safepoint region
[2293.173s][info ][safepoint    ] Total time for which application threads were stopped: 0.0095231 seconds, Stopping threads took: 0.0000308 seconds
[2294.173s][info ][safepoint    ] Application time: 1.0000912 seconds
[2294.173s][info ][safepoint    ] Entering safepoint region: Cleanup
[2294.173s][info ][safepoint    ] Leaving safepoint region
[2294.173s][info ][safepoint    ] Total time for which application threads were stopped: 0.0000967 seconds, Stopping threads took: 0.0000158 seconds
[2295.071s][info ][safepoint    ] Application time: 0.8981634 seconds
[2295.071s][info ][safepoint    ] Entering safepoint region: RevokeBias
[2295.071s][info ][safepoint    ] Leaving safepoint region
[2295.071s][info ][safepoint    ] Total time for which application threads were stopped: 0.0000827 seconds, Stopping threads took: 0.0000152 seconds
[2296.071s][info ][safepoint    ] Application time: 1.0000949 seconds
[2296.072s][info ][safepoint    ] Entering safepoint region: Cleanup
[2296.072s][info ][safepoint    ] Leaving safepoint region
[2296.072s][info ][safepoint    ] Total time for which application threads were stopped: 0.0000784 seconds, Stopping threads took: 0.0000148 seconds
[2296.965s][info ][safepoint    ] Application time: 0.8935973 seconds
[2296.965s][info ][safepoint    ] Entering safepoint region: GenCollectForAllocation
[2296.965s][info ][gc,start     ] GC(595) Pause Young (Allocation Failure)
[2296.965s][info ][gc,task      ] GC(595) Using 4 workers of 4 for evacuation
[2296.984s][debug][gc,ref       ] GC(595) Skipped phase1 of Reference Processing due to unavailable references
[2296.984s][debug][gc,ref       ] GC(595) Skipped phase2 of Reference Processing due to unavailable references
[2296.984s][debug][gc,ref       ] GC(595) Skipped phase3 of Reference Processing due to unavailable references
[2296.984s][debug][gc,ref       ] GC(595) Skipped phase4 of Reference Processing due to unavailable references
[2296.985s][debug][gc,age       ] GC(595) Desired survivor size 15368192 bytes, new threshold 6 (max threshold 6)
[2296.985s][info ][gc,heap      ] GC(595) ParNew: 270336K->12245K(270336K)
[2296.985s][info ][gc,heap      ] GC(595) CMS: 323364K->351913K(600768K)
[2296.985s][info ][gc,metaspace ] GC(595) Metaspace: 58163K->58163K(1101824K)
[2296.985s][info ][gc           ] GC(595) Pause Young (Allocation Failure) 579M->355M(850M) 19.314ms
[2296.985s][info ][gc,cpu       ] GC(595) User=0.06s Sys=0.01s Real=0.02s
[2296.985s][info ][safepoint    ] Leaving safepoint region
[2296.985s][info ][safepoint    ] Total time for which application threads were stopped: 0.0194881 seconds, Stopping threads took: 0.0000164 seconds
[2297.985s][info ][safepoint    ] Application time: 1.0001056 seconds
[2297.985s][info ][safepoint    ] Entering safepoint region: Cleanup
[2297.985s][info ][safepoint    ] Leaving safepoint region
[2297.985s][info ][safepoint    ] Total time for which application threads were stopped: 0.0000767 seconds, Stopping threads took: 0.0000169 seconds
[2298.985s][info ][safepoint    ] Application time: 1.0000850 seconds
[2298.985s][info ][safepoint    ] Entering safepoint region: Cleanup
[2298.985s][info ][safepoint    ] Leaving safepoint region
[2298.985s][info ][safepoint    ] Total time for which application threads were stopped: 0.0000779 seconds, Stopping threads took: 0.0000159 seconds
[2299.985s][info ][safepoint    ] Application time: 1.0000813 seconds
[2299.985s][info ][safepoint    ] Entering safepoint region: Cleanup
[2299.985s][info ][safepoint    ] Leaving safepoint region
[2299.985s][info ][safepoint    ] Total time for which application threads were stopped: 0.0000878 seconds, Stopping threads took: 0.0000170 seconds
[2300.072s][info ][safepoint    ] Application time: 0.0861896 seconds
[2300.072s][info ][safepoint    ] Entering safepoint region: RevokeBias
[2300.072s][info ][safepoint    ] Leaving safepoint region
[2300.072s][info ][safepoint    ] Total time for which application threads were stopped: 0.0000865 seconds, Stopping threads took: 0.0000137 seconds
[2300.072s][info ][safepoint    ] Application time: 0.0002376 seconds
[2300.072s][info ][safepoint    ] Entering safepoint region: RevokeBias
[2300.072s][info ][safepoint    ] Leaving safepoint region
[2300.072s][info ][safepoint    ] Total time for which application threads were stopped: 0.0000268 seconds, Stopping threads took: 0.0000051 seconds
[2300.072s][info ][safepoint    ] Application time: 0.0001217 seconds
[2300.072s][info ][safepoint    ] Entering safepoint region: RevokeBias
[2300.072s][info ][safepoint    ] Leaving safepoint region
[2300.072s][info ][safepoint    ] Total time for which application threads were stopped: 0.0000230 seconds, Stopping threads took: 0.0000062 seconds
[2300.072s][info ][safepoint    ] Application time: 0.0000498 seconds
[2300.072s][info ][safepoint    ] Entering safepoint region: RevokeBias
[2300.072s][info ][safepoint    ] Leaving safepoint region
[2300.072s][info ][safepoint    ] Total time for which application threads were stopped: 0.0000212 seconds, Stopping threads took: 0.0000049 seconds
[2300.072s][info ][safepoint    ] Application time: 0.0000738 seconds
[2300.072s][info ][safepoint    ] Entering safepoint region: RevokeBias
[2300.072s][info ][safepoint    ] Leaving safepoint region
[2300.072s][info ][safepoint    ] Total time for which application threads were stopped: 0.0000230 seconds, Stopping threads took: 0.0000048 seconds
[2300.072s][info ][safepoint    ] Application time: 0.0000996 seconds
[2300.072s][info ][safepoint    ] Entering safepoint region: RevokeBias
[2300.072s][info ][safepoint    ] Leaving safepoint region
[2300.072s][info ][safepoint    ] Total time for which application threads were stopped: 0.0000205 seconds, Stopping threads took: 0.0000050 seconds
[2300.914s][info ][safepoint    ] Application time: 0.8411786 seconds
[2300.914s][info ][safepoint    ] Entering safepoint region: GenCollectForAllocation
[2300.914s][info ][gc,start     ] GC(596) Pause Young (Allocation Failure)
[2300.914s][info ][gc,task      ] GC(596) Using 4 workers of 4 for evacuation
[2300.917s][debug][gc,ref       ] GC(596) Skipped phase1 of Reference Processing due to unavailable references
[2300.917s][debug][gc,ref       ] GC(596) Skipped phase3 of Reference Processing due to unavailable references
[2300.917s][debug][gc,ref       ] GC(596) Skipped phase4 of Reference Processing due to unavailable references
[2300.917s][debug][gc,age       ] GC(596) Desired survivor size 15368192 bytes, new threshold 6 (max threshold 6)
[2300.917s][info ][gc,heap      ] GC(596) ParNew: 252565K->6746K(270336K)
[2300.917s][info ][gc,heap      ] GC(596) CMS: 351913K->351913K(600768K)
[2300.918s][info ][gc,metaspace ] GC(596) Metaspace: 58163K->58163K(1101824K)
[2300.918s][info ][gc           ] GC(596) Pause Young (Allocation Failure) 590M->350M(850M) 3.728ms
[2300.918s][info ][gc,cpu       ] GC(596) User=0.02s Sys=0.00s Real=0.00s
[2300.918s][info ][safepoint    ] Leaving safepoint region
[2300.918s][info ][safepoint    ] Total time for which application threads were stopped: 0.0039005 seconds, Stopping threads took: 0.0000170 seconds
[2301.918s][info ][safepoint    ] Application time: 1.0000957 seconds
[2301.918s][info ][safepoint    ] Entering safepoint region: Cleanup
[2301.918s][info ][safepoint    ] Leaving safepoint region
[2301.918s][info ][safepoint    ] Total time for which application threads were stopped: 0.0000851 seconds, Stopping threads took: 0.0000185 seconds
[2302.918s][info ][safepoint    ] Application time: 1.0000867 seconds
[2302.918s][info ][safepoint    ] Entering safepoint region: Cleanup
[2302.918s][info ][safepoint    ] Leaving safepoint region
[2302.918s][info ][safepoint    ] Total time for which application threads were stopped: 0.0000727 seconds, Stopping threads took: 0.0000145 seconds
[2303.918s][info ][safepoint    ] Application time: 1.0000753 seconds
[2303.918s][info ][safepoint    ] Entering safepoint region: Cleanup
[2303.918s][info ][safepoint    ] Leaving safepoint region
[2303.918s][info ][safepoint    ] Total time for which application threads were stopped: 0.0001679 seconds, Stopping threads took: 0.0000987 seconds
[2304.918s][info ][safepoint    ] Application time: 1.0000871 seconds
[2304.918s][info ][safepoint    ] Entering safepoint region: Cleanup
[2304.919s][info ][safepoint    ] Leaving safepoint region
[2304.919s][info ][safepoint    ] Total time for which application threads were stopped: 0.0002155 seconds, Stopping threads took: 0.0001126 seconds
[2305.014s][info ][safepoint    ] Application time: 0.0950529 seconds
[2305.014s][info ][safepoint    ] Entering safepoint region: GenCollectForAllocation
[2305.014s][info ][gc,start     ] GC(597) Pause Young (Allocation Failure)
[2305.014s][info ][gc,task      ] GC(597) Using 4 workers of 4 for evacuation
[2305.018s][debug][gc,ref       ] GC(597) Skipped phase1 of Reference Processing due to unavailable references
[2305.018s][debug][gc,ref       ] GC(597) Skipped phase3 of Reference Processing due to unavailable references
[2305.018s][debug][gc,age       ] GC(597) Desired survivor size 15368192 bytes, new threshold 6 (max threshold 6)
[2305.018s][info ][gc,heap      ] GC(597) ParNew: 247066K->9047K(270336K)
[2305.018s][info ][gc,heap      ] GC(597) CMS: 351913K->351913K(600768K)
[2305.018s][info ][gc,metaspace ] GC(597) Metaspace: 58169K->58169K(1101824K)
[2305.018s][info ][gc           ] GC(597) Pause Young (Allocation Failure) 584M->352M(850M) 4.172ms
[2305.018s][info ][gc,cpu       ] GC(597) User=0.02s Sys=0.00s Real=0.00s
[2305.018s][info ][safepoint    ] Leaving safepoint region
[2305.018s][info ][safepoint    ] Total time for which application threads were stopped: 0.0043208 seconds, Stopping threads took: 0.0000180 seconds
[2306.018s][info ][safepoint    ] Application time: 1.0000994 seconds
[2306.018s][info ][safepoint    ] Entering safepoint region: Cleanup
[2306.018s][info ][safepoint    ] Leaving safepoint region
[2306.018s][info ][safepoint    ] Total time for which application threads were stopped: 0.0001385 seconds, Stopping threads took: 0.0000644 seconds
[2307.018s][info ][safepoint    ] Application time: 1.0000615 seconds
[2307.018s][info ][safepoint    ] Entering safepoint region: Cleanup
[2307.018s][info ][safepoint    ] Leaving safepoint region
[2307.018s][info ][safepoint    ] Total time for which application threads were stopped: 0.0000886 seconds, Stopping threads took: 0.0000147 seconds
[2308.019s][info ][safepoint    ] Application time: 1.0000999 seconds
[2308.019s][info ][safepoint    ] Entering safepoint region: Cleanup
[2308.019s][info ][safepoint    ] Leaving safepoint region
[2308.019s][info ][safepoint    ] Total time for which application threads were stopped: 0.0000983 seconds, Stopping threads took: 0.0000171 seconds
[2309.019s][info ][safepoint    ] Application time: 1.0000794 seconds
[2309.019s][info ][safepoint    ] Entering safepoint region: Cleanup
[2309.019s][info ][safepoint    ] Leaving safepoint region
[2309.019s][info ][safepoint    ] Total time for which application threads were stopped: 0.0000805 seconds, Stopping threads took: 0.0000136 seconds
[2309.359s][info ][safepoint    ] Application time: 0.3405099 seconds
[2309.359s][info ][safepoint    ] Entering safepoint region: GenCollectForAllocation
[2309.360s][info ][gc,start     ] GC(598) Pause Young (Allocation Failure)
[2309.360s][info ][gc,task      ] GC(598) Using 4 workers of 4 for evacuation
[2309.364s][debug][gc,ref       ] GC(598) Skipped phase1 of Reference Processing due to unavailable references
[2309.364s][debug][gc,ref       ] GC(598) Skipped phase3 of Reference Processing due to unavailable references
[2309.364s][debug][gc,ref       ] GC(598) Skipped phase4 of Reference Processing due to unavailable references
[2309.364s][debug][gc,age       ] GC(598) Desired survivor size 15368192 bytes, new threshold 6 (max threshold 6)
[2309.364s][info ][gc,heap      ] GC(598) ParNew: 249367K->8182K(270336K)
[2309.364s][info ][gc,heap      ] GC(598) CMS: 351913K->351913K(600768K)
[2309.364s][info ][gc,metaspace ] GC(598) Metaspace: 58169K->58169K(1101824K)
[2309.364s][info ][gc           ] GC(598) Pause Young (Allocation Failure) 587M->351M(850M) 4.297ms
[2309.364s][info ][gc,cpu       ] GC(598) User=0.02s Sys=0.00s Real=0.00s
[2309.364s][info ][safepoint    ] Leaving safepoint region
[2309.364s][info ][safepoint    ] Total time for which application threads were stopped: 0.0044554 seconds, Stopping threads took: 0.0000169 seconds
[2310.364s][info ][safepoint    ] Application time: 1.0000960 seconds
[2310.364s][info ][safepoint    ] Entering safepoint region: Cleanup
[2310.364s][info ][safepoint    ] Leaving safepoint region
[2310.364s][info ][safepoint    ] Total time for which application threads were stopped: 0.0001479 seconds, Stopping threads took: 0.0000701 seconds
[2311.364s][info ][safepoint    ] Application time: 1.0001056 seconds
[2311.364s][info ][safepoint    ] Entering safepoint region: Cleanup
[2311.364s][info ][safepoint    ] Leaving safepoint region
[2311.364s][info ][safepoint    ] Total time for which application threads were stopped: 0.0001558 seconds, Stopping threads took: 0.0000670 seconds
[2312.156s][info ][safepoint    ] Application time: 0.7915031 seconds
[2312.156s][info ][safepoint    ] Entering safepoint region: RevokeBias
[2312.156s][info ][safepoint    ] Leaving safepoint region
[2312.156s][info ][safepoint    ] Total time for which application threads were stopped: 0.0002292 seconds, Stopping threads took: 0.0000414 seconds
[2312.156s][info ][safepoint    ] Application time: 0.0000561 seconds
[2312.156s][info ][safepoint    ] Entering safepoint region: RevokeBias
[2312.156s][info ][safepoint    ] Leaving safepoint region
[2312.156s][info ][safepoint    ] Total time for which application threads were stopped: 0.0001645 seconds, Stopping threads took: 0.0001258 seconds
[2312.157s][info ][safepoint    ] Application time: 0.0000478 seconds
[2312.157s][info ][safepoint    ] Entering safepoint region: RevokeBias
[2312.157s][info ][safepoint    ] Leaving safepoint region
[2312.157s][info ][safepoint    ] Total time for which application threads were stopped: 0.0001380 seconds, Stopping threads took: 0.0000913 seconds
[2312.157s][info ][safepoint    ] Application time: 0.0000546 seconds
[2312.157s][info ][safepoint    ] Entering safepoint region: RevokeBias
[2312.157s][info ][safepoint    ] Leaving safepoint region
[2312.157s][info ][safepoint    ] Total time for which application threads were stopped: 0.0000585 seconds, Stopping threads took: 0.0000245 seconds
[2312.157s][info ][safepoint    ] Application time: 0.0000449 seconds
[2312.157s][info ][safepoint    ] Entering safepoint region: RevokeBias
[2312.157s][info ][safepoint    ] Leaving safepoint region
[2312.157s][info ][safepoint    ] Total time for which application threads were stopped: 0.0000792 seconds, Stopping threads took: 0.0000406 seconds
[2312.157s][info ][safepoint    ] Application time: 0.0000464 seconds
[2312.157s][info ][safepoint    ] Entering safepoint region: RevokeBias
[2312.157s][info ][safepoint    ] Leaving safepoint region
[2312.157s][info ][safepoint    ] Total time for which application threads were stopped: 0.0000692 seconds, Stopping threads took: 0.0000407 seconds
[2312.157s][info ][safepoint    ] Application time: 0.0000537 seconds
[2312.157s][info ][safepoint    ] Entering safepoint region: RevokeBias
[2312.157s][info ][safepoint    ] Leaving safepoint region
[2312.157s][info ][safepoint    ] Total time for which application threads were stopped: 0.0000669 seconds, Stopping threads took: 0.0000360 seconds
[2312.157s][info ][safepoint    ] Application time: 0.0000613 seconds
[2312.157s][info ][safepoint    ] Entering safepoint region: RevokeBias
[2312.157s][info ][safepoint    ] Leaving safepoint region
[2312.157s][info ][safepoint    ] Total time for which application threads were stopped: 0.0000625 seconds, Stopping threads took: 0.0000252 seconds
[2312.157s][info ][safepoint    ] Application time: 0.0001203 seconds
[2312.158s][info ][safepoint    ] Entering safepoint region: RevokeBias
[2312.158s][info ][safepoint    ] Leaving safepoint region
[2312.158s][info ][safepoint    ] Total time for which application threads were stopped: 0.0001480 seconds, Stopping threads took: 0.0000604 seconds
[2312.158s][info ][safepoint    ] Application time: 0.0000584 seconds
[2312.158s][info ][safepoint    ] Entering safepoint region: RevokeBias
[2312.158s][info ][safepoint    ] Leaving safepoint region
[2312.158s][info ][safepoint    ] Total time for which application threads were stopped: 0.0000630 seconds, Stopping threads took: 0.0000286 seconds
[2312.158s][info ][safepoint    ] Application time: 0.0000566 seconds
[2312.158s][info ][safepoint    ] Entering safepoint region: RevokeBias
[2312.158s][info ][safepoint    ] Leaving safepoint region
[2312.158s][info ][safepoint    ] Total time for which application threads were stopped: 0.0000534 seconds, Stopping threads took: 0.0000217 seconds
[2312.158s][info ][safepoint    ] Application time: 0.0000500 seconds
[2312.158s][info ][safepoint    ] Entering safepoint region: RevokeBias
[2312.158s][info ][safepoint    ] Leaving safepoint region
[2312.158s][info ][safepoint    ] Total time for which application threads were stopped: 0.0000783 seconds, Stopping threads took: 0.0000466 seconds
[2312.158s][info ][safepoint    ] Application time: 0.0000507 seconds
[2312.158s][info ][safepoint    ] Entering safepoint region: RevokeBias
[2312.158s][info ][safepoint    ] Leaving safepoint region
[2312.158s][info ][safepoint    ] Total time for which application threads were stopped: 0.0000470 seconds, Stopping threads took: 0.0000196 seconds
[2312.158s][info ][safepoint    ] Application time: 0.0000608 seconds
[2312.158s][info ][safepoint    ] Entering safepoint region: RevokeBias
[2312.158s][info ][safepoint    ] Leaving safepoint region
[2312.158s][info ][safepoint    ] Total time for which application threads were stopped: 0.0001485 seconds, Stopping threads took: 0.0000501 seconds
[2312.159s][info ][safepoint    ] Application time: 0.0005225 seconds
[2312.159s][info ][safepoint    ] Entering safepoint region: RevokeBias
[2312.159s][info ][safepoint    ] Leaving safepoint region
[2312.159s][info ][safepoint    ] Total time for which application threads were stopped: 0.0001125 seconds, Stopping threads took: 0.0000204 seconds
[2312.159s][info ][safepoint    ] Application time: 0.0000566 seconds
[2312.159s][info ][safepoint    ] Entering safepoint region: RevokeBias
[2312.159s][info ][safepoint    ] Leaving safepoint region
[2312.159s][info ][safepoint    ] Total time for which application threads were stopped: 0.0000879 seconds, Stopping threads took: 0.0000394 seconds
[2312.159s][info ][safepoint    ] Application time: 0.0000518 seconds
[2312.159s][info ][safepoint    ] Entering safepoint region: RevokeBias
[2312.159s][info ][safepoint    ] Leaving safepoint region
[2312.159s][info ][safepoint    ] Total time for which application threads were stopped: 0.0000779 seconds, Stopping threads took: 0.0000314 seconds
[2312.159s][info ][safepoint    ] Application time: 0.0000540 seconds
[2312.159s][info ][safepoint    ] Entering safepoint region: RevokeBias
[2312.159s][info ][safepoint    ] Leaving safepoint region
[2312.159s][info ][safepoint    ] Total time for which application threads were stopped: 0.0000955 seconds, Stopping threads took: 0.0000495 seconds
[2312.159s][info ][safepoint    ] Application time: 0.0000471 seconds
[2312.160s][info ][safepoint    ] Entering safepoint region: RevokeBias
[2312.160s][info ][safepoint    ] Leaving safepoint region
[2312.160s][info ][safepoint    ] Total time for which application threads were stopped: 0.0000860 seconds, Stopping threads took: 0.0000401 seconds
[2312.160s][info ][safepoint    ] Application time: 0.0000559 seconds
[2312.160s][info ][safepoint    ] Entering safepoint region: BulkRevokeBias
[2312.160s][info ][safepoint    ] Leaving safepoint region
[2312.160s][info ][safepoint    ] Total time for which application threads were stopped: 0.0002059 seconds, Stopping threads took: 0.0000363 seconds
[2312.177s][info ][safepoint    ] Application time: 0.0173879 seconds
[2312.177s][info ][safepoint    ] Entering safepoint region: RevokeBias
[2312.178s][info ][safepoint    ] Leaving safepoint region
[2312.178s][info ][safepoint    ] Total time for which application threads were stopped: 0.0003228 seconds, Stopping threads took: 0.0000927 seconds
[2312.178s][info ][safepoint    ] Application time: 0.0000559 seconds
[2312.178s][info ][safepoint    ] Entering safepoint region: RevokeBias
[2312.178s][info ][safepoint    ] Leaving safepoint region
[2312.178s][info ][safepoint    ] Total time for which application threads were stopped: 0.0000876 seconds, Stopping threads took: 0.0000442 seconds
[2312.178s][info ][safepoint    ] Application time: 0.0000525 seconds
[2312.178s][info ][safepoint    ] Entering safepoint region: RevokeBias
[2312.178s][info ][safepoint    ] Leaving safepoint region
[2312.178s][info ][safepoint    ] Total time for which application threads were stopped: 0.0001052 seconds, Stopping threads took: 0.0000613 seconds
[2312.178s][info ][safepoint    ] Application time: 0.0000721 seconds
[2312.178s][info ][safepoint    ] Entering safepoint region: RevokeBias
[2312.178s][info ][safepoint    ] Leaving safepoint region
[2312.178s][info ][safepoint    ] Total time for which application threads were stopped: 0.0000458 seconds, Stopping threads took: 0.0000074 seconds
[2312.178s][info ][safepoint    ] Application time: 0.0001071 seconds
[2312.178s][info ][safepoint    ] Entering safepoint region: RevokeBias
[2312.178s][info ][safepoint    ] Leaving safepoint region
[2312.178s][info ][safepoint    ] Total time for which application threads were stopped: 0.0002838 seconds, Stopping threads took: 0.0002358 seconds
[2312.179s][info ][safepoint    ] Application time: 0.0000852 seconds
[2312.179s][info ][safepoint    ] Entering safepoint region: RevokeBias
[2312.179s][info ][safepoint    ] Leaving safepoint region
[2312.179s][info ][safepoint    ] Total time for which application threads were stopped: 0.0000722 seconds, Stopping threads took: 0.0000383 seconds
[2312.198s][info ][safepoint    ] Application time: 0.0195478 seconds
[2312.198s][info ][safepoint    ] Entering safepoint region: RevokeBias
[2312.198s][info ][safepoint    ] Leaving safepoint region
[2312.198s][info ][safepoint    ] Total time for which application threads were stopped: 0.0002255 seconds, Stopping threads took: 0.0001146 seconds
[2312.542s][info ][safepoint    ] Application time: 0.3436059 seconds
[2312.542s][info ][safepoint    ] Entering safepoint region: GenCollectForAllocation
[2312.542s][info ][gc,start     ] GC(599) Pause Young (Allocation Failure)
[2312.542s][info ][gc,task      ] GC(599) Using 4 workers of 4 for evacuation
[2312.552s][debug][gc,ref       ] GC(599) Skipped phase1 of Reference Processing due to unavailable references
[2312.552s][debug][gc,ref       ] GC(599) Skipped phase3 of Reference Processing due to unavailable references
[2312.552s][debug][gc,age       ] GC(599) Desired survivor size 15368192 bytes, new threshold 1 (max threshold 6)
[2312.552s][info ][gc,heap      ] GC(599) ParNew: 248470K->25818K(270336K)
[2312.552s][info ][gc,heap      ] GC(599) CMS: 351913K->351913K(600768K)
[2312.552s][info ][gc,metaspace ] GC(599) Metaspace: 58308K->58308K(1101824K)
[2312.552s][info ][gc           ] GC(599) Pause Young (Allocation Failure) 586M->368M(850M) 9.739ms
[2312.552s][info ][gc,cpu       ] GC(599) User=0.04s Sys=0.00s Real=0.01s
[2312.552s][info ][safepoint    ] Leaving safepoint region
[2312.552s][info ][safepoint    ] Total time for which application threads were stopped: 0.0099889 seconds, Stopping threads took: 0.0000172 seconds
[2313.552s][info ][safepoint    ] Application time: 1.0001112 seconds
[2313.552s][info ][safepoint    ] Entering safepoint region: Cleanup
[2313.552s][info ][safepoint    ] Leaving safepoint region
[2313.552s][info ][safepoint    ] Total time for which application threads were stopped: 0.0001211 seconds, Stopping threads took: 0.0000309 seconds
[2314.552s][info ][safepoint    ] Application time: 1.0000874 seconds
[2314.553s][info ][safepoint    ] Entering safepoint region: Cleanup
[2314.553s][info ][safepoint    ] Leaving safepoint region
[2314.553s][info ][safepoint    ] Total time for which application threads were stopped: 0.0002421 seconds, Stopping threads took: 0.0001359 seconds
[2315.251s][info ][safepoint    ] Application time: 0.6979789 seconds
[2315.251s][info ][safepoint    ] Entering safepoint region: Deoptimize
[2315.252s][info ][safepoint    ] Leaving safepoint region
[2315.253s][info ][safepoint    ] Total time for which application threads were stopped: 0.0017859 seconds, Stopping threads took: 0.0000586 seconds
[2315.254s][info ][safepoint    ] Application time: 0.0011319 seconds
[2315.254s][info ][safepoint    ] Entering safepoint region: RevokeBias
[2315.254s][info ][safepoint    ] Leaving safepoint region
[2315.254s][info ][safepoint    ] Total time for which application threads were stopped: 0.0002382 seconds, Stopping threads took: 0.0001215 seconds
[2315.254s][info ][safepoint    ] Application time: 0.0000623 seconds
[2315.254s][info ][safepoint    ] Entering safepoint region: RevokeBias
[2315.254s][info ][safepoint    ] Leaving safepoint region
[2315.254s][info ][safepoint    ] Total time for which application threads were stopped: 0.0000918 seconds, Stopping threads took: 0.0000552 seconds
[2315.255s][info ][safepoint    ] Application time: 0.0005872 seconds
[2315.255s][info ][safepoint    ] Entering safepoint region: RevokeBias
[2315.255s][info ][safepoint    ] Leaving safepoint region
[2315.255s][info ][safepoint    ] Total time for which application threads were stopped: 0.0001323 seconds, Stopping threads took: 0.0000758 seconds
[2315.255s][info ][safepoint    ] Application time: 0.0000687 seconds
[2315.255s][info ][safepoint    ] Entering safepoint region: RevokeBias
[2315.255s][info ][safepoint    ] Leaving safepoint region
[2315.255s][info ][safepoint    ] Total time for which application threads were stopped: 0.0000967 seconds, Stopping threads took: 0.0000682 seconds
[2315.255s][info ][safepoint    ] Application time: 0.0004841 seconds
[2315.256s][info ][safepoint    ] Entering safepoint region: RevokeBias
[2315.256s][info ][safepoint    ] Leaving safepoint region
[2315.256s][info ][safepoint    ] Total time for which application threads were stopped: 0.0001022 seconds, Stopping threads took: 0.0000650 seconds
[2315.256s][info ][safepoint    ] Application time: 0.0000532 seconds
[2315.256s][info ][safepoint    ] Entering safepoint region: RevokeBias
[2315.256s][info ][safepoint    ] Leaving safepoint region
[2315.256s][info ][safepoint    ] Total time for which application threads were stopped: 0.0000528 seconds, Stopping threads took: 0.0000262 seconds
[2315.281s][info ][safepoint    ] Application time: 0.0254327 seconds
[2315.281s][info ][safepoint    ] Entering safepoint region: RevokeBias
[2315.281s][info ][safepoint    ] Leaving safepoint region
[2315.281s][info ][safepoint    ] Total time for which application threads were stopped: 0.0001379 seconds, Stopping threads took: 0.0000326 seconds
[2315.281s][info ][safepoint    ] Application time: 0.0000675 seconds
[2315.281s][info ][safepoint    ] Entering safepoint region: RevokeBias
[2315.281s][info ][safepoint    ] Leaving safepoint region
[2315.281s][info ][safepoint    ] Total time for which application threads were stopped: 0.0000902 seconds, Stopping threads took: 0.0000555 seconds
[2315.282s][info ][safepoint    ] Application time: 0.0000992 seconds
[2315.282s][info ][safepoint    ] Entering safepoint region: RevokeBias
[2315.282s][info ][safepoint    ] Leaving safepoint region
[2315.282s][info ][safepoint    ] Total time for which application threads were stopped: 0.0002375 seconds, Stopping threads took: 0.0001060 seconds
[2315.282s][info ][safepoint    ] Application time: 0.0000656 seconds
[2315.282s][info ][safepoint    ] Entering safepoint region: RevokeBias
[2315.282s][info ][safepoint    ] Leaving safepoint region
[2315.282s][info ][safepoint    ] Total time for which application threads were stopped: 0.0002660 seconds, Stopping threads took: 0.0001217 seconds
[2315.282s][info ][safepoint    ] Application time: 0.0000527 seconds
[2315.282s][info ][safepoint    ] Entering safepoint region: RevokeBias
[2315.283s][info ][safepoint    ] Leaving safepoint region
[2315.283s][info ][safepoint    ] Total time for which application threads were stopped: 0.0002314 seconds, Stopping threads took: 0.0001337 seconds
[2315.283s][info ][safepoint    ] Application time: 0.0000759 seconds
[2315.283s][info ][safepoint    ] Entering safepoint region: RevokeBias
[2315.283s][info ][safepoint    ] Leaving safepoint region
[2315.283s][info ][safepoint    ] Total time for which application threads were stopped: 0.0001442 seconds, Stopping threads took: 0.0000414 seconds
[2315.283s][info ][safepoint    ] Application time: 0.0001226 seconds
[2315.283s][info ][safepoint    ] Entering safepoint region: BulkRevokeBias
[2315.283s][info ][safepoint    ] Leaving safepoint region
[2315.283s][info ][safepoint    ] Total time for which application threads were stopped: 0.0005046 seconds, Stopping threads took: 0.0000494 seconds
[2315.344s][info ][safepoint    ] Application time: 0.0605991 seconds
[2315.344s][info ][safepoint    ] Entering safepoint region: Deoptimize
[2315.346s][info ][safepoint    ] Leaving safepoint region
[2315.346s][info ][safepoint    ] Total time for which application threads were stopped: 0.0017023 seconds, Stopping threads took: 0.0000137 seconds
[2315.353s][info ][safepoint    ] Application time: 0.0070818 seconds
[2315.353s][info ][safepoint    ] Entering safepoint region: RevokeBias
[2315.353s][info ][safepoint    ] Leaving safepoint region
[2315.353s][info ][safepoint    ] Total time for which application threads were stopped: 0.0001024 seconds, Stopping threads took: 0.0000126 seconds
[2315.370s][info ][safepoint    ] Application time: 0.0166930 seconds
[2315.370s][info ][safepoint    ] Entering safepoint region: RevokeBias
[2315.370s][info ][safepoint    ] Leaving safepoint region
[2315.370s][info ][safepoint    ] Total time for which application threads were stopped: 0.0001611 seconds, Stopping threads took: 0.0000752 seconds
[2315.381s][info ][safepoint    ] Application time: 0.0111450 seconds
[2315.381s][info ][safepoint    ] Entering safepoint region: Deoptimize
[2315.383s][info ][safepoint    ] Leaving safepoint region
[2315.383s][info ][safepoint    ] Total time for which application threads were stopped: 0.0016934 seconds, Stopping threads took: 0.0000115 seconds
[2315.383s][info ][safepoint    ] Application time: 0.0003803 seconds
[2315.383s][info ][safepoint    ] Entering safepoint region: Deoptimize
[2315.384s][info ][safepoint    ] Leaving safepoint region
[2315.384s][info ][safepoint    ] Total time for which application threads were stopped: 0.0013172 seconds, Stopping threads took: 0.0000078 seconds
[2315.387s][info ][safepoint    ] Application time: 0.0030452 seconds
[2315.388s][info ][safepoint    ] Entering safepoint region: RevokeBias
[2315.388s][info ][safepoint    ] Leaving safepoint region
[2315.388s][info ][safepoint    ] Total time for which application threads were stopped: 0.0001141 seconds, Stopping threads took: 0.0000390 seconds
[2315.434s][info ][safepoint    ] Application time: 0.0465244 seconds
[2315.434s][info ][safepoint    ] Entering safepoint region: Deoptimize
[2315.436s][info ][safepoint    ] Leaving safepoint region
[2315.436s][info ][safepoint    ] Total time for which application threads were stopped: 0.0017805 seconds, Stopping threads took: 0.0000634 seconds
[2315.436s][info ][safepoint    ] Application time: 0.0005597 seconds
[2315.437s][info ][safepoint    ] Entering safepoint region: Deoptimize
[2315.438s][info ][safepoint    ] Leaving safepoint region
[2315.438s][info ][safepoint    ] Total time for which application threads were stopped: 0.0014834 seconds, Stopping threads took: 0.0000680 seconds
[2315.438s][info ][safepoint    ] Application time: 0.0002096 seconds
[2315.438s][info ][safepoint    ] Entering safepoint region: Deoptimize
[2315.439s][info ][safepoint    ] Leaving safepoint region
[2315.439s][info ][safepoint    ] Total time for which application threads were stopped: 0.0008865 seconds, Stopping threads took: 0.0000593 seconds
[2315.439s][info ][safepoint    ] Application time: 0.0002855 seconds
[2315.439s][info ][safepoint    ] Entering safepoint region: Deoptimize
[2315.440s][info ][safepoint    ] Leaving safepoint region
[2315.440s][info ][safepoint    ] Total time for which application threads were stopped: 0.0008115 seconds, Stopping threads took: 0.0000351 seconds
[2316.359s][info ][safepoint    ] Application time: 0.9184922 seconds
[2316.359s][info ][safepoint    ] Entering safepoint region: GenCollectForAllocation
[2316.359s][info ][gc,start     ] GC(600) Pause Young (Allocation Failure)
[2316.359s][info ][gc,task      ] GC(600) Using 4 workers of 4 for evacuation
[2316.378s][debug][gc,ref       ] GC(600) Skipped phase1 of Reference Processing due to unavailable references
[2316.378s][debug][gc,ref       ] GC(600) Skipped phase3 of Reference Processing due to unavailable references
[2316.379s][debug][gc,age       ] GC(600) Desired survivor size 15368192 bytes, new threshold 6 (max threshold 6)
[2316.379s][info ][gc,heap      ] GC(600) ParNew: 266138K->17989K(270336K)
[2316.379s][info ][gc,heap      ] GC(600) CMS: 351913K->371753K(600768K)
[2316.379s][info ][gc,metaspace ] GC(600) Metaspace: 58601K->58601K(1101824K)
[2316.379s][info ][gc           ] GC(600) Pause Young (Allocation Failure) 603M->380M(850M) 19.772ms
[2316.379s][info ][gc,cpu       ] GC(600) User=0.05s Sys=0.02s Real=0.02s
[2316.379s][info ][safepoint    ] Leaving safepoint region
[2316.379s][info ][safepoint    ] Total time for which application threads were stopped: 0.0199793 seconds, Stopping threads took: 0.0000282 seconds
[2317.379s][info ][safepoint    ] Application time: 1.0001084 seconds
[2317.379s][info ][safepoint    ] Entering safepoint region: Cleanup
[2317.379s][info ][safepoint    ] Leaving safepoint region
[2317.379s][info ][safepoint    ] Total time for which application threads were stopped: 0.0000822 seconds, Stopping threads took: 0.0000190 seconds
[2318.379s][info ][safepoint    ] Application time: 1.0001592 seconds
[2318.379s][info ][safepoint    ] Entering safepoint region: Cleanup
[2318.379s][info ][safepoint    ] Leaving safepoint region
[2318.379s][info ][safepoint    ] Total time for which application threads were stopped: 0.0000921 seconds, Stopping threads took: 0.0000166 seconds
[2319.379s][info ][safepoint    ] Application time: 1.0000993 seconds
[2319.379s][info ][safepoint    ] Entering safepoint region: Cleanup
[2319.379s][info ][safepoint    ] Leaving safepoint region
[2319.379s][info ][safepoint    ] Total time for which application threads were stopped: 0.0000857 seconds, Stopping threads took: 0.0000167 seconds
[2320.380s][info ][safepoint    ] Application time: 1.0001034 seconds
[2320.380s][info ][safepoint    ] Entering safepoint region: Cleanup
[2320.380s][info ][safepoint    ] Leaving safepoint region
[2320.380s][info ][safepoint    ] Total time for which application threads were stopped: 0.0000979 seconds, Stopping threads took: 0.0000180 seconds
[2320.658s][info ][safepoint    ] Application time: 0.2785259 seconds
[2320.658s][info ][safepoint    ] Entering safepoint region: GenCollectForAllocation
[2320.658s][info ][gc,start     ] GC(601) Pause Young (Allocation Failure)
[2320.659s][info ][gc,task      ] GC(601) Using 4 workers of 4 for evacuation
[2320.662s][debug][gc,ref       ] GC(601) Skipped phase1 of Reference Processing due to unavailable references
[2320.662s][debug][gc,ref       ] GC(601) Skipped phase3 of Reference Processing due to unavailable references
[2320.662s][debug][gc,ref       ] GC(601) Skipped phase4 of Reference Processing due to unavailable references
[2320.662s][debug][gc,age       ] GC(601) Desired survivor size 15368192 bytes, new threshold 6 (max threshold 6)
[2320.662s][info ][gc,heap      ] GC(601) ParNew: 258309K->9077K(270336K)
[2320.662s][info ][gc,heap      ] GC(601) CMS: 371753K->371753K(600768K)
[2320.662s][info ][gc,metaspace ] GC(601) Metaspace: 58621K->58621K(1101824K)
[2320.662s][info ][gc           ] GC(601) Pause Young (Allocation Failure) 615M->371M(850M) 3.937ms
[2320.662s][info ][gc,cpu       ] GC(601) User=0.01s Sys=0.00s Real=0.00s
[2320.662s][info ][safepoint    ] Leaving safepoint region
[2320.662s][info ][safepoint    ] Total time for which application threads were stopped: 0.0041940 seconds, Stopping threads took: 0.0000708 seconds
[2321.663s][info ][safepoint    ] Application time: 1.0001649 seconds
[2321.663s][info ][safepoint    ] Entering safepoint region: Cleanup
[2321.663s][info ][safepoint    ] Leaving safepoint region
[2321.663s][info ][safepoint    ] Total time for which application threads were stopped: 0.0001382 seconds, Stopping threads took: 0.0000651 seconds
[2322.663s][info ][safepoint    ] Application time: 1.0001392 seconds
[2322.663s][info ][safepoint    ] Entering safepoint region: Cleanup
[2322.663s][info ][safepoint    ] Leaving safepoint region
[2322.663s][info ][safepoint    ] Total time for which application threads were stopped: 0.0001220 seconds, Stopping threads took: 0.0000559 seconds
[2323.663s][info ][safepoint    ] Application time: 1.0001246 seconds
[2323.663s][info ][safepoint    ] Entering safepoint region: Cleanup
[2323.663s][info ][safepoint    ] Leaving safepoint region
[2323.663s][info ][safepoint    ] Total time for which application threads were stopped: 0.0001437 seconds, Stopping threads took: 0.0000623 seconds
[2324.664s][info ][safepoint    ] Application time: 1.0000896 seconds
[2324.664s][info ][safepoint    ] Entering safepoint region: Cleanup
[2324.664s][info ][safepoint    ] Leaving safepoint region
[2324.664s][info ][safepoint    ] Total time for which application threads were stopped: 0.0001475 seconds, Stopping threads took: 0.0000746 seconds
[2324.801s][info ][safepoint    ] Application time: 0.1374987 seconds
[2324.801s][info ][safepoint    ] Entering safepoint region: Deoptimize
[2324.803s][info ][safepoint    ] Leaving safepoint region
[2324.803s][info ][safepoint    ] Total time for which application threads were stopped: 0.0017006 seconds, Stopping threads took: 0.0000318 seconds
[2324.804s][info ][safepoint    ] Application time: 0.0013093 seconds
[2324.804s][info ][safepoint    ] Entering safepoint region: Deoptimize
[2324.806s][info ][safepoint    ] Leaving safepoint region
[2324.806s][info ][safepoint    ] Total time for which application threads were stopped: 0.0017541 seconds, Stopping threads took: 0.0000627 seconds
[2324.806s][info ][safepoint    ] Application time: 0.0002422 seconds
[2324.806s][info ][safepoint    ] Entering safepoint region: Deoptimize
[2324.808s][info ][safepoint    ] Leaving safepoint region
[2324.808s][info ][safepoint    ] Total time for which application threads were stopped: 0.0013674 seconds, Stopping threads took: 0.0000530 seconds
[2324.809s][info ][safepoint    ] Application time: 0.0013780 seconds
[2324.809s][info ][safepoint    ] Entering safepoint region: Deoptimize
[2324.810s][info ][safepoint    ] Leaving safepoint region
[2324.810s][info ][safepoint    ] Total time for which application threads were stopped: 0.0008306 seconds, Stopping threads took: 0.0000646 seconds
[2324.822s][info ][safepoint    ] Application time: 0.0121160 seconds
[2324.822s][info ][safepoint    ] Entering safepoint region: GenCollectForAllocation
[2324.822s][info ][gc,start     ] GC(602) Pause Young (Allocation Failure)
[2324.822s][info ][gc,task      ] GC(602) Using 4 workers of 4 for evacuation
[2324.827s][debug][gc,ref       ] GC(602) Skipped phase1 of Reference Processing due to unavailable references
[2324.827s][debug][gc,ref       ] GC(602) Skipped phase3 of Reference Processing due to unavailable references
[2324.827s][debug][gc,age       ] GC(602) Desired survivor size 15368192 bytes, new threshold 6 (max threshold 6)
[2324.827s][info ][gc,heap      ] GC(602) ParNew: 249351K->9460K(270336K)
[2324.827s][info ][gc,heap      ] GC(602) CMS: 371753K->371753K(600768K)
[2324.827s][info ][gc,metaspace ] GC(602) Metaspace: 58733K->58733K(1101824K)
[2324.827s][info ][gc           ] GC(602) Pause Young (Allocation Failure) 606M->372M(850M) 4.747ms
[2324.827s][info ][gc,cpu       ] GC(602) User=0.02s Sys=0.00s Real=0.01s
[2324.827s][info ][safepoint    ] Leaving safepoint region
[2324.827s][info ][safepoint    ] Total time for which application threads were stopped: 0.0049776 seconds, Stopping threads took: 0.0001068 seconds
[2324.837s][info ][safepoint    ] Application time: 0.0102456 seconds
[2324.837s][info ][safepoint    ] Entering safepoint region: RevokeBias
[2324.837s][info ][safepoint    ] Leaving safepoint region
[2324.837s][info ][safepoint    ] Total time for which application threads were stopped: 0.0001490 seconds, Stopping threads took: 0.0000542 seconds
[2325.838s][info ][safepoint    ] Application time: 1.0000996 seconds
[2325.838s][info ][safepoint    ] Entering safepoint region: Cleanup
[2325.838s][info ][safepoint    ] Leaving safepoint region
[2325.838s][info ][safepoint    ] Total time for which application threads were stopped: 0.0001311 seconds, Stopping threads took: 0.0000166 seconds
[2326.838s][info ][safepoint    ] Application time: 1.0001411 seconds
[2326.838s][info ][safepoint    ] Entering safepoint region: Cleanup
[2326.838s][info ][safepoint    ] Leaving safepoint region
[2326.838s][info ][safepoint    ] Total time for which application threads were stopped: 0.0000838 seconds, Stopping threads took: 0.0000170 seconds
[2327.838s][info ][safepoint    ] Application time: 1.0001045 seconds
[2327.838s][info ][safepoint    ] Entering safepoint region: Cleanup
[2327.838s][info ][safepoint    ] Leaving safepoint region
[2327.838s][info ][safepoint    ] Total time for which application threads were stopped: 0.0000856 seconds, Stopping threads took: 0.0000193 seconds
[2328.759s][info ][safepoint    ] Application time: 0.9204283 seconds
[2328.759s][info ][safepoint    ] Entering safepoint region: GenCollectForAllocation
[2328.759s][info ][gc,start     ] GC(603) Pause Young (Allocation Failure)
[2328.759s][info ][gc,task      ] GC(603) Using 4 workers of 4 for evacuation
[2328.763s][debug][gc,ref       ] GC(603) Skipped phase1 of Reference Processing due to unavailable references
[2328.763s][debug][gc,ref       ] GC(603) Skipped phase3 of Reference Processing due to unavailable references
[2328.763s][debug][gc,age       ] GC(603) Desired survivor size 15368192 bytes, new threshold 6 (max threshold 6)
[2328.764s][info ][gc,heap      ] GC(603) ParNew: 249780K->11303K(270336K)
[2328.764s][info ][gc,heap      ] GC(603) CMS: 371753K->371753K(600768K)
[2328.764s][info ][gc,metaspace ] GC(603) Metaspace: 58765K->58765K(1101824K)
[2328.764s][info ][gc           ] GC(603) Pause Young (Allocation Failure) 606M->374M(850M) 4.807ms
[2328.764s][info ][gc,cpu       ] GC(603) User=0.01s Sys=0.00s Real=0.00s
[2328.764s][info ][safepoint    ] Leaving safepoint region
[2328.764s][info ][safepoint    ] Total time for which application threads were stopped: 0.0049600 seconds, Stopping threads took: 0.0000182 seconds
[2329.764s][info ][safepoint    ] Application time: 1.0001500 seconds
[2329.764s][info ][safepoint    ] Entering safepoint region: Cleanup
[2329.764s][info ][safepoint    ] Leaving safepoint region
[2329.764s][info ][safepoint    ] Total time for which application threads were stopped: 0.0001738 seconds, Stopping threads took: 0.0000566 seconds
[2330.764s][info ][safepoint    ] Application time: 1.0000952 seconds
[2330.764s][info ][safepoint    ] Entering safepoint region: Cleanup
[2330.764s][info ][safepoint    ] Leaving safepoint region
[2330.764s][info ][safepoint    ] Total time for which application threads were stopped: 0.0001647 seconds, Stopping threads took: 0.0000910 seconds
[2331.764s][info ][safepoint    ] Application time: 1.0000948 seconds
[2331.764s][info ][safepoint    ] Entering safepoint region: Cleanup
[2331.765s][info ][safepoint    ] Leaving safepoint region
[2331.765s][info ][safepoint    ] Total time for which application threads were stopped: 0.0001436 seconds, Stopping threads took: 0.0000680 seconds
[2332.765s][info ][safepoint    ] Application time: 1.0000968 seconds
[2332.765s][info ][safepoint    ] Entering safepoint region: Cleanup
[2332.765s][info ][safepoint    ] Leaving safepoint region
[2332.765s][info ][safepoint    ] Total time for which application threads were stopped: 0.0001245 seconds, Stopping threads took: 0.0000642 seconds
[2332.864s][info ][safepoint    ] Application time: 0.0990860 seconds
[2332.864s][info ][safepoint    ] Entering safepoint region: GenCollectForAllocation
[2332.864s][info ][gc,start     ] GC(604) Pause Young (Allocation Failure)
[2332.864s][info ][gc,task      ] GC(604) Using 4 workers of 4 for evacuation
[2332.869s][debug][gc,ref       ] GC(604) Skipped phase1 of Reference Processing due to unavailable references
[2332.869s][debug][gc,ref       ] GC(604) Skipped phase3 of Reference Processing due to unavailable references
[2332.869s][debug][gc,ref       ] GC(604) Skipped phase4 of Reference Processing due to unavailable references
[2332.869s][debug][gc,age       ] GC(604) Desired survivor size 15368192 bytes, new threshold 6 (max threshold 6)
[2332.869s][info ][gc,heap      ] GC(604) ParNew: 251623K->12839K(270336K)
[2332.870s][info ][gc,heap      ] GC(604) CMS: 371753K->371753K(600768K)
[2332.870s][info ][gc,metaspace ] GC(604) Metaspace: 58773K->58773K(1103872K)
[2332.870s][info ][gc           ] GC(604) Pause Young (Allocation Failure) 608M->375M(850M) 5.370ms
[2332.870s][info ][gc,cpu       ] GC(604) User=0.02s Sys=0.00s Real=0.00s
[2332.870s][info ][safepoint    ] Leaving safepoint region
[2332.870s][info ][safepoint    ] Total time for which application threads were stopped: 0.0055362 seconds, Stopping threads took: 0.0000166 seconds
[2333.870s][info ][safepoint    ] Application time: 1.0001789 seconds
[2333.870s][info ][safepoint    ] Entering safepoint region: Cleanup
[2333.870s][info ][safepoint    ] Leaving safepoint region
[2333.870s][info ][safepoint    ] Total time for which application threads were stopped: 0.0000798 seconds, Stopping threads took: 0.0000158 seconds
[2334.870s][info ][safepoint    ] Application time: 1.0000913 seconds
[2334.870s][info ][safepoint    ] Entering safepoint region: Cleanup
[2334.870s][info ][safepoint    ] Leaving safepoint region
[2334.870s][info ][safepoint    ] Total time for which application threads were stopped: 0.0001521 seconds, Stopping threads took: 0.0000669 seconds
[2335.870s][info ][safepoint    ] Application time: 1.0001012 seconds
[2335.870s][info ][safepoint    ] Entering safepoint region: Cleanup
[2335.870s][info ][safepoint    ] Leaving safepoint region
[2335.870s][info ][safepoint    ] Total time for which application threads were stopped: 0.0000948 seconds, Stopping threads took: 0.0000170 seconds
[2336.365s][info ][safepoint    ] Application time: 0.4947264 seconds
[2336.365s][info ][safepoint    ] Entering safepoint region: GenCollectForAllocation
[2336.365s][info ][gc,start     ] GC(605) Pause Young (Allocation Failure)
[2336.365s][info ][gc,task      ] GC(605) Using 4 workers of 4 for evacuation
[2336.372s][debug][gc,ref       ] GC(605) Skipped phase1 of Reference Processing due to unavailable references
[2336.372s][debug][gc,ref       ] GC(605) Skipped phase3 of Reference Processing due to unavailable references
[2336.372s][debug][gc,ref       ] GC(605) Skipped phase4 of Reference Processing due to unavailable references
[2336.372s][debug][gc,age       ] GC(605) Desired survivor size 15368192 bytes, new threshold 6 (max threshold 6)
[2336.372s][info ][gc,heap      ] GC(605) ParNew: 253159K->17011K(270336K)
[2336.372s][info ][gc,heap      ] GC(605) CMS: 371753K->371753K(600768K)
[2336.372s][info ][gc,metaspace ] GC(605) Metaspace: 58781K->58781K(1103872K)
[2336.372s][info ][gc           ] GC(605) Pause Young (Allocation Failure) 610M->379M(850M) 6.568ms
[2336.372s][info ][gc,cpu       ] GC(605) User=0.02s Sys=0.00s Real=0.00s
[2336.372s][info ][safepoint    ] Leaving safepoint region
[2336.372s][info ][safepoint    ] Total time for which application threads were stopped: 0.0067662 seconds, Stopping threads took: 0.0000179 seconds
[2337.372s][info ][safepoint    ] Application time: 1.0001103 seconds
[2337.372s][info ][safepoint    ] Entering safepoint region: Cleanup
[2337.372s][info ][safepoint    ] Leaving safepoint region
[2337.372s][info ][safepoint    ] Total time for which application threads were stopped: 0.0000933 seconds, Stopping threads took: 0.0000155 seconds
[2338.372s][info ][safepoint    ] Application time: 1.0001026 seconds
[2338.372s][info ][safepoint    ] Entering safepoint region: Cleanup
[2338.372s][info ][safepoint    ] Leaving safepoint region
[2338.372s][info ][safepoint    ] Total time for which application threads were stopped: 0.0000822 seconds, Stopping threads took: 0.0000193 seconds
[2339.373s][info ][safepoint    ] Application time: 1.0000966 seconds
[2339.373s][info ][safepoint    ] Entering safepoint region: Cleanup
[2339.373s][info ][safepoint    ] Leaving safepoint region
[2339.373s][info ][safepoint    ] Total time for which application threads were stopped: 0.0001210 seconds, Stopping threads took: 0.0000641 seconds
[2339.818s][info ][safepoint    ] Application time: 0.4457563 seconds
[2339.818s][info ][safepoint    ] Entering safepoint region: GenCollectForAllocation
[2339.819s][info ][gc,start     ] GC(606) Pause Young (Allocation Failure)
[2339.819s][info ][gc,task      ] GC(606) Using 4 workers of 4 for evacuation
[2339.827s][debug][gc,ref       ] GC(606) Skipped phase1 of Reference Processing due to unavailable references
[2339.827s][debug][gc,ref       ] GC(606) Skipped phase3 of Reference Processing due to unavailable references
[2339.827s][debug][gc,ref       ] GC(606) Skipped phase4 of Reference Processing due to unavailable references
[2339.827s][debug][gc,age       ] GC(606) Desired survivor size 15368192 bytes, new threshold 6 (max threshold 6)
[2339.827s][info ][gc,heap      ] GC(606) ParNew: 257331K->11696K(270336K)
[2339.827s][info ][gc,heap      ] GC(606) CMS: 371753K->376997K(600768K)
[2339.827s][info ][gc,metaspace ] GC(606) Metaspace: 58783K->58783K(1103872K)
[2339.827s][info ][gc           ] GC(606) Pause Young (Allocation Failure) 614M->379M(850M) 8.386ms
[2339.827s][info ][gc,cpu       ] GC(606) User=0.04s Sys=0.00s Real=0.01s
[2339.827s][info ][safepoint    ] Leaving safepoint region
[2339.827s][info ][safepoint    ] Total time for which application threads were stopped: 0.0085492 seconds, Stopping threads took: 0.0000132 seconds
[2340.827s][info ][safepoint    ] Application time: 1.0001007 seconds
[2340.827s][info ][safepoint    ] Entering safepoint region: Cleanup
[2340.827s][info ][safepoint    ] Leaving safepoint region
[2340.827s][info ][safepoint    ] Total time for which application threads were stopped: 0.0000989 seconds, Stopping threads took: 0.0000307 seconds
[2341.827s][info ][safepoint    ] Application time: 1.0001019 seconds
[2341.827s][info ][safepoint    ] Entering safepoint region: Cleanup
[2341.827s][info ][safepoint    ] Leaving safepoint region
[2341.827s][info ][safepoint    ] Total time for which application threads were stopped: 0.0000976 seconds, Stopping threads took: 0.0000153 seconds
[2342.828s][info ][safepoint    ] Application time: 1.0000980 seconds
[2342.828s][info ][safepoint    ] Entering safepoint region: Cleanup
[2342.828s][info ][safepoint    ] Leaving safepoint region
[2342.828s][info ][safepoint    ] Total time for which application threads were stopped: 0.0000914 seconds, Stopping threads took: 0.0000153 seconds
[2343.614s][info ][safepoint    ] Application time: 0.7862918 seconds
[2343.614s][info ][safepoint    ] Entering safepoint region: GenCollectForAllocation
[2343.614s][info ][gc,start     ] GC(607) Pause Young (Allocation Failure)
[2343.614s][info ][gc,task      ] GC(607) Using 4 workers of 4 for evacuation
[2343.619s][debug][gc,ref       ] GC(607) Skipped phase1 of Reference Processing due to unavailable references
[2343.619s][debug][gc,ref       ] GC(607) Skipped phase3 of Reference Processing due to unavailable references
[2343.619s][debug][gc,ref       ] GC(607) Skipped phase4 of Reference Processing due to unavailable references
[2343.619s][debug][gc,age       ] GC(607) Desired survivor size 15368192 bytes, new threshold 6 (max threshold 6)
[2343.619s][info ][gc,heap      ] GC(607) ParNew: 252016K->11238K(270336K)
[2343.619s][info ][gc,heap      ] GC(607) CMS: 376997K->377089K(600768K)
[2343.619s][info ][gc,metaspace ] GC(607) Metaspace: 58784K->58784K(1103872K)
[2343.619s][info ][gc           ] GC(607) Pause Young (Allocation Failure) 614M->379M(850M) 5.091ms
[2343.619s][info ][gc,cpu       ] GC(607) User=0.02s Sys=0.00s Real=0.00s
[2343.619s][info ][safepoint    ] Leaving safepoint region
[2343.619s][info ][safepoint    ] Total time for which application threads were stopped: 0.0052465 seconds, Stopping threads took: 0.0000182 seconds
[2344.619s][info ][safepoint    ] Application time: 1.0000740 seconds
[2344.621s][info ][safepoint    ] Entering safepoint region: Cleanup
[2344.621s][info ][safepoint    ] Leaving safepoint region
[2344.621s][info ][safepoint    ] Total time for which application threads were stopped: 0.0015059 seconds, Stopping threads took: 0.0013498 seconds
[2345.621s][info ][safepoint    ] Application time: 1.0001147 seconds
[2345.621s][info ][safepoint    ] Entering safepoint region: Cleanup
[2345.621s][info ][safepoint    ] Leaving safepoint region
[2345.621s][info ][safepoint    ] Total time for which application threads were stopped: 0.0000883 seconds, Stopping threads took: 0.0000196 seconds
[2346.621s][info ][safepoint    ] Application time: 1.0000964 seconds
[2346.621s][info ][safepoint    ] Entering safepoint region: Cleanup
[2346.621s][info ][safepoint    ] Leaving safepoint region
[2346.621s][info ][safepoint    ] Total time for which application threads were stopped: 0.0000713 seconds, Stopping threads took: 0.0000154 seconds
[2347.359s][info ][safepoint    ] Application time: 0.7375556 seconds
[2347.359s][info ][safepoint    ] Entering safepoint region: GenCollectForAllocation
[2347.359s][info ][gc,start     ] GC(608) Pause Young (Allocation Failure)
[2347.359s][info ][gc,task      ] GC(608) Using 4 workers of 4 for evacuation
[2347.365s][debug][gc,ref       ] GC(608) Skipped phase1 of Reference Processing due to unavailable references
[2347.365s][debug][gc,ref       ] GC(608) Skipped phase3 of Reference Processing due to unavailable references
[2347.365s][debug][gc,ref       ] GC(608) Skipped phase4 of Reference Processing due to unavailable references
[2347.365s][debug][gc,age       ] GC(608) Desired survivor size 15368192 bytes, new threshold 6 (max threshold 6)
[2347.365s][info ][gc,heap      ] GC(608) ParNew: 251558K->12391K(270336K)
[2347.365s][info ][gc,heap      ] GC(608) CMS: 377089K->378523K(600768K)
[2347.365s][info ][gc,metaspace ] GC(608) Metaspace: 58791K->58791K(1103872K)
[2347.365s][info ][gc           ] GC(608) Pause Young (Allocation Failure) 613M->381M(850M) 6.133ms
[2347.365s][info ][gc,cpu       ] GC(608) User=0.02s Sys=0.00s Real=0.01s
[2347.365s][info ][safepoint    ] Leaving safepoint region
[2347.365s][info ][safepoint    ] Total time for which application threads were stopped: 0.0062837 seconds, Stopping threads took: 0.0000175 seconds
[2348.365s][info ][safepoint    ] Application time: 1.0001156 seconds
[2348.365s][info ][safepoint    ] Entering safepoint region: Cleanup
[2348.366s][info ][safepoint    ] Leaving safepoint region
[2348.366s][info ][safepoint    ] Total time for which application threads were stopped: 0.0001247 seconds, Stopping threads took: 0.0000590 seconds
[2349.366s][info ][safepoint    ] Application time: 1.0000688 seconds
[2349.366s][info ][safepoint    ] Entering safepoint region: Cleanup
[2349.366s][info ][safepoint    ] Leaving safepoint region
[2349.366s][info ][safepoint    ] Total time for which application threads were stopped: 0.0001984 seconds, Stopping threads took: 0.0000805 seconds
[2350.366s][info ][safepoint    ] Application time: 1.0001069 seconds
[2350.366s][info ][safepoint    ] Entering safepoint region: Cleanup
[2350.366s][info ][safepoint    ] Leaving safepoint region
[2350.366s][info ][safepoint    ] Total time for which application threads were stopped: 0.0002186 seconds, Stopping threads took: 0.0000877 seconds
[2351.315s][info ][safepoint    ] Application time: 0.9484489 seconds
[2351.315s][info ][safepoint    ] Entering safepoint region: GenCollectForAllocation
[2351.315s][info ][gc,start     ] GC(609) Pause Young (Allocation Failure)
[2351.315s][info ][gc,task      ] GC(609) Using 4 workers of 4 for evacuation
[2351.320s][debug][gc,ref       ] GC(609) Skipped phase1 of Reference Processing due to unavailable references
[2351.320s][debug][gc,ref       ] GC(609) Skipped phase3 of Reference Processing due to unavailable references
[2351.320s][debug][gc,ref       ] GC(609) Skipped phase4 of Reference Processing due to unavailable references
[2351.320s][debug][gc,age       ] GC(609) Desired survivor size 15368192 bytes, new threshold 6 (max threshold 6)
[2351.320s][info ][gc,heap      ] GC(609) ParNew: 252711K->9646K(270336K)
[2351.320s][info ][gc,heap      ] GC(609) CMS: 378523K->379693K(600768K)
[2351.320s][info ][gc,metaspace ] GC(609) Metaspace: 58803K->58803K(1103872K)
[2351.320s][info ][gc           ] GC(609) Pause Young (Allocation Failure) 616M->380M(850M) 5.523ms
[2351.320s][info ][gc,cpu       ] GC(609) User=0.02s Sys=0.01s Real=0.00s
[2351.320s][info ][safepoint    ] Leaving safepoint region
[2351.320s][info ][safepoint    ] Total time for which application threads were stopped: 0.0057507 seconds, Stopping threads took: 0.0000157 seconds
[2352.321s][info ][safepoint    ] Application time: 1.0001066 seconds
[2352.321s][info ][safepoint    ] Entering safepoint region: Cleanup
[2352.321s][info ][safepoint    ] Leaving safepoint region
[2352.321s][info ][safepoint    ] Total time for which application threads were stopped: 0.0000775 seconds, Stopping threads took: 0.0000158 seconds
[2353.321s][info ][safepoint    ] Application time: 1.0000562 seconds
[2353.321s][info ][safepoint    ] Entering safepoint region: Cleanup
[2353.321s][info ][safepoint    ] Leaving safepoint region
[2353.321s][info ][safepoint    ] Total time for which application threads were stopped: 0.0000730 seconds, Stopping threads took: 0.0000139 seconds
[2354.321s][info ][safepoint    ] Application time: 1.0000850 seconds
[2354.321s][info ][safepoint    ] Entering safepoint region: Cleanup
[2354.321s][info ][safepoint    ] Leaving safepoint region
[2354.321s][info ][safepoint    ] Total time for which application threads were stopped: 0.0000849 seconds, Stopping threads took: 0.0000298 seconds
[2355.064s][info ][safepoint    ] Application time: 0.7433137 seconds
[2355.064s][info ][safepoint    ] Entering safepoint region: GenCollectForAllocation
[2355.065s][info ][gc,start     ] GC(610) Pause Young (Allocation Failure)
[2355.065s][info ][gc,task      ] GC(610) Using 4 workers of 4 for evacuation
[2355.070s][debug][gc,ref       ] GC(610) Skipped phase1 of Reference Processing due to unavailable references
[2355.070s][debug][gc,ref       ] GC(610) Skipped phase3 of Reference Processing due to unavailable references
[2355.070s][debug][gc,ref       ] GC(610) Skipped phase4 of Reference Processing due to unavailable references
[2355.070s][debug][gc,age       ] GC(610) Desired survivor size 15368192 bytes, new threshold 6 (max threshold 6)
[2355.070s][info ][gc,heap      ] GC(610) ParNew: 249966K->8880K(270336K)
[2355.070s][info ][gc,heap      ] GC(610) CMS: 379693K->380940K(600768K)
[2355.070s][info ][gc,metaspace ] GC(610) Metaspace: 58811K->58811K(1103872K)
[2355.070s][info ][gc           ] GC(610) Pause Young (Allocation Failure) 614M->380M(850M) 5.618ms
[2355.070s][info ][gc,cpu       ] GC(610) User=0.02s Sys=0.00s Real=0.00s
[2355.070s][info ][safepoint    ] Leaving safepoint region
[2355.070s][info ][safepoint    ] Total time for which application threads were stopped: 0.0057909 seconds, Stopping threads took: 0.0000134 seconds
[2356.070s][info ][safepoint    ] Application time: 1.0000829 seconds
[2356.070s][info ][safepoint    ] Entering safepoint region: Cleanup
[2356.070s][info ][safepoint    ] Leaving safepoint region
[2356.070s][info ][safepoint    ] Total time for which application threads were stopped: 0.0000752 seconds, Stopping threads took: 0.0000209 seconds
[2357.071s][info ][safepoint    ] Application time: 1.0000854 seconds
[2357.071s][info ][safepoint    ] Entering safepoint region: Cleanup
[2357.071s][info ][safepoint    ] Leaving safepoint region
[2357.071s][info ][safepoint    ] Total time for which application threads were stopped: 0.0000749 seconds, Stopping threads took: 0.0000146 seconds
[2358.071s][info ][safepoint    ] Application time: 1.0000969 seconds
[2358.071s][info ][safepoint    ] Entering safepoint region: Cleanup
[2358.071s][info ][safepoint    ] Leaving safepoint region
[2358.071s][info ][safepoint    ] Total time for which application threads were stopped: 0.0000873 seconds, Stopping threads took: 0.0000152 seconds
[2359.017s][info ][safepoint    ] Application time: 0.9461363 seconds
[2359.017s][info ][safepoint    ] Entering safepoint region: GenCollectForAllocation
[2359.017s][info ][gc,start     ] GC(611) Pause Young (Allocation Failure)
[2359.017s][info ][gc,task      ] GC(611) Using 4 workers of 4 for evacuation
[2359.023s][debug][gc,ref       ] GC(611) Skipped phase1 of Reference Processing due to unavailable references
[2359.023s][debug][gc,ref       ] GC(611) Skipped phase3 of Reference Processing due to unavailable references
[2359.023s][debug][gc,ref       ] GC(611) Skipped phase4 of Reference Processing due to unavailable references
[2359.023s][debug][gc,age       ] GC(611) Desired survivor size 15368192 bytes, new threshold 6 (max threshold 6)
[2359.023s][info ][gc,heap      ] GC(611) ParNew: 249200K->7637K(270336K)
[2359.023s][info ][gc,heap      ] GC(611) CMS: 380940K->382507K(600768K)
[2359.023s][info ][gc,metaspace ] GC(611) Metaspace: 58813K->58813K(1103872K)
[2359.023s][info ][gc           ] GC(611) Pause Young (Allocation Failure) 615M->381M(850M) 5.942ms
[2359.023s][info ][gc,cpu       ] GC(611) User=0.02s Sys=0.00s Real=0.00s
[2359.023s][info ][safepoint    ] Leaving safepoint region
[2359.023s][info ][safepoint    ] Total time for which application threads were stopped: 0.0061009 seconds, Stopping threads took: 0.0000154 seconds
[2360.023s][info ][safepoint    ] Application time: 1.0001038 seconds
[2360.023s][info ][safepoint    ] Entering safepoint region: Cleanup
[2360.023s][info ][safepoint    ] Leaving safepoint region
[2360.023s][info ][safepoint    ] Total time for which application threads were stopped: 0.0000698 seconds, Stopping threads took: 0.0000151 seconds
[2361.023s][info ][safepoint    ] Application time: 1.0000866 seconds
[2361.023s][info ][safepoint    ] Entering safepoint region: Cleanup
[2361.024s][info ][safepoint    ] Leaving safepoint region
[2361.024s][info ][safepoint    ] Total time for which application threads were stopped: 0.0000708 seconds, Stopping threads took: 0.0000149 seconds
[2362.024s][info ][safepoint    ] Application time: 1.0000965 seconds
[2362.024s][info ][safepoint    ] Entering safepoint region: Cleanup
[2362.024s][info ][safepoint    ] Leaving safepoint region
[2362.024s][info ][safepoint    ] Total time for which application threads were stopped: 0.0000699 seconds, Stopping threads took: 0.0000161 seconds
[2363.024s][info ][safepoint    ] Application time: 1.0000576 seconds
[2363.024s][info ][safepoint    ] Entering safepoint region: Cleanup
[2363.024s][info ][safepoint    ] Leaving safepoint region
[2363.024s][info ][safepoint    ] Total time for which application threads were stopped: 0.0000796 seconds, Stopping threads took: 0.0000156 seconds
[2363.159s][info ][safepoint    ] Application time: 0.1354145 seconds
[2363.159s][info ][safepoint    ] Entering safepoint region: GenCollectForAllocation
[2363.159s][info ][gc,start     ] GC(612) Pause Young (Allocation Failure)
[2363.160s][info ][gc,task      ] GC(612) Using 4 workers of 4 for evacuation
[2363.165s][debug][gc,ref       ] GC(612) Skipped phase1 of Reference Processing due to unavailable references
[2363.165s][debug][gc,ref       ] GC(612) Skipped phase2 of Reference Processing due to unavailable references
[2363.165s][debug][gc,ref       ] GC(612) Skipped phase3 of Reference Processing due to unavailable references
[2363.165s][debug][gc,ref       ] GC(612) Skipped phase4 of Reference Processing due to unavailable references
[2363.165s][debug][gc,age       ] GC(612) Desired survivor size 15368192 bytes, new threshold 6 (max threshold 6)
[2363.165s][info ][gc,heap      ] GC(612) ParNew: 247957K->5091K(270336K)
[2363.165s][info ][gc,heap      ] GC(612) CMS: 382507K->383725K(600768K)
[2363.165s][info ][gc,metaspace ] GC(612) Metaspace: 58814K->58814K(1103872K)
[2363.165s][info ][gc           ] GC(612) Pause Young (Allocation Failure) 615M->379M(850M) 5.328ms
[2363.165s][info ][gc,cpu       ] GC(612) User=0.02s Sys=0.00s Real=0.01s
[2363.165s][info ][safepoint    ] Leaving safepoint region
[2363.165s][info ][safepoint    ] Total time for which application threads were stopped: 0.0054935 seconds, Stopping threads took: 0.0000168 seconds
[2364.165s][info ][safepoint    ] Application time: 1.0000941 seconds
[2364.165s][info ][safepoint    ] Entering safepoint region: Cleanup
[2364.165s][info ][safepoint    ] Leaving safepoint region
[2364.165s][info ][safepoint    ] Total time for which application threads were stopped: 0.0001358 seconds, Stopping threads took: 0.0000675 seconds
[2365.165s][info ][safepoint    ] Application time: 1.0000936 seconds
[2365.165s][info ][safepoint    ] Entering safepoint region: Cleanup
[2365.165s][info ][safepoint    ] Leaving safepoint region
[2365.165s][info ][safepoint    ] Total time for which application threads were stopped: 0.0001469 seconds, Stopping threads took: 0.0000690 seconds
[2366.166s][info ][safepoint    ] Application time: 1.0001045 seconds
[2366.166s][info ][safepoint    ] Entering safepoint region: Cleanup
[2366.166s][info ][safepoint    ] Leaving safepoint region
[2366.166s][info ][safepoint    ] Total time for which application threads were stopped: 0.0000937 seconds, Stopping threads took: 0.0000155 seconds
[2367.166s][info ][safepoint    ] Application time: 1.0000898 seconds
[2367.166s][info ][safepoint    ] Entering safepoint region: Cleanup
[2367.166s][info ][safepoint    ] Leaving safepoint region
[2367.166s][info ][safepoint    ] Total time for which application threads were stopped: 0.0000701 seconds, Stopping threads took: 0.0000149 seconds
[2367.310s][info ][safepoint    ] Application time: 0.1439993 seconds
[2367.310s][info ][safepoint    ] Entering safepoint region: GenCollectForAllocation
[2367.310s][info ][gc,start     ] GC(613) Pause Young (Allocation Failure)
[2367.310s][info ][gc,task      ] GC(613) Using 4 workers of 4 for evacuation
[2367.314s][debug][gc,ref       ] GC(613) Skipped phase1 of Reference Processing due to unavailable references
[2367.314s][debug][gc,ref       ] GC(613) Skipped phase2 of Reference Processing due to unavailable references
[2367.314s][debug][gc,ref       ] GC(613) Skipped phase3 of Reference Processing due to unavailable references
[2367.314s][debug][gc,ref       ] GC(613) Skipped phase4 of Reference Processing due to unavailable references
[2367.314s][debug][gc,age       ] GC(613) Desired survivor size 15368192 bytes, new threshold 6 (max threshold 6)
[2367.314s][info ][gc,heap      ] GC(613) ParNew: 245411K->4963K(270336K)
[2367.314s][info ][gc,heap      ] GC(613) CMS: 383725K->384057K(600768K)
[2367.314s][info ][gc,metaspace ] GC(613) Metaspace: 58815K->58815K(1103872K)
[2367.314s][info ][gc           ] GC(613) Pause Young (Allocation Failure) 614M->379M(850M) 4.170ms
[2367.314s][info ][gc,cpu       ] GC(613) User=0.02s Sys=0.00s Real=0.01s
[2367.314s][info ][safepoint    ] Leaving safepoint region
[2367.314s][info ][safepoint    ] Total time for which application threads were stopped: 0.0043321 seconds, Stopping threads took: 0.0000175 seconds
[2368.314s][info ][safepoint    ] Application time: 1.0001171 seconds
[2368.314s][info ][safepoint    ] Entering safepoint region: Cleanup
[2368.315s][info ][safepoint    ] Leaving safepoint region
[2368.315s][info ][safepoint    ] Total time for which application threads were stopped: 0.0001271 seconds, Stopping threads took: 0.0000499 seconds
[2369.315s][info ][safepoint    ] Application time: 1.0001043 seconds
[2369.315s][info ][safepoint    ] Entering safepoint region: Cleanup
[2369.315s][info ][safepoint    ] Leaving safepoint region
[2369.315s][info ][safepoint    ] Total time for which application threads were stopped: 0.0001418 seconds, Stopping threads took: 0.0000693 seconds
[2370.315s][info ][safepoint    ] Application time: 1.0001127 seconds
[2370.315s][info ][safepoint    ] Entering safepoint region: Cleanup
[2370.315s][info ][safepoint    ] Leaving safepoint region
[2370.315s][info ][safepoint    ] Total time for which application threads were stopped: 0.0001268 seconds, Stopping threads took: 0.0000461 seconds
[2371.115s][info ][safepoint    ] Application time: 0.7997599 seconds
[2371.115s][info ][safepoint    ] Entering safepoint region: GenCollectForAllocation
[2371.115s][info ][gc,start     ] GC(614) Pause Young (Allocation Failure)
[2371.115s][info ][gc,task      ] GC(614) Using 4 workers of 4 for evacuation
[2371.120s][debug][gc,ref       ] GC(614) Skipped phase1 of Reference Processing due to unavailable references
[2371.120s][debug][gc,ref       ] GC(614) Skipped phase2 of Reference Processing due to unavailable references
[2371.120s][debug][gc,ref       ] GC(614) Skipped phase3 of Reference Processing due to unavailable references
[2371.120s][debug][gc,ref       ] GC(614) Skipped phase4 of Reference Processing due to unavailable references
[2371.120s][debug][gc,age       ] GC(614) Desired survivor size 15368192 bytes, new threshold 6 (max threshold 6)
[2371.120s][info ][gc,heap      ] GC(614) ParNew: 245283K->5423K(270336K)
[2371.120s][info ][gc,heap      ] GC(614) CMS: 384057K->385035K(600768K)
[2371.120s][info ][gc,metaspace ] GC(614) Metaspace: 58816K->58816K(1103872K)
[2371.120s][info ][gc           ] GC(614) Pause Young (Allocation Failure) 614M->381M(850M) 5.368ms
[2371.120s][info ][gc,cpu       ] GC(614) User=0.02s Sys=0.00s Real=0.00s
[2371.120s][info ][safepoint    ] Leaving safepoint region
[2371.120s][info ][safepoint    ] Total time for which application threads were stopped: 0.0055239 seconds, Stopping threads took: 0.0000155 seconds
[2372.121s][info ][safepoint    ] Application time: 1.0006509 seconds
[2372.121s][info ][safepoint    ] Entering safepoint region: Cleanup
[2372.121s][info ][safepoint    ] Leaving safepoint region
[2372.121s][info ][safepoint    ] Total time for which application threads were stopped: 0.0000829 seconds, Stopping threads took: 0.0000162 seconds
[2373.121s][info ][safepoint    ] Application time: 1.0001194 seconds
[2373.121s][info ][safepoint    ] Entering safepoint region: Cleanup
[2373.121s][info ][safepoint    ] Leaving safepoint region
[2373.121s][info ][safepoint    ] Total time for which application threads were stopped: 0.0000850 seconds, Stopping threads took: 0.0000157 seconds
[2374.121s][info ][safepoint    ] Application time: 1.0000539 seconds
[2374.122s][info ][safepoint    ] Entering safepoint region: Cleanup
[2374.122s][info ][safepoint    ] Leaving safepoint region
[2374.122s][info ][safepoint    ] Total time for which application threads were stopped: 0.0001249 seconds, Stopping threads took: 0.0000150 seconds
[2374.816s][info ][safepoint    ] Application time: 0.6946143 seconds
[2374.816s][info ][safepoint    ] Entering safepoint region: GenCollectForAllocation
[2374.816s][info ][gc,start     ] GC(615) Pause Young (Allocation Failure)
[2374.816s][info ][gc,task      ] GC(615) Using 4 workers of 4 for evacuation
[2374.821s][debug][gc,ref       ] GC(615) Skipped phase1 of Reference Processing due to unavailable references
[2374.821s][debug][gc,ref       ] GC(615) Skipped phase3 of Reference Processing due to unavailable references
[2374.821s][debug][gc,ref       ] GC(615) Skipped phase4 of Reference Processing due to unavailable references
[2374.821s][debug][gc,age       ] GC(615) Desired survivor size 15368192 bytes, new threshold 6 (max threshold 6)
[2374.821s][info ][gc,heap      ] GC(615) ParNew: 245743K->5720K(270336K)
[2374.821s][info ][gc,heap      ] GC(615) CMS: 385035K->385153K(600768K)
[2374.821s][info ][gc,metaspace ] GC(615) Metaspace: 58829K->58829K(1103872K)
[2374.821s][info ][gc           ] GC(615) Pause Young (Allocation Failure) 615M->381M(850M) 4.482ms
[2374.821s][info ][gc,cpu       ] GC(615) User=0.02s Sys=0.00s Real=0.00s
[2374.821s][info ][safepoint    ] Leaving safepoint region
[2374.821s][info ][safepoint    ] Total time for which application threads were stopped: 0.0046473 seconds, Stopping threads took: 0.0000136 seconds
[2375.821s][info ][safepoint    ] Application time: 1.0000888 seconds
[2375.821s][info ][safepoint    ] Entering safepoint region: Cleanup
[2375.821s][info ][safepoint    ] Leaving safepoint region
[2375.821s][info ][safepoint    ] Total time for which application threads were stopped: 0.0001096 seconds, Stopping threads took: 0.0000316 seconds
[2376.821s][info ][safepoint    ] Application time: 1.0000938 seconds
[2376.821s][info ][safepoint    ] Entering safepoint region: Cleanup
[2376.821s][info ][safepoint    ] Leaving safepoint region
[2376.821s][info ][safepoint    ] Total time for which application threads were stopped: 0.0000687 seconds, Stopping threads took: 0.0000145 seconds
[2377.822s][info ][safepoint    ] Application time: 1.0000956 seconds
[2377.822s][info ][safepoint    ] Entering safepoint region: Cleanup
[2377.822s][info ][safepoint    ] Leaving safepoint region
[2377.822s][info ][safepoint    ] Total time for which application threads were stopped: 0.0001085 seconds, Stopping threads took: 0.0000178 seconds
[2378.561s][info ][safepoint    ] Application time: 0.7389869 seconds
[2378.561s][info ][safepoint    ] Entering safepoint region: GenCollectForAllocation
[2378.561s][info ][gc,start     ] GC(616) Pause Young (Allocation Failure)
[2378.561s][info ][gc,task      ] GC(616) Using 4 workers of 4 for evacuation
[2378.566s][debug][gc,ref       ] GC(616) Skipped phase1 of Reference Processing due to unavailable references
[2378.566s][debug][gc,ref       ] GC(616) Skipped phase3 of Reference Processing due to unavailable references
[2378.566s][debug][gc,ref       ] GC(616) Skipped phase4 of Reference Processing due to unavailable references
[2378.566s][debug][gc,age       ] GC(616) Desired survivor size 15368192 bytes, new threshold 6 (max threshold 6)
[2378.566s][info ][gc,heap      ] GC(616) ParNew: 246040K->6191K(270336K)
[2378.566s][info ][gc,heap      ] GC(616) CMS: 385153K->386217K(600768K)
[2378.566s][info ][gc,metaspace ] GC(616) Metaspace: 58832K->58832K(1103872K)
[2378.566s][info ][gc           ] GC(616) Pause Young (Allocation Failure) 616M->383M(850M) 5.704ms
[2378.567s][info ][gc,cpu       ] GC(616) User=0.02s Sys=0.00s Real=0.01s
[2378.567s][info ][safepoint    ] Leaving safepoint region
[2378.567s][info ][safepoint    ] Total time for which application threads were stopped: 0.0058633 seconds, Stopping threads took: 0.0000151 seconds
[2379.567s][info ][safepoint    ] Application time: 1.0000984 seconds
[2379.567s][info ][safepoint    ] Entering safepoint region: Cleanup
[2379.567s][info ][safepoint    ] Leaving safepoint region
[2379.567s][info ][safepoint    ] Total time for which application threads were stopped: 0.0001991 seconds, Stopping threads took: 0.0000922 seconds
[2380.567s][info ][safepoint    ] Application time: 1.0000966 seconds
[2380.567s][info ][safepoint    ] Entering safepoint region: Cleanup
[2380.567s][info ][safepoint    ] Leaving safepoint region
[2380.567s][info ][safepoint    ] Total time for which application threads were stopped: 0.0001905 seconds, Stopping threads took: 0.0000717 seconds
[2381.567s][info ][safepoint    ] Application time: 1.0001063 seconds
[2381.567s][info ][safepoint    ] Entering safepoint region: Cleanup
[2381.567s][info ][safepoint    ] Leaving safepoint region
[2381.567s][info ][safepoint    ] Total time for which application threads were stopped: 0.0000755 seconds, Stopping threads took: 0.0000166 seconds
[2381.711s][info ][safepoint    ] Application time: 0.1433107 seconds
[2381.711s][info ][safepoint    ] Entering safepoint region: GenCollectForAllocation
[2381.711s][info ][gc,start     ] GC(617) Pause Young (Allocation Failure)
[2381.711s][info ][gc,task      ] GC(617) Using 4 workers of 4 for evacuation
[2381.715s][debug][gc,ref       ] GC(617) Skipped phase1 of Reference Processing due to unavailable references
[2381.715s][debug][gc,ref       ] GC(617) Skipped phase3 of Reference Processing due to unavailable references
[2381.715s][debug][gc,ref       ] GC(617) Skipped phase4 of Reference Processing due to unavailable references
[2381.715s][debug][gc,age       ] GC(617) Desired survivor size 15368192 bytes, new threshold 6 (max threshold 6)
[2381.715s][info ][gc,heap      ] GC(617) ParNew: 246511K->8822K(270336K)
[2381.715s][info ][gc,heap      ] GC(617) CMS: 386217K->386261K(600768K)
[2381.715s][info ][gc,metaspace ] GC(617) Metaspace: 58854K->58854K(1103872K)
[2381.715s][info ][gc           ] GC(617) Pause Young (Allocation Failure) 617M->385M(850M) 4.440ms
[2381.715s][info ][gc,cpu       ] GC(617) User=0.02s Sys=0.00s Real=0.01s
[2381.715s][info ][safepoint    ] Leaving safepoint region
[2381.715s][info ][safepoint    ] Total time for which application threads were stopped: 0.0045862 seconds, Stopping threads took: 0.0000150 seconds
[2382.715s][info ][safepoint    ] Application time: 1.0000581 seconds
[2382.716s][info ][safepoint    ] Entering safepoint region: Cleanup
[2382.716s][info ][safepoint    ] Leaving safepoint region
[2382.716s][info ][safepoint    ] Total time for which application threads were stopped: 0.0002070 seconds, Stopping threads took: 0.0001406 seconds
[2383.716s][info ][safepoint    ] Application time: 1.0000856 seconds
[2383.716s][info ][safepoint    ] Entering safepoint region: Cleanup
[2383.716s][info ][safepoint    ] Leaving safepoint region
[2383.716s][info ][safepoint    ] Total time for which application threads were stopped: 0.0001359 seconds, Stopping threads took: 0.0000681 seconds
[2384.716s][info ][safepoint    ] Application time: 1.0001052 seconds
[2384.716s][info ][safepoint    ] Entering safepoint region: Cleanup
[2384.716s][info ][safepoint    ] Leaving safepoint region
[2384.716s][info ][safepoint    ] Total time for which application threads were stopped: 0.0001616 seconds, Stopping threads took: 0.0000770 seconds
[2385.466s][info ][safepoint    ] Application time: 0.7497756 seconds
[2385.466s][info ][safepoint    ] Entering safepoint region: GenCollectForAllocation
[2385.466s][info ][gc,start     ] GC(618) Pause Young (Allocation Failure)
[2385.466s][info ][gc,task      ] GC(618) Using 4 workers of 4 for evacuation
[2385.470s][debug][gc,ref       ] GC(618) Skipped phase1 of Reference Processing due to unavailable references
[2385.470s][debug][gc,ref       ] GC(618) Skipped phase3 of Reference Processing due to unavailable references
[2385.470s][debug][gc,ref       ] GC(618) Skipped phase4 of Reference Processing due to unavailable references
[2385.470s][debug][gc,age       ] GC(618) Desired survivor size 15368192 bytes, new threshold 6 (max threshold 6)
[2385.471s][info ][gc,heap      ] GC(618) ParNew: 249142K->8772K(270336K)
[2385.471s][info ][gc,heap      ] GC(618) CMS: 386261K->386327K(600768K)
[2385.471s][info ][gc,metaspace ] GC(618) Metaspace: 58855K->58855K(1103872K)
[2385.471s][info ][gc           ] GC(618) Pause Young (Allocation Failure) 620M->385M(850M) 4.376ms
[2385.471s][info ][gc,cpu       ] GC(618) User=0.02s Sys=0.00s Real=0.00s
[2385.471s][info ][safepoint    ] Leaving safepoint region
[2385.471s][info ][safepoint    ] Total time for which application threads were stopped: 0.0045462 seconds, Stopping threads took: 0.0000278 seconds
[2386.358s][info ][safepoint    ] Application time: 0.8874790 seconds
[2386.358s][info ][safepoint    ] Entering safepoint region: Deoptimize
[2386.360s][info ][safepoint    ] Leaving safepoint region
[2386.360s][info ][safepoint    ] Total time for which application threads were stopped: 0.0018748 seconds, Stopping threads took: 0.0000146 seconds
[2387.360s][info ][safepoint    ] Application time: 1.0000760 seconds
[2387.360s][info ][safepoint    ] Entering safepoint region: Cleanup
[2387.360s][info ][safepoint    ] Leaving safepoint region
[2387.360s][info ][safepoint    ] Total time for which application threads were stopped: 0.0001957 seconds, Stopping threads took: 0.0000927 seconds
[2388.130s][info ][safepoint    ] Application time: 0.7700350 seconds
[2388.130s][info ][safepoint    ] Entering safepoint region: GenCollectForAllocation
[2388.130s][info ][gc,start     ] GC(619) Pause Young (Allocation Failure)
[2388.130s][info ][gc,task      ] GC(619) Using 4 workers of 4 for evacuation
[2388.136s][debug][gc,ref       ] GC(619) Skipped phase1 of Reference Processing due to unavailable references
[2388.136s][debug][gc,ref       ] GC(619) Skipped phase3 of Reference Processing due to unavailable references
[2388.137s][debug][gc,age       ] GC(619) Desired survivor size 15368192 bytes, new threshold 6 (max threshold 6)
[2388.137s][info ][gc,heap      ] GC(619) ParNew: 249092K->13907K(270336K)
[2388.137s][info ][gc,heap      ] GC(619) CMS: 386327K->386604K(600768K)
[2388.137s][info ][gc,metaspace ] GC(619) Metaspace: 58921K->58921K(1103872K)
[2388.137s][info ][gc           ] GC(619) Pause Young (Allocation Failure) 620M->391M(850M) 6.143ms
[2388.137s][info ][gc,cpu       ] GC(619) User=0.01s Sys=0.00s Real=0.01s
[2388.137s][info ][safepoint    ] Leaving safepoint region
[2388.137s][info ][safepoint    ] Total time for which application threads were stopped: 0.0063035 seconds, Stopping threads took: 0.0000142 seconds
[2389.137s][info ][safepoint    ] Application time: 1.0000920 seconds
[2389.137s][info ][safepoint    ] Entering safepoint region: Cleanup
[2389.137s][info ][safepoint    ] Leaving safepoint region
[2389.137s][info ][safepoint    ] Total time for which application threads were stopped: 0.0000892 seconds, Stopping threads took: 0.0000186 seconds
[2390.137s][info ][safepoint    ] Application time: 1.0000867 seconds
[2390.137s][info ][safepoint    ] Entering safepoint region: Cleanup
[2390.137s][info ][safepoint    ] Leaving safepoint region
[2390.137s][info ][safepoint    ] Total time for which application threads were stopped: 0.0000824 seconds, Stopping threads took: 0.0000185 seconds
[2390.866s][info ][safepoint    ] Application time: 0.7285903 seconds
[2390.866s][info ][safepoint    ] Entering safepoint region: GenCollectForAllocation
[2390.866s][info ][gc,start     ] GC(620) Pause Young (Allocation Failure)
[2390.866s][info ][gc,task      ] GC(620) Using 4 workers of 4 for evacuation
[2390.872s][debug][gc,ref       ] GC(620) Skipped phase1 of Reference Processing due to unavailable references
[2390.872s][debug][gc,ref       ] GC(620) Skipped phase3 of Reference Processing due to unavailable references
[2390.872s][debug][gc,age       ] GC(620) Desired survivor size 15368192 bytes, new threshold 6 (max threshold 6)
[2390.872s][info ][gc,heap      ] GC(620) ParNew: 254227K->12570K(270336K)
[2390.872s][info ][gc,heap      ] GC(620) CMS: 386604K->387166K(600768K)
[2390.872s][info ][gc,metaspace ] GC(620) Metaspace: 58955K->58955K(1103872K)
[2390.872s][info ][gc           ] GC(620) Pause Young (Allocation Failure) 625M->390M(850M) 6.518ms
[2390.872s][info ][gc,cpu       ] GC(620) User=0.02s Sys=0.00s Real=0.01s
[2390.872s][info ][safepoint    ] Leaving safepoint region
[2390.872s][info ][safepoint    ] Total time for which application threads were stopped: 0.0067534 seconds, Stopping threads took: 0.0000142 seconds
[2391.873s][info ][safepoint    ] Application time: 1.0001007 seconds
[2391.873s][info ][safepoint    ] Entering safepoint region: Cleanup
[2391.873s][info ][safepoint    ] Leaving safepoint region
[2391.873s][info ][safepoint    ] Total time for which application threads were stopped: 0.0000909 seconds, Stopping threads took: 0.0000149 seconds
[2392.873s][info ][safepoint    ] Application time: 1.0000904 seconds
[2392.873s][info ][safepoint    ] Entering safepoint region: Cleanup
[2392.873s][info ][safepoint    ] Leaving safepoint region
[2392.873s][info ][safepoint    ] Total time for which application threads were stopped: 0.0000797 seconds, Stopping threads took: 0.0000179 seconds
[2393.873s][info ][safepoint    ] Application time: 1.0000956 seconds
[2393.873s][info ][safepoint    ] Entering safepoint region: Cleanup
[2393.873s][info ][safepoint    ] Leaving safepoint region
[2393.873s][info ][safepoint    ] Total time for which application threads were stopped: 0.0000839 seconds, Stopping threads took: 0.0000158 seconds
[2394.316s][info ][safepoint    ] Application time: 0.4429204 seconds
[2394.316s][info ][safepoint    ] Entering safepoint region: GenCollectForAllocation
[2394.316s][info ][gc,start     ] GC(621) Pause Young (Allocation Failure)
[2394.316s][info ][gc,task      ] GC(621) Using 4 workers of 4 for evacuation
[2394.323s][debug][gc,ref       ] GC(621) Skipped phase1 of Reference Processing due to unavailable references
[2394.323s][debug][gc,ref       ] GC(621) Skipped phase3 of Reference Processing due to unavailable references
[2394.323s][debug][gc,ref       ] GC(621) Skipped phase4 of Reference Processing due to unavailable references
[2394.323s][debug][gc,age       ] GC(621) Desired survivor size 15368192 bytes, new threshold 6 (max threshold 6)
[2394.323s][info ][gc,heap      ] GC(621) ParNew: 252890K->12045K(270336K)
[2394.323s][info ][gc,heap      ] GC(621) CMS: 387166K->389150K(600768K)
[2394.323s][info ][gc,metaspace ] GC(621) Metaspace: 58971K->58971K(1103872K)
[2394.323s][info ][gc           ] GC(621) Pause Young (Allocation Failure) 625M->391M(850M) 6.792ms
[2394.323s][info ][gc,cpu       ] GC(621) User=0.02s Sys=0.00s Real=0.00s
[2394.323s][info ][safepoint    ] Leaving safepoint region
[2394.323s][info ][safepoint    ] Total time for which application threads were stopped: 0.0069778 seconds, Stopping threads took: 0.0000359 seconds
[2394.920s][info ][safepoint    ] Application time: 0.5968153 seconds
[2394.920s][info ][safepoint    ] Entering safepoint region: Deoptimize
[2394.922s][info ][safepoint    ] Leaving safepoint region
[2394.922s][info ][safepoint    ] Total time for which application threads were stopped: 0.0018894 seconds, Stopping threads took: 0.0001640 seconds
[2394.922s][info ][safepoint    ] Application time: 0.0006469 seconds
[2394.923s][info ][safepoint    ] Entering safepoint region: Deoptimize
[2394.924s][info ][safepoint    ] Leaving safepoint region
[2394.924s][info ][safepoint    ] Total time for which application threads were stopped: 0.0015651 seconds, Stopping threads took: 0.0000267 seconds
[2395.924s][info ][safepoint    ] Application time: 1.0001295 seconds
[2395.924s][info ][safepoint    ] Entering safepoint region: Cleanup
[2395.924s][info ][safepoint    ] Leaving safepoint region
[2395.924s][info ][safepoint    ] Total time for which application threads were stopped: 0.0001040 seconds, Stopping threads took: 0.0000168 seconds
[2396.924s][info ][safepoint    ] Application time: 1.0000945 seconds
[2396.925s][info ][safepoint    ] Entering safepoint region: Cleanup
[2396.925s][info ][safepoint    ] Leaving safepoint region
[2396.925s][info ][safepoint    ] Total time for which application threads were stopped: 0.0000984 seconds, Stopping threads took: 0.0000165 seconds
[2397.516s][info ][safepoint    ] Application time: 0.5913488 seconds
[2397.516s][info ][safepoint    ] Entering safepoint region: GenCollectForAllocation
[2397.516s][info ][gc,start     ] GC(622) Pause Young (Allocation Failure)
[2397.516s][info ][gc,task      ] GC(622) Using 4 workers of 4 for evacuation
[2397.523s][debug][gc,ref       ] GC(622) Skipped phase1 of Reference Processing due to unavailable references
[2397.523s][debug][gc,ref       ] GC(622) Skipped phase3 of Reference Processing due to unavailable references
[2397.523s][debug][gc,age       ] GC(622) Desired survivor size 15368192 bytes, new threshold 6 (max threshold 6)
[2397.523s][info ][gc,heap      ] GC(622) ParNew: 252365K->12904K(270336K)
[2397.523s][info ][gc,heap      ] GC(622) CMS: 389150K->390631K(600768K)
[2397.523s][info ][gc,metaspace ] GC(622) Metaspace: 59020K->59020K(1103872K)
[2397.523s][info ][gc           ] GC(622) Pause Young (Allocation Failure) 626M->394M(850M) 7.078ms
[2397.523s][info ][gc,cpu       ] GC(622) User=0.03s Sys=0.00s Real=0.00s
[2397.523s][info ][safepoint    ] Leaving safepoint region
[2397.523s][info ][safepoint    ] Total time for which application threads were stopped: 0.0072636 seconds, Stopping threads took: 0.0000140 seconds
[2398.500s][info ][safepoint    ] Application time: 0.9763943 seconds
[2398.500s][info ][safepoint    ] Entering safepoint region: RevokeBias
[2398.500s][info ][safepoint    ] Leaving safepoint region
[2398.500s][info ][safepoint    ] Total time for which application threads were stopped: 0.0002603 seconds, Stopping threads took: 0.0001306 seconds
[2399.500s][info ][safepoint    ] Application time: 1.0001838 seconds
[2399.500s][info ][safepoint    ] Entering safepoint region: Cleanup
[2399.500s][info ][safepoint    ] Leaving safepoint region
[2399.500s][info ][safepoint    ] Total time for which application threads were stopped: 0.0001591 seconds, Stopping threads took: 0.0000172 seconds
[2399.517s][info ][safepoint    ] Application time: 0.0164788 seconds
[2399.517s][info ][safepoint    ] Entering safepoint region: GenCollectForAllocation
[2399.517s][info ][gc,start     ] GC(623) Pause Young (Allocation Failure)
[2399.517s][info ][gc,task      ] GC(623) Using 4 workers of 4 for evacuation
[2399.524s][debug][gc,ref       ] GC(623) Skipped phase1 of Reference Processing due to unavailable references
[2399.524s][debug][gc,ref       ] GC(623) Skipped phase3 of Reference Processing due to unavailable references
[2399.524s][debug][gc,age       ] GC(623) Desired survivor size 15368192 bytes, new threshold 6 (max threshold 6)
[2399.524s][info ][gc,heap      ] GC(623) ParNew: 253224K->16735K(270336K)
[2399.524s][info ][gc,heap      ] GC(623) CMS: 390631K->391677K(600768K)
[2399.524s][info ][gc,metaspace ] GC(623) Metaspace: 59161K->59161K(1103872K)
[2399.524s][info ][gc           ] GC(623) Pause Young (Allocation Failure) 628M->398M(850M) 6.857ms
[2399.524s][info ][gc,cpu       ] GC(623) User=0.03s Sys=0.00s Real=0.00s
[2399.524s][info ][safepoint    ] Leaving safepoint region
[2399.524s][info ][safepoint    ] Total time for which application threads were stopped: 0.0070030 seconds, Stopping threads took: 0.0000150 seconds
[2400.524s][info ][safepoint    ] Application time: 1.0000859 seconds
[2400.524s][info ][safepoint    ] Entering safepoint region: Cleanup
[2400.524s][info ][safepoint    ] Leaving safepoint region
[2400.524s][info ][safepoint    ] Total time for which application threads were stopped: 0.0000709 seconds, Stopping threads took: 0.0000152 seconds
[2401.524s][info ][safepoint    ] Application time: 1.0000883 seconds
[2401.524s][info ][safepoint    ] Entering safepoint region: Cleanup
[2401.524s][info ][safepoint    ] Leaving safepoint region
[2401.524s][info ][safepoint    ] Total time for which application threads were stopped: 0.0000967 seconds, Stopping threads took: 0.0000196 seconds
[2402.524s][info ][safepoint    ] Application time: 1.0001605 seconds
[2402.524s][info ][safepoint    ] Entering safepoint region: Cleanup
[2402.525s][info ][safepoint    ] Leaving safepoint region
[2402.525s][info ][safepoint    ] Total time for which application threads were stopped: 0.0000853 seconds, Stopping threads took: 0.0000163 seconds
[2402.769s][info ][safepoint    ] Application time: 0.2443836 seconds
[2402.769s][info ][safepoint    ] Entering safepoint region: GenCollectForAllocation
[2402.769s][info ][gc,start     ] GC(624) Pause Young (Allocation Failure)
[2402.769s][info ][gc,task      ] GC(624) Using 4 workers of 4 for evacuation
[2402.776s][debug][gc,ref       ] GC(624) Skipped phase1 of Reference Processing due to unavailable references
[2402.776s][debug][gc,ref       ] GC(624) Skipped phase3 of Reference Processing due to unavailable references
[2402.776s][debug][gc,ref       ] GC(624) Skipped phase4 of Reference Processing due to unavailable references
[2402.776s][debug][gc,age       ] GC(624) Desired survivor size 15368192 bytes, new threshold 6 (max threshold 6)
[2402.776s][info ][gc,heap      ] GC(624) ParNew: 257055K->18269K(270336K)
[2402.776s][info ][gc,heap      ] GC(624) CMS: 391677K->391770K(600768K)
[2402.776s][info ][gc,metaspace ] GC(624) Metaspace: 59168K->59168K(1103872K)
[2402.776s][info ][gc           ] GC(624) Pause Young (Allocation Failure) 633M->400M(850M) 6.950ms
[2402.776s][info ][gc,cpu       ] GC(624) User=0.03s Sys=0.00s Real=0.01s
[2402.776s][info ][safepoint    ] Leaving safepoint region
[2402.776s][info ][safepoint    ] Total time for which application threads were stopped: 0.0071000 seconds, Stopping threads took: 0.0000140 seconds
[2403.776s][info ][safepoint    ] Application time: 1.0001095 seconds
[2403.776s][info ][safepoint    ] Entering safepoint region: Cleanup
[2403.776s][info ][safepoint    ] Leaving safepoint region
[2403.776s][info ][safepoint    ] Total time for which application threads were stopped: 0.0001325 seconds, Stopping threads took: 0.0000475 seconds
[2404.776s][info ][safepoint    ] Application time: 1.0000902 seconds
[2404.776s][info ][safepoint    ] Entering safepoint region: Cleanup
[2404.777s][info ][safepoint    ] Leaving safepoint region
[2404.777s][info ][safepoint    ] Total time for which application threads were stopped: 0.0000835 seconds, Stopping threads took: 0.0000176 seconds
[2404.867s][info ][safepoint    ] Application time: 0.0905013 seconds
[2404.867s][info ][safepoint    ] Entering safepoint region: Deoptimize
[2404.869s][info ][safepoint    ] Leaving safepoint region
[2404.869s][info ][safepoint    ] Total time for which application threads were stopped: 0.0018912 seconds, Stopping threads took: 0.0000148 seconds
[2404.869s][info ][safepoint    ] Application time: 0.0003708 seconds
[2404.869s][info ][safepoint    ] Entering safepoint region: Deoptimize
[2404.871s][info ][safepoint    ] Leaving safepoint region
[2404.871s][info ][safepoint    ] Total time for which application threads were stopped: 0.0015241 seconds, Stopping threads took: 0.0000090 seconds
[2405.871s][info ][safepoint    ] Application time: 1.0000972 seconds
[2405.871s][info ][safepoint    ] Entering safepoint region: Cleanup
[2405.871s][info ][safepoint    ] Leaving safepoint region
[2405.871s][info ][safepoint    ] Total time for which application threads were stopped: 0.0001108 seconds, Stopping threads took: 0.0000190 seconds
[2406.362s][info ][safepoint    ] Application time: 0.4904433 seconds
[2406.362s][info ][safepoint    ] Entering safepoint region: GenCollectForAllocation
[2406.362s][info ][gc,start     ] GC(625) Pause Young (Allocation Failure)
[2406.362s][info ][gc,task      ] GC(625) Using 4 workers of 4 for evacuation
[2406.369s][debug][gc,ref       ] GC(625) Skipped phase1 of Reference Processing due to unavailable references
[2406.370s][debug][gc,ref       ] GC(625) Skipped phase3 of Reference Processing due to unavailable references
[2406.370s][debug][gc,age       ] GC(625) Desired survivor size 15368192 bytes, new threshold 6 (max threshold 6)
[2406.370s][info ][gc,heap      ] GC(625) ParNew: 258589K->12401K(270336K)
[2406.370s][info ][gc,heap      ] GC(625) CMS: 391770K->394610K(600768K)
[2406.370s][info ][gc,metaspace ] GC(625) Metaspace: 59224K->59224K(1103872K)
[2406.370s][info ][gc           ] GC(625) Pause Young (Allocation Failure) 635M->397M(850M) 7.925ms
[2406.370s][info ][gc,cpu       ] GC(625) User=0.03s Sys=0.00s Real=0.01s
[2406.370s][info ][safepoint    ] Leaving safepoint region
[2406.370s][info ][safepoint    ] Total time for which application threads were stopped: 0.0081094 seconds, Stopping threads took: 0.0000299 seconds
[2407.370s][info ][safepoint    ] Application time: 1.0001762 seconds
[2407.370s][info ][safepoint    ] Entering safepoint region: Cleanup
[2407.370s][info ][safepoint    ] Leaving safepoint region
[2407.370s][info ][safepoint    ] Total time for which application threads were stopped: 0.0000947 seconds, Stopping threads took: 0.0000161 seconds
[2408.370s][info ][safepoint    ] Application time: 1.0001054 seconds
[2408.370s][info ][safepoint    ] Entering safepoint region: Cleanup
[2408.370s][info ][safepoint    ] Leaving safepoint region
[2408.370s][info ][safepoint    ] Total time for which application threads were stopped: 0.0000971 seconds, Stopping threads took: 0.0000293 seconds
[2409.370s][info ][safepoint    ] Application time: 1.0000911 seconds
[2409.370s][info ][safepoint    ] Entering safepoint region: Cleanup
[2409.371s][info ][safepoint    ] Leaving safepoint region
[2409.371s][info ][safepoint    ] Total time for which application threads were stopped: 0.0000773 seconds, Stopping threads took: 0.0000139 seconds
[2409.962s][info ][safepoint    ] Application time: 0.5914110 seconds
[2409.962s][info ][safepoint    ] Entering safepoint region: GenCollectForAllocation
[2409.962s][info ][gc,start     ] GC(626) Pause Young (Allocation Failure)
[2409.962s][info ][gc,task      ] GC(626) Using 4 workers of 4 for evacuation
[2409.968s][debug][gc,ref       ] GC(626) Skipped phase1 of Reference Processing due to unavailable references
[2409.968s][debug][gc,ref       ] GC(626) Skipped phase3 of Reference Processing due to unavailable references
[2409.968s][debug][gc,ref       ] GC(626) Skipped phase4 of Reference Processing due to unavailable references
[2409.969s][debug][gc,age       ] GC(626) Desired survivor size 15368192 bytes, new threshold 6 (max threshold 6)
[2409.969s][info ][gc,heap      ] GC(626) ParNew: 252721K->10839K(270336K)
[2409.969s][info ][gc,heap      ] GC(626) CMS: 394610K->396222K(600768K)
[2409.969s][info ][gc,metaspace ] GC(626) Metaspace: 59240K->59240K(1103872K)
[2409.969s][info ][gc           ] GC(626) Pause Young (Allocation Failure) 632M->397M(850M) 6.479ms
[2409.969s][info ][gc,cpu       ] GC(626) User=0.02s Sys=0.00s Real=0.01s
[2409.969s][info ][safepoint    ] Leaving safepoint region
[2409.969s][info ][safepoint    ] Total time for which application threads were stopped: 0.0066479 seconds, Stopping threads took: 0.0000286 seconds
[2410.969s][info ][safepoint    ] Application time: 1.0001028 seconds
[2410.969s][info ][safepoint    ] Entering safepoint region: Cleanup
[2410.969s][info ][safepoint    ] Leaving safepoint region
[2410.969s][info ][safepoint    ] Total time for which application threads were stopped: 0.0000867 seconds, Stopping threads took: 0.0000155 seconds
[2411.969s][info ][safepoint    ] Application time: 1.0000929 seconds
[2411.969s][info ][safepoint    ] Entering safepoint region: Cleanup
[2411.969s][info ][safepoint    ] Leaving safepoint region
[2411.969s][info ][safepoint    ] Total time for which application threads were stopped: 0.0000817 seconds, Stopping threads took: 0.0000150 seconds
[2412.380s][info ][safepoint    ] Application time: 0.4106076 seconds
[2412.380s][info ][safepoint    ] Entering safepoint region: GenCollectForAllocation
[2412.380s][info ][gc,start     ] GC(627) Pause Young (Allocation Failure)
[2412.380s][info ][gc,task      ] GC(627) Using 4 workers of 4 for evacuation
[2412.392s][debug][gc,ref       ] GC(627) Skipped phase1 of Reference Processing due to unavailable references
[2412.392s][debug][gc,ref       ] GC(627) Skipped phase3 of Reference Processing due to unavailable references
[2412.392s][debug][gc,ref       ] GC(627) Skipped phase4 of Reference Processing due to unavailable references
[2412.392s][debug][gc,age       ] GC(627) Desired survivor size 15368192 bytes, new threshold 1 (max threshold 6)
[2412.392s][info ][gc,heap      ] GC(627) ParNew: 251159K->28178K(270336K)
[2412.392s][info ][gc,heap      ] GC(627) CMS: 396222K->396390K(600768K)
[2412.392s][info ][gc,metaspace ] GC(627) Metaspace: 59262K->59262K(1103872K)
[2412.392s][info ][gc           ] GC(627) Pause Young (Allocation Failure) 632M->414M(850M) 12.084ms
[2412.392s][info ][gc,cpu       ] GC(627) User=0.06s Sys=0.00s Real=0.01s
[2412.392s][info ][safepoint    ] Leaving safepoint region
[2412.392s][info ][safepoint    ] Total time for which application threads were stopped: 0.0123045 seconds, Stopping threads took: 0.0000689 seconds
[2413.392s][info ][safepoint    ] Application time: 1.0001062 seconds
[2413.392s][info ][safepoint    ] Entering safepoint region: Cleanup
[2413.392s][info ][safepoint    ] Leaving safepoint region
[2413.392s][info ][safepoint    ] Total time for which application threads were stopped: 0.0000933 seconds, Stopping threads took: 0.0000168 seconds
[2414.392s][info ][safepoint    ] Application time: 1.0000936 seconds
[2414.392s][info ][safepoint    ] Entering safepoint region: Cleanup
[2414.392s][info ][safepoint    ] Leaving safepoint region
[2414.392s][info ][safepoint    ] Total time for which application threads were stopped: 0.0001255 seconds, Stopping threads took: 0.0000588 seconds
[2414.783s][info ][safepoint    ] Application time: 0.3902888 seconds
[2414.783s][info ][safepoint    ] Entering safepoint region: GenCollectForAllocation
[2414.783s][info ][gc,start     ] GC(628) Pause Young (Allocation Failure)
[2414.783s][info ][gc,task      ] GC(628) Using 4 workers of 4 for evacuation
[2414.795s][debug][gc,ref       ] GC(628) Skipped phase1 of Reference Processing due to unavailable references
[2414.795s][debug][gc,ref       ] GC(628) Skipped phase2 of Reference Processing due to unavailable references
[2414.795s][debug][gc,ref       ] GC(628) Skipped phase3 of Reference Processing due to unavailable references
[2414.795s][debug][gc,ref       ] GC(628) Skipped phase4 of Reference Processing due to unavailable references
[2414.795s][debug][gc,age       ] GC(628) Desired survivor size 15368192 bytes, new threshold 6 (max threshold 6)
[2414.795s][info ][gc,heap      ] GC(628) ParNew: 268498K->20326K(270336K)
[2414.795s][info ][gc,heap      ] GC(628) CMS: 396390K->405083K(600768K)
[2414.795s][info ][gc,metaspace ] GC(628) Metaspace: 59266K->59266K(1103872K)
[2414.795s][info ][gc           ] GC(628) Pause Young (Allocation Failure) 649M->415M(850M) 12.181ms
[2414.795s][info ][gc,cpu       ] GC(628) User=0.04s Sys=0.00s Real=0.02s
[2414.795s][info ][safepoint    ] Leaving safepoint region
[2414.795s][info ][safepoint    ] Total time for which application threads were stopped: 0.0123560 seconds, Stopping threads took: 0.0000417 seconds
[2415.795s][info ][safepoint    ] Application time: 1.0000984 seconds
[2415.795s][info ][safepoint    ] Entering safepoint region: Cleanup
[2415.796s][info ][safepoint    ] Leaving safepoint region
[2415.796s][info ][safepoint    ] Total time for which application threads were stopped: 0.0002334 seconds, Stopping threads took: 0.0000340 seconds
[2417.796s][info ][safepoint    ] Application time: 2.0001372 seconds
[2417.796s][info ][safepoint    ] Entering safepoint region: Cleanup
[2417.796s][info ][safepoint    ] Leaving safepoint region
[2417.796s][info ][safepoint    ] Total time for which application threads were stopped: 0.0001068 seconds, Stopping threads took: 0.0000167 seconds
[2418.567s][info ][safepoint    ] Application time: 0.7714532 seconds
[2418.567s][info ][safepoint    ] Entering safepoint region: GenCollectForAllocation
[2418.567s][info ][gc,start     ] GC(629) Pause Young (Allocation Failure)
[2418.567s][info ][gc,task      ] GC(629) Using 4 workers of 4 for evacuation
[2418.570s][debug][gc,ref       ] GC(629) Skipped phase1 of Reference Processing due to unavailable references
[2418.570s][debug][gc,ref       ] GC(629) Skipped phase2 of Reference Processing due to unavailable references
[2418.570s][debug][gc,ref       ] GC(629) Skipped phase3 of Reference Processing due to unavailable references
[2418.570s][debug][gc,ref       ] GC(629) Skipped phase4 of Reference Processing due to unavailable references
[2418.570s][debug][gc,age       ] GC(629) Desired survivor size 15368192 bytes, new threshold 6 (max threshold 6)
[2418.571s][info ][gc,heap      ] GC(629) ParNew: 260646K->5158K(270336K)
[2418.571s][info ][gc,heap      ] GC(629) CMS: 405083K->405083K(600768K)
[2418.571s][info ][gc,metaspace ] GC(629) Metaspace: 59270K->59270K(1103872K)
[2418.571s][info ][gc           ] GC(629) Pause Young (Allocation Failure) 650M->400M(850M) 3.087ms
[2418.571s][info ][gc,cpu       ] GC(629) User=0.01s Sys=0.00s Real=0.00s
[2418.571s][info ][safepoint    ] Leaving safepoint region
[2418.571s][info ][safepoint    ] Total time for which application threads were stopped: 0.0032500 seconds, Stopping threads took: 0.0000150 seconds
[2419.571s][info ][safepoint    ] Application time: 1.0001023 seconds
[2419.571s][info ][safepoint    ] Entering safepoint region: Cleanup
[2419.571s][info ][safepoint    ] Leaving safepoint region
[2419.571s][info ][safepoint    ] Total time for which application threads were stopped: 0.0000766 seconds, Stopping threads took: 0.0000150 seconds
[2421.571s][info ][safepoint    ] Application time: 2.0002043 seconds
[2421.571s][info ][safepoint    ] Entering safepoint region: Cleanup
[2421.571s][info ][safepoint    ] Leaving safepoint region
[2421.571s][info ][safepoint    ] Total time for which application threads were stopped: 0.0000778 seconds, Stopping threads took: 0.0000163 seconds
[2422.211s][info ][safepoint    ] Application time: 0.6393652 seconds
[2422.211s][info ][safepoint    ] Entering safepoint region: GenCollectForAllocation
[2422.211s][info ][gc,start     ] GC(630) Pause Young (Allocation Failure)
[2422.211s][info ][gc,task      ] GC(630) Using 4 workers of 4 for evacuation
[2422.214s][debug][gc,ref       ] GC(630) Skipped phase1 of Reference Processing due to unavailable references
[2422.214s][debug][gc,ref       ] GC(630) Skipped phase2 of Reference Processing due to unavailable references
[2422.214s][debug][gc,ref       ] GC(630) Skipped phase3 of Reference Processing due to unavailable references
[2422.214s][debug][gc,ref       ] GC(630) Skipped phase4 of Reference Processing due to unavailable references
[2422.214s][debug][gc,age       ] GC(630) Desired survivor size 15368192 bytes, new threshold 6 (max threshold 6)
[2422.214s][info ][gc,heap      ] GC(630) ParNew: 245478K->1860K(270336K)
[2422.214s][info ][gc,heap      ] GC(630) CMS: 405083K->405083K(600768K)
[2422.214s][info ][gc,metaspace ] GC(630) Metaspace: 59273K->59273K(1103872K)
[2422.214s][info ][gc           ] GC(630) Pause Young (Allocation Failure) 635M->397M(850M) 2.959ms
[2422.214s][info ][gc,cpu       ] GC(630) User=0.01s Sys=0.00s Real=0.01s
[2422.214s][info ][safepoint    ] Leaving safepoint region
[2422.214s][info ][safepoint    ] Total time for which application threads were stopped: 0.0031088 seconds, Stopping threads took: 0.0000144 seconds
[2423.214s][info ][safepoint    ] Application time: 1.0000876 seconds
[2423.214s][info ][safepoint    ] Entering safepoint region: Cleanup
[2423.214s][info ][safepoint    ] Leaving safepoint region
[2423.214s][info ][safepoint    ] Total time for which application threads were stopped: 0.0002695 seconds, Stopping threads took: 0.0000824 seconds
[2424.214s][info ][safepoint    ] Application time: 1.0000902 seconds
[2424.214s][info ][safepoint    ] Entering safepoint region: Cleanup
[2424.215s][info ][safepoint    ] Leaving safepoint region
[2424.215s][info ][safepoint    ] Total time for which application threads were stopped: 0.0001999 seconds, Stopping threads took: 0.0000678 seconds
[2424.415s][info ][safepoint    ] Application time: 0.2000900 seconds
[2424.415s][info ][safepoint    ] Entering safepoint region: GenCollectForAllocation
[2424.415s][info ][gc,start     ] GC(631) Pause Young (Allocation Failure)
[2424.415s][info ][gc,task      ] GC(631) Using 4 workers of 4 for evacuation
[2424.419s][debug][gc,ref       ] GC(631) Skipped phase1 of Reference Processing due to unavailable references
[2424.419s][debug][gc,ref       ] GC(631) Skipped phase3 of Reference Processing due to unavailable references
[2424.419s][debug][gc,ref       ] GC(631) Skipped phase4 of Reference Processing due to unavailable references
[2424.419s][debug][gc,age       ] GC(631) Desired survivor size 15368192 bytes, new threshold 6 (max threshold 6)
[2424.419s][info ][gc,heap      ] GC(631) ParNew: 242180K->4686K(270336K)
[2424.419s][info ][gc,heap      ] GC(631) CMS: 405083K->405083K(600768K)
[2424.419s][info ][gc,metaspace ] GC(631) Metaspace: 59334K->59334K(1103872K)
[2424.419s][info ][gc           ] GC(631) Pause Young (Allocation Failure) 632M->400M(850M) 4.568ms
[2424.419s][info ][gc,cpu       ] GC(631) User=0.02s Sys=0.00s Real=0.00s
[2424.419s][info ][safepoint    ] Leaving safepoint region
[2424.419s][info ][safepoint    ] Total time for which application threads were stopped: 0.0047316 seconds, Stopping threads took: 0.0000200 seconds
[2425.420s][info ][safepoint    ] Application time: 1.0001220 seconds
[2425.420s][info ][safepoint    ] Entering safepoint region: Cleanup
[2425.420s][info ][safepoint    ] Leaving safepoint region
[2425.420s][info ][safepoint    ] Total time for which application threads were stopped: 0.0000762 seconds, Stopping threads took: 0.0000145 seconds
[2426.420s][info ][safepoint    ] Application time: 1.0000906 seconds
[2426.420s][info ][safepoint    ] Entering safepoint region: Cleanup
[2426.420s][info ][safepoint    ] Leaving safepoint region
[2426.420s][info ][safepoint    ] Total time for which application threads were stopped: 0.0001018 seconds, Stopping threads took: 0.0000338 seconds
[2427.420s][info ][safepoint    ] Application time: 1.0000937 seconds
[2427.420s][info ][safepoint    ] Entering safepoint region: Cleanup
[2427.420s][info ][safepoint    ] Leaving safepoint region
[2427.420s][info ][safepoint    ] Total time for which application threads were stopped: 0.0001086 seconds, Stopping threads took: 0.0000144 seconds
[2427.863s][info ][safepoint    ] Application time: 0.4425701 seconds
[2427.863s][info ][safepoint    ] Entering safepoint region: GenCollectForAllocation
[2427.863s][info ][gc,start     ] GC(632) Pause Young (Allocation Failure)
[2427.863s][info ][gc,task      ] GC(632) Using 4 workers of 4 for evacuation
[2427.867s][debug][gc,ref       ] GC(632) Skipped phase1 of Reference Processing due to unavailable references
[2427.867s][debug][gc,ref       ] GC(632) Skipped phase3 of Reference Processing due to unavailable references
[2427.867s][debug][gc,ref       ] GC(632) Skipped phase4 of Reference Processing due to unavailable references
[2427.867s][debug][gc,age       ] GC(632) Desired survivor size 15368192 bytes, new threshold 6 (max threshold 6)
[2427.867s][info ][gc,heap      ] GC(632) ParNew: 245006K->5474K(270336K)
[2427.867s][info ][gc,heap      ] GC(632) CMS: 405083K->405083K(600768K)
[2427.867s][info ][gc,metaspace ] GC(632) Metaspace: 59339K->59339K(1103872K)
[2427.867s][info ][gc           ] GC(632) Pause Young (Allocation Failure) 634M->400M(850M) 3.884ms
[2427.867s][info ][gc,cpu       ] GC(632) User=0.02s Sys=0.00s Real=0.01s
[2427.867s][info ][safepoint    ] Leaving safepoint region
[2427.867s][info ][safepoint    ] Total time for which application threads were stopped: 0.0040368 seconds, Stopping threads took: 0.0000151 seconds
[2428.867s][info ][safepoint    ] Application time: 1.0000921 seconds
[2428.867s][info ][safepoint    ] Entering safepoint region: Cleanup
[2428.867s][info ][safepoint    ] Leaving safepoint region
[2428.867s][info ][safepoint    ] Total time for which application threads were stopped: 0.0001309 seconds, Stopping threads took: 0.0000597 seconds
[2429.867s][info ][safepoint    ] Application time: 1.0000942 seconds
[2429.867s][info ][safepoint    ] Entering safepoint region: Cleanup
[2429.867s][info ][safepoint    ] Leaving safepoint region
[2429.867s][info ][safepoint    ] Total time for which application threads were stopped: 0.0001350 seconds, Stopping threads took: 0.0000613 seconds
[2431.358s][info ][safepoint    ] Application time: 1.4908332 seconds
[2431.358s][info ][safepoint    ] Entering safepoint region: GenCollectForAllocation
[2431.358s][info ][gc,start     ] GC(633) Pause Young (Allocation Failure)
[2431.358s][info ][gc,task      ] GC(633) Using 4 workers of 4 for evacuation
[2431.362s][debug][gc,ref       ] GC(633) Skipped phase1 of Reference Processing due to unavailable references
[2431.362s][debug][gc,ref       ] GC(633) Skipped phase3 of Reference Processing due to unavailable references
[2431.362s][debug][gc,ref       ] GC(633) Skipped phase4 of Reference Processing due to unavailable references
[2431.362s][debug][gc,age       ] GC(633) Desired survivor size 15368192 bytes, new threshold 6 (max threshold 6)
[2431.362s][info ][gc,heap      ] GC(633) ParNew: 245794K->7195K(270336K)
[2431.362s][info ][gc,heap      ] GC(633) CMS: 405083K->405083K(600768K)
[2431.362s][info ][gc,metaspace ] GC(633) Metaspace: 59339K->59339K(1103872K)
[2431.362s][info ][gc           ] GC(633) Pause Young (Allocation Failure) 635M->402M(850M) 3.652ms
[2431.362s][info ][gc,cpu       ] GC(633) User=0.01s Sys=0.00s Real=0.00s
[2431.362s][info ][safepoint    ] Leaving safepoint region
[2431.362s][info ][safepoint    ] Total time for which application threads were stopped: 0.0038464 seconds, Stopping threads took: 0.0000634 seconds
[2434.362s][info ][safepoint    ] Application time: 3.0002579 seconds
[2434.362s][info ][safepoint    ] Entering safepoint region: Cleanup
[2434.362s][info ][safepoint    ] Leaving safepoint region
[2434.363s][info ][safepoint    ] Total time for which application threads were stopped: 0.0001766 seconds, Stopping threads took: 0.0001020 seconds
[2434.917s][info ][safepoint    ] Application time: 0.5541257 seconds
[2434.917s][info ][safepoint    ] Entering safepoint region: GenCollectForAllocation
[2434.917s][info ][gc,start     ] GC(634) Pause Young (Allocation Failure)
[2434.917s][info ][gc,task      ] GC(634) Using 4 workers of 4 for evacuation
[2434.921s][debug][gc,ref       ] GC(634) Skipped phase1 of Reference Processing due to unavailable references
[2434.921s][debug][gc,ref       ] GC(634) Skipped phase3 of Reference Processing due to unavailable references
[2434.921s][debug][gc,ref       ] GC(634) Skipped phase4 of Reference Processing due to unavailable references
[2434.921s][debug][gc,age       ] GC(634) Desired survivor size 15368192 bytes, new threshold 6 (max threshold 6)
[2434.921s][info ][gc,heap      ] GC(634) ParNew: 247515K->7359K(270336K)
[2434.921s][info ][gc,heap      ] GC(634) CMS: 405083K->405254K(600768K)
[2434.921s][info ][gc,metaspace ] GC(634) Metaspace: 59344K->59344K(1103872K)
[2434.921s][info ][gc           ] GC(634) Pause Young (Allocation Failure) 637M->402M(850M) 4.158ms
[2434.921s][info ][gc,cpu       ] GC(634) User=0.02s Sys=0.00s Real=0.00s
[2434.921s][info ][safepoint    ] Leaving safepoint region
[2434.921s][info ][safepoint    ] Total time for which application threads were stopped: 0.0043426 seconds, Stopping threads took: 0.0000191 seconds
[2438.610s][info ][safepoint    ] Application time: 3.6889247 seconds
[2438.610s][info ][safepoint    ] Entering safepoint region: GenCollectForAllocation
[2438.610s][info ][gc,start     ] GC(635) Pause Young (Allocation Failure)
[2438.610s][info ][gc,task      ] GC(635) Using 4 workers of 4 for evacuation
[2438.614s][debug][gc,ref       ] GC(635) Skipped phase1 of Reference Processing due to unavailable references
[2438.614s][debug][gc,ref       ] GC(635) Skipped phase3 of Reference Processing due to unavailable references
[2438.614s][debug][gc,ref       ] GC(635) Skipped phase4 of Reference Processing due to unavailable references
[2438.614s][debug][gc,age       ] GC(635) Desired survivor size 15368192 bytes, new threshold 6 (max threshold 6)
[2438.614s][info ][gc,heap      ] GC(635) ParNew: 247679K->5373K(270336K)
[2438.614s][info ][gc,heap      ] GC(635) CMS: 405254K->405479K(600768K)
[2438.614s][info ][gc,metaspace ] GC(635) Metaspace: 59346K->59346K(1103872K)
[2438.614s][info ][gc           ] GC(635) Pause Young (Allocation Failure) 637M->401M(850M) 3.899ms
[2438.614s][info ][gc,cpu       ] GC(635) User=0.01s Sys=0.00s Real=0.01s
[2438.614s][info ][safepoint    ] Leaving safepoint region
[2438.614s][info ][safepoint    ] Total time for which application threads were stopped: 0.0040630 seconds, Stopping threads took: 0.0000154 seconds
[2439.614s][info ][safepoint    ] Application time: 1.0000959 seconds
[2439.614s][info ][safepoint    ] Entering safepoint region: Cleanup
[2439.614s][info ][safepoint    ] Leaving safepoint region
[2439.614s][info ][safepoint    ] Total time for which application threads were stopped: 0.0001546 seconds, Stopping threads took: 0.0000659 seconds
[2440.614s][info ][safepoint    ] Application time: 1.0001635 seconds
[2440.615s][info ][safepoint    ] Entering safepoint region: Cleanup
[2440.615s][info ][safepoint    ] Leaving safepoint region
[2440.615s][info ][safepoint    ] Total time for which application threads were stopped: 0.0001318 seconds, Stopping threads took: 0.0000546 seconds
[2442.363s][info ][safepoint    ] Application time: 1.7486419 seconds
[2442.363s][info ][safepoint    ] Entering safepoint region: GenCollectForAllocation
[2442.363s][info ][gc,start     ] GC(636) Pause Young (Allocation Failure)
[2442.363s][info ][gc,task      ] GC(636) Using 4 workers of 4 for evacuation
[2442.367s][debug][gc,ref       ] GC(636) Skipped phase1 of Reference Processing due to unavailable references
[2442.367s][debug][gc,ref       ] GC(636) Skipped phase3 of Reference Processing due to unavailable references
[2442.367s][debug][gc,ref       ] GC(636) Skipped phase4 of Reference Processing due to unavailable references
[2442.367s][debug][gc,age       ] GC(636) Desired survivor size 15368192 bytes, new threshold 6 (max threshold 6)
[2442.367s][info ][gc,heap      ] GC(636) ParNew: 245693K->5698K(270336K)
[2442.367s][info ][gc,heap      ] GC(636) CMS: 405479K->405736K(600768K)
[2442.367s][info ][gc,metaspace ] GC(636) Metaspace: 59349K->59349K(1103872K)
[2442.367s][info ][gc           ] GC(636) Pause Young (Allocation Failure) 635M->401M(850M) 3.749ms
[2442.367s][info ][gc,cpu       ] GC(636) User=0.02s Sys=0.00s Real=0.01s
[2442.367s][info ][safepoint    ] Leaving safepoint region
[2442.367s][info ][safepoint    ] Total time for which application threads were stopped: 0.0039058 seconds, Stopping threads took: 0.0000278 seconds
[2443.367s][info ][safepoint    ] Application time: 1.0001083 seconds
[2443.367s][info ][safepoint    ] Entering safepoint region: Cleanup
[2443.367s][info ][safepoint    ] Leaving safepoint region
[2443.367s][info ][safepoint    ] Total time for which application threads were stopped: 0.0000837 seconds, Stopping threads took: 0.0000152 seconds
[2444.368s][info ][safepoint    ] Application time: 1.0000946 seconds
[2444.368s][info ][safepoint    ] Entering safepoint region: Cleanup
[2444.368s][info ][safepoint    ] Leaving safepoint region
[2444.368s][info ][safepoint    ] Total time for which application threads were stopped: 0.0000798 seconds, Stopping threads took: 0.0000153 seconds
[2445.368s][info ][safepoint    ] Application time: 1.0001001 seconds
[2445.368s][info ][safepoint    ] Entering safepoint region: Cleanup
[2445.368s][info ][safepoint    ] Leaving safepoint region
[2445.368s][info ][safepoint    ] Total time for which application threads were stopped: 0.0000830 seconds, Stopping threads took: 0.0000158 seconds
[2446.017s][info ][safepoint    ] Application time: 0.6487383 seconds
[2446.017s][info ][safepoint    ] Entering safepoint region: GenCollectForAllocation
[2446.017s][info ][gc,start     ] GC(637) Pause Young (Allocation Failure)
[2446.017s][info ][gc,task      ] GC(637) Using 4 workers of 4 for evacuation
[2446.021s][debug][gc,ref       ] GC(637) Skipped phase1 of Reference Processing due to unavailable references
[2446.021s][debug][gc,ref       ] GC(637) Skipped phase2 of Reference Processing due to unavailable references
[2446.021s][debug][gc,ref       ] GC(637) Skipped phase3 of Reference Processing due to unavailable references
[2446.021s][debug][gc,ref       ] GC(637) Skipped phase4 of Reference Processing due to unavailable references
[2446.022s][debug][gc,age       ] GC(637) Desired survivor size 15368192 bytes, new threshold 6 (max threshold 6)
[2446.022s][info ][gc,heap      ] GC(637) ParNew: 246018K->3878K(270336K)
[2446.022s][info ][gc,heap      ] GC(637) CMS: 405736K->408476K(600768K)
[2446.022s][info ][gc,metaspace ] GC(637) Metaspace: 59349K->59349K(1103872K)
[2446.022s][info ][gc           ] GC(637) Pause Young (Allocation Failure) 636M->402M(850M) 4.692ms
[2446.022s][info ][gc,cpu       ] GC(637) User=0.01s Sys=0.00s Real=0.00s
[2446.022s][info ][safepoint    ] Leaving safepoint region
[2446.022s][info ][safepoint    ] Total time for which application threads were stopped: 0.0048407 seconds, Stopping threads took: 0.0000149 seconds
[2447.022s][info ][safepoint    ] Application time: 1.0001152 seconds
[2447.022s][info ][safepoint    ] Entering safepoint region: Cleanup
[2447.022s][info ][safepoint    ] Leaving safepoint region
[2447.022s][info ][safepoint    ] Total time for which application threads were stopped: 0.0000962 seconds, Stopping threads took: 0.0000343 seconds
[2449.022s][info ][safepoint    ] Application time: 2.0002298 seconds
[2449.022s][info ][safepoint    ] Entering safepoint region: Cleanup
[2449.022s][info ][safepoint    ] Leaving safepoint region
[2449.022s][info ][safepoint    ] Total time for which application threads were stopped: 0.0000896 seconds, Stopping threads took: 0.0000161 seconds
[2449.557s][info ][safepoint    ] Application time: 0.5348753 seconds
[2449.557s][info ][safepoint    ] Entering safepoint region: GenCollectForAllocation
[2449.557s][info ][gc,start     ] GC(638) Pause Young (Allocation Failure)
[2449.557s][info ][gc,task      ] GC(638) Using 4 workers of 4 for evacuation
[2449.561s][debug][gc,ref       ] GC(638) Skipped phase1 of Reference Processing due to unavailable references
[2449.561s][debug][gc,ref       ] GC(638) Skipped phase2 of Reference Processing due to unavailable references
[2449.561s][debug][gc,ref       ] GC(638) Skipped phase3 of Reference Processing due to unavailable references
[2449.561s][debug][gc,ref       ] GC(638) Skipped phase4 of Reference Processing due to unavailable references
[2449.561s][debug][gc,age       ] GC(638) Desired survivor size 15368192 bytes, new threshold 6 (max threshold 6)
[2449.561s][info ][gc,heap      ] GC(638) ParNew: 244147K->3089K(270336K)
[2449.561s][info ][gc,heap      ] GC(638) CMS: 408476K->408723K(600768K)
[2449.561s][info ][gc,metaspace ] GC(638) Metaspace: 59349K->59349K(1103872K)
[2449.561s][info ][gc           ] GC(638) Pause Young (Allocation Failure) 637M->402M(850M) 3.543ms
[2449.561s][info ][gc,cpu       ] GC(638) User=0.01s Sys=0.00s Real=0.00s
[2449.561s][info ][safepoint    ] Leaving safepoint region
[2449.561s][info ][safepoint    ] Total time for which application threads were stopped: 0.0037431 seconds, Stopping threads took: 0.0000391 seconds
[2450.561s][info ][safepoint    ] Application time: 1.0000949 seconds
[2450.561s][info ][safepoint    ] Entering safepoint region: Cleanup
[2450.561s][info ][safepoint    ] Leaving safepoint region
[2450.561s][info ][safepoint    ] Total time for which application threads were stopped: 0.0001381 seconds, Stopping threads took: 0.0000664 seconds
[2451.561s][info ][safepoint    ] Application time: 1.0000949 seconds
[2451.561s][info ][safepoint    ] Entering safepoint region: Cleanup
[2451.561s][info ][safepoint    ] Leaving safepoint region
[2451.561s][info ][safepoint    ] Total time for which application threads were stopped: 0.0001489 seconds, Stopping threads took: 0.0000776 seconds
[2452.562s][info ][safepoint    ] Application time: 1.0001561 seconds
[2452.562s][info ][safepoint    ] Entering safepoint region: Cleanup
[2452.562s][info ][safepoint    ] Leaving safepoint region
[2452.562s][info ][safepoint    ] Total time for which application threads were stopped: 0.0001009 seconds, Stopping threads took: 0.0000270 seconds
[2453.067s][info ][safepoint    ] Application time: 0.5051982 seconds
[2453.067s][info ][safepoint    ] Entering safepoint region: RevokeBias
[2453.067s][info ][safepoint    ] Leaving safepoint region
[2453.067s][info ][safepoint    ] Total time for which application threads were stopped: 0.0001351 seconds, Stopping threads took: 0.0000356 seconds
[2453.074s][info ][safepoint    ] Application time: 0.0071500 seconds
[2453.074s][info ][safepoint    ] Entering safepoint region: GenCollectForAllocation
[2453.075s][info ][gc,start     ] GC(639) Pause Young (Allocation Failure)
[2453.075s][info ][gc,task      ] GC(639) Using 4 workers of 4 for evacuation
[2453.078s][debug][gc,ref       ] GC(639) Skipped phase1 of Reference Processing due to unavailable references
[2453.078s][debug][gc,ref       ] GC(639) Skipped phase3 of Reference Processing due to unavailable references
[2453.078s][debug][gc,ref       ] GC(639) Skipped phase4 of Reference Processing due to unavailable references
[2453.079s][debug][gc,age       ] GC(639) Desired survivor size 15368192 bytes, new threshold 6 (max threshold 6)
[2453.079s][info ][gc,heap      ] GC(639) ParNew: 243409K->5566K(270336K)
[2453.079s][info ][gc,heap      ] GC(639) CMS: 408723K->408807K(600768K)
[2453.079s][info ][gc,metaspace ] GC(639) Metaspace: 59355K->59355K(1103872K)
[2453.079s][info ][gc           ] GC(639) Pause Young (Allocation Failure) 636M->404M(850M) 4.129ms
[2453.079s][info ][gc,cpu       ] GC(639) User=0.02s Sys=0.00s Real=0.00s
[2453.079s][info ][safepoint    ] Leaving safepoint region
[2453.079s][info ][safepoint    ] Total time for which application threads were stopped: 0.0043440 seconds, Stopping threads took: 0.0000601 seconds
[2454.079s][info ][safepoint    ] Application time: 1.0001114 seconds
[2454.079s][info ][safepoint    ] Entering safepoint region: Cleanup
[2454.079s][info ][safepoint    ] Leaving safepoint region
[2454.079s][info ][safepoint    ] Total time for which application threads were stopped: 0.0001333 seconds, Stopping threads took: 0.0000150 seconds
[2455.809s][info ][safepoint    ] Application time: 1.7302749 seconds
[2455.809s][info ][safepoint    ] Entering safepoint region: GenCollectForAllocation
[2455.809s][info ][gc,start     ] GC(640) Pause Young (Allocation Failure)
[2455.809s][info ][gc,task      ] GC(640) Using 4 workers of 4 for evacuation
[2455.814s][debug][gc,ref       ] GC(640) Skipped phase1 of Reference Processing due to unavailable references
[2455.814s][debug][gc,ref       ] GC(640) Skipped phase3 of Reference Processing due to unavailable references
[2455.814s][debug][gc,ref       ] GC(640) Skipped phase4 of Reference Processing due to unavailable references
[2455.814s][debug][gc,age       ] GC(640) Desired survivor size 15368192 bytes, new threshold 6 (max threshold 6)
[2455.814s][info ][gc,heap      ] GC(640) ParNew: 245886K->10204K(270336K)
[2455.814s][info ][gc,heap      ] GC(640) CMS: 408807K->408986K(600768K)
[2455.814s][info ][gc,metaspace ] GC(640) Metaspace: 59379K->59379K(1103872K)
[2455.814s][info ][gc           ] GC(640) Pause Young (Allocation Failure) 639M->409M(850M) 5.015ms
[2455.814s][info ][gc,cpu       ] GC(640) User=0.02s Sys=0.00s Real=0.01s
[2455.814s][info ][safepoint    ] Leaving safepoint region
[2455.814s][info ][safepoint    ] Total time for which application threads were stopped: 0.0051706 seconds, Stopping threads took: 0.0000165 seconds
[2457.815s][info ][safepoint    ] Application time: 2.0002434 seconds
[2457.815s][info ][safepoint    ] Entering safepoint region: Cleanup
[2457.815s][info ][safepoint    ] Leaving safepoint region
[2457.815s][info ][safepoint    ] Total time for which application threads were stopped: 0.0001832 seconds, Stopping threads took: 0.0000762 seconds
[2458.815s][info ][safepoint    ] Application time: 1.0000879 seconds
[2458.815s][info ][safepoint    ] Entering safepoint region: Cleanup
[2458.815s][info ][safepoint    ] Leaving safepoint region
[2458.815s][info ][safepoint    ] Total time for which application threads were stopped: 0.0001372 seconds, Stopping threads took: 0.0000637 seconds
[2459.113s][info ][safepoint    ] Application time: 0.2973323 seconds
[2459.113s][info ][safepoint    ] Entering safepoint region: GenCollectForAllocation
[2459.113s][info ][gc,start     ] GC(641) Pause Young (Allocation Failure)
[2459.113s][info ][gc,task      ] GC(641) Using 4 workers of 4 for evacuation
[2459.118s][debug][gc,ref       ] GC(641) Skipped phase1 of Reference Processing due to unavailable references
[2459.118s][debug][gc,ref       ] GC(641) Skipped phase3 of Reference Processing due to unavailable references
[2459.118s][debug][gc,ref       ] GC(641) Skipped phase4 of Reference Processing due to unavailable references
[2459.118s][debug][gc,age       ] GC(641) Desired survivor size 15368192 bytes, new threshold 6 (max threshold 6)
[2459.118s][info ][gc,heap      ] GC(641) ParNew: 250524K->11512K(270336K)
[2459.118s][info ][gc,heap      ] GC(641) CMS: 408986K->409035K(600768K)
[2459.118s][info ][gc,metaspace ] GC(641) Metaspace: 59386K->59386K(1103872K)
[2459.118s][info ][gc           ] GC(641) Pause Young (Allocation Failure) 644M->410M(850M) 5.389ms
[2459.118s][info ][gc,cpu       ] GC(641) User=0.02s Sys=0.00s Real=0.00s
[2459.118s][info ][safepoint    ] Leaving safepoint region
[2459.118s][info ][safepoint    ] Total time for which application threads were stopped: 0.0055467 seconds, Stopping threads took: 0.0000175 seconds
[2460.118s][info ][safepoint    ] Application time: 1.0000968 seconds
[2460.118s][info ][safepoint    ] Entering safepoint region: Cleanup
[2460.118s][info ][safepoint    ] Leaving safepoint region
[2460.118s][info ][safepoint    ] Total time for which application threads were stopped: 0.0001051 seconds, Stopping threads took: 0.0000308 seconds
[2462.766s][info ][safepoint    ] Application time: 2.6476514 seconds
[2462.766s][info ][safepoint    ] Entering safepoint region: GenCollectForAllocation
[2462.766s][info ][gc,start     ] GC(642) Pause Young (Allocation Failure)
[2462.766s][info ][gc,task      ] GC(642) Using 4 workers of 4 for evacuation
[2462.771s][debug][gc,ref       ] GC(642) Skipped phase1 of Reference Processing due to unavailable references
[2462.771s][debug][gc,ref       ] GC(642) Skipped phase3 of Reference Processing due to unavailable references
[2462.771s][debug][gc,ref       ] GC(642) Skipped phase4 of Reference Processing due to unavailable references
[2462.772s][debug][gc,age       ] GC(642) Desired survivor size 15368192 bytes, new threshold 6 (max threshold 6)
[2462.772s][info ][gc,heap      ] GC(642) ParNew: 251832K->12658K(270336K)
[2462.772s][info ][gc,heap      ] GC(642) CMS: 409035K->409158K(600768K)
[2462.772s][info ][gc,metaspace ] GC(642) Metaspace: 59386K->59386K(1103872K)
[2462.772s][info ][gc           ] GC(642) Pause Young (Allocation Failure) 645M->411M(850M) 5.516ms
[2462.772s][info ][gc,cpu       ] GC(642) User=0.02s Sys=0.00s Real=0.00s
[2462.772s][info ][safepoint    ] Leaving safepoint region
[2462.772s][info ][safepoint    ] Total time for which application threads were stopped: 0.0056705 seconds, Stopping threads took: 0.0000154 seconds
[2464.772s][info ][safepoint    ] Application time: 2.0001712 seconds
[2464.772s][info ][safepoint    ] Entering safepoint region: Cleanup
[2464.772s][info ][safepoint    ] Leaving safepoint region
[2464.772s][info ][safepoint    ] Total time for which application threads were stopped: 0.0001197 seconds, Stopping threads took: 0.0000189 seconds
[2465.772s][info ][safepoint    ] Application time: 1.0000817 seconds
[2465.772s][info ][safepoint    ] Entering safepoint region: Cleanup
[2465.772s][info ][safepoint    ] Leaving safepoint region
[2465.772s][info ][safepoint    ] Total time for which application threads were stopped: 0.0001600 seconds, Stopping threads took: 0.0000591 seconds
[2465.824s][info ][safepoint    ] Application time: 0.0517898 seconds
[2465.824s][info ][safepoint    ] Entering safepoint region: GenCollectForAllocation
[2465.824s][info ][gc,start     ] GC(643) Pause Young (Allocation Failure)
[2465.824s][info ][gc,task      ] GC(643) Using 4 workers of 4 for evacuation
[2465.830s][debug][gc,ref       ] GC(643) Skipped phase1 of Reference Processing due to unavailable references
[2465.830s][debug][gc,ref       ] GC(643) Skipped phase3 of Reference Processing due to unavailable references
[2465.830s][debug][gc,ref       ] GC(643) Skipped phase4 of Reference Processing due to unavailable references
[2465.830s][debug][gc,age       ] GC(643) Desired survivor size 15368192 bytes, new threshold 6 (max threshold 6)
[2465.831s][info ][gc,heap      ] GC(643) ParNew: 252976K->16157K(270336K)
[2465.831s][info ][gc,heap      ] GC(643) CMS: 409158K->409343K(600768K)
[2465.831s][info ][gc,metaspace ] GC(643) Metaspace: 59395K->59395K(1103872K)
[2465.831s][info ][gc           ] GC(643) Pause Young (Allocation Failure) 646M->415M(850M) 6.202ms
[2465.831s][info ][gc,cpu       ] GC(643) User=0.02s Sys=0.00s Real=0.00s
[2465.831s][info ][safepoint    ] Leaving safepoint region
[2465.831s][info ][safepoint    ] Total time for which application threads were stopped: 0.0064199 seconds, Stopping threads took: 0.0000551 seconds
[2466.831s][info ][safepoint    ] Application time: 1.0001009 seconds
[2466.831s][info ][safepoint    ] Entering safepoint region: Cleanup
[2466.831s][info ][safepoint    ] Leaving safepoint region
[2466.831s][info ][safepoint    ] Total time for which application threads were stopped: 0.0001838 seconds, Stopping threads took: 0.0000156 seconds
[2467.831s][info ][safepoint    ] Application time: 1.0001067 seconds
[2467.831s][info ][safepoint    ] Entering safepoint region: Cleanup
[2467.831s][info ][safepoint    ] Leaving safepoint region
[2467.831s][info ][safepoint    ] Total time for which application threads were stopped: 0.0001024 seconds, Stopping threads took: 0.0000372 seconds
[2468.162s][info ][safepoint    ] Application time: 0.3309711 seconds
[2468.162s][info ][safepoint    ] Entering safepoint region: GenCollectForAllocation
[2468.162s][info ][gc,start     ] GC(644) Pause Young (Allocation Failure)
[2468.162s][info ][gc,task      ] GC(644) Using 4 workers of 4 for evacuation
[2468.172s][debug][gc,ref       ] GC(644) Skipped phase1 of Reference Processing due to unavailable references
[2468.172s][debug][gc,ref       ] GC(644) Skipped phase3 of Reference Processing due to unavailable references
[2468.172s][debug][gc,age       ] GC(644) Desired survivor size 15368192 bytes, new threshold 6 (max threshold 6)
[2468.173s][info ][gc,heap      ] GC(644) ParNew: 256477K->17039K(270336K)
[2468.173s][info ][gc,heap      ] GC(644) CMS: 409343K->410486K(600768K)
[2468.173s][info ][gc,metaspace ] GC(644) Metaspace: 59434K->59434K(1103872K)
[2468.173s][info ][gc           ] GC(644) Pause Young (Allocation Failure) 650M->417M(850M) 10.263ms
[2468.173s][info ][gc,cpu       ] GC(644) User=0.03s Sys=0.00s Real=0.02s
[2468.173s][info ][safepoint    ] Leaving safepoint region
[2468.173s][info ][safepoint    ] Total time for which application threads were stopped: 0.0104378 seconds, Stopping threads took: 0.0000232 seconds
[2469.173s][info ][safepoint    ] Application time: 1.0001401 seconds
[2469.173s][info ][safepoint    ] Entering safepoint region: Cleanup
[2469.173s][info ][safepoint    ] Leaving safepoint region
[2469.173s][info ][safepoint    ] Total time for which application threads were stopped: 0.0000968 seconds, Stopping threads took: 0.0000161 seconds
[2470.173s][info ][safepoint    ] Application time: 1.0000876 seconds
[2470.176s][info ][safepoint    ] Entering safepoint region: Cleanup
[2470.176s][info ][safepoint    ] Leaving safepoint region
[2470.176s][info ][safepoint    ] Total time for which application threads were stopped: 0.0032799 seconds, Stopping threads took: 0.0031935 seconds
[2471.176s][info ][safepoint    ] Application time: 1.0001484 seconds
[2471.176s][info ][safepoint    ] Entering safepoint region: Cleanup
[2471.177s][info ][safepoint    ] Leaving safepoint region
[2471.177s][info ][safepoint    ] Total time for which application threads were stopped: 0.0001021 seconds, Stopping threads took: 0.0000280 seconds
[2471.376s][info ][safepoint    ] Application time: 0.1998997 seconds
[2471.376s][info ][safepoint    ] Entering safepoint region: GenCollectForAllocation
[2471.377s][info ][gc,start     ] GC(645) Pause Young (Allocation Failure)
[2471.377s][info ][gc,task      ] GC(645) Using 4 workers of 4 for evacuation
[2471.385s][debug][gc,ref       ] GC(645) Skipped phase1 of Reference Processing due to unavailable references
[2471.385s][debug][gc,ref       ] GC(645) Skipped phase3 of Reference Processing due to unavailable references
[2471.385s][debug][gc,ref       ] GC(645) Skipped phase4 of Reference Processing due to unavailable references
[2471.385s][debug][gc,age       ] GC(645) Desired survivor size 15368192 bytes, new threshold 6 (max threshold 6)
[2471.385s][info ][gc,heap      ] GC(645) ParNew: 257359K->12076K(270336K)
[2471.385s][info ][gc,heap      ] GC(645) CMS: 410486K->412186K(600768K)
[2471.386s][info ][gc,metaspace ] GC(645) Metaspace: 59441K->59441K(1103872K)
[2471.386s][info ][gc           ] GC(645) Pause Young (Allocation Failure) 652M->414M(850M) 8.830ms
[2471.386s][info ][gc,cpu       ] GC(645) User=0.03s Sys=0.00s Real=0.01s
[2471.386s][info ][safepoint    ] Leaving safepoint region
[2471.386s][info ][safepoint    ] Total time for which application threads were stopped: 0.0091216 seconds, Stopping threads took: 0.0000207 seconds
[2472.386s][info ][safepoint    ] Application time: 1.0001165 seconds
[2472.386s][info ][safepoint    ] Entering safepoint region: Cleanup
[2472.386s][info ][safepoint    ] Leaving safepoint region
[2472.386s][info ][safepoint    ] Total time for which application threads were stopped: 0.0000819 seconds, Stopping threads took: 0.0000154 seconds
[2473.386s][info ][safepoint    ] Application time: 1.0000967 seconds
[2473.386s][info ][safepoint    ] Entering safepoint region: Cleanup
[2473.386s][info ][safepoint    ] Leaving safepoint region
[2473.386s][info ][safepoint    ] Total time for which application threads were stopped: 0.0000993 seconds, Stopping threads took: 0.0000325 seconds
[2474.386s][info ][safepoint    ] Application time: 1.0000950 seconds
[2474.386s][info ][safepoint    ] Entering safepoint region: Cleanup
[2474.386s][info ][safepoint    ] Leaving safepoint region
[2474.386s][info ][safepoint    ] Total time for which application threads were stopped: 0.0000814 seconds, Stopping threads took: 0.0000189 seconds
[2474.667s][info ][safepoint    ] Application time: 0.2807814 seconds
[2474.667s][info ][safepoint    ] Entering safepoint region: GenCollectForAllocation
[2474.667s][info ][gc,start     ] GC(646) Pause Young (Allocation Failure)
[2474.667s][info ][gc,task      ] GC(646) Using 4 workers of 4 for evacuation
[2474.674s][debug][gc,ref       ] GC(646) Skipped phase1 of Reference Processing due to unavailable references
[2474.674s][debug][gc,ref       ] GC(646) Skipped phase3 of Reference Processing due to unavailable references
[2474.674s][debug][gc,age       ] GC(646) Desired survivor size 15368192 bytes, new threshold 6 (max threshold 6)
[2474.674s][info ][gc,heap      ] GC(646) ParNew: 252257K->11201K(270336K)
[2474.674s][info ][gc,heap      ] GC(646) CMS: 412186K->415282K(600768K)
[2474.674s][info ][gc,metaspace ] GC(646) Metaspace: 59446K->59446K(1103872K)
[2474.674s][info ][gc           ] GC(646) Pause Young (Allocation Failure) 648M->416M(850M) 6.620ms
[2474.674s][info ][gc,cpu       ] GC(646) User=0.02s Sys=0.00s Real=0.01s
[2474.674s][info ][safepoint    ] Leaving safepoint region
[2474.674s][info ][safepoint    ] Total time for which application threads were stopped: 0.0067662 seconds, Stopping threads took: 0.0000175 seconds
[2475.674s][info ][safepoint    ] Application time: 1.0001107 seconds
[2475.674s][info ][safepoint    ] Entering safepoint region: Cleanup
[2475.674s][info ][safepoint    ] Leaving safepoint region
[2475.674s][info ][safepoint    ] Total time for which application threads were stopped: 0.0000863 seconds, Stopping threads took: 0.0000291 seconds
[2476.674s][info ][safepoint    ] Application time: 1.0001023 seconds
[2476.674s][info ][safepoint    ] Entering safepoint region: Cleanup
[2476.674s][info ][safepoint    ] Leaving safepoint region
[2476.674s][info ][safepoint    ] Total time for which application threads were stopped: 0.0001938 seconds, Stopping threads took: 0.0001229 seconds
[2477.675s][info ][safepoint    ] Application time: 1.0001632 seconds
[2477.675s][info ][safepoint    ] Entering safepoint region: Cleanup
[2477.675s][info ][safepoint    ] Leaving safepoint region
[2477.675s][info ][safepoint    ] Total time for which application threads were stopped: 0.0000781 seconds, Stopping threads took: 0.0000172 seconds
[2477.967s][info ][safepoint    ] Application time: 0.2926386 seconds
[2477.967s][info ][safepoint    ] Entering safepoint region: GenCollectForAllocation
[2477.968s][info ][gc,start     ] GC(647) Pause Young (Allocation Failure)
[2477.968s][info ][gc,task      ] GC(647) Using 4 workers of 4 for evacuation
[2477.973s][debug][gc,ref       ] GC(647) Skipped phase1 of Reference Processing due to unavailable references
[2477.973s][debug][gc,ref       ] GC(647) Skipped phase3 of Reference Processing due to unavailable references
[2477.973s][debug][gc,age       ] GC(647) Desired survivor size 15368192 bytes, new threshold 6 (max threshold 6)
[2477.973s][info ][gc,heap      ] GC(647) ParNew: 251521K->8727K(270336K)
[2477.974s][info ][gc,heap      ] GC(647) CMS: 415282K->417013K(600768K)
[2477.974s][info ][gc,metaspace ] GC(647) Metaspace: 59449K->59449K(1103872K)
[2477.974s][info ][gc           ] GC(647) Pause Young (Allocation Failure) 651M->415M(850M) 5.992ms
[2477.974s][info ][gc,cpu       ] GC(647) User=0.03s Sys=0.00s Real=0.01s
[2477.974s][info ][safepoint    ] Leaving safepoint region
[2477.974s][info ][safepoint    ] Total time for which application threads were stopped: 0.0061613 seconds, Stopping threads took: 0.0000147 seconds
[2478.974s][info ][safepoint    ] Application time: 1.0001180 seconds
[2478.974s][info ][safepoint    ] Entering safepoint region: Cleanup
[2478.974s][info ][safepoint    ] Leaving safepoint region
[2478.974s][info ][safepoint    ] Total time for which application threads were stopped: 0.0000734 seconds, Stopping threads took: 0.0000171 seconds
[2479.974s][info ][safepoint    ] Application time: 1.0000862 seconds
[2479.974s][info ][safepoint    ] Entering safepoint region: Cleanup
[2479.974s][info ][safepoint    ] Leaving safepoint region
[2479.974s][info ][safepoint    ] Total time for which application threads were stopped: 0.0000770 seconds, Stopping threads took: 0.0000185 seconds
[2480.974s][info ][safepoint    ] Application time: 1.0000977 seconds
[2480.974s][info ][safepoint    ] Entering safepoint region: Cleanup
[2480.974s][info ][safepoint    ] Leaving safepoint region
[2480.974s][info ][safepoint    ] Total time for which application threads were stopped: 0.0000830 seconds, Stopping threads took: 0.0000161 seconds
[2481.367s][info ][safepoint    ] Application time: 0.3931171 seconds
[2481.367s][info ][safepoint    ] Entering safepoint region: GenCollectForAllocation
[2481.368s][info ][gc,start     ] GC(648) Pause Young (Allocation Failure)
[2481.368s][info ][gc,task      ] GC(648) Using 4 workers of 4 for evacuation
[2481.372s][debug][gc,ref       ] GC(648) Skipped phase1 of Reference Processing due to unavailable references
[2481.372s][debug][gc,ref       ] GC(648) Skipped phase3 of Reference Processing due to unavailable references
[2481.372s][debug][gc,ref       ] GC(648) Skipped phase4 of Reference Processing due to unavailable references
[2481.372s][debug][gc,age       ] GC(648) Desired survivor size 15368192 bytes, new threshold 6 (max threshold 6)
[2481.372s][info ][gc,heap      ] GC(648) ParNew: 248937K->9037K(270336K)
[2481.372s][info ][gc,heap      ] GC(648) CMS: 417013K->417170K(600768K)
[2481.372s][info ][gc,metaspace ] GC(648) Metaspace: 59450K->59450K(1103872K)
[2481.372s][info ][gc           ] GC(648) Pause Young (Allocation Failure) 650M->416M(850M) 4.256ms
[2481.372s][info ][gc,cpu       ] GC(648) User=0.01s Sys=0.00s Real=0.00s
[2481.372s][info ][safepoint    ] Leaving safepoint region
[2481.372s][info ][safepoint    ] Total time for which application threads were stopped: 0.0044240 seconds, Stopping threads took: 0.0000148 seconds
[2482.373s][info ][safepoint    ] Application time: 1.0011834 seconds
[2482.373s][info ][safepoint    ] Entering safepoint region: Cleanup
[2482.373s][info ][safepoint    ] Leaving safepoint region
[2482.373s][info ][safepoint    ] Total time for which application threads were stopped: 0.0000847 seconds, Stopping threads took: 0.0000172 seconds
[2483.373s][info ][safepoint    ] Application time: 1.0000949 seconds
[2483.373s][info ][safepoint    ] Entering safepoint region: Cleanup
[2483.373s][info ][safepoint    ] Leaving safepoint region
[2483.373s][info ][safepoint    ] Total time for which application threads were stopped: 0.0000797 seconds, Stopping threads took: 0.0000153 seconds
[2484.373s][info ][safepoint    ] Application time: 1.0000915 seconds
[2484.373s][info ][safepoint    ] Entering safepoint region: Cleanup
[2484.374s][info ][safepoint    ] Leaving safepoint region
[2484.374s][info ][safepoint    ] Total time for which application threads were stopped: 0.0000802 seconds, Stopping threads took: 0.0000227 seconds
[2484.762s][info ][safepoint    ] Application time: 0.3883301 seconds
[2484.762s][info ][safepoint    ] Entering safepoint region: GenCollectForAllocation
[2484.762s][info ][gc,start     ] GC(649) Pause Young (Allocation Failure)
[2484.762s][info ][gc,task      ] GC(649) Using 4 workers of 4 for evacuation
[2484.767s][debug][gc,ref       ] GC(649) Skipped phase1 of Reference Processing due to unavailable references
[2484.767s][debug][gc,ref       ] GC(649) Skipped phase3 of Reference Processing due to unavailable references
[2484.767s][debug][gc,ref       ] GC(649) Skipped phase4 of Reference Processing due to unavailable references
[2484.767s][debug][gc,age       ] GC(649) Desired survivor size 15368192 bytes, new threshold 6 (max threshold 6)
[2484.767s][info ][gc,heap      ] GC(649) ParNew: 249357K->6514K(270336K)
[2484.767s][info ][gc,heap      ] GC(649) CMS: 417170K->419699K(600768K)
[2484.767s][info ][gc,metaspace ] GC(649) Metaspace: 59453K->59453K(1103872K)
[2484.767s][info ][gc           ] GC(649) Pause Young (Allocation Failure) 650M->416M(850M) 5.296ms
[2484.767s][info ][gc,cpu       ] GC(649) User=0.01s Sys=0.01s Real=0.01s
[2484.767s][info ][safepoint    ] Leaving safepoint region
[2484.767s][info ][safepoint    ] Total time for which application threads were stopped: 0.0054609 seconds, Stopping threads took: 0.0000148 seconds
[2485.768s][info ][safepoint    ] Application time: 1.0001632 seconds
[2485.768s][info ][safepoint    ] Entering safepoint region: Cleanup
[2485.768s][info ][safepoint    ] Leaving safepoint region
[2485.768s][info ][safepoint    ] Total time for which application threads were stopped: 0.0000692 seconds, Stopping threads took: 0.0000149 seconds
[2486.768s][info ][safepoint    ] Application time: 1.0001012 seconds
[2486.768s][info ][safepoint    ] Entering safepoint region: Cleanup
[2486.768s][info ][safepoint    ] Leaving safepoint region
[2486.768s][info ][safepoint    ] Total time for which application threads were stopped: 0.0001553 seconds, Stopping threads took: 0.0000429 seconds
[2487.768s][info ][safepoint    ] Application time: 1.0000670 seconds
[2487.768s][info ][safepoint    ] Entering safepoint region: Cleanup
[2487.768s][info ][safepoint    ] Leaving safepoint region
[2487.768s][info ][safepoint    ] Total time for which application threads were stopped: 0.0001255 seconds, Stopping threads took: 0.0000140 seconds
[2488.360s][info ][safepoint    ] Application time: 0.5921483 seconds
[2488.360s][info ][safepoint    ] Entering safepoint region: GenCollectForAllocation
[2488.361s][info ][gc,start     ] GC(650) Pause Young (Allocation Failure)
[2488.361s][info ][gc,task      ] GC(650) Using 4 workers of 4 for evacuation
[2488.365s][debug][gc,ref       ] GC(650) Skipped phase1 of Reference Processing due to unavailable references
[2488.365s][debug][gc,ref       ] GC(650) Skipped phase3 of Reference Processing due to unavailable references
[2488.365s][debug][gc,age       ] GC(650) Desired survivor size 15368192 bytes, new threshold 6 (max threshold 6)
[2488.365s][info ][gc,heap      ] GC(650) ParNew: 246834K->3201K(270336K)
[2488.365s][info ][gc,heap      ] GC(650) CMS: 419699K->421465K(600768K)
[2488.365s][info ][gc,metaspace ] GC(650) Metaspace: 59456K->59456K(1103872K)
[2488.365s][info ][gc           ] GC(650) Pause Young (Allocation Failure) 650M->414M(850M) 4.441ms
[2488.365s][info ][gc,cpu       ] GC(650) User=0.01s Sys=0.00s Real=0.01s
[2488.365s][info ][safepoint    ] Leaving safepoint region
[2488.365s][info ][safepoint    ] Total time for which application threads were stopped: 0.0046498 seconds, Stopping threads took: 0.0000679 seconds
[2489.365s][info ][safepoint    ] Application time: 1.0000928 seconds
[2489.365s][info ][safepoint    ] Entering safepoint region: Cleanup
[2489.365s][info ][safepoint    ] Leaving safepoint region
[2489.365s][info ][safepoint    ] Total time for which application threads were stopped: 0.0001527 seconds, Stopping threads took: 0.0000723 seconds
[2490.365s][info ][safepoint    ] Application time: 1.0000862 seconds
[2490.365s][info ][safepoint    ] Entering safepoint region: Cleanup
[2490.366s][info ][safepoint    ] Leaving safepoint region
[2490.366s][info ][safepoint    ] Total time for which application threads were stopped: 0.0001403 seconds, Stopping threads took: 0.0000676 seconds
[2491.366s][info ][safepoint    ] Application time: 1.0000699 seconds
[2491.366s][info ][safepoint    ] Entering safepoint region: Cleanup
[2491.366s][info ][safepoint    ] Leaving safepoint region
[2491.366s][info ][safepoint    ] Total time for which application threads were stopped: 0.0001511 seconds, Stopping threads took: 0.0000792 seconds
[2492.216s][info ][safepoint    ] Application time: 0.8497520 seconds
[2492.216s][info ][safepoint    ] Entering safepoint region: GenCollectForAllocation
[2492.216s][info ][gc,start     ] GC(651) Pause Young (Allocation Failure)
[2492.216s][info ][gc,task      ] GC(651) Using 4 workers of 4 for evacuation
[2492.219s][debug][gc,ref       ] GC(651) Skipped phase1 of Reference Processing due to unavailable references
[2492.219s][debug][gc,ref       ] GC(651) Skipped phase2 of Reference Processing due to unavailable references
[2492.219s][debug][gc,ref       ] GC(651) Skipped phase3 of Reference Processing due to unavailable references
[2492.219s][debug][gc,ref       ] GC(651) Skipped phase4 of Reference Processing due to unavailable references
[2492.219s][debug][gc,age       ] GC(651) Desired survivor size 15368192 bytes, new threshold 6 (max threshold 6)
[2492.219s][info ][gc,heap      ] GC(651) ParNew: 243521K->3045K(270336K)
[2492.219s][info ][gc,heap      ] GC(651) CMS: 421465K->421927K(600768K)
[2492.219s][info ][gc,metaspace ] GC(651) Metaspace: 59461K->59461K(1103872K)
[2492.219s][info ][gc           ] GC(651) Pause Young (Allocation Failure) 649M->415M(850M) 3.353ms
[2492.219s][info ][gc,cpu       ] GC(651) User=0.02s Sys=0.00s Real=0.00s
[2492.219s][info ][safepoint    ] Leaving safepoint region
[2492.219s][info ][safepoint    ] Total time for which application threads were stopped: 0.0035168 seconds, Stopping threads took: 0.0000308 seconds
[2493.219s][info ][safepoint    ] Application time: 1.0001084 seconds
[2493.219s][info ][safepoint    ] Entering safepoint region: Cleanup
[2493.219s][info ][safepoint    ] Leaving safepoint region
[2493.219s][info ][safepoint    ] Total time for which application threads were stopped: 0.0000729 seconds, Stopping threads took: 0.0000137 seconds
[2494.219s][info ][safepoint    ] Application time: 1.0000885 seconds
[2494.220s][info ][safepoint    ] Entering safepoint region: Cleanup
[2494.220s][info ][safepoint    ] Leaving safepoint region
[2494.220s][info ][safepoint    ] Total time for which application threads were stopped: 0.0000860 seconds, Stopping threads took: 0.0000149 seconds
[2495.220s][info ][safepoint    ] Application time: 1.0000941 seconds
[2495.220s][info ][safepoint    ] Entering safepoint region: Cleanup
[2495.220s][info ][safepoint    ] Leaving safepoint region
[2495.220s][info ][safepoint    ] Total time for which application threads were stopped: 0.0000927 seconds, Stopping threads took: 0.0000182 seconds
[2496.112s][info ][safepoint    ] Application time: 0.8925228 seconds
[2496.112s][info ][safepoint    ] Entering safepoint region: GenCollectForAllocation
[2496.112s][info ][gc,start     ] GC(652) Pause Young (Allocation Failure)
[2496.113s][info ][gc,task      ] GC(652) Using 4 workers of 4 for evacuation
[2496.115s][debug][gc,ref       ] GC(652) Skipped phase1 of Reference Processing due to unavailable references
[2496.115s][debug][gc,ref       ] GC(652) Skipped phase2 of Reference Processing due to unavailable references
[2496.115s][debug][gc,ref       ] GC(652) Skipped phase3 of Reference Processing due to unavailable references
[2496.115s][debug][gc,ref       ] GC(652) Skipped phase4 of Reference Processing due to unavailable references
[2496.115s][debug][gc,age       ] GC(652) Desired survivor size 15368192 bytes, new threshold 6 (max threshold 6)
[2496.115s][info ][gc,heap      ] GC(652) ParNew: 243365K->2083K(270336K)
[2496.115s][info ][gc,heap      ] GC(652) CMS: 421927K->421987K(600768K)
[2496.115s][info ][gc,metaspace ] GC(652) Metaspace: 59461K->59461K(1103872K)
[2496.115s][info ][gc           ] GC(652) Pause Young (Allocation Failure) 649M->414M(850M) 2.830ms
[2496.115s][info ][gc,cpu       ] GC(652) User=0.01s Sys=0.00s Real=0.00s
[2496.115s][info ][safepoint    ] Leaving safepoint region
[2496.115s][info ][safepoint    ] Total time for which application threads were stopped: 0.0029905 seconds, Stopping threads took: 0.0000168 seconds
[2497.115s][info ][safepoint    ] Application time: 1.0000997 seconds
[2497.116s][info ][safepoint    ] Entering safepoint region: Cleanup
[2497.116s][info ][safepoint    ] Leaving safepoint region
[2497.116s][info ][safepoint    ] Total time for which application threads were stopped: 0.0001347 seconds, Stopping threads took: 0.0000602 seconds
[2498.116s][info ][safepoint    ] Application time: 1.0000931 seconds
[2498.116s][info ][safepoint    ] Entering safepoint region: Cleanup
[2498.116s][info ][safepoint    ] Leaving safepoint region
[2498.116s][info ][safepoint    ] Total time for which application threads were stopped: 0.0001544 seconds, Stopping threads took: 0.0000830 seconds
[2499.116s][info ][safepoint    ] Application time: 1.0000991 seconds
[2499.116s][info ][safepoint    ] Entering safepoint region: Cleanup
[2499.116s][info ][safepoint    ] Leaving safepoint region
[2499.116s][info ][safepoint    ] Total time for which application threads were stopped: 0.0001421 seconds, Stopping threads took: 0.0000718 seconds
[2499.910s][info ][safepoint    ] Application time: 0.7934837 seconds
[2499.910s][info ][safepoint    ] Entering safepoint region: GenCollectForAllocation
[2499.910s][info ][gc,start     ] GC(653) Pause Young (Allocation Failure)
[2499.910s][info ][gc,task      ] GC(653) Using 4 workers of 4 for evacuation
[2499.913s][debug][gc,ref       ] GC(653) Skipped phase1 of Reference Processing due to unavailable references
[2499.913s][debug][gc,ref       ] GC(653) Skipped phase2 of Reference Processing due to unavailable references
[2499.913s][debug][gc,ref       ] GC(653) Skipped phase3 of Reference Processing due to unavailable references
[2499.913s][debug][gc,ref       ] GC(653) Skipped phase4 of Reference Processing due to unavailable references
[2499.913s][debug][gc,age       ] GC(653) Desired survivor size 15368192 bytes, new threshold 6 (max threshold 6)
[2499.913s][info ][gc,heap      ] GC(653) ParNew: 242403K->2584K(270336K)
[2499.913s][info ][gc,heap      ] GC(653) CMS: 421987K->422266K(600768K)
[2499.913s][info ][gc,metaspace ] GC(653) Metaspace: 59463K->59463K(1103872K)
[2499.913s][info ][gc           ] GC(653) Pause Young (Allocation Failure) 648M->414M(850M) 3.581ms
[2499.913s][info ][gc,cpu       ] GC(653) User=0.01s Sys=0.00s Real=0.01s
[2499.913s][info ][safepoint    ] Leaving safepoint region
[2499.913s][info ][safepoint    ] Total time for which application threads were stopped: 0.0037249 seconds, Stopping threads took: 0.0000154 seconds
[2500.914s][info ][safepoint    ] Application time: 1.0001074 seconds
[2500.914s][info ][safepoint    ] Entering safepoint region: Cleanup
[2500.914s][info ][safepoint    ] Leaving safepoint region
[2500.914s][info ][safepoint    ] Total time for which application threads were stopped: 0.0001382 seconds, Stopping threads took: 0.0000594 seconds
[2501.914s][info ][safepoint    ] Application time: 1.0000887 seconds
[2501.914s][info ][safepoint    ] Entering safepoint region: Cleanup
[2501.914s][info ][safepoint    ] Leaving safepoint region
[2501.914s][info ][safepoint    ] Total time for which application threads were stopped: 0.0001586 seconds, Stopping threads took: 0.0000813 seconds
[2502.914s][info ][safepoint    ] Application time: 1.0001612 seconds
[2502.914s][info ][safepoint    ] Entering safepoint region: Cleanup
[2502.914s][info ][safepoint    ] Leaving safepoint region
[2502.914s][info ][safepoint    ] Total time for which application threads were stopped: 0.0001807 seconds, Stopping threads took: 0.0000594 seconds
[2503.313s][info ][safepoint    ] Application time: 0.3984878 seconds
[2503.313s][info ][safepoint    ] Entering safepoint region: GenCollectForAllocation
[2503.313s][info ][gc,start     ] GC(654) Pause Young (Allocation Failure)
[2503.313s][info ][gc,task      ] GC(654) Using 4 workers of 4 for evacuation
[2503.317s][debug][gc,ref       ] GC(654) Skipped phase1 of Reference Processing due to unavailable references
[2503.317s][debug][gc,ref       ] GC(654) Skipped phase3 of Reference Processing due to unavailable references
[2503.317s][debug][gc,age       ] GC(654) Desired survivor size 15368192 bytes, new threshold 6 (max threshold 6)
[2503.317s][info ][gc,heap      ] GC(654) ParNew: 242904K->4570K(270336K)
[2503.317s][info ][gc,heap      ] GC(654) CMS: 422266K->422298K(600768K)
[2503.317s][info ][gc,metaspace ] GC(654) Metaspace: 59486K->59486K(1103872K)
[2503.317s][info ][gc           ] GC(654) Pause Young (Allocation Failure) 649M->416M(850M) 3.662ms
[2503.317s][info ][gc,cpu       ] GC(654) User=0.01s Sys=0.00s Real=0.00s
[2503.317s][info ][safepoint    ] Leaving safepoint region
[2503.317s][info ][safepoint    ] Total time for which application threads were stopped: 0.0038195 seconds, Stopping threads took: 0.0000171 seconds
[2504.317s][info ][safepoint    ] Application time: 1.0000986 seconds
[2504.317s][info ][safepoint    ] Entering safepoint region: Cleanup
[2504.317s][info ][safepoint    ] Leaving safepoint region
[2504.317s][info ][safepoint    ] Total time for which application threads were stopped: 0.0001859 seconds, Stopping threads took: 0.0000481 seconds
[2505.317s][info ][safepoint    ] Application time: 1.0001001 seconds
[2505.317s][info ][safepoint    ] Entering safepoint region: Cleanup
[2505.317s][info ][safepoint    ] Leaving safepoint region
[2505.317s][info ][safepoint    ] Total time for which application threads were stopped: 0.0001644 seconds, Stopping threads took: 0.0000771 seconds
[2505.391s][info ][safepoint    ] Application time: 0.0738172 seconds
[2505.391s][info ][safepoint    ] Entering safepoint region: GenCollectForAllocation
[2505.391s][info ][gc,start     ] GC(655) Pause Young (Allocation Failure)
[2505.391s][info ][gc,task      ] GC(655) Using 4 workers of 4 for evacuation
[2505.396s][debug][gc,ref       ] GC(655) Skipped phase1 of Reference Processing due to unavailable references
[2505.396s][debug][gc,ref       ] GC(655) Skipped phase3 of Reference Processing due to unavailable references
[2505.396s][debug][gc,age       ] GC(655) Desired survivor size 15368192 bytes, new threshold 6 (max threshold 6)
[2505.396s][info ][gc,heap      ] GC(655) ParNew: 244890K->7951K(270336K)
[2505.396s][info ][gc,heap      ] GC(655) CMS: 422298K->422345K(600768K)
[2505.396s][info ][gc,metaspace ] GC(655) Metaspace: 59501K->59501K(1103872K)
[2505.396s][info ][gc           ] GC(655) Pause Young (Allocation Failure) 651M->420M(850M) 4.544ms
[2505.396s][info ][gc,cpu       ] GC(655) User=0.01s Sys=0.00s Real=0.01s
[2505.396s][info ][safepoint    ] Leaving safepoint region
[2505.396s][info ][safepoint    ] Total time for which application threads were stopped: 0.0046790 seconds, Stopping threads took: 0.0000131 seconds
[2505.530s][info ][safepoint    ] Application time: 0.1340495 seconds
[2505.530s][info ][safepoint    ] Entering safepoint region: RevokeBias
[2505.530s][info ][safepoint    ] Leaving safepoint region
[2505.530s][info ][safepoint    ] Total time for which application threads were stopped: 0.0001954 seconds, Stopping threads took: 0.0000858 seconds
[2506.530s][info ][safepoint    ] Application time: 1.0000682 seconds
[2506.530s][info ][safepoint    ] Entering safepoint region: Cleanup
[2506.530s][info ][safepoint    ] Leaving safepoint region
[2506.530s][info ][safepoint    ] Total time for which application threads were stopped: 0.0001008 seconds, Stopping threads took: 0.0000303 seconds
[2507.531s][info ][safepoint    ] Application time: 1.0000926 seconds
[2507.531s][info ][safepoint    ] Entering safepoint region: Cleanup
[2507.531s][info ][safepoint    ] Leaving safepoint region
[2507.531s][info ][safepoint    ] Total time for which application threads were stopped: 0.0000894 seconds, Stopping threads took: 0.0000186 seconds
[2508.018s][info ][safepoint    ] Application time: 0.4875901 seconds
[2508.018s][info ][safepoint    ] Entering safepoint region: GenCollectForAllocation
[2508.018s][info ][gc,start     ] GC(656) Pause Young (Allocation Failure)
[2508.018s][info ][gc,task      ] GC(656) Using 4 workers of 4 for evacuation
[2508.023s][debug][gc,ref       ] GC(656) Skipped phase1 of Reference Processing due to unavailable references
[2508.023s][debug][gc,ref       ] GC(656) Skipped phase3 of Reference Processing due to unavailable references
[2508.023s][debug][gc,ref       ] GC(656) Skipped phase4 of Reference Processing due to unavailable references
[2508.023s][debug][gc,age       ] GC(656) Desired survivor size 15368192 bytes, new threshold 6 (max threshold 6)
[2508.023s][info ][gc,heap      ] GC(656) ParNew: 248271K->11683K(270336K)
[2508.023s][info ][gc,heap      ] GC(656) CMS: 422345K->422503K(600768K)
[2508.023s][info ][gc,metaspace ] GC(656) Metaspace: 59507K->59507K(1103872K)
[2508.023s][info ][gc           ] GC(656) Pause Young (Allocation Failure) 654M->424M(850M) 5.057ms
[2508.023s][info ][gc,cpu       ] GC(656) User=0.02s Sys=0.00s Real=0.00s
[2508.023s][info ][safepoint    ] Leaving safepoint region
[2508.023s][info ][safepoint    ] Total time for which application threads were stopped: 0.0052048 seconds, Stopping threads took: 0.0000148 seconds
[2509.024s][info ][safepoint    ] Application time: 1.0001470 seconds
[2509.024s][info ][safepoint    ] Entering safepoint region: Cleanup
[2509.024s][info ][safepoint    ] Leaving safepoint region
[2509.024s][info ][safepoint    ] Total time for which application threads were stopped: 0.0000782 seconds, Stopping threads took: 0.0000161 seconds
[2510.024s][info ][safepoint    ] Application time: 1.0000825 seconds
[2510.024s][info ][safepoint    ] Entering safepoint region: Cleanup
[2510.024s][info ][safepoint    ] Leaving safepoint region
[2510.024s][info ][safepoint    ] Total time for which application threads were stopped: 0.0001024 seconds, Stopping threads took: 0.0000358 seconds
[2511.024s][info ][safepoint    ] Application time: 1.0000779 seconds
[2511.024s][info ][safepoint    ] Entering safepoint region: Cleanup
[2511.024s][info ][safepoint    ] Leaving safepoint region
[2511.024s][info ][safepoint    ] Total time for which application threads were stopped: 0.0001601 seconds, Stopping threads took: 0.0000681 seconds
[2511.328s][info ][safepoint    ] Application time: 0.3032001 seconds
[2511.328s][info ][safepoint    ] Entering safepoint region: GenCollectForAllocation
[2511.328s][info ][gc,start     ] GC(657) Pause Young (Allocation Failure)
[2511.328s][info ][gc,task      ] GC(657) Using 4 workers of 4 for evacuation
[2511.332s][debug][gc,ref       ] GC(657) Skipped phase1 of Reference Processing due to unavailable references
[2511.332s][debug][gc,ref       ] GC(657) Skipped phase3 of Reference Processing due to unavailable references
[2511.332s][debug][gc,ref       ] GC(657) Skipped phase4 of Reference Processing due to unavailable references
[2511.332s][debug][gc,age       ] GC(657) Desired survivor size 15368192 bytes, new threshold 6 (max threshold 6)
[2511.332s][info ][gc,heap      ] GC(657) ParNew: 252003K->13581K(270336K)
[2511.332s][info ][gc,heap      ] GC(657) CMS: 422503K->422531K(600768K)
[2511.332s][info ][gc,metaspace ] GC(657) Metaspace: 59508K->59508K(1103872K)
[2511.332s][info ][gc           ] GC(657) Pause Young (Allocation Failure) 658M->425M(850M) 4.776ms
[2511.332s][info ][gc,cpu       ] GC(657) User=0.02s Sys=0.00s Real=0.01s
[2511.333s][info ][safepoint    ] Leaving safepoint region
[2511.333s][info ][safepoint    ] Total time for which application threads were stopped: 0.0049505 seconds, Stopping threads took: 0.0000136 seconds
[2512.333s][info ][safepoint    ] Application time: 1.0001126 seconds
[2512.333s][info ][safepoint    ] Entering safepoint region: Cleanup
[2512.333s][info ][safepoint    ] Leaving safepoint region
[2512.333s][info ][safepoint    ] Total time for which application threads were stopped: 0.0001224 seconds, Stopping threads took: 0.0000177 seconds
[2513.333s][info ][safepoint    ] Application time: 1.0000910 seconds
[2513.333s][info ][safepoint    ] Entering safepoint region: Cleanup
[2513.333s][info ][safepoint    ] Leaving safepoint region
[2513.333s][info ][safepoint    ] Total time for which application threads were stopped: 0.0000802 seconds, Stopping threads took: 0.0000181 seconds
[2514.333s][info ][safepoint    ] Application time: 1.0000991 seconds
[2514.333s][info ][safepoint    ] Entering safepoint region: Cleanup
[2514.333s][info ][safepoint    ] Leaving safepoint region
[2514.333s][info ][safepoint    ] Total time for which application threads were stopped: 0.0000914 seconds, Stopping threads took: 0.0000147 seconds
[2514.467s][info ][safepoint    ] Application time: 0.1335773 seconds
[2514.467s][info ][safepoint    ] Entering safepoint region: GenCollectForAllocation
[2514.467s][info ][gc,start     ] GC(658) Pause Young (Allocation Failure)
[2514.467s][info ][gc,task      ] GC(658) Using 4 workers of 4 for evacuation
[2514.472s][debug][gc,ref       ] GC(658) Skipped phase1 of Reference Processing due to unavailable references
[2514.472s][debug][gc,ref       ] GC(658) Skipped phase3 of Reference Processing due to unavailable references
[2514.472s][debug][gc,ref       ] GC(658) Skipped phase4 of Reference Processing due to unavailable references
[2514.473s][debug][gc,age       ] GC(658) Desired survivor size 15368192 bytes, new threshold 6 (max threshold 6)
[2514.473s][info ][gc,heap      ] GC(658) ParNew: 253901K->13960K(270336K)
[2514.473s][info ][gc,heap      ] GC(658) CMS: 422531K->422597K(600768K)
[2514.473s][info ][gc,metaspace ] GC(658) Metaspace: 59514K->59514K(1103872K)
[2514.473s][info ][gc           ] GC(658) Pause Young (Allocation Failure) 660M->426M(850M) 5.577ms
[2514.473s][info ][gc,cpu       ] GC(658) User=0.02s Sys=0.00s Real=0.01s
[2514.473s][info ][safepoint    ] Leaving safepoint region
[2514.473s][info ][safepoint    ] Total time for which application threads were stopped: 0.0057350 seconds, Stopping threads took: 0.0000152 seconds
[2515.473s][info ][safepoint    ] Application time: 1.0000938 seconds
[2515.473s][info ][safepoint    ] Entering safepoint region: Cleanup
[2515.473s][info ][safepoint    ] Leaving safepoint region
[2515.473s][info ][safepoint    ] Total time for which application threads were stopped: 0.0001929 seconds, Stopping threads took: 0.0001122 seconds
[2516.473s][info ][safepoint    ] Application time: 1.0000844 seconds
[2516.473s][info ][safepoint    ] Entering safepoint region: Cleanup
[2516.473s][info ][safepoint    ] Leaving safepoint region
[2516.473s][info ][safepoint    ] Total time for which application threads were stopped: 0.0000861 seconds, Stopping threads took: 0.0000155 seconds
[2517.475s][info ][safepoint    ] Application time: 1.0013868 seconds
[2517.475s][info ][safepoint    ] Entering safepoint region: Cleanup
[2517.475s][info ][safepoint    ] Leaving safepoint region
[2517.475s][info ][safepoint    ] Total time for which application threads were stopped: 0.0001643 seconds, Stopping threads took: 0.0000932 seconds
[2518.069s][info ][safepoint    ] Application time: 0.5940968 seconds
[2518.069s][info ][safepoint    ] Entering safepoint region: GenCollectForAllocation
[2518.069s][info ][gc,start     ] GC(659) Pause Young (Allocation Failure)
[2518.069s][info ][gc,task      ] GC(659) Using 4 workers of 4 for evacuation
[2518.074s][debug][gc,ref       ] GC(659) Skipped phase1 of Reference Processing due to unavailable references
[2518.074s][debug][gc,ref       ] GC(659) Skipped phase3 of Reference Processing due to unavailable references
[2518.074s][debug][gc,ref       ] GC(659) Skipped phase4 of Reference Processing due to unavailable references
[2518.074s][debug][gc,age       ] GC(659) Desired survivor size 15368192 bytes, new threshold 6 (max threshold 6)
[2518.074s][info ][gc,heap      ] GC(659) ParNew: 254280K->13678K(270336K)
[2518.074s][info ][gc,heap      ] GC(659) CMS: 422597K->422852K(600768K)
[2518.074s][info ][gc,metaspace ] GC(659) Metaspace: 59515K->59515K(1103872K)
[2518.074s][info ][gc           ] GC(659) Pause Young (Allocation Failure) 661M->426M(850M) 5.477ms
[2518.074s][info ][gc,cpu       ] GC(659) User=0.02s Sys=0.00s Real=0.01s
[2518.074s][info ][safepoint    ] Leaving safepoint region
[2518.074s][info ][safepoint    ] Total time for which application threads were stopped: 0.0056327 seconds, Stopping threads took: 0.0000152 seconds
[2519.075s][info ][safepoint    ] Application time: 1.0001090 seconds
[2519.075s][info ][safepoint    ] Entering safepoint region: Cleanup
[2519.075s][info ][safepoint    ] Leaving safepoint region
[2519.075s][info ][safepoint    ] Total time for which application threads were stopped: 0.0000961 seconds, Stopping threads took: 0.0000162 seconds
[2520.075s][info ][safepoint    ] Application time: 1.0000895 seconds
[2520.075s][info ][safepoint    ] Entering safepoint region: Cleanup
[2520.075s][info ][safepoint    ] Leaving safepoint region
[2520.075s][info ][safepoint    ] Total time for which application threads were stopped: 0.0001147 seconds, Stopping threads took: 0.0000308 seconds
[2521.080s][info ][safepoint    ] Application time: 1.0051888 seconds
[2521.080s][info ][safepoint    ] Entering safepoint region: Cleanup
[2521.080s][info ][safepoint    ] Leaving safepoint region
[2521.080s][info ][safepoint    ] Total time for which application threads were stopped: 0.0000945 seconds, Stopping threads took: 0.0000192 seconds
[2521.913s][info ][safepoint    ] Application time: 0.8327967 seconds
[2521.913s][info ][safepoint    ] Entering safepoint region: GenCollectForAllocation
[2521.913s][info ][gc,start     ] GC(660) Pause Young (Allocation Failure)
[2521.913s][info ][gc,task      ] GC(660) Using 4 workers of 4 for evacuation
[2521.921s][debug][gc,ref       ] GC(660) Skipped phase1 of Reference Processing due to unavailable references
[2521.921s][debug][gc,ref       ] GC(660) Skipped phase3 of Reference Processing due to unavailable references
[2521.921s][debug][gc,ref       ] GC(660) Skipped phase4 of Reference Processing due to unavailable references
[2521.921s][debug][gc,age       ] GC(660) Desired survivor size 15368192 bytes, new threshold 6 (max threshold 6)
[2521.921s][info ][gc,heap      ] GC(660) ParNew: 253998K->9259K(270336K)
[2521.921s][info ][gc,heap      ] GC(660) CMS: 422852K->424826K(600768K)
[2521.921s][info ][gc,metaspace ] GC(660) Metaspace: 59516K->59516K(1103872K)
[2521.921s][info ][gc           ] GC(660) Pause Young (Allocation Failure) 660M->423M(850M) 7.796ms
[2521.921s][info ][gc,cpu       ] GC(660) User=0.02s Sys=0.00s Real=0.00s
[2521.921s][info ][safepoint    ] Leaving safepoint region
[2521.921s][info ][safepoint    ] Total time for which application threads were stopped: 0.0079835 seconds, Stopping threads took: 0.0000180 seconds
[2522.921s][info ][safepoint    ] Application time: 1.0001115 seconds
[2522.921s][info ][safepoint    ] Entering safepoint region: Cleanup
[2522.921s][info ][safepoint    ] Leaving safepoint region
[2522.921s][info ][safepoint    ] Total time for which application threads were stopped: 0.0000819 seconds, Stopping threads took: 0.0000150 seconds
[2523.921s][info ][safepoint    ] Application time: 1.0000986 seconds
[2523.922s][info ][safepoint    ] Entering safepoint region: Cleanup
[2523.922s][info ][safepoint    ] Leaving safepoint region
[2523.922s][info ][safepoint    ] Total time for which application threads were stopped: 0.0001818 seconds, Stopping threads took: 0.0000918 seconds
[2524.922s][info ][safepoint    ] Application time: 1.0001017 seconds
[2524.922s][info ][safepoint    ] Entering safepoint region: Cleanup
[2524.922s][info ][safepoint    ] Leaving safepoint region
[2524.922s][info ][safepoint    ] Total time for which application threads were stopped: 0.0000739 seconds, Stopping threads took: 0.0000151 seconds
[2525.215s][info ][safepoint    ] Application time: 0.2931687 seconds
[2525.215s][info ][safepoint    ] Entering safepoint region: GenCollectForAllocation
[2525.215s][info ][gc,start     ] GC(661) Pause Young (Allocation Failure)
[2525.215s][info ][gc,task      ] GC(661) Using 4 workers of 4 for evacuation
[2525.221s][debug][gc,ref       ] GC(661) Skipped phase1 of Reference Processing due to unavailable references
[2525.221s][debug][gc,ref       ] GC(661) Skipped phase3 of Reference Processing due to unavailable references
[2525.221s][debug][gc,age       ] GC(661) Desired survivor size 15368192 bytes, new threshold 6 (max threshold 6)
[2525.221s][info ][gc,heap      ] GC(661) ParNew: 249579K->9804K(270336K)
[2525.221s][info ][gc,heap      ] GC(661) CMS: 424826K->427584K(600768K)
[2525.221s][info ][gc,metaspace ] GC(661) Metaspace: 59528K->59528K(1103872K)
[2525.221s][info ][gc           ] GC(661) Pause Young (Allocation Failure) 658M->427M(850M) 5.797ms
[2525.221s][info ][gc,cpu       ] GC(661) User=0.02s Sys=0.00s Real=0.00s
[2525.221s][info ][safepoint    ] Leaving safepoint region
[2525.221s][info ][safepoint    ] Total time for which application threads were stopped: 0.0059694 seconds, Stopping threads took: 0.0000169 seconds
[2526.221s][info ][safepoint    ] Application time: 1.0000923 seconds
[2526.221s][info ][safepoint    ] Entering safepoint region: Cleanup
[2526.221s][info ][safepoint    ] Leaving safepoint region
[2526.221s][info ][safepoint    ] Total time for which application threads were stopped: 0.0000706 seconds, Stopping threads took: 0.0000161 seconds
[2527.221s][info ][safepoint    ] Application time: 1.0001056 seconds
[2527.221s][info ][safepoint    ] Entering safepoint region: Cleanup
[2527.221s][info ][safepoint    ] Leaving safepoint region
[2527.221s][info ][safepoint    ] Total time for which application threads were stopped: 0.0000805 seconds, Stopping threads took: 0.0000173 seconds
[2528.222s][info ][safepoint    ] Application time: 1.0001042 seconds
[2528.222s][info ][safepoint    ] Entering safepoint region: Cleanup
[2528.222s][info ][safepoint    ] Leaving safepoint region
[2528.222s][info ][safepoint    ] Total time for which application threads were stopped: 0.0000870 seconds, Stopping threads took: 0.0000149 seconds
[2528.959s][info ][safepoint    ] Application time: 0.7369625 seconds
[2528.959s][info ][safepoint    ] Entering safepoint region: GenCollectForAllocation
[2528.959s][info ][gc,start     ] GC(662) Pause Young (Allocation Failure)
[2528.959s][info ][gc,task      ] GC(662) Using 4 workers of 4 for evacuation
[2528.964s][debug][gc,ref       ] GC(662) Skipped phase1 of Reference Processing due to unavailable references
[2528.964s][debug][gc,ref       ] GC(662) Skipped phase3 of Reference Processing due to unavailable references
[2528.964s][debug][gc,ref       ] GC(662) Skipped phase4 of Reference Processing due to unavailable references
[2528.964s][debug][gc,age       ] GC(662) Desired survivor size 15368192 bytes, new threshold 6 (max threshold 6)
[2528.964s][info ][gc,heap      ] GC(662) ParNew: 250124K->7068K(270336K)
[2528.964s][info ][gc,heap      ] GC(662) CMS: 427584K->429189K(600768K)
[2528.964s][info ][gc,metaspace ] GC(662) Metaspace: 59530K->59530K(1103872K)
[2528.964s][info ][gc           ] GC(662) Pause Young (Allocation Failure) 661M->426M(850M) 5.141ms
[2528.964s][info ][gc,cpu       ] GC(662) User=0.02s Sys=0.00s Real=0.00s
[2528.964s][info ][safepoint    ] Leaving safepoint region
[2528.964s][info ][safepoint    ] Total time for which application threads were stopped: 0.0053304 seconds, Stopping threads took: 0.0000481 seconds
[2529.964s][info ][safepoint    ] Application time: 1.0001086 seconds
[2529.964s][info ][safepoint    ] Entering safepoint region: Cleanup
[2529.964s][info ][safepoint    ] Leaving safepoint region
[2529.964s][info ][safepoint    ] Total time for which application threads were stopped: 0.0001341 seconds, Stopping threads took: 0.0000624 seconds
[2530.964s][info ][safepoint    ] Application time: 1.0001032 seconds
[2530.964s][info ][safepoint    ] Entering safepoint region: Cleanup
[2530.965s][info ][safepoint    ] Leaving safepoint region
[2530.965s][info ][safepoint    ] Total time for which application threads were stopped: 0.0001323 seconds, Stopping threads took: 0.0000608 seconds
[2531.965s][info ][safepoint    ] Application time: 1.0000915 seconds
[2531.965s][info ][safepoint    ] Entering safepoint region: Cleanup
[2531.965s][info ][safepoint    ] Leaving safepoint region
[2531.965s][info ][safepoint    ] Total time for which application threads were stopped: 0.0003602 seconds, Stopping threads took: 0.0002957 seconds
[2532.814s][info ][safepoint    ] Application time: 0.8485257 seconds
[2532.814s][info ][safepoint    ] Entering safepoint region: GenCollectForAllocation
[2532.814s][info ][gc,start     ] GC(663) Pause Young (Allocation Failure)
[2532.814s][info ][gc,task      ] GC(663) Using 4 workers of 4 for evacuation
[2532.817s][debug][gc,ref       ] GC(663) Skipped phase1 of Reference Processing due to unavailable references
[2532.817s][debug][gc,ref       ] GC(663) Skipped phase3 of Reference Processing due to unavailable references
[2532.817s][debug][gc,ref       ] GC(663) Skipped phase4 of Reference Processing due to unavailable references
[2532.817s][debug][gc,age       ] GC(663) Desired survivor size 15368192 bytes, new threshold 6 (max threshold 6)
[2532.817s][info ][gc,heap      ] GC(663) ParNew: 247388K->9289K(270336K)
[2532.817s][info ][gc,heap      ] GC(663) CMS: 429189K->429454K(600768K)
[2532.817s][info ][gc,metaspace ] GC(663) Metaspace: 59530K->59530K(1103872K)
[2532.817s][info ][gc           ] GC(663) Pause Young (Allocation Failure) 660M->428M(850M) 3.687ms
[2532.817s][info ][gc,cpu       ] GC(663) User=0.01s Sys=0.00s Real=0.00s
[2532.817s][info ][safepoint    ] Leaving safepoint region
[2532.817s][info ][safepoint    ] Total time for which application threads were stopped: 0.0038358 seconds, Stopping threads took: 0.0000156 seconds
[2533.818s][info ][safepoint    ] Application time: 1.0000983 seconds
[2533.818s][info ][safepoint    ] Entering safepoint region: Cleanup
[2533.818s][info ][safepoint    ] Leaving safepoint region
[2533.818s][info ][safepoint    ] Total time for which application threads were stopped: 0.0000809 seconds, Stopping threads took: 0.0000159 seconds
[2534.818s][info ][safepoint    ] Application time: 1.0000865 seconds
[2534.818s][info ][safepoint    ] Entering safepoint region: Cleanup
[2534.818s][info ][safepoint    ] Leaving safepoint region
[2534.818s][info ][safepoint    ] Total time for which application threads were stopped: 0.0000814 seconds, Stopping threads took: 0.0000156 seconds
[2535.818s][info ][safepoint    ] Application time: 1.0000924 seconds
[2535.818s][info ][safepoint    ] Entering safepoint region: Cleanup
[2535.818s][info ][safepoint    ] Leaving safepoint region
[2535.818s][info ][safepoint    ] Total time for which application threads were stopped: 0.0000860 seconds, Stopping threads took: 0.0000142 seconds
[2536.280s][info ][safepoint    ] Application time: 0.4617987 seconds
[2536.280s][info ][safepoint    ] Entering safepoint region: GenCollectForAllocation
[2536.280s][info ][gc,start     ] GC(664) Pause Young (Allocation Failure)
[2536.280s][info ][gc,task      ] GC(664) Using 4 workers of 4 for evacuation
[2536.285s][debug][gc,ref       ] GC(664) Skipped phase1 of Reference Processing due to unavailable references
[2536.285s][debug][gc,ref       ] GC(664) Skipped phase3 of Reference Processing due to unavailable references
[2536.285s][debug][gc,ref       ] GC(664) Skipped phase4 of Reference Processing due to unavailable references
[2536.285s][debug][gc,age       ] GC(664) Desired survivor size 15368192 bytes, new threshold 6 (max threshold 6)
[2536.285s][info ][gc,heap      ] GC(664) ParNew: 249609K->7276K(270336K)
[2536.285s][info ][gc,heap      ] GC(664) CMS: 429454K->430726K(600768K)
[2536.285s][info ][gc,metaspace ] GC(664) Metaspace: 59530K->59530K(1103872K)
[2536.285s][info ][gc           ] GC(664) Pause Young (Allocation Failure) 663M->427M(850M) 4.839ms
[2536.285s][info ][gc,cpu       ] GC(664) User=0.01s Sys=0.00s Real=0.01s
[2536.285s][info ][safepoint    ] Leaving safepoint region
[2536.285s][info ][safepoint    ] Total time for which application threads were stopped: 0.0049985 seconds, Stopping threads took: 0.0000174 seconds
[2537.285s][info ][safepoint    ] Application time: 1.0001036 seconds
[2537.285s][info ][safepoint    ] Entering safepoint region: Cleanup
[2537.285s][info ][safepoint    ] Leaving safepoint region
[2537.285s][info ][safepoint    ] Total time for which application threads were stopped: 0.0001752 seconds, Stopping threads took: 0.0001177 seconds
[2538.285s][info ][safepoint    ] Application time: 1.0000959 seconds
[2538.285s][info ][safepoint    ] Entering safepoint region: Cleanup
[2538.286s][info ][safepoint    ] Leaving safepoint region
[2538.286s][info ][safepoint    ] Total time for which application threads were stopped: 0.0000851 seconds, Stopping threads took: 0.0000152 seconds
[2539.286s][info ][safepoint    ] Application time: 1.0000920 seconds
[2539.286s][info ][safepoint    ] Entering safepoint region: Cleanup
[2539.286s][info ][safepoint    ] Leaving safepoint region
[2539.286s][info ][safepoint    ] Total time for which application threads were stopped: 0.0001475 seconds, Stopping threads took: 0.0000770 seconds
[2539.912s][info ][safepoint    ] Application time: 0.6263850 seconds
[2539.912s][info ][safepoint    ] Entering safepoint region: GenCollectForAllocation
[2539.912s][info ][gc,start     ] GC(665) Pause Young (Allocation Failure)
[2539.912s][info ][gc,task      ] GC(665) Using 4 workers of 4 for evacuation
[2539.916s][debug][gc,ref       ] GC(665) Skipped phase1 of Reference Processing due to unavailable references
[2539.916s][debug][gc,ref       ] GC(665) Skipped phase3 of Reference Processing due to unavailable references
[2539.916s][debug][gc,ref       ] GC(665) Skipped phase4 of Reference Processing due to unavailable references
[2539.916s][debug][gc,age       ] GC(665) Desired survivor size 15368192 bytes, new threshold 6 (max threshold 6)
[2539.916s][info ][gc,heap      ] GC(665) ParNew: 247596K->9367K(270336K)
[2539.916s][info ][gc,heap      ] GC(665) CMS: 430726K->430769K(600768K)
[2539.916s][info ][gc,metaspace ] GC(665) Metaspace: 59530K->59530K(1103872K)
[2539.916s][info ][gc           ] GC(665) Pause Young (Allocation Failure) 662M->429M(850M) 3.691ms
[2539.916s][info ][gc,cpu       ] GC(665) User=0.01s Sys=0.00s Real=0.00s
[2539.916s][info ][safepoint    ] Leaving safepoint region
[2539.916s][info ][safepoint    ] Total time for which application threads were stopped: 0.0038447 seconds, Stopping threads took: 0.0000171 seconds
[2540.916s][info ][safepoint    ] Application time: 1.0002573 seconds
[2540.916s][info ][safepoint    ] Entering safepoint region: Cleanup
[2540.916s][info ][safepoint    ] Leaving safepoint region
[2540.916s][info ][safepoint    ] Total time for which application threads were stopped: 0.0000727 seconds, Stopping threads took: 0.0000161 seconds
[2541.917s][info ][safepoint    ] Application time: 1.0000893 seconds
[2541.917s][info ][safepoint    ] Entering safepoint region: Cleanup
[2541.917s][info ][safepoint    ] Leaving safepoint region
[2541.917s][info ][safepoint    ] Total time for which application threads were stopped: 0.0001589 seconds, Stopping threads took: 0.0000851 seconds
[2542.917s][info ][safepoint    ] Application time: 1.0000927 seconds
[2542.917s][info ][safepoint    ] Entering safepoint region: Cleanup
[2542.917s][info ][safepoint    ] Leaving safepoint region
[2542.917s][info ][safepoint    ] Total time for which application threads were stopped: 0.0001322 seconds, Stopping threads took: 0.0000524 seconds
[2543.713s][info ][safepoint    ] Application time: 0.7961935 seconds
[2543.713s][info ][safepoint    ] Entering safepoint region: GenCollectForAllocation
[2543.713s][info ][gc,start     ] GC(666) Pause Young (Allocation Failure)
[2543.713s][info ][gc,task      ] GC(666) Using 4 workers of 4 for evacuation
[2543.730s][debug][gc,ref       ] GC(666) Skipped phase1 of Reference Processing due to unavailable references
[2543.730s][debug][gc,ref       ] GC(666) Skipped phase3 of Reference Processing due to unavailable references
[2543.730s][debug][gc,ref       ] GC(666) Skipped phase4 of Reference Processing due to unavailable references
[2543.730s][debug][gc,age       ] GC(666) Desired survivor size 15368192 bytes, new threshold 6 (max threshold 6)
[2543.730s][info ][gc,heap      ] GC(666) ParNew: 249687K->9895K(270336K)
[2543.730s][info ][gc,heap      ] GC(666) CMS: 430769K->430806K(600768K)
[2543.730s][info ][gc,metaspace ] GC(666) Metaspace: 59530K->59530K(1103872K)
[2543.730s][info ][gc           ] GC(666) Pause Young (Allocation Failure) 664M->430M(850M) 16.841ms
[2543.730s][info ][gc,cpu       ] GC(666) User=0.02s Sys=0.00s Real=0.01s
[2543.730s][info ][safepoint    ] Leaving safepoint region
[2543.730s][info ][safepoint    ] Total time for which application threads were stopped: 0.0170016 seconds, Stopping threads took: 0.0000148 seconds
[2544.730s][info ][safepoint    ] Application time: 1.0001678 seconds
[2544.730s][info ][safepoint    ] Entering safepoint region: Cleanup
[2544.730s][info ][safepoint    ] Leaving safepoint region
[2544.730s][info ][safepoint    ] Total time for which application threads were stopped: 0.0000768 seconds, Stopping threads took: 0.0000165 seconds
[2545.731s][info ][safepoint    ] Application time: 1.0000959 seconds
[2545.731s][info ][safepoint    ] Entering safepoint region: Cleanup
[2545.731s][info ][safepoint    ] Leaving safepoint region
[2545.731s][info ][safepoint    ] Total time for which application threads were stopped: 0.0000768 seconds, Stopping threads took: 0.0000199 seconds
[2546.731s][info ][safepoint    ] Application time: 1.0000922 seconds
[2546.731s][info ][safepoint    ] Entering safepoint region: Cleanup
[2546.731s][info ][safepoint    ] Leaving safepoint region
[2546.731s][info ][safepoint    ] Total time for which application threads were stopped: 0.0000754 seconds, Stopping threads took: 0.0000156 seconds
[2547.731s][info ][safepoint    ] Application time: 1.0000851 seconds
[2547.731s][info ][safepoint    ] Entering safepoint region: Cleanup
[2547.731s][info ][safepoint    ] Leaving safepoint region
[2547.731s][info ][safepoint    ] Total time for which application threads were stopped: 0.0000750 seconds, Stopping threads took: 0.0000185 seconds
[2548.209s][info ][safepoint    ] Application time: 0.4782936 seconds
[2548.209s][info ][safepoint    ] Entering safepoint region: GenCollectForAllocation
[2548.210s][info ][gc,start     ] GC(667) Pause Young (Allocation Failure)
[2548.210s][info ][gc,task      ] GC(667) Using 4 workers of 4 for evacuation
[2548.213s][debug][gc,ref       ] GC(667) Skipped phase1 of Reference Processing due to unavailable references
[2548.213s][debug][gc,ref       ] GC(667) Skipped phase3 of Reference Processing due to unavailable references
[2548.213s][debug][gc,ref       ] GC(667) Skipped phase4 of Reference Processing due to unavailable references
[2548.213s][debug][gc,age       ] GC(667) Desired survivor size 15368192 bytes, new threshold 6 (max threshold 6)
[2548.213s][info ][gc,heap      ] GC(667) ParNew: 250215K->7727K(270336K)
[2548.213s][info ][gc,heap      ] GC(667) CMS: 430806K->431752K(600768K)
[2548.213s][info ][gc,metaspace ] GC(667) Metaspace: 59530K->59530K(1103872K)
[2548.213s][info ][gc           ] GC(667) Pause Young (Allocation Failure) 665M->429M(850M) 3.881ms
[2548.213s][info ][gc,cpu       ] GC(667) User=0.01s Sys=0.00s Real=0.01s
[2548.213s][info ][safepoint    ] Leaving safepoint region
[2548.213s][info ][safepoint    ] Total time for which application threads were stopped: 0.0040360 seconds, Stopping threads took: 0.0000287 seconds
[2549.214s][info ][safepoint    ] Application time: 1.0000957 seconds
[2549.214s][info ][safepoint    ] Entering safepoint region: Cleanup
[2549.214s][info ][safepoint    ] Leaving safepoint region
[2549.214s][info ][safepoint    ] Total time for which application threads were stopped: 0.0001038 seconds, Stopping threads took: 0.0000404 seconds
[2550.214s][info ][safepoint    ] Application time: 1.0001054 seconds
[2550.214s][info ][safepoint    ] Entering safepoint region: Cleanup
[2550.214s][info ][safepoint    ] Leaving safepoint region
[2550.214s][info ][safepoint    ] Total time for which application threads were stopped: 0.0001614 seconds, Stopping threads took: 0.0000589 seconds
[2551.214s][info ][safepoint    ] Application time: 1.0000838 seconds
[2551.214s][info ][safepoint    ] Entering safepoint region: Cleanup
[2551.214s][info ][safepoint    ] Leaving safepoint region
[2551.214s][info ][safepoint    ] Total time for which application threads were stopped: 0.0001322 seconds, Stopping threads took: 0.0000674 seconds
[2552.214s][info ][safepoint    ] Application time: 1.0000866 seconds
[2552.215s][info ][safepoint    ] Entering safepoint region: Cleanup
[2552.215s][info ][safepoint    ] Leaving safepoint region
[2552.215s][info ][safepoint    ] Total time for which application threads were stopped: 0.0001450 seconds, Stopping threads took: 0.0000786 seconds
[2552.662s][info ][safepoint    ] Application time: 0.4473409 seconds
[2552.662s][info ][safepoint    ] Entering safepoint region: GenCollectForAllocation
[2552.662s][info ][gc,start     ] GC(668) Pause Young (Allocation Failure)
[2552.662s][info ][gc,task      ] GC(668) Using 4 workers of 4 for evacuation
[2552.666s][debug][gc,ref       ] GC(668) Skipped phase1 of Reference Processing due to unavailable references
[2552.666s][debug][gc,ref       ] GC(668) Skipped phase3 of Reference Processing due to unavailable references
[2552.666s][debug][gc,ref       ] GC(668) Skipped phase4 of Reference Processing due to unavailable references
[2552.667s][debug][gc,age       ] GC(668) Desired survivor size 15368192 bytes, new threshold 6 (max threshold 6)
[2552.667s][info ][gc,heap      ] GC(668) ParNew: 248047K->8505K(270336K)
[2552.667s][info ][gc,heap      ] GC(668) CMS: 431752K->432606K(600768K)
[2552.667s][info ][gc,metaspace ] GC(668) Metaspace: 59530K->59530K(1103872K)
[2552.667s][info ][gc           ] GC(668) Pause Young (Allocation Failure) 663M->430M(850M) 4.523ms
[2552.667s][info ][gc,cpu       ] GC(668) User=0.02s Sys=0.00s Real=0.01s
[2552.667s][info ][safepoint    ] Leaving safepoint region
[2552.667s][info ][safepoint    ] Total time for which application threads were stopped: 0.0046890 seconds, Stopping threads took: 0.0000171 seconds
[2553.667s][info ][safepoint    ] Application time: 1.0001099 seconds
[2553.667s][info ][safepoint    ] Entering safepoint region: Cleanup
[2553.667s][info ][safepoint    ] Leaving safepoint region
[2553.667s][info ][safepoint    ] Total time for which application threads were stopped: 0.0000921 seconds, Stopping threads took: 0.0000161 seconds
[2554.667s][info ][safepoint    ] Application time: 1.0000683 seconds
[2554.667s][info ][safepoint    ] Entering safepoint region: Cleanup
[2554.667s][info ][safepoint    ] Leaving safepoint region
[2554.667s][info ][safepoint    ] Total time for which application threads were stopped: 0.0000797 seconds, Stopping threads took: 0.0000186 seconds
[2555.667s][info ][safepoint    ] Application time: 1.0001098 seconds
[2555.667s][info ][safepoint    ] Entering safepoint region: Cleanup
[2555.667s][info ][safepoint    ] Leaving safepoint region
[2555.667s][info ][safepoint    ] Total time for which application threads were stopped: 0.0000734 seconds, Stopping threads took: 0.0000158 seconds
[2556.667s][info ][safepoint    ] Application time: 1.0000690 seconds
[2556.667s][info ][safepoint    ] Entering safepoint region: Cleanup
[2556.667s][info ][safepoint    ] Leaving safepoint region
[2556.667s][info ][safepoint    ] Total time for which application threads were stopped: 0.0000719 seconds, Stopping threads took: 0.0000157 seconds
[2557.014s][info ][safepoint    ] Application time: 0.3463456 seconds
[2557.014s][info ][safepoint    ] Entering safepoint region: GenCollectForAllocation
[2557.014s][info ][gc,start     ] GC(669) Pause Young (Allocation Failure)
[2557.014s][info ][gc,task      ] GC(669) Using 4 workers of 4 for evacuation
[2557.018s][debug][gc,ref       ] GC(669) Skipped phase1 of Reference Processing due to unavailable references
[2557.018s][debug][gc,ref       ] GC(669) Skipped phase3 of Reference Processing due to unavailable references
[2557.018s][debug][gc,ref       ] GC(669) Skipped phase4 of Reference Processing due to unavailable references
[2557.018s][debug][gc,age       ] GC(669) Desired survivor size 15368192 bytes, new threshold 6 (max threshold 6)
[2557.018s][info ][gc,heap      ] GC(669) ParNew: 248825K->5697K(270336K)
[2557.018s][info ][gc,heap      ] GC(669) CMS: 432606K->433566K(600768K)
[2557.018s][info ][gc,metaspace ] GC(669) Metaspace: 59530K->59530K(1103872K)
[2557.018s][info ][gc           ] GC(669) Pause Young (Allocation Failure) 665M->428M(850M) 4.236ms
[2557.018s][info ][gc,cpu       ] GC(669) User=0.01s Sys=0.00s Real=0.00s
[2557.018s][info ][safepoint    ] Leaving safepoint region
[2557.018s][info ][safepoint    ] Total time for which application threads were stopped: 0.0044016 seconds, Stopping threads took: 0.0000144 seconds
[2558.018s][info ][safepoint    ] Application time: 1.0001125 seconds
[2558.018s][info ][safepoint    ] Entering safepoint region: Cleanup
[2558.019s][info ][safepoint    ] Leaving safepoint region
[2558.019s][info ][safepoint    ] Total time for which application threads were stopped: 0.0000944 seconds, Stopping threads took: 0.0000166 seconds
[2559.019s][info ][safepoint    ] Application time: 1.0000511 seconds
[2559.019s][info ][safepoint    ] Entering safepoint region: Cleanup
[2559.019s][info ][safepoint    ] Leaving safepoint region
[2559.019s][info ][safepoint    ] Total time for which application threads were stopped: 0.0000749 seconds, Stopping threads took: 0.0000177 seconds
[2560.019s][info ][safepoint    ] Application time: 1.0000942 seconds
[2560.019s][info ][safepoint    ] Entering safepoint region: Cleanup
[2560.019s][info ][safepoint    ] Leaving safepoint region
[2560.019s][info ][safepoint    ] Total time for which application threads were stopped: 0.0000767 seconds, Stopping threads took: 0.0000180 seconds
[2561.019s][info ][safepoint    ] Application time: 1.0001035 seconds
[2561.019s][info ][safepoint    ] Entering safepoint region: Cleanup
[2561.019s][info ][safepoint    ] Leaving safepoint region
[2561.019s][info ][safepoint    ] Total time for which application threads were stopped: 0.0000702 seconds, Stopping threads took: 0.0000147 seconds
[2561.309s][info ][safepoint    ] Application time: 0.2894743 seconds
[2561.309s][info ][safepoint    ] Entering safepoint region: GenCollectForAllocation
[2561.309s][info ][gc,start     ] GC(670) Pause Young (Allocation Failure)
[2561.309s][info ][gc,task      ] GC(670) Using 4 workers of 4 for evacuation
[2561.313s][debug][gc,ref       ] GC(670) Skipped phase1 of Reference Processing due to unavailable references
[2561.313s][debug][gc,ref       ] GC(670) Skipped phase2 of Reference Processing due to unavailable references
[2561.313s][debug][gc,ref       ] GC(670) Skipped phase3 of Reference Processing due to unavailable references
[2561.313s][debug][gc,ref       ] GC(670) Skipped phase4 of Reference Processing due to unavailable references
[2561.313s][debug][gc,age       ] GC(670) Desired survivor size 15368192 bytes, new threshold 6 (max threshold 6)
[2561.313s][info ][gc,heap      ] GC(670) ParNew: 246017K->3803K(270336K)
[2561.313s][info ][gc,heap      ] GC(670) CMS: 433566K->435577K(600768K)
[2561.313s][info ][gc,metaspace ] GC(670) Metaspace: 59530K->59530K(1103872K)
[2561.313s][info ][gc           ] GC(670) Pause Young (Allocation Failure) 663M->429M(850M) 4.183ms
[2561.313s][info ][gc,cpu       ] GC(670) User=0.01s Sys=0.00s Real=0.01s
[2561.313s][info ][safepoint    ] Leaving safepoint region
[2561.313s][info ][safepoint    ] Total time for which application threads were stopped: 0.0043863 seconds, Stopping threads took: 0.0000686 seconds
[2562.313s][info ][safepoint    ] Application time: 1.0001061 seconds
[2562.313s][info ][safepoint    ] Entering safepoint region: Cleanup
[2562.313s][info ][safepoint    ] Leaving safepoint region
[2562.313s][info ][safepoint    ] Total time for which application threads were stopped: 0.0001725 seconds, Stopping threads took: 0.0000796 seconds
[2563.313s][info ][safepoint    ] Application time: 1.0001010 seconds
[2563.314s][info ][safepoint    ] Entering safepoint region: Cleanup
[2563.314s][info ][safepoint    ] Leaving safepoint region
[2563.314s][info ][safepoint    ] Total time for which application threads were stopped: 0.0001437 seconds, Stopping threads took: 0.0000725 seconds
[2564.314s][info ][safepoint    ] Application time: 1.0000654 seconds
[2564.314s][info ][safepoint    ] Entering safepoint region: Cleanup
[2564.314s][info ][safepoint    ] Leaving safepoint region
[2564.314s][info ][safepoint    ] Total time for which application threads were stopped: 0.0001316 seconds, Stopping threads took: 0.0000642 seconds
[2565.314s][info ][safepoint    ] Application time: 1.0000853 seconds
[2565.314s][info ][safepoint    ] Entering safepoint region: Cleanup
[2565.314s][info ][safepoint    ] Leaving safepoint region
[2565.314s][info ][safepoint    ] Total time for which application threads were stopped: 0.0001549 seconds, Stopping threads took: 0.0000836 seconds
[2565.712s][info ][safepoint    ] Application time: 0.3979979 seconds
[2565.712s][info ][safepoint    ] Entering safepoint region: GenCollectForAllocation
[2565.712s][info ][gc,start     ] GC(671) Pause Young (Allocation Failure)
[2565.712s][info ][gc,task      ] GC(671) Using 4 workers of 4 for evacuation
[2565.716s][debug][gc,ref       ] GC(671) Skipped phase1 of Reference Processing due to unavailable references
[2565.716s][debug][gc,ref       ] GC(671) Skipped phase2 of Reference Processing due to unavailable references
[2565.716s][debug][gc,ref       ] GC(671) Skipped phase3 of Reference Processing due to unavailable references
[2565.716s][debug][gc,ref       ] GC(671) Skipped phase4 of Reference Processing due to unavailable references
[2565.716s][debug][gc,age       ] GC(671) Desired survivor size 15368192 bytes, new threshold 6 (max threshold 6)
[2565.716s][info ][gc,heap      ] GC(671) ParNew: 244123K->2599K(270336K)
[2565.716s][info ][gc,heap      ] GC(671) CMS: 435577K->435801K(600768K)
[2565.716s][info ][gc,metaspace ] GC(671) Metaspace: 59530K->59530K(1103872K)
[2565.716s][info ][gc           ] GC(671) Pause Young (Allocation Failure) 663M->428M(850M) 3.662ms
[2565.716s][info ][gc,cpu       ] GC(671) User=0.02s Sys=0.01s Real=0.00s
[2565.716s][info ][safepoint    ] Leaving safepoint region
[2565.716s][info ][safepoint    ] Total time for which application threads were stopped: 0.0038112 seconds, Stopping threads took: 0.0000167 seconds
[2566.716s][info ][safepoint    ] Application time: 1.0001188 seconds
[2566.716s][info ][safepoint    ] Entering safepoint region: Cleanup
[2566.716s][info ][safepoint    ] Leaving safepoint region
[2566.716s][info ][safepoint    ] Total time for which application threads were stopped: 0.0001389 seconds, Stopping threads took: 0.0000756 seconds
[2567.716s][info ][safepoint    ] Application time: 1.0000929 seconds
[2567.717s][info ][safepoint    ] Entering safepoint region: Cleanup
[2567.717s][info ][safepoint    ] Leaving safepoint region
[2567.717s][info ][safepoint    ] Total time for which application threads were stopped: 0.0003112 seconds, Stopping threads took: 0.0001052 seconds
[2568.717s][info ][safepoint    ] Application time: 1.0000971 seconds
[2568.717s][info ][safepoint    ] Entering safepoint region: Cleanup
[2568.717s][info ][safepoint    ] Leaving safepoint region
[2568.717s][info ][safepoint    ] Total time for which application threads were stopped: 0.0000771 seconds, Stopping threads took: 0.0000148 seconds
[2569.613s][info ][safepoint    ] Application time: 0.8959503 seconds
[2569.613s][info ][safepoint    ] Entering safepoint region: GenCollectForAllocation
[2569.613s][info ][gc,start     ] GC(672) Pause Young (Allocation Failure)
[2569.613s][info ][gc,task      ] GC(672) Using 4 workers of 4 for evacuation
[2569.616s][debug][gc,ref       ] GC(672) Skipped phase1 of Reference Processing due to unavailable references
[2569.616s][debug][gc,ref       ] GC(672) Skipped phase2 of Reference Processing due to unavailable references
[2569.616s][debug][gc,ref       ] GC(672) Skipped phase3 of Reference Processing due to unavailable references
[2569.616s][debug][gc,ref       ] GC(672) Skipped phase4 of Reference Processing due to unavailable references
[2569.617s][debug][gc,age       ] GC(672) Desired survivor size 15368192 bytes, new threshold 6 (max threshold 6)
[2569.617s][info ][gc,heap      ] GC(672) ParNew: 242919K->2324K(270336K)
[2569.617s][info ][gc,heap      ] GC(672) CMS: 435801K->436309K(600768K)
[2569.617s][info ][gc,metaspace ] GC(672) Metaspace: 59530K->59530K(1103872K)
[2569.617s][info ][gc           ] GC(672) Pause Young (Allocation Failure) 662M->428M(850M) 3.573ms
[2569.617s][info ][gc,cpu       ] GC(672) User=0.01s Sys=0.00s Real=0.00s
[2569.617s][info ][safepoint    ] Leaving safepoint region
[2569.617s][info ][safepoint    ] Total time for which application threads were stopped: 0.0037518 seconds, Stopping threads took: 0.0000151 seconds
[2570.617s][info ][safepoint    ] Application time: 1.0001014 seconds
[2570.617s][info ][safepoint    ] Entering safepoint region: Cleanup
[2570.617s][info ][safepoint    ] Leaving safepoint region
[2570.617s][info ][safepoint    ] Total time for which application threads were stopped: 0.0001365 seconds, Stopping threads took: 0.0000660 seconds
[2571.617s][info ][safepoint    ] Application time: 1.0001005 seconds
[2571.617s][info ][safepoint    ] Entering safepoint region: Cleanup
[2571.617s][info ][safepoint    ] Leaving safepoint region
[2571.617s][info ][safepoint    ] Total time for which application threads were stopped: 0.0001275 seconds, Stopping threads took: 0.0000459 seconds
[2572.617s][info ][safepoint    ] Application time: 1.0000849 seconds
[2572.617s][info ][safepoint    ] Entering safepoint region: Cleanup
[2572.618s][info ][safepoint    ] Leaving safepoint region
[2572.618s][info ][safepoint    ] Total time for which application threads were stopped: 0.0001647 seconds, Stopping threads took: 0.0000928 seconds
[2573.164s][info ][safepoint    ] Application time: 0.5468786 seconds
[2573.164s][info ][safepoint    ] Entering safepoint region: GenCollectForAllocation
[2573.165s][info ][gc,start     ] GC(673) Pause Young (Allocation Failure)
[2573.165s][info ][gc,task      ] GC(673) Using 4 workers of 4 for evacuation
[2573.168s][debug][gc,ref       ] GC(673) Skipped phase1 of Reference Processing due to unavailable references
[2573.168s][debug][gc,ref       ] GC(673) Skipped phase2 of Reference Processing due to unavailable references
[2573.168s][debug][gc,ref       ] GC(673) Skipped phase3 of Reference Processing due to unavailable references
[2573.168s][debug][gc,ref       ] GC(673) Skipped phase4 of Reference Processing due to unavailable references
[2573.168s][debug][gc,age       ] GC(673) Desired survivor size 15368192 bytes, new threshold 6 (max threshold 6)
[2573.168s][info ][gc,heap      ] GC(673) ParNew: 242644K->2279K(270336K)
[2573.168s][info ][gc,heap      ] GC(673) CMS: 436309K->436415K(600768K)
[2573.168s][info ][gc,metaspace ] GC(673) Metaspace: 59530K->59530K(1103872K)
[2573.168s][info ][gc           ] GC(673) Pause Young (Allocation Failure) 663M->428M(850M) 3.161ms
[2573.168s][info ][gc,cpu       ] GC(673) User=0.01s Sys=0.00s Real=0.00s
[2573.168s][info ][safepoint    ] Leaving safepoint region
[2573.168s][info ][safepoint    ] Total time for which application threads were stopped: 0.0033122 seconds, Stopping threads took: 0.0000172 seconds
[2574.168s][info ][safepoint    ] Application time: 1.0000994 seconds
[2574.168s][info ][safepoint    ] Entering safepoint region: Cleanup
[2574.168s][info ][safepoint    ] Leaving safepoint region
[2574.168s][info ][safepoint    ] Total time for which application threads were stopped: 0.0000726 seconds, Stopping threads took: 0.0000170 seconds
[2575.168s][info ][safepoint    ] Application time: 1.0000988 seconds
[2575.168s][info ][safepoint    ] Entering safepoint region: Cleanup
[2575.168s][info ][safepoint    ] Leaving safepoint region
[2575.168s][info ][safepoint    ] Total time for which application threads were stopped: 0.0000766 seconds, Stopping threads took: 0.0000163 seconds
[2576.168s][info ][safepoint    ] Application time: 1.0000765 seconds
[2576.168s][info ][safepoint    ] Entering safepoint region: Cleanup
[2576.169s][info ][safepoint    ] Leaving safepoint region
[2576.169s][info ][safepoint    ] Total time for which application threads were stopped: 0.0001797 seconds, Stopping threads took: 0.0000981 seconds
[2576.315s][info ][safepoint    ] Application time: 0.1468908 seconds
[2576.315s][info ][safepoint    ] Entering safepoint region: GenCollectForAllocation
[2576.316s][info ][gc,start     ] GC(674) Pause Young (Allocation Failure)
[2576.316s][info ][gc,task      ] GC(674) Using 4 workers of 4 for evacuation
[2576.324s][debug][gc,ref       ] GC(674) Skipped phase1 of Reference Processing due to unavailable references
[2576.324s][debug][gc,ref       ] GC(674) Skipped phase2 of Reference Processing due to unavailable references
[2576.324s][debug][gc,ref       ] GC(674) Skipped phase3 of Reference Processing due to unavailable references
[2576.324s][debug][gc,ref       ] GC(674) Skipped phase4 of Reference Processing due to unavailable references
[2576.324s][debug][gc,age       ] GC(674) Desired survivor size 15368192 bytes, new threshold 6 (max threshold 6)
[2576.324s][info ][gc,heap      ] GC(674) ParNew: 242599K->3291K(270336K)
[2576.324s][info ][gc,heap      ] GC(674) CMS: 436415K->436700K(600768K)
[2576.324s][info ][gc,metaspace ] GC(674) Metaspace: 59530K->59530K(1103872K)
[2576.325s][info ][gc           ] GC(674) Pause Young (Allocation Failure) 663M->429M(850M) 8.931ms
[2576.325s][info ][gc,cpu       ] GC(674) User=0.02s Sys=0.00s Real=0.01s
[2576.325s][info ][safepoint    ] Leaving safepoint region
[2576.325s][info ][safepoint    ] Total time for which application threads were stopped: 0.0091072 seconds, Stopping threads took: 0.0000258 seconds
[2577.325s][info ][safepoint    ] Application time: 1.0001322 seconds
[2577.325s][info ][safepoint    ] Entering safepoint region: Cleanup
[2577.325s][info ][safepoint    ] Leaving safepoint region
[2577.325s][info ][safepoint    ] Total time for which application threads were stopped: 0.0000791 seconds, Stopping threads took: 0.0000157 seconds
[2578.325s][info ][safepoint    ] Application time: 1.0000809 seconds
[2578.325s][info ][safepoint    ] Entering safepoint region: Cleanup
[2578.325s][info ][safepoint    ] Leaving safepoint region
[2578.325s][info ][safepoint    ] Total time for which application threads were stopped: 0.0000854 seconds, Stopping threads took: 0.0000166 seconds
[2579.325s][info ][safepoint    ] Application time: 1.0001014 seconds
[2579.325s][info ][safepoint    ] Entering safepoint region: Cleanup
[2579.325s][info ][safepoint    ] Leaving safepoint region
[2579.325s][info ][safepoint    ] Total time for which application threads were stopped: 0.0001007 seconds, Stopping threads took: 0.0000211 seconds
[2579.607s][info ][safepoint    ] Application time: 0.2822616 seconds
[2579.608s][info ][safepoint    ] Entering safepoint region: GenCollectForAllocation
[2579.608s][info ][gc,start     ] GC(675) Pause Young (Allocation Failure)
[2579.608s][info ][gc,task      ] GC(675) Using 4 workers of 4 for evacuation
[2579.611s][debug][gc,ref       ] GC(675) Skipped phase1 of Reference Processing due to unavailable references
[2579.611s][debug][gc,ref       ] GC(675) Skipped phase2 of Reference Processing due to unavailable references
[2579.611s][debug][gc,ref       ] GC(675) Skipped phase3 of Reference Processing due to unavailable references
[2579.611s][debug][gc,ref       ] GC(675) Skipped phase4 of Reference Processing due to unavailable references
[2579.611s][debug][gc,age       ] GC(675) Desired survivor size 15368192 bytes, new threshold 6 (max threshold 6)
[2579.611s][info ][gc,heap      ] GC(675) ParNew: 243611K->4014K(270336K)
[2579.611s][info ][gc,heap      ] GC(675) CMS: 436700K->436785K(600768K)
[2579.611s][info ][gc,metaspace ] GC(675) Metaspace: 59532K->59532K(1103872K)
[2579.611s][info ][gc           ] GC(675) Pause Young (Allocation Failure) 664M->430M(850M) 3.539ms
[2579.611s][info ][gc,cpu       ] GC(675) User=0.01s Sys=0.00s Real=0.00s
[2579.611s][info ][safepoint    ] Leaving safepoint region
[2579.611s][info ][safepoint    ] Total time for which application threads were stopped: 0.0036988 seconds, Stopping threads took: 0.0000178 seconds
[2580.611s][info ][safepoint    ] Application time: 1.0000986 seconds
[2580.611s][info ][safepoint    ] Entering safepoint region: Cleanup
[2580.612s][info ][safepoint    ] Leaving safepoint region
[2580.612s][info ][safepoint    ] Total time for which application threads were stopped: 0.0001727 seconds, Stopping threads took: 0.0000699 seconds
[2581.612s][info ][safepoint    ] Application time: 1.0000996 seconds
[2581.612s][info ][safepoint    ] Entering safepoint region: Cleanup
[2581.612s][info ][safepoint    ] Leaving safepoint region
[2581.612s][info ][safepoint    ] Total time for which application threads were stopped: 0.0001900 seconds, Stopping threads took: 0.0000997 seconds
[2582.612s][info ][safepoint    ] Application time: 1.0000462 seconds
[2582.612s][info ][safepoint    ] Entering safepoint region: Cleanup
[2582.612s][info ][safepoint    ] Leaving safepoint region
[2582.612s][info ][safepoint    ] Total time for which application threads were stopped: 0.0001510 seconds, Stopping threads took: 0.0000641 seconds
[2583.412s][info ][safepoint    ] Application time: 0.7998894 seconds
[2583.412s][info ][safepoint    ] Entering safepoint region: GenCollectForAllocation
[2583.412s][info ][gc,start     ] GC(676) Pause Young (Allocation Failure)
[2583.412s][info ][gc,task      ] GC(676) Using 4 workers of 4 for evacuation
[2583.415s][debug][gc,ref       ] GC(676) Skipped phase1 of Reference Processing due to unavailable references
[2583.415s][debug][gc,ref       ] GC(676) Skipped phase2 of Reference Processing due to unavailable references
[2583.415s][debug][gc,ref       ] GC(676) Skipped phase3 of Reference Processing due to unavailable references
[2583.415s][debug][gc,ref       ] GC(676) Skipped phase4 of Reference Processing due to unavailable references
[2583.415s][debug][gc,age       ] GC(676) Desired survivor size 15368192 bytes, new threshold 6 (max threshold 6)
[2583.415s][info ][gc,heap      ] GC(676) ParNew: 244334K->3670K(270336K)
[2583.415s][info ][gc,heap      ] GC(676) CMS: 436785K->436889K(600768K)
[2583.415s][info ][gc,metaspace ] GC(676) Metaspace: 59533K->59533K(1103872K)
[2583.415s][info ][gc           ] GC(676) Pause Young (Allocation Failure) 665M->430M(850M) 3.120ms
[2583.415s][info ][gc,cpu       ] GC(676) User=0.01s Sys=0.00s Real=0.00s
[2583.415s][info ][safepoint    ] Leaving safepoint region
[2583.415s][info ][safepoint    ] Total time for which application threads were stopped: 0.0032957 seconds, Stopping threads took: 0.0000169 seconds
[2584.415s][info ][safepoint    ] Application time: 1.0000740 seconds
[2584.415s][info ][safepoint    ] Entering safepoint region: Cleanup
[2584.416s][info ][safepoint    ] Leaving safepoint region
[2584.416s][info ][safepoint    ] Total time for which application threads were stopped: 0.0001408 seconds, Stopping threads took: 0.0000657 seconds
[2585.416s][info ][safepoint    ] Application time: 1.0000981 seconds
[2585.416s][info ][safepoint    ] Entering safepoint region: Cleanup
[2585.416s][info ][safepoint    ] Leaving safepoint region
[2585.416s][info ][safepoint    ] Total time for which application threads were stopped: 0.0001385 seconds, Stopping threads took: 0.0000651 seconds
[2586.416s][info ][safepoint    ] Application time: 1.0000588 seconds
[2586.416s][info ][safepoint    ] Entering safepoint region: Cleanup
[2586.416s][info ][safepoint    ] Leaving safepoint region
[2586.416s][info ][safepoint    ] Total time for which application threads were stopped: 0.0003705 seconds, Stopping threads took: 0.0002929 seconds
[2587.260s][info ][safepoint    ] Application time: 0.8435912 seconds
[2587.260s][info ][safepoint    ] Entering safepoint region: GenCollectForAllocation
[2587.260s][info ][gc,start     ] GC(677) Pause Young (Allocation Failure)
[2587.260s][info ][gc,task      ] GC(677) Using 4 workers of 4 for evacuation
[2587.263s][debug][gc,ref       ] GC(677) Skipped phase1 of Reference Processing due to unavailable references
[2587.263s][debug][gc,ref       ] GC(677) Skipped phase2 of Reference Processing due to unavailable references
[2587.263s][debug][gc,ref       ] GC(677) Skipped phase3 of Reference Processing due to unavailable references
[2587.263s][debug][gc,ref       ] GC(677) Skipped phase4 of Reference Processing due to unavailable references
[2587.263s][debug][gc,age       ] GC(677) Desired survivor size 15368192 bytes, new threshold 6 (max threshold 6)
[2587.263s][info ][gc,heap      ] GC(677) ParNew: 243990K->3140K(270336K)
[2587.263s][info ][gc,heap      ] GC(677) CMS: 436889K->436953K(600768K)
[2587.263s][info ][gc,metaspace ] GC(677) Metaspace: 59534K->59534K(1103872K)
[2587.263s][info ][gc           ] GC(677) Pause Young (Allocation Failure) 664M->429M(850M) 3.142ms
[2587.263s][info ][gc,cpu       ] GC(677) User=0.01s Sys=0.01s Real=0.00s
[2587.263s][info ][safepoint    ] Leaving safepoint region
[2587.263s][info ][safepoint    ] Total time for which application threads were stopped: 0.0032960 seconds, Stopping threads took: 0.0000179 seconds
[2588.263s][info ][safepoint    ] Application time: 1.0001695 seconds
[2588.263s][info ][safepoint    ] Entering safepoint region: Cleanup
[2588.264s][info ][safepoint    ] Leaving safepoint region
[2588.264s][info ][safepoint    ] Total time for which application threads were stopped: 0.0001218 seconds, Stopping threads took: 0.0000548 seconds
[2589.264s][info ][safepoint    ] Application time: 1.0001140 seconds
[2589.264s][info ][safepoint    ] Entering safepoint region: Cleanup
[2589.264s][info ][safepoint    ] Leaving safepoint region
[2589.264s][info ][safepoint    ] Total time for which application threads were stopped: 0.0001584 seconds, Stopping threads took: 0.0000871 seconds
[2590.264s][info ][safepoint    ] Application time: 1.0001464 seconds
[2590.264s][info ][safepoint    ] Entering safepoint region: Cleanup
[2590.264s][info ][safepoint    ] Leaving safepoint region
[2590.264s][info ][safepoint    ] Total time for which application threads were stopped: 0.0001499 seconds, Stopping threads took: 0.0000717 seconds
[2591.264s][info ][safepoint    ] Application time: 1.0000613 seconds
[2591.264s][info ][safepoint    ] Entering safepoint region: Cleanup
[2591.264s][info ][safepoint    ] Leaving safepoint region
[2591.264s][info ][safepoint    ] Total time for which application threads were stopped: 0.0001318 seconds, Stopping threads took: 0.0000562 seconds
[2591.360s][info ][safepoint    ] Application time: 0.0958575 seconds
[2591.360s][info ][safepoint    ] Entering safepoint region: GenCollectForAllocation
[2591.360s][info ][gc,start     ] GC(678) Pause Young (Allocation Failure)
[2591.360s][info ][gc,task      ] GC(678) Using 4 workers of 4 for evacuation
[2591.364s][debug][gc,ref       ] GC(678) Skipped phase1 of Reference Processing due to unavailable references
[2591.364s][debug][gc,ref       ] GC(678) Skipped phase2 of Reference Processing due to unavailable references
[2591.364s][debug][gc,ref       ] GC(678) Skipped phase3 of Reference Processing due to unavailable references
[2591.364s][debug][gc,ref       ] GC(678) Skipped phase4 of Reference Processing due to unavailable references
[2591.364s][debug][gc,age       ] GC(678) Desired survivor size 15368192 bytes, new threshold 6 (max threshold 6)
[2591.364s][info ][gc,heap      ] GC(678) ParNew: 243460K->3837K(270336K)
[2591.364s][info ][gc,heap      ] GC(678) CMS: 436953K->437219K(600768K)
[2591.364s][info ][gc,metaspace ] GC(678) Metaspace: 59534K->59534K(1103872K)
[2591.364s][info ][gc           ] GC(678) Pause Young (Allocation Failure) 664M->430M(850M) 3.719ms
[2591.364s][info ][gc,cpu       ] GC(678) User=0.02s Sys=0.00s Real=0.01s
[2591.364s][info ][safepoint    ] Leaving safepoint region
[2591.364s][info ][safepoint    ] Total time for which application threads were stopped: 0.0039134 seconds, Stopping threads took: 0.0000590 seconds
[2592.364s][info ][safepoint    ] Application time: 1.0001043 seconds
[2592.364s][info ][safepoint    ] Entering safepoint region: Cleanup
[2592.364s][info ][safepoint    ] Leaving safepoint region
[2592.364s][info ][safepoint    ] Total time for which application threads were stopped: 0.0001236 seconds, Stopping threads took: 0.0000490 seconds
[2593.365s][info ][safepoint    ] Application time: 1.0000779 seconds
[2593.365s][info ][safepoint    ] Entering safepoint region: Cleanup
[2593.365s][info ][safepoint    ] Leaving safepoint region
[2593.365s][info ][safepoint    ] Total time for which application threads were stopped: 0.0001412 seconds, Stopping threads took: 0.0000694 seconds
[2594.365s][info ][safepoint    ] Application time: 1.0000900 seconds
[2594.365s][info ][safepoint    ] Entering safepoint region: Cleanup
[2594.365s][info ][safepoint    ] Leaving safepoint region
[2594.365s][info ][safepoint    ] Total time for which application threads were stopped: 0.0001381 seconds, Stopping threads took: 0.0000654 seconds
[2594.717s][info ][safepoint    ] Application time: 0.3515079 seconds
[2594.717s][info ][safepoint    ] Entering safepoint region: GenCollectForAllocation
[2594.717s][info ][gc,start     ] GC(679) Pause Young (Allocation Failure)
[2594.717s][info ][gc,task      ] GC(679) Using 4 workers of 4 for evacuation
[2594.720s][debug][gc,ref       ] GC(679) Skipped phase1 of Reference Processing due to unavailable references
[2594.720s][debug][gc,ref       ] GC(679) Skipped phase2 of Reference Processing due to unavailable references
[2594.720s][debug][gc,ref       ] GC(679) Skipped phase3 of Reference Processing due to unavailable references
[2594.720s][debug][gc,ref       ] GC(679) Skipped phase4 of Reference Processing due to unavailable references
[2594.720s][debug][gc,age       ] GC(679) Desired survivor size 15368192 bytes, new threshold 6 (max threshold 6)
[2594.720s][info ][gc,heap      ] GC(679) ParNew: 244157K->3229K(270336K)
[2594.720s][info ][gc,heap      ] GC(679) CMS: 437219K->437408K(600768K)
[2594.720s][info ][gc,metaspace ] GC(679) Metaspace: 59536K->59536K(1103872K)
[2594.720s][info ][gc           ] GC(679) Pause Young (Allocation Failure) 665M->430M(850M) 3.411ms
[2594.720s][info ][gc,cpu       ] GC(679) User=0.01s Sys=0.00s Real=0.00s
[2594.720s][info ][safepoint    ] Leaving safepoint region
[2594.720s][info ][safepoint    ] Total time for which application threads were stopped: 0.0035827 seconds, Stopping threads took: 0.0000174 seconds
[2595.720s][info ][safepoint    ] Application time: 1.0001071 seconds
[2595.720s][info ][safepoint    ] Entering safepoint region: Cleanup
[2595.720s][info ][safepoint    ] Leaving safepoint region
[2595.720s][info ][safepoint    ] Total time for which application threads were stopped: 0.0001988 seconds, Stopping threads took: 0.0001075 seconds
[2596.721s][info ][safepoint    ] Application time: 1.0000939 seconds
[2596.721s][info ][safepoint    ] Entering safepoint region: Cleanup
[2596.721s][info ][safepoint    ] Leaving safepoint region
[2596.721s][info ][safepoint    ] Total time for which application threads were stopped: 0.0000745 seconds, Stopping threads took: 0.0000172 seconds
[2597.721s][info ][safepoint    ] Application time: 1.0001517 seconds
[2597.721s][info ][safepoint    ] Entering safepoint region: Cleanup
[2597.721s][info ][safepoint    ] Leaving safepoint region
[2597.721s][info ][safepoint    ] Total time for which application threads were stopped: 0.0000897 seconds, Stopping threads took: 0.0000167 seconds
[2598.062s][info ][safepoint    ] Application time: 0.3413504 seconds
[2598.062s][info ][safepoint    ] Entering safepoint region: GenCollectForAllocation
[2598.062s][info ][gc,start     ] GC(680) Pause Young (Allocation Failure)
[2598.062s][info ][gc,task      ] GC(680) Using 4 workers of 4 for evacuation
[2598.066s][debug][gc,ref       ] GC(680) Skipped phase1 of Reference Processing due to unavailable references
[2598.066s][debug][gc,ref       ] GC(680) Skipped phase2 of Reference Processing due to unavailable references
[2598.066s][debug][gc,ref       ] GC(680) Skipped phase3 of Reference Processing due to unavailable references
[2598.066s][debug][gc,ref       ] GC(680) Skipped phase4 of Reference Processing due to unavailable references
[2598.066s][debug][gc,age       ] GC(680) Desired survivor size 15368192 bytes, new threshold 6 (max threshold 6)
[2598.066s][info ][gc,heap      ] GC(680) ParNew: 243549K->3021K(270336K)
[2598.066s][info ][gc,heap      ] GC(680) CMS: 437408K->438201K(600768K)
[2598.066s][info ][gc,metaspace ] GC(680) Metaspace: 59536K->59536K(1103872K)
[2598.066s][info ][gc           ] GC(680) Pause Young (Allocation Failure) 664M->430M(850M) 3.289ms
[2598.066s][info ][gc,cpu       ] GC(680) User=0.02s Sys=0.00s Real=0.01s
[2598.066s][info ][safepoint    ] Leaving safepoint region
[2598.066s][info ][safepoint    ] Total time for which application threads were stopped: 0.0034393 seconds, Stopping threads took: 0.0000159 seconds
[2599.066s][info ][safepoint    ] Application time: 1.0000916 seconds
[2599.066s][info ][safepoint    ] Entering safepoint region: Cleanup
[2599.066s][info ][safepoint    ] Leaving safepoint region
[2599.066s][info ][safepoint    ] Total time for which application threads were stopped: 0.0001513 seconds, Stopping threads took: 0.0000681 seconds
[2600.066s][info ][safepoint    ] Application time: 1.0000979 seconds
[2600.066s][info ][safepoint    ] Entering safepoint region: Cleanup
[2600.066s][info ][safepoint    ] Leaving safepoint region
[2600.066s][info ][safepoint    ] Total time for which application threads were stopped: 0.0001897 seconds, Stopping threads took: 0.0000550 seconds
[2600.182s][info ][safepoint    ] Application time: 0.1153877 seconds
[2600.182s][info ][safepoint    ] Entering safepoint region: GenCollectForAllocation
[2600.182s][info ][safepoint    ] Leaving safepoint region
[2600.182s][info ][safepoint    ] Total time for which application threads were stopped: 0.0001485 seconds, Stopping threads took: 0.0000560 seconds
[2600.182s][info ][safepoint    ] Application time: 0.0000664 seconds
[2600.182s][info ][safepoint    ] Entering safepoint region: GenCollectForAllocation
[2600.182s][info ][gc,start     ] GC(681) Pause Young (Allocation Failure)
[2600.182s][info ][gc,task      ] GC(681) Using 4 workers of 4 for evacuation
[2600.186s][debug][gc,ref       ] GC(681) Skipped phase1 of Reference Processing due to unavailable references
[2600.186s][debug][gc,ref       ] GC(681) Skipped phase3 of Reference Processing due to unavailable references
[2600.186s][debug][gc,age       ] GC(681) Desired survivor size 15368192 bytes, new threshold 6 (max threshold 6)
[2600.186s][info ][gc,heap      ] GC(681) ParNew: 243341K->2972K(270336K)
[2600.186s][info ][gc,heap      ] GC(681) CMS: 438201K->438406K(600768K)
[2600.186s][info ][gc,metaspace ] GC(681) Metaspace: 59542K->59542K(1103872K)
[2600.186s][info ][gc           ] GC(681) Pause Young (Allocation Failure) 665M->431M(850M) 4.273ms
[2600.186s][info ][gc,cpu       ] GC(681) User=0.02s Sys=0.00s Real=0.01s
[2600.186s][info ][safepoint    ] Leaving safepoint region
[2600.186s][info ][safepoint    ] Total time for which application threads were stopped: 0.0044323 seconds, Stopping threads took: 0.0000646 seconds
[2601.187s][info ][safepoint    ] Application time: 1.0000935 seconds
[2601.187s][info ][safepoint    ] Entering safepoint region: Cleanup
[2601.187s][info ][safepoint    ] Leaving safepoint region
[2601.187s][info ][safepoint    ] Total time for which application threads were stopped: 0.0000939 seconds, Stopping threads took: 0.0000165 seconds
[2602.187s][info ][safepoint    ] Application time: 1.0000937 seconds
[2602.187s][info ][safepoint    ] Entering safepoint region: Cleanup
[2602.187s][info ][safepoint    ] Leaving safepoint region
[2602.187s][info ][safepoint    ] Total time for which application threads were stopped: 0.0000731 seconds, Stopping threads took: 0.0000187 seconds
[2603.187s][info ][safepoint    ] Application time: 1.0000866 seconds
[2603.187s][info ][safepoint    ] Entering safepoint region: Cleanup
[2603.187s][info ][safepoint    ] Leaving safepoint region
[2603.187s][info ][safepoint    ] Total time for which application threads were stopped: 0.0001502 seconds, Stopping threads took: 0.0000618 seconds
[2604.187s][info ][safepoint    ] Application time: 1.0000888 seconds
[2604.187s][info ][safepoint    ] Entering safepoint region: Cleanup
[2604.187s][info ][safepoint    ] Leaving safepoint region
[2604.187s][info ][safepoint    ] Total time for which application threads were stopped: 0.0000749 seconds, Stopping threads took: 0.0000160 seconds
[2605.187s][info ][safepoint    ] Application time: 1.0000956 seconds
[2605.188s][info ][safepoint    ] Entering safepoint region: Cleanup
[2605.188s][info ][safepoint    ] Leaving safepoint region
[2605.188s][info ][safepoint    ] Total time for which application threads were stopped: 0.0000916 seconds, Stopping threads took: 0.0000161 seconds
[2606.188s][info ][safepoint    ] Application time: 1.0000929 seconds
[2606.188s][info ][safepoint    ] Entering safepoint region: Cleanup
[2606.188s][info ][safepoint    ] Leaving safepoint region
[2606.188s][info ][safepoint    ] Total time for which application threads were stopped: 0.0000876 seconds, Stopping threads took: 0.0000154 seconds
[2607.188s][info ][safepoint    ] Application time: 1.0000979 seconds
[2607.188s][info ][safepoint    ] Entering safepoint region: Cleanup
[2607.188s][info ][safepoint    ] Leaving safepoint region
[2607.188s][info ][safepoint    ] Total time for which application threads were stopped: 0.0000735 seconds, Stopping threads took: 0.0000197 seconds
[2608.188s][info ][safepoint    ] Application time: 1.0000893 seconds
[2608.188s][info ][safepoint    ] Entering safepoint region: Cleanup
[2608.188s][info ][safepoint    ] Leaving safepoint region
[2608.188s][info ][safepoint    ] Total time for which application threads were stopped: 0.0000891 seconds, Stopping threads took: 0.0000204 seconds
[2609.192s][info ][safepoint    ] Application time: 1.0033616 seconds
[2609.192s][info ][safepoint    ] Entering safepoint region: Cleanup
[2609.192s][info ][safepoint    ] Leaving safepoint region
[2609.192s][info ][safepoint    ] Total time for which application threads were stopped: 0.0000781 seconds, Stopping threads took: 0.0000199 seconds
[2610.192s][info ][safepoint    ] Application time: 1.0000638 seconds
[2610.192s][info ][safepoint    ] Entering safepoint region: Cleanup
[2610.192s][info ][safepoint    ] Leaving safepoint region
[2610.192s][info ][safepoint    ] Total time for which application threads were stopped: 0.0000889 seconds, Stopping threads took: 0.0000174 seconds
[2611.192s][info ][safepoint    ] Application time: 1.0000810 seconds
[2611.192s][info ][safepoint    ] Entering safepoint region: Cleanup
[2611.192s][info ][safepoint    ] Leaving safepoint region
[2611.192s][info ][safepoint    ] Total time for which application threads were stopped: 0.0000727 seconds, Stopping threads took: 0.0000154 seconds
[2612.192s][info ][safepoint    ] Application time: 1.0001240 seconds
[2612.192s][info ][safepoint    ] Entering safepoint region: Cleanup
[2612.192s][info ][safepoint    ] Leaving safepoint region
[2612.192s][info ][safepoint    ] Total time for which application threads were stopped: 0.0000926 seconds, Stopping threads took: 0.0000333 seconds
[2613.193s][info ][safepoint    ] Application time: 1.0003395 seconds
[2613.193s][info ][safepoint    ] Entering safepoint region: Cleanup
[2613.193s][info ][safepoint    ] Leaving safepoint region
[2613.193s][info ][safepoint    ] Total time for which application threads were stopped: 0.0000891 seconds, Stopping threads took: 0.0000317 seconds
[2613.808s][info ][safepoint    ] Application time: 0.6155325 seconds
[2613.808s][info ][safepoint    ] Entering safepoint region: GenCollectForAllocation
[2613.808s][info ][gc,start     ] GC(682) Pause Young (Allocation Failure)
[2613.809s][info ][gc,task      ] GC(682) Using 4 workers of 4 for evacuation
[2613.812s][debug][gc,ref       ] GC(682) Skipped phase1 of Reference Processing due to unavailable references
[2613.812s][debug][gc,ref       ] GC(682) Skipped phase3 of Reference Processing due to unavailable references
[2613.812s][debug][gc,age       ] GC(682) Desired survivor size 15368192 bytes, new threshold 6 (max threshold 6)
[2613.812s][info ][gc,heap      ] GC(682) ParNew: 243292K->3022K(270336K)
[2613.812s][info ][gc,heap      ] GC(682) CMS: 438406K->438425K(600768K)
[2613.812s][info ][gc,metaspace ] GC(682) Metaspace: 59547K->59547K(1103872K)
[2613.812s][info ][gc           ] GC(682) Pause Young (Allocation Failure) 665M->431M(850M) 3.647ms
[2613.812s][info ][gc,cpu       ] GC(682) User=0.01s Sys=0.01s Real=0.01s
[2613.812s][info ][safepoint    ] Leaving safepoint region
[2613.812s][info ][safepoint    ] Total time for which application threads were stopped: 0.0038003 seconds, Stopping threads took: 0.0000185 seconds
[2614.812s][info ][safepoint    ] Application time: 1.0000955 seconds
[2614.812s][info ][safepoint    ] Entering safepoint region: Cleanup
[2614.812s][info ][safepoint    ] Leaving safepoint region
[2614.812s][info ][safepoint    ] Total time for which application threads were stopped: 0.0000723 seconds, Stopping threads took: 0.0000168 seconds
[2615.812s][info ][safepoint    ] Application time: 1.0000927 seconds
[2615.813s][info ][safepoint    ] Entering safepoint region: Cleanup
[2615.813s][info ][safepoint    ] Leaving safepoint region
[2615.813s][info ][safepoint    ] Total time for which application threads were stopped: 0.0001285 seconds, Stopping threads took: 0.0000698 seconds
[2616.813s][info ][safepoint    ] Application time: 1.0000990 seconds
[2616.813s][info ][safepoint    ] Entering safepoint region: Cleanup
[2616.813s][info ][safepoint    ] Leaving safepoint region
[2616.813s][info ][safepoint    ] Total time for which application threads were stopped: 0.0000862 seconds, Stopping threads took: 0.0000277 seconds
[2617.813s][info ][safepoint    ] Application time: 1.0000833 seconds
[2617.813s][info ][safepoint    ] Entering safepoint region: Cleanup
[2617.813s][info ][safepoint    ] Leaving safepoint region
[2617.813s][info ][safepoint    ] Total time for which application threads were stopped: 0.0000845 seconds, Stopping threads took: 0.0000158 seconds
[2618.813s][info ][safepoint    ] Application time: 1.0001067 seconds
[2618.813s][info ][safepoint    ] Entering safepoint region: Cleanup
[2618.813s][info ][safepoint    ] Leaving safepoint region
[2618.813s][info ][safepoint    ] Total time for which application threads were stopped: 0.0000797 seconds, Stopping threads took: 0.0000180 seconds
[2619.813s][info ][safepoint    ] Application time: 1.0000970 seconds
[2619.813s][info ][safepoint    ] Entering safepoint region: Cleanup
[2619.814s][info ][safepoint    ] Leaving safepoint region
[2619.814s][info ][safepoint    ] Total time for which application threads were stopped: 0.0000861 seconds, Stopping threads took: 0.0000166 seconds
[2620.814s][info ][safepoint    ] Application time: 1.0000868 seconds
[2620.814s][info ][safepoint    ] Entering safepoint region: Cleanup
[2620.814s][info ][safepoint    ] Leaving safepoint region
[2620.814s][info ][safepoint    ] Total time for which application threads were stopped: 0.0001498 seconds, Stopping threads took: 0.0000918 seconds
[2621.814s][info ][safepoint    ] Application time: 1.0000938 seconds
[2621.814s][info ][safepoint    ] Entering safepoint region: Cleanup
[2621.814s][info ][safepoint    ] Leaving safepoint region
[2621.814s][info ][safepoint    ] Total time for which application threads were stopped: 0.0000761 seconds, Stopping threads took: 0.0000196 seconds
[2622.814s][info ][safepoint    ] Application time: 1.0001023 seconds
[2622.814s][info ][safepoint    ] Entering safepoint region: Cleanup
[2622.814s][info ][safepoint    ] Leaving safepoint region
[2622.814s][info ][safepoint    ] Total time for which application threads were stopped: 0.0000728 seconds, Stopping threads took: 0.0000156 seconds
[2623.814s][info ][safepoint    ] Application time: 1.0000827 seconds
[2623.814s][info ][safepoint    ] Entering safepoint region: Cleanup
[2623.814s][info ][safepoint    ] Leaving safepoint region
[2623.814s][info ][safepoint    ] Total time for which application threads were stopped: 0.0000748 seconds, Stopping threads took: 0.0000166 seconds
[2624.815s][info ][safepoint    ] Application time: 1.0000981 seconds
[2624.815s][info ][safepoint    ] Entering safepoint region: Cleanup
[2624.815s][info ][safepoint    ] Leaving safepoint region
[2624.815s][info ][safepoint    ] Total time for which application threads were stopped: 0.0000758 seconds, Stopping threads took: 0.0000174 seconds
[2625.815s][info ][safepoint    ] Application time: 1.0000950 seconds
[2625.815s][info ][safepoint    ] Entering safepoint region: Cleanup
[2625.815s][info ][safepoint    ] Leaving safepoint region
[2625.815s][info ][safepoint    ] Total time for which application threads were stopped: 0.0000839 seconds, Stopping threads took: 0.0000156 seconds
[2626.815s][info ][safepoint    ] Application time: 1.0000846 seconds
[2626.815s][info ][safepoint    ] Entering safepoint region: Cleanup
[2626.815s][info ][safepoint    ] Leaving safepoint region
[2626.815s][info ][safepoint    ] Total time for which application threads were stopped: 0.0000717 seconds, Stopping threads took: 0.0000156 seconds
[2627.815s][info ][safepoint    ] Application time: 1.0000720 seconds
[2627.815s][info ][safepoint    ] Entering safepoint region: Cleanup
[2627.815s][info ][safepoint    ] Leaving safepoint region
[2627.815s][info ][safepoint    ] Total time for which application threads were stopped: 0.0000770 seconds, Stopping threads took: 0.0000201 seconds
[2628.815s][info ][safepoint    ] Application time: 1.0000906 seconds
[2628.815s][info ][safepoint    ] Entering safepoint region: Cleanup
[2628.815s][info ][safepoint    ] Leaving safepoint region
[2628.815s][info ][safepoint    ] Total time for which application threads were stopped: 0.0000723 seconds, Stopping threads took: 0.0000152 seconds
[2629.816s][info ][safepoint    ] Application time: 1.0000858 seconds
[2629.816s][info ][safepoint    ] Entering safepoint region: Cleanup
[2629.816s][info ][safepoint    ] Leaving safepoint region
[2629.816s][info ][safepoint    ] Total time for which application threads were stopped: 0.0000728 seconds, Stopping threads took: 0.0000165 seconds
[2630.816s][info ][safepoint    ] Application time: 1.0000899 seconds
[2630.816s][info ][safepoint    ] Entering safepoint region: Cleanup
[2630.816s][info ][safepoint    ] Leaving safepoint region
[2630.816s][info ][safepoint    ] Total time for which application threads were stopped: 0.0000898 seconds, Stopping threads took: 0.0000200 seconds
[2631.816s][info ][safepoint    ] Application time: 1.0001298 seconds
[2631.816s][info ][safepoint    ] Entering safepoint region: Cleanup
[2631.816s][info ][safepoint    ] Leaving safepoint region
[2631.816s][info ][safepoint    ] Total time for which application threads were stopped: 0.0000961 seconds, Stopping threads took: 0.0000170 seconds
[2632.816s][info ][safepoint    ] Application time: 1.0000899 seconds
[2632.816s][info ][safepoint    ] Entering safepoint region: Cleanup
[2632.816s][info ][safepoint    ] Leaving safepoint region
[2632.816s][info ][safepoint    ] Total time for which application threads were stopped: 0.0000765 seconds, Stopping threads took: 0.0000194 seconds
[2633.816s][info ][safepoint    ] Application time: 1.0000811 seconds
[2633.816s][info ][safepoint    ] Entering safepoint region: Cleanup
[2633.817s][info ][safepoint    ] Leaving safepoint region
[2633.817s][info ][safepoint    ] Total time for which application threads were stopped: 0.0000874 seconds, Stopping threads took: 0.0000158 seconds
[2634.817s][info ][safepoint    ] Application time: 1.0001241 seconds
[2634.817s][info ][safepoint    ] Entering safepoint region: Cleanup
[2634.817s][info ][safepoint    ] Leaving safepoint region
[2634.817s][info ][safepoint    ] Total time for which application threads were stopped: 0.0000777 seconds, Stopping threads took: 0.0000166 seconds
[2635.817s][info ][safepoint    ] Application time: 1.0000975 seconds
[2635.817s][info ][safepoint    ] Entering safepoint region: Cleanup
[2635.817s][info ][safepoint    ] Leaving safepoint region
[2635.817s][info ][safepoint    ] Total time for which application threads were stopped: 0.0000709 seconds, Stopping threads took: 0.0000153 seconds
[2636.817s][info ][safepoint    ] Application time: 1.0000882 seconds
[2636.817s][info ][safepoint    ] Entering safepoint region: Cleanup
[2636.817s][info ][safepoint    ] Leaving safepoint region
[2636.817s][info ][safepoint    ] Total time for which application threads were stopped: 0.0001132 seconds, Stopping threads took: 0.0000294 seconds
[2637.817s][info ][safepoint    ] Application time: 1.0000879 seconds
[2637.817s][info ][safepoint    ] Entering safepoint region: Cleanup
[2637.817s][info ][safepoint    ] Leaving safepoint region
[2637.817s][info ][safepoint    ] Total time for which application threads were stopped: 0.0000820 seconds, Stopping threads took: 0.0000153 seconds
[2638.818s][info ][safepoint    ] Application time: 1.0000829 seconds
[2638.818s][info ][safepoint    ] Entering safepoint region: Cleanup
[2638.818s][info ][safepoint    ] Leaving safepoint region
[2638.818s][info ][safepoint    ] Total time for which application threads were stopped: 0.0000717 seconds, Stopping threads took: 0.0000186 seconds
[2639.818s][info ][safepoint    ] Application time: 1.0000999 seconds
[2639.818s][info ][safepoint    ] Entering safepoint region: Cleanup
[2639.818s][info ][safepoint    ] Leaving safepoint region
[2639.818s][info ][safepoint    ] Total time for which application threads were stopped: 0.0000741 seconds, Stopping threads took: 0.0000164 seconds
[2640.818s][info ][safepoint    ] Application time: 1.0001559 seconds
[2640.818s][info ][safepoint    ] Entering safepoint region: Cleanup
[2640.818s][info ][safepoint    ] Leaving safepoint region
[2640.818s][info ][safepoint    ] Total time for which application threads were stopped: 0.0000721 seconds, Stopping threads took: 0.0000168 seconds
[2641.818s][info ][safepoint    ] Application time: 1.0001694 seconds
[2641.818s][info ][safepoint    ] Entering safepoint region: Cleanup
[2641.818s][info ][safepoint    ] Leaving safepoint region
[2641.818s][info ][safepoint    ] Total time for which application threads were stopped: 0.0000737 seconds, Stopping threads took: 0.0000172 seconds
[2642.818s][info ][safepoint    ] Application time: 1.0000847 seconds
[2642.819s][info ][safepoint    ] Entering safepoint region: Cleanup
[2642.819s][info ][safepoint    ] Leaving safepoint region
[2642.819s][info ][safepoint    ] Total time for which application threads were stopped: 0.0000845 seconds, Stopping threads took: 0.0000274 seconds
[2643.819s][info ][safepoint    ] Application time: 1.0000847 seconds
[2643.819s][info ][safepoint    ] Entering safepoint region: Cleanup
[2643.819s][info ][safepoint    ] Leaving safepoint region
[2643.819s][info ][safepoint    ] Total time for which application threads were stopped: 0.0000729 seconds, Stopping threads took: 0.0000160 seconds
[2644.819s][info ][safepoint    ] Application time: 1.0000810 seconds
[2644.819s][info ][safepoint    ] Entering safepoint region: Cleanup
[2644.819s][info ][safepoint    ] Leaving safepoint region
[2644.819s][info ][safepoint    ] Total time for which application threads were stopped: 0.0000777 seconds, Stopping threads took: 0.0000184 seconds
[2645.819s][info ][safepoint    ] Application time: 1.0000850 seconds
[2645.819s][info ][safepoint    ] Entering safepoint region: Cleanup
[2645.819s][info ][safepoint    ] Leaving safepoint region
[2645.819s][info ][safepoint    ] Total time for which application threads were stopped: 0.0000790 seconds, Stopping threads took: 0.0000178 seconds
[2646.819s][info ][safepoint    ] Application time: 1.0001781 seconds
[2646.819s][info ][safepoint    ] Entering safepoint region: Cleanup
[2646.819s][info ][safepoint    ] Leaving safepoint region
[2646.819s][info ][safepoint    ] Total time for which application threads were stopped: 0.0000783 seconds, Stopping threads took: 0.0000173 seconds
[2647.820s][info ][safepoint    ] Application time: 1.0000937 seconds
[2647.820s][info ][safepoint    ] Entering safepoint region: Cleanup
[2647.820s][info ][safepoint    ] Leaving safepoint region
[2647.820s][info ][safepoint    ] Total time for which application threads were stopped: 0.0000729 seconds, Stopping threads took: 0.0000165 seconds
[2648.820s][info ][safepoint    ] Application time: 1.0000893 seconds
[2648.820s][info ][safepoint    ] Entering safepoint region: Cleanup
[2648.820s][info ][safepoint    ] Leaving safepoint region
[2648.820s][info ][safepoint    ] Total time for which application threads were stopped: 0.0001036 seconds, Stopping threads took: 0.0000437 seconds
[2649.820s][info ][safepoint    ] Application time: 1.0000701 seconds
[2649.820s][info ][safepoint    ] Entering safepoint region: Cleanup
[2649.820s][info ][safepoint    ] Leaving safepoint region
[2649.820s][info ][safepoint    ] Total time for which application threads were stopped: 0.0001198 seconds, Stopping threads took: 0.0000193 seconds
[2650.820s][info ][safepoint    ] Application time: 1.0000877 seconds
[2650.820s][info ][safepoint    ] Entering safepoint region: Cleanup
[2650.820s][info ][safepoint    ] Leaving safepoint region
[2650.820s][info ][safepoint    ] Total time for which application threads were stopped: 0.0000710 seconds, Stopping threads took: 0.0000156 seconds
[2651.820s][info ][safepoint    ] Application time: 1.0000938 seconds
[2651.820s][info ][safepoint    ] Entering safepoint region: Cleanup
[2651.821s][info ][safepoint    ] Leaving safepoint region
[2651.821s][info ][safepoint    ] Total time for which application threads were stopped: 0.0000716 seconds, Stopping threads took: 0.0000158 seconds
[2652.821s][info ][safepoint    ] Application time: 1.0001341 seconds
[2652.821s][info ][safepoint    ] Entering safepoint region: Cleanup
[2652.821s][info ][safepoint    ] Leaving safepoint region
[2652.821s][info ][safepoint    ] Total time for which application threads were stopped: 0.0000789 seconds, Stopping threads took: 0.0000184 seconds
[2653.821s][info ][safepoint    ] Application time: 1.0001012 seconds
[2653.821s][info ][safepoint    ] Entering safepoint region: Cleanup
[2653.821s][info ][safepoint    ] Leaving safepoint region
[2653.821s][info ][safepoint    ] Total time for which application threads were stopped: 0.0000761 seconds, Stopping threads took: 0.0000175 seconds
[2654.821s][info ][safepoint    ] Application time: 1.0000912 seconds
[2654.821s][info ][safepoint    ] Entering safepoint region: Cleanup
[2654.821s][info ][safepoint    ] Leaving safepoint region
[2654.821s][info ][safepoint    ] Total time for which application threads were stopped: 0.0000738 seconds, Stopping threads took: 0.0000160 seconds
[2655.821s][info ][safepoint    ] Application time: 1.0000813 seconds
[2655.821s][info ][safepoint    ] Entering safepoint region: Cleanup
[2655.821s][info ][safepoint    ] Leaving safepoint region
[2655.821s][info ][safepoint    ] Total time for which application threads were stopped: 0.0000959 seconds, Stopping threads took: 0.0000377 seconds
[2656.822s][info ][safepoint    ] Application time: 1.0000980 seconds
[2656.822s][info ][safepoint    ] Entering safepoint region: Cleanup
[2656.822s][info ][safepoint    ] Leaving safepoint region
[2656.822s][info ][safepoint    ] Total time for which application threads were stopped: 0.0000750 seconds, Stopping threads took: 0.0000185 seconds
[2657.822s][info ][safepoint    ] Application time: 1.0001170 seconds
[2657.822s][info ][safepoint    ] Entering safepoint region: Cleanup
[2657.822s][info ][safepoint    ] Leaving safepoint region
[2657.822s][info ][safepoint    ] Total time for which application threads were stopped: 0.0000868 seconds, Stopping threads took: 0.0000160 seconds
[2658.822s][info ][safepoint    ] Application time: 1.0000884 seconds
[2658.822s][info ][safepoint    ] Entering safepoint region: Cleanup
[2658.822s][info ][safepoint    ] Leaving safepoint region
[2658.822s][info ][safepoint    ] Total time for which application threads were stopped: 0.0000738 seconds, Stopping threads took: 0.0000163 seconds
[2659.822s][info ][safepoint    ] Application time: 1.0000861 seconds
[2659.822s][info ][safepoint    ] Entering safepoint region: Cleanup
[2659.822s][info ][safepoint    ] Leaving safepoint region
[2659.822s][info ][safepoint    ] Total time for which application threads were stopped: 0.0000731 seconds, Stopping threads took: 0.0000168 seconds
[2660.822s][info ][safepoint    ] Application time: 1.0000999 seconds
[2660.822s][info ][safepoint    ] Entering safepoint region: Cleanup
[2660.823s][info ][safepoint    ] Leaving safepoint region
[2660.823s][info ][safepoint    ] Total time for which application threads were stopped: 0.0000736 seconds, Stopping threads took: 0.0000165 seconds
[2661.823s][info ][safepoint    ] Application time: 1.0000644 seconds
[2661.823s][info ][safepoint    ] Entering safepoint region: Cleanup
[2661.823s][info ][safepoint    ] Leaving safepoint region
[2661.823s][info ][safepoint    ] Total time for which application threads were stopped: 0.0000823 seconds, Stopping threads took: 0.0000190 seconds
[2662.823s][info ][safepoint    ] Application time: 1.0000813 seconds
[2662.823s][info ][safepoint    ] Entering safepoint region: Cleanup
[2662.823s][info ][safepoint    ] Leaving safepoint region
[2662.823s][info ][safepoint    ] Total time for which application threads were stopped: 0.0000906 seconds, Stopping threads took: 0.0000196 seconds
[2663.310s][info ][safepoint    ] Application time: 0.4868155 seconds
[2663.310s][info ][safepoint    ] Entering safepoint region: RevokeBias
[2663.310s][info ][safepoint    ] Leaving safepoint region
[2663.310s][info ][safepoint    ] Total time for which application threads were stopped: 0.0000934 seconds, Stopping threads took: 0.0000263 seconds
[2664.310s][info ][safepoint    ] Application time: 1.0001572 seconds
[2664.310s][info ][safepoint    ] Entering safepoint region: Cleanup
[2664.310s][info ][safepoint    ] Leaving safepoint region
[2664.310s][info ][safepoint    ] Total time for which application threads were stopped: 0.0000785 seconds, Stopping threads took: 0.0000183 seconds
[2665.310s][info ][safepoint    ] Application time: 1.0001098 seconds
[2665.310s][info ][safepoint    ] Entering safepoint region: Cleanup
[2665.310s][info ][safepoint    ] Leaving safepoint region
[2665.310s][info ][safepoint    ] Total time for which application threads were stopped: 0.0001326 seconds, Stopping threads took: 0.0000145 seconds
[2666.311s][info ][safepoint    ] Application time: 1.0000984 seconds
[2666.311s][info ][safepoint    ] Entering safepoint region: Cleanup
[2666.311s][info ][safepoint    ] Leaving safepoint region
[2666.311s][info ][safepoint    ] Total time for which application threads were stopped: 0.0000848 seconds, Stopping threads took: 0.0000154 seconds
[2667.311s][info ][safepoint    ] Application time: 1.0000959 seconds
[2667.311s][info ][safepoint    ] Entering safepoint region: Cleanup
[2667.311s][info ][safepoint    ] Leaving safepoint region
[2667.311s][info ][safepoint    ] Total time for which application threads were stopped: 0.0000845 seconds, Stopping threads took: 0.0000274 seconds
[2668.311s][info ][safepoint    ] Application time: 1.0000925 seconds
[2668.311s][info ][safepoint    ] Entering safepoint region: Cleanup
[2668.311s][info ][safepoint    ] Leaving safepoint region
[2668.311s][info ][safepoint    ] Total time for which application threads were stopped: 0.0000691 seconds, Stopping threads took: 0.0000151 seconds
[2669.311s][info ][safepoint    ] Application time: 1.0000709 seconds
[2669.311s][info ][safepoint    ] Entering safepoint region: Cleanup
[2669.311s][info ][safepoint    ] Leaving safepoint region
[2669.311s][info ][safepoint    ] Total time for which application threads were stopped: 0.0000711 seconds, Stopping threads took: 0.0000175 seconds
[2670.311s][info ][safepoint    ] Application time: 1.0000995 seconds
[2670.311s][info ][safepoint    ] Entering safepoint region: Cleanup
[2670.311s][info ][safepoint    ] Leaving safepoint region
[2670.311s][info ][safepoint    ] Total time for which application threads were stopped: 0.0000843 seconds, Stopping threads took: 0.0000157 seconds
[2671.312s][info ][safepoint    ] Application time: 1.0000975 seconds
[2671.312s][info ][safepoint    ] Entering safepoint region: Cleanup
[2671.312s][info ][safepoint    ] Leaving safepoint region
[2671.312s][info ][safepoint    ] Total time for which application threads were stopped: 0.0000750 seconds, Stopping threads took: 0.0000176 seconds
[2672.312s][info ][safepoint    ] Application time: 1.0000976 seconds
[2672.312s][info ][safepoint    ] Entering safepoint region: Cleanup
[2672.312s][info ][safepoint    ] Leaving safepoint region
[2672.312s][info ][safepoint    ] Total time for which application threads were stopped: 0.0000740 seconds, Stopping threads took: 0.0000161 seconds
[2672.950s][info ][safepoint    ] Application time: 0.6383122 seconds
[2672.950s][info ][safepoint    ] Entering safepoint region: RevokeBias
[2672.950s][info ][safepoint    ] Leaving safepoint region
[2672.950s][info ][safepoint    ] Total time for which application threads were stopped: 0.0000849 seconds, Stopping threads took: 0.0000145 seconds
[2672.951s][info ][safepoint    ] Application time: 0.0002426 seconds
[2672.951s][info ][safepoint    ] Entering safepoint region: RevokeBias
[2672.951s][info ][safepoint    ] Leaving safepoint region
[2672.951s][info ][safepoint    ] Total time for which application threads were stopped: 0.0000323 seconds, Stopping threads took: 0.0000062 seconds
[2673.068s][info ][safepoint    ] Application time: 0.1177502 seconds
[2673.068s][info ][safepoint    ] Entering safepoint region: RevokeBias
[2673.069s][info ][safepoint    ] Leaving safepoint region
[2673.069s][info ][safepoint    ] Total time for which application threads were stopped: 0.0001220 seconds, Stopping threads took: 0.0000141 seconds
[2674.069s][info ][safepoint    ] Application time: 1.0000961 seconds
[2674.069s][info ][safepoint    ] Entering safepoint region: Cleanup
[2674.069s][info ][safepoint    ] Leaving safepoint region
[2674.069s][info ][safepoint    ] Total time for which application threads were stopped: 0.0000875 seconds, Stopping threads took: 0.0000267 seconds
[2674.284s][info ][safepoint    ] Application time: 0.2154876 seconds
[2674.284s][info ][safepoint    ] Entering safepoint region: RevokeBias
[2674.284s][info ][safepoint    ] Leaving safepoint region
[2674.284s][info ][safepoint    ] Total time for which application threads were stopped: 0.0000756 seconds, Stopping threads took: 0.0000135 seconds
[2674.295s][info ][safepoint    ] Application time: 0.0108559 seconds
[2674.295s][info ][safepoint    ] Entering safepoint region: RevokeBias
[2674.295s][info ][safepoint    ] Leaving safepoint region
[2674.295s][info ][safepoint    ] Total time for which application threads were stopped: 0.0000842 seconds, Stopping threads took: 0.0000127 seconds
[2674.421s][info ][safepoint    ] Application time: 0.1252665 seconds
[2674.421s][info ][safepoint    ] Entering safepoint region: RevokeBias
[2674.421s][info ][safepoint    ] Leaving safepoint region
[2674.421s][info ][safepoint    ] Total time for which application threads were stopped: 0.0000942 seconds, Stopping threads took: 0.0000145 seconds
[2674.457s][info ][safepoint    ] Application time: 0.0367634 seconds
[2674.458s][info ][safepoint    ] Entering safepoint region: RevokeBias
[2674.458s][info ][safepoint    ] Leaving safepoint region
[2674.458s][info ][safepoint    ] Total time for which application threads were stopped: 0.0001139 seconds, Stopping threads took: 0.0000152 seconds
[2674.864s][info ][safepoint    ] Application time: 0.4064443 seconds
[2674.864s][info ][safepoint    ] Entering safepoint region: GenCollectForAllocation
[2674.864s][info ][gc,start     ] GC(683) Pause Young (Allocation Failure)
[2674.864s][info ][gc,task      ] GC(683) Using 4 workers of 4 for evacuation
[2674.873s][debug][gc,ref       ] GC(683) Skipped phase1 of Reference Processing due to unavailable references
[2674.873s][debug][gc,age       ] GC(683) Desired survivor size 15368192 bytes, new threshold 6 (max threshold 6)
[2674.873s][info ][gc,heap      ] GC(683) ParNew: 243342K->14662K(270336K)
[2674.873s][info ][gc,heap      ] GC(683) CMS: 438425K->438564K(600768K)
[2674.873s][info ][gc,metaspace ] GC(683) Metaspace: 59598K->59598K(1103872K)
[2674.873s][info ][gc           ] GC(683) Pause Young (Allocation Failure) 665M->442M(850M) 8.586ms
[2674.873s][info ][gc,cpu       ] GC(683) User=0.03s Sys=0.00s Real=0.01s
[2674.873s][info ][safepoint    ] Leaving safepoint region
[2674.873s][info ][safepoint    ] Total time for which application threads were stopped: 0.0088066 seconds, Stopping threads took: 0.0000152 seconds
[2675.873s][info ][safepoint    ] Application time: 1.0000951 seconds
[2675.873s][info ][safepoint    ] Entering safepoint region: Cleanup
[2675.873s][info ][safepoint    ] Leaving safepoint region
[2675.873s][info ][safepoint    ] Total time for which application threads were stopped: 0.0000857 seconds, Stopping threads took: 0.0000156 seconds
[2676.873s][info ][safepoint    ] Application time: 1.0001100 seconds
[2676.873s][info ][safepoint    ] Entering safepoint region: Cleanup
[2676.873s][info ][safepoint    ] Leaving safepoint region
[2676.873s][info ][safepoint    ] Total time for which application threads were stopped: 0.0000746 seconds, Stopping threads took: 0.0000167 seconds
[2677.611s][info ][safepoint    ] Application time: 0.7374571 seconds
[2677.611s][info ][safepoint    ] Entering safepoint region: GenCollectForAllocation
[2677.611s][info ][gc,start     ] GC(684) Pause Young (Allocation Failure)
[2677.611s][info ][gc,task      ] GC(684) Using 4 workers of 4 for evacuation
[2677.622s][debug][gc,ref       ] GC(684) Skipped phase1 of Reference Processing due to unavailable references
[2677.622s][debug][gc,ref       ] GC(684) Skipped phase3 of Reference Processing due to unavailable references
[2677.622s][debug][gc,age       ] GC(684) Desired survivor size 15368192 bytes, new threshold 1 (max threshold 6)
[2677.622s][info ][gc,heap      ] GC(684) ParNew: 254982K->30016K(270336K)
[2677.622s][info ][gc,heap      ] GC(684) CMS: 438564K->440824K(600768K)
[2677.622s][info ][gc,metaspace ] GC(684) Metaspace: 59599K->59599K(1103872K)
[2677.622s][info ][gc           ] GC(684) Pause Young (Allocation Failure) 677M->459M(850M) 11.064ms
[2677.622s][info ][gc,cpu       ] GC(684) User=0.04s Sys=0.00s Real=0.01s
[2677.622s][info ][safepoint    ] Leaving safepoint region
[2677.622s][info ][safepoint    ] Total time for which application threads were stopped: 0.0112202 seconds, Stopping threads took: 0.0000169 seconds
[2678.622s][info ][safepoint    ] Application time: 1.0001013 seconds
[2678.622s][info ][safepoint    ] Entering safepoint region: Cleanup
[2678.622s][info ][safepoint    ] Leaving safepoint region
[2678.622s][info ][safepoint    ] Total time for which application threads were stopped: 0.0000766 seconds, Stopping threads took: 0.0000170 seconds
[2679.420s][info ][safepoint    ] Application time: 0.7979666 seconds
[2679.420s][info ][safepoint    ] Entering safepoint region: RevokeBias
[2679.420s][info ][safepoint    ] Leaving safepoint region
[2679.420s][info ][safepoint    ] Total time for which application threads were stopped: 0.0000748 seconds, Stopping threads took: 0.0000156 seconds
[2680.423s][info ][safepoint    ] Application time: 1.0021460 seconds
[2680.423s][info ][safepoint    ] Entering safepoint region: Cleanup
[2680.423s][info ][safepoint    ] Leaving safepoint region
[2680.423s][info ][safepoint    ] Total time for which application threads were stopped: 0.0000775 seconds, Stopping threads took: 0.0000177 seconds
[2681.215s][info ][safepoint    ] Application time: 0.7927229 seconds
[2681.215s][info ][safepoint    ] Entering safepoint region: GenCollectForAllocation
[2681.216s][info ][gc,start     ] GC(685) Pause Young (Allocation Failure)
[2681.216s][info ][gc,task      ] GC(685) Using 4 workers of 4 for evacuation
[2681.234s][debug][gc,ref       ] GC(685) Skipped phase1 of Reference Processing due to unavailable references
[2681.234s][debug][gc,ref       ] GC(685) Skipped phase2 of Reference Processing due to unavailable references
[2681.234s][debug][gc,ref       ] GC(685) Skipped phase3 of Reference Processing due to unavailable references
[2681.234s][debug][gc,ref       ] GC(685) Skipped phase4 of Reference Processing due to unavailable references
[2681.234s][debug][gc,age       ] GC(685) Desired survivor size 15368192 bytes, new threshold 6 (max threshold 6)
[2681.234s][info ][gc,heap      ] GC(685) ParNew: 270336K->12929K(270336K)
[2681.234s][info ][gc,heap      ] GC(685) CMS: 440824K->470477K(600768K)
[2681.234s][info ][gc,metaspace ] GC(685) Metaspace: 59600K->59600K(1103872K)
[2681.234s][info ][gc           ] GC(685) Pause Young (Allocation Failure) 694M->472M(850M) 18.855ms
[2681.234s][info ][gc,cpu       ] GC(685) User=0.05s Sys=0.02s Real=0.02s
[2681.234s][info ][safepoint    ] Leaving safepoint region
[2681.234s][info ][safepoint    ] Total time for which application threads were stopped: 0.0190241 seconds, Stopping threads took: 0.0000165 seconds
[2682.235s][info ][safepoint    ] Application time: 1.0001102 seconds
[2682.235s][info ][safepoint    ] Entering safepoint region: Cleanup
[2682.235s][info ][safepoint    ] Leaving safepoint region
[2682.235s][info ][safepoint    ] Total time for which application threads were stopped: 0.0000748 seconds, Stopping threads took: 0.0000168 seconds
[2683.235s][info ][safepoint    ] Application time: 1.0003526 seconds
[2683.235s][info ][safepoint    ] Entering safepoint region: Cleanup
[2683.235s][info ][safepoint    ] Leaving safepoint region
[2683.235s][info ][safepoint    ] Total time for which application threads were stopped: 0.0000797 seconds, Stopping threads took: 0.0000173 seconds
[2684.235s][info ][safepoint    ] Application time: 1.0000971 seconds
[2684.235s][info ][safepoint    ] Entering safepoint region: Cleanup
[2684.235s][info ][safepoint    ] Leaving safepoint region
[2684.235s][info ][safepoint    ] Total time for which application threads were stopped: 0.0000762 seconds, Stopping threads took: 0.0000170 seconds
[2684.421s][info ][safepoint    ] Application time: 0.1853300 seconds
[2684.421s][info ][safepoint    ] Entering safepoint region: RevokeBias
[2684.421s][info ][safepoint    ] Leaving safepoint region
[2684.421s][info ][safepoint    ] Total time for which application threads were stopped: 0.0000938 seconds, Stopping threads took: 0.0000161 seconds
[2684.421s][info ][safepoint    ] Application time: 0.0002556 seconds
[2684.421s][info ][safepoint    ] Entering safepoint region: RevokeBias
[2684.421s][info ][safepoint    ] Leaving safepoint region
[2684.421s][info ][safepoint    ] Total time for which application threads were stopped: 0.0000596 seconds, Stopping threads took: 0.0000132 seconds
[2684.421s][info ][safepoint    ] Application time: 0.0001731 seconds
[2684.421s][info ][safepoint    ] Entering safepoint region: RevokeBias
[2684.421s][info ][safepoint    ] Leaving safepoint region
[2684.421s][info ][safepoint    ] Total time for which application threads were stopped: 0.0000232 seconds, Stopping threads took: 0.0000056 seconds
[2684.421s][info ][safepoint    ] Application time: 0.0000416 seconds
[2684.421s][info ][safepoint    ] Entering safepoint region: RevokeBias
[2684.421s][info ][safepoint    ] Leaving safepoint region
[2684.421s][info ][safepoint    ] Total time for which application threads were stopped: 0.0000218 seconds, Stopping threads took: 0.0000051 seconds
[2684.421s][info ][safepoint    ] Application time: 0.0000595 seconds
[2684.421s][info ][safepoint    ] Entering safepoint region: RevokeBias
[2684.422s][info ][safepoint    ] Leaving safepoint region
[2684.422s][info ][safepoint    ] Total time for which application threads were stopped: 0.0000242 seconds, Stopping threads took: 0.0000049 seconds
[2684.422s][info ][safepoint    ] Application time: 0.0000999 seconds
[2684.422s][info ][safepoint    ] Entering safepoint region: RevokeBias
[2684.422s][info ][safepoint    ] Leaving safepoint region
[2684.422s][info ][safepoint    ] Total time for which application threads were stopped: 0.0001373 seconds, Stopping threads took: 0.0000774 seconds
[2685.010s][info ][safepoint    ] Application time: 0.5884044 seconds
[2685.010s][info ][safepoint    ] Entering safepoint region: GenCollectForAllocation
[2685.010s][info ][gc,start     ] GC(686) Pause Young (Allocation Failure)
[2685.010s][info ][gc,task      ] GC(686) Using 4 workers of 4 for evacuation
[2685.012s][debug][gc,ref       ] GC(686) Skipped phase1 of Reference Processing due to unavailable references
[2685.012s][debug][gc,ref       ] GC(686) Skipped phase2 of Reference Processing due to unavailable references
[2685.012s][debug][gc,ref       ] GC(686) Skipped phase3 of Reference Processing due to unavailable references
[2685.012s][debug][gc,ref       ] GC(686) Skipped phase4 of Reference Processing due to unavailable references
[2685.012s][debug][gc,age       ] GC(686) Desired survivor size 15368192 bytes, new threshold 6 (max threshold 6)
[2685.012s][info ][gc,heap      ] GC(686) ParNew: 253249K->3336K(270336K)
[2685.013s][info ][gc,heap      ] GC(686) CMS: 470477K->470477K(600768K)
[2685.013s][info ][gc,metaspace ] GC(686) Metaspace: 59600K->59600K(1103872K)
[2685.013s][info ][gc           ] GC(686) Pause Young (Allocation Failure) 706M->462M(850M) 2.211ms
[2685.013s][info ][gc,cpu       ] GC(686) User=0.00s Sys=0.00s Real=0.01s
[2685.013s][info ][safepoint    ] Leaving safepoint region
[2685.013s][info ][safepoint    ] Total time for which application threads were stopped: 0.0023670 seconds, Stopping threads took: 0.0000155 seconds
[2686.013s][info ][safepoint    ] Application time: 1.0001598 seconds
[2686.015s][info ][safepoint    ] Entering safepoint region: Cleanup
[2686.016s][info ][safepoint    ] Leaving safepoint region
[2686.016s][info ][safepoint    ] Total time for which application threads were stopped: 0.0028005 seconds, Stopping threads took: 0.0027097 seconds
[2687.016s][info ][safepoint    ] Application time: 1.0000995 seconds
[2687.016s][info ][safepoint    ] Entering safepoint region: Cleanup
[2687.016s][info ][safepoint    ] Leaving safepoint region
[2687.016s][info ][safepoint    ] Total time for which application threads were stopped: 0.0001374 seconds, Stopping threads took: 0.0000546 seconds
[2688.016s][info ][safepoint    ] Application time: 1.0000909 seconds
[2688.016s][info ][safepoint    ] Entering safepoint region: Cleanup
[2688.016s][info ][safepoint    ] Leaving safepoint region
[2688.016s][info ][safepoint    ] Total time for which application threads were stopped: 0.0001416 seconds, Stopping threads took: 0.0000502 seconds
[2688.509s][info ][safepoint    ] Application time: 0.4931012 seconds
[2688.509s][info ][safepoint    ] Entering safepoint region: GenCollectForAllocation
[2688.509s][info ][gc,start     ] GC(687) Pause Young (Allocation Failure)
[2688.509s][info ][gc,task      ] GC(687) Using 4 workers of 4 for evacuation
[2688.513s][debug][gc,ref       ] GC(687) Skipped phase1 of Reference Processing due to unavailable references
[2688.513s][debug][gc,ref       ] GC(687) Skipped phase2 of Reference Processing due to unavailable references
[2688.513s][debug][gc,ref       ] GC(687) Skipped phase3 of Reference Processing due to unavailable references
[2688.513s][debug][gc,ref       ] GC(687) Skipped phase4 of Reference Processing due to unavailable references
[2688.513s][debug][gc,age       ] GC(687) Desired survivor size 15368192 bytes, new threshold 6 (max threshold 6)
[2688.513s][info ][gc,heap      ] GC(687) ParNew: 243656K->3643K(270336K)
[2688.513s][info ][gc,heap      ] GC(687) CMS: 470477K->470477K(600768K)
[2688.514s][info ][gc,metaspace ] GC(687) Metaspace: 59614K->59614K(1103872K)
[2688.514s][info ][gc           ] GC(687) Pause Young (Allocation Failure) 697M->463M(850M) 4.166ms
[2688.514s][info ][gc,cpu       ] GC(687) User=0.02s Sys=0.00s Real=0.01s
[2688.514s][info ][safepoint    ] Leaving safepoint region
[2688.514s][info ][safepoint    ] Total time for which application threads were stopped: 0.0043178 seconds, Stopping threads took: 0.0000150 seconds
[2689.514s][info ][safepoint    ] Application time: 1.0000987 seconds
[2689.514s][info ][safepoint    ] Entering safepoint region: Cleanup
[2689.514s][info ][safepoint    ] Leaving safepoint region
[2689.514s][info ][safepoint    ] Total time for which application threads were stopped: 0.0001378 seconds, Stopping threads took: 0.0000661 seconds
[2690.514s][info ][safepoint    ] Application time: 1.0000467 seconds
[2690.514s][info ][safepoint    ] Entering safepoint region: Cleanup
[2690.514s][info ][safepoint    ] Leaving safepoint region
[2690.514s][info ][safepoint    ] Total time for which application threads were stopped: 0.0001539 seconds, Stopping threads took: 0.0000889 seconds
[2691.514s][info ][safepoint    ] Application time: 1.0001982 seconds
[2691.514s][info ][safepoint    ] Entering safepoint region: Cleanup
[2691.515s][info ][safepoint    ] Leaving safepoint region
[2691.515s][info ][safepoint    ] Total time for which application threads were stopped: 0.0001640 seconds, Stopping threads took: 0.0000901 seconds
[2692.515s][info ][safepoint    ] Application time: 1.0000896 seconds
[2692.515s][info ][safepoint    ] Entering safepoint region: Cleanup
[2692.515s][info ][safepoint    ] Leaving safepoint region
[2692.515s][info ][safepoint    ] Total time for which application threads were stopped: 0.0001562 seconds, Stopping threads took: 0.0000755 seconds
[2692.659s][info ][safepoint    ] Application time: 0.1438318 seconds
[2692.659s][info ][safepoint    ] Entering safepoint region: GenCollectForAllocation
[2692.659s][info ][gc,start     ] GC(688) Pause Young (Allocation Failure)
[2692.659s][info ][gc,task      ] GC(688) Using 4 workers of 4 for evacuation
[2692.662s][debug][gc,ref       ] GC(688) Skipped phase1 of Reference Processing due to unavailable references
[2692.662s][debug][gc,ref       ] GC(688) Skipped phase2 of Reference Processing due to unavailable references
[2692.662s][debug][gc,ref       ] GC(688) Skipped phase3 of Reference Processing due to unavailable references
[2692.662s][debug][gc,ref       ] GC(688) Skipped phase4 of Reference Processing due to unavailable references
[2692.663s][debug][gc,age       ] GC(688) Desired survivor size 15368192 bytes, new threshold 6 (max threshold 6)
[2692.663s][info ][gc,heap      ] GC(688) ParNew: 243963K->3691K(270336K)
[2692.663s][info ][gc,heap      ] GC(688) CMS: 470477K->470477K(600768K)
[2692.663s][info ][gc,metaspace ] GC(688) Metaspace: 59614K->59614K(1103872K)
[2692.663s][info ][gc           ] GC(688) Pause Young (Allocation Failure) 697M->463M(850M) 3.757ms
[2692.663s][info ][gc,cpu       ] GC(688) User=0.01s Sys=0.00s Real=0.00s
[2692.663s][info ][safepoint    ] Leaving safepoint region
[2692.663s][info ][safepoint    ] Total time for which application threads were stopped: 0.0039362 seconds, Stopping threads took: 0.0000153 seconds
[2693.663s][info ][safepoint    ] Application time: 1.0000756 seconds
[2693.663s][info ][safepoint    ] Entering safepoint region: Cleanup
[2693.663s][info ][safepoint    ] Leaving safepoint region
[2693.663s][info ][safepoint    ] Total time for which application threads were stopped: 0.0001677 seconds, Stopping threads took: 0.0000898 seconds
[2694.663s][info ][safepoint    ] Application time: 1.0000997 seconds
[2694.663s][info ][safepoint    ] Entering safepoint region: Cleanup
[2694.663s][info ][safepoint    ] Leaving safepoint region
[2694.663s][info ][safepoint    ] Total time for which application threads were stopped: 0.0001229 seconds, Stopping threads took: 0.0000549 seconds
[2695.663s][info ][safepoint    ] Application time: 1.0001589 seconds
[2695.663s][info ][safepoint    ] Entering safepoint region: Cleanup
[2695.664s][info ][safepoint    ] Leaving safepoint region
[2695.664s][info ][safepoint    ] Total time for which application threads were stopped: 0.0001211 seconds, Stopping threads took: 0.0000557 seconds
[2696.664s][info ][safepoint    ] Application time: 1.0000900 seconds
[2696.664s][info ][safepoint    ] Entering safepoint region: Cleanup
[2696.664s][info ][safepoint    ] Leaving safepoint region
[2696.664s][info ][safepoint    ] Total time for which application threads were stopped: 0.0001528 seconds, Stopping threads took: 0.0000806 seconds
[2696.962s][info ][safepoint    ] Application time: 0.2981680 seconds
[2696.962s][info ][safepoint    ] Entering safepoint region: GenCollectForAllocation
[2696.962s][info ][gc,start     ] GC(689) Pause Young (Allocation Failure)
[2696.962s][info ][gc,task      ] GC(689) Using 4 workers of 4 for evacuation
[2696.965s][debug][gc,ref       ] GC(689) Skipped phase1 of Reference Processing due to unavailable references
[2696.966s][debug][gc,ref       ] GC(689) Skipped phase2 of Reference Processing due to unavailable references
[2696.966s][debug][gc,ref       ] GC(689) Skipped phase3 of Reference Processing due to unavailable references
[2696.966s][debug][gc,ref       ] GC(689) Skipped phase4 of Reference Processing due to unavailable references
[2696.966s][debug][gc,age       ] GC(689) Desired survivor size 15368192 bytes, new threshold 6 (max threshold 6)
[2696.966s][info ][gc,heap      ] GC(689) ParNew: 244011K->3883K(270336K)
[2696.966s][info ][gc,heap      ] GC(689) CMS: 470477K->470477K(600768K)
[2696.966s][info ][gc,metaspace ] GC(689) Metaspace: 59614K->59614K(1103872K)
[2696.966s][info ][gc           ] GC(689) Pause Young (Allocation Failure) 697M->463M(850M) 3.591ms
[2696.966s][info ][gc,cpu       ] GC(689) User=0.02s Sys=0.00s Real=0.01s
[2696.966s][info ][safepoint    ] Leaving safepoint region
[2696.966s][info ][safepoint    ] Total time for which application threads were stopped: 0.0037415 seconds, Stopping threads took: 0.0000198 seconds
[2697.966s][info ][safepoint    ] Application time: 1.0001099 seconds
[2697.966s][info ][safepoint    ] Entering safepoint region: Cleanup
[2697.966s][info ][safepoint    ] Leaving safepoint region
[2697.966s][info ][safepoint    ] Total time for which application threads were stopped: 0.0001434 seconds, Stopping threads took: 0.0000682 seconds
[2698.966s][info ][safepoint    ] Application time: 1.0001066 seconds
[2698.966s][info ][safepoint    ] Entering safepoint region: Cleanup
[2698.966s][info ][safepoint    ] Leaving safepoint region
[2698.966s][info ][safepoint    ] Total time for which application threads were stopped: 0.0001456 seconds, Stopping threads took: 0.0000708 seconds
[2699.967s][info ][safepoint    ] Application time: 1.0001860 seconds
[2699.967s][info ][safepoint    ] Entering safepoint region: Cleanup
[2699.967s][info ][safepoint    ] Leaving safepoint region
[2699.967s][info ][safepoint    ] Total time for which application threads were stopped: 0.0000822 seconds, Stopping threads took: 0.0000169 seconds
[2700.967s][info ][safepoint    ] Application time: 1.0001025 seconds
[2700.967s][info ][safepoint    ] Entering safepoint region: Cleanup
[2700.967s][info ][safepoint    ] Leaving safepoint region
[2700.967s][info ][safepoint    ] Total time for which application threads were stopped: 0.0000702 seconds, Stopping threads took: 0.0000145 seconds
[2701.216s][info ][safepoint    ] Application time: 0.2493284 seconds
[2701.216s][info ][safepoint    ] Entering safepoint region: GenCollectForAllocation
[2701.216s][info ][gc,start     ] GC(690) Pause Young (Allocation Failure)
[2701.216s][info ][gc,task      ] GC(690) Using 4 workers of 4 for evacuation
[2701.220s][debug][gc,ref       ] GC(690) Skipped phase1 of Reference Processing due to unavailable references
[2701.220s][debug][gc,ref       ] GC(690) Skipped phase2 of Reference Processing due to unavailable references
[2701.220s][debug][gc,ref       ] GC(690) Skipped phase3 of Reference Processing due to unavailable references
[2701.220s][debug][gc,ref       ] GC(690) Skipped phase4 of Reference Processing due to unavailable references
[2701.220s][debug][gc,age       ] GC(690) Desired survivor size 15368192 bytes, new threshold 6 (max threshold 6)
[2701.220s][info ][gc,heap      ] GC(690) ParNew: 244203K->4225K(270336K)
[2701.220s][info ][gc,heap      ] GC(690) CMS: 470477K->470477K(600768K)
[2701.220s][info ][gc,metaspace ] GC(690) Metaspace: 59617K->59617K(1103872K)
[2701.220s][info ][gc           ] GC(690) Pause Young (Allocation Failure) 697M->463M(850M) 3.598ms
[2701.220s][info ][gc,cpu       ] GC(690) User=0.01s Sys=0.00s Real=0.00s
[2701.220s][info ][safepoint    ] Leaving safepoint region
[2701.220s][info ][safepoint    ] Total time for which application threads were stopped: 0.0037606 seconds, Stopping threads took: 0.0000290 seconds
[2702.220s][info ][safepoint    ] Application time: 1.0001041 seconds
[2702.220s][info ][safepoint    ] Entering safepoint region: Cleanup
[2702.220s][info ][safepoint    ] Leaving safepoint region
[2702.220s][info ][safepoint    ] Total time for which application threads were stopped: 0.0001083 seconds, Stopping threads took: 0.0000332 seconds
[2703.220s][info ][safepoint    ] Application time: 1.0000888 seconds
[2703.220s][info ][safepoint    ] Entering safepoint region: Cleanup
[2703.220s][info ][safepoint    ] Leaving safepoint region
[2703.220s][info ][safepoint    ] Total time for which application threads were stopped: 0.0000736 seconds, Stopping threads took: 0.0000163 seconds
[2704.221s][info ][safepoint    ] Application time: 1.0000877 seconds
[2704.221s][info ][safepoint    ] Entering safepoint region: Cleanup
[2704.221s][info ][safepoint    ] Leaving safepoint region
[2704.221s][info ][safepoint    ] Total time for which application threads were stopped: 0.0000723 seconds, Stopping threads took: 0.0000158 seconds
[2705.221s][info ][safepoint    ] Application time: 1.0001480 seconds
[2705.221s][info ][safepoint    ] Entering safepoint region: Cleanup
[2705.221s][info ][safepoint    ] Leaving safepoint region
[2705.221s][info ][safepoint    ] Total time for which application threads were stopped: 0.0001382 seconds, Stopping threads took: 0.0000633 seconds
[2705.609s][info ][safepoint    ] Application time: 0.3879482 seconds
[2705.609s][info ][safepoint    ] Entering safepoint region: GenCollectForAllocation
[2705.609s][info ][gc,start     ] GC(691) Pause Young (Allocation Failure)
[2705.609s][info ][gc,task      ] GC(691) Using 4 workers of 4 for evacuation
[2705.612s][debug][gc,ref       ] GC(691) Skipped phase1 of Reference Processing due to unavailable references
[2705.612s][debug][gc,ref       ] GC(691) Skipped phase2 of Reference Processing due to unavailable references
[2705.612s][debug][gc,ref       ] GC(691) Skipped phase3 of Reference Processing due to unavailable references
[2705.612s][debug][gc,ref       ] GC(691) Skipped phase4 of Reference Processing due to unavailable references
[2705.613s][debug][gc,age       ] GC(691) Desired survivor size 15368192 bytes, new threshold 6 (max threshold 6)
[2705.613s][info ][gc,heap      ] GC(691) ParNew: 244545K->3959K(270336K)
[2705.613s][info ][gc,heap      ] GC(691) CMS: 470477K->470571K(600768K)
[2705.613s][info ][gc,metaspace ] GC(691) Metaspace: 59617K->59617K(1103872K)
[2705.613s][info ][gc           ] GC(691) Pause Young (Allocation Failure) 698M->463M(850M) 3.616ms
[2705.613s][info ][gc,cpu       ] GC(691) User=0.01s Sys=0.00s Real=0.01s
[2705.613s][info ][safepoint    ] Leaving safepoint region
[2705.613s][info ][safepoint    ] Total time for which application threads were stopped: 0.0037652 seconds, Stopping threads took: 0.0000147 seconds
[2706.613s][info ][safepoint    ] Application time: 1.0000963 seconds
[2706.613s][info ][safepoint    ] Entering safepoint region: Cleanup
[2706.613s][info ][safepoint    ] Leaving safepoint region
[2706.613s][info ][safepoint    ] Total time for which application threads were stopped: 0.0001482 seconds, Stopping threads took: 0.0000773 seconds
[2707.613s][info ][safepoint    ] Application time: 1.0000924 seconds
[2707.613s][info ][safepoint    ] Entering safepoint region: Cleanup
[2707.613s][info ][safepoint    ] Leaving safepoint region
[2707.613s][info ][safepoint    ] Total time for which application threads were stopped: 0.0001682 seconds, Stopping threads took: 0.0000991 seconds
[2708.613s][info ][safepoint    ] Application time: 1.0000691 seconds
[2708.613s][info ][safepoint    ] Entering safepoint region: Cleanup
[2708.614s][info ][safepoint    ] Leaving safepoint region
[2708.614s][info ][safepoint    ] Total time for which application threads were stopped: 0.0001248 seconds, Stopping threads took: 0.0000526 seconds
[2709.614s][info ][safepoint    ] Application time: 1.0000852 seconds
[2709.614s][info ][safepoint    ] Entering safepoint region: Cleanup
[2709.614s][info ][safepoint    ] Leaving safepoint region
[2709.614s][info ][safepoint    ] Total time for which application threads were stopped: 0.0001170 seconds, Stopping threads took: 0.0000468 seconds
[2709.961s][info ][safepoint    ] Application time: 0.3476336 seconds
[2709.961s][info ][safepoint    ] Entering safepoint region: GenCollectForAllocation
[2709.962s][info ][gc,start     ] GC(692) Pause Young (Allocation Failure)
[2709.962s][info ][gc,task      ] GC(692) Using 4 workers of 4 for evacuation
[2709.965s][debug][gc,ref       ] GC(692) Skipped phase1 of Reference Processing due to unavailable references
[2709.965s][debug][gc,ref       ] GC(692) Skipped phase2 of Reference Processing due to unavailable references
[2709.965s][debug][gc,ref       ] GC(692) Skipped phase3 of Reference Processing due to unavailable references
[2709.965s][debug][gc,ref       ] GC(692) Skipped phase4 of Reference Processing due to unavailable references
[2709.965s][debug][gc,age       ] GC(692) Desired survivor size 15368192 bytes, new threshold 6 (max threshold 6)
[2709.965s][info ][gc,heap      ] GC(692) ParNew: 244279K->4295K(270336K)
[2709.965s][info ][gc,heap      ] GC(692) CMS: 470571K->471017K(600768K)
[2709.965s][info ][gc,metaspace ] GC(692) Metaspace: 59617K->59617K(1103872K)
[2709.965s][info ][gc           ] GC(692) Pause Young (Allocation Failure) 698M->464M(850M) 3.471ms
[2709.965s][info ][gc,cpu       ] GC(692) User=0.01s Sys=0.00s Real=0.01s
[2709.965s][info ][safepoint    ] Leaving safepoint region
[2709.965s][info ][safepoint    ] Total time for which application threads were stopped: 0.0036370 seconds, Stopping threads took: 0.0000150 seconds
[2710.965s][info ][safepoint    ] Application time: 1.0000909 seconds
[2710.965s][info ][safepoint    ] Entering safepoint region: Cleanup
[2710.965s][info ][safepoint    ] Leaving safepoint region
[2710.965s][info ][safepoint    ] Total time for which application threads were stopped: 0.0001599 seconds, Stopping threads took: 0.0000906 seconds
[2711.965s][info ][safepoint    ] Application time: 1.0000964 seconds
[2711.966s][info ][safepoint    ] Entering safepoint region: Cleanup
[2711.966s][info ][safepoint    ] Leaving safepoint region
[2711.966s][info ][safepoint    ] Total time for which application threads were stopped: 0.0001222 seconds, Stopping threads took: 0.0000431 seconds
[2712.418s][info ][safepoint    ] Application time: 0.4522651 seconds
[2712.418s][info ][safepoint    ] Entering safepoint region: GenCollectForAllocation
[2712.418s][info ][gc,start     ] GC(693) Pause Young (Allocation Failure)
[2712.418s][info ][gc,task      ] GC(693) Using 4 workers of 4 for evacuation
[2712.428s][debug][gc,ref       ] GC(693) Skipped phase1 of Reference Processing due to unavailable references
[2712.428s][debug][gc,ref       ] GC(693) Skipped phase2 of Reference Processing due to unavailable references
[2712.428s][debug][gc,ref       ] GC(693) Skipped phase3 of Reference Processing due to unavailable references
[2712.428s][debug][gc,ref       ] GC(693) Skipped phase4 of Reference Processing due to unavailable references
[2712.428s][debug][gc,age       ] GC(693) Desired survivor size 15368192 bytes, new threshold 6 (max threshold 6)
[2712.428s][info ][gc,heap      ] GC(693) ParNew: 244615K->13748K(270336K)
[2712.428s][info ][gc,heap      ] GC(693) CMS: 471017K->472829K(600768K)
[2712.428s][info ][gc,metaspace ] GC(693) Metaspace: 59620K->59620K(1103872K)
[2712.428s][info ][gc           ] GC(693) Pause Young (Allocation Failure) 698M->475M(850M) 9.647ms
[2712.428s][info ][gc,cpu       ] GC(693) User=0.04s Sys=0.00s Real=0.01s
[2712.428s][info ][safepoint    ] Leaving safepoint region
[2712.428s][info ][safepoint    ] Total time for which application threads were stopped: 0.0098866 seconds, Stopping threads took: 0.0000852 seconds
[2713.428s][info ][safepoint    ] Application time: 1.0001030 seconds
[2713.428s][info ][safepoint    ] Entering safepoint region: Cleanup
[2713.428s][info ][safepoint    ] Leaving safepoint region
[2713.428s][info ][safepoint    ] Total time for which application threads were stopped: 0.0000716 seconds, Stopping threads took: 0.0000157 seconds
[2714.428s][info ][safepoint    ] Application time: 1.0000963 seconds
[2714.428s][info ][safepoint    ] Entering safepoint region: Cleanup
[2714.428s][info ][safepoint    ] Leaving safepoint region
[2714.428s][info ][safepoint    ] Total time for which application threads were stopped: 0.0000931 seconds, Stopping threads took: 0.0000155 seconds
[2715.428s][info ][safepoint    ] Application time: 1.0000928 seconds
[2715.428s][info ][safepoint    ] Entering safepoint region: Cleanup
[2715.428s][info ][safepoint    ] Leaving safepoint region
[2715.429s][info ][safepoint    ] Total time for which application threads were stopped: 0.0000784 seconds, Stopping threads took: 0.0000161 seconds
[2716.164s][info ][safepoint    ] Application time: 0.7351184 seconds
[2716.164s][info ][safepoint    ] Entering safepoint region: GenCollectForAllocation
[2716.164s][info ][gc,start     ] GC(694) Pause Young (Allocation Failure)
[2716.164s][info ][gc,task      ] GC(694) Using 4 workers of 4 for evacuation
[2716.166s][debug][gc,ref       ] GC(694) Skipped phase1 of Reference Processing due to unavailable references
[2716.166s][debug][gc,ref       ] GC(694) Skipped phase2 of Reference Processing due to unavailable references
[2716.166s][debug][gc,ref       ] GC(694) Skipped phase3 of Reference Processing due to unavailable references
[2716.166s][debug][gc,ref       ] GC(694) Skipped phase4 of Reference Processing due to unavailable references
[2716.167s][debug][gc,age       ] GC(694) Desired survivor size 15368192 bytes, new threshold 6 (max threshold 6)
[2716.167s][info ][gc,heap      ] GC(694) ParNew: 254068K->10042K(270336K)
[2716.167s][info ][gc,heap      ] GC(694) CMS: 472829K->472954K(600768K)
[2716.167s][info ][gc,metaspace ] GC(694) Metaspace: 59620K->59620K(1103872K)
[2716.167s][info ][gc           ] GC(694) Pause Young (Allocation Failure) 709M->471M(850M) 2.801ms
[2716.167s][info ][gc,cpu       ] GC(694) User=0.01s Sys=0.00s Real=0.01s
[2716.167s][info ][safepoint    ] Leaving safepoint region
[2716.167s][info ][safepoint    ] Total time for which application threads were stopped: 0.0029602 seconds, Stopping threads took: 0.0000310 seconds
[2717.167s][info ][safepoint    ] Application time: 1.0000818 seconds
[2717.167s][info ][safepoint    ] Entering safepoint region: Cleanup
[2717.167s][info ][safepoint    ] Leaving safepoint region
[2717.167s][info ][safepoint    ] Total time for which application threads were stopped: 0.0000806 seconds, Stopping threads took: 0.0000161 seconds
[2718.167s][info ][safepoint    ] Application time: 1.0000884 seconds
[2718.167s][info ][safepoint    ] Entering safepoint region: Cleanup
[2718.167s][info ][safepoint    ] Leaving safepoint region
[2718.167s][info ][safepoint    ] Total time for which application threads were stopped: 0.0000727 seconds, Stopping threads took: 0.0000156 seconds
[2719.167s][info ][safepoint    ] Application time: 1.0000804 seconds
[2719.167s][info ][safepoint    ] Entering safepoint region: Cleanup
[2719.167s][info ][safepoint    ] Leaving safepoint region
[2719.167s][info ][safepoint    ] Total time for which application threads were stopped: 0.0000933 seconds, Stopping threads took: 0.0000150 seconds
[2720.167s][info ][safepoint    ] Application time: 1.0000875 seconds
[2720.167s][info ][safepoint    ] Entering safepoint region: Cleanup
[2720.167s][info ][safepoint    ] Leaving safepoint region
[2720.167s][info ][safepoint    ] Total time for which application threads were stopped: 0.0000795 seconds, Stopping threads took: 0.0000165 seconds
[2720.362s][info ][safepoint    ] Application time: 0.1942820 seconds
[2720.362s][info ][safepoint    ] Entering safepoint region: GenCollectForAllocation
[2720.362s][info ][gc,start     ] GC(695) Pause Young (Allocation Failure)
[2720.362s][info ][gc,task      ] GC(695) Using 4 workers of 4 for evacuation
[2720.365s][debug][gc,ref       ] GC(695) Skipped phase1 of Reference Processing due to unavailable references
[2720.365s][debug][gc,ref       ] GC(695) Skipped phase2 of Reference Processing due to unavailable references
[2720.365s][debug][gc,ref       ] GC(695) Skipped phase3 of Reference Processing due to unavailable references
[2720.365s][debug][gc,ref       ] GC(695) Skipped phase4 of Reference Processing due to unavailable references
[2720.365s][debug][gc,age       ] GC(695) Desired survivor size 15368192 bytes, new threshold 6 (max threshold 6)
[2720.365s][info ][gc,heap      ] GC(695) ParNew: 250362K->2897K(270336K)
[2720.365s][info ][gc,heap      ] GC(695) CMS: 472954K->472992K(600768K)
[2720.365s][info ][gc,metaspace ] GC(695) Metaspace: 59620K->59620K(1103872K)
[2720.365s][info ][gc           ] GC(695) Pause Young (Allocation Failure) 706M->464M(850M) 2.989ms
[2720.365s][info ][gc,cpu       ] GC(695) User=0.01s Sys=0.00s Real=0.01s
[2720.365s][info ][safepoint    ] Leaving safepoint region
[2720.365s][info ][safepoint    ] Total time for which application threads were stopped: 0.0031469 seconds, Stopping threads took: 0.0000140 seconds
[2721.365s][info ][safepoint    ] Application time: 1.0000962 seconds
[2721.365s][info ][safepoint    ] Entering safepoint region: Cleanup
[2721.365s][info ][safepoint    ] Leaving safepoint region
[2721.365s][info ][safepoint    ] Total time for which application threads were stopped: 0.0001351 seconds, Stopping threads took: 0.0000617 seconds
[2722.365s][info ][safepoint    ] Application time: 1.0002427 seconds
[2722.366s][info ][safepoint    ] Entering safepoint region: Cleanup
[2722.366s][info ][safepoint    ] Leaving safepoint region
[2722.366s][info ][safepoint    ] Total time for which application threads were stopped: 0.0001459 seconds, Stopping threads took: 0.0000777 seconds
[2723.366s][info ][safepoint    ] Application time: 1.0001635 seconds
[2723.366s][info ][safepoint    ] Entering safepoint region: Cleanup
[2723.366s][info ][safepoint    ] Leaving safepoint region
[2723.366s][info ][safepoint    ] Total time for which application threads were stopped: 0.0001258 seconds, Stopping threads took: 0.0000522 seconds
[2724.366s][info ][safepoint    ] Application time: 1.0000965 seconds
[2724.366s][info ][safepoint    ] Entering safepoint region: Cleanup
[2724.366s][info ][safepoint    ] Leaving safepoint region
[2724.366s][info ][safepoint    ] Total time for which application threads were stopped: 0.0000885 seconds, Stopping threads took: 0.0000291 seconds
[2724.518s][info ][safepoint    ] Application time: 0.1513089 seconds
[2724.518s][info ][safepoint    ] Entering safepoint region: GenCollectForAllocation
[2724.518s][info ][gc,start     ] GC(696) Pause Young (Allocation Failure)
[2724.518s][info ][gc,task      ] GC(696) Using 4 workers of 4 for evacuation
[2724.521s][debug][gc,ref       ] GC(696) Skipped phase1 of Reference Processing due to unavailable references
[2724.521s][debug][gc,ref       ] GC(696) Skipped phase2 of Reference Processing due to unavailable references
[2724.521s][debug][gc,ref       ] GC(696) Skipped phase3 of Reference Processing due to unavailable references
[2724.521s][debug][gc,ref       ] GC(696) Skipped phase4 of Reference Processing due to unavailable references
[2724.521s][debug][gc,age       ] GC(696) Desired survivor size 15368192 bytes, new threshold 6 (max threshold 6)
[2724.521s][info ][gc,heap      ] GC(696) ParNew: 243217K->2376K(270336K)
[2724.521s][info ][gc,heap      ] GC(696) CMS: 472992K->473069K(600768K)
[2724.521s][info ][gc,metaspace ] GC(696) Metaspace: 59620K->59620K(1103872K)
[2724.521s][info ][gc           ] GC(696) Pause Young (Allocation Failure) 699M->464M(850M) 3.257ms
[2724.521s][info ][gc,cpu       ] GC(696) User=0.01s Sys=0.00s Real=0.00s
[2724.521s][info ][safepoint    ] Leaving safepoint region
[2724.521s][info ][safepoint    ] Total time for which application threads were stopped: 0.0034151 seconds, Stopping threads took: 0.0000177 seconds
[2725.521s][info ][safepoint    ] Application time: 1.0000937 seconds
[2725.521s][info ][safepoint    ] Entering safepoint region: Cleanup
[2725.521s][info ][safepoint    ] Leaving safepoint region
[2725.521s][info ][safepoint    ] Total time for which application threads were stopped: 0.0000797 seconds, Stopping threads took: 0.0000160 seconds
[2726.521s][info ][safepoint    ] Application time: 1.0000930 seconds
[2726.521s][info ][safepoint    ] Entering safepoint region: Cleanup
[2726.521s][info ][safepoint    ] Leaving safepoint region
[2726.521s][info ][safepoint    ] Total time for which application threads were stopped: 0.0000733 seconds, Stopping threads took: 0.0000153 seconds
[2727.522s][info ][safepoint    ] Application time: 1.0001012 seconds
[2727.522s][info ][safepoint    ] Entering safepoint region: Cleanup
[2727.522s][info ][safepoint    ] Leaving safepoint region
[2727.522s][info ][safepoint    ] Total time for which application threads were stopped: 0.0000854 seconds, Stopping threads took: 0.0000167 seconds
[2727.553s][info ][safepoint    ] Application time: 0.0309406 seconds
[2727.553s][info ][safepoint    ] Entering safepoint region: GenCollectForAllocation
[2727.553s][info ][gc,start     ] GC(697) Pause Young (Allocation Failure)
[2727.553s][info ][gc,task      ] GC(697) Using 4 workers of 4 for evacuation
[2727.558s][debug][gc,ref       ] GC(697) Skipped phase1 of Reference Processing due to unavailable references
[2727.558s][debug][gc,ref       ] GC(697) Skipped phase2 of Reference Processing due to unavailable references
[2727.558s][debug][gc,ref       ] GC(697) Skipped phase3 of Reference Processing due to unavailable references
[2727.558s][debug][gc,ref       ] GC(697) Skipped phase4 of Reference Processing due to unavailable references
[2727.558s][debug][gc,age       ] GC(697) Desired survivor size 15368192 bytes, new threshold 6 (max threshold 6)
[2727.558s][info ][gc,heap      ] GC(697) ParNew: 242696K->6591K(270336K)
[2727.558s][info ][gc,heap      ] GC(697) CMS: 473069K->473141K(600768K)
[2727.558s][info ][gc,metaspace ] GC(697) Metaspace: 59620K->59620K(1103872K)
[2727.558s][info ][gc           ] GC(697) Pause Young (Allocation Failure) 698M->468M(850M) 5.104ms
[2727.558s][info ][gc,cpu       ] GC(697) User=0.02s Sys=0.00s Real=0.00s
[2727.558s][info ][safepoint    ] Leaving safepoint region
[2727.558s][info ][safepoint    ] Total time for which application threads were stopped: 0.0053103 seconds, Stopping threads took: 0.0000631 seconds
[2728.558s][info ][safepoint    ] Application time: 1.0001052 seconds
[2728.558s][info ][safepoint    ] Entering safepoint region: Cleanup
[2728.558s][info ][safepoint    ] Leaving safepoint region
[2728.558s][info ][safepoint    ] Total time for which application threads were stopped: 0.0001157 seconds, Stopping threads took: 0.0000498 seconds
[2729.558s][info ][safepoint    ] Application time: 1.0000905 seconds
[2729.558s][info ][safepoint    ] Entering safepoint region: Cleanup
[2729.558s][info ][safepoint    ] Leaving safepoint region
[2729.558s][info ][safepoint    ] Total time for which application threads were stopped: 0.0001781 seconds, Stopping threads took: 0.0000833 seconds
[2730.559s][info ][safepoint    ] Application time: 1.0000927 seconds
[2730.559s][info ][safepoint    ] Entering safepoint region: Cleanup
[2730.559s][info ][safepoint    ] Leaving safepoint region
[2730.559s][info ][safepoint    ] Total time for which application threads were stopped: 0.0001790 seconds, Stopping threads took: 0.0001026 seconds
[2730.910s][info ][safepoint    ] Application time: 0.3512986 seconds
[2730.910s][info ][safepoint    ] Entering safepoint region: GenCollectForAllocation
[2730.910s][info ][gc,start     ] GC(698) Pause Young (Allocation Failure)
[2730.910s][info ][gc,task      ] GC(698) Using 4 workers of 4 for evacuation
[2730.915s][debug][gc,ref       ] GC(698) Skipped phase1 of Reference Processing due to unavailable references
[2730.915s][debug][gc,ref       ] GC(698) Skipped phase2 of Reference Processing due to unavailable references
[2730.915s][debug][gc,ref       ] GC(698) Skipped phase3 of Reference Processing due to unavailable references
[2730.915s][debug][gc,ref       ] GC(698) Skipped phase4 of Reference Processing due to unavailable references
[2730.915s][debug][gc,age       ] GC(698) Desired survivor size 15368192 bytes, new threshold 6 (max threshold 6)
[2730.915s][info ][gc,heap      ] GC(698) ParNew: 246911K->9391K(270336K)
[2730.915s][info ][gc,heap      ] GC(698) CMS: 473141K->473161K(600768K)
[2730.915s][info ][gc,metaspace ] GC(698) Metaspace: 59620K->59620K(1103872K)
[2730.915s][info ][gc           ] GC(698) Pause Young (Allocation Failure) 703M->471M(850M) 4.701ms
[2730.915s][info ][gc,cpu       ] GC(698) User=0.02s Sys=0.00s Real=0.01s
[2730.915s][info ][safepoint    ] Leaving safepoint region
[2730.915s][info ][safepoint    ] Total time for which application threads were stopped: 0.0049234 seconds, Stopping threads took: 0.0000657 seconds
[2731.915s][info ][safepoint    ] Application time: 1.0002290 seconds
[2731.915s][info ][safepoint    ] Entering safepoint region: Cleanup
[2731.915s][info ][safepoint    ] Leaving safepoint region
[2731.915s][info ][safepoint    ] Total time for which application threads were stopped: 0.0001724 seconds, Stopping threads took: 0.0000862 seconds
[2732.916s][info ][safepoint    ] Application time: 1.0000636 seconds
[2732.916s][info ][safepoint    ] Entering safepoint region: Cleanup
[2732.916s][info ][safepoint    ] Leaving safepoint region
[2732.916s][info ][safepoint    ] Total time for which application threads were stopped: 0.0001694 seconds, Stopping threads took: 0.0000817 seconds
[2733.916s][info ][safepoint    ] Application time: 1.0000617 seconds
[2733.916s][info ][safepoint    ] Entering safepoint region: Cleanup
[2733.916s][info ][safepoint    ] Leaving safepoint region
[2733.916s][info ][safepoint    ] Total time for which application threads were stopped: 0.0001273 seconds, Stopping threads took: 0.0000613 seconds
[2734.358s][info ][safepoint    ] Application time: 0.4420364 seconds
[2734.358s][info ][safepoint    ] Entering safepoint region: GenCollectForAllocation
[2734.358s][info ][gc,start     ] GC(699) Pause Young (Allocation Failure)
[2734.358s][info ][gc,task      ] GC(699) Using 4 workers of 4 for evacuation
[2734.364s][debug][gc,ref       ] GC(699) Skipped phase1 of Reference Processing due to unavailable references
[2734.364s][debug][gc,ref       ] GC(699) Skipped phase2 of Reference Processing due to unavailable references
[2734.364s][debug][gc,ref       ] GC(699) Skipped phase3 of Reference Processing due to unavailable references
[2734.364s][debug][gc,ref       ] GC(699) Skipped phase4 of Reference Processing due to unavailable references
[2734.364s][debug][gc,age       ] GC(699) Desired survivor size 15368192 bytes, new threshold 6 (max threshold 6)
[2734.364s][info ][gc,heap      ] GC(699) ParNew: 249711K->8721K(270336K)
[2734.364s][info ][gc,heap      ] GC(699) CMS: 473161K->473386K(600768K)
[2734.364s][info ][gc,metaspace ] GC(699) Metaspace: 59620K->59620K(1103872K)
[2734.364s][info ][gc           ] GC(699) Pause Young (Allocation Failure) 705M->470M(850M) 5.796ms
[2734.364s][info ][gc,cpu       ] GC(699) User=0.02s Sys=0.00s Real=0.01s
[2734.364s][info ][safepoint    ] Leaving safepoint region
[2734.364s][info ][safepoint    ] Total time for which application threads were stopped: 0.0060766 seconds, Stopping threads took: 0.0001255 seconds
[2735.364s][info ][safepoint    ] Application time: 1.0001028 seconds
[2735.364s][info ][safepoint    ] Entering safepoint region: Cleanup
[2735.364s][info ][safepoint    ] Leaving safepoint region
[2735.364s][info ][safepoint    ] Total time for which application threads were stopped: 0.0001529 seconds, Stopping threads took: 0.0000854 seconds
[2736.365s][info ][safepoint    ] Application time: 1.0001145 seconds
[2736.365s][info ][safepoint    ] Entering safepoint region: Cleanup
[2736.365s][info ][safepoint    ] Leaving safepoint region
[2736.365s][info ][safepoint    ] Total time for which application threads were stopped: 0.0001317 seconds, Stopping threads took: 0.0000573 seconds
[2737.365s][info ][safepoint    ] Application time: 1.0001074 seconds
[2737.365s][info ][safepoint    ] Entering safepoint region: Cleanup
[2737.365s][info ][safepoint    ] Leaving safepoint region
[2737.365s][info ][safepoint    ] Total time for which application threads were stopped: 0.0001269 seconds, Stopping threads took: 0.0000384 seconds
[2737.511s][info ][safepoint    ] Application time: 0.1461075 seconds
[2737.511s][info ][safepoint    ] Entering safepoint region: GenCollectForAllocation
[2737.511s][info ][gc,start     ] GC(700) Pause Young (Allocation Failure)
[2737.511s][info ][gc,task      ] GC(700) Using 4 workers of 4 for evacuation
[2737.518s][debug][gc,ref       ] GC(700) Skipped phase1 of Reference Processing due to unavailable references
[2737.518s][debug][gc,ref       ] GC(700) Skipped phase2 of Reference Processing due to unavailable references
[2737.518s][debug][gc,ref       ] GC(700) Skipped phase3 of Reference Processing due to unavailable references
[2737.518s][debug][gc,ref       ] GC(700) Skipped phase4 of Reference Processing due to unavailable references
[2737.518s][debug][gc,age       ] GC(700) Desired survivor size 15368192 bytes, new threshold 6 (max threshold 6)
[2737.518s][info ][gc,heap      ] GC(700) ParNew: 249041K->9455K(270336K)
[2737.518s][info ][gc,heap      ] GC(700) CMS: 473386K->473533K(600768K)
[2737.518s][info ][gc,metaspace ] GC(700) Metaspace: 59620K->59620K(1103872K)
[2737.518s][info ][gc           ] GC(700) Pause Young (Allocation Failure) 705M->471M(850M) 6.898ms
[2737.518s][info ][gc,cpu       ] GC(700) User=0.03s Sys=0.01s Real=0.01s
[2737.518s][info ][safepoint    ] Leaving safepoint region
[2737.518s][info ][safepoint    ] Total time for which application threads were stopped: 0.0070571 seconds, Stopping threads took: 0.0000167 seconds
[2738.518s][info ][safepoint    ] Application time: 1.0001026 seconds
[2738.518s][info ][safepoint    ] Entering safepoint region: Cleanup
[2738.519s][info ][safepoint    ] Leaving safepoint region
[2738.519s][info ][safepoint    ] Total time for which application threads were stopped: 0.0001192 seconds, Stopping threads took: 0.0000608 seconds
[2739.519s][info ][safepoint    ] Application time: 1.0000590 seconds
[2739.519s][info ][safepoint    ] Entering safepoint region: Cleanup
[2739.519s][info ][safepoint    ] Leaving safepoint region
[2739.519s][info ][safepoint    ] Total time for which application threads were stopped: 0.0000724 seconds, Stopping threads took: 0.0000153 seconds
[2740.519s][info ][safepoint    ] Application time: 1.0000880 seconds
[2740.519s][info ][safepoint    ] Entering safepoint region: Cleanup
[2740.519s][info ][safepoint    ] Leaving safepoint region
[2740.519s][info ][safepoint    ] Total time for which application threads were stopped: 0.0000855 seconds, Stopping threads took: 0.0000272 seconds
[2740.912s][info ][safepoint    ] Application time: 0.3929467 seconds
[2740.912s][info ][safepoint    ] Entering safepoint region: GenCollectForAllocation
[2740.912s][info ][gc,start     ] GC(701) Pause Young (Allocation Failure)
[2740.912s][info ][gc,task      ] GC(701) Using 4 workers of 4 for evacuation
[2740.917s][debug][gc,ref       ] GC(701) Skipped phase1 of Reference Processing due to unavailable references
[2740.917s][debug][gc,ref       ] GC(701) Skipped phase2 of Reference Processing due to unavailable references
[2740.917s][debug][gc,ref       ] GC(701) Skipped phase3 of Reference Processing due to unavailable references
[2740.917s][debug][gc,ref       ] GC(701) Skipped phase4 of Reference Processing due to unavailable references
[2740.917s][debug][gc,age       ] GC(701) Desired survivor size 15368192 bytes, new threshold 6 (max threshold 6)
[2740.917s][info ][gc,heap      ] GC(701) ParNew: 249775K->10430K(270336K)
[2740.917s][info ][gc,heap      ] GC(701) CMS: 473533K->473730K(600768K)
[2740.917s][info ][gc,metaspace ] GC(701) Metaspace: 59625K->59625K(1103872K)
[2740.917s][info ][gc           ] GC(701) Pause Young (Allocation Failure) 706M->472M(850M) 5.319ms
[2740.917s][info ][gc,cpu       ] GC(701) User=0.02s Sys=0.00s Real=0.01s
[2740.917s][info ][safepoint    ] Leaving safepoint region
[2740.917s][info ][safepoint    ] Total time for which application threads were stopped: 0.0054645 seconds, Stopping threads took: 0.0000148 seconds
[2741.917s][info ][safepoint    ] Application time: 1.0000881 seconds
[2741.917s][info ][safepoint    ] Entering safepoint region: Cleanup
[2741.918s][info ][safepoint    ] Leaving safepoint region
[2741.918s][info ][safepoint    ] Total time for which application threads were stopped: 0.0000863 seconds, Stopping threads took: 0.0000166 seconds
[2742.918s][info ][safepoint    ] Application time: 1.0000894 seconds
[2742.918s][info ][safepoint    ] Entering safepoint region: Cleanup
[2742.918s][info ][safepoint    ] Leaving safepoint region
[2742.918s][info ][safepoint    ] Total time for which application threads were stopped: 0.0001342 seconds, Stopping threads took: 0.0000641 seconds
[2743.918s][info ][safepoint    ] Application time: 1.0000979 seconds
[2743.918s][info ][safepoint    ] Entering safepoint region: Cleanup
[2743.918s][info ][safepoint    ] Leaving safepoint region
[2743.918s][info ][safepoint    ] Total time for which application threads were stopped: 0.0000714 seconds, Stopping threads took: 0.0000153 seconds
[2744.566s][info ][safepoint    ] Application time: 0.6480912 seconds
[2744.566s][info ][safepoint    ] Entering safepoint region: GenCollectForAllocation
[2744.566s][info ][gc,start     ] GC(702) Pause Young (Allocation Failure)
[2744.566s][info ][gc,task      ] GC(702) Using 4 workers of 4 for evacuation
[2744.571s][debug][gc,ref       ] GC(702) Skipped phase1 of Reference Processing due to unavailable references
[2744.571s][debug][gc,ref       ] GC(702) Skipped phase2 of Reference Processing due to unavailable references
[2744.571s][debug][gc,ref       ] GC(702) Skipped phase3 of Reference Processing due to unavailable references
[2744.571s][debug][gc,ref       ] GC(702) Skipped phase4 of Reference Processing due to unavailable references
[2744.571s][debug][gc,age       ] GC(702) Desired survivor size 15368192 bytes, new threshold 6 (max threshold 6)
[2744.571s][info ][gc,heap      ] GC(702) ParNew: 250750K->9346K(270336K)
[2744.571s][info ][gc,heap      ] GC(702) CMS: 473730K->473898K(600768K)
[2744.571s][info ][gc,metaspace ] GC(702) Metaspace: 59625K->59625K(1103872K)
[2744.571s][info ][gc           ] GC(702) Pause Young (Allocation Failure) 707M->471M(850M) 5.152ms
[2744.571s][info ][gc,cpu       ] GC(702) User=0.02s Sys=0.00s Real=0.00s
[2744.571s][info ][safepoint    ] Leaving safepoint region
[2744.571s][info ][safepoint    ] Total time for which application threads were stopped: 0.0053275 seconds, Stopping threads took: 0.0000304 seconds
[2745.572s][info ][safepoint    ] Application time: 1.0000909 seconds
[2745.572s][info ][safepoint    ] Entering safepoint region: Cleanup
[2745.572s][info ][safepoint    ] Leaving safepoint region
[2745.572s][info ][safepoint    ] Total time for which application threads were stopped: 0.0000771 seconds, Stopping threads took: 0.0000162 seconds
[2746.572s][info ][safepoint    ] Application time: 1.0000924 seconds
[2746.572s][info ][safepoint    ] Entering safepoint region: Cleanup
[2746.572s][info ][safepoint    ] Leaving safepoint region
[2746.572s][info ][safepoint    ] Total time for which application threads were stopped: 0.0000679 seconds, Stopping threads took: 0.0000145 seconds
[2747.572s][info ][safepoint    ] Application time: 1.0000647 seconds
[2747.572s][info ][safepoint    ] Entering safepoint region: Cleanup
[2747.572s][info ][safepoint    ] Leaving safepoint region
[2747.572s][info ][safepoint    ] Total time for which application threads were stopped: 0.0000725 seconds, Stopping threads took: 0.0000159 seconds
[2748.212s][info ][safepoint    ] Application time: 0.6402682 seconds
[2748.212s][info ][safepoint    ] Entering safepoint region: GenCollectForAllocation
[2748.212s][info ][gc,start     ] GC(703) Pause Young (Allocation Failure)
[2748.213s][info ][gc,task      ] GC(703) Using 4 workers of 4 for evacuation
[2748.220s][debug][gc,ref       ] GC(703) Skipped phase1 of Reference Processing due to unavailable references
[2748.220s][debug][gc,ref       ] GC(703) Skipped phase2 of Reference Processing due to unavailable references
[2748.220s][debug][gc,ref       ] GC(703) Skipped phase3 of Reference Processing due to unavailable references
[2748.220s][debug][gc,ref       ] GC(703) Skipped phase4 of Reference Processing due to unavailable references
[2748.220s][debug][gc,age       ] GC(703) Desired survivor size 15368192 bytes, new threshold 6 (max threshold 6)
[2748.220s][info ][gc,heap      ] GC(703) ParNew: 249666K->7750K(270336K)
[2748.220s][info ][gc,heap      ] GC(703) CMS: 473898K->476388K(600768K)
[2748.220s][info ][gc,metaspace ] GC(703) Metaspace: 59625K->59625K(1103872K)
[2748.220s][info ][gc           ] GC(703) Pause Young (Allocation Failure) 706M->472M(850M) 7.357ms
[2748.220s][info ][gc,cpu       ] GC(703) User=0.03s Sys=0.01s Real=0.00s
[2748.220s][info ][safepoint    ] Leaving safepoint region
[2748.220s][info ][safepoint    ] Total time for which application threads were stopped: 0.0075074 seconds, Stopping threads took: 0.0000156 seconds
[2749.220s][info ][safepoint    ] Application time: 1.0000961 seconds
[2749.220s][info ][safepoint    ] Entering safepoint region: Cleanup
[2749.220s][info ][safepoint    ] Leaving safepoint region
[2749.220s][info ][safepoint    ] Total time for which application threads were stopped: 0.0000721 seconds, Stopping threads took: 0.0000156 seconds
[2750.220s][info ][safepoint    ] Application time: 1.0000791 seconds
[2750.220s][info ][safepoint    ] Entering safepoint region: Cleanup
[2750.220s][info ][safepoint    ] Leaving safepoint region
[2750.220s][info ][safepoint    ] Total time for which application threads were stopped: 0.0000734 seconds, Stopping threads took: 0.0000159 seconds
[2751.221s][info ][safepoint    ] Application time: 1.0003423 seconds
[2751.221s][info ][safepoint    ] Entering safepoint region: Cleanup
[2751.221s][info ][safepoint    ] Leaving safepoint region
[2751.221s][info ][safepoint    ] Total time for which application threads were stopped: 0.0000791 seconds, Stopping threads took: 0.0000152 seconds
[2751.660s][info ][safepoint    ] Application time: 0.4395256 seconds
[2751.660s][info ][safepoint    ] Entering safepoint region: GenCollectForAllocation
[2751.660s][info ][gc,start     ] GC(704) Pause Young (Allocation Failure)
[2751.660s][info ][gc,task      ] GC(704) Using 4 workers of 4 for evacuation
[2751.665s][debug][gc,ref       ] GC(704) Skipped phase1 of Reference Processing due to unavailable references
[2751.665s][debug][gc,ref       ] GC(704) Skipped phase2 of Reference Processing due to unavailable references
[2751.665s][debug][gc,ref       ] GC(704) Skipped phase3 of Reference Processing due to unavailable references
[2751.665s][debug][gc,ref       ] GC(704) Skipped phase4 of Reference Processing due to unavailable references
[2751.666s][debug][gc,age       ] GC(704) Desired survivor size 15368192 bytes, new threshold 6 (max threshold 6)
[2751.666s][info ][gc,heap      ] GC(704) ParNew: 248070K->11605K(270336K)
[2751.666s][info ][gc,heap      ] GC(704) CMS: 476388K->476768K(600768K)
[2751.666s][info ][gc,metaspace ] GC(704) Metaspace: 59625K->59625K(1103872K)
[2751.666s][info ][gc           ] GC(704) Pause Young (Allocation Failure) 707M->476M(850M) 5.133ms
[2751.666s][info ][gc,cpu       ] GC(704) User=0.02s Sys=0.00s Real=0.01s
[2751.666s][info ][safepoint    ] Leaving safepoint region
[2751.666s][info ][safepoint    ] Total time for which application threads were stopped: 0.0053098 seconds, Stopping threads took: 0.0000158 seconds
[2752.666s][info ][safepoint    ] Application time: 1.0001722 seconds
[2752.666s][info ][safepoint    ] Entering safepoint region: Cleanup
[2752.666s][info ][safepoint    ] Leaving safepoint region
[2752.666s][info ][safepoint    ] Total time for which application threads were stopped: 0.0000760 seconds, Stopping threads took: 0.0000170 seconds
[2753.666s][info ][safepoint    ] Application time: 1.0000852 seconds
[2753.666s][info ][safepoint    ] Entering safepoint region: Cleanup
[2753.666s][info ][safepoint    ] Leaving safepoint region
[2753.666s][info ][safepoint    ] Total time for which application threads were stopped: 0.0001349 seconds, Stopping threads took: 0.0000611 seconds
[2754.666s][info ][safepoint    ] Application time: 1.0000952 seconds
[2754.666s][info ][safepoint    ] Entering safepoint region: Cleanup
[2754.666s][info ][safepoint    ] Leaving safepoint region
[2754.666s][info ][safepoint    ] Total time for which application threads were stopped: 0.0000790 seconds, Stopping threads took: 0.0000154 seconds
[2755.558s][info ][safepoint    ] Application time: 0.8918371 seconds
[2755.558s][info ][safepoint    ] Entering safepoint region: GenCollectForAllocation
[2755.558s][info ][gc,start     ] GC(705) Pause Young (Allocation Failure)
[2755.558s][info ][gc,task      ] GC(705) Using 4 workers of 4 for evacuation
[2755.563s][debug][gc,ref       ] GC(705) Skipped phase1 of Reference Processing due to unavailable references
[2755.563s][debug][gc,ref       ] GC(705) Skipped phase2 of Reference Processing due to unavailable references
[2755.563s][debug][gc,ref       ] GC(705) Skipped phase3 of Reference Processing due to unavailable references
[2755.563s][debug][gc,ref       ] GC(705) Skipped phase4 of Reference Processing due to unavailable references
[2755.563s][debug][gc,age       ] GC(705) Desired survivor size 15368192 bytes, new threshold 6 (max threshold 6)
[2755.563s][info ][gc,heap      ] GC(705) ParNew: 251925K->10484K(270336K)
[2755.563s][info ][gc,heap      ] GC(705) CMS: 476768K->476910K(600768K)
[2755.563s][info ][gc,metaspace ] GC(705) Metaspace: 59626K->59626K(1103872K)
[2755.563s][info ][gc           ] GC(705) Pause Young (Allocation Failure) 711M->475M(850M) 5.028ms
[2755.563s][info ][gc,cpu       ] GC(705) User=0.02s Sys=0.00s Real=0.00s
[2755.563s][info ][safepoint    ] Leaving safepoint region
[2755.563s][info ][safepoint    ] Total time for which application threads were stopped: 0.0051885 seconds, Stopping threads took: 0.0000153 seconds
[2756.564s][info ][safepoint    ] Application time: 1.0000982 seconds
[2756.564s][info ][safepoint    ] Entering safepoint region: Cleanup
[2756.564s][info ][safepoint    ] Leaving safepoint region
[2756.564s][info ][safepoint    ] Total time for which application threads were stopped: 0.0001400 seconds, Stopping threads took: 0.0000728 seconds
[2757.564s][info ][safepoint    ] Application time: 1.0000894 seconds
[2757.564s][info ][safepoint    ] Entering safepoint region: Cleanup
[2757.564s][info ][safepoint    ] Leaving safepoint region
[2757.564s][info ][safepoint    ] Total time for which application threads were stopped: 0.0001402 seconds, Stopping threads took: 0.0000721 seconds
[2758.564s][info ][safepoint    ] Application time: 1.0000879 seconds
[2758.564s][info ][safepoint    ] Entering safepoint region: Cleanup
[2758.564s][info ][safepoint    ] Leaving safepoint region
[2758.564s][info ][safepoint    ] Total time for which application threads were stopped: 0.0001468 seconds, Stopping threads took: 0.0000767 seconds
[2759.174s][info ][safepoint    ] Application time: 0.6101680 seconds
[2759.175s][info ][safepoint    ] Entering safepoint region: GenCollectForAllocation
[2759.175s][info ][safepoint    ] Leaving safepoint region
[2759.175s][info ][safepoint    ] Total time for which application threads were stopped: 0.0000905 seconds, Stopping threads took: 0.0000201 seconds
[2759.175s][info ][safepoint    ] Application time: 0.0001572 seconds
[2759.175s][info ][safepoint    ] Entering safepoint region: GenCollectFull
[2759.175s][info ][gc,start     ] GC(706) Pause Young (GCLocker Initiated GC)
[2759.175s][info ][gc,task      ] GC(706) Using 4 workers of 4 for evacuation
[2759.181s][debug][gc,ref       ] GC(706) Skipped phase1 of Reference Processing due to unavailable references
[2759.181s][debug][gc,ref       ] GC(706) Skipped phase2 of Reference Processing due to unavailable references
[2759.181s][debug][gc,ref       ] GC(706) Skipped phase3 of Reference Processing due to unavailable references
[2759.181s][debug][gc,ref       ] GC(706) Skipped phase4 of Reference Processing due to unavailable references
[2759.181s][debug][gc,age       ] GC(706) Desired survivor size 15368192 bytes, new threshold 6 (max threshold 6)
[2759.181s][info ][gc,heap      ] GC(706) ParNew: 250820K->11137K(270336K)
[2759.181s][info ][gc,heap      ] GC(706) CMS: 476910K->478190K(600768K)
[2759.181s][info ][gc,metaspace ] GC(706) Metaspace: 59628K->59628K(1103872K)
[2759.181s][info ][gc           ] GC(706) Pause Young (GCLocker Initiated GC) 710M->477M(850M) 6.375ms
[2759.181s][info ][gc,cpu       ] GC(706) User=0.03s Sys=0.00s Real=0.00s
[2759.181s][info ][safepoint    ] Leaving safepoint region
[2759.181s][info ][safepoint    ] Total time for which application threads were stopped: 0.0064955 seconds, Stopping threads took: 0.0000401 seconds
[2760.181s][info ][safepoint    ] Application time: 1.0000943 seconds
[2760.181s][info ][safepoint    ] Entering safepoint region: Cleanup
[2760.181s][info ][safepoint    ] Leaving safepoint region
[2760.181s][info ][safepoint    ] Total time for which application threads were stopped: 0.0000751 seconds, Stopping threads took: 0.0000174 seconds
[2761.182s][info ][safepoint    ] Application time: 1.0000966 seconds
[2761.182s][info ][safepoint    ] Entering safepoint region: Cleanup
[2761.182s][info ][safepoint    ] Leaving safepoint region
[2761.182s][info ][safepoint    ] Total time for which application threads were stopped: 0.0000871 seconds, Stopping threads took: 0.0000149 seconds
[2762.182s][info ][safepoint    ] Application time: 1.0001516 seconds
[2762.182s][info ][safepoint    ] Entering safepoint region: Cleanup
[2762.182s][info ][safepoint    ] Leaving safepoint region
[2762.182s][info ][safepoint    ] Total time for which application threads were stopped: 0.0000822 seconds, Stopping threads took: 0.0000195 seconds
[2763.017s][info ][safepoint    ] Application time: 0.8353959 seconds
[2763.017s][info ][safepoint    ] Entering safepoint region: GenCollectForAllocation
[2763.018s][info ][gc,start     ] GC(707) Pause Young (Allocation Failure)
[2763.018s][info ][gc,task      ] GC(707) Using 4 workers of 4 for evacuation
[2763.022s][debug][gc,ref       ] GC(707) Skipped phase1 of Reference Processing due to unavailable references
[2763.022s][debug][gc,ref       ] GC(707) Skipped phase2 of Reference Processing due to unavailable references
[2763.022s][debug][gc,ref       ] GC(707) Skipped phase3 of Reference Processing due to unavailable references
[2763.022s][debug][gc,ref       ] GC(707) Skipped phase4 of Reference Processing due to unavailable references
[2763.023s][debug][gc,age       ] GC(707) Desired survivor size 15368192 bytes, new threshold 6 (max threshold 6)
[2763.023s][info ][gc,heap      ] GC(707) ParNew: 251457K->10120K(270336K)
[2763.023s][info ][gc,heap      ] GC(707) CMS: 478190K->478700K(600768K)
[2763.023s][info ][gc,metaspace ] GC(707) Metaspace: 59628K->59628K(1103872K)
[2763.023s][info ][gc           ] GC(707) Pause Young (Allocation Failure) 712M->477M(850M) 5.121ms
[2763.023s][info ][gc,cpu       ] GC(707) User=0.02s Sys=0.00s Real=0.00s
[2763.023s][info ][safepoint    ] Leaving safepoint region
[2763.023s][info ][safepoint    ] Total time for which application threads were stopped: 0.0052719 seconds, Stopping threads took: 0.0000168 seconds
[2764.023s][info ][safepoint    ] Application time: 1.0000699 seconds
[2764.023s][info ][safepoint    ] Entering safepoint region: Cleanup
[2764.023s][info ][safepoint    ] Leaving safepoint region
[2764.023s][info ][safepoint    ] Total time for which application threads were stopped: 0.0000759 seconds, Stopping threads took: 0.0000169 seconds
[2765.023s][info ][safepoint    ] Application time: 1.0000642 seconds
[2765.023s][info ][safepoint    ] Entering safepoint region: Cleanup
[2765.023s][info ][safepoint    ] Leaving safepoint region
[2765.023s][info ][safepoint    ] Total time for which application threads were stopped: 0.0001477 seconds, Stopping threads took: 0.0000792 seconds
[2766.023s][info ][safepoint    ] Application time: 1.0000957 seconds
[2766.023s][info ][safepoint    ] Entering safepoint region: Cleanup
[2766.023s][info ][safepoint    ] Leaving safepoint region
[2766.023s][info ][safepoint    ] Total time for which application threads were stopped: 0.0000972 seconds, Stopping threads took: 0.0000290 seconds
[2767.009s][info ][safepoint    ] Application time: 0.9855852 seconds
[2767.009s][info ][safepoint    ] Entering safepoint region: GenCollectForAllocation
[2767.009s][info ][gc,start     ] GC(708) Pause Young (Allocation Failure)
[2767.009s][info ][gc,task      ] GC(708) Using 4 workers of 4 for evacuation
[2767.015s][debug][gc,ref       ] GC(708) Skipped phase1 of Reference Processing due to unavailable references
[2767.015s][debug][gc,ref       ] GC(708) Skipped phase2 of Reference Processing due to unavailable references
[2767.015s][debug][gc,ref       ] GC(708) Skipped phase3 of Reference Processing due to unavailable references
[2767.015s][debug][gc,ref       ] GC(708) Skipped phase4 of Reference Processing due to unavailable references
[2767.015s][debug][gc,age       ] GC(708) Desired survivor size 15368192 bytes, new threshold 6 (max threshold 6)
[2767.015s][info ][gc,heap      ] GC(708) ParNew: 250440K->11248K(270336K)
[2767.015s][info ][gc,heap      ] GC(708) CMS: 478700K->479079K(600768K)
[2767.015s][info ][gc,metaspace ] GC(708) Metaspace: 59636K->59636K(1103872K)
[2767.015s][info ][gc           ] GC(708) Pause Young (Allocation Failure) 712M->478M(850M) 5.507ms
[2767.015s][info ][gc,cpu       ] GC(708) User=0.02s Sys=0.00s Real=0.01s
[2767.015s][info ][safepoint    ] Leaving safepoint region
[2767.015s][info ][safepoint    ] Total time for which application threads were stopped: 0.0058012 seconds, Stopping threads took: 0.0001543 seconds
[2768.015s][info ][safepoint    ] Application time: 1.0000960 seconds
[2768.015s][info ][safepoint    ] Entering safepoint region: Cleanup
[2768.015s][info ][safepoint    ] Leaving safepoint region
[2768.015s][info ][safepoint    ] Total time for which application threads were stopped: 0.0001326 seconds, Stopping threads took: 0.0000623 seconds
[2769.015s][info ][safepoint    ] Application time: 1.0000832 seconds
[2769.015s][info ][safepoint    ] Entering safepoint region: Cleanup
[2769.015s][info ][safepoint    ] Leaving safepoint region
[2769.015s][info ][safepoint    ] Total time for which application threads were stopped: 0.0001490 seconds, Stopping threads took: 0.0000731 seconds
[2770.015s][info ][safepoint    ] Application time: 1.0001343 seconds
[2770.016s][info ][safepoint    ] Entering safepoint region: Cleanup
[2770.016s][info ][safepoint    ] Leaving safepoint region
[2770.016s][info ][safepoint    ] Total time for which application threads were stopped: 0.0001253 seconds, Stopping threads took: 0.0000521 seconds
[2771.016s][info ][safepoint    ] Application time: 1.0001031 seconds
[2771.016s][info ][safepoint    ] Entering safepoint region: Cleanup
[2771.016s][info ][safepoint    ] Leaving safepoint region
[2771.016s][info ][safepoint    ] Total time for which application threads were stopped: 0.0001314 seconds, Stopping threads took: 0.0000635 seconds
[2771.058s][info ][safepoint    ] Application time: 0.0420712 seconds
[2771.058s][info ][safepoint    ] Entering safepoint region: GenCollectForAllocation
[2771.058s][info ][gc,start     ] GC(709) Pause Young (Allocation Failure)
[2771.058s][info ][gc,task      ] GC(709) Using 4 workers of 4 for evacuation
[2771.063s][debug][gc,ref       ] GC(709) Skipped phase1 of Reference Processing due to unavailable references
[2771.063s][debug][gc,ref       ] GC(709) Skipped phase2 of Reference Processing due to unavailable references
[2771.063s][debug][gc,ref       ] GC(709) Skipped phase3 of Reference Processing due to unavailable references
[2771.063s][debug][gc,ref       ] GC(709) Skipped phase4 of Reference Processing due to unavailable references
[2771.063s][debug][gc,age       ] GC(709) Desired survivor size 15368192 bytes, new threshold 6 (max threshold 6)
[2771.063s][info ][gc,heap      ] GC(709) ParNew: 251568K->8771K(270336K)
[2771.063s][info ][gc,heap      ] GC(709) CMS: 479079K->480062K(600768K)
[2771.063s][info ][gc,metaspace ] GC(709) Metaspace: 59636K->59636K(1103872K)
[2771.063s][info ][gc           ] GC(709) Pause Young (Allocation Failure) 713M->477M(850M) 5.307ms
[2771.063s][info ][gc,cpu       ] GC(709) User=0.01s Sys=0.00s Real=0.00s
[2771.063s][info ][safepoint    ] Leaving safepoint region
[2771.063s][info ][safepoint    ] Total time for which application threads were stopped: 0.0054652 seconds, Stopping threads took: 0.0000141 seconds
[2772.064s][info ][safepoint    ] Application time: 1.0001216 seconds
[2772.064s][info ][safepoint    ] Entering safepoint region: Cleanup
[2772.064s][info ][safepoint    ] Leaving safepoint region
[2772.064s][info ][safepoint    ] Total time for which application threads were stopped: 0.0001379 seconds, Stopping threads took: 0.0000677 seconds
[2773.064s][info ][safepoint    ] Application time: 1.0001890 seconds
[2773.064s][info ][safepoint    ] Entering safepoint region: Cleanup
[2773.064s][info ][safepoint    ] Leaving safepoint region
[2773.064s][info ][safepoint    ] Total time for which application threads were stopped: 0.0001335 seconds, Stopping threads took: 0.0000589 seconds
[2774.064s][info ][safepoint    ] Application time: 1.0000964 seconds
[2774.064s][info ][safepoint    ] Entering safepoint region: Cleanup
[2774.064s][info ][safepoint    ] Leaving safepoint region
[2774.064s][info ][safepoint    ] Total time for which application threads were stopped: 0.0001164 seconds, Stopping threads took: 0.0000480 seconds
[2774.715s][info ][safepoint    ] Application time: 0.6509467 seconds
[2774.715s][info ][safepoint    ] Entering safepoint region: GenCollectForAllocation
[2774.715s][info ][gc,start     ] GC(710) Pause Young (Allocation Failure)
[2774.715s][info ][gc,task      ] GC(710) Using 4 workers of 4 for evacuation
[2774.720s][debug][gc,ref       ] GC(710) Skipped phase1 of Reference Processing due to unavailable references
[2774.720s][debug][gc,ref       ] GC(710) Skipped phase2 of Reference Processing due to unavailable references
[2774.720s][debug][gc,ref       ] GC(710) Skipped phase3 of Reference Processing due to unavailable references
[2774.720s][debug][gc,ref       ] GC(710) Skipped phase4 of Reference Processing due to unavailable references
[2774.721s][debug][gc,age       ] GC(710) Desired survivor size 15368192 bytes, new threshold 6 (max threshold 6)
[2774.721s][info ][gc,heap      ] GC(710) ParNew: 249091K->8071K(270336K)
[2774.721s][info ][gc,heap      ] GC(710) CMS: 480062K->481247K(600768K)
[2774.721s][info ][gc,metaspace ] GC(710) Metaspace: 59636K->59636K(1103872K)
[2774.721s][info ][gc           ] GC(710) Pause Young (Allocation Failure) 712M->477M(850M) 5.200ms
[2774.721s][info ][gc,cpu       ] GC(710) User=0.02s Sys=0.00s Real=0.00s
[2774.721s][info ][safepoint    ] Leaving safepoint region
[2774.721s][info ][safepoint    ] Total time for which application threads were stopped: 0.0053476 seconds, Stopping threads took: 0.0000164 seconds
[2775.721s][info ][safepoint    ] Application time: 1.0001195 seconds
[2775.721s][info ][safepoint    ] Entering safepoint region: Cleanup
[2775.721s][info ][safepoint    ] Leaving safepoint region
[2775.721s][info ][safepoint    ] Total time for which application threads were stopped: 0.0000737 seconds, Stopping threads took: 0.0000167 seconds
[2776.721s][info ][safepoint    ] Application time: 1.0000888 seconds
[2776.721s][info ][safepoint    ] Entering safepoint region: Cleanup
[2776.721s][info ][safepoint    ] Leaving safepoint region
[2776.721s][info ][safepoint    ] Total time for which application threads were stopped: 0.0000824 seconds, Stopping threads took: 0.0000143 seconds
[2777.721s][info ][safepoint    ] Application time: 1.0001089 seconds
[2777.721s][info ][safepoint    ] Entering safepoint region: Cleanup
[2777.721s][info ][safepoint    ] Leaving safepoint region
[2777.721s][info ][safepoint    ] Total time for which application threads were stopped: 0.0000864 seconds, Stopping threads took: 0.0000154 seconds
[2778.721s][info ][safepoint    ] Application time: 1.0000876 seconds
[2778.722s][info ][safepoint    ] Entering safepoint region: Cleanup
[2778.722s][info ][safepoint    ] Leaving safepoint region
[2778.722s][info ][safepoint    ] Total time for which application threads were stopped: 0.0000780 seconds, Stopping threads took: 0.0000177 seconds
[2778.759s][info ][safepoint    ] Application time: 0.0369072 seconds
[2778.759s][info ][safepoint    ] Entering safepoint region: GenCollectForAllocation
[2778.759s][info ][gc,start     ] GC(711) Pause Young (Allocation Failure)
[2778.759s][info ][gc,task      ] GC(711) Using 4 workers of 4 for evacuation
[2778.763s][debug][gc,ref       ] GC(711) Skipped phase1 of Reference Processing due to unavailable references
[2778.763s][debug][gc,ref       ] GC(711) Skipped phase2 of Reference Processing due to unavailable references
[2778.763s][debug][gc,ref       ] GC(711) Skipped phase3 of Reference Processing due to unavailable references
[2778.763s][debug][gc,ref       ] GC(711) Skipped phase4 of Reference Processing due to unavailable references
[2778.763s][debug][gc,age       ] GC(711) Desired survivor size 15368192 bytes, new threshold 6 (max threshold 6)
[2778.763s][info ][gc,heap      ] GC(711) ParNew: 248391K->8894K(270336K)
[2778.763s][info ][gc,heap      ] GC(711) CMS: 481247K->481718K(600768K)
[2778.763s][info ][gc,metaspace ] GC(711) Metaspace: 59636K->59636K(1103872K)
[2778.763s][info ][gc           ] GC(711) Pause Young (Allocation Failure) 712M->479M(850M) 4.468ms
[2778.763s][info ][gc,cpu       ] GC(711) User=0.02s Sys=0.00s Real=0.00s
[2778.763s][info ][safepoint    ] Leaving safepoint region
[2778.763s][info ][safepoint    ] Total time for which application threads were stopped: 0.0046258 seconds, Stopping threads took: 0.0000151 seconds
[2779.763s][info ][safepoint    ] Application time: 1.0000973 seconds
[2779.763s][info ][safepoint    ] Entering safepoint region: Cleanup
[2779.763s][info ][safepoint    ] Leaving safepoint region
[2779.763s][info ][safepoint    ] Total time for which application threads were stopped: 0.0001600 seconds, Stopping threads took: 0.0000847 seconds
[2780.764s][info ][safepoint    ] Application time: 1.0001596 seconds
[2780.764s][info ][safepoint    ] Entering safepoint region: Cleanup
[2780.764s][info ][safepoint    ] Leaving safepoint region
[2780.764s][info ][safepoint    ] Total time for which application threads were stopped: 0.0001257 seconds, Stopping threads took: 0.0000537 seconds
[2781.764s][info ][safepoint    ] Application time: 1.0000850 seconds
[2781.764s][info ][safepoint    ] Entering safepoint region: Cleanup
[2781.764s][info ][safepoint    ] Leaving safepoint region
[2781.764s][info ][safepoint    ] Total time for which application threads were stopped: 0.0001550 seconds, Stopping threads took: 0.0000648 seconds
[2782.658s][info ][safepoint    ] Application time: 0.8940894 seconds
[2782.658s][info ][safepoint    ] Entering safepoint region: GenCollectForAllocation
[2782.658s][info ][gc,start     ] GC(712) Pause Young (Allocation Failure)
[2782.658s][info ][gc,task      ] GC(712) Using 4 workers of 4 for evacuation
[2782.663s][debug][gc,ref       ] GC(712) Skipped phase1 of Reference Processing due to unavailable references
[2782.663s][debug][gc,ref       ] GC(712) Skipped phase2 of Reference Processing due to unavailable references
[2782.663s][debug][gc,ref       ] GC(712) Skipped phase3 of Reference Processing due to unavailable references
[2782.664s][debug][gc,ref       ] GC(712) Skipped phase4 of Reference Processing due to unavailable references
[2782.664s][debug][gc,age       ] GC(712) Desired survivor size 15368192 bytes, new threshold 6 (max threshold 6)
[2782.664s][info ][gc,heap      ] GC(712) ParNew: 249214K->4696K(270336K)
[2782.664s][info ][gc,heap      ] GC(712) CMS: 481718K->484330K(600768K)
[2782.664s][info ][gc,metaspace ] GC(712) Metaspace: 59639K->59639K(1103872K)
[2782.664s][info ][gc           ] GC(712) Pause Young (Allocation Failure) 713M->477M(850M) 5.335ms
[2782.664s][info ][gc,cpu       ] GC(712) User=0.02s Sys=0.00s Real=0.00s
[2782.664s][info ][safepoint    ] Leaving safepoint region
[2782.664s][info ][safepoint    ] Total time for which application threads were stopped: 0.0055225 seconds, Stopping threads took: 0.0000435 seconds
[2783.664s][info ][safepoint    ] Application time: 1.0001047 seconds
[2783.664s][info ][safepoint    ] Entering safepoint region: Cleanup
[2783.664s][info ][safepoint    ] Leaving safepoint region
[2783.664s][info ][safepoint    ] Total time for which application threads were stopped: 0.0001238 seconds, Stopping threads took: 0.0000539 seconds
[2784.664s][info ][safepoint    ] Application time: 1.0001033 seconds
[2784.664s][info ][safepoint    ] Entering safepoint region: Cleanup
[2784.664s][info ][safepoint    ] Leaving safepoint region
[2784.664s][info ][safepoint    ] Total time for which application threads were stopped: 0.0001283 seconds, Stopping threads took: 0.0000390 seconds
[2785.664s][info ][safepoint    ] Application time: 1.0000915 seconds
[2785.664s][info ][safepoint    ] Entering safepoint region: Cleanup
[2785.665s][info ][safepoint    ] Leaving safepoint region
[2785.665s][info ][safepoint    ] Total time for which application threads were stopped: 0.0001479 seconds, Stopping threads took: 0.0000693 seconds
[2786.409s][info ][safepoint    ] Application time: 0.7441517 seconds
[2786.409s][info ][safepoint    ] Entering safepoint region: GenCollectForAllocation
[2786.409s][info ][gc,start     ] GC(713) Pause Young (Allocation Failure)
[2786.409s][info ][gc,task      ] GC(713) Using 4 workers of 4 for evacuation
[2786.412s][debug][gc,ref       ] GC(713) Skipped phase1 of Reference Processing due to unavailable references
[2786.412s][debug][gc,ref       ] GC(713) Skipped phase2 of Reference Processing due to unavailable references
[2786.412s][debug][gc,ref       ] GC(713) Skipped phase3 of Reference Processing due to unavailable references
[2786.412s][debug][gc,ref       ] GC(713) Skipped phase4 of Reference Processing due to unavailable references
[2786.412s][debug][gc,age       ] GC(713) Desired survivor size 15368192 bytes, new threshold 6 (max threshold 6)
[2786.412s][info ][gc,heap      ] GC(713) ParNew: 245016K->3814K(270336K)
[2786.412s][info ][gc,heap      ] GC(713) CMS: 484330K->484447K(600768K)
[2786.412s][info ][gc,metaspace ] GC(713) Metaspace: 59645K->59645K(1103872K)
[2786.412s][info ][gc           ] GC(713) Pause Young (Allocation Failure) 712M->476M(850M) 3.571ms
[2786.412s][info ][gc,cpu       ] GC(713) User=0.01s Sys=0.00s Real=0.01s
[2786.412s][info ][safepoint    ] Leaving safepoint region
[2786.412s][info ][safepoint    ] Total time for which application threads were stopped: 0.0037140 seconds, Stopping threads took: 0.0000142 seconds
[2787.413s][info ][safepoint    ] Application time: 1.0001067 seconds
[2787.413s][info ][safepoint    ] Entering safepoint region: Cleanup
[2787.413s][info ][safepoint    ] Leaving safepoint region
[2787.413s][info ][safepoint    ] Total time for which application threads were stopped: 0.0001229 seconds, Stopping threads took: 0.0000494 seconds
[2788.413s][info ][safepoint    ] Application time: 1.0000931 seconds
[2788.413s][info ][safepoint    ] Entering safepoint region: Cleanup
[2788.413s][info ][safepoint    ] Leaving safepoint region
[2788.413s][info ][safepoint    ] Total time for which application threads were stopped: 0.0001384 seconds, Stopping threads took: 0.0000600 seconds
[2789.413s][info ][safepoint    ] Application time: 1.0000890 seconds
[2789.413s][info ][safepoint    ] Entering safepoint region: Cleanup
[2789.413s][info ][safepoint    ] Leaving safepoint region
[2789.413s][info ][safepoint    ] Total time for which application threads were stopped: 0.0001463 seconds, Stopping threads took: 0.0000813 seconds
[2790.016s][info ][safepoint    ] Application time: 0.6022229 seconds
[2790.016s][info ][safepoint    ] Entering safepoint region: GenCollectForAllocation
[2790.016s][info ][gc,start     ] GC(714) Pause Young (Allocation Failure)
[2790.016s][info ][gc,task      ] GC(714) Using 4 workers of 4 for evacuation
[2790.020s][debug][gc,ref       ] GC(714) Skipped phase1 of Reference Processing due to unavailable references
[2790.020s][debug][gc,ref       ] GC(714) Skipped phase2 of Reference Processing due to unavailable references
[2790.020s][debug][gc,ref       ] GC(714) Skipped phase3 of Reference Processing due to unavailable references
[2790.020s][debug][gc,ref       ] GC(714) Skipped phase4 of Reference Processing due to unavailable references
[2790.020s][debug][gc,age       ] GC(714) Desired survivor size 15368192 bytes, new threshold 6 (max threshold 6)
[2790.020s][info ][gc,heap      ] GC(714) ParNew: 244134K->4352K(270336K)
[2790.020s][info ][gc,heap      ] GC(714) CMS: 484447K->484545K(600768K)
[2790.021s][info ][gc,metaspace ] GC(714) Metaspace: 59645K->59645K(1103872K)
[2790.021s][info ][gc           ] GC(714) Pause Young (Allocation Failure) 711M->477M(850M) 4.839ms
[2790.021s][info ][gc,cpu       ] GC(714) User=0.02s Sys=0.00s Real=0.00s
[2790.021s][info ][safepoint    ] Leaving safepoint region
[2790.021s][info ][safepoint    ] Total time for which application threads were stopped: 0.0049874 seconds, Stopping threads took: 0.0000141 seconds
[2791.021s][info ][safepoint    ] Application time: 1.0001830 seconds
[2791.021s][info ][safepoint    ] Entering safepoint region: Cleanup
[2791.021s][info ][safepoint    ] Leaving safepoint region
[2791.021s][info ][safepoint    ] Total time for which application threads were stopped: 0.0001166 seconds, Stopping threads took: 0.0000169 seconds
[2792.021s][info ][safepoint    ] Application time: 1.0001139 seconds
[2792.021s][info ][safepoint    ] Entering safepoint region: Cleanup
[2792.021s][info ][safepoint    ] Leaving safepoint region
[2792.021s][info ][safepoint    ] Total time for which application threads were stopped: 0.0000965 seconds, Stopping threads took: 0.0000184 seconds
[2792.958s][info ][safepoint    ] Application time: 0.9368726 seconds
[2792.958s][info ][safepoint    ] Entering safepoint region: GenCollectForAllocation
[2792.958s][info ][gc,start     ] GC(715) Pause Young (Allocation Failure)
[2792.958s][info ][gc,task      ] GC(715) Using 4 workers of 4 for evacuation
[2792.963s][debug][gc,ref       ] GC(715) Skipped phase1 of Reference Processing due to unavailable references
[2792.963s][debug][gc,ref       ] GC(715) Skipped phase2 of Reference Processing due to unavailable references
[2792.963s][debug][gc,ref       ] GC(715) Skipped phase3 of Reference Processing due to unavailable references
[2792.963s][debug][gc,ref       ] GC(715) Skipped phase4 of Reference Processing due to unavailable references
[2792.963s][debug][gc,age       ] GC(715) Desired survivor size 15368192 bytes, new threshold 6 (max threshold 6)
[2792.963s][info ][gc,heap      ] GC(715) ParNew: 244672K->6792K(270336K)
[2792.963s][info ][gc,heap      ] GC(715) CMS: 484545K->484665K(600768K)
[2792.963s][info ][gc,metaspace ] GC(715) Metaspace: 59646K->59646K(1103872K)
[2792.963s][info ][gc           ] GC(715) Pause Young (Allocation Failure) 712M->479M(850M) 4.823ms
[2792.963s][info ][gc,cpu       ] GC(715) User=0.02s Sys=0.00s Real=0.00s
[2792.963s][info ][safepoint    ] Leaving safepoint region
[2792.963s][info ][safepoint    ] Total time for which application threads were stopped: 0.0050166 seconds, Stopping threads took: 0.0000600 seconds
[2793.963s][info ][safepoint    ] Application time: 1.0001033 seconds
[2793.963s][info ][safepoint    ] Entering safepoint region: Cleanup
[2793.963s][info ][safepoint    ] Leaving safepoint region
[2793.963s][info ][safepoint    ] Total time for which application threads were stopped: 0.0001311 seconds, Stopping threads took: 0.0000583 seconds
[2794.964s][info ][safepoint    ] Application time: 1.0001017 seconds
[2794.964s][info ][safepoint    ] Entering safepoint region: Cleanup
[2794.964s][info ][safepoint    ] Leaving safepoint region
[2794.964s][info ][safepoint    ] Total time for which application threads were stopped: 0.0001505 seconds, Stopping threads took: 0.0000766 seconds
[2795.964s][info ][safepoint    ] Application time: 1.0001061 seconds
[2795.964s][info ][safepoint    ] Entering safepoint region: Cleanup
[2795.964s][info ][safepoint    ] Leaving safepoint region
[2795.964s][info ][safepoint    ] Total time for which application threads were stopped: 0.0001428 seconds, Stopping threads took: 0.0000758 seconds
[2796.160s][info ][safepoint    ] Application time: 0.1958541 seconds
[2796.160s][info ][safepoint    ] Entering safepoint region: GenCollectForAllocation
[2796.160s][info ][gc,start     ] GC(716) Pause Young (Allocation Failure)
[2796.160s][info ][gc,task      ] GC(716) Using 4 workers of 4 for evacuation
[2796.164s][debug][gc,ref       ] GC(716) Skipped phase1 of Reference Processing due to unavailable references
[2796.165s][debug][gc,ref       ] GC(716) Skipped phase2 of Reference Processing due to unavailable references
[2796.165s][debug][gc,ref       ] GC(716) Skipped phase3 of Reference Processing due to unavailable references
[2796.165s][debug][gc,ref       ] GC(716) Skipped phase4 of Reference Processing due to unavailable references
[2796.165s][debug][gc,age       ] GC(716) Desired survivor size 15368192 bytes, new threshold 6 (max threshold 6)
[2796.165s][info ][gc,heap      ] GC(716) ParNew: 247112K->7617K(270336K)
[2796.165s][info ][gc,heap      ] GC(716) CMS: 484665K->485532K(600768K)
[2796.165s][info ][gc,metaspace ] GC(716) Metaspace: 59646K->59646K(1103872K)
[2796.165s][info ][gc           ] GC(716) Pause Young (Allocation Failure) 714M->481M(850M) 4.656ms
[2796.165s][info ][gc,cpu       ] GC(716) User=0.01s Sys=0.01s Real=0.01s
[2796.165s][info ][safepoint    ] Leaving safepoint region
[2796.165s][info ][safepoint    ] Total time for which application threads were stopped: 0.0048182 seconds, Stopping threads took: 0.0000157 seconds
[2797.165s][info ][safepoint    ] Application time: 1.0001621 seconds
[2797.165s][info ][safepoint    ] Entering safepoint region: Cleanup
[2797.165s][info ][safepoint    ] Leaving safepoint region
[2797.165s][info ][safepoint    ] Total time for which application threads were stopped: 0.0001273 seconds, Stopping threads took: 0.0000481 seconds
[2798.165s][info ][safepoint    ] Application time: 1.0000901 seconds
[2798.165s][info ][safepoint    ] Entering safepoint region: Cleanup
[2798.165s][info ][safepoint    ] Leaving safepoint region
[2798.165s][info ][safepoint    ] Total time for which application threads were stopped: 0.0001565 seconds, Stopping threads took: 0.0000815 seconds
[2799.165s][info ][safepoint    ] Application time: 1.0000860 seconds
[2799.166s][info ][safepoint    ] Entering safepoint region: Cleanup
[2799.166s][info ][safepoint    ] Leaving safepoint region
[2799.166s][info ][safepoint    ] Total time for which application threads were stopped: 0.0001442 seconds, Stopping threads took: 0.0000710 seconds
[2799.512s][info ][safepoint    ] Application time: 0.3464727 seconds
[2799.512s][info ][safepoint    ] Entering safepoint region: GenCollectForAllocation
[2799.512s][info ][gc,start     ] GC(717) Pause Young (Allocation Failure)
[2799.512s][info ][gc,task      ] GC(717) Using 4 workers of 4 for evacuation
[2799.516s][debug][gc,ref       ] GC(717) Skipped phase1 of Reference Processing due to unavailable references
[2799.516s][debug][gc,ref       ] GC(717) Skipped phase2 of Reference Processing due to unavailable references
[2799.516s][debug][gc,ref       ] GC(717) Skipped phase3 of Reference Processing due to unavailable references
[2799.516s][debug][gc,ref       ] GC(717) Skipped phase4 of Reference Processing due to unavailable references
[2799.516s][debug][gc,age       ] GC(717) Desired survivor size 15368192 bytes, new threshold 6 (max threshold 6)
[2799.516s][info ][gc,heap      ] GC(717) ParNew: 247937K->7777K(270336K)
[2799.516s][info ][gc,heap      ] GC(717) CMS: 485532K->485672K(600768K)
[2799.516s][info ][gc,metaspace ] GC(717) Metaspace: 59646K->59646K(1103872K)
[2799.516s][info ][gc           ] GC(717) Pause Young (Allocation Failure) 716M->481M(850M) 4.155ms
[2799.516s][info ][gc,cpu       ] GC(717) User=0.01s Sys=0.00s Real=0.00s
[2799.516s][info ][safepoint    ] Leaving safepoint region
[2799.516s][info ][safepoint    ] Total time for which application threads were stopped: 0.0043100 seconds, Stopping threads took: 0.0000155 seconds
[2800.517s][info ][safepoint    ] Application time: 1.0001057 seconds
[2800.517s][info ][safepoint    ] Entering safepoint region: Cleanup
[2800.517s][info ][safepoint    ] Leaving safepoint region
[2800.517s][info ][safepoint    ] Total time for which application threads were stopped: 0.0001660 seconds, Stopping threads took: 0.0000744 seconds
[2801.517s][info ][safepoint    ] Application time: 1.0000872 seconds
[2801.517s][info ][safepoint    ] Entering safepoint region: Cleanup
[2801.517s][info ][safepoint    ] Leaving safepoint region
[2801.517s][info ][safepoint    ] Total time for which application threads were stopped: 0.0000861 seconds, Stopping threads took: 0.0000153 seconds
[2802.517s][info ][safepoint    ] Application time: 1.0001086 seconds
[2802.517s][info ][safepoint    ] Entering safepoint region: Cleanup
[2802.517s][info ][safepoint    ] Leaving safepoint region
[2802.517s][info ][safepoint    ] Total time for which application threads were stopped: 0.0000770 seconds, Stopping threads took: 0.0000172 seconds
[2803.262s][info ][safepoint    ] Application time: 0.7445761 seconds
[2803.262s][info ][safepoint    ] Entering safepoint region: GenCollectForAllocation
[2803.262s][info ][gc,start     ] GC(718) Pause Young (Allocation Failure)
[2803.262s][info ][gc,task      ] GC(718) Using 4 workers of 4 for evacuation
[2803.266s][debug][gc,ref       ] GC(718) Skipped phase1 of Reference Processing due to unavailable references
[2803.266s][debug][gc,ref       ] GC(718) Skipped phase2 of Reference Processing due to unavailable references
[2803.266s][debug][gc,ref       ] GC(718) Skipped phase3 of Reference Processing due to unavailable references
[2803.266s][debug][gc,ref       ] GC(718) Skipped phase4 of Reference Processing due to unavailable references
[2803.267s][debug][gc,age       ] GC(718) Desired survivor size 15368192 bytes, new threshold 6 (max threshold 6)
[2803.267s][info ][gc,heap      ] GC(718) ParNew: 248097K->9567K(270336K)
[2803.267s][info ][gc,heap      ] GC(718) CMS: 485672K->485804K(600768K)
[2803.267s][info ][gc,metaspace ] GC(718) Metaspace: 59646K->59646K(1103872K)
[2803.267s][info ][gc           ] GC(718) Pause Young (Allocation Failure) 716M->483M(850M) 4.668ms
[2803.267s][info ][gc,cpu       ] GC(718) User=0.02s Sys=0.00s Real=0.01s
[2803.267s][info ][safepoint    ] Leaving safepoint region
[2803.267s][info ][safepoint    ] Total time for which application threads were stopped: 0.0048242 seconds, Stopping threads took: 0.0000144 seconds
[2804.267s][info ][safepoint    ] Application time: 1.0001067 seconds
[2804.267s][info ][safepoint    ] Entering safepoint region: Cleanup
[2804.267s][info ][safepoint    ] Leaving safepoint region
[2804.267s][info ][safepoint    ] Total time for which application threads were stopped: 0.0000763 seconds, Stopping threads took: 0.0000170 seconds
[2805.267s][info ][safepoint    ] Application time: 1.0000821 seconds
[2805.267s][info ][safepoint    ] Entering safepoint region: Cleanup
[2805.267s][info ][safepoint    ] Leaving safepoint region
[2805.267s][info ][safepoint    ] Total time for which application threads were stopped: 0.0000723 seconds, Stopping threads took: 0.0000156 seconds
[2806.267s][info ][safepoint    ] Application time: 1.0000518 seconds
[2806.267s][info ][safepoint    ] Entering safepoint region: Cleanup
[2806.267s][info ][safepoint    ] Leaving safepoint region
[2806.267s][info ][safepoint    ] Total time for which application threads were stopped: 0.0001682 seconds, Stopping threads took: 0.0000889 seconds
[2807.103s][info ][safepoint    ] Application time: 0.8358478 seconds
[2807.103s][info ][safepoint    ] Entering safepoint region: GenCollectForAllocation
[2807.103s][info ][gc,start     ] GC(719) Pause Young (Allocation Failure)
[2807.103s][info ][gc,task      ] GC(719) Using 4 workers of 4 for evacuation
[2807.107s][debug][gc,ref       ] GC(719) Skipped phase1 of Reference Processing due to unavailable references
[2807.108s][debug][gc,ref       ] GC(719) Skipped phase2 of Reference Processing due to unavailable references
[2807.108s][debug][gc,ref       ] GC(719) Skipped phase3 of Reference Processing due to unavailable references
[2807.108s][debug][gc,ref       ] GC(719) Skipped phase4 of Reference Processing due to unavailable references
[2807.108s][debug][gc,age       ] GC(719) Desired survivor size 15368192 bytes, new threshold 6 (max threshold 6)
[2807.108s][info ][gc,heap      ] GC(719) ParNew: 249887K->6538K(270336K)
[2807.108s][info ][gc,heap      ] GC(719) CMS: 485804K->486039K(600768K)
[2807.108s][info ][gc,metaspace ] GC(719) Metaspace: 59646K->59646K(1103872K)
[2807.108s][info ][gc           ] GC(719) Pause Young (Allocation Failure) 718M->481M(850M) 4.377ms
[2807.108s][info ][gc,cpu       ] GC(719) User=0.02s Sys=0.00s Real=0.01s
[2807.108s][info ][safepoint    ] Leaving safepoint region
[2807.108s][info ][safepoint    ] Total time for which application threads were stopped: 0.0045393 seconds, Stopping threads took: 0.0000143 seconds
[2808.108s][info ][safepoint    ] Application time: 1.0004683 seconds
[2808.108s][info ][safepoint    ] Entering safepoint region: Cleanup
[2808.108s][info ][safepoint    ] Leaving safepoint region
[2808.108s][info ][safepoint    ] Total time for which application threads were stopped: 0.0001665 seconds, Stopping threads took: 0.0000886 seconds
[2809.109s][info ][safepoint    ] Application time: 1.0000978 seconds
[2809.109s][info ][safepoint    ] Entering safepoint region: Cleanup
[2809.109s][info ][safepoint    ] Leaving safepoint region
[2809.109s][info ][safepoint    ] Total time for which application threads were stopped: 0.0001279 seconds, Stopping threads took: 0.0000591 seconds
[2810.109s][info ][safepoint    ] Application time: 1.0000936 seconds
[2810.109s][info ][safepoint    ] Entering safepoint region: Cleanup
[2810.109s][info ][safepoint    ] Leaving safepoint region
[2810.109s][info ][safepoint    ] Total time for which application threads were stopped: 0.0001382 seconds, Stopping threads took: 0.0000643 seconds
[2810.564s][info ][safepoint    ] Application time: 0.4550927 seconds
[2810.564s][info ][safepoint    ] Entering safepoint region: GenCollectForAllocation
[2810.564s][info ][gc,start     ] GC(720) Pause Young (Allocation Failure)
[2810.564s][info ][gc,task      ] GC(720) Using 4 workers of 4 for evacuation
[2810.570s][debug][gc,ref       ] GC(720) Skipped phase1 of Reference Processing due to unavailable references
[2810.570s][debug][gc,ref       ] GC(720) Skipped phase2 of Reference Processing due to unavailable references
[2810.570s][debug][gc,ref       ] GC(720) Skipped phase3 of Reference Processing due to unavailable references
[2810.570s][debug][gc,ref       ] GC(720) Skipped phase4 of Reference Processing due to unavailable references
[2810.570s][debug][gc,age       ] GC(720) Desired survivor size 15368192 bytes, new threshold 6 (max threshold 6)
[2810.570s][info ][gc,heap      ] GC(720) ParNew: 246858K->10972K(270336K)
[2810.570s][info ][gc,heap      ] GC(720) CMS: 486039K->486343K(600768K)
[2810.570s][info ][gc,metaspace ] GC(720) Metaspace: 59646K->59646K(1103872K)
[2810.570s][info ][gc           ] GC(720) Pause Young (Allocation Failure) 715M->485M(850M) 5.654ms
[2810.570s][info ][gc,cpu       ] GC(720) User=0.02s Sys=0.00s Real=0.00s
[2810.570s][info ][safepoint    ] Leaving safepoint region
[2810.570s][info ][safepoint    ] Total time for which application threads were stopped: 0.0058149 seconds, Stopping threads took: 0.0000150 seconds
[2811.570s][info ][safepoint    ] Application time: 1.0000949 seconds
[2811.570s][info ][safepoint    ] Entering safepoint region: Cleanup
[2811.570s][info ][safepoint    ] Leaving safepoint region
[2811.570s][info ][safepoint    ] Total time for which application threads were stopped: 0.0000762 seconds, Stopping threads took: 0.0000146 seconds
[2812.570s][info ][safepoint    ] Application time: 1.0001686 seconds
[2812.570s][info ][safepoint    ] Entering safepoint region: Cleanup
[2812.570s][info ][safepoint    ] Leaving safepoint region
[2812.570s][info ][safepoint    ] Total time for which application threads were stopped: 0.0000768 seconds, Stopping threads took: 0.0000190 seconds
[2813.570s][info ][safepoint    ] Application time: 1.0000954 seconds
[2813.571s][info ][safepoint    ] Entering safepoint region: Cleanup
[2813.571s][info ][safepoint    ] Leaving safepoint region
[2813.571s][info ][safepoint    ] Total time for which application threads were stopped: 0.0000850 seconds, Stopping threads took: 0.0000174 seconds
[2814.571s][info ][safepoint    ] Application time: 1.0000838 seconds
[2814.571s][info ][safepoint    ] Entering safepoint region: Cleanup
[2814.571s][info ][safepoint    ] Leaving safepoint region
[2814.571s][info ][safepoint    ] Total time for which application threads were stopped: 0.0001258 seconds, Stopping threads took: 0.0000546 seconds
[2814.808s][info ][safepoint    ] Application time: 0.2369138 seconds
[2814.808s][info ][safepoint    ] Entering safepoint region: GenCollectForAllocation
[2814.808s][info ][gc,start     ] GC(721) Pause Young (Allocation Failure)
[2814.808s][info ][gc,task      ] GC(721) Using 4 workers of 4 for evacuation
[2814.815s][debug][gc,ref       ] GC(721) Skipped phase1 of Reference Processing due to unavailable references
[2814.815s][debug][gc,ref       ] GC(721) Skipped phase2 of Reference Processing due to unavailable references
[2814.815s][debug][gc,ref       ] GC(721) Skipped phase3 of Reference Processing due to unavailable references
[2814.815s][debug][gc,ref       ] GC(721) Skipped phase4 of Reference Processing due to unavailable references
[2814.815s][debug][gc,age       ] GC(721) Desired survivor size 15368192 bytes, new threshold 6 (max threshold 6)
[2814.815s][info ][gc,heap      ] GC(721) ParNew: 251292K->9382K(270336K)
[2814.815s][info ][gc,heap      ] GC(721) CMS: 486343K->489392K(600768K)
[2814.815s][info ][gc,metaspace ] GC(721) Metaspace: 59647K->59647K(1103872K)
[2814.815s][info ][gc           ] GC(721) Pause Young (Allocation Failure) 720M->487M(850M) 7.035ms
[2814.815s][info ][gc,cpu       ] GC(721) User=0.03s Sys=0.00s Real=0.01s
[2814.815s][info ][safepoint    ] Leaving safepoint region
[2814.815s][info ][safepoint    ] Total time for which application threads were stopped: 0.0072400 seconds, Stopping threads took: 0.0000152 seconds
[2815.815s][info ][safepoint    ] Application time: 1.0000872 seconds
[2815.815s][info ][safepoint    ] Entering safepoint region: Cleanup
[2815.815s][info ][safepoint    ] Leaving safepoint region
[2815.815s][info ][safepoint    ] Total time for which application threads were stopped: 0.0001856 seconds, Stopping threads took: 0.0001116 seconds
[2816.815s][info ][safepoint    ] Application time: 1.0000895 seconds
[2816.816s][info ][safepoint    ] Entering safepoint region: Cleanup
[2816.816s][info ][safepoint    ] Leaving safepoint region
[2816.816s][info ][safepoint    ] Total time for which application threads were stopped: 0.0001409 seconds, Stopping threads took: 0.0000591 seconds
[2817.816s][info ][safepoint    ] Application time: 1.0000920 seconds
[2817.816s][info ][safepoint    ] Entering safepoint region: Cleanup
[2817.816s][info ][safepoint    ] Leaving safepoint region
[2817.816s][info ][safepoint    ] Total time for which application threads were stopped: 0.0001418 seconds, Stopping threads took: 0.0000666 seconds
[2818.613s][info ][safepoint    ] Application time: 0.7973785 seconds
[2818.613s][info ][safepoint    ] Entering safepoint region: GenCollectForAllocation
[2818.613s][info ][gc,start     ] GC(722) Pause Young (Allocation Failure)
[2818.613s][info ][gc,task      ] GC(722) Using 4 workers of 4 for evacuation
[2818.618s][debug][gc,ref       ] GC(722) Skipped phase1 of Reference Processing due to unavailable references
[2818.618s][debug][gc,ref       ] GC(722) Skipped phase2 of Reference Processing due to unavailable references
[2818.618s][debug][gc,ref       ] GC(722) Skipped phase3 of Reference Processing due to unavailable references
[2818.618s][debug][gc,ref       ] GC(722) Skipped phase4 of Reference Processing due to unavailable references
[2818.618s][debug][gc,age       ] GC(722) Desired survivor size 15368192 bytes, new threshold 6 (max threshold 6)
[2818.618s][info ][gc,heap      ] GC(722) ParNew: 249702K->9029K(270336K)
[2818.618s][info ][gc,heap      ] GC(722) CMS: 489392K->489411K(600768K)
[2818.618s][info ][gc,metaspace ] GC(722) Metaspace: 59647K->59647K(1103872K)
[2818.618s][info ][gc           ] GC(722) Pause Young (Allocation Failure) 721M->486M(850M) 4.306ms
[2818.618s][info ][gc,cpu       ] GC(722) User=0.01s Sys=0.00s Real=0.00s
[2818.618s][info ][safepoint    ] Leaving safepoint region
[2818.618s][info ][safepoint    ] Total time for which application threads were stopped: 0.0044616 seconds, Stopping threads took: 0.0000153 seconds
[2819.618s][info ][safepoint    ] Application time: 1.0001693 seconds
[2819.618s][info ][safepoint    ] Entering safepoint region: Cleanup
[2819.618s][info ][safepoint    ] Leaving safepoint region
[2819.618s][info ][safepoint    ] Total time for which application threads were stopped: 0.0000783 seconds, Stopping threads took: 0.0000176 seconds
[2820.618s][info ][safepoint    ] Application time: 1.0001592 seconds
[2820.618s][info ][safepoint    ] Entering safepoint region: Cleanup
[2820.618s][info ][safepoint    ] Leaving safepoint region
[2820.618s][info ][safepoint    ] Total time for which application threads were stopped: 0.0000771 seconds, Stopping threads took: 0.0000179 seconds
[2821.618s][info ][safepoint    ] Application time: 1.0000971 seconds
[2821.618s][info ][safepoint    ] Entering safepoint region: Cleanup
[2821.619s][info ][safepoint    ] Leaving safepoint region
[2821.619s][info ][safepoint    ] Total time for which application threads were stopped: 0.0000728 seconds, Stopping threads took: 0.0000151 seconds
[2822.619s][info ][safepoint    ] Application time: 1.0000775 seconds
[2822.619s][info ][safepoint    ] Entering safepoint region: Cleanup
[2822.619s][info ][safepoint    ] Leaving safepoint region
[2822.619s][info ][safepoint    ] Total time for which application threads were stopped: 0.0000878 seconds, Stopping threads took: 0.0000159 seconds
[2822.962s][info ][safepoint    ] Application time: 0.3435054 seconds
[2822.962s][info ][safepoint    ] Entering safepoint region: GenCollectForAllocation
[2822.962s][info ][gc,start     ] GC(723) Pause Young (Allocation Failure)
[2822.962s][info ][gc,task      ] GC(723) Using 4 workers of 4 for evacuation
[2822.967s][debug][gc,ref       ] GC(723) Skipped phase1 of Reference Processing due to unavailable references
[2822.967s][debug][gc,ref       ] GC(723) Skipped phase2 of Reference Processing due to unavailable references
[2822.967s][debug][gc,ref       ] GC(723) Skipped phase3 of Reference Processing due to unavailable references
[2822.967s][debug][gc,ref       ] GC(723) Skipped phase4 of Reference Processing due to unavailable references
[2822.967s][debug][gc,age       ] GC(723) Desired survivor size 15368192 bytes, new threshold 6 (max threshold 6)
[2822.967s][info ][gc,heap      ] GC(723) ParNew: 249349K->8481K(270336K)
[2822.967s][info ][gc,heap      ] GC(723) CMS: 489411K->489580K(600768K)
[2822.967s][info ][gc,metaspace ] GC(723) Metaspace: 59647K->59647K(1103872K)
[2822.967s][info ][gc           ] GC(723) Pause Young (Allocation Failure) 721M->486M(850M) 4.407ms
[2822.967s][info ][gc,cpu       ] GC(723) User=0.02s Sys=0.00s Real=0.01s
[2822.967s][info ][safepoint    ] Leaving safepoint region
[2822.967s][info ][safepoint    ] Total time for which application threads were stopped: 0.0045576 seconds, Stopping threads took: 0.0000141 seconds
[2823.967s][info ][safepoint    ] Application time: 1.0001623 seconds
[2823.967s][info ][safepoint    ] Entering safepoint region: Cleanup
[2823.967s][info ][safepoint    ] Leaving safepoint region
[2823.967s][info ][safepoint    ] Total time for which application threads were stopped: 0.0000857 seconds, Stopping threads took: 0.0000188 seconds
[2824.967s][info ][safepoint    ] Application time: 1.0000916 seconds
[2824.967s][info ][safepoint    ] Entering safepoint region: Cleanup
[2824.967s][info ][safepoint    ] Leaving safepoint region
[2824.967s][info ][safepoint    ] Total time for which application threads were stopped: 0.0000732 seconds, Stopping threads took: 0.0000149 seconds
[2825.967s][info ][safepoint    ] Application time: 1.0000898 seconds
[2825.967s][info ][safepoint    ] Entering safepoint region: Cleanup
[2825.968s][info ][safepoint    ] Leaving safepoint region
[2825.968s][info ][safepoint    ] Total time for which application threads were stopped: 0.0000748 seconds, Stopping threads took: 0.0000160 seconds
[2826.968s][info ][safepoint    ] Application time: 1.0000932 seconds
[2826.968s][info ][safepoint    ] Entering safepoint region: Cleanup
[2826.968s][info ][safepoint    ] Leaving safepoint region
[2826.968s][info ][safepoint    ] Total time for which application threads were stopped: 0.0000717 seconds, Stopping threads took: 0.0000159 seconds
[2827.258s][info ][safepoint    ] Application time: 0.2904498 seconds
[2827.258s][info ][safepoint    ] Entering safepoint region: GenCollectForAllocation
[2827.258s][info ][gc,start     ] GC(724) Pause Young (Allocation Failure)
[2827.258s][info ][gc,task      ] GC(724) Using 4 workers of 4 for evacuation
[2827.264s][debug][gc,ref       ] GC(724) Skipped phase1 of Reference Processing due to unavailable references
[2827.264s][debug][gc,ref       ] GC(724) Skipped phase3 of Reference Processing due to unavailable references
[2827.264s][debug][gc,ref       ] GC(724) Skipped phase4 of Reference Processing due to unavailable references
[2827.264s][debug][gc,age       ] GC(724) Desired survivor size 15368192 bytes, new threshold 6 (max threshold 6)
[2827.264s][info ][gc,heap      ] GC(724) ParNew: 248801K->9199K(270336K)
[2827.264s][info ][gc,heap      ] GC(724) CMS: 489580K->489814K(600768K)
[2827.264s][info ][gc,metaspace ] GC(724) Metaspace: 59647K->59647K(1103872K)
[2827.264s][info ][gc           ] GC(724) Pause Young (Allocation Failure) 721M->487M(850M) 5.359ms
[2827.264s][info ][gc,cpu       ] GC(724) User=0.01s Sys=0.00s Real=0.00s
[2827.264s][info ][safepoint    ] Leaving safepoint region
[2827.264s][info ][safepoint    ] Total time for which application threads were stopped: 0.0055782 seconds, Stopping threads took: 0.0000717 seconds
[2828.264s][info ][safepoint    ] Application time: 1.0001069 seconds
[2828.264s][info ][safepoint    ] Entering safepoint region: Cleanup
[2828.264s][info ][safepoint    ] Leaving safepoint region
[2828.264s][info ][safepoint    ] Total time for which application threads were stopped: 0.0001447 seconds, Stopping threads took: 0.0000599 seconds
[2829.264s][info ][safepoint    ] Application time: 1.0000905 seconds
[2829.264s][info ][safepoint    ] Entering safepoint region: Cleanup
[2829.264s][info ][safepoint    ] Leaving safepoint region
[2829.264s][info ][safepoint    ] Total time for which application threads were stopped: 0.0001408 seconds, Stopping threads took: 0.0000673 seconds
[2830.264s][info ][safepoint    ] Application time: 1.0000872 seconds
[2830.265s][info ][safepoint    ] Entering safepoint region: Cleanup
[2830.265s][info ][safepoint    ] Leaving safepoint region
[2830.265s][info ][safepoint    ] Total time for which application threads were stopped: 0.0001423 seconds, Stopping threads took: 0.0000704 seconds
[2831.265s][info ][safepoint    ] Application time: 1.0001605 seconds
[2831.265s][info ][safepoint    ] Entering safepoint region: Cleanup
[2831.265s][info ][safepoint    ] Leaving safepoint region
[2831.265s][info ][safepoint    ] Total time for which application threads were stopped: 0.0001222 seconds, Stopping threads took: 0.0000544 seconds
[2831.546s][info ][safepoint    ] Application time: 0.2809003 seconds
[2831.546s][info ][safepoint    ] Entering safepoint region: GenCollectForAllocation
[2831.546s][info ][gc,start     ] GC(725) Pause Young (Allocation Failure)
[2831.546s][info ][gc,task      ] GC(725) Using 4 workers of 4 for evacuation
[2831.551s][debug][gc,ref       ] GC(725) Skipped phase1 of Reference Processing due to unavailable references
[2831.551s][debug][gc,ref       ] GC(725) Skipped phase3 of Reference Processing due to unavailable references
[2831.552s][debug][gc,age       ] GC(725) Desired survivor size 15368192 bytes, new threshold 6 (max threshold 6)
[2831.552s][info ][gc,heap      ] GC(725) ParNew: 249519K->10775K(270336K)
[2831.552s][info ][gc,heap      ] GC(725) CMS: 489814K->490039K(600768K)
[2831.552s][info ][gc,metaspace ] GC(725) Metaspace: 59648K->59648K(1103872K)
[2831.552s][info ][gc           ] GC(725) Pause Young (Allocation Failure) 722M->489M(850M) 5.597ms
[2831.552s][info ][gc,cpu       ] GC(725) User=0.02s Sys=0.00s Real=0.00s
[2831.552s][info ][safepoint    ] Leaving safepoint region
[2831.552s][info ][safepoint    ] Total time for which application threads were stopped: 0.0057526 seconds, Stopping threads took: 0.0000143 seconds
[2832.552s][info ][safepoint    ] Application time: 1.0001135 seconds
[2832.552s][info ][safepoint    ] Entering safepoint region: Cleanup
[2832.552s][info ][safepoint    ] Leaving safepoint region
[2832.552s][info ][safepoint    ] Total time for which application threads were stopped: 0.0000761 seconds, Stopping threads took: 0.0000166 seconds
[2833.552s][info ][safepoint    ] Application time: 1.0001793 seconds
[2833.552s][info ][safepoint    ] Entering safepoint region: Cleanup
[2833.552s][info ][safepoint    ] Leaving safepoint region
[2833.552s][info ][safepoint    ] Total time for which application threads were stopped: 0.0001009 seconds, Stopping threads took: 0.0000172 seconds
[2834.552s][info ][safepoint    ] Application time: 1.0000810 seconds
[2834.552s][info ][safepoint    ] Entering safepoint region: Cleanup
[2834.552s][info ][safepoint    ] Leaving safepoint region
[2834.552s][info ][safepoint    ] Total time for which application threads were stopped: 0.0000787 seconds, Stopping threads took: 0.0000173 seconds
[2835.409s][info ][safepoint    ] Application time: 0.8565729 seconds
[2835.409s][info ][safepoint    ] Entering safepoint region: GenCollectForAllocation
[2835.409s][info ][gc,start     ] GC(726) Pause Young (Allocation Failure)
[2835.409s][info ][gc,task      ] GC(726) Using 4 workers of 4 for evacuation
[2835.416s][debug][gc,ref       ] GC(726) Skipped phase1 of Reference Processing due to unavailable references
[2835.416s][debug][gc,ref       ] GC(726) Skipped phase3 of Reference Processing due to unavailable references
[2835.416s][debug][gc,ref       ] GC(726) Skipped phase4 of Reference Processing due to unavailable references
[2835.416s][debug][gc,age       ] GC(726) Desired survivor size 15368192 bytes, new threshold 6 (max threshold 6)
[2835.416s][info ][gc,heap      ] GC(726) ParNew: 251095K->12152K(270336K)
[2835.416s][info ][gc,heap      ] GC(726) CMS: 490039K->492012K(600768K)
[2835.416s][info ][gc,metaspace ] GC(726) Metaspace: 59649K->59649K(1103872K)
[2835.416s][info ][gc           ] GC(726) Pause Young (Allocation Failure) 723M->492M(850M) 6.902ms
[2835.416s][info ][gc,cpu       ] GC(726) User=0.02s Sys=0.01s Real=0.01s
[2835.416s][info ][safepoint    ] Leaving safepoint region
[2835.416s][info ][safepoint    ] Total time for which application threads were stopped: 0.0070976 seconds, Stopping threads took: 0.0000148 seconds
[2836.416s][info ][safepoint    ] Application time: 1.0000990 seconds
[2836.416s][info ][safepoint    ] Entering safepoint region: Cleanup
[2836.416s][info ][safepoint    ] Leaving safepoint region
[2836.416s][info ][safepoint    ] Total time for which application threads were stopped: 0.0000930 seconds, Stopping threads took: 0.0000158 seconds
[2837.416s][info ][safepoint    ] Application time: 1.0000949 seconds
[2837.417s][info ][safepoint    ] Entering safepoint region: Cleanup
[2837.417s][info ][safepoint    ] Leaving safepoint region
[2837.417s][info ][safepoint    ] Total time for which application threads were stopped: 0.0000806 seconds, Stopping threads took: 0.0000159 seconds
[2838.417s][info ][safepoint    ] Application time: 1.0001026 seconds
[2838.417s][info ][safepoint    ] Entering safepoint region: Cleanup
[2838.417s][info ][safepoint    ] Leaving safepoint region
[2838.417s][info ][safepoint    ] Total time for which application threads were stopped: 0.0000895 seconds, Stopping threads took: 0.0000152 seconds
[2839.417s][info ][safepoint    ] Application time: 1.0000966 seconds
[2839.417s][info ][safepoint    ] Entering safepoint region: Cleanup
[2839.417s][info ][safepoint    ] Leaving safepoint region
[2839.417s][info ][safepoint    ] Total time for which application threads were stopped: 0.0000942 seconds, Stopping threads took: 0.0000163 seconds
[2839.808s][info ][safepoint    ] Application time: 0.3912607 seconds
[2839.809s][info ][safepoint    ] Entering safepoint region: GenCollectForAllocation
[2839.809s][info ][gc,start     ] GC(727) Pause Young (Allocation Failure)
[2839.809s][info ][gc,task      ] GC(727) Using 4 workers of 4 for evacuation
[2839.813s][debug][gc,ref       ] GC(727) Skipped phase1 of Reference Processing due to unavailable references
[2839.813s][debug][gc,ref       ] GC(727) Skipped phase3 of Reference Processing due to unavailable references
[2839.813s][debug][gc,ref       ] GC(727) Skipped phase4 of Reference Processing due to unavailable references
[2839.814s][debug][gc,age       ] GC(727) Desired survivor size 15368192 bytes, new threshold 6 (max threshold 6)
[2839.814s][info ][gc,heap      ] GC(727) ParNew: 252472K->11801K(270336K)
[2839.814s][info ][gc,heap      ] GC(727) CMS: 492012K->492187K(600768K)
[2839.814s][info ][gc,metaspace ] GC(727) Metaspace: 59649K->59649K(1103872K)
[2839.814s][info ][gc           ] GC(727) Pause Young (Allocation Failure) 727M->492M(850M) 4.913ms
[2839.814s][info ][gc,cpu       ] GC(727) User=0.02s Sys=0.00s Real=0.01s
[2839.814s][info ][safepoint    ] Leaving safepoint region
[2839.814s][info ][safepoint    ] Total time for which application threads were stopped: 0.0052510 seconds, Stopping threads took: 0.0002102 seconds
[2840.814s][info ][safepoint    ] Application time: 1.0001695 seconds
[2840.814s][info ][safepoint    ] Entering safepoint region: Cleanup
[2840.814s][info ][safepoint    ] Leaving safepoint region
[2840.814s][info ][safepoint    ] Total time for which application threads were stopped: 0.0001267 seconds, Stopping threads took: 0.0000580 seconds
[2841.814s][info ][safepoint    ] Application time: 1.0000833 seconds
[2841.814s][info ][safepoint    ] Entering safepoint region: Cleanup
[2841.814s][info ][safepoint    ] Leaving safepoint region
[2841.814s][info ][safepoint    ] Total time for which application threads were stopped: 0.0001563 seconds, Stopping threads took: 0.0000686 seconds
[2842.814s][info ][safepoint    ] Application time: 1.0001120 seconds
[2842.814s][info ][safepoint    ] Entering safepoint region: Cleanup
[2842.815s][info ][safepoint    ] Leaving safepoint region
[2842.815s][info ][safepoint    ] Total time for which application threads were stopped: 0.0001495 seconds, Stopping threads took: 0.0000595 seconds
[2843.311s][info ][safepoint    ] Application time: 0.4962906 seconds
[2843.311s][info ][safepoint    ] Entering safepoint region: GenCollectForAllocation
[2843.311s][info ][gc,start     ] GC(728) Pause Young (Allocation Failure)
[2843.311s][info ][gc,task      ] GC(728) Using 4 workers of 4 for evacuation
[2843.317s][debug][gc,ref       ] GC(728) Skipped phase1 of Reference Processing due to unavailable references
[2843.317s][debug][gc,ref       ] GC(728) Skipped phase3 of Reference Processing due to unavailable references
[2843.318s][debug][gc,age       ] GC(728) Desired survivor size 15368192 bytes, new threshold 6 (max threshold 6)
[2843.318s][info ][gc,heap      ] GC(728) ParNew: 252121K->9698K(270336K)
[2843.318s][info ][gc,heap      ] GC(728) CMS: 492187K->494321K(600768K)
[2843.318s][info ][gc,metaspace ] GC(728) Metaspace: 59653K->59653K(1103872K)
[2843.318s][info ][gc           ] GC(728) Pause Young (Allocation Failure) 726M->492M(850M) 6.657ms
[2843.318s][info ][gc,cpu       ] GC(728) User=0.02s Sys=0.00s Real=0.01s
[2843.318s][info ][safepoint    ] Leaving safepoint region
[2843.318s][info ][safepoint    ] Total time for which application threads were stopped: 0.0068157 seconds, Stopping threads took: 0.0000151 seconds
[2844.318s][info ][safepoint    ] Application time: 1.0002382 seconds
[2844.318s][info ][safepoint    ] Entering safepoint region: Cleanup
[2844.318s][info ][safepoint    ] Leaving safepoint region
[2844.318s][info ][safepoint    ] Total time for which application threads were stopped: 0.0000863 seconds, Stopping threads took: 0.0000289 seconds
[2845.318s][info ][safepoint    ] Application time: 1.0000764 seconds
[2845.318s][info ][safepoint    ] Entering safepoint region: Cleanup
[2845.318s][info ][safepoint    ] Leaving safepoint region
[2845.318s][info ][safepoint    ] Total time for which application threads were stopped: 0.0000821 seconds, Stopping threads took: 0.0000144 seconds
[2846.318s][info ][safepoint    ] Application time: 1.0000318 seconds
[2846.318s][info ][safepoint    ] Entering safepoint region: Cleanup
[2846.318s][info ][safepoint    ] Leaving safepoint region
[2846.318s][info ][safepoint    ] Total time for which application threads were stopped: 0.0000713 seconds, Stopping threads took: 0.0000155 seconds
[2847.318s][info ][safepoint    ] Application time: 1.0000880 seconds
[2847.319s][info ][safepoint    ] Entering safepoint region: Cleanup
[2847.319s][info ][safepoint    ] Leaving safepoint region
[2847.319s][info ][safepoint    ] Total time for which application threads were stopped: 0.0000747 seconds, Stopping threads took: 0.0000152 seconds
[2847.960s][info ][safepoint    ] Application time: 0.6410876 seconds
[2847.960s][info ][safepoint    ] Entering safepoint region: GenCollectForAllocation
[2847.960s][info ][gc,start     ] GC(729) Pause Young (Allocation Failure)
[2847.960s][info ][gc,task      ] GC(729) Using 4 workers of 4 for evacuation
[2847.964s][debug][gc,ref       ] GC(729) Skipped phase1 of Reference Processing due to unavailable references
[2847.964s][debug][gc,ref       ] GC(729) Skipped phase3 of Reference Processing due to unavailable references
[2847.964s][debug][gc,age       ] GC(729) Desired survivor size 15368192 bytes, new threshold 6 (max threshold 6)
[2847.964s][info ][gc,heap      ] GC(729) ParNew: 250018K->8643K(270336K)
[2847.964s][info ][gc,heap      ] GC(729) CMS: 494321K->494443K(600768K)
[2847.964s][info ][gc,metaspace ] GC(729) Metaspace: 59653K->59653K(1103872K)
[2847.964s][info ][gc           ] GC(729) Pause Young (Allocation Failure) 726M->491M(850M) 4.291ms
[2847.964s][info ][gc,cpu       ] GC(729) User=0.02s Sys=0.00s Real=0.01s
[2847.964s][info ][safepoint    ] Leaving safepoint region
[2847.964s][info ][safepoint    ] Total time for which application threads were stopped: 0.0044642 seconds, Stopping threads took: 0.0000154 seconds
[2848.964s][info ][safepoint    ] Application time: 1.0000858 seconds
[2848.964s][info ][safepoint    ] Entering safepoint region: Cleanup
[2848.964s][info ][safepoint    ] Leaving safepoint region
[2848.964s][info ][safepoint    ] Total time for which application threads were stopped: 0.0001362 seconds, Stopping threads took: 0.0000608 seconds
[2849.965s][info ][safepoint    ] Application time: 1.0001043 seconds
[2849.965s][info ][safepoint    ] Entering safepoint region: Cleanup
[2849.965s][info ][safepoint    ] Leaving safepoint region
[2849.965s][info ][safepoint    ] Total time for which application threads were stopped: 0.0001262 seconds, Stopping threads took: 0.0000431 seconds
[2850.965s][info ][safepoint    ] Application time: 1.0001010 seconds
[2850.965s][info ][safepoint    ] Entering safepoint region: Cleanup
[2850.965s][info ][safepoint    ] Leaving safepoint region
[2850.965s][info ][safepoint    ] Total time for which application threads were stopped: 0.0001351 seconds, Stopping threads took: 0.0000583 seconds
[2851.965s][info ][safepoint    ] Application time: 1.0000930 seconds
[2851.965s][info ][safepoint    ] Entering safepoint region: Cleanup
[2851.965s][info ][safepoint    ] Leaving safepoint region
[2851.965s][info ][safepoint    ] Total time for which application threads were stopped: 0.0001495 seconds, Stopping threads took: 0.0000741 seconds
[2852.511s][info ][safepoint    ] Application time: 0.5456668 seconds
[2852.511s][info ][safepoint    ] Entering safepoint region: GenCollectForAllocation
[2852.511s][info ][gc,start     ] GC(730) Pause Young (Allocation Failure)
[2852.511s][info ][gc,task      ] GC(730) Using 4 workers of 4 for evacuation
[2852.515s][debug][gc,ref       ] GC(730) Skipped phase1 of Reference Processing due to unavailable references
[2852.515s][debug][gc,ref       ] GC(730) Skipped phase3 of Reference Processing due to unavailable references
[2852.515s][debug][gc,age       ] GC(730) Desired survivor size 15368192 bytes, new threshold 6 (max threshold 6)
[2852.515s][info ][gc,heap      ] GC(730) ParNew: 248963K->9911K(270336K)
[2852.515s][info ][gc,heap      ] GC(730) CMS: 494443K->494680K(600768K)
[2852.515s][info ][gc,metaspace ] GC(730) Metaspace: 59653K->59653K(1103872K)
[2852.515s][info ][gc           ] GC(730) Pause Young (Allocation Failure) 725M->492M(850M) 4.292ms
[2852.515s][info ][gc,cpu       ] GC(730) User=0.01s Sys=0.00s Real=0.01s
[2852.515s][info ][safepoint    ] Leaving safepoint region
[2852.515s][info ][safepoint    ] Total time for which application threads were stopped: 0.0044559 seconds, Stopping threads took: 0.0000171 seconds
[2853.516s][info ][safepoint    ] Application time: 1.0001037 seconds
[2853.516s][info ][safepoint    ] Entering safepoint region: Cleanup
[2853.516s][info ][safepoint    ] Leaving safepoint region
[2853.516s][info ][safepoint    ] Total time for which application threads were stopped: 0.0001375 seconds, Stopping threads took: 0.0000617 seconds
[2854.516s][info ][safepoint    ] Application time: 1.0000966 seconds
[2854.516s][info ][safepoint    ] Entering safepoint region: Cleanup
[2854.516s][info ][safepoint    ] Leaving safepoint region
[2854.516s][info ][safepoint    ] Total time for which application threads were stopped: 0.0001499 seconds, Stopping threads took: 0.0000748 seconds
[2855.516s][info ][safepoint    ] Application time: 1.0001572 seconds
[2855.516s][info ][safepoint    ] Entering safepoint region: Cleanup
[2855.516s][info ][safepoint    ] Leaving safepoint region
[2855.516s][info ][safepoint    ] Total time for which application threads were stopped: 0.0001309 seconds, Stopping threads took: 0.0000525 seconds
[2856.516s][info ][safepoint    ] Application time: 1.0001655 seconds
[2856.517s][info ][safepoint    ] Entering safepoint region: Cleanup
[2856.517s][info ][safepoint    ] Leaving safepoint region
[2856.517s][info ][safepoint    ] Total time for which application threads were stopped: 0.0001322 seconds, Stopping threads took: 0.0000637 seconds
[2856.858s][info ][safepoint    ] Application time: 0.3413744 seconds
[2856.858s][info ][safepoint    ] Entering safepoint region: GenCollectForAllocation
[2856.858s][info ][gc,start     ] GC(731) Pause Young (Allocation Failure)
[2856.858s][info ][gc,task      ] GC(731) Using 4 workers of 4 for evacuation
[2856.862s][debug][gc,ref       ] GC(731) Skipped phase1 of Reference Processing due to unavailable references
[2856.863s][debug][gc,ref       ] GC(731) Skipped phase3 of Reference Processing due to unavailable references
[2856.863s][debug][gc,age       ] GC(731) Desired survivor size 15368192 bytes, new threshold 6 (max threshold 6)
[2856.863s][info ][gc,heap      ] GC(731) ParNew: 250231K->6439K(270336K)
[2856.863s][info ][gc,heap      ] GC(731) CMS: 494680K->495353K(600768K)
[2856.863s][info ][gc,metaspace ] GC(731) Metaspace: 59659K->59659K(1103872K)
[2856.863s][info ][gc           ] GC(731) Pause Young (Allocation Failure) 727M->490M(850M) 4.539ms
[2856.863s][info ][gc,cpu       ] GC(731) User=0.02s Sys=0.00s Real=0.00s
[2856.863s][info ][safepoint    ] Leaving safepoint region
[2856.863s][info ][safepoint    ] Total time for which application threads were stopped: 0.0046998 seconds, Stopping threads took: 0.0000138 seconds
[2857.863s][info ][safepoint    ] Application time: 1.0000921 seconds
[2857.863s][info ][safepoint    ] Entering safepoint region: Cleanup
[2857.863s][info ][safepoint    ] Leaving safepoint region
[2857.863s][info ][safepoint    ] Total time for which application threads were stopped: 0.0001523 seconds, Stopping threads took: 0.0000776 seconds
[2858.863s][info ][safepoint    ] Application time: 1.0000915 seconds
[2858.863s][info ][safepoint    ] Entering safepoint region: Cleanup
[2858.863s][info ][safepoint    ] Leaving safepoint region
[2858.863s][info ][safepoint    ] Total time for which application threads were stopped: 0.0001512 seconds, Stopping threads took: 0.0000802 seconds
[2859.863s][info ][safepoint    ] Application time: 1.0001485 seconds
[2859.864s][info ][safepoint    ] Entering safepoint region: Cleanup
[2859.864s][info ][safepoint    ] Leaving safepoint region
[2859.864s][info ][safepoint    ] Total time for which application threads were stopped: 0.0002456 seconds, Stopping threads took: 0.0001701 seconds
[2860.864s][info ][safepoint    ] Application time: 1.0000525 seconds
[2860.864s][info ][safepoint    ] Entering safepoint region: Cleanup
[2860.864s][info ][safepoint    ] Leaving safepoint region
[2860.864s][info ][safepoint    ] Total time for which application threads were stopped: 0.0001561 seconds, Stopping threads took: 0.0000681 seconds
[2861.216s][info ][safepoint    ] Application time: 0.3524423 seconds
[2861.216s][info ][safepoint    ] Entering safepoint region: GenCollectForAllocation
[2861.217s][info ][gc,start     ] GC(732) Pause Young (Allocation Failure)
[2861.217s][info ][gc,task      ] GC(732) Using 4 workers of 4 for evacuation
[2861.223s][debug][gc,ref       ] GC(732) Skipped phase1 of Reference Processing due to unavailable references
[2861.223s][debug][gc,ref       ] GC(732) Skipped phase3 of Reference Processing due to unavailable references
[2861.223s][debug][gc,age       ] GC(732) Desired survivor size 15368192 bytes, new threshold 6 (max threshold 6)
[2861.223s][info ][gc,heap      ] GC(732) ParNew: 246759K->10917K(270336K)
[2861.223s][info ][gc,heap      ] GC(732) CMS: 495353K->495970K(600768K)
[2861.223s][info ][gc,metaspace ] GC(732) Metaspace: 59663K->59663K(1103872K)
[2861.223s][info ][gc           ] GC(732) Pause Young (Allocation Failure) 724M->495M(850M) 6.509ms
[2861.223s][info ][gc,cpu       ] GC(732) User=0.02s Sys=0.00s Real=0.00s
[2861.223s][info ][safepoint    ] Leaving safepoint region
[2861.223s][info ][safepoint    ] Total time for which application threads were stopped: 0.0066774 seconds, Stopping threads took: 0.0000155 seconds
[2862.223s][info ][safepoint    ] Application time: 1.0000917 seconds
[2862.223s][info ][safepoint    ] Entering safepoint region: Cleanup
[2862.223s][info ][safepoint    ] Leaving safepoint region
[2862.223s][info ][safepoint    ] Total time for which application threads were stopped: 0.0000680 seconds, Stopping threads took: 0.0000150 seconds
[2863.223s][info ][safepoint    ] Application time: 1.0000938 seconds
[2863.223s][info ][safepoint    ] Entering safepoint region: Cleanup
[2863.224s][info ][safepoint    ] Leaving safepoint region
[2863.224s][info ][safepoint    ] Total time for which application threads were stopped: 0.0000879 seconds, Stopping threads took: 0.0000161 seconds
[2863.921s][info ][safepoint    ] Application time: 0.6978260 seconds
[2863.922s][info ][safepoint    ] Entering safepoint region: GenCollectForAllocation
[2863.922s][info ][gc,start     ] GC(733) Pause Young (Allocation Failure)
[2863.922s][info ][gc,task      ] GC(733) Using 4 workers of 4 for evacuation
[2863.927s][debug][gc,ref       ] GC(733) Skipped phase1 of Reference Processing due to unavailable references
[2863.927s][debug][gc,ref       ] GC(733) Skipped phase3 of Reference Processing due to unavailable references
[2863.927s][debug][gc,age       ] GC(733) Desired survivor size 15368192 bytes, new threshold 6 (max threshold 6)
[2863.927s][info ][gc,heap      ] GC(733) ParNew: 251237K->15103K(270336K)
[2863.927s][info ][gc,heap      ] GC(733) CMS: 495970K->496118K(600768K)
[2863.927s][info ][gc,metaspace ] GC(733) Metaspace: 59664K->59664K(1103872K)
[2863.927s][info ][gc           ] GC(733) Pause Young (Allocation Failure) 729M->499M(850M) 5.827ms
[2863.927s][info ][gc,cpu       ] GC(733) User=0.02s Sys=0.00s Real=0.01s
[2863.928s][info ][safepoint    ] Leaving safepoint region
[2863.928s][info ][safepoint    ] Total time for which application threads were stopped: 0.0060888 seconds, Stopping threads took: 0.0001070 seconds
[2864.928s][info ][safepoint    ] Application time: 1.0001093 seconds
[2864.928s][info ][safepoint    ] Entering safepoint region: Cleanup
[2864.928s][info ][safepoint    ] Leaving safepoint region
[2864.928s][info ][safepoint    ] Total time for which application threads were stopped: 0.0000810 seconds, Stopping threads took: 0.0000165 seconds
[2865.928s][info ][safepoint    ] Application time: 1.0001058 seconds
[2865.928s][info ][safepoint    ] Entering safepoint region: Cleanup
[2865.928s][info ][safepoint    ] Leaving safepoint region
[2865.928s][info ][safepoint    ] Total time for which application threads were stopped: 0.0000735 seconds, Stopping threads took: 0.0000160 seconds
[2866.658s][info ][safepoint    ] Application time: 0.7301795 seconds
[2866.658s][info ][safepoint    ] Entering safepoint region: GenCollectForAllocation
[2866.658s][info ][gc,start     ] GC(734) Pause Young (Allocation Failure)
[2866.658s][info ][gc,task      ] GC(734) Using 4 workers of 4 for evacuation
[2866.666s][debug][gc,ref       ] GC(734) Skipped phase1 of Reference Processing due to unavailable references
[2866.666s][debug][gc,ref       ] GC(734) Skipped phase2 of Reference Processing due to unavailable references
[2866.666s][debug][gc,ref       ] GC(734) Skipped phase3 of Reference Processing due to unavailable references
[2866.666s][debug][gc,ref       ] GC(734) Skipped phase4 of Reference Processing due to unavailable references
[2866.666s][debug][gc,age       ] GC(734) Desired survivor size 15368192 bytes, new threshold 6 (max threshold 6)
[2866.666s][info ][gc,heap      ] GC(734) ParNew: 255423K->6260K(270336K)
[2866.666s][info ][gc,heap      ] GC(734) CMS: 496118K->500227K(600768K)
[2866.666s][info ][gc,metaspace ] GC(734) Metaspace: 59666K->59666K(1103872K)
[2866.666s][info ][gc           ] GC(734) Pause Young (Allocation Failure) 733M->494M(850M) 7.888ms
[2866.666s][info ][gc,cpu       ] GC(734) User=0.03s Sys=0.00s Real=0.01s
[2866.666s][info ][safepoint    ] Leaving safepoint region
[2866.666s][info ][safepoint    ] Total time for which application threads were stopped: 0.0081073 seconds, Stopping threads took: 0.0000746 seconds
[2867.666s][info ][safepoint    ] Application time: 1.0001549 seconds
[2867.667s][info ][safepoint    ] Entering safepoint region: Cleanup
[2867.667s][info ][safepoint    ] Leaving safepoint region
[2867.667s][info ][safepoint    ] Total time for which application threads were stopped: 0.0001584 seconds, Stopping threads took: 0.0000656 seconds
[2869.017s][info ][safepoint    ] Application time: 1.3506209 seconds
[2869.017s][info ][safepoint    ] Entering safepoint region: GenCollectForAllocation
[2869.017s][info ][gc,start     ] GC(735) Pause Young (Allocation Failure)
[2869.017s][info ][gc,task      ] GC(735) Using 4 workers of 4 for evacuation
[2869.023s][debug][gc,ref       ] GC(735) Skipped phase1 of Reference Processing due to unavailable references
[2869.023s][debug][gc,ref       ] GC(735) Skipped phase3 of Reference Processing due to unavailable references
[2869.023s][debug][gc,ref       ] GC(735) Skipped phase4 of Reference Processing due to unavailable references
[2869.024s][debug][gc,age       ] GC(735) Desired survivor size 15368192 bytes, new threshold 6 (max threshold 6)
[2869.024s][info ][gc,heap      ] GC(735) ParNew: 246580K->13154K(270336K)
[2869.024s][info ][gc,heap      ] GC(735) CMS: 500227K->500232K(600768K)
[2869.024s][info ][gc,metaspace ] GC(735) Metaspace: 59668K->59668K(1103872K)
[2869.024s][info ][gc           ] GC(735) Pause Young (Allocation Failure) 729M->501M(850M) 6.231ms
[2869.024s][info ][gc,cpu       ] GC(735) User=0.02s Sys=0.00s Real=0.00s
[2869.024s][info ][safepoint    ] Leaving safepoint region
[2869.024s][info ][safepoint    ] Total time for which application threads were stopped: 0.0063976 seconds, Stopping threads took: 0.0000152 seconds
[2871.024s][info ][safepoint    ] Application time: 2.0001532 seconds
[2871.024s][info ][safepoint    ] Entering safepoint region: Cleanup
[2871.024s][info ][safepoint    ] Leaving safepoint region
[2871.024s][info ][safepoint    ] Total time for which application threads were stopped: 0.0001075 seconds, Stopping threads took: 0.0000410 seconds
[2872.117s][info ][safepoint    ] Application time: 1.0928054 seconds
[2872.117s][info ][safepoint    ] Entering safepoint region: GenCollectForAllocation
[2872.117s][info ][gc,start     ] GC(736) Pause Young (Allocation Failure)
[2872.117s][info ][gc,task      ] GC(736) Using 4 workers of 4 for evacuation
[2872.122s][debug][gc,ref       ] GC(736) Skipped phase1 of Reference Processing due to unavailable references
[2872.122s][debug][gc,ref       ] GC(736) Skipped phase3 of Reference Processing due to unavailable references
[2872.122s][debug][gc,ref       ] GC(736) Skipped phase4 of Reference Processing due to unavailable references
[2872.123s][debug][gc,age       ] GC(736) Desired survivor size 15368192 bytes, new threshold 6 (max threshold 6)
[2872.123s][info ][gc,heap      ] GC(736) ParNew: 253474K->15115K(270336K)
[2872.123s][info ][gc,heap      ] GC(736) CMS: 500232K->500284K(600768K)
[2872.123s][info ][gc,metaspace ] GC(736) Metaspace: 59668K->59668K(1103872K)
[2872.123s][info ][gc           ] GC(736) Pause Young (Allocation Failure) 736M->503M(850M) 5.598ms
[2872.123s][info ][gc,cpu       ] GC(736) User=0.02s Sys=0.01s Real=0.00s
[2872.123s][info ][safepoint    ] Leaving safepoint region
[2872.123s][info ][safepoint    ] Total time for which application threads were stopped: 0.0057517 seconds, Stopping threads took: 0.0000161 seconds
[2873.123s][info ][safepoint    ] Application time: 1.0001848 seconds
[2873.123s][info ][safepoint    ] Entering safepoint region: Cleanup
[2873.123s][info ][safepoint    ] Leaving safepoint region
[2873.123s][info ][safepoint    ] Total time for which application threads were stopped: 0.0000791 seconds, Stopping threads took: 0.0000179 seconds
[2874.123s][info ][safepoint    ] Application time: 1.0000842 seconds
[2874.123s][info ][safepoint    ] Entering safepoint region: Cleanup
[2874.123s][info ][safepoint    ] Leaving safepoint region
[2874.123s][info ][safepoint    ] Total time for which application threads were stopped: 0.0000920 seconds, Stopping threads took: 0.0000165 seconds
[2875.123s][info ][safepoint    ] Application time: 1.0000919 seconds
[2875.123s][info ][safepoint    ] Entering safepoint region: Cleanup
[2875.123s][info ][safepoint    ] Leaving safepoint region
[2875.123s][info ][safepoint    ] Total time for which application threads were stopped: 0.0000778 seconds, Stopping threads took: 0.0000194 seconds
[2875.414s][info ][safepoint    ] Application time: 0.2901732 seconds
[2875.414s][info ][safepoint    ] Entering safepoint region: GenCollectForAllocation
[2875.414s][info ][gc,start     ] GC(737) Pause Young (Allocation Failure)
[2875.414s][info ][gc,task      ] GC(737) Using 4 workers of 4 for evacuation
[2875.419s][debug][gc,ref       ] GC(737) Skipped phase1 of Reference Processing due to unavailable references
[2875.419s][debug][gc,ref       ] GC(737) Skipped phase3 of Reference Processing due to unavailable references
[2875.419s][debug][gc,ref       ] GC(737) Skipped phase4 of Reference Processing due to unavailable references
[2875.419s][debug][gc,age       ] GC(737) Desired survivor size 15368192 bytes, new threshold 6 (max threshold 6)
[2875.419s][info ][gc,heap      ] GC(737) ParNew: 255435K->14718K(270336K)
[2875.419s][info ][gc,heap      ] GC(737) CMS: 500284K->500551K(600768K)
[2875.419s][info ][gc,metaspace ] GC(737) Metaspace: 59668K->59668K(1103872K)
[2875.419s][info ][gc           ] GC(737) Pause Young (Allocation Failure) 738M->503M(850M) 5.537ms
[2875.419s][info ][gc,cpu       ] GC(737) User=0.02s Sys=0.00s Real=0.00s
[2875.419s][info ][safepoint    ] Leaving safepoint region
[2875.419s][info ][safepoint    ] Total time for which application threads were stopped: 0.0056890 seconds, Stopping threads took: 0.0000156 seconds
[2876.419s][info ][safepoint    ] Application time: 1.0000990 seconds
[2876.419s][info ][safepoint    ] Entering safepoint region: Cleanup
[2876.419s][info ][safepoint    ] Leaving safepoint region
[2876.419s][info ][safepoint    ] Total time for which application threads were stopped: 0.0000871 seconds, Stopping threads took: 0.0000287 seconds
[2877.420s][info ][safepoint    ] Application time: 1.0000868 seconds
[2877.420s][info ][safepoint    ] Entering safepoint region: Cleanup
[2877.420s][info ][safepoint    ] Leaving safepoint region
[2877.420s][info ][safepoint    ] Total time for which application threads were stopped: 0.0000684 seconds, Stopping threads took: 0.0000159 seconds
[2878.420s][info ][safepoint    ] Application time: 1.0000980 seconds
[2878.420s][info ][safepoint    ] Entering safepoint region: Cleanup
[2878.420s][info ][safepoint    ] Leaving safepoint region
[2878.420s][info ][safepoint    ] Total time for which application threads were stopped: 0.0001534 seconds, Stopping threads took: 0.0000752 seconds
[2878.758s][info ][safepoint    ] Application time: 0.3381691 seconds
[2878.758s][info ][safepoint    ] Entering safepoint region: GenCollectForAllocation
[2878.758s][info ][gc,start     ] GC(738) Pause Young (Allocation Failure)
[2878.758s][info ][gc,task      ] GC(738) Using 4 workers of 4 for evacuation
[2878.765s][debug][gc,ref       ] GC(738) Skipped phase1 of Reference Processing due to unavailable references
[2878.765s][debug][gc,ref       ] GC(738) Skipped phase3 of Reference Processing due to unavailable references
[2878.765s][debug][gc,ref       ] GC(738) Skipped phase4 of Reference Processing due to unavailable references
[2878.765s][debug][gc,age       ] GC(738) Desired survivor size 15368192 bytes, new threshold 6 (max threshold 6)
[2878.765s][info ][gc,heap      ] GC(738) ParNew: 255038K->14124K(270336K)
[2878.765s][info ][gc,heap      ] GC(738) CMS: 500551K->501959K(600768K)
[2878.765s][info ][gc,metaspace ] GC(738) Metaspace: 59668K->59668K(1103872K)
[2878.765s][info ][gc           ] GC(738) Pause Young (Allocation Failure) 737M->503M(850M) 6.682ms
[2878.765s][info ][gc,cpu       ] GC(738) User=0.03s Sys=0.00s Real=0.01s
[2878.765s][info ][safepoint    ] Leaving safepoint region
[2878.765s][info ][safepoint    ] Total time for which application threads were stopped: 0.0069273 seconds, Stopping threads took: 0.0000755 seconds
[2879.765s][info ][safepoint    ] Application time: 1.0001589 seconds
[2879.765s][info ][safepoint    ] Entering safepoint region: Cleanup
[2879.765s][info ][safepoint    ] Leaving safepoint region
[2879.765s][info ][safepoint    ] Total time for which application threads were stopped: 0.0001452 seconds, Stopping threads took: 0.0000704 seconds
[2880.766s][info ][safepoint    ] Application time: 1.0000938 seconds
[2880.766s][info ][safepoint    ] Entering safepoint region: Cleanup
[2880.766s][info ][safepoint    ] Leaving safepoint region
[2880.766s][info ][safepoint    ] Total time for which application threads were stopped: 0.0001366 seconds, Stopping threads took: 0.0000630 seconds
[2881.766s][info ][safepoint    ] Application time: 1.0001036 seconds
[2881.766s][info ][safepoint    ] Entering safepoint region: Cleanup
[2881.766s][info ][safepoint    ] Leaving safepoint region
[2881.766s][info ][safepoint    ] Total time for which application threads were stopped: 0.0001406 seconds, Stopping threads took: 0.0000689 seconds
[2882.265s][info ][safepoint    ] Application time: 0.4987816 seconds
[2882.265s][info ][safepoint    ] Entering safepoint region: GenCollectForAllocation
[2882.265s][info ][gc,start     ] GC(739) Pause Young (Allocation Failure)
[2882.265s][info ][gc,task      ] GC(739) Using 4 workers of 4 for evacuation
[2882.270s][debug][gc,ref       ] GC(739) Skipped phase1 of Reference Processing due to unavailable references
[2882.270s][debug][gc,ref       ] GC(739) Skipped phase3 of Reference Processing due to unavailable references
[2882.270s][debug][gc,ref       ] GC(739) Skipped phase4 of Reference Processing due to unavailable references
[2882.270s][debug][gc,age       ] GC(739) Desired survivor size 15368192 bytes, new threshold 6 (max threshold 6)
[2882.270s][info ][gc,heap      ] GC(739) ParNew: 254444K->9129K(270336K)
[2882.270s][info ][gc,heap      ] GC(739) CMS: 501959K->502351K(600768K)
[2882.270s][info ][gc,metaspace ] GC(739) Metaspace: 59668K->59668K(1103872K)
[2882.270s][info ][gc           ] GC(739) Pause Young (Allocation Failure) 738M->499M(850M) 5.329ms
[2882.270s][info ][gc,cpu       ] GC(739) User=0.02s Sys=0.00s Real=0.00s
[2882.270s][info ][safepoint    ] Leaving safepoint region
[2882.270s][info ][safepoint    ] Total time for which application threads were stopped: 0.0054890 seconds, Stopping threads took: 0.0000155 seconds
[2883.270s][info ][safepoint    ] Application time: 1.0001040 seconds
[2883.270s][info ][safepoint    ] Entering safepoint region: Cleanup
[2883.271s][info ][safepoint    ] Leaving safepoint region
[2883.271s][info ][safepoint    ] Total time for which application threads were stopped: 0.0000884 seconds, Stopping threads took: 0.0000155 seconds
[2884.271s][info ][safepoint    ] Application time: 1.0001649 seconds
[2884.271s][info ][safepoint    ] Entering safepoint region: Cleanup
[2884.271s][info ][safepoint    ] Leaving safepoint region
[2884.271s][info ][safepoint    ] Total time for which application threads were stopped: 0.0000718 seconds, Stopping threads took: 0.0000156 seconds
[2885.271s][info ][safepoint    ] Application time: 1.0002231 seconds
[2885.271s][info ][safepoint    ] Entering safepoint region: Cleanup
[2885.271s][info ][safepoint    ] Leaving safepoint region
[2885.271s][info ][safepoint    ] Total time for which application threads were stopped: 0.0000746 seconds, Stopping threads took: 0.0000161 seconds
[2885.864s][info ][safepoint    ] Application time: 0.5930570 seconds
[2885.864s][info ][safepoint    ] Entering safepoint region: GenCollectForAllocation
[2885.864s][info ][gc,start     ] GC(740) Pause Young (Allocation Failure)
[2885.864s][info ][gc,task      ] GC(740) Using 4 workers of 4 for evacuation
[2885.869s][debug][gc,ref       ] GC(740) Skipped phase1 of Reference Processing due to unavailable references
[2885.869s][debug][gc,ref       ] GC(740) Skipped phase3 of Reference Processing due to unavailable references
[2885.869s][debug][gc,ref       ] GC(740) Skipped phase4 of Reference Processing due to unavailable references
[2885.869s][debug][gc,age       ] GC(740) Desired survivor size 15368192 bytes, new threshold 6 (max threshold 6)
[2885.869s][info ][gc,heap      ] GC(740) ParNew: 249449K->12564K(270336K)
[2885.869s][info ][gc,heap      ] GC(740) CMS: 502351K->502622K(600768K)
[2885.869s][info ][gc,metaspace ] GC(740) Metaspace: 59668K->59668K(1103872K)
[2885.869s][info ][gc           ] GC(740) Pause Young (Allocation Failure) 734M->503M(850M) 5.090ms
[2885.869s][info ][gc,cpu       ] GC(740) User=0.01s Sys=0.00s Real=0.00s
[2885.869s][info ][safepoint    ] Leaving safepoint region
[2885.870s][info ][safepoint    ] Total time for which application threads were stopped: 0.0052481 seconds, Stopping threads took: 0.0000162 seconds
[2886.870s][info ][safepoint    ] Application time: 1.0000944 seconds
[2886.870s][info ][safepoint    ] Entering safepoint region: Cleanup
[2886.870s][info ][safepoint    ] Leaving safepoint region
[2886.870s][info ][safepoint    ] Total time for which application threads were stopped: 0.0000854 seconds, Stopping threads took: 0.0000160 seconds
[2887.870s][info ][safepoint    ] Application time: 1.0001065 seconds
[2887.870s][info ][safepoint    ] Entering safepoint region: Cleanup
[2887.870s][info ][safepoint    ] Leaving safepoint region
[2887.870s][info ][safepoint    ] Total time for which application threads were stopped: 0.0000757 seconds, Stopping threads took: 0.0000157 seconds
[2888.870s][info ][safepoint    ] Application time: 1.0000952 seconds
[2888.870s][info ][safepoint    ] Entering safepoint region: Cleanup
[2888.870s][info ][safepoint    ] Leaving safepoint region
[2888.870s][info ][safepoint    ] Total time for which application threads were stopped: 0.0001007 seconds, Stopping threads took: 0.0000417 seconds
[2889.408s][info ][safepoint    ] Application time: 0.5383013 seconds
[2889.409s][info ][safepoint    ] Entering safepoint region: GenCollectForAllocation
[2889.409s][info ][gc,start     ] GC(741) Pause Young (Allocation Failure)
[2889.409s][info ][gc,task      ] GC(741) Using 4 workers of 4 for evacuation
[2889.418s][debug][gc,ref       ] GC(741) Skipped phase1 of Reference Processing due to unavailable references
[2889.418s][debug][gc,ref       ] GC(741) Skipped phase2 of Reference Processing due to unavailable references
[2889.418s][debug][gc,ref       ] GC(741) Skipped phase3 of Reference Processing due to unavailable references
[2889.418s][debug][gc,ref       ] GC(741) Skipped phase4 of Reference Processing due to unavailable references
[2889.418s][debug][gc,age       ] GC(741) Desired survivor size 15368192 bytes, new threshold 6 (max threshold 6)
[2889.418s][info ][gc,heap      ] GC(741) ParNew: 252884K->7558K(270336K)
[2889.418s][info ][gc,heap      ] GC(741) CMS: 502622K->509092K(600768K)
[2889.418s][info ][gc,metaspace ] GC(741) Metaspace: 59668K->59668K(1103872K)
[2889.418s][info ][gc           ] GC(741) Pause Young (Allocation Failure) 737M->504M(850M) 9.158ms
[2889.418s][info ][gc,cpu       ] GC(741) User=0.03s Sys=0.00s Real=0.01s
[2889.418s][info ][safepoint    ] Leaving safepoint region
[2889.418s][info ][safepoint    ] Total time for which application threads were stopped: 0.0093572 seconds, Stopping threads took: 0.0000504 seconds
[2890.418s][info ][safepoint    ] Application time: 1.0001055 seconds
[2890.418s][info ][safepoint    ] Entering safepoint region: Cleanup
[2890.418s][info ][safepoint    ] Leaving safepoint region
[2890.418s][info ][safepoint    ] Total time for which application threads were stopped: 0.0000725 seconds, Stopping threads took: 0.0000160 seconds
[2891.418s][info ][safepoint    ] Application time: 1.0000859 seconds
[2891.418s][info ][safepoint    ] Entering safepoint region: Cleanup
[2891.418s][info ][safepoint    ] Leaving safepoint region
[2891.418s][info ][safepoint    ] Total time for which application threads were stopped: 0.0001623 seconds, Stopping threads took: 0.0000895 seconds
[2892.419s][info ][safepoint    ] Application time: 1.0001571 seconds
[2892.419s][info ][safepoint    ] Entering safepoint region: Cleanup
[2892.419s][info ][safepoint    ] Leaving safepoint region
[2892.419s][info ][safepoint    ] Total time for which application threads were stopped: 0.0000751 seconds, Stopping threads took: 0.0000169 seconds
[2893.062s][info ][safepoint    ] Application time: 0.6435445 seconds
[2893.062s][info ][safepoint    ] Entering safepoint region: GenCollectForAllocation
[2893.062s][info ][gc,start     ] GC(742) Pause Young (Allocation Failure)
[2893.062s][info ][gc,task      ] GC(742) Using 4 workers of 4 for evacuation
[2893.065s][debug][gc,ref       ] GC(742) Skipped phase1 of Reference Processing due to unavailable references
[2893.065s][debug][gc,ref       ] GC(742) Skipped phase2 of Reference Processing due to unavailable references
[2893.065s][debug][gc,ref       ] GC(742) Skipped phase3 of Reference Processing due to unavailable references
[2893.065s][debug][gc,ref       ] GC(742) Skipped phase4 of Reference Processing due to unavailable references
[2893.065s][debug][gc,age       ] GC(742) Desired survivor size 15368192 bytes, new threshold 6 (max threshold 6)
[2893.065s][info ][gc,heap      ] GC(742) ParNew: 247878K->2149K(270336K)
[2893.065s][info ][gc,heap      ] GC(742) CMS: 509092K->509219K(600768K)
[2893.065s][info ][gc,metaspace ] GC(742) Metaspace: 59669K->59669K(1103872K)
[2893.065s][info ][gc           ] GC(742) Pause Young (Allocation Failure) 739M->499M(850M) 2.900ms
[2893.065s][info ][gc,cpu       ] GC(742) User=0.01s Sys=0.00s Real=0.01s
[2893.065s][info ][safepoint    ] Leaving safepoint region
[2893.065s][info ][safepoint    ] Total time for which application threads were stopped: 0.0030483 seconds, Stopping threads took: 0.0000144 seconds
[2894.065s][info ][safepoint    ] Application time: 1.0001656 seconds
[2894.066s][info ][safepoint    ] Entering safepoint region: Cleanup
[2894.066s][info ][safepoint    ] Leaving safepoint region
[2894.066s][info ][safepoint    ] Total time for which application threads were stopped: 0.0001710 seconds, Stopping threads took: 0.0000845 seconds
[2895.066s][info ][safepoint    ] Application time: 1.0002028 seconds
[2895.066s][info ][safepoint    ] Entering safepoint region: Cleanup
[2895.066s][info ][safepoint    ] Leaving safepoint region
[2895.066s][info ][safepoint    ] Total time for which application threads were stopped: 0.0001590 seconds, Stopping threads took: 0.0000635 seconds
[2896.066s][info ][safepoint    ] Application time: 1.0000896 seconds
[2896.066s][info ][safepoint    ] Entering safepoint region: Cleanup
[2896.066s][info ][safepoint    ] Leaving safepoint region
[2896.066s][info ][safepoint    ] Total time for which application threads were stopped: 0.0001483 seconds, Stopping threads took: 0.0000771 seconds
[2896.661s][info ][safepoint    ] Application time: 0.5949597 seconds
[2896.661s][info ][safepoint    ] Entering safepoint region: GenCollectForAllocation
[2896.661s][info ][gc,start     ] GC(743) Pause Young (Allocation Failure)
[2896.662s][info ][gc,task      ] GC(743) Using 4 workers of 4 for evacuation
[2896.664s][debug][gc,ref       ] GC(743) Skipped phase1 of Reference Processing due to unavailable references
[2896.664s][debug][gc,ref       ] GC(743) Skipped phase2 of Reference Processing due to unavailable references
[2896.664s][debug][gc,ref       ] GC(743) Skipped phase3 of Reference Processing due to unavailable references
[2896.664s][debug][gc,ref       ] GC(743) Skipped phase4 of Reference Processing due to unavailable references
[2896.664s][debug][gc,age       ] GC(743) Desired survivor size 15368192 bytes, new threshold 6 (max threshold 6)
[2896.664s][info ][gc,heap      ] GC(743) ParNew: 242469K->2050K(270336K)
[2896.664s][info ][gc,heap      ] GC(743) CMS: 509219K->509303K(600768K)
[2896.664s][info ][gc,metaspace ] GC(743) Metaspace: 59669K->59669K(1103872K)
[2896.664s][info ][gc           ] GC(743) Pause Young (Allocation Failure) 734M->499M(850M) 2.953ms
[2896.664s][info ][gc,cpu       ] GC(743) User=0.02s Sys=0.00s Real=0.01s
[2896.664s][info ][safepoint    ] Leaving safepoint region
[2896.664s][info ][safepoint    ] Total time for which application threads were stopped: 0.0031156 seconds, Stopping threads took: 0.0000150 seconds
[2897.665s][info ][safepoint    ] Application time: 1.0000576 seconds
[2897.665s][info ][safepoint    ] Entering safepoint region: Cleanup
[2897.665s][info ][safepoint    ] Leaving safepoint region
[2897.665s][info ][safepoint    ] Total time for which application threads were stopped: 0.0001579 seconds, Stopping threads took: 0.0000766 seconds
[2898.665s][info ][safepoint    ] Application time: 1.0000909 seconds
[2898.665s][info ][safepoint    ] Entering safepoint region: Cleanup
[2898.665s][info ][safepoint    ] Leaving safepoint region
[2898.665s][info ][safepoint    ] Total time for which application threads were stopped: 0.0001350 seconds, Stopping threads took: 0.0000602 seconds
[2899.665s][info ][safepoint    ] Application time: 1.0001469 seconds
[2899.665s][info ][safepoint    ] Entering safepoint region: Cleanup
[2899.665s][info ][safepoint    ] Leaving safepoint region
[2899.665s][info ][safepoint    ] Total time for which application threads were stopped: 0.0001420 seconds, Stopping threads took: 0.0000614 seconds
[2900.010s][info ][safepoint    ] Application time: 0.3443671 seconds
[2900.010s][info ][safepoint    ] Entering safepoint region: GenCollectForAllocation
[2900.010s][info ][gc,start     ] GC(744) Pause Young (Allocation Failure)
[2900.010s][info ][gc,task      ] GC(744) Using 4 workers of 4 for evacuation
[2900.013s][debug][gc,ref       ] GC(744) Skipped phase1 of Reference Processing due to unavailable references
[2900.013s][debug][gc,ref       ] GC(744) Skipped phase2 of Reference Processing due to unavailable references
[2900.013s][debug][gc,ref       ] GC(744) Skipped phase3 of Reference Processing due to unavailable references
[2900.013s][debug][gc,ref       ] GC(744) Skipped phase4 of Reference Processing due to unavailable references
[2900.013s][debug][gc,age       ] GC(744) Desired survivor size 15368192 bytes, new threshold 6 (max threshold 6)
[2900.013s][info ][gc,heap      ] GC(744) ParNew: 242370K->1793K(270336K)
[2900.013s][info ][gc,heap      ] GC(744) CMS: 509303K->509584K(600768K)
[2900.013s][info ][gc,metaspace ] GC(744) Metaspace: 59677K->59677K(1103872K)
[2900.013s][info ][gc           ] GC(744) Pause Young (Allocation Failure) 734M->499M(850M) 3.384ms
[2900.013s][info ][gc,cpu       ] GC(744) User=0.02s Sys=0.00s Real=0.01s
[2900.013s][info ][safepoint    ] Leaving safepoint region
[2900.013s][info ][safepoint    ] Total time for which application threads were stopped: 0.0035364 seconds, Stopping threads took: 0.0000156 seconds
[2901.013s][info ][safepoint    ] Application time: 1.0000855 seconds
[2901.013s][info ][safepoint    ] Entering safepoint region: Cleanup
[2901.014s][info ][safepoint    ] Leaving safepoint region
[2901.014s][info ][safepoint    ] Total time for which application threads were stopped: 0.0001540 seconds, Stopping threads took: 0.0000811 seconds
[2902.014s][info ][safepoint    ] Application time: 1.0000878 seconds
[2902.014s][info ][safepoint    ] Entering safepoint region: Cleanup
[2902.014s][info ][safepoint    ] Leaving safepoint region
[2902.014s][info ][safepoint    ] Total time for which application threads were stopped: 0.0001366 seconds, Stopping threads took: 0.0000645 seconds
[2903.014s][info ][safepoint    ] Application time: 1.0001582 seconds
[2903.014s][info ][safepoint    ] Entering safepoint region: Cleanup
[2903.014s][info ][safepoint    ] Leaving safepoint region
[2903.014s][info ][safepoint    ] Total time for which application threads were stopped: 0.0001282 seconds, Stopping threads took: 0.0000389 seconds
[2903.564s][info ][safepoint    ] Application time: 0.5494587 seconds
[2903.564s][info ][safepoint    ] Entering safepoint region: GenCollectForAllocation
[2903.564s][info ][gc,start     ] GC(745) Pause Young (Allocation Failure)
[2903.564s][info ][gc,task      ] GC(745) Using 4 workers of 4 for evacuation
[2903.567s][debug][gc,ref       ] GC(745) Skipped phase1 of Reference Processing due to unavailable references
[2903.567s][debug][gc,ref       ] GC(745) Skipped phase2 of Reference Processing due to unavailable references
[2903.567s][debug][gc,ref       ] GC(745) Skipped phase3 of Reference Processing due to unavailable references
[2903.567s][debug][gc,ref       ] GC(745) Skipped phase4 of Reference Processing due to unavailable references
[2903.567s][debug][gc,age       ] GC(745) Desired survivor size 15368192 bytes, new threshold 6 (max threshold 6)
[2903.567s][info ][gc,heap      ] GC(745) ParNew: 242113K->2290K(270336K)
[2903.567s][info ][gc,heap      ] GC(745) CMS: 509584K->509901K(600768K)
[2903.567s][info ][gc,metaspace ] GC(745) Metaspace: 59679K->59679K(1103872K)
[2903.567s][info ][gc           ] GC(745) Pause Young (Allocation Failure) 734M->500M(850M) 3.227ms
[2903.567s][info ][gc,cpu       ] GC(745) User=0.01s Sys=0.00s Real=0.01s
[2903.567s][info ][safepoint    ] Leaving safepoint region
[2903.567s][info ][safepoint    ] Total time for which application threads were stopped: 0.0033847 seconds, Stopping threads took: 0.0000143 seconds
[2904.567s][info ][safepoint    ] Application time: 1.0000978 seconds
[2904.567s][info ][safepoint    ] Entering safepoint region: Cleanup
[2904.567s][info ][safepoint    ] Leaving safepoint region
[2904.567s][info ][safepoint    ] Total time for which application threads were stopped: 0.0000827 seconds, Stopping threads took: 0.0000158 seconds
[2905.568s][info ][safepoint    ] Application time: 1.0002663 seconds
[2905.568s][info ][safepoint    ] Entering safepoint region: Cleanup
[2905.568s][info ][safepoint    ] Leaving safepoint region
[2905.568s][info ][safepoint    ] Total time for which application threads were stopped: 0.0001493 seconds, Stopping threads took: 0.0000729 seconds
[2906.568s][info ][safepoint    ] Application time: 1.0002048 seconds
[2906.568s][info ][safepoint    ] Entering safepoint region: Cleanup
[2906.568s][info ][safepoint    ] Leaving safepoint region
[2906.568s][info ][safepoint    ] Total time for which application threads were stopped: 0.0000863 seconds, Stopping threads took: 0.0000277 seconds
[2907.109s][info ][safepoint    ] Application time: 0.5408196 seconds
[2907.109s][info ][safepoint    ] Entering safepoint region: GenCollectForAllocation
[2907.109s][info ][gc,start     ] GC(746) Pause Young (Allocation Failure)
[2907.109s][info ][gc,task      ] GC(746) Using 4 workers of 4 for evacuation
[2907.112s][debug][gc,ref       ] GC(746) Skipped phase1 of Reference Processing due to unavailable references
[2907.112s][debug][gc,ref       ] GC(746) Skipped phase2 of Reference Processing due to unavailable references
[2907.112s][debug][gc,ref       ] GC(746) Skipped phase3 of Reference Processing due to unavailable references
[2907.112s][debug][gc,ref       ] GC(746) Skipped phase4 of Reference Processing due to unavailable references
[2907.112s][debug][gc,age       ] GC(746) Desired survivor size 15368192 bytes, new threshold 6 (max threshold 6)
[2907.112s][info ][gc,heap      ] GC(746) ParNew: 242610K->2700K(270336K)
[2907.112s][info ][gc,heap      ] GC(746) CMS: 509901K->510011K(600768K)
[2907.112s][info ][gc,metaspace ] GC(746) Metaspace: 59679K->59679K(1103872K)
[2907.112s][info ][gc           ] GC(746) Pause Young (Allocation Failure) 734M->500M(850M) 3.066ms
[2907.112s][info ][gc,cpu       ] GC(746) User=0.01s Sys=0.00s Real=0.01s
[2907.112s][info ][safepoint    ] Leaving safepoint region
[2907.112s][info ][safepoint    ] Total time for which application threads were stopped: 0.0032874 seconds, Stopping threads took: 0.0000849 seconds
[2908.112s][info ][safepoint    ] Application time: 1.0001025 seconds
[2908.112s][info ][safepoint    ] Entering safepoint region: Cleanup
[2908.112s][info ][safepoint    ] Leaving safepoint region
[2908.112s][info ][safepoint    ] Total time for which application threads were stopped: 0.0001244 seconds, Stopping threads took: 0.0000552 seconds
[2909.113s][info ][safepoint    ] Application time: 1.0001636 seconds
[2909.113s][info ][safepoint    ] Entering safepoint region: Cleanup
[2909.113s][info ][safepoint    ] Leaving safepoint region
[2909.113s][info ][safepoint    ] Total time for which application threads were stopped: 0.0001424 seconds, Stopping threads took: 0.0000757 seconds
[2910.113s][info ][safepoint    ] Application time: 1.0001001 seconds
[2910.113s][info ][safepoint    ] Entering safepoint region: Cleanup
[2910.113s][info ][safepoint    ] Leaving safepoint region
[2910.113s][info ][safepoint    ] Total time for which application threads were stopped: 0.0001383 seconds, Stopping threads took: 0.0000754 seconds
[2910.400s][info ][safepoint    ] Application time: 0.2869525 seconds
[2910.400s][info ][safepoint    ] Entering safepoint region: GenCollectForAllocation
[2910.400s][info ][gc,start     ] GC(747) Pause Young (Allocation Failure)
[2910.400s][info ][gc,task      ] GC(747) Using 4 workers of 4 for evacuation
[2910.403s][debug][gc,ref       ] GC(747) Skipped phase1 of Reference Processing due to unavailable references
[2910.403s][debug][gc,ref       ] GC(747) Skipped phase2 of Reference Processing due to unavailable references
[2910.403s][debug][gc,ref       ] GC(747) Skipped phase3 of Reference Processing due to unavailable references
[2910.403s][debug][gc,ref       ] GC(747) Skipped phase4 of Reference Processing due to unavailable references
[2910.403s][debug][gc,age       ] GC(747) Desired survivor size 15368192 bytes, new threshold 6 (max threshold 6)
[2910.403s][info ][gc,heap      ] GC(747) ParNew: 243020K->2720K(270336K)
[2910.403s][info ][gc,heap      ] GC(747) CMS: 510011K->510076K(600768K)
[2910.403s][info ][gc,metaspace ] GC(747) Metaspace: 59679K->59679K(1103872K)
[2910.403s][info ][gc           ] GC(747) Pause Young (Allocation Failure) 735M->500M(850M) 3.315ms
[2910.404s][info ][gc,cpu       ] GC(747) User=0.02s Sys=0.00s Real=0.00s
[2910.404s][info ][safepoint    ] Leaving safepoint region
[2910.404s][info ][safepoint    ] Total time for which application threads were stopped: 0.0034974 seconds, Stopping threads took: 0.0000169 seconds
[2911.404s][info ][safepoint    ] Application time: 1.0001106 seconds
[2911.404s][info ][safepoint    ] Entering safepoint region: Cleanup
[2911.404s][info ][safepoint    ] Leaving safepoint region
[2911.404s][info ][safepoint    ] Total time for which application threads were stopped: 0.0000750 seconds, Stopping threads took: 0.0000163 seconds
[2912.404s][info ][safepoint    ] Application time: 1.0000967 seconds
[2912.404s][info ][safepoint    ] Entering safepoint region: Cleanup
[2912.404s][info ][safepoint    ] Leaving safepoint region
[2912.404s][info ][safepoint    ] Total time for which application threads were stopped: 0.0000893 seconds, Stopping threads took: 0.0000151 seconds
[2913.404s][info ][safepoint    ] Application time: 1.0000918 seconds
[2913.404s][info ][safepoint    ] Entering safepoint region: Cleanup
[2913.404s][info ][safepoint    ] Leaving safepoint region
[2913.404s][info ][safepoint    ] Total time for which application threads were stopped: 0.0000775 seconds, Stopping threads took: 0.0000153 seconds
[2913.671s][info ][safepoint    ] Application time: 0.2664557 seconds
[2913.671s][info ][safepoint    ] Entering safepoint region: GenCollectForAllocation
[2913.671s][info ][gc,start     ] GC(748) Pause Young (Allocation Failure)
[2913.671s][info ][gc,task      ] GC(748) Using 4 workers of 4 for evacuation
[2913.674s][debug][gc,ref       ] GC(748) Skipped phase1 of Reference Processing due to unavailable references
[2913.674s][debug][gc,ref       ] GC(748) Skipped phase2 of Reference Processing due to unavailable references
[2913.674s][debug][gc,ref       ] GC(748) Skipped phase3 of Reference Processing due to unavailable references
[2913.674s][debug][gc,ref       ] GC(748) Skipped phase4 of Reference Processing due to unavailable references
[2913.674s][debug][gc,age       ] GC(748) Desired survivor size 15368192 bytes, new threshold 6 (max threshold 6)
[2913.674s][info ][gc,heap      ] GC(748) ParNew: 243040K->3470K(270336K)
[2913.674s][info ][gc,heap      ] GC(748) CMS: 510076K->510201K(600768K)
[2913.674s][info ][gc,metaspace ] GC(748) Metaspace: 59680K->59680K(1103872K)
[2913.674s][info ][gc           ] GC(748) Pause Young (Allocation Failure) 735M->501M(850M) 3.302ms
[2913.674s][info ][gc,cpu       ] GC(748) User=0.01s Sys=0.00s Real=0.01s
[2913.674s][info ][safepoint    ] Leaving safepoint region
[2913.674s][info ][safepoint    ] Total time for which application threads were stopped: 0.0034568 seconds, Stopping threads took: 0.0000165 seconds
[2914.674s][info ][safepoint    ] Application time: 1.0000958 seconds
[2914.674s][info ][safepoint    ] Entering safepoint region: Cleanup
[2914.674s][info ][safepoint    ] Leaving safepoint region
[2914.674s][info ][safepoint    ] Total time for which application threads were stopped: 0.0001482 seconds, Stopping threads took: 0.0000598 seconds
[2915.675s][info ][safepoint    ] Application time: 1.0000956 seconds
[2915.675s][info ][safepoint    ] Entering safepoint region: Cleanup
[2915.675s][info ][safepoint    ] Leaving safepoint region
[2915.675s][info ][safepoint    ] Total time for which application threads were stopped: 0.0001435 seconds, Stopping threads took: 0.0000631 seconds
[2916.624s][info ][safepoint    ] Application time: 0.9494458 seconds
[2916.624s][info ][safepoint    ] Entering safepoint region: GenCollectForAllocation
[2916.624s][info ][gc,start     ] GC(749) Pause Young (Allocation Failure)
[2916.624s][info ][gc,task      ] GC(749) Using 4 workers of 4 for evacuation
[2916.628s][debug][gc,ref       ] GC(749) Skipped phase1 of Reference Processing due to unavailable references
[2916.628s][debug][gc,ref       ] GC(749) Skipped phase2 of Reference Processing due to unavailable references
[2916.628s][debug][gc,ref       ] GC(749) Skipped phase3 of Reference Processing due to unavailable references
[2916.628s][debug][gc,ref       ] GC(749) Skipped phase4 of Reference Processing due to unavailable references
[2916.628s][debug][gc,age       ] GC(749) Desired survivor size 15368192 bytes, new threshold 6 (max threshold 6)
[2916.628s][info ][gc,heap      ] GC(749) ParNew: 243790K->3355K(270336K)
[2916.628s][info ][gc,heap      ] GC(749) CMS: 510201K->510297K(600768K)
[2916.628s][info ][gc,metaspace ] GC(749) Metaspace: 59682K->59682K(1103872K)
[2916.628s][info ][gc           ] GC(749) Pause Young (Allocation Failure) 736M->501M(850M) 3.850ms
[2916.628s][info ][gc,cpu       ] GC(749) User=0.01s Sys=0.00s Real=0.00s
[2916.628s][info ][safepoint    ] Leaving safepoint region
[2916.628s][info ][safepoint    ] Total time for which application threads were stopped: 0.0040209 seconds, Stopping threads took: 0.0000308 seconds
[2917.628s][info ][safepoint    ] Application time: 1.0000930 seconds
[2917.628s][info ][safepoint    ] Entering safepoint region: Cleanup
[2917.628s][info ][safepoint    ] Leaving safepoint region
[2917.628s][info ][safepoint    ] Total time for which application threads were stopped: 0.0000699 seconds, Stopping threads took: 0.0000157 seconds
[2918.629s][info ][safepoint    ] Application time: 1.0000937 seconds
[2918.629s][info ][safepoint    ] Entering safepoint region: Cleanup
[2918.629s][info ][safepoint    ] Leaving safepoint region
[2918.629s][info ][safepoint    ] Total time for which application threads were stopped: 0.0000908 seconds, Stopping threads took: 0.0000158 seconds
[2919.629s][info ][safepoint    ] Application time: 1.0000877 seconds
[2919.629s][info ][safepoint    ] Entering safepoint region: Cleanup
[2919.629s][info ][safepoint    ] Leaving safepoint region
[2919.629s][info ][safepoint    ] Total time for which application threads were stopped: 0.0000867 seconds, Stopping threads took: 0.0000292 seconds
[2919.775s][info ][safepoint    ] Application time: 0.1457293 seconds
[2919.775s][info ][safepoint    ] Entering safepoint region: GenCollectForAllocation
[2919.775s][info ][gc,start     ] GC(750) Pause Young (Allocation Failure)
[2919.775s][info ][gc,task      ] GC(750) Using 4 workers of 4 for evacuation
[2919.778s][debug][gc,ref       ] GC(750) Skipped phase1 of Reference Processing due to unavailable references
[2919.778s][debug][gc,ref       ] GC(750) Skipped phase2 of Reference Processing due to unavailable references
[2919.778s][debug][gc,ref       ] GC(750) Skipped phase3 of Reference Processing due to unavailable references
[2919.778s][debug][gc,ref       ] GC(750) Skipped phase4 of Reference Processing due to unavailable references
[2919.778s][debug][gc,age       ] GC(750) Desired survivor size 15368192 bytes, new threshold 6 (max threshold 6)
[2919.778s][info ][gc,heap      ] GC(750) ParNew: 243675K->2988K(270336K)
[2919.778s][info ][gc,heap      ] GC(750) CMS: 510297K->510574K(600768K)
[2919.778s][info ][gc,metaspace ] GC(750) Metaspace: 59682K->59682K(1103872K)
[2919.778s][info ][gc           ] GC(750) Pause Young (Allocation Failure) 736M->501M(850M) 3.666ms
[2919.778s][info ][gc,cpu       ] GC(750) User=0.01s Sys=0.00s Real=0.00s
[2919.778s][info ][safepoint    ] Leaving safepoint region
[2919.778s][info ][safepoint    ] Total time for which application threads were stopped: 0.0038436 seconds, Stopping threads took: 0.0000276 seconds
[2920.779s][info ][safepoint    ] Application time: 1.0000996 seconds
[2920.779s][info ][safepoint    ] Entering safepoint region: Cleanup
[2920.779s][info ][safepoint    ] Leaving safepoint region
[2920.779s][info ][safepoint    ] Total time for which application threads were stopped: 0.0000870 seconds, Stopping threads took: 0.0000156 seconds
[2921.779s][info ][safepoint    ] Application time: 1.0001646 seconds
[2921.779s][info ][safepoint    ] Entering safepoint region: Cleanup
[2921.779s][info ][safepoint    ] Leaving safepoint region
[2921.779s][info ][safepoint    ] Total time for which application threads were stopped: 0.0000784 seconds, Stopping threads took: 0.0000188 seconds
[2922.658s][info ][safepoint    ] Application time: 0.8786842 seconds
[2922.658s][info ][safepoint    ] Entering safepoint region: GenCollectForAllocation
[2922.658s][info ][gc,start     ] GC(751) Pause Young (Allocation Failure)
[2922.658s][info ][gc,task      ] GC(751) Using 4 workers of 4 for evacuation
[2922.661s][debug][gc,ref       ] GC(751) Skipped phase1 of Reference Processing due to unavailable references
[2922.661s][debug][gc,ref       ] GC(751) Skipped phase2 of Reference Processing due to unavailable references
[2922.661s][debug][gc,ref       ] GC(751) Skipped phase3 of Reference Processing due to unavailable references
[2922.661s][debug][gc,ref       ] GC(751) Skipped phase4 of Reference Processing due to unavailable references
[2922.661s][debug][gc,age       ] GC(751) Desired survivor size 15368192 bytes, new threshold 6 (max threshold 6)
[2922.661s][info ][gc,heap      ] GC(751) ParNew: 243308K->2951K(270336K)
[2922.661s][info ][gc,heap      ] GC(751) CMS: 510574K->510827K(600768K)
[2922.661s][info ][gc,metaspace ] GC(751) Metaspace: 59682K->59682K(1103872K)
[2922.661s][info ][gc           ] GC(751) Pause Young (Allocation Failure) 736M->501M(850M) 3.340ms
[2922.661s][info ][gc,cpu       ] GC(751) User=0.01s Sys=0.00s Real=0.00s
[2922.661s][info ][safepoint    ] Leaving safepoint region
[2922.661s][info ][safepoint    ] Total time for which application threads were stopped: 0.0035113 seconds, Stopping threads took: 0.0000151 seconds
[2923.661s][info ][safepoint    ] Application time: 1.0001075 seconds
[2923.661s][info ][safepoint    ] Entering safepoint region: Cleanup
[2923.662s][info ][safepoint    ] Leaving safepoint region
[2923.662s][info ][safepoint    ] Total time for which application threads were stopped: 0.0001733 seconds, Stopping threads took: 0.0000845 seconds
[2924.662s][info ][safepoint    ] Application time: 1.0000833 seconds
[2924.662s][info ][safepoint    ] Entering safepoint region: Cleanup
[2924.662s][info ][safepoint    ] Leaving safepoint region
[2924.662s][info ][safepoint    ] Total time for which application threads were stopped: 0.0001171 seconds, Stopping threads took: 0.0000475 seconds
[2925.331s][info ][safepoint    ] Application time: 0.6693486 seconds
[2925.331s][info ][safepoint    ] Entering safepoint region: GenCollectForAllocation
[2925.331s][info ][gc,start     ] GC(752) Pause Young (Allocation Failure)
[2925.331s][info ][gc,task      ] GC(752) Using 4 workers of 4 for evacuation
[2925.335s][debug][gc,ref       ] GC(752) Skipped phase1 of Reference Processing due to unavailable references
[2925.335s][debug][gc,ref       ] GC(752) Skipped phase2 of Reference Processing due to unavailable references
[2925.335s][debug][gc,ref       ] GC(752) Skipped phase3 of Reference Processing due to unavailable references
[2925.335s][debug][gc,ref       ] GC(752) Skipped phase4 of Reference Processing due to unavailable references
[2925.335s][debug][gc,age       ] GC(752) Desired survivor size 15368192 bytes, new threshold 6 (max threshold 6)
[2925.335s][info ][gc,heap      ] GC(752) ParNew: 243271K->3337K(270336K)
[2925.335s][info ][gc,heap      ] GC(752) CMS: 510827K->511000K(600768K)
[2925.335s][info ][gc,metaspace ] GC(752) Metaspace: 59682K->59682K(1103872K)
[2925.335s][info ][gc           ] GC(752) Pause Young (Allocation Failure) 736M->502M(850M) 3.523ms
[2925.335s][info ][gc,cpu       ] GC(752) User=0.02s Sys=0.00s Real=0.01s
[2925.335s][info ][safepoint    ] Leaving safepoint region
[2925.335s][info ][safepoint    ] Total time for which application threads were stopped: 0.0036948 seconds, Stopping threads took: 0.0000158 seconds
[2926.335s][info ][safepoint    ] Application time: 1.0000913 seconds
[2926.335s][info ][safepoint    ] Entering safepoint region: Cleanup
[2926.335s][info ][safepoint    ] Leaving safepoint region
[2926.335s][info ][safepoint    ] Total time for which application threads were stopped: 0.0000779 seconds, Stopping threads took: 0.0000175 seconds
[2927.335s][info ][safepoint    ] Application time: 1.0001004 seconds
[2927.335s][info ][safepoint    ] Entering safepoint region: Cleanup
[2927.335s][info ][safepoint    ] Leaving safepoint region
[2927.335s][info ][safepoint    ] Total time for which application threads were stopped: 0.0000948 seconds, Stopping threads took: 0.0000172 seconds
[2928.335s][info ][safepoint    ] Application time: 1.0001083 seconds
[2928.335s][info ][safepoint    ] Entering safepoint region: Cleanup
[2928.336s][info ][safepoint    ] Leaving safepoint region
[2928.336s][info ][safepoint    ] Total time for which application threads were stopped: 0.0000741 seconds, Stopping threads took: 0.0000172 seconds
[2928.658s][info ][safepoint    ] Application time: 0.3227787 seconds
[2928.658s][info ][safepoint    ] Entering safepoint region: GenCollectForAllocation
[2928.659s][info ][gc,start     ] GC(753) Pause Young (Allocation Failure)
[2928.659s][info ][gc,task      ] GC(753) Using 4 workers of 4 for evacuation
[2928.662s][debug][gc,ref       ] GC(753) Skipped phase1 of Reference Processing due to unavailable references
[2928.662s][debug][gc,ref       ] GC(753) Skipped phase2 of Reference Processing due to unavailable references
[2928.662s][debug][gc,ref       ] GC(753) Skipped phase3 of Reference Processing due to unavailable references
[2928.662s][debug][gc,ref       ] GC(753) Skipped phase4 of Reference Processing due to unavailable references
[2928.662s][debug][gc,age       ] GC(753) Desired survivor size 15368192 bytes, new threshold 6 (max threshold 6)
[2928.662s][info ][gc,heap      ] GC(753) ParNew: 243657K->3948K(270336K)
[2928.662s][info ][gc,heap      ] GC(753) CMS: 511000K->511195K(600768K)
[2928.662s][info ][gc,metaspace ] GC(753) Metaspace: 59683K->59683K(1103872K)
[2928.662s][info ][gc           ] GC(753) Pause Young (Allocation Failure) 736M->503M(850M) 3.581ms
[2928.662s][info ][gc,cpu       ] GC(753) User=0.01s Sys=0.00s Real=0.00s
[2928.662s][info ][safepoint    ] Leaving safepoint region
[2928.662s][info ][safepoint    ] Total time for which application threads were stopped: 0.0037968 seconds, Stopping threads took: 0.0000736 seconds
[2929.662s][info ][safepoint    ] Application time: 1.0001009 seconds
[2929.662s][info ][safepoint    ] Entering safepoint region: Cleanup
[2929.663s][info ][safepoint    ] Leaving safepoint region
[2929.663s][info ][safepoint    ] Total time for which application threads were stopped: 0.0002246 seconds, Stopping threads took: 0.0001516 seconds
[2930.663s][info ][safepoint    ] Application time: 1.0000677 seconds
[2930.663s][info ][safepoint    ] Entering safepoint region: Cleanup
[2930.663s][info ][safepoint    ] Leaving safepoint region
[2930.663s][info ][safepoint    ] Total time for which application threads were stopped: 0.0001375 seconds, Stopping threads took: 0.0000638 seconds
[2931.663s][info ][safepoint    ] Application time: 1.0000993 seconds
[2931.663s][info ][safepoint    ] Entering safepoint region: Cleanup
[2931.663s][info ][safepoint    ] Leaving safepoint region
[2931.663s][info ][safepoint    ] Total time for which application threads were stopped: 0.0002257 seconds, Stopping threads took: 0.0001529 seconds
[2931.959s][info ][safepoint    ] Application time: 0.2953368 seconds
[2931.959s][info ][safepoint    ] Entering safepoint region: GenCollectForAllocation
[2931.959s][info ][gc,start     ] GC(754) Pause Young (Allocation Failure)
[2931.959s][info ][gc,task      ] GC(754) Using 4 workers of 4 for evacuation
[2931.962s][debug][gc,ref       ] GC(754) Skipped phase1 of Reference Processing due to unavailable references
[2931.962s][debug][gc,ref       ] GC(754) Skipped phase2 of Reference Processing due to unavailable references
[2931.962s][debug][gc,ref       ] GC(754) Skipped phase3 of Reference Processing due to unavailable references
[2931.962s][debug][gc,ref       ] GC(754) Skipped phase4 of Reference Processing due to unavailable references
[2931.962s][debug][gc,age       ] GC(754) Desired survivor size 15368192 bytes, new threshold 6 (max threshold 6)
[2931.962s][info ][gc,heap      ] GC(754) ParNew: 244268K->4085K(270336K)
[2931.962s][info ][gc,heap      ] GC(754) CMS: 511195K->511409K(600768K)
[2931.962s][info ][gc,metaspace ] GC(754) Metaspace: 59683K->59683K(1103872K)
[2931.962s][info ][gc           ] GC(754) Pause Young (Allocation Failure) 737M->503M(850M) 3.610ms
[2931.962s][info ][gc,cpu       ] GC(754) User=0.02s Sys=0.00s Real=0.00s
[2931.962s][info ][safepoint    ] Leaving safepoint region
[2931.962s][info ][safepoint    ] Total time for which application threads were stopped: 0.0038300 seconds, Stopping threads took: 0.0000517 seconds
[2932.963s][info ][safepoint    ] Application time: 1.0001145 seconds
[2932.963s][info ][safepoint    ] Entering safepoint region: Cleanup
[2932.963s][info ][safepoint    ] Leaving safepoint region
[2932.963s][info ][safepoint    ] Total time for which application threads were stopped: 0.0001116 seconds, Stopping threads took: 0.0000507 seconds
[2933.963s][info ][safepoint    ] Application time: 1.0001026 seconds
[2933.963s][info ][safepoint    ] Entering safepoint region: Cleanup
[2933.963s][info ][safepoint    ] Leaving safepoint region
[2933.963s][info ][safepoint    ] Total time for which application threads were stopped: 0.0001430 seconds, Stopping threads took: 0.0000681 seconds
[2934.963s][info ][safepoint    ] Application time: 1.0001613 seconds
[2934.963s][info ][safepoint    ] Entering safepoint region: Cleanup
[2934.963s][info ][safepoint    ] Leaving safepoint region
[2934.963s][info ][safepoint    ] Total time for which application threads were stopped: 0.0001468 seconds, Stopping threads took: 0.0000720 seconds
[2935.461s][info ][safepoint    ] Application time: 0.4982123 seconds
[2935.462s][info ][safepoint    ] Entering safepoint region: GenCollectForAllocation
[2935.462s][info ][gc,start     ] GC(755) Pause Young (Allocation Failure)
[2935.462s][info ][gc,task      ] GC(755) Using 4 workers of 4 for evacuation
[2935.465s][debug][gc,ref       ] GC(755) Skipped phase1 of Reference Processing due to unavailable references
[2935.465s][debug][gc,ref       ] GC(755) Skipped phase2 of Reference Processing due to unavailable references
[2935.465s][debug][gc,ref       ] GC(755) Skipped phase3 of Reference Processing due to unavailable references
[2935.465s][debug][gc,ref       ] GC(755) Skipped phase4 of Reference Processing due to unavailable references
[2935.465s][debug][gc,age       ] GC(755) Desired survivor size 15368192 bytes, new threshold 6 (max threshold 6)
[2935.465s][info ][gc,heap      ] GC(755) ParNew: 244405K->5132K(270336K)
[2935.465s][info ][gc,heap      ] GC(755) CMS: 511409K->511662K(600768K)
[2935.465s][info ][gc,metaspace ] GC(755) Metaspace: 59683K->59683K(1103872K)
[2935.465s][info ][gc           ] GC(755) Pause Young (Allocation Failure) 738M->504M(850M) 3.566ms
[2935.465s][info ][gc,cpu       ] GC(755) User=0.02s Sys=0.00s Real=0.01s
[2935.465s][info ][safepoint    ] Leaving safepoint region
[2935.465s][info ][safepoint    ] Total time for which application threads were stopped: 0.0037174 seconds, Stopping threads took: 0.0000163 seconds
[2936.465s][info ][safepoint    ] Application time: 1.0000934 seconds
[2936.465s][info ][safepoint    ] Entering safepoint region: Cleanup
[2936.466s][info ][safepoint    ] Leaving safepoint region
[2936.466s][info ][safepoint    ] Total time for which application threads were stopped: 0.0001688 seconds, Stopping threads took: 0.0000841 seconds
[2937.466s][info ][safepoint    ] Application time: 1.0000571 seconds
[2937.466s][info ][safepoint    ] Entering safepoint region: Cleanup
[2937.466s][info ][safepoint    ] Leaving safepoint region
[2937.466s][info ][safepoint    ] Total time for which application threads were stopped: 0.0001538 seconds, Stopping threads took: 0.0000702 seconds
[2938.466s][info ][safepoint    ] Application time: 1.0000974 seconds
[2938.466s][info ][safepoint    ] Entering safepoint region: Cleanup
[2938.466s][info ][safepoint    ] Leaving safepoint region
[2938.466s][info ][safepoint    ] Total time for which application threads were stopped: 0.0001184 seconds, Stopping threads took: 0.0000510 seconds
[2939.009s][info ][safepoint    ] Application time: 0.5427528 seconds
[2939.009s][info ][safepoint    ] Entering safepoint region: GenCollectForAllocation
[2939.009s][info ][gc,start     ] GC(756) Pause Young (Allocation Failure)
[2939.009s][info ][gc,task      ] GC(756) Using 4 workers of 4 for evacuation
[2939.012s][debug][gc,ref       ] GC(756) Skipped phase1 of Reference Processing due to unavailable references
[2939.012s][debug][gc,ref       ] GC(756) Skipped phase2 of Reference Processing due to unavailable references
[2939.012s][debug][gc,ref       ] GC(756) Skipped phase3 of Reference Processing due to unavailable references
[2939.012s][debug][gc,ref       ] GC(756) Skipped phase4 of Reference Processing due to unavailable references
[2939.012s][debug][gc,age       ] GC(756) Desired survivor size 15368192 bytes, new threshold 6 (max threshold 6)
[2939.012s][info ][gc,heap      ] GC(756) ParNew: 245452K->4383K(270336K)
[2939.012s][info ][gc,heap      ] GC(756) CMS: 511662K->511764K(600768K)
[2939.012s][info ][gc,metaspace ] GC(756) Metaspace: 59683K->59683K(1103872K)
[2939.012s][info ][gc           ] GC(756) Pause Young (Allocation Failure) 739M->504M(850M) 3.465ms
[2939.012s][info ][gc,cpu       ] GC(756) User=0.02s Sys=0.00s Real=0.01s
[2939.012s][info ][safepoint    ] Leaving safepoint region
[2939.012s][info ][safepoint    ] Total time for which application threads were stopped: 0.0036653 seconds, Stopping threads took: 0.0000634 seconds
[2940.013s][info ][safepoint    ] Application time: 1.0000997 seconds
[2940.013s][info ][safepoint    ] Entering safepoint region: Cleanup
[2940.013s][info ][safepoint    ] Leaving safepoint region
[2940.013s][info ][safepoint    ] Total time for which application threads were stopped: 0.0001271 seconds, Stopping threads took: 0.0000616 seconds
[2941.013s][info ][safepoint    ] Application time: 1.0000879 seconds
[2941.013s][info ][safepoint    ] Entering safepoint region: Cleanup
[2941.013s][info ][safepoint    ] Leaving safepoint region
[2941.013s][info ][safepoint    ] Total time for which application threads were stopped: 0.0001423 seconds, Stopping threads took: 0.0000694 seconds
[2942.013s][info ][safepoint    ] Application time: 1.0000897 seconds
[2942.013s][info ][safepoint    ] Entering safepoint region: Cleanup
[2942.013s][info ][safepoint    ] Leaving safepoint region
[2942.013s][info ][safepoint    ] Total time for which application threads were stopped: 0.0001510 seconds, Stopping threads took: 0.0000787 seconds
[2942.433s][info ][safepoint    ] Application time: 0.4194213 seconds
[2942.433s][info ][safepoint    ] Entering safepoint region: GenCollectForAllocation
[2942.433s][info ][gc,start     ] GC(757) Pause Young (Allocation Failure)
[2942.433s][info ][gc,task      ] GC(757) Using 4 workers of 4 for evacuation
[2942.437s][debug][gc,ref       ] GC(757) Skipped phase1 of Reference Processing due to unavailable references
[2942.437s][debug][gc,ref       ] GC(757) Skipped phase2 of Reference Processing due to unavailable references
[2942.437s][debug][gc,ref       ] GC(757) Skipped phase3 of Reference Processing due to unavailable references
[2942.437s][debug][gc,ref       ] GC(757) Skipped phase4 of Reference Processing due to unavailable references
[2942.437s][debug][gc,age       ] GC(757) Desired survivor size 15368192 bytes, new threshold 6 (max threshold 6)
[2942.437s][info ][gc,heap      ] GC(757) ParNew: 244703K->4599K(270336K)
[2942.437s][info ][gc,heap      ] GC(757) CMS: 511764K->511934K(600768K)
[2942.437s][info ][gc,metaspace ] GC(757) Metaspace: 59683K->59683K(1103872K)
[2942.437s][info ][gc           ] GC(757) Pause Young (Allocation Failure) 738M->504M(850M) 4.352ms
[2942.437s][info ][gc,cpu       ] GC(757) User=0.02s Sys=0.00s Real=0.00s
[2942.437s][info ][safepoint    ] Leaving safepoint region
[2942.437s][info ][safepoint    ] Total time for which application threads were stopped: 0.0044853 seconds, Stopping threads took: 0.0000143 seconds
[2943.437s][info ][safepoint    ] Application time: 1.0001231 seconds
[2943.437s][info ][safepoint    ] Entering safepoint region: Cleanup
[2943.437s][info ][safepoint    ] Leaving safepoint region
[2943.437s][info ][safepoint    ] Total time for which application threads were stopped: 0.0000697 seconds, Stopping threads took: 0.0000155 seconds
[2944.438s][info ][safepoint    ] Application time: 1.0001013 seconds
[2944.438s][info ][safepoint    ] Entering safepoint region: Cleanup
[2944.438s][info ][safepoint    ] Leaving safepoint region
[2944.438s][info ][safepoint    ] Total time for which application threads were stopped: 0.0000898 seconds, Stopping threads took: 0.0000169 seconds
[2945.438s][info ][safepoint    ] Application time: 1.0000943 seconds
[2945.438s][info ][safepoint    ] Entering safepoint region: Cleanup
[2945.438s][info ][safepoint    ] Leaving safepoint region
[2945.438s][info ][safepoint    ] Total time for which application threads were stopped: 0.0000760 seconds, Stopping threads took: 0.0000161 seconds
[2946.212s][info ][safepoint    ] Application time: 0.7740204 seconds
[2946.212s][info ][safepoint    ] Entering safepoint region: GenCollectForAllocation
[2946.212s][info ][gc,start     ] GC(758) Pause Young (Allocation Failure)
[2946.212s][info ][gc,task      ] GC(758) Using 4 workers of 4 for evacuation
[2946.217s][debug][gc,ref       ] GC(758) Skipped phase1 of Reference Processing due to unavailable references
[2946.217s][debug][gc,ref       ] GC(758) Skipped phase2 of Reference Processing due to unavailable references
[2946.217s][debug][gc,ref       ] GC(758) Skipped phase3 of Reference Processing due to unavailable references
[2946.217s][debug][gc,ref       ] GC(758) Skipped phase4 of Reference Processing due to unavailable references
[2946.217s][debug][gc,age       ] GC(758) Desired survivor size 15368192 bytes, new threshold 6 (max threshold 6)
[2946.217s][info ][gc,heap      ] GC(758) ParNew: 244919K->4987K(270336K)
[2946.217s][info ][gc,heap      ] GC(758) CMS: 511934K->512530K(600768K)
[2946.217s][info ][gc,metaspace ] GC(758) Metaspace: 59683K->59683K(1103872K)
[2946.217s][info ][gc           ] GC(758) Pause Young (Allocation Failure) 739M->505M(850M) 4.698ms
[2946.217s][info ][gc,cpu       ] GC(758) User=0.01s Sys=0.00s Real=0.01s
[2946.217s][info ][safepoint    ] Leaving safepoint region
[2946.217s][info ][safepoint    ] Total time for which application threads were stopped: 0.0048525 seconds, Stopping threads took: 0.0000175 seconds
[2947.217s][info ][safepoint    ] Application time: 1.0001055 seconds
[2947.217s][info ][safepoint    ] Entering safepoint region: Cleanup
[2947.217s][info ][safepoint    ] Leaving safepoint region
[2947.217s][info ][safepoint    ] Total time for which application threads were stopped: 0.0001360 seconds, Stopping threads took: 0.0000643 seconds
[2948.217s][info ][safepoint    ] Application time: 1.0000962 seconds
[2948.217s][info ][safepoint    ] Entering safepoint region: Cleanup
[2948.217s][info ][safepoint    ] Leaving safepoint region
[2948.217s][info ][safepoint    ] Total time for which application threads were stopped: 0.0001030 seconds, Stopping threads took: 0.0000451 seconds
[2949.217s][info ][safepoint    ] Application time: 1.0001154 seconds
[2949.217s][info ][safepoint    ] Entering safepoint region: Cleanup
[2949.218s][info ][safepoint    ] Leaving safepoint region
[2949.218s][info ][safepoint    ] Total time for which application threads were stopped: 0.0000712 seconds, Stopping threads took: 0.0000149 seconds
[2949.911s][info ][safepoint    ] Application time: 0.6934818 seconds
[2949.911s][info ][safepoint    ] Entering safepoint region: GenCollectForAllocation
[2949.911s][info ][gc,start     ] GC(759) Pause Young (Allocation Failure)
[2949.911s][info ][gc,task      ] GC(759) Using 4 workers of 4 for evacuation
[2949.915s][debug][gc,ref       ] GC(759) Skipped phase1 of Reference Processing due to unavailable references
[2949.915s][debug][gc,ref       ] GC(759) Skipped phase2 of Reference Processing due to unavailable references
[2949.915s][debug][gc,ref       ] GC(759) Skipped phase3 of Reference Processing due to unavailable references
[2949.915s][debug][gc,ref       ] GC(759) Skipped phase4 of Reference Processing due to unavailable references
[2949.915s][debug][gc,age       ] GC(759) Desired survivor size 15368192 bytes, new threshold 6 (max threshold 6)
[2949.915s][info ][gc,heap      ] GC(759) ParNew: 245307K->4982K(270336K)
[2949.915s][info ][gc,heap      ] GC(759) CMS: 512530K->512920K(600768K)
[2949.915s][info ][gc,metaspace ] GC(759) Metaspace: 59684K->59684K(1103872K)
[2949.915s][info ][gc           ] GC(759) Pause Young (Allocation Failure) 740M->505M(850M) 4.229ms
[2949.915s][info ][gc,cpu       ] GC(759) User=0.01s Sys=0.00s Real=0.01s
[2949.915s][info ][safepoint    ] Leaving safepoint region
[2949.915s][info ][safepoint    ] Total time for which application threads were stopped: 0.0043927 seconds, Stopping threads took: 0.0000153 seconds
[2950.916s][info ][safepoint    ] Application time: 1.0000610 seconds
[2950.916s][info ][safepoint    ] Entering safepoint region: Cleanup
[2950.916s][info ][safepoint    ] Leaving safepoint region
[2950.916s][info ][safepoint    ] Total time for which application threads were stopped: 0.0001347 seconds, Stopping threads took: 0.0000622 seconds
[2951.916s][info ][safepoint    ] Application time: 1.0001037 seconds
[2951.916s][info ][safepoint    ] Entering safepoint region: Cleanup
[2951.916s][info ][safepoint    ] Leaving safepoint region
[2951.916s][info ][safepoint    ] Total time for which application threads were stopped: 0.0000867 seconds, Stopping threads took: 0.0000162 seconds
[2952.916s][info ][safepoint    ] Application time: 1.0000874 seconds
[2952.916s][info ][safepoint    ] Entering safepoint region: Cleanup
[2952.916s][info ][safepoint    ] Leaving safepoint region
[2952.916s][info ][safepoint    ] Total time for which application threads were stopped: 0.0000865 seconds, Stopping threads took: 0.0000167 seconds
[2953.916s][info ][safepoint    ] Application time: 1.0001167 seconds
[2953.916s][info ][safepoint    ] Entering safepoint region: Cleanup
[2953.916s][info ][safepoint    ] Leaving safepoint region
[2953.916s][info ][safepoint    ] Total time for which application threads were stopped: 0.0000993 seconds, Stopping threads took: 0.0000203 seconds
[2953.951s][info ][safepoint    ] Application time: 0.0343730 seconds
[2953.951s][info ][safepoint    ] Entering safepoint region: GenCollectForAllocation
[2953.951s][info ][gc,start     ] GC(760) Pause Young (Allocation Failure)
[2953.951s][info ][gc,task      ] GC(760) Using 4 workers of 4 for evacuation
[2953.954s][debug][gc,ref       ] GC(760) Skipped phase1 of Reference Processing due to unavailable references
[2953.954s][debug][gc,ref       ] GC(760) Skipped phase2 of Reference Processing due to unavailable references
[2953.954s][debug][gc,ref       ] GC(760) Skipped phase3 of Reference Processing due to unavailable references
[2953.954s][debug][gc,ref       ] GC(760) Skipped phase4 of Reference Processing due to unavailable references
[2953.955s][debug][gc,age       ] GC(760) Desired survivor size 15368192 bytes, new threshold 6 (max threshold 6)
[2953.955s][info ][gc,heap      ] GC(760) ParNew: 245302K->4462K(270336K)
[2953.955s][info ][gc,heap      ] GC(760) CMS: 512920K->513162K(600768K)
[2953.955s][info ][gc,metaspace ] GC(760) Metaspace: 59685K->59685K(1103872K)
[2953.955s][info ][gc           ] GC(760) Pause Young (Allocation Failure) 740M->505M(850M) 3.632ms
[2953.955s][info ][gc,cpu       ] GC(760) User=0.01s Sys=0.00s Real=0.01s
[2953.955s][info ][safepoint    ] Leaving safepoint region
[2953.955s][info ][safepoint    ] Total time for which application threads were stopped: 0.0038093 seconds, Stopping threads took: 0.0000422 seconds
[2954.955s][info ][safepoint    ] Application time: 1.0001143 seconds
[2954.955s][info ][safepoint    ] Entering safepoint region: Cleanup
[2954.955s][info ][safepoint    ] Leaving safepoint region
[2954.955s][info ][safepoint    ] Total time for which application threads were stopped: 0.0000694 seconds, Stopping threads took: 0.0000140 seconds
[2955.955s][info ][safepoint    ] Application time: 1.0000615 seconds
[2955.955s][info ][safepoint    ] Entering safepoint region: Cleanup
[2955.955s][info ][safepoint    ] Leaving safepoint region
[2955.955s][info ][safepoint    ] Total time for which application threads were stopped: 0.0000779 seconds, Stopping threads took: 0.0000147 seconds
[2956.955s][info ][safepoint    ] Application time: 1.0001059 seconds
[2956.955s][info ][safepoint    ] Entering safepoint region: Cleanup
[2956.955s][info ][safepoint    ] Leaving safepoint region
[2956.955s][info ][safepoint    ] Total time for which application threads were stopped: 0.0000723 seconds, Stopping threads took: 0.0000156 seconds
[2957.909s][info ][safepoint    ] Application time: 0.9537393 seconds
[2957.909s][info ][safepoint    ] Entering safepoint region: GenCollectForAllocation
[2957.909s][info ][gc,start     ] GC(761) Pause Young (Allocation Failure)
[2957.909s][info ][gc,task      ] GC(761) Using 4 workers of 4 for evacuation
[2957.913s][debug][gc,ref       ] GC(761) Skipped phase1 of Reference Processing due to unavailable references
[2957.913s][debug][gc,ref       ] GC(761) Skipped phase2 of Reference Processing due to unavailable references
[2957.913s][debug][gc,ref       ] GC(761) Skipped phase3 of Reference Processing due to unavailable references
[2957.913s][debug][gc,ref       ] GC(761) Skipped phase4 of Reference Processing due to unavailable references
[2957.913s][debug][gc,age       ] GC(761) Desired survivor size 15368192 bytes, new threshold 6 (max threshold 6)
[2957.913s][info ][gc,heap      ] GC(761) ParNew: 244782K->4610K(270336K)
[2957.913s][info ][gc,heap      ] GC(761) CMS: 513162K->513385K(600768K)
[2957.913s][info ][gc,metaspace ] GC(761) Metaspace: 59685K->59685K(1103872K)
[2957.913s][info ][gc           ] GC(761) Pause Young (Allocation Failure) 740M->505M(850M) 3.586ms
[2957.913s][info ][gc,cpu       ] GC(761) User=0.01s Sys=0.00s Real=0.01s
[2957.913s][info ][safepoint    ] Leaving safepoint region
[2957.913s][info ][safepoint    ] Total time for which application threads were stopped: 0.0037499 seconds, Stopping threads took: 0.0000148 seconds
[2958.913s][info ][safepoint    ] Application time: 1.0001034 seconds
[2958.913s][info ][safepoint    ] Entering safepoint region: Cleanup
[2958.913s][info ][safepoint    ] Leaving safepoint region
[2958.913s][info ][safepoint    ] Total time for which application threads were stopped: 0.0001458 seconds, Stopping threads took: 0.0000703 seconds
[2959.913s][info ][safepoint    ] Application time: 1.0001180 seconds
[2959.913s][info ][safepoint    ] Entering safepoint region: Cleanup
[2959.913s][info ][safepoint    ] Leaving safepoint region
[2959.913s][info ][safepoint    ] Total time for which application threads were stopped: 0.0001456 seconds, Stopping threads took: 0.0000668 seconds
[2960.913s][info ][safepoint    ] Application time: 1.0001010 seconds
[2960.914s][info ][safepoint    ] Entering safepoint region: Cleanup
[2960.914s][info ][safepoint    ] Leaving safepoint region
[2960.914s][info ][safepoint    ] Total time for which application threads were stopped: 0.0002034 seconds, Stopping threads took: 0.0000718 seconds
[2961.810s][info ][safepoint    ] Application time: 0.8964678 seconds
[2961.810s][info ][safepoint    ] Entering safepoint region: GenCollectForAllocation
[2961.810s][info ][gc,start     ] GC(762) Pause Young (Allocation Failure)
[2961.810s][info ][gc,task      ] GC(762) Using 4 workers of 4 for evacuation
[2961.814s][debug][gc,ref       ] GC(762) Skipped phase1 of Reference Processing due to unavailable references
[2961.814s][debug][gc,ref       ] GC(762) Skipped phase2 of Reference Processing due to unavailable references
[2961.814s][debug][gc,ref       ] GC(762) Skipped phase3 of Reference Processing due to unavailable references
[2961.814s][debug][gc,ref       ] GC(762) Skipped phase4 of Reference Processing due to unavailable references
[2961.814s][debug][gc,age       ] GC(762) Desired survivor size 15368192 bytes, new threshold 6 (max threshold 6)
[2961.814s][info ][gc,heap      ] GC(762) ParNew: 244930K->5091K(270336K)
[2961.814s][info ][gc,heap      ] GC(762) CMS: 513385K->513557K(600768K)
[2961.814s][info ][gc,metaspace ] GC(762) Metaspace: 59685K->59685K(1103872K)
[2961.814s][info ][gc           ] GC(762) Pause Young (Allocation Failure) 740M->506M(850M) 3.983ms
[2961.814s][info ][gc,cpu       ] GC(762) User=0.01s Sys=0.00s Real=0.01s
[2961.814s][info ][safepoint    ] Leaving safepoint region
[2961.814s][info ][safepoint    ] Total time for which application threads were stopped: 0.0041685 seconds, Stopping threads took: 0.0000152 seconds
[2962.815s][info ][safepoint    ] Application time: 1.0001167 seconds
[2962.815s][info ][safepoint    ] Entering safepoint region: Cleanup
[2962.815s][info ][safepoint    ] Leaving safepoint region
[2962.815s][info ][safepoint    ] Total time for which application threads were stopped: 0.0002008 seconds, Stopping threads took: 0.0001035 seconds
[2963.815s][info ][safepoint    ] Application time: 1.0000968 seconds
[2963.815s][info ][safepoint    ] Entering safepoint region: Cleanup
[2963.815s][info ][safepoint    ] Leaving safepoint region
[2963.815s][info ][safepoint    ] Total time for which application threads were stopped: 0.0002737 seconds, Stopping threads took: 0.0002017 seconds
[2964.815s][info ][safepoint    ] Application time: 1.0000951 seconds
[2964.815s][info ][safepoint    ] Entering safepoint region: Cleanup
[2964.815s][info ][safepoint    ] Leaving safepoint region
[2964.815s][info ][safepoint    ] Total time for which application threads were stopped: 0.0001461 seconds, Stopping threads took: 0.0000621 seconds
[2965.262s][info ][safepoint    ] Application time: 0.4466597 seconds
[2965.262s][info ][safepoint    ] Entering safepoint region: GenCollectForAllocation
[2965.262s][info ][gc,start     ] GC(763) Pause Young (Allocation Failure)
[2965.262s][info ][gc,task      ] GC(763) Using 4 workers of 4 for evacuation
[2965.267s][debug][gc,ref       ] GC(763) Skipped phase1 of Reference Processing due to unavailable references
[2965.267s][debug][gc,ref       ] GC(763) Skipped phase2 of Reference Processing due to unavailable references
[2965.267s][debug][gc,ref       ] GC(763) Skipped phase3 of Reference Processing due to unavailable references
[2965.267s][debug][gc,ref       ] GC(763) Skipped phase4 of Reference Processing due to unavailable references
[2965.267s][debug][gc,age       ] GC(763) Desired survivor size 15368192 bytes, new threshold 6 (max threshold 6)
[2965.267s][info ][gc,heap      ] GC(763) ParNew: 245411K->3735K(270336K)
[2965.267s][info ][gc,heap      ] GC(763) CMS: 513557K->514524K(600768K)
[2965.267s][info ][gc,metaspace ] GC(763) Metaspace: 59686K->59686K(1103872K)
[2965.267s][info ][gc           ] GC(763) Pause Young (Allocation Failure) 741M->506M(850M) 4.976ms
[2965.267s][info ][gc,cpu       ] GC(763) User=0.01s Sys=0.00s Real=0.01s
[2965.267s][info ][safepoint    ] Leaving safepoint region
[2965.267s][info ][safepoint    ] Total time for which application threads were stopped: 0.0051346 seconds, Stopping threads took: 0.0000147 seconds
[2966.267s][info ][safepoint    ] Application time: 1.0001529 seconds
[2966.267s][info ][safepoint    ] Entering safepoint region: Cleanup
[2966.268s][info ][safepoint    ] Leaving safepoint region
[2966.268s][info ][safepoint    ] Total time for which application threads were stopped: 0.0000719 seconds, Stopping threads took: 0.0000147 seconds
[2967.268s][info ][safepoint    ] Application time: 1.0000964 seconds
[2967.268s][info ][safepoint    ] Entering safepoint region: Cleanup
[2967.268s][info ][safepoint    ] Leaving safepoint region
[2967.268s][info ][safepoint    ] Total time for which application threads were stopped: 0.0000811 seconds, Stopping threads took: 0.0000162 seconds
[2968.268s][info ][safepoint    ] Application time: 1.0001924 seconds
[2968.268s][info ][safepoint    ] Entering safepoint region: Cleanup
[2968.268s][info ][safepoint    ] Leaving safepoint region
[2968.268s][info ][safepoint    ] Total time for which application threads were stopped: 0.0000973 seconds, Stopping threads took: 0.0000188 seconds
[2968.858s][info ][safepoint    ] Application time: 0.5902979 seconds
[2968.858s][info ][safepoint    ] Entering safepoint region: GenCollectForAllocation
[2968.859s][info ][gc,start     ] GC(764) Pause Young (Allocation Failure)
[2968.859s][info ][gc,task      ] GC(764) Using 4 workers of 4 for evacuation
[2968.862s][debug][gc,ref       ] GC(764) Skipped phase1 of Reference Processing due to unavailable references
[2968.862s][debug][gc,ref       ] GC(764) Skipped phase2 of Reference Processing due to unavailable references
[2968.862s][debug][gc,ref       ] GC(764) Skipped phase3 of Reference Processing due to unavailable references
[2968.862s][debug][gc,ref       ] GC(764) Skipped phase4 of Reference Processing due to unavailable references
[2968.862s][debug][gc,age       ] GC(764) Desired survivor size 15368192 bytes, new threshold 6 (max threshold 6)
[2968.862s][info ][gc,heap      ] GC(764) ParNew: 244055K->4077K(270336K)
[2968.862s][info ][gc,heap      ] GC(764) CMS: 514524K->514753K(600768K)
[2968.862s][info ][gc,metaspace ] GC(764) Metaspace: 59687K->59687K(1103872K)
[2968.862s][info ][gc           ] GC(764) Pause Young (Allocation Failure) 740M->506M(850M) 3.428ms
[2968.862s][info ][gc,cpu       ] GC(764) User=0.01s Sys=0.00s Real=0.00s
[2968.862s][info ][safepoint    ] Leaving safepoint region
[2968.862s][info ][safepoint    ] Total time for which application threads were stopped: 0.0035937 seconds, Stopping threads took: 0.0000153 seconds
[2969.862s][info ][safepoint    ] Application time: 1.0000917 seconds
[2969.862s][info ][safepoint    ] Entering safepoint region: Cleanup
[2969.862s][info ][safepoint    ] Leaving safepoint region
[2969.862s][info ][safepoint    ] Total time for which application threads were stopped: 0.0001212 seconds, Stopping threads took: 0.0000531 seconds
[2970.862s][info ][safepoint    ] Application time: 1.0000807 seconds
[2970.862s][info ][safepoint    ] Entering safepoint region: Cleanup
[2970.863s][info ][safepoint    ] Leaving safepoint region
[2970.863s][info ][safepoint    ] Total time for which application threads were stopped: 0.0001613 seconds, Stopping threads took: 0.0000757 seconds
[2971.863s][info ][safepoint    ] Application time: 1.0001184 seconds
[2971.871s][info ][safepoint    ] Entering safepoint region: Cleanup
[2971.871s][info ][safepoint    ] Leaving safepoint region
[2971.871s][info ][safepoint    ] Total time for which application threads were stopped: 0.0079743 seconds, Stopping threads took: 0.0079005 seconds
[2972.716s][info ][safepoint    ] Application time: 0.8452565 seconds
[2972.716s][info ][safepoint    ] Entering safepoint region: GenCollectForAllocation
[2972.716s][info ][gc,start     ] GC(765) Pause Young (Allocation Failure)
[2972.716s][info ][gc,task      ] GC(765) Using 4 workers of 4 for evacuation
[2972.719s][debug][gc,ref       ] GC(765) Skipped phase1 of Reference Processing due to unavailable references
[2972.719s][debug][gc,ref       ] GC(765) Skipped phase2 of Reference Processing due to unavailable references
[2972.719s][debug][gc,ref       ] GC(765) Skipped phase3 of Reference Processing due to unavailable references
[2972.719s][debug][gc,ref       ] GC(765) Skipped phase4 of Reference Processing due to unavailable references
[2972.720s][debug][gc,age       ] GC(765) Desired survivor size 15368192 bytes, new threshold 6 (max threshold 6)
[2972.720s][info ][gc,heap      ] GC(765) ParNew: 244397K->2716K(270336K)
[2972.720s][info ][gc,heap      ] GC(765) CMS: 514753K->516342K(600768K)
[2972.720s][info ][gc,metaspace ] GC(765) Metaspace: 59687K->59687K(1103872K)
[2972.720s][info ][gc           ] GC(765) Pause Young (Allocation Failure) 741M->506M(850M) 3.475ms
[2972.720s][info ][gc,cpu       ] GC(765) User=0.01s Sys=0.00s Real=0.00s
[2972.720s][info ][safepoint    ] Leaving safepoint region
[2972.720s][info ][safepoint    ] Total time for which application threads were stopped: 0.0036511 seconds, Stopping threads took: 0.0000162 seconds
[2973.720s][info ][safepoint    ] Application time: 1.0001031 seconds
[2973.720s][info ][safepoint    ] Entering safepoint region: Cleanup
[2973.720s][info ][safepoint    ] Leaving safepoint region
[2973.720s][info ][safepoint    ] Total time for which application threads were stopped: 0.0000701 seconds, Stopping threads took: 0.0000160 seconds
[2974.720s][info ][safepoint    ] Application time: 1.0001024 seconds
[2974.720s][info ][safepoint    ] Entering safepoint region: Cleanup
[2974.720s][info ][safepoint    ] Leaving safepoint region
[2974.720s][info ][safepoint    ] Total time for which application threads were stopped: 0.0000738 seconds, Stopping threads took: 0.0000166 seconds
[2975.720s][info ][safepoint    ] Application time: 1.0000673 seconds
[2975.720s][info ][safepoint    ] Entering safepoint region: Cleanup
[2975.720s][info ][safepoint    ] Leaving safepoint region
[2975.720s][info ][safepoint    ] Total time for which application threads were stopped: 0.0001863 seconds, Stopping threads took: 0.0000819 seconds
[2976.660s][info ][safepoint    ] Application time: 0.9397896 seconds
[2976.660s][info ][safepoint    ] Entering safepoint region: GenCollectForAllocation
[2976.660s][info ][gc,start     ] GC(766) Pause Young (Allocation Failure)
[2976.660s][info ][gc,task      ] GC(766) Using 4 workers of 4 for evacuation
[2976.664s][debug][gc,ref       ] GC(766) Skipped phase1 of Reference Processing due to unavailable references
[2976.664s][debug][gc,ref       ] GC(766) Skipped phase2 of Reference Processing due to unavailable references
[2976.664s][debug][gc,ref       ] GC(766) Skipped phase3 of Reference Processing due to unavailable references
[2976.664s][debug][gc,ref       ] GC(766) Skipped phase4 of Reference Processing due to unavailable references
[2976.664s][debug][gc,age       ] GC(766) Desired survivor size 15368192 bytes, new threshold 6 (max threshold 6)
[2976.664s][info ][gc,heap      ] GC(766) ParNew: 243036K->2355K(270336K)
[2976.664s][info ][gc,heap      ] GC(766) CMS: 516342K->516381K(600768K)
[2976.664s][info ][gc,metaspace ] GC(766) Metaspace: 59690K->59690K(1103872K)
[2976.664s][info ][gc           ] GC(766) Pause Young (Allocation Failure) 741M->506M(850M) 3.967ms
[2976.664s][info ][gc,cpu       ] GC(766) User=0.01s Sys=0.00s Real=0.01s
[2976.664s][info ][safepoint    ] Leaving safepoint region
[2976.664s][info ][safepoint    ] Total time for which application threads were stopped: 0.0041232 seconds, Stopping threads took: 0.0000147 seconds
[2977.664s][info ][safepoint    ] Application time: 1.0000906 seconds
[2977.664s][info ][safepoint    ] Entering safepoint region: Cleanup
[2977.665s][info ][safepoint    ] Leaving safepoint region
[2977.665s][info ][safepoint    ] Total time for which application threads were stopped: 0.0001305 seconds, Stopping threads took: 0.0000613 seconds
[2978.665s][info ][safepoint    ] Application time: 1.0000996 seconds
[2978.665s][info ][safepoint    ] Entering safepoint region: Cleanup
[2978.665s][info ][safepoint    ] Leaving safepoint region
[2978.665s][info ][safepoint    ] Total time for which application threads were stopped: 0.0001285 seconds, Stopping threads took: 0.0000623 seconds
[2979.665s][info ][safepoint    ] Application time: 1.0001001 seconds
[2979.665s][info ][safepoint    ] Entering safepoint region: Cleanup
[2979.665s][info ][safepoint    ] Leaving safepoint region
[2979.665s][info ][safepoint    ] Total time for which application threads were stopped: 0.0001173 seconds, Stopping threads took: 0.0000473 seconds
[2980.615s][info ][safepoint    ] Application time: 0.9504021 seconds
[2980.616s][info ][safepoint    ] Entering safepoint region: GenCollectForAllocation
[2980.616s][info ][gc,start     ] GC(767) Pause Young (Allocation Failure)
[2980.616s][info ][gc,task      ] GC(767) Using 4 workers of 4 for evacuation
[2980.618s][debug][gc,ref       ] GC(767) Skipped phase1 of Reference Processing due to unavailable references
[2980.618s][debug][gc,ref       ] GC(767) Skipped phase2 of Reference Processing due to unavailable references
[2980.618s][debug][gc,ref       ] GC(767) Skipped phase3 of Reference Processing due to unavailable references
[2980.618s][debug][gc,ref       ] GC(767) Skipped phase4 of Reference Processing due to unavailable references
[2980.619s][debug][gc,age       ] GC(767) Desired survivor size 15368192 bytes, new threshold 6 (max threshold 6)
[2980.619s][info ][gc,heap      ] GC(767) ParNew: 242675K->2319K(270336K)
[2980.619s][info ][gc,heap      ] GC(767) CMS: 516381K->516403K(600768K)
[2980.619s][info ][gc,metaspace ] GC(767) Metaspace: 59697K->59697K(1103872K)
[2980.619s][info ][gc           ] GC(767) Pause Young (Allocation Failure) 741M->506M(850M) 2.953ms
[2980.619s][info ][gc,cpu       ] GC(767) User=0.01s Sys=0.00s Real=0.00s
[2980.619s][info ][safepoint    ] Leaving safepoint region
[2980.619s][info ][safepoint    ] Total time for which application threads were stopped: 0.0031151 seconds, Stopping threads took: 0.0000150 seconds
[2981.619s][info ][safepoint    ] Application time: 1.0001011 seconds
[2981.619s][info ][safepoint    ] Entering safepoint region: Cleanup
[2981.619s][info ][safepoint    ] Leaving safepoint region
[2981.619s][info ][safepoint    ] Total time for which application threads were stopped: 0.0000704 seconds, Stopping threads took: 0.0000154 seconds
[2982.619s][info ][safepoint    ] Application time: 1.0000901 seconds
[2982.619s][info ][safepoint    ] Entering safepoint region: Cleanup
[2982.619s][info ][safepoint    ] Leaving safepoint region
[2982.619s][info ][safepoint    ] Total time for which application threads were stopped: 0.0001080 seconds, Stopping threads took: 0.0000299 seconds
[2983.619s][info ][safepoint    ] Application time: 1.0000841 seconds
[2983.619s][info ][safepoint    ] Entering safepoint region: Cleanup
[2983.619s][info ][safepoint    ] Leaving safepoint region
[2983.619s][info ][safepoint    ] Total time for which application threads were stopped: 0.0000757 seconds, Stopping threads took: 0.0000187 seconds
[2984.459s][info ][safepoint    ] Application time: 0.8401796 seconds
[2984.460s][info ][safepoint    ] Entering safepoint region: GenCollectForAllocation
[2984.460s][info ][gc,start     ] GC(768) Pause Young (Allocation Failure)
[2984.460s][info ][gc,task      ] GC(768) Using 4 workers of 4 for evacuation
[2984.464s][debug][gc,ref       ] GC(768) Skipped phase1 of Reference Processing due to unavailable references
[2984.464s][debug][gc,ref       ] GC(768) Skipped phase2 of Reference Processing due to unavailable references
[2984.464s][debug][gc,ref       ] GC(768) Skipped phase3 of Reference Processing due to unavailable references
[2984.464s][debug][gc,ref       ] GC(768) Skipped phase4 of Reference Processing due to unavailable references
[2984.464s][debug][gc,age       ] GC(768) Desired survivor size 15368192 bytes, new threshold 6 (max threshold 6)
[2984.464s][info ][gc,heap      ] GC(768) ParNew: 242639K->2097K(270336K)
[2984.464s][info ][gc,heap      ] GC(768) CMS: 516403K->517026K(600768K)
[2984.464s][info ][gc,metaspace ] GC(768) Metaspace: 59697K->59697K(1103872K)
[2984.464s][info ][gc           ] GC(768) Pause Young (Allocation Failure) 741M->506M(850M) 4.417ms
[2984.464s][info ][gc,cpu       ] GC(768) User=0.01s Sys=0.00s Real=0.00s
[2984.464s][info ][safepoint    ] Leaving safepoint region
[2984.464s][info ][safepoint    ] Total time for which application threads were stopped: 0.0046459 seconds, Stopping threads took: 0.0000676 seconds
[2985.464s][info ][safepoint    ] Application time: 1.0000974 seconds
[2985.464s][info ][safepoint    ] Entering safepoint region: Cleanup
[2985.464s][info ][safepoint    ] Leaving safepoint region
[2985.464s][info ][safepoint    ] Total time for which application threads were stopped: 0.0001288 seconds, Stopping threads took: 0.0000568 seconds
[2986.465s][info ][safepoint    ] Application time: 1.0001616 seconds
[2986.465s][info ][safepoint    ] Entering safepoint region: Cleanup
[2986.465s][info ][safepoint    ] Leaving safepoint region
[2986.465s][info ][safepoint    ] Total time for which application threads were stopped: 0.0001382 seconds, Stopping threads took: 0.0000676 seconds
[2987.465s][info ][safepoint    ] Application time: 1.0001548 seconds
[2987.465s][info ][safepoint    ] Entering safepoint region: Cleanup
[2987.465s][info ][safepoint    ] Leaving safepoint region
[2987.465s][info ][safepoint    ] Total time for which application threads were stopped: 0.0001360 seconds, Stopping threads took: 0.0000592 seconds
[2988.465s][info ][safepoint    ] Application time: 1.0000937 seconds
[2988.465s][info ][safepoint    ] Entering safepoint region: Cleanup
[2988.465s][info ][safepoint    ] Leaving safepoint region
[2988.465s][info ][safepoint    ] Total time for which application threads were stopped: 0.0001295 seconds, Stopping threads took: 0.0000580 seconds
[2988.562s][info ][safepoint    ] Application time: 0.0970866 seconds
[2988.562s][info ][safepoint    ] Entering safepoint region: GenCollectForAllocation
[2988.563s][info ][gc,start     ] GC(769) Pause Young (Allocation Failure)
[2988.563s][info ][gc,task      ] GC(769) Using 4 workers of 4 for evacuation
[2988.566s][debug][gc,ref       ] GC(769) Skipped phase1 of Reference Processing due to unavailable references
[2988.566s][debug][gc,ref       ] GC(769) Skipped phase2 of Reference Processing due to unavailable references
[2988.566s][debug][gc,ref       ] GC(769) Skipped phase3 of Reference Processing due to unavailable references
[2988.566s][debug][gc,ref       ] GC(769) Skipped phase4 of Reference Processing due to unavailable references
[2988.566s][debug][gc,age       ] GC(769) Desired survivor size 15368192 bytes, new threshold 6 (max threshold 6)
[2988.566s][info ][gc,heap      ] GC(769) ParNew: 242417K->2281K(270336K)
[2988.566s][info ][gc,heap      ] GC(769) CMS: 517026K->517239K(600768K)
[2988.566s][info ][gc,metaspace ] GC(769) Metaspace: 59697K->59697K(1103872K)
[2988.566s][info ][gc           ] GC(769) Pause Young (Allocation Failure) 741M->507M(850M) 3.176ms
[2988.566s][info ][gc,cpu       ] GC(769) User=0.01s Sys=0.00s Real=0.01s
[2988.566s][info ][safepoint    ] Leaving safepoint region
[2988.566s][info ][safepoint    ] Total time for which application threads were stopped: 0.0033423 seconds, Stopping threads took: 0.0000305 seconds
[2989.566s][info ][safepoint    ] Application time: 1.0000921 seconds
[2989.566s][info ][safepoint    ] Entering safepoint region: Cleanup
[2989.566s][info ][safepoint    ] Leaving safepoint region
[2989.566s][info ][safepoint    ] Total time for which application threads were stopped: 0.0000783 seconds, Stopping threads took: 0.0000174 seconds
[2990.566s][info ][safepoint    ] Application time: 1.0000905 seconds
[2990.566s][info ][safepoint    ] Entering safepoint region: Cleanup
[2990.566s][info ][safepoint    ] Leaving safepoint region
[2990.566s][info ][safepoint    ] Total time for which application threads were stopped: 0.0001480 seconds, Stopping threads took: 0.0000746 seconds
[2991.566s][info ][safepoint    ] Application time: 1.0001628 seconds
[2991.567s][info ][safepoint    ] Entering safepoint region: Cleanup
[2991.567s][info ][safepoint    ] Leaving safepoint region
[2991.567s][info ][safepoint    ] Total time for which application threads were stopped: 0.0001261 seconds, Stopping threads took: 0.0000405 seconds
[2992.567s][info ][safepoint    ] Application time: 1.0000920 seconds
[2992.567s][info ][safepoint    ] Entering safepoint region: Cleanup
[2992.567s][info ][safepoint    ] Leaving safepoint region
[2992.567s][info ][safepoint    ] Total time for which application threads were stopped: 0.0000853 seconds, Stopping threads took: 0.0000145 seconds
[2992.611s][info ][safepoint    ] Application time: 0.0440594 seconds
[2992.611s][info ][safepoint    ] Entering safepoint region: GenCollectForAllocation
[2992.611s][info ][gc,start     ] GC(770) Pause Young (Allocation Failure)
[2992.611s][info ][gc,task      ] GC(770) Using 4 workers of 4 for evacuation
[2992.614s][debug][gc,ref       ] GC(770) Skipped phase1 of Reference Processing due to unavailable references
[2992.614s][debug][gc,ref       ] GC(770) Skipped phase2 of Reference Processing due to unavailable references
[2992.614s][debug][gc,ref       ] GC(770) Skipped phase3 of Reference Processing due to unavailable references
[2992.614s][debug][gc,ref       ] GC(770) Skipped phase4 of Reference Processing due to unavailable references
[2992.614s][debug][gc,age       ] GC(770) Desired survivor size 15368192 bytes, new threshold 6 (max threshold 6)
[2992.614s][info ][gc,heap      ] GC(770) ParNew: 242601K->1638K(270336K)
[2992.614s][info ][gc,heap      ] GC(770) CMS: 517239K->517343K(600768K)
[2992.614s][info ][gc,metaspace ] GC(770) Metaspace: 59697K->59697K(1103872K)
[2992.614s][info ][gc           ] GC(770) Pause Young (Allocation Failure) 742M->506M(850M) 2.800ms
[2992.614s][info ][gc,cpu       ] GC(770) User=0.01s Sys=0.00s Real=0.01s
[2992.614s][info ][safepoint    ] Leaving safepoint region
[2992.614s][info ][safepoint    ] Total time for which application threads were stopped: 0.0029547 seconds, Stopping threads took: 0.0000154 seconds
[2993.614s][info ][safepoint    ] Application time: 1.0001037 seconds
[2993.614s][info ][safepoint    ] Entering safepoint region: Cleanup
[2993.614s][info ][safepoint    ] Leaving safepoint region
[2993.614s][info ][safepoint    ] Total time for which application threads were stopped: 0.0001125 seconds, Stopping threads took: 0.0000455 seconds
[2994.614s][info ][safepoint    ] Application time: 1.0000943 seconds
[2994.614s][info ][safepoint    ] Entering safepoint region: Cleanup
[2994.614s][info ][safepoint    ] Leaving safepoint region
[2994.614s][info ][safepoint    ] Total time for which application threads were stopped: 0.0001364 seconds, Stopping threads took: 0.0000673 seconds
[2995.615s][info ][safepoint    ] Application time: 1.0001097 seconds
[2995.615s][info ][safepoint    ] Entering safepoint region: Cleanup
[2995.615s][info ][safepoint    ] Leaving safepoint region
[2995.615s][info ][safepoint    ] Total time for which application threads were stopped: 0.0002403 seconds, Stopping threads took: 0.0001135 seconds
[2996.308s][info ][safepoint    ] Application time: 0.6936387 seconds
[2996.309s][info ][safepoint    ] Entering safepoint region: GenCollectForAllocation
[2996.309s][info ][gc,start     ] GC(771) Pause Young (Allocation Failure)
[2996.309s][info ][gc,task      ] GC(771) Using 4 workers of 4 for evacuation
[2996.312s][debug][gc,ref       ] GC(771) Skipped phase1 of Reference Processing due to unavailable references
[2996.312s][debug][gc,ref       ] GC(771) Skipped phase2 of Reference Processing due to unavailable references
[2996.312s][debug][gc,ref       ] GC(771) Skipped phase3 of Reference Processing due to unavailable references
[2996.312s][debug][gc,ref       ] GC(771) Skipped phase4 of Reference Processing due to unavailable references
[2996.312s][debug][gc,age       ] GC(771) Desired survivor size 15368192 bytes, new threshold 6 (max threshold 6)
[2996.312s][info ][gc,heap      ] GC(771) ParNew: 241958K->3184K(270336K)
[2996.312s][info ][gc,heap      ] GC(771) CMS: 517343K->517458K(600768K)
[2996.312s][info ][gc,metaspace ] GC(771) Metaspace: 59697K->59697K(1103872K)
[2996.312s][info ][gc           ] GC(771) Pause Young (Allocation Failure) 741M->508M(850M) 3.157ms
[2996.312s][info ][gc,cpu       ] GC(771) User=0.01s Sys=0.00s Real=0.00s
[2996.312s][info ][safepoint    ] Leaving safepoint region
[2996.312s][info ][safepoint    ] Total time for which application threads were stopped: 0.0033409 seconds, Stopping threads took: 0.0000489 seconds
[2997.312s][info ][safepoint    ] Application time: 1.0001040 seconds
[2997.312s][info ][safepoint    ] Entering safepoint region: Cleanup
[2997.312s][info ][safepoint    ] Leaving safepoint region
[2997.312s][info ][safepoint    ] Total time for which application threads were stopped: 0.0001558 seconds, Stopping threads took: 0.0000609 seconds
[2999.967s][info ][safepoint    ] Application time: 2.6552694 seconds
[2999.967s][info ][safepoint    ] Entering safepoint region: GenCollectForAllocation
[2999.968s][info ][gc,start     ] GC(772) Pause Young (Allocation Failure)
[2999.968s][info ][gc,task      ] GC(772) Using 4 workers of 4 for evacuation
[2999.971s][debug][gc,ref       ] GC(772) Skipped phase1 of Reference Processing due to unavailable references
[2999.971s][debug][gc,ref       ] GC(772) Skipped phase2 of Reference Processing due to unavailable references
[2999.971s][debug][gc,ref       ] GC(772) Skipped phase3 of Reference Processing due to unavailable references
[2999.971s][debug][gc,ref       ] GC(772) Skipped phase4 of Reference Processing due to unavailable references
[2999.971s][debug][gc,age       ] GC(772) Desired survivor size 15368192 bytes, new threshold 6 (max threshold 6)
[2999.971s][info ][gc,heap      ] GC(772) ParNew: 243504K->3324K(270336K)
[2999.971s][info ][gc,heap      ] GC(772) CMS: 517458K->517544K(600768K)
[2999.971s][info ][gc,metaspace ] GC(772) Metaspace: 59697K->59697K(1103872K)
[2999.971s][info ][gc           ] GC(772) Pause Young (Allocation Failure) 743M->508M(850M) 3.615ms
[2999.971s][info ][gc,cpu       ] GC(772) User=0.01s Sys=0.00s Real=0.00s
[2999.971s][info ][safepoint    ] Leaving safepoint region
[2999.971s][info ][safepoint    ] Total time for which application threads were stopped: 0.0037753 seconds, Stopping threads took: 0.0000163 seconds
[3001.971s][info ][safepoint    ] Application time: 2.0001957 seconds
[3001.971s][info ][safepoint    ] Entering safepoint region: Cleanup
[3001.972s][info ][safepoint    ] Leaving safepoint region
[3001.972s][info ][safepoint    ] Total time for which application threads were stopped: 0.0000774 seconds, Stopping threads took: 0.0000159 seconds
[3003.915s][info ][safepoint    ] Application time: 1.9431139 seconds
[3003.915s][info ][safepoint    ] Entering safepoint region: GenCollectForAllocation
[3003.915s][info ][gc,start     ] GC(773) Pause Young (Allocation Failure)
[3003.915s][info ][gc,task      ] GC(773) Using 4 workers of 4 for evacuation
[3003.918s][debug][gc,ref       ] GC(773) Skipped phase1 of Reference Processing due to unavailable references
[3003.918s][debug][gc,ref       ] GC(773) Skipped phase2 of Reference Processing due to unavailable references
[3003.918s][debug][gc,ref       ] GC(773) Skipped phase3 of Reference Processing due to unavailable references
[3003.918s][debug][gc,ref       ] GC(773) Skipped phase4 of Reference Processing due to unavailable references
[3003.918s][debug][gc,age       ] GC(773) Desired survivor size 15368192 bytes, new threshold 6 (max threshold 6)
[3003.918s][info ][gc,heap      ] GC(773) ParNew: 243644K->4181K(270336K)
[3003.918s][info ][gc,heap      ] GC(773) CMS: 517544K->517622K(600768K)
[3003.918s][info ][gc,metaspace ] GC(773) Metaspace: 59697K->59697K(1103872K)
[3003.918s][info ][gc           ] GC(773) Pause Young (Allocation Failure) 743M->509M(850M) 3.371ms
[3003.918s][info ][gc,cpu       ] GC(773) User=0.01s Sys=0.00s Real=0.00s
[3003.918s][info ][safepoint    ] Leaving safepoint region
[3003.918s][info ][safepoint    ] Total time for which application threads were stopped: 0.0035323 seconds, Stopping threads took: 0.0000153 seconds
[3007.863s][info ][safepoint    ] Application time: 3.9449063 seconds
[3007.863s][info ][safepoint    ] Entering safepoint region: GenCollectForAllocation
[3007.863s][info ][gc,start     ] GC(774) Pause Young (Allocation Failure)
[3007.863s][info ][gc,task      ] GC(774) Using 4 workers of 4 for evacuation
[3007.866s][debug][gc,ref       ] GC(774) Skipped phase1 of Reference Processing due to unavailable references
[3007.866s][debug][gc,ref       ] GC(774) Skipped phase2 of Reference Processing due to unavailable references
[3007.866s][debug][gc,ref       ] GC(774) Skipped phase3 of Reference Processing due to unavailable references
[3007.866s][debug][gc,ref       ] GC(774) Skipped phase4 of Reference Processing due to unavailable references
[3007.867s][debug][gc,age       ] GC(774) Desired survivor size 15368192 bytes, new threshold 6 (max threshold 6)
[3007.867s][info ][gc,heap      ] GC(774) ParNew: 244501K->4463K(270336K)
[3007.867s][info ][gc,heap      ] GC(774) CMS: 517622K->517673K(600768K)
[3007.867s][info ][gc,metaspace ] GC(774) Metaspace: 59697K->59697K(1103872K)
[3007.867s][info ][gc           ] GC(774) Pause Young (Allocation Failure) 744M->509M(850M) 3.320ms
[3007.867s][info ][gc,cpu       ] GC(774) User=0.01s Sys=0.00s Real=0.01s
[3007.867s][info ][safepoint    ] Leaving safepoint region
[3007.867s][info ][safepoint    ] Total time for which application threads were stopped: 0.0034909 seconds, Stopping threads took: 0.0000158 seconds
[3008.867s][info ][safepoint    ] Application time: 1.0001357 seconds
[3008.867s][info ][safepoint    ] Entering safepoint region: Cleanup
[3008.867s][info ][safepoint    ] Leaving safepoint region
[3008.867s][info ][safepoint    ] Total time for which application threads were stopped: 0.0001326 seconds, Stopping threads took: 0.0000527 seconds
[3010.867s][info ][safepoint    ] Application time: 2.0002463 seconds
[3010.867s][info ][safepoint    ] Entering safepoint region: Cleanup
[3010.867s][info ][safepoint    ] Leaving safepoint region
[3010.867s][info ][safepoint    ] Total time for which application threads were stopped: 0.0000767 seconds, Stopping threads took: 0.0000153 seconds
[3011.808s][info ][safepoint    ] Application time: 0.9410963 seconds
[3011.809s][info ][safepoint    ] Entering safepoint region: GenCollectForAllocation
[3011.809s][info ][gc,start     ] GC(775) Pause Young (Allocation Failure)
[3011.809s][info ][gc,task      ] GC(775) Using 4 workers of 4 for evacuation
[3011.814s][debug][gc,ref       ] GC(775) Skipped phase1 of Reference Processing due to unavailable references
[3011.814s][debug][gc,ref       ] GC(775) Skipped phase2 of Reference Processing due to unavailable references
[3011.814s][debug][gc,ref       ] GC(775) Skipped phase3 of Reference Processing due to unavailable references
[3011.814s][debug][gc,ref       ] GC(775) Skipped phase4 of Reference Processing due to unavailable references
[3011.814s][debug][gc,age       ] GC(775) Desired survivor size 15368192 bytes, new threshold 6 (max threshold 6)
[3011.814s][info ][gc,heap      ] GC(775) ParNew: 244783K->3910K(270336K)
[3011.814s][info ][gc,heap      ] GC(775) CMS: 517673K->517798K(600768K)
[3011.814s][info ][gc,metaspace ] GC(775) Metaspace: 59697K->59697K(1103872K)
[3011.814s][info ][gc           ] GC(775) Pause Young (Allocation Failure) 744M->509M(850M) 5.115ms
[3011.814s][info ][gc,cpu       ] GC(775) User=0.02s Sys=0.00s Real=0.01s
[3011.814s][info ][safepoint    ] Leaving safepoint region
[3011.814s][info ][safepoint    ] Total time for which application threads were stopped: 0.0053523 seconds, Stopping threads took: 0.0000815 seconds
[3012.814s][info ][safepoint    ] Application time: 1.0001263 seconds
[3012.814s][info ][safepoint    ] Entering safepoint region: Cleanup
[3012.814s][info ][safepoint    ] Leaving safepoint region
[3012.814s][info ][safepoint    ] Total time for which application threads were stopped: 0.0001464 seconds, Stopping threads took: 0.0000692 seconds
[3013.317s][info ][safepoint    ] Application time: 0.5030819 seconds
[3013.317s][info ][safepoint    ] Entering safepoint region: GenCollectForAllocation
[3013.317s][info ][gc,start     ] GC(776) Pause Young (Allocation Failure)
[3013.317s][info ][gc,task      ] GC(776) Using 4 workers of 4 for evacuation
[3013.321s][debug][gc,ref       ] GC(776) Skipped phase1 of Reference Processing due to unavailable references
[3013.321s][debug][gc,ref       ] GC(776) Skipped phase2 of Reference Processing due to unavailable references
[3013.321s][debug][gc,ref       ] GC(776) Skipped phase3 of Reference Processing due to unavailable references
[3013.321s][debug][gc,ref       ] GC(776) Skipped phase4 of Reference Processing due to unavailable references
[3013.322s][debug][gc,age       ] GC(776) Desired survivor size 15368192 bytes, new threshold 6 (max threshold 6)
[3013.322s][info ][gc,heap      ] GC(776) ParNew: 244230K->4801K(270336K)
[3013.322s][info ][gc,heap      ] GC(776) CMS: 517798K->517930K(600768K)
[3013.322s][info ][gc,metaspace ] GC(776) Metaspace: 59707K->59707K(1103872K)
[3013.322s][info ][gc           ] GC(776) Pause Young (Allocation Failure) 744M->510M(850M) 4.332ms
[3013.322s][info ][gc,cpu       ] GC(776) User=0.02s Sys=0.00s Real=0.00s
[3013.322s][info ][safepoint    ] Leaving safepoint region
[3013.322s][info ][safepoint    ] Total time for which application threads were stopped: 0.0044996 seconds, Stopping threads took: 0.0000287 seconds
[3014.322s][info ][safepoint    ] Application time: 1.0001020 seconds
[3014.322s][info ][safepoint    ] Entering safepoint region: Cleanup
[3014.322s][info ][safepoint    ] Leaving safepoint region
[3014.322s][info ][safepoint    ] Total time for which application threads were stopped: 0.0000920 seconds, Stopping threads took: 0.0000264 seconds
[3017.313s][info ][safepoint    ] Application time: 2.9908355 seconds
[3017.313s][info ][safepoint    ] Entering safepoint region: GenCollectForAllocation
[3017.313s][info ][gc,start     ] GC(777) Pause Young (Allocation Failure)
[3017.313s][info ][gc,task      ] GC(777) Using 4 workers of 4 for evacuation
[3017.318s][debug][gc,ref       ] GC(777) Skipped phase1 of Reference Processing due to unavailable references
[3017.318s][debug][gc,ref       ] GC(777) Skipped phase2 of Reference Processing due to unavailable references
[3017.318s][debug][gc,ref       ] GC(777) Skipped phase3 of Reference Processing due to unavailable references
[3017.318s][debug][gc,ref       ] GC(777) Skipped phase4 of Reference Processing due to unavailable references
[3017.318s][debug][gc,age       ] GC(777) Desired survivor size 15368192 bytes, new threshold 6 (max threshold 6)
[3017.318s][info ][gc,heap      ] GC(777) ParNew: 245121K->3342K(270336K)
[3017.318s][info ][gc,heap      ] GC(777) CMS: 517930K->518981K(600768K)
[3017.318s][info ][gc,metaspace ] GC(777) Metaspace: 59707K->59707K(1103872K)
[3017.318s][info ][gc           ] GC(777) Pause Young (Allocation Failure) 745M->510M(850M) 5.115ms
[3017.318s][info ][gc,cpu       ] GC(777) User=0.02s Sys=0.00s Real=0.00s
[3017.318s][info ][safepoint    ] Leaving safepoint region
[3017.318s][info ][safepoint    ] Total time for which application threads were stopped: 0.0052827 seconds, Stopping threads took: 0.0000300 seconds
[3020.318s][info ][safepoint    ] Application time: 3.0003309 seconds
[3020.319s][info ][safepoint    ] Entering safepoint region: Cleanup
[3020.319s][info ][safepoint    ] Leaving safepoint region
[3020.319s][info ][safepoint    ] Total time for which application threads were stopped: 0.0000863 seconds, Stopping threads took: 0.0000154 seconds
[3021.369s][info ][safepoint    ] Application time: 1.0501676 seconds
[3021.369s][info ][safepoint    ] Entering safepoint region: GenCollectForAllocation
[3021.369s][info ][gc,start     ] GC(778) Pause Young (Allocation Failure)
[3021.369s][info ][gc,task      ] GC(778) Using 4 workers of 4 for evacuation
[3021.372s][debug][gc,ref       ] GC(778) Skipped phase1 of Reference Processing due to unavailable references
[3021.372s][debug][gc,ref       ] GC(778) Skipped phase2 of Reference Processing due to unavailable references
[3021.372s][debug][gc,ref       ] GC(778) Skipped phase3 of Reference Processing due to unavailable references
[3021.372s][debug][gc,ref       ] GC(778) Skipped phase4 of Reference Processing due to unavailable references
[3021.372s][debug][gc,age       ] GC(778) Desired survivor size 15368192 bytes, new threshold 6 (max threshold 6)
[3021.373s][info ][gc,heap      ] GC(778) ParNew: 243662K->2413K(270336K)
[3021.373s][info ][gc,heap      ] GC(778) CMS: 518981K->520068K(600768K)
[3021.373s][info ][gc,metaspace ] GC(778) Metaspace: 59707K->59707K(1103872K)
[3021.373s][info ][gc           ] GC(778) Pause Young (Allocation Failure) 744M->510M(850M) 3.581ms
[3021.373s][info ][gc,cpu       ] GC(778) User=0.01s Sys=0.00s Real=0.01s
[3021.373s][info ][safepoint    ] Leaving safepoint region
[3021.373s][info ][safepoint    ] Total time for which application threads were stopped: 0.0037402 seconds, Stopping threads took: 0.0000174 seconds
[3025.316s][info ][safepoint    ] Application time: 3.9437780 seconds
[3025.316s][info ][safepoint    ] Entering safepoint region: GenCollectForAllocation
[3025.317s][info ][gc,start     ] GC(779) Pause Young (Allocation Failure)
[3025.317s][info ][gc,task      ] GC(779) Using 4 workers of 4 for evacuation
[3025.320s][debug][gc,ref       ] GC(779) Skipped phase1 of Reference Processing due to unavailable references
[3025.320s][debug][gc,ref       ] GC(779) Skipped phase2 of Reference Processing due to unavailable references
[3025.320s][debug][gc,ref       ] GC(779) Skipped phase3 of Reference Processing due to unavailable references
[3025.320s][debug][gc,ref       ] GC(779) Skipped phase4 of Reference Processing due to unavailable references
[3025.320s][debug][gc,age       ] GC(779) Desired survivor size 15368192 bytes, new threshold 6 (max threshold 6)
[3025.320s][info ][gc,heap      ] GC(779) ParNew: 242733K->1646K(270336K)
[3025.320s][info ][gc,heap      ] GC(779) CMS: 520068K->520343K(600768K)
[3025.320s][info ][gc,metaspace ] GC(779) Metaspace: 59707K->59707K(1103872K)
[3025.320s][info ][gc           ] GC(779) Pause Young (Allocation Failure) 744M->509M(850M) 3.206ms
[3025.320s][info ][gc,cpu       ] GC(779) User=0.01s Sys=0.00s Real=0.00s
[3025.320s][info ][safepoint    ] Leaving safepoint region
[3025.320s][info ][safepoint    ] Total time for which application threads were stopped: 0.0033949 seconds, Stopping threads took: 0.0000575 seconds
[3026.320s][info ][safepoint    ] Application time: 1.0001065 seconds
[3026.320s][info ][safepoint    ] Entering safepoint region: Cleanup
[3026.320s][info ][safepoint    ] Leaving safepoint region
[3026.320s][info ][safepoint    ] Total time for which application threads were stopped: 0.0000827 seconds, Stopping threads took: 0.0000175 seconds
[3028.320s][info ][safepoint    ] Application time: 2.0001804 seconds
[3028.320s][info ][safepoint    ] Entering safepoint region: Cleanup
[3028.320s][info ][safepoint    ] Leaving safepoint region
[3028.320s][info ][safepoint    ] Total time for which application threads were stopped: 0.0000850 seconds, Stopping threads took: 0.0000165 seconds
[3029.361s][info ][safepoint    ] Application time: 1.0410664 seconds
[3029.361s][info ][safepoint    ] Entering safepoint region: GenCollectForAllocation
[3029.362s][info ][gc,start     ] GC(780) Pause Young (Allocation Failure)
[3029.362s][info ][gc,task      ] GC(780) Using 4 workers of 4 for evacuation
[3029.364s][debug][gc,ref       ] GC(780) Skipped phase1 of Reference Processing due to unavailable references
[3029.364s][debug][gc,ref       ] GC(780) Skipped phase2 of Reference Processing due to unavailable references
[3029.364s][debug][gc,ref       ] GC(780) Skipped phase3 of Reference Processing due to unavailable references
[3029.364s][debug][gc,ref       ] GC(780) Skipped phase4 of Reference Processing due to unavailable references
[3029.364s][debug][gc,age       ] GC(780) Desired survivor size 15368192 bytes, new threshold 6 (max threshold 6)
[3029.365s][info ][gc,heap      ] GC(780) ParNew: 241966K->1765K(270336K)
[3029.365s][info ][gc,heap      ] GC(780) CMS: 520343K->520376K(600768K)
[3029.365s][info ][gc,metaspace ] GC(780) Metaspace: 59707K->59707K(1103872K)
[3029.365s][info ][gc           ] GC(780) Pause Young (Allocation Failure) 744M->509M(850M) 3.008ms
[3029.365s][info ][gc,cpu       ] GC(780) User=0.02s Sys=0.00s Real=0.01s
[3029.365s][info ][safepoint    ] Leaving safepoint region
[3029.365s][info ][safepoint    ] Total time for which application threads were stopped: 0.0031609 seconds, Stopping threads took: 0.0000176 seconds
[3033.615s][info ][safepoint    ] Application time: 4.2506600 seconds
[3033.615s][info ][safepoint    ] Entering safepoint region: GenCollectForAllocation
[3033.615s][info ][gc,start     ] GC(781) Pause Young (Allocation Failure)
[3033.615s][info ][gc,task      ] GC(781) Using 4 workers of 4 for evacuation
[3033.619s][debug][gc,ref       ] GC(781) Skipped phase1 of Reference Processing due to unavailable references
[3033.619s][debug][gc,ref       ] GC(781) Skipped phase2 of Reference Processing due to unavailable references
[3033.619s][debug][gc,ref       ] GC(781) Skipped phase3 of Reference Processing due to unavailable references
[3033.619s][debug][gc,ref       ] GC(781) Skipped phase4 of Reference Processing due to unavailable references
[3033.619s][debug][gc,age       ] GC(781) Desired survivor size 15368192 bytes, new threshold 6 (max threshold 6)
[3033.619s][info ][gc,heap      ] GC(781) ParNew: 242085K->1601K(270336K)
[3033.619s][info ][gc,heap      ] GC(781) CMS: 520376K->520550K(600768K)
[3033.619s][info ][gc,metaspace ] GC(781) Metaspace: 59718K->59718K(1103872K)
[3033.619s][info ][gc           ] GC(781) Pause Young (Allocation Failure) 744M->509M(850M) 3.655ms
[3033.619s][info ][gc,cpu       ] GC(781) User=0.02s Sys=0.00s Real=0.00s
[3033.619s][info ][safepoint    ] Leaving safepoint region
[3033.619s][info ][safepoint    ] Total time for which application threads were stopped: 0.0038159 seconds, Stopping threads took: 0.0000155 seconds
[3038.012s][info ][safepoint    ] Application time: 4.3924744 seconds
[3038.012s][info ][safepoint    ] Entering safepoint region: GenCollectForAllocation
[3038.012s][info ][gc,start     ] GC(782) Pause Young (Allocation Failure)
[3038.012s][info ][gc,task      ] GC(782) Using 4 workers of 4 for evacuation
[3038.015s][debug][gc,ref       ] GC(782) Skipped phase1 of Reference Processing due to unavailable references
[3038.015s][debug][gc,ref       ] GC(782) Skipped phase2 of Reference Processing due to unavailable references
[3038.015s][debug][gc,ref       ] GC(782) Skipped phase3 of Reference Processing due to unavailable references
[3038.015s][debug][gc,ref       ] GC(782) Skipped phase4 of Reference Processing due to unavailable references
[3038.015s][debug][gc,age       ] GC(782) Desired survivor size 15368192 bytes, new threshold 6 (max threshold 6)
[3038.015s][info ][gc,heap      ] GC(782) ParNew: 241921K->1701K(270336K)
[3038.015s][info ][gc,heap      ] GC(782) CMS: 520550K->520640K(600768K)
[3038.015s][info ][gc,metaspace ] GC(782) Metaspace: 59718K->59718K(1103872K)
[3038.015s][info ][gc           ] GC(782) Pause Young (Allocation Failure) 744M->510M(850M) 3.224ms
[3038.015s][info ][gc,cpu       ] GC(782) User=0.01s Sys=0.00s Real=0.01s
[3038.015s][info ][safepoint    ] Leaving safepoint region
[3038.015s][info ][safepoint    ] Total time for which application threads were stopped: 0.0033944 seconds, Stopping threads took: 0.0000275 seconds
[3039.016s][info ][safepoint    ] Application time: 1.0012334 seconds
[3039.016s][info ][safepoint    ] Entering safepoint region: Cleanup
[3039.017s][info ][safepoint    ] Leaving safepoint region
[3039.017s][info ][safepoint    ] Total time for which application threads were stopped: 0.0001319 seconds, Stopping threads took: 0.0000682 seconds
[3041.017s][info ][safepoint    ] Application time: 2.0001752 seconds
[3041.017s][info ][safepoint    ] Entering safepoint region: Cleanup
[3041.017s][info ][safepoint    ] Leaving safepoint region
[3041.017s][info ][safepoint    ] Total time for which application threads were stopped: 0.0000801 seconds, Stopping threads took: 0.0000168 seconds
[3042.058s][info ][safepoint    ] Application time: 1.0413348 seconds
[3042.058s][info ][safepoint    ] Entering safepoint region: GenCollectForAllocation
[3042.058s][info ][gc,start     ] GC(783) Pause Young (Allocation Failure)
[3042.058s][info ][gc,task      ] GC(783) Using 4 workers of 4 for evacuation
[3042.061s][debug][gc,ref       ] GC(783) Skipped phase1 of Reference Processing due to unavailable references
[3042.061s][debug][gc,ref       ] GC(783) Skipped phase2 of Reference Processing due to unavailable references
[3042.061s][debug][gc,ref       ] GC(783) Skipped phase3 of Reference Processing due to unavailable references
[3042.061s][debug][gc,ref       ] GC(783) Skipped phase4 of Reference Processing due to unavailable references
[3042.061s][debug][gc,age       ] GC(783) Desired survivor size 15368192 bytes, new threshold 6 (max threshold 6)
[3042.061s][info ][gc,heap      ] GC(783) ParNew: 242021K->2518K(270336K)
[3042.061s][info ][gc,heap      ] GC(783) CMS: 520640K->520733K(600768K)
[3042.061s][info ][gc,metaspace ] GC(783) Metaspace: 59722K->59722K(1103872K)
[3042.062s][info ][gc           ] GC(783) Pause Young (Allocation Failure) 744M->510M(850M) 3.179ms
[3042.062s][info ][gc,cpu       ] GC(783) User=0.01s Sys=0.00s Real=0.00s
[3042.062s][info ][safepoint    ] Leaving safepoint region
[3042.062s][info ][safepoint    ] Total time for which application threads were stopped: 0.0033583 seconds, Stopping threads took: 0.0000445 seconds
[3045.749s][info ][safepoint    ] Application time: 3.6869940 seconds
[3045.749s][info ][safepoint    ] Entering safepoint region: GenCollectForAllocation
[3045.749s][info ][gc,start     ] GC(784) Pause Young (Allocation Failure)
[3045.749s][info ][gc,task      ] GC(784) Using 4 workers of 4 for evacuation
[3045.752s][debug][gc,ref       ] GC(784) Skipped phase1 of Reference Processing due to unavailable references
[3045.752s][debug][gc,ref       ] GC(784) Skipped phase2 of Reference Processing due to unavailable references
[3045.752s][debug][gc,ref       ] GC(784) Skipped phase3 of Reference Processing due to unavailable references
[3045.752s][debug][gc,ref       ] GC(784) Skipped phase4 of Reference Processing due to unavailable references
[3045.752s][debug][gc,age       ] GC(784) Desired survivor size 15368192 bytes, new threshold 6 (max threshold 6)
[3045.752s][info ][gc,heap      ] GC(784) ParNew: 242838K->2636K(270336K)
[3045.752s][info ][gc,heap      ] GC(784) CMS: 520733K->520831K(600768K)
[3045.752s][info ][gc,metaspace ] GC(784) Metaspace: 59724K->59724K(1103872K)
[3045.752s][info ][gc           ] GC(784) Pause Young (Allocation Failure) 745M->511M(850M) 3.280ms
[3045.752s][info ][gc,cpu       ] GC(784) User=0.01s Sys=0.00s Real=0.00s
[3045.752s][info ][safepoint    ] Leaving safepoint region
[3045.752s][info ][safepoint    ] Total time for which application threads were stopped: 0.0034367 seconds, Stopping threads took: 0.0000294 seconds
[3049.211s][info ][safepoint    ] Application time: 3.4587527 seconds
[3049.211s][info ][safepoint    ] Entering safepoint region: GenCollectForAllocation
[3049.211s][info ][gc,start     ] GC(785) Pause Young (Allocation Failure)
[3049.211s][info ][gc,task      ] GC(785) Using 4 workers of 4 for evacuation
[3049.214s][debug][gc,ref       ] GC(785) Skipped phase1 of Reference Processing due to unavailable references
[3049.214s][debug][gc,ref       ] GC(785) Skipped phase2 of Reference Processing due to unavailable references
[3049.214s][debug][gc,ref       ] GC(785) Skipped phase3 of Reference Processing due to unavailable references
[3049.214s][debug][gc,ref       ] GC(785) Skipped phase4 of Reference Processing due to unavailable references
[3049.215s][debug][gc,age       ] GC(785) Desired survivor size 15368192 bytes, new threshold 6 (max threshold 6)
[3049.215s][info ][gc,heap      ] GC(785) ParNew: 242956K->4050K(270336K)
[3049.215s][info ][gc,heap      ] GC(785) CMS: 520831K->520851K(600768K)
[3049.215s][info ][gc,metaspace ] GC(785) Metaspace: 59724K->59724K(1103872K)
[3049.215s][info ][gc           ] GC(785) Pause Young (Allocation Failure) 745M->512M(850M) 3.619ms
[3049.215s][info ][gc,cpu       ] GC(785) User=0.01s Sys=0.00s Real=0.01s
[3049.215s][info ][safepoint    ] Leaving safepoint region
[3049.215s][info ][safepoint    ] Total time for which application threads were stopped: 0.0037903 seconds, Stopping threads took: 0.0000155 seconds
[3052.916s][info ][safepoint    ] Application time: 3.7012506 seconds
[3052.916s][info ][safepoint    ] Entering safepoint region: GenCollectForAllocation
[3052.916s][info ][gc,start     ] GC(786) Pause Young (Allocation Failure)
[3052.916s][info ][gc,task      ] GC(786) Using 4 workers of 4 for evacuation
[3052.920s][debug][gc,ref       ] GC(786) Skipped phase1 of Reference Processing due to unavailable references
[3052.920s][debug][gc,ref       ] GC(786) Skipped phase2 of Reference Processing due to unavailable references
[3052.920s][debug][gc,ref       ] GC(786) Skipped phase3 of Reference Processing due to unavailable references
[3052.920s][debug][gc,ref       ] GC(786) Skipped phase4 of Reference Processing due to unavailable references
[3052.920s][debug][gc,age       ] GC(786) Desired survivor size 15368192 bytes, new threshold 6 (max threshold 6)
[3052.920s][info ][gc,heap      ] GC(786) ParNew: 244370K->4813K(270336K)
[3052.920s][info ][gc,heap      ] GC(786) CMS: 520851K->521014K(600768K)
[3052.920s][info ][gc,metaspace ] GC(786) Metaspace: 59724K->59724K(1103872K)
[3052.920s][info ][gc           ] GC(786) Pause Young (Allocation Failure) 747M->513M(850M) 3.806ms
[3052.920s][info ][gc,cpu       ] GC(786) User=0.02s Sys=0.00s Real=0.00s
[3052.920s][info ][safepoint    ] Leaving safepoint region
[3052.920s][info ][safepoint    ] Total time for which application threads were stopped: 0.0039809 seconds, Stopping threads took: 0.0000153 seconds
[3056.367s][info ][safepoint    ] Application time: 3.4474866 seconds
[3056.367s][info ][safepoint    ] Entering safepoint region: GenCollectForAllocation
[3056.368s][info ][gc,start     ] GC(787) Pause Young (Allocation Failure)
[3056.368s][info ][gc,task      ] GC(787) Using 4 workers of 4 for evacuation
[3056.371s][debug][gc,ref       ] GC(787) Skipped phase1 of Reference Processing due to unavailable references
[3056.371s][debug][gc,ref       ] GC(787) Skipped phase2 of Reference Processing due to unavailable references
[3056.371s][debug][gc,ref       ] GC(787) Skipped phase3 of Reference Processing due to unavailable references
[3056.371s][debug][gc,ref       ] GC(787) Skipped phase4 of Reference Processing due to unavailable references
[3056.371s][debug][gc,age       ] GC(787) Desired survivor size 15368192 bytes, new threshold 6 (max threshold 6)
[3056.372s][info ][gc,heap      ] GC(787) ParNew: 245133K->5893K(270336K)
[3056.372s][info ][gc,heap      ] GC(787) CMS: 521014K->521160K(600768K)
[3056.372s][info ][gc,metaspace ] GC(787) Metaspace: 59724K->59724K(1103872K)
[3056.372s][info ][gc           ] GC(787) Pause Young (Allocation Failure) 748M->514M(850M) 4.023ms
[3056.372s][info ][gc,cpu       ] GC(787) User=0.01s Sys=0.00s Real=0.00s
[3056.372s][info ][safepoint    ] Leaving safepoint region
[3056.372s][info ][safepoint    ] Total time for which application threads were stopped: 0.0041742 seconds, Stopping threads took: 0.0000154 seconds
[3060.266s][info ][safepoint    ] Application time: 3.8943371 seconds
[3060.266s][info ][safepoint    ] Entering safepoint region: GenCollectForAllocation
[3060.266s][info ][gc,start     ] GC(788) Pause Young (Allocation Failure)
[3060.266s][info ][gc,task      ] GC(788) Using 4 workers of 4 for evacuation
[3060.270s][debug][gc,ref       ] GC(788) Skipped phase1 of Reference Processing due to unavailable references
[3060.270s][debug][gc,ref       ] GC(788) Skipped phase2 of Reference Processing due to unavailable references
[3060.270s][debug][gc,ref       ] GC(788) Skipped phase3 of Reference Processing due to unavailable references
[3060.270s][debug][gc,ref       ] GC(788) Skipped phase4 of Reference Processing due to unavailable references
[3060.270s][debug][gc,age       ] GC(788) Desired survivor size 15368192 bytes, new threshold 6 (max threshold 6)
[3060.270s][info ][gc,heap      ] GC(788) ParNew: 246213K->6045K(270336K)
[3060.270s][info ][gc,heap      ] GC(788) CMS: 521160K->521169K(600768K)
[3060.270s][info ][gc,metaspace ] GC(788) Metaspace: 59725K->59725K(1103872K)
[3060.270s][info ][gc           ] GC(788) Pause Young (Allocation Failure) 749M->514M(850M) 3.855ms
[3060.270s][info ][gc,cpu       ] GC(788) User=0.01s Sys=0.00s Real=0.00s
[3060.270s][info ][safepoint    ] Leaving safepoint region
[3060.270s][info ][safepoint    ] Total time for which application threads were stopped: 0.0040080 seconds, Stopping threads took: 0.0000165 seconds
[3063.961s][info ][safepoint    ] Application time: 3.6908125 seconds
[3063.961s][info ][safepoint    ] Entering safepoint region: GenCollectForAllocation
[3063.961s][info ][gc,start     ] GC(789) Pause Young (Allocation Failure)
[3063.961s][info ][gc,task      ] GC(789) Using 4 workers of 4 for evacuation
[3063.965s][debug][gc,ref       ] GC(789) Skipped phase1 of Reference Processing due to unavailable references
[3063.965s][debug][gc,ref       ] GC(789) Skipped phase2 of Reference Processing due to unavailable references
[3063.965s][debug][gc,ref       ] GC(789) Skipped phase3 of Reference Processing due to unavailable references
[3063.966s][debug][gc,ref       ] GC(789) Skipped phase4 of Reference Processing due to unavailable references
[3063.966s][debug][gc,age       ] GC(789) Desired survivor size 15368192 bytes, new threshold 6 (max threshold 6)
[3063.966s][info ][gc,heap      ] GC(789) ParNew: 246365K->6064K(270336K)
[3063.966s][info ][gc,heap      ] GC(789) CMS: 521169K->521660K(600768K)
[3063.966s][info ][gc,metaspace ] GC(789) Metaspace: 59725K->59725K(1103872K)
[3063.966s][info ][gc           ] GC(789) Pause Young (Allocation Failure) 749M->515M(850M) 4.756ms
[3063.966s][info ][gc,cpu       ] GC(789) User=0.02s Sys=0.00s Real=0.01s
[3063.966s][info ][safepoint    ] Leaving safepoint region
[3063.966s][info ][safepoint    ] Total time for which application threads were stopped: 0.0049301 seconds, Stopping threads took: 0.0000149 seconds
[3067.859s][info ][safepoint    ] Application time: 3.8931942 seconds
[3067.859s][info ][safepoint    ] Entering safepoint region: GenCollectForAllocation
[3067.859s][info ][gc,start     ] GC(790) Pause Young (Allocation Failure)
[3067.859s][info ][gc,task      ] GC(790) Using 4 workers of 4 for evacuation
[3067.863s][debug][gc,ref       ] GC(790) Skipped phase1 of Reference Processing due to unavailable references
[3067.863s][debug][gc,ref       ] GC(790) Skipped phase2 of Reference Processing due to unavailable references
[3067.863s][debug][gc,ref       ] GC(790) Skipped phase3 of Reference Processing due to unavailable references
[3067.863s][debug][gc,ref       ] GC(790) Skipped phase4 of Reference Processing due to unavailable references
[3067.863s][debug][gc,age       ] GC(790) Desired survivor size 15368192 bytes, new threshold 6 (max threshold 6)
[3067.863s][info ][gc,heap      ] GC(790) ParNew: 246384K->5527K(270336K)
[3067.863s][info ][gc,heap      ] GC(790) CMS: 521660K->521872K(600768K)
[3067.863s][info ][gc,metaspace ] GC(790) Metaspace: 59726K->59726K(1103872K)
[3067.863s][info ][gc           ] GC(790) Pause Young (Allocation Failure) 750M->515M(850M) 3.715ms
[3067.863s][info ][gc,cpu       ] GC(790) User=0.01s Sys=0.00s Real=0.00s
[3067.863s][info ][safepoint    ] Leaving safepoint region
[3067.863s][info ][safepoint    ] Total time for which application threads were stopped: 0.0039161 seconds, Stopping threads took: 0.0000463 seconds
[3068.863s][info ][safepoint    ] Application time: 1.0001163 seconds
[3068.863s][info ][safepoint    ] Entering safepoint region: Cleanup
[3068.863s][info ][safepoint    ] Leaving safepoint region
[3068.863s][info ][safepoint    ] Total time for which application threads were stopped: 0.0001457 seconds, Stopping threads took: 0.0000680 seconds
[3069.863s][info ][safepoint    ] Application time: 1.0000559 seconds
[3069.863s][info ][safepoint    ] Entering safepoint region: Cleanup
[3069.863s][info ][safepoint    ] Leaving safepoint region
[3069.863s][info ][safepoint    ] Total time for which application threads were stopped: 0.0001448 seconds, Stopping threads took: 0.0000534 seconds
[3071.666s][info ][safepoint    ] Application time: 1.8030525 seconds
[3071.666s][info ][safepoint    ] Entering safepoint region: GenCollectForAllocation
[3071.667s][info ][gc,start     ] GC(791) Pause Young (Allocation Failure)
[3071.667s][info ][gc,task      ] GC(791) Using 4 workers of 4 for evacuation
[3071.670s][debug][gc,ref       ] GC(791) Skipped phase1 of Reference Processing due to unavailable references
[3071.670s][debug][gc,ref       ] GC(791) Skipped phase2 of Reference Processing due to unavailable references
[3071.670s][debug][gc,ref       ] GC(791) Skipped phase3 of Reference Processing due to unavailable references
[3071.670s][debug][gc,ref       ] GC(791) Skipped phase4 of Reference Processing due to unavailable references
[3071.670s][debug][gc,age       ] GC(791) Desired survivor size 15368192 bytes, new threshold 6 (max threshold 6)
[3071.670s][info ][gc,heap      ] GC(791) ParNew: 245847K->5040K(270336K)
[3071.670s][info ][gc,heap      ] GC(791) CMS: 521872K->522497K(600768K)
[3071.670s][info ][gc,metaspace ] GC(791) Metaspace: 59726K->59726K(1103872K)
[3071.670s][info ][gc           ] GC(791) Pause Young (Allocation Failure) 749M->515M(850M) 3.808ms
[3071.670s][info ][gc,cpu       ] GC(791) User=0.01s Sys=0.00s Real=0.00s
[3071.670s][info ][safepoint    ] Leaving safepoint region
[3071.670s][info ][safepoint    ] Total time for which application threads were stopped: 0.0039696 seconds, Stopping threads took: 0.0000163 seconds
[3075.662s][info ][safepoint    ] Application time: 3.9913444 seconds
[3075.662s][info ][safepoint    ] Entering safepoint region: GenCollectForAllocation
[3075.662s][info ][gc,start     ] GC(792) Pause Young (Allocation Failure)
[3075.662s][info ][gc,task      ] GC(792) Using 4 workers of 4 for evacuation
[3075.666s][debug][gc,ref       ] GC(792) Skipped phase1 of Reference Processing due to unavailable references
[3075.666s][debug][gc,ref       ] GC(792) Skipped phase2 of Reference Processing due to unavailable references
[3075.666s][debug][gc,ref       ] GC(792) Skipped phase3 of Reference Processing due to unavailable references
[3075.666s][debug][gc,ref       ] GC(792) Skipped phase4 of Reference Processing due to unavailable references
[3075.666s][debug][gc,age       ] GC(792) Desired survivor size 15368192 bytes, new threshold 6 (max threshold 6)
[3075.666s][info ][gc,heap      ] GC(792) ParNew: 245360K->4884K(270336K)
[3075.666s][info ][gc,heap      ] GC(792) CMS: 522497K->522633K(600768K)
[3075.666s][info ][gc,metaspace ] GC(792) Metaspace: 59726K->59726K(1103872K)
[3075.666s][info ][gc           ] GC(792) Pause Young (Allocation Failure) 749M->515M(850M) 3.766ms
[3075.666s][info ][gc,cpu       ] GC(792) User=0.02s Sys=0.00s Real=0.01s
[3075.666s][info ][safepoint    ] Leaving safepoint region
[3075.666s][info ][safepoint    ] Total time for which application threads were stopped: 0.0039293 seconds, Stopping threads took: 0.0000273 seconds
[3078.666s][info ][safepoint    ] Application time: 3.0002762 seconds
[3078.666s][info ][safepoint    ] Entering safepoint region: Cleanup
[3078.666s][info ][safepoint    ] Leaving safepoint region
[3078.666s][info ][safepoint    ] Total time for which application threads were stopped: 0.0001350 seconds, Stopping threads took: 0.0000597 seconds
[3079.461s][info ][safepoint    ] Application time: 0.7952025 seconds
[3079.461s][info ][safepoint    ] Entering safepoint region: GenCollectForAllocation
[3079.462s][info ][gc,start     ] GC(793) Pause Young (Allocation Failure)
[3079.462s][info ][gc,task      ] GC(793) Using 4 workers of 4 for evacuation
[3079.466s][debug][gc,ref       ] GC(793) Skipped phase1 of Reference Processing due to unavailable references
[3079.466s][debug][gc,ref       ] GC(793) Skipped phase2 of Reference Processing due to unavailable references
[3079.466s][debug][gc,ref       ] GC(793) Skipped phase3 of Reference Processing due to unavailable references
[3079.466s][debug][gc,ref       ] GC(793) Skipped phase4 of Reference Processing due to unavailable references
[3079.466s][debug][gc,age       ] GC(793) Desired survivor size 15368192 bytes, new threshold 6 (max threshold 6)
[3079.466s][info ][gc,heap      ] GC(793) ParNew: 245204K->4093K(270336K)
[3079.466s][info ][gc,heap      ] GC(793) CMS: 522633K->523555K(600768K)
[3079.466s][info ][gc,metaspace ] GC(793) Metaspace: 59726K->59726K(1103872K)
[3079.466s][info ][gc           ] GC(793) Pause Young (Allocation Failure) 749M->515M(850M) 4.418ms
[3079.466s][info ][gc,cpu       ] GC(793) User=0.01s Sys=0.00s Real=0.01s
[3079.466s][info ][safepoint    ] Leaving safepoint region
[3079.466s][info ][safepoint    ] Total time for which application threads were stopped: 0.0045677 seconds, Stopping threads took: 0.0000149 seconds
[3083.414s][info ][safepoint    ] Application time: 3.9479670 seconds
[3083.414s][info ][safepoint    ] Entering safepoint region: GenCollectForAllocation
[3083.414s][info ][gc,start     ] GC(794) Pause Young (Allocation Failure)
[3083.414s][info ][gc,task      ] GC(794) Using 4 workers of 4 for evacuation
[3083.417s][debug][gc,ref       ] GC(794) Skipped phase1 of Reference Processing due to unavailable references
[3083.417s][debug][gc,ref       ] GC(794) Skipped phase2 of Reference Processing due to unavailable references
[3083.417s][debug][gc,ref       ] GC(794) Skipped phase3 of Reference Processing due to unavailable references
[3083.417s][debug][gc,ref       ] GC(794) Skipped phase4 of Reference Processing due to unavailable references
[3083.418s][debug][gc,age       ] GC(794) Desired survivor size 15368192 bytes, new threshold 6 (max threshold 6)
[3083.418s][info ][gc,heap      ] GC(794) ParNew: 244413K->4559K(270336K)
[3083.418s][info ][gc,heap      ] GC(794) CMS: 523555K->523723K(600768K)
[3083.418s][info ][gc,metaspace ] GC(794) Metaspace: 59726K->59726K(1103872K)
[3083.418s][info ][gc           ] GC(794) Pause Young (Allocation Failure) 749M->515M(850M) 3.436ms
[3083.418s][info ][gc,cpu       ] GC(794) User=0.01s Sys=0.00s Real=0.00s
[3083.418s][info ][safepoint    ] Leaving safepoint region
[3083.418s][info ][safepoint    ] Total time for which application threads were stopped: 0.0036888 seconds, Stopping threads took: 0.0000383 seconds
[3084.418s][info ][safepoint    ] Application time: 1.0001473 seconds
[3084.418s][info ][safepoint    ] Entering safepoint region: Cleanup
[3084.418s][info ][safepoint    ] Leaving safepoint region
[3084.418s][info ][safepoint    ] Total time for which application threads were stopped: 0.0000835 seconds, Stopping threads took: 0.0000172 seconds
[3087.465s][info ][safepoint    ] Application time: 3.0469303 seconds
[3087.465s][info ][safepoint    ] Entering safepoint region: GenCollectForAllocation
[3087.465s][info ][gc,start     ] GC(795) Pause Young (Allocation Failure)
[3087.465s][info ][gc,task      ] GC(795) Using 4 workers of 4 for evacuation
[3087.468s][debug][gc,ref       ] GC(795) Skipped phase1 of Reference Processing due to unavailable references
[3087.468s][debug][gc,ref       ] GC(795) Skipped phase2 of Reference Processing due to unavailable references
[3087.468s][debug][gc,ref       ] GC(795) Skipped phase3 of Reference Processing due to unavailable references
[3087.468s][debug][gc,ref       ] GC(795) Skipped phase4 of Reference Processing due to unavailable references
[3087.469s][debug][gc,age       ] GC(795) Desired survivor size 15368192 bytes, new threshold 6 (max threshold 6)
[3087.469s][info ][gc,heap      ] GC(795) ParNew: 244879K->4210K(270336K)
[3087.469s][info ][gc,heap      ] GC(795) CMS: 523723K->524187K(600768K)
[3087.469s][info ][gc,metaspace ] GC(795) Metaspace: 59726K->59726K(1103872K)
[3087.469s][info ][gc           ] GC(795) Pause Young (Allocation Failure) 750M->516M(850M) 3.614ms
[3087.469s][info ][gc,cpu       ] GC(795) User=0.01s Sys=0.00s Real=0.00s
[3087.469s][info ][safepoint    ] Leaving safepoint region
[3087.469s][info ][safepoint    ] Total time for which application threads were stopped: 0.0037783 seconds, Stopping threads took: 0.0000162 seconds
[3090.469s][info ][safepoint    ] Application time: 3.0002290 seconds
[3090.477s][info ][safepoint    ] Entering safepoint region: Cleanup
[3090.477s][info ][safepoint    ] Leaving safepoint region
[3090.477s][info ][safepoint    ] Total time for which application threads were stopped: 0.0076084 seconds, Stopping threads took: 0.0075208 seconds
[3091.665s][info ][safepoint    ] Application time: 1.1880760 seconds
[3091.665s][info ][safepoint    ] Entering safepoint region: GenCollectForAllocation
[3091.665s][info ][gc,start     ] GC(796) Pause Young (Allocation Failure)
[3091.665s][info ][gc,task      ] GC(796) Using 4 workers of 4 for evacuation
[3091.668s][debug][gc,ref       ] GC(796) Skipped phase1 of Reference Processing due to unavailable references
[3091.668s][debug][gc,ref       ] GC(796) Skipped phase2 of Reference Processing due to unavailable references
[3091.668s][debug][gc,ref       ] GC(796) Skipped phase3 of Reference Processing due to unavailable references
[3091.668s][debug][gc,ref       ] GC(796) Skipped phase4 of Reference Processing due to unavailable references
[3091.668s][debug][gc,age       ] GC(796) Desired survivor size 15368192 bytes, new threshold 6 (max threshold 6)
[3091.668s][info ][gc,heap      ] GC(796) ParNew: 244530K->4014K(270336K)
[3091.668s][info ][gc,heap      ] GC(796) CMS: 524187K->524226K(600768K)
[3091.668s][info ][gc,metaspace ] GC(796) Metaspace: 59736K->59736K(1103872K)
[3091.668s][info ][gc           ] GC(796) Pause Young (Allocation Failure) 750M->515M(850M) 3.308ms
[3091.668s][info ][gc,cpu       ] GC(796) User=0.01s Sys=0.01s Real=0.00s
[3091.668s][info ][safepoint    ] Leaving safepoint region
[3091.668s][info ][safepoint    ] Total time for which application threads were stopped: 0.0034946 seconds, Stopping threads took: 0.0000273 seconds
[3095.669s][info ][safepoint    ] Application time: 4.0003413 seconds
[3095.669s][info ][safepoint    ] Entering safepoint region: Cleanup
[3095.669s][info ][safepoint    ] Leaving safepoint region
[3095.669s][info ][safepoint    ] Total time for which application threads were stopped: 0.0000913 seconds, Stopping threads took: 0.0000159 seconds
[3095.708s][info ][safepoint    ] Application time: 0.0397515 seconds
[3095.709s][info ][safepoint    ] Entering safepoint region: GenCollectForAllocation
[3095.709s][info ][gc,start     ] GC(797) Pause Young (Allocation Failure)
[3095.709s][info ][gc,task      ] GC(797) Using 4 workers of 4 for evacuation
[3095.712s][debug][gc,ref       ] GC(797) Skipped phase1 of Reference Processing due to unavailable references
[3095.712s][debug][gc,ref       ] GC(797) Skipped phase2 of Reference Processing due to unavailable references
[3095.712s][debug][gc,ref       ] GC(797) Skipped phase3 of Reference Processing due to unavailable references
[3095.712s][debug][gc,ref       ] GC(797) Skipped phase4 of Reference Processing due to unavailable references
[3095.712s][debug][gc,age       ] GC(797) Desired survivor size 15368192 bytes, new threshold 6 (max threshold 6)
[3095.712s][info ][gc,heap      ] GC(797) ParNew: 244334K->3633K(270336K)
[3095.712s][info ][gc,heap      ] GC(797) CMS: 524226K->524291K(600768K)
[3095.712s][info ][gc,metaspace ] GC(797) Metaspace: 59739K->59739K(1103872K)
[3095.712s][info ][gc           ] GC(797) Pause Young (Allocation Failure) 750M->515M(850M) 3.481ms
[3095.712s][info ][gc,cpu       ] GC(797) User=0.02s Sys=0.00s Real=0.01s
[3095.712s][info ][safepoint    ] Leaving safepoint region
[3095.712s][info ][safepoint    ] Total time for which application threads were stopped: 0.0036767 seconds, Stopping threads took: 0.0000426 seconds
[3096.712s][info ][safepoint    ] Application time: 1.0000920 seconds
[3096.712s][info ][safepoint    ] Entering safepoint region: Cleanup
[3096.712s][info ][safepoint    ] Leaving safepoint region
[3096.712s][info ][safepoint    ] Total time for which application threads were stopped: 0.0001282 seconds, Stopping threads took: 0.0000498 seconds
[3097.713s][info ][safepoint    ] Application time: 1.0001260 seconds
[3097.713s][info ][safepoint    ] Entering safepoint region: Cleanup
[3097.713s][info ][safepoint    ] Leaving safepoint region
[3097.713s][info ][safepoint    ] Total time for which application threads were stopped: 0.0001311 seconds, Stopping threads took: 0.0000611 seconds
[3098.713s][info ][safepoint    ] Application time: 1.0001202 seconds
[3098.713s][info ][safepoint    ] Entering safepoint region: Cleanup
[3098.713s][info ][safepoint    ] Leaving safepoint region
[3098.713s][info ][safepoint    ] Total time for which application threads were stopped: 0.0001684 seconds, Stopping threads took: 0.0000998 seconds
[3099.300s][info ][safepoint    ] Application time: 0.5872161 seconds
[3099.300s][info ][safepoint    ] Entering safepoint region: GenCollectForAllocation
[3099.300s][info ][gc,start     ] GC(798) Pause Young (Allocation Failure)
[3099.300s][info ][gc,task      ] GC(798) Using 4 workers of 4 for evacuation
[3099.305s][debug][gc,ref       ] GC(798) Skipped phase1 of Reference Processing due to unavailable references
[3099.305s][debug][gc,ref       ] GC(798) Skipped phase2 of Reference Processing due to unavailable references
[3099.305s][debug][gc,ref       ] GC(798) Skipped phase3 of Reference Processing due to unavailable references
[3099.305s][debug][gc,ref       ] GC(798) Skipped phase4 of Reference Processing due to unavailable references
[3099.305s][debug][gc,age       ] GC(798) Desired survivor size 15368192 bytes, new threshold 6 (max threshold 6)
[3099.305s][info ][gc,heap      ] GC(798) ParNew: 243953K->4181K(270336K)
[3099.305s][info ][gc,heap      ] GC(798) CMS: 524291K->524390K(600768K)
[3099.305s][info ][gc,metaspace ] GC(798) Metaspace: 59739K->59739K(1103872K)
[3099.305s][info ][gc           ] GC(798) Pause Young (Allocation Failure) 750M->516M(850M) 4.347ms
[3099.305s][info ][gc,cpu       ] GC(798) User=0.02s Sys=0.00s Real=0.01s
[3099.305s][info ][safepoint    ] Leaving safepoint region
[3099.305s][info ][safepoint    ] Total time for which application threads were stopped: 0.0045037 seconds, Stopping threads took: 0.0000163 seconds
[3100.305s][info ][safepoint    ] Application time: 1.0000988 seconds
[3100.305s][info ][safepoint    ] Entering safepoint region: Cleanup
[3100.305s][info ][safepoint    ] Leaving safepoint region
[3100.305s][info ][safepoint    ] Total time for which application threads were stopped: 0.0000864 seconds, Stopping threads took: 0.0000148 seconds
[3101.305s][info ][safepoint    ] Application time: 1.0000945 seconds
[3101.305s][info ][safepoint    ] Entering safepoint region: Cleanup
[3101.305s][info ][safepoint    ] Leaving safepoint region
[3101.305s][info ][safepoint    ] Total time for which application threads were stopped: 0.0000867 seconds, Stopping threads took: 0.0000144 seconds
[3102.305s][info ][safepoint    ] Application time: 1.0001028 seconds
[3102.305s][info ][safepoint    ] Entering safepoint region: Cleanup
[3102.305s][info ][safepoint    ] Leaving safepoint region
[3102.305s][info ][safepoint    ] Total time for which application threads were stopped: 0.0000737 seconds, Stopping threads took: 0.0000151 seconds
[3103.163s][info ][safepoint    ] Application time: 0.8578197 seconds
[3103.163s][info ][safepoint    ] Entering safepoint region: GenCollectForAllocation
[3103.163s][info ][gc,start     ] GC(799) Pause Young (Allocation Failure)
[3103.163s][info ][gc,task      ] GC(799) Using 4 workers of 4 for evacuation
[3103.168s][debug][gc,ref       ] GC(799) Skipped phase1 of Reference Processing due to unavailable references
[3103.168s][debug][gc,ref       ] GC(799) Skipped phase2 of Reference Processing due to unavailable references
[3103.168s][debug][gc,ref       ] GC(799) Skipped phase3 of Reference Processing due to unavailable references
[3103.168s][debug][gc,ref       ] GC(799) Skipped phase4 of Reference Processing due to unavailable references
[3103.168s][debug][gc,age       ] GC(799) Desired survivor size 15368192 bytes, new threshold 6 (max threshold 6)
[3103.168s][info ][gc,heap      ] GC(799) ParNew: 244501K->4865K(270336K)
[3103.168s][info ][gc,heap      ] GC(799) CMS: 524390K->524790K(600768K)
[3103.168s][info ][gc,metaspace ] GC(799) Metaspace: 59739K->59739K(1103872K)
[3103.168s][info ][gc           ] GC(799) Pause Young (Allocation Failure) 750M->517M(850M) 4.341ms
[3103.168s][info ][gc,cpu       ] GC(799) User=0.02s Sys=0.00s Real=0.01s
[3103.168s][info ][safepoint    ] Leaving safepoint region
[3103.168s][info ][safepoint    ] Total time for which application threads were stopped: 0.0045012 seconds, Stopping threads took: 0.0000259 seconds
[3104.168s][info ][safepoint    ] Application time: 1.0000790 seconds
[3104.168s][info ][safepoint    ] Entering safepoint region: Cleanup
[3104.168s][info ][safepoint    ] Leaving safepoint region
[3104.168s][info ][safepoint    ] Total time for which application threads were stopped: 0.0000699 seconds, Stopping threads took: 0.0000150 seconds
[3105.168s][info ][safepoint    ] Application time: 1.0000806 seconds
[3105.168s][info ][safepoint    ] Entering safepoint region: Cleanup
[3105.168s][info ][safepoint    ] Leaving safepoint region
[3105.168s][info ][safepoint    ] Total time for which application threads were stopped: 0.0000865 seconds, Stopping threads took: 0.0000162 seconds
[3106.168s][info ][safepoint    ] Application time: 1.0000880 seconds
[3106.168s][info ][safepoint    ] Entering safepoint region: Cleanup
[3106.168s][info ][safepoint    ] Leaving safepoint region
[3106.169s][info ][safepoint    ] Total time for which application threads were stopped: 0.0001540 seconds, Stopping threads took: 0.0000956 seconds
[3106.864s][info ][safepoint    ] Application time: 0.6954281 seconds
[3106.864s][info ][safepoint    ] Entering safepoint region: GenCollectForAllocation
[3106.864s][info ][gc,start     ] GC(800) Pause Young (Allocation Failure)
[3106.864s][info ][gc,task      ] GC(800) Using 4 workers of 4 for evacuation
[3106.868s][debug][gc,ref       ] GC(800) Skipped phase1 of Reference Processing due to unavailable references
[3106.868s][debug][gc,ref       ] GC(800) Skipped phase2 of Reference Processing due to unavailable references
[3106.868s][debug][gc,ref       ] GC(800) Skipped phase3 of Reference Processing due to unavailable references
[3106.868s][debug][gc,ref       ] GC(800) Skipped phase4 of Reference Processing due to unavailable references
[3106.868s][debug][gc,age       ] GC(800) Desired survivor size 15368192 bytes, new threshold 6 (max threshold 6)
[3106.868s][info ][gc,heap      ] GC(800) ParNew: 245185K->5299K(270336K)
[3106.868s][info ][gc,heap      ] GC(800) CMS: 524790K->525021K(600768K)
[3106.868s][info ][gc,metaspace ] GC(800) Metaspace: 59739K->59739K(1103872K)
[3106.868s][info ][gc           ] GC(800) Pause Young (Allocation Failure) 751M->517M(850M) 3.763ms
[3106.868s][info ][gc,cpu       ] GC(800) User=0.00s Sys=0.00s Real=0.01s
[3106.868s][info ][safepoint    ] Leaving safepoint region
[3106.868s][info ][safepoint    ] Total time for which application threads were stopped: 0.0039454 seconds, Stopping threads took: 0.0000145 seconds
[3107.868s][info ][safepoint    ] Application time: 1.0000865 seconds
[3107.868s][info ][safepoint    ] Entering safepoint region: Cleanup
[3107.868s][info ][safepoint    ] Leaving safepoint region
[3107.868s][info ][safepoint    ] Total time for which application threads were stopped: 0.0000883 seconds, Stopping threads took: 0.0000161 seconds
[3108.868s][info ][safepoint    ] Application time: 1.0000418 seconds
[3108.868s][info ][safepoint    ] Entering safepoint region: Cleanup
[3108.868s][info ][safepoint    ] Leaving safepoint region
[3108.868s][info ][safepoint    ] Total time for which application threads were stopped: 0.0000890 seconds, Stopping threads took: 0.0000153 seconds
[3109.868s][info ][safepoint    ] Application time: 1.0001173 seconds
[3109.868s][info ][safepoint    ] Entering safepoint region: Cleanup
[3109.869s][info ][safepoint    ] Leaving safepoint region
[3109.869s][info ][safepoint    ] Total time for which application threads were stopped: 0.0000734 seconds, Stopping threads took: 0.0000167 seconds
[3110.618s][info ][safepoint    ] Application time: 0.7497115 seconds
[3110.618s][info ][safepoint    ] Entering safepoint region: GenCollectForAllocation
[3110.618s][info ][gc,start     ] GC(801) Pause Young (Allocation Failure)
[3110.618s][info ][gc,task      ] GC(801) Using 4 workers of 4 for evacuation
[3110.622s][debug][gc,ref       ] GC(801) Skipped phase1 of Reference Processing due to unavailable references
[3110.622s][debug][gc,ref       ] GC(801) Skipped phase2 of Reference Processing due to unavailable references
[3110.622s][debug][gc,ref       ] GC(801) Skipped phase3 of Reference Processing due to unavailable references
[3110.622s][debug][gc,ref       ] GC(801) Skipped phase4 of Reference Processing due to unavailable references
[3110.622s][debug][gc,age       ] GC(801) Desired survivor size 15368192 bytes, new threshold 6 (max threshold 6)
[3110.622s][info ][gc,heap      ] GC(801) ParNew: 245619K->4070K(270336K)
[3110.622s][info ][gc,heap      ] GC(801) CMS: 525021K->525285K(600768K)
[3110.622s][info ][gc,metaspace ] GC(801) Metaspace: 59739K->59739K(1103872K)
[3110.622s][info ][gc           ] GC(801) Pause Young (Allocation Failure) 752M->516M(850M) 3.749ms
[3110.622s][info ][gc,cpu       ] GC(801) User=0.01s Sys=0.00s Real=0.00s
[3110.622s][info ][safepoint    ] Leaving safepoint region
[3110.622s][info ][safepoint    ] Total time for which application threads were stopped: 0.0038807 seconds, Stopping threads took: 0.0000150 seconds
[3111.622s][info ][safepoint    ] Application time: 1.0000984 seconds
[3111.622s][info ][safepoint    ] Entering safepoint region: Cleanup
[3111.622s][info ][safepoint    ] Leaving safepoint region
[3111.622s][info ][safepoint    ] Total time for which application threads were stopped: 0.0000935 seconds, Stopping threads took: 0.0000156 seconds
[3112.622s][info ][safepoint    ] Application time: 1.0000991 seconds
[3112.623s][info ][safepoint    ] Entering safepoint region: Cleanup
[3112.623s][info ][safepoint    ] Leaving safepoint region
[3112.623s][info ][safepoint    ] Total time for which application threads were stopped: 0.0000763 seconds, Stopping threads took: 0.0000169 seconds
[3113.623s][info ][safepoint    ] Application time: 1.0000801 seconds
[3113.623s][info ][safepoint    ] Entering safepoint region: Cleanup
[3113.623s][info ][safepoint    ] Leaving safepoint region
[3113.623s][info ][safepoint    ] Total time for which application threads were stopped: 0.0000902 seconds, Stopping threads took: 0.0000162 seconds
[3114.460s][info ][safepoint    ] Application time: 0.8368468 seconds
[3114.460s][info ][safepoint    ] Entering safepoint region: GenCollectForAllocation
[3114.460s][info ][gc,start     ] GC(802) Pause Young (Allocation Failure)
[3114.460s][info ][gc,task      ] GC(802) Using 4 workers of 4 for evacuation
[3114.463s][debug][gc,ref       ] GC(802) Skipped phase1 of Reference Processing due to unavailable references
[3114.463s][debug][gc,ref       ] GC(802) Skipped phase2 of Reference Processing due to unavailable references
[3114.463s][debug][gc,ref       ] GC(802) Skipped phase3 of Reference Processing due to unavailable references
[3114.463s][debug][gc,ref       ] GC(802) Skipped phase4 of Reference Processing due to unavailable references
[3114.463s][debug][gc,age       ] GC(802) Desired survivor size 15368192 bytes, new threshold 6 (max threshold 6)
[3114.463s][info ][gc,heap      ] GC(802) ParNew: 244390K->4642K(270336K)
[3114.463s][info ][gc,heap      ] GC(802) CMS: 525285K->525360K(600768K)
[3114.464s][info ][gc,metaspace ] GC(802) Metaspace: 59740K->59740K(1103872K)
[3114.464s][info ][gc           ] GC(802) Pause Young (Allocation Failure) 751M->517M(850M) 3.706ms
[3114.464s][info ][gc,cpu       ] GC(802) User=0.01s Sys=0.00s Real=0.00s
[3114.464s][info ][safepoint    ] Leaving safepoint region
[3114.464s][info ][safepoint    ] Total time for which application threads were stopped: 0.0038752 seconds, Stopping threads took: 0.0000162 seconds
[3115.464s][info ][safepoint    ] Application time: 1.0000491 seconds
[3115.464s][info ][safepoint    ] Entering safepoint region: Cleanup
[3115.464s][info ][safepoint    ] Leaving safepoint region
[3115.464s][info ][safepoint    ] Total time for which application threads were stopped: 0.0001439 seconds, Stopping threads took: 0.0000579 seconds
[3116.464s][info ][safepoint    ] Application time: 1.0000934 seconds
[3116.464s][info ][safepoint    ] Entering safepoint region: Cleanup
[3116.464s][info ][safepoint    ] Leaving safepoint region
[3116.464s][info ][safepoint    ] Total time for which application threads were stopped: 0.0001297 seconds, Stopping threads took: 0.0000553 seconds
[3117.464s][info ][safepoint    ] Application time: 1.0000641 seconds
[3117.464s][info ][safepoint    ] Entering safepoint region: Cleanup
[3117.464s][info ][safepoint    ] Leaving safepoint region
[3117.464s][info ][safepoint    ] Total time for which application threads were stopped: 0.0001596 seconds, Stopping threads took: 0.0000918 seconds
[3118.259s][info ][safepoint    ] Application time: 0.7944900 seconds
[3118.259s][info ][safepoint    ] Entering safepoint region: GenCollectForAllocation
[3118.259s][info ][gc,start     ] GC(803) Pause Young (Allocation Failure)
[3118.259s][info ][gc,task      ] GC(803) Using 4 workers of 4 for evacuation
[3118.263s][debug][gc,ref       ] GC(803) Skipped phase1 of Reference Processing due to unavailable references
[3118.263s][debug][gc,ref       ] GC(803) Skipped phase2 of Reference Processing due to unavailable references
[3118.263s][debug][gc,ref       ] GC(803) Skipped phase3 of Reference Processing due to unavailable references
[3118.263s][debug][gc,ref       ] GC(803) Skipped phase4 of Reference Processing due to unavailable references
[3118.263s][debug][gc,age       ] GC(803) Desired survivor size 15368192 bytes, new threshold 6 (max threshold 6)
[3118.263s][info ][gc,heap      ] GC(803) ParNew: 244962K->4074K(270336K)
[3118.263s][info ][gc,heap      ] GC(803) CMS: 525360K->525594K(600768K)
[3118.263s][info ][gc,metaspace ] GC(803) Metaspace: 59740K->59740K(1103872K)
[3118.263s][info ][gc           ] GC(803) Pause Young (Allocation Failure) 752M->517M(850M) 4.161ms
[3118.263s][info ][gc,cpu       ] GC(803) User=0.01s Sys=0.00s Real=0.00s
[3118.263s][info ][safepoint    ] Leaving safepoint region
[3118.263s][info ][safepoint    ] Total time for which application threads were stopped: 0.0043818 seconds, Stopping threads took: 0.0000697 seconds
[3119.263s][info ][safepoint    ] Application time: 1.0001143 seconds
[3119.263s][info ][safepoint    ] Entering safepoint region: Cleanup
[3119.264s][info ][safepoint    ] Leaving safepoint region
[3119.264s][info ][safepoint    ] Total time for which application threads were stopped: 0.0001376 seconds, Stopping threads took: 0.0000621 seconds
[3120.264s][info ][safepoint    ] Application time: 1.0000935 seconds
[3120.264s][info ][safepoint    ] Entering safepoint region: Cleanup
[3120.264s][info ][safepoint    ] Leaving safepoint region
[3120.264s][info ][safepoint    ] Total time for which application threads were stopped: 0.0001283 seconds, Stopping threads took: 0.0000605 seconds
[3121.264s][info ][safepoint    ] Application time: 1.0000498 seconds
[3121.264s][info ][safepoint    ] Entering safepoint region: Cleanup
[3121.264s][info ][safepoint    ] Leaving safepoint region
[3121.264s][info ][safepoint    ] Total time for which application threads were stopped: 0.0001417 seconds, Stopping threads took: 0.0000643 seconds
[3122.215s][info ][safepoint    ] Application time: 0.9512338 seconds
[3122.215s][info ][safepoint    ] Entering safepoint region: GenCollectForAllocation
[3122.215s][info ][gc,start     ] GC(804) Pause Young (Allocation Failure)
[3122.215s][info ][gc,task      ] GC(804) Using 4 workers of 4 for evacuation
[3122.224s][debug][gc,ref       ] GC(804) Skipped phase1 of Reference Processing due to unavailable references
[3122.224s][debug][gc,ref       ] GC(804) Skipped phase2 of Reference Processing due to unavailable references
[3122.224s][debug][gc,ref       ] GC(804) Skipped phase3 of Reference Processing due to unavailable references
[3122.224s][debug][gc,ref       ] GC(804) Skipped phase4 of Reference Processing due to unavailable references
[3122.225s][debug][gc,age       ] GC(804) Desired survivor size 15368192 bytes, new threshold 6 (max threshold 6)
[3122.225s][info ][gc,heap      ] GC(804) ParNew: 244394K->3518K(270336K)
[3122.225s][info ][gc,heap      ] GC(804) CMS: 525594K->527585K(600768K)
[3122.225s][info ][gc,metaspace ] GC(804) Metaspace: 59740K->59740K(1103872K)
[3122.225s][info ][gc           ] GC(804) Pause Young (Allocation Failure) 751M->518M(850M) 9.184ms
[3122.225s][info ][gc,cpu       ] GC(804) User=0.04s Sys=0.00s Real=0.01s
[3122.225s][info ][safepoint    ] Leaving safepoint region
[3122.225s][info ][safepoint    ] Total time for which application threads were stopped: 0.0093515 seconds, Stopping threads took: 0.0000162 seconds
[3123.225s][info ][safepoint    ] Application time: 1.0000946 seconds
[3123.225s][info ][safepoint    ] Entering safepoint region: Cleanup
[3123.225s][info ][safepoint    ] Leaving safepoint region
[3123.225s][info ][safepoint    ] Total time for which application threads were stopped: 0.0000804 seconds, Stopping threads took: 0.0000162 seconds
[3124.225s][info ][safepoint    ] Application time: 1.0000858 seconds
[3124.225s][info ][safepoint    ] Entering safepoint region: Cleanup
[3124.225s][info ][safepoint    ] Leaving safepoint region
[3124.225s][info ][safepoint    ] Total time for which application threads were stopped: 0.0000791 seconds, Stopping threads took: 0.0000173 seconds
[3125.225s][info ][safepoint    ] Application time: 1.0001619 seconds
[3125.225s][info ][safepoint    ] Entering safepoint region: Cleanup
[3125.225s][info ][safepoint    ] Leaving safepoint region
[3125.225s][info ][safepoint    ] Total time for which application threads were stopped: 0.0000815 seconds, Stopping threads took: 0.0000176 seconds
[3126.225s][info ][safepoint    ] Application time: 1.0001021 seconds
[3126.226s][info ][safepoint    ] Entering safepoint region: Cleanup
[3126.226s][info ][safepoint    ] Leaving safepoint region
[3126.226s][info ][safepoint    ] Total time for which application threads were stopped: 0.0000804 seconds, Stopping threads took: 0.0000177 seconds
[3126.365s][info ][safepoint    ] Application time: 0.1397779 seconds
[3126.365s][info ][safepoint    ] Entering safepoint region: GenCollectForAllocation
[3126.366s][info ][gc,start     ] GC(805) Pause Young (Allocation Failure)
[3126.366s][info ][gc,task      ] GC(805) Using 4 workers of 4 for evacuation
[3126.369s][debug][gc,ref       ] GC(805) Skipped phase1 of Reference Processing due to unavailable references
[3126.369s][debug][gc,ref       ] GC(805) Skipped phase2 of Reference Processing due to unavailable references
[3126.369s][debug][gc,ref       ] GC(805) Skipped phase3 of Reference Processing due to unavailable references
[3126.369s][debug][gc,ref       ] GC(805) Skipped phase4 of Reference Processing due to unavailable references
[3126.369s][debug][gc,age       ] GC(805) Desired survivor size 15368192 bytes, new threshold 6 (max threshold 6)
[3126.369s][info ][gc,heap      ] GC(805) ParNew: 243838K->2354K(270336K)
[3126.369s][info ][gc,heap      ] GC(805) CMS: 527585K->527593K(600768K)
[3126.369s][info ][gc,metaspace ] GC(805) Metaspace: 59740K->59740K(1103872K)
[3126.369s][info ][gc           ] GC(805) Pause Young (Allocation Failure) 753M->517M(850M) 3.318ms
[3126.369s][info ][gc,cpu       ] GC(805) User=0.01s Sys=0.00s Real=0.00s
[3126.369s][info ][safepoint    ] Leaving safepoint region
[3126.369s][info ][safepoint    ] Total time for which application threads were stopped: 0.0034905 seconds, Stopping threads took: 0.0000168 seconds
[3127.369s][info ][safepoint    ] Application time: 1.0000972 seconds
[3127.369s][info ][safepoint    ] Entering safepoint region: Cleanup
[3127.369s][info ][safepoint    ] Leaving safepoint region
[3127.369s][info ][safepoint    ] Total time for which application threads were stopped: 0.0001124 seconds, Stopping threads took: 0.0000371 seconds
[3128.369s][info ][safepoint    ] Application time: 1.0001121 seconds
[3128.369s][info ][safepoint    ] Entering safepoint region: Cleanup
[3128.369s][info ][safepoint    ] Leaving safepoint region
[3128.369s][info ][safepoint    ] Total time for which application threads were stopped: 0.0000768 seconds, Stopping threads took: 0.0000163 seconds
[3129.369s][info ][safepoint    ] Application time: 1.0000911 seconds
[3129.370s][info ][safepoint    ] Entering safepoint region: Cleanup
[3129.370s][info ][safepoint    ] Leaving safepoint region
[3129.370s][info ][safepoint    ] Total time for which application threads were stopped: 0.0000755 seconds, Stopping threads took: 0.0000170 seconds
[3130.370s][info ][safepoint    ] Application time: 1.0000988 seconds
[3130.370s][info ][safepoint    ] Entering safepoint region: Cleanup
[3130.370s][info ][safepoint    ] Leaving safepoint region
[3130.370s][info ][safepoint    ] Total time for which application threads were stopped: 0.0000740 seconds, Stopping threads took: 0.0000158 seconds
[3130.516s][info ][safepoint    ] Application time: 0.1461587 seconds
[3130.516s][info ][safepoint    ] Entering safepoint region: GenCollectForAllocation
[3130.516s][info ][gc,start     ] GC(806) Pause Young (Allocation Failure)
[3130.516s][info ][gc,task      ] GC(806) Using 4 workers of 4 for evacuation
[3130.520s][debug][gc,ref       ] GC(806) Skipped phase1 of Reference Processing due to unavailable references
[3130.520s][debug][gc,ref       ] GC(806) Skipped phase2 of Reference Processing due to unavailable references
[3130.520s][debug][gc,ref       ] GC(806) Skipped phase3 of Reference Processing due to unavailable references
[3130.520s][debug][gc,ref       ] GC(806) Skipped phase4 of Reference Processing due to unavailable references
[3130.520s][debug][gc,age       ] GC(806) Desired survivor size 15368192 bytes, new threshold 6 (max threshold 6)
[3130.520s][info ][gc,heap      ] GC(806) ParNew: 242674K->3284K(270336K)
[3130.520s][info ][gc,heap      ] GC(806) CMS: 527593K->527720K(600768K)
[3130.520s][info ][gc,metaspace ] GC(806) Metaspace: 59740K->59740K(1103872K)
[3130.520s][info ][gc           ] GC(806) Pause Young (Allocation Failure) 752M->518M(850M) 3.888ms
[3130.520s][info ][gc,cpu       ] GC(806) User=0.01s Sys=0.00s Real=0.00s
[3130.520s][info ][safepoint    ] Leaving safepoint region
[3130.520s][info ][safepoint    ] Total time for which application threads were stopped: 0.0040661 seconds, Stopping threads took: 0.0000154 seconds
[3131.520s][info ][safepoint    ] Application time: 1.0000952 seconds
[3131.520s][info ][safepoint    ] Entering safepoint region: Cleanup
[3131.520s][info ][safepoint    ] Leaving safepoint region
[3131.520s][info ][safepoint    ] Total time for which application threads were stopped: 0.0001022 seconds, Stopping threads took: 0.0000155 seconds
[3132.520s][info ][safepoint    ] Application time: 1.0000870 seconds
[3132.520s][info ][safepoint    ] Entering safepoint region: Cleanup
[3132.521s][info ][safepoint    ] Leaving safepoint region
[3132.521s][info ][safepoint    ] Total time for which application threads were stopped: 0.0000960 seconds, Stopping threads took: 0.0000163 seconds
[3133.521s][info ][safepoint    ] Application time: 1.0001124 seconds
[3133.521s][info ][safepoint    ] Entering safepoint region: Cleanup
[3133.521s][info ][safepoint    ] Leaving safepoint region
[3133.521s][info ][safepoint    ] Total time for which application threads were stopped: 0.0001051 seconds, Stopping threads took: 0.0000158 seconds
[3134.521s][info ][safepoint    ] Application time: 1.0000950 seconds
[3134.521s][info ][safepoint    ] Entering safepoint region: Cleanup
[3134.521s][info ][safepoint    ] Leaving safepoint region
[3134.521s][info ][safepoint    ] Total time for which application threads were stopped: 0.0000878 seconds, Stopping threads took: 0.0000162 seconds
[3134.766s][info ][safepoint    ] Application time: 0.2446361 seconds
[3134.766s][info ][safepoint    ] Entering safepoint region: GenCollectForAllocation
[3134.766s][info ][gc,start     ] GC(807) Pause Young (Allocation Failure)
[3134.766s][info ][gc,task      ] GC(807) Using 4 workers of 4 for evacuation
[3134.769s][debug][gc,ref       ] GC(807) Skipped phase1 of Reference Processing due to unavailable references
[3134.769s][debug][gc,ref       ] GC(807) Skipped phase2 of Reference Processing due to unavailable references
[3134.769s][debug][gc,ref       ] GC(807) Skipped phase3 of Reference Processing due to unavailable references
[3134.769s][debug][gc,ref       ] GC(807) Skipped phase4 of Reference Processing due to unavailable references
[3134.769s][debug][gc,age       ] GC(807) Desired survivor size 15368192 bytes, new threshold 6 (max threshold 6)
[3134.769s][info ][gc,heap      ] GC(807) ParNew: 243604K->2450K(270336K)
[3134.769s][info ][gc,heap      ] GC(807) CMS: 527720K->527907K(600768K)
[3134.769s][info ][gc,metaspace ] GC(807) Metaspace: 59744K->59744K(1103872K)
[3134.769s][info ][gc           ] GC(807) Pause Young (Allocation Failure) 753M->517M(850M) 3.239ms
[3134.769s][info ][gc,cpu       ] GC(807) User=0.01s Sys=0.00s Real=0.00s
[3134.769s][info ][safepoint    ] Leaving safepoint region
[3134.769s][info ][safepoint    ] Total time for which application threads were stopped: 0.0034014 seconds, Stopping threads took: 0.0000170 seconds
[3135.769s][info ][safepoint    ] Application time: 1.0001691 seconds
[3135.769s][info ][safepoint    ] Entering safepoint region: Cleanup
[3135.769s][info ][safepoint    ] Leaving safepoint region
[3135.769s][info ][safepoint    ] Total time for which application threads were stopped: 0.0000785 seconds, Stopping threads took: 0.0000178 seconds
[3136.771s][info ][safepoint    ] Application time: 1.0015812 seconds
[3136.771s][info ][safepoint    ] Entering safepoint region: Cleanup
[3136.771s][info ][safepoint    ] Leaving safepoint region
[3136.771s][info ][safepoint    ] Total time for which application threads were stopped: 0.0001023 seconds, Stopping threads took: 0.0000303 seconds
[3137.771s][info ][safepoint    ] Application time: 1.0000864 seconds
[3137.771s][info ][safepoint    ] Entering safepoint region: Cleanup
[3137.771s][info ][safepoint    ] Leaving safepoint region
[3137.771s][info ][safepoint    ] Total time for which application threads were stopped: 0.0000754 seconds, Stopping threads took: 0.0000159 seconds
[3138.771s][info ][safepoint    ] Application time: 1.0000888 seconds
[3138.771s][info ][safepoint    ] Entering safepoint region: Cleanup
[3138.772s][info ][safepoint    ] Leaving safepoint region
[3138.772s][info ][safepoint    ] Total time for which application threads were stopped: 0.0000717 seconds, Stopping threads took: 0.0000151 seconds
[3139.063s][info ][safepoint    ] Application time: 0.2911487 seconds
[3139.063s][info ][safepoint    ] Entering safepoint region: GenCollectForAllocation
[3139.063s][info ][gc,start     ] GC(808) Pause Young (Allocation Failure)
[3139.063s][info ][gc,task      ] GC(808) Using 4 workers of 4 for evacuation
[3139.066s][debug][gc,ref       ] GC(808) Skipped phase1 of Reference Processing due to unavailable references
[3139.066s][debug][gc,ref       ] GC(808) Skipped phase2 of Reference Processing due to unavailable references
[3139.066s][debug][gc,ref       ] GC(808) Skipped phase3 of Reference Processing due to unavailable references
[3139.066s][debug][gc,ref       ] GC(808) Skipped phase4 of Reference Processing due to unavailable references
[3139.066s][debug][gc,age       ] GC(808) Desired survivor size 15368192 bytes, new threshold 6 (max threshold 6)
[3139.066s][info ][gc,heap      ] GC(808) ParNew: 242770K->2928K(270336K)
[3139.066s][info ][gc,heap      ] GC(808) CMS: 527907K->528146K(600768K)
[3139.066s][info ][gc,metaspace ] GC(808) Metaspace: 59744K->59744K(1103872K)
[3139.066s][info ][gc           ] GC(808) Pause Young (Allocation Failure) 752M->518M(850M) 3.363ms
[3139.066s][info ][gc,cpu       ] GC(808) User=0.01s Sys=0.00s Real=0.01s
[3139.066s][info ][safepoint    ] Leaving safepoint region
[3139.066s][info ][safepoint    ] Total time for which application threads were stopped: 0.0035097 seconds, Stopping threads took: 0.0000148 seconds
[3140.066s][info ][safepoint    ] Application time: 1.0000885 seconds
[3140.066s][info ][safepoint    ] Entering safepoint region: Cleanup
[3140.066s][info ][safepoint    ] Leaving safepoint region
[3140.066s][info ][safepoint    ] Total time for which application threads were stopped: 0.0000736 seconds, Stopping threads took: 0.0000152 seconds
[3141.067s][info ][safepoint    ] Application time: 1.0001061 seconds
[3141.067s][info ][safepoint    ] Entering safepoint region: Cleanup
[3141.067s][info ][safepoint    ] Leaving safepoint region
[3141.067s][info ][safepoint    ] Total time for which application threads were stopped: 0.0001338 seconds, Stopping threads took: 0.0000599 seconds
[3142.067s][info ][safepoint    ] Application time: 1.0000683 seconds
[3142.067s][info ][safepoint    ] Entering safepoint region: Cleanup
[3142.067s][info ][safepoint    ] Leaving safepoint region
[3142.067s][info ][safepoint    ] Total time for which application threads were stopped: 0.0000810 seconds, Stopping threads took: 0.0000158 seconds
[3143.067s][info ][safepoint    ] Application time: 1.0001022 seconds
[3143.067s][info ][safepoint    ] Entering safepoint region: Cleanup
[3143.067s][info ][safepoint    ] Leaving safepoint region
[3143.067s][info ][safepoint    ] Total time for which application threads were stopped: 0.0001783 seconds, Stopping threads took: 0.0001039 seconds
[3143.264s][info ][safepoint    ] Application time: 0.1968712 seconds
[3143.264s][info ][safepoint    ] Entering safepoint region: GenCollectForAllocation
[3143.264s][info ][gc,start     ] GC(809) Pause Young (Allocation Failure)
[3143.264s][info ][gc,task      ] GC(809) Using 4 workers of 4 for evacuation
[3143.267s][debug][gc,ref       ] GC(809) Skipped phase1 of Reference Processing due to unavailable references
[3143.267s][debug][gc,ref       ] GC(809) Skipped phase2 of Reference Processing due to unavailable references
[3143.267s][debug][gc,ref       ] GC(809) Skipped phase3 of Reference Processing due to unavailable references
[3143.267s][debug][gc,ref       ] GC(809) Skipped phase4 of Reference Processing due to unavailable references
[3143.268s][debug][gc,age       ] GC(809) Desired survivor size 15368192 bytes, new threshold 6 (max threshold 6)
[3143.268s][info ][gc,heap      ] GC(809) ParNew: 243248K->2281K(270336K)
[3143.268s][info ][gc,heap      ] GC(809) CMS: 528146K->528426K(600768K)
[3143.268s][info ][gc,metaspace ] GC(809) Metaspace: 59744K->59744K(1103872K)
[3143.268s][info ][gc           ] GC(809) Pause Young (Allocation Failure) 753M->518M(850M) 3.333ms
[3143.268s][info ][gc,cpu       ] GC(809) User=0.01s Sys=0.00s Real=0.00s
[3143.268s][info ][safepoint    ] Leaving safepoint region
[3143.268s][info ][safepoint    ] Total time for which application threads were stopped: 0.0034874 seconds, Stopping threads took: 0.0000286 seconds
[3144.268s][info ][safepoint    ] Application time: 1.0001015 seconds
[3144.268s][info ][safepoint    ] Entering safepoint region: Cleanup
[3144.268s][info ][safepoint    ] Leaving safepoint region
[3144.268s][info ][safepoint    ] Total time for which application threads were stopped: 0.0000781 seconds, Stopping threads took: 0.0000158 seconds
[3145.268s][info ][safepoint    ] Application time: 1.0000741 seconds
[3145.268s][info ][safepoint    ] Entering safepoint region: Cleanup
[3145.268s][info ][safepoint    ] Leaving safepoint region
[3145.268s][info ][safepoint    ] Total time for which application threads were stopped: 0.0000760 seconds, Stopping threads took: 0.0000156 seconds
[3146.268s][info ][safepoint    ] Application time: 1.0001562 seconds
[3146.268s][info ][safepoint    ] Entering safepoint region: Cleanup
[3146.268s][info ][safepoint    ] Leaving safepoint region
[3146.268s][info ][safepoint    ] Total time for which application threads were stopped: 0.0000770 seconds, Stopping threads took: 0.0000173 seconds
[3147.268s][info ][safepoint    ] Application time: 1.0000990 seconds
[3147.268s][info ][safepoint    ] Entering safepoint region: Cleanup
[3147.269s][info ][safepoint    ] Leaving safepoint region
[3147.269s][info ][safepoint    ] Total time for which application threads were stopped: 0.0000774 seconds, Stopping threads took: 0.0000167 seconds
[3147.659s][info ][safepoint    ] Application time: 0.3907322 seconds
[3147.659s][info ][safepoint    ] Entering safepoint region: GenCollectForAllocation
[3147.659s][info ][gc,start     ] GC(810) Pause Young (Allocation Failure)
[3147.659s][info ][gc,task      ] GC(810) Using 4 workers of 4 for evacuation
[3147.663s][debug][gc,ref       ] GC(810) Skipped phase1 of Reference Processing due to unavailable references
[3147.663s][debug][gc,ref       ] GC(810) Skipped phase2 of Reference Processing due to unavailable references
[3147.663s][debug][gc,ref       ] GC(810) Skipped phase3 of Reference Processing due to unavailable references
[3147.663s][debug][gc,ref       ] GC(810) Skipped phase4 of Reference Processing due to unavailable references
[3147.663s][debug][gc,age       ] GC(810) Desired survivor size 15368192 bytes, new threshold 6 (max threshold 6)
[3147.663s][info ][gc,heap      ] GC(810) ParNew: 242601K->2266K(270336K)
[3147.663s][info ][gc,heap      ] GC(810) CMS: 528426K->528794K(600768K)
[3147.663s][info ][gc,metaspace ] GC(810) Metaspace: 59744K->59744K(1103872K)
[3147.663s][info ][gc           ] GC(810) Pause Young (Allocation Failure) 752M->518M(850M) 3.776ms
[3147.663s][info ][gc,cpu       ] GC(810) User=0.02s Sys=0.00s Real=0.00s
[3147.663s][info ][safepoint    ] Leaving safepoint region
[3147.663s][info ][safepoint    ] Total time for which application threads were stopped: 0.0039368 seconds, Stopping threads took: 0.0000155 seconds
[3148.663s][info ][safepoint    ] Application time: 1.0000958 seconds
[3148.663s][info ][safepoint    ] Entering safepoint region: Cleanup
[3148.663s][info ][safepoint    ] Leaving safepoint region
[3148.663s][info ][safepoint    ] Total time for which application threads were stopped: 0.0001252 seconds, Stopping threads took: 0.0000497 seconds
[3149.664s][info ][safepoint    ] Application time: 1.0000838 seconds
[3149.664s][info ][safepoint    ] Entering safepoint region: Cleanup
[3149.664s][info ][safepoint    ] Leaving safepoint region
[3149.664s][info ][safepoint    ] Total time for which application threads were stopped: 0.0001519 seconds, Stopping threads took: 0.0000710 seconds
[3150.664s][info ][safepoint    ] Application time: 1.0000850 seconds
[3150.664s][info ][safepoint    ] Entering safepoint region: Cleanup
[3150.664s][info ][safepoint    ] Leaving safepoint region
[3150.664s][info ][safepoint    ] Total time for which application threads were stopped: 0.0001577 seconds, Stopping threads took: 0.0000861 seconds
[3151.664s][info ][safepoint    ] Application time: 1.0000776 seconds
[3151.664s][info ][safepoint    ] Entering safepoint region: Cleanup
[3151.664s][info ][safepoint    ] Leaving safepoint region
[3151.664s][info ][safepoint    ] Total time for which application threads were stopped: 0.0001404 seconds, Stopping threads took: 0.0000620 seconds
[3151.815s][info ][safepoint    ] Application time: 0.1510261 seconds
[3151.815s][info ][safepoint    ] Entering safepoint region: GenCollectForAllocation
[3151.816s][info ][gc,start     ] GC(811) Pause Young (Allocation Failure)
[3151.816s][info ][gc,task      ] GC(811) Using 4 workers of 4 for evacuation
[3151.818s][debug][gc,ref       ] GC(811) Skipped phase1 of Reference Processing due to unavailable references
[3151.818s][debug][gc,ref       ] GC(811) Skipped phase2 of Reference Processing due to unavailable references
[3151.818s][debug][gc,ref       ] GC(811) Skipped phase3 of Reference Processing due to unavailable references
[3151.818s][debug][gc,ref       ] GC(811) Skipped phase4 of Reference Processing due to unavailable references
[3151.818s][debug][gc,age       ] GC(811) Desired survivor size 15368192 bytes, new threshold 6 (max threshold 6)
[3151.818s][info ][gc,heap      ] GC(811) ParNew: 242586K->2210K(270336K)
[3151.818s][info ][gc,heap      ] GC(811) CMS: 528794K->529067K(600768K)
[3151.819s][info ][gc,metaspace ] GC(811) Metaspace: 59744K->59744K(1103872K)
[3151.819s][info ][gc           ] GC(811) Pause Young (Allocation Failure) 753M->518M(850M) 3.011ms
[3151.819s][info ][gc,cpu       ] GC(811) User=0.01s Sys=0.00s Real=0.00s
[3151.819s][info ][safepoint    ] Leaving safepoint region
[3151.819s][info ][safepoint    ] Total time for which application threads were stopped: 0.0031597 seconds, Stopping threads took: 0.0000150 seconds
[3152.819s][info ][safepoint    ] Application time: 1.0000547 seconds
[3152.819s][info ][safepoint    ] Entering safepoint region: Cleanup
[3152.819s][info ][safepoint    ] Leaving safepoint region
[3152.819s][info ][safepoint    ] Total time for which application threads were stopped: 0.0001489 seconds, Stopping threads took: 0.0000891 seconds
[3153.819s][info ][safepoint    ] Application time: 1.0000785 seconds
[3153.819s][info ][safepoint    ] Entering safepoint region: Cleanup
[3153.819s][info ][safepoint    ] Leaving safepoint region
[3153.819s][info ][safepoint    ] Total time for which application threads were stopped: 0.0000866 seconds, Stopping threads took: 0.0000161 seconds
[3154.819s][info ][safepoint    ] Application time: 1.0000891 seconds
[3154.819s][info ][safepoint    ] Entering safepoint region: Cleanup
[3154.819s][info ][safepoint    ] Leaving safepoint region
[3154.819s][info ][safepoint    ] Total time for which application threads were stopped: 0.0000779 seconds, Stopping threads took: 0.0000159 seconds
[3155.819s][info ][safepoint    ] Application time: 1.0000893 seconds
[3155.819s][info ][safepoint    ] Entering safepoint region: Cleanup
[3155.819s][info ][safepoint    ] Leaving safepoint region
[3155.819s][info ][safepoint    ] Total time for which application threads were stopped: 0.0000772 seconds, Stopping threads took: 0.0000164 seconds
[3156.111s][info ][safepoint    ] Application time: 0.2913216 seconds
[3156.111s][info ][safepoint    ] Entering safepoint region: GenCollectForAllocation
[3156.111s][info ][gc,start     ] GC(812) Pause Young (Allocation Failure)
[3156.111s][info ][gc,task      ] GC(812) Using 4 workers of 4 for evacuation
[3156.114s][debug][gc,ref       ] GC(812) Skipped phase1 of Reference Processing due to unavailable references
[3156.114s][debug][gc,ref       ] GC(812) Skipped phase2 of Reference Processing due to unavailable references
[3156.114s][debug][gc,ref       ] GC(812) Skipped phase3 of Reference Processing due to unavailable references
[3156.114s][debug][gc,ref       ] GC(812) Skipped phase4 of Reference Processing due to unavailable references
[3156.114s][debug][gc,age       ] GC(812) Desired survivor size 15368192 bytes, new threshold 6 (max threshold 6)
[3156.114s][info ][gc,heap      ] GC(812) ParNew: 242530K->2309K(270336K)
[3156.114s][info ][gc,heap      ] GC(812) CMS: 529067K->529309K(600768K)
[3156.114s][info ][gc,metaspace ] GC(812) Metaspace: 59744K->59744K(1103872K)
[3156.114s][info ][gc           ] GC(812) Pause Young (Allocation Failure) 753M->519M(850M) 3.068ms
[3156.114s][info ][gc,cpu       ] GC(812) User=0.01s Sys=0.00s Real=0.01s
[3156.114s][info ][safepoint    ] Leaving safepoint region
[3156.114s][info ][safepoint    ] Total time for which application threads were stopped: 0.0032273 seconds, Stopping threads took: 0.0000164 seconds
[3157.114s][info ][safepoint    ] Application time: 1.0001029 seconds
[3157.114s][info ][safepoint    ] Entering safepoint region: Cleanup
[3157.114s][info ][safepoint    ] Leaving safepoint region
[3157.114s][info ][safepoint    ] Total time for which application threads were stopped: 0.0002014 seconds, Stopping threads took: 0.0000484 seconds
[3158.114s][info ][safepoint    ] Application time: 1.0000851 seconds
[3158.115s][info ][safepoint    ] Entering safepoint region: Cleanup
[3158.115s][info ][safepoint    ] Leaving safepoint region
[3158.115s][info ][safepoint    ] Total time for which application threads were stopped: 0.0001614 seconds, Stopping threads took: 0.0000862 seconds
[3159.115s][info ][safepoint    ] Application time: 1.0000904 seconds
[3159.115s][info ][safepoint    ] Entering safepoint region: Cleanup
[3159.115s][info ][safepoint    ] Leaving safepoint region
[3159.115s][info ][safepoint    ] Total time for which application threads were stopped: 0.0001279 seconds, Stopping threads took: 0.0000553 seconds
[3160.115s][info ][safepoint    ] Application time: 1.0000982 seconds
[3160.115s][info ][safepoint    ] Entering safepoint region: Cleanup
[3160.115s][info ][safepoint    ] Leaving safepoint region
[3160.115s][info ][safepoint    ] Total time for which application threads were stopped: 0.0001298 seconds, Stopping threads took: 0.0000620 seconds
[3160.510s][info ][safepoint    ] Application time: 0.3948119 seconds
[3160.510s][info ][safepoint    ] Entering safepoint region: GenCollectForAllocation
[3160.510s][info ][gc,start     ] GC(813) Pause Young (Allocation Failure)
[3160.510s][info ][gc,task      ] GC(813) Using 4 workers of 4 for evacuation
[3160.513s][debug][gc,ref       ] GC(813) Skipped phase1 of Reference Processing due to unavailable references
[3160.513s][debug][gc,ref       ] GC(813) Skipped phase2 of Reference Processing due to unavailable references
[3160.513s][debug][gc,ref       ] GC(813) Skipped phase3 of Reference Processing due to unavailable references
[3160.513s][debug][gc,ref       ] GC(813) Skipped phase4 of Reference Processing due to unavailable references
[3160.513s][debug][gc,age       ] GC(813) Desired survivor size 15368192 bytes, new threshold 6 (max threshold 6)
[3160.513s][info ][gc,heap      ] GC(813) ParNew: 242629K->1962K(270336K)
[3160.513s][info ][gc,heap      ] GC(813) CMS: 529309K->529371K(600768K)
[3160.513s][info ][gc,metaspace ] GC(813) Metaspace: 59745K->59745K(1103872K)
[3160.513s][info ][gc           ] GC(813) Pause Young (Allocation Failure) 753M->518M(850M) 2.817ms
[3160.513s][info ][gc,cpu       ] GC(813) User=0.01s Sys=0.00s Real=0.01s
[3160.513s][info ][safepoint    ] Leaving safepoint region
[3160.513s][info ][safepoint    ] Total time for which application threads were stopped: 0.0029741 seconds, Stopping threads took: 0.0000150 seconds
[3161.513s][info ][safepoint    ] Application time: 1.0000936 seconds
[3161.513s][info ][safepoint    ] Entering safepoint region: Cleanup
[3161.513s][info ][safepoint    ] Leaving safepoint region
[3161.513s][info ][safepoint    ] Total time for which application threads were stopped: 0.0001594 seconds, Stopping threads took: 0.0000769 seconds
[3162.513s][info ][safepoint    ] Application time: 1.0001040 seconds
[3162.513s][info ][safepoint    ] Entering safepoint region: Cleanup
[3162.514s][info ][safepoint    ] Leaving safepoint region
[3162.514s][info ][safepoint    ] Total time for which application threads were stopped: 0.0001223 seconds, Stopping threads took: 0.0000510 seconds
[3163.514s][info ][safepoint    ] Application time: 1.0000903 seconds
[3163.514s][info ][safepoint    ] Entering safepoint region: Cleanup
[3163.514s][info ][safepoint    ] Leaving safepoint region
[3163.514s][info ][safepoint    ] Total time for which application threads were stopped: 0.0001474 seconds, Stopping threads took: 0.0000795 seconds
[3164.514s][info ][safepoint    ] Application time: 1.0000929 seconds
[3164.514s][info ][safepoint    ] Entering safepoint region: Cleanup
[3164.514s][info ][safepoint    ] Leaving safepoint region
[3164.514s][info ][safepoint    ] Total time for which application threads were stopped: 0.0001885 seconds, Stopping threads took: 0.0000804 seconds
[3164.964s][info ][safepoint    ] Application time: 0.4498851 seconds
[3164.964s][info ][safepoint    ] Entering safepoint region: GenCollectForAllocation
[3164.964s][info ][gc,start     ] GC(814) Pause Young (Allocation Failure)
[3164.964s][info ][gc,task      ] GC(814) Using 4 workers of 4 for evacuation
[3164.967s][debug][gc,ref       ] GC(814) Skipped phase1 of Reference Processing due to unavailable references
[3164.967s][debug][gc,ref       ] GC(814) Skipped phase2 of Reference Processing due to unavailable references
[3164.967s][debug][gc,ref       ] GC(814) Skipped phase3 of Reference Processing due to unavailable references
[3164.967s][debug][gc,ref       ] GC(814) Skipped phase4 of Reference Processing due to unavailable references
[3164.967s][debug][gc,age       ] GC(814) Desired survivor size 15368192 bytes, new threshold 6 (max threshold 6)
[3164.967s][info ][gc,heap      ] GC(814) ParNew: 242282K->2098K(270336K)
[3164.967s][info ][gc,heap      ] GC(814) CMS: 529371K->529393K(600768K)
[3164.967s][info ][gc,metaspace ] GC(814) Metaspace: 59745K->59745K(1103872K)
[3164.967s][info ][gc           ] GC(814) Pause Young (Allocation Failure) 753M->519M(850M) 2.645ms
[3164.967s][info ][gc,cpu       ] GC(814) User=0.00s Sys=0.00s Real=0.00s
[3164.967s][info ][safepoint    ] Leaving safepoint region
[3164.967s][info ][safepoint    ] Total time for which application threads were stopped: 0.0028205 seconds, Stopping threads took: 0.0000156 seconds
[3165.967s][info ][safepoint    ] Application time: 1.0001014 seconds
[3165.967s][info ][safepoint    ] Entering safepoint region: Cleanup
[3165.967s][info ][safepoint    ] Leaving safepoint region
[3165.967s][info ][safepoint    ] Total time for which application threads were stopped: 0.0000760 seconds, Stopping threads took: 0.0000170 seconds
[3166.967s][info ][safepoint    ] Application time: 1.0000895 seconds
[3166.967s][info ][safepoint    ] Entering safepoint region: Cleanup
[3166.967s][info ][safepoint    ] Leaving safepoint region
[3166.967s][info ][safepoint    ] Total time for which application threads were stopped: 0.0001029 seconds, Stopping threads took: 0.0000291 seconds
[3167.967s][info ][safepoint    ] Application time: 1.0000618 seconds
[3167.967s][info ][safepoint    ] Entering safepoint region: Cleanup
[3167.968s][info ][safepoint    ] Leaving safepoint region
[3167.968s][info ][safepoint    ] Total time for which application threads were stopped: 0.0000751 seconds, Stopping threads took: 0.0000160 seconds
[3168.968s][info ][safepoint    ] Application time: 1.0000913 seconds
[3168.968s][info ][safepoint    ] Entering safepoint region: Cleanup
[3168.968s][info ][safepoint    ] Leaving safepoint region
[3168.968s][info ][safepoint    ] Total time for which application threads were stopped: 0.0001077 seconds, Stopping threads took: 0.0000478 seconds
[3169.508s][info ][safepoint    ] Application time: 0.5402755 seconds
[3169.508s][info ][safepoint    ] Entering safepoint region: GenCollectForAllocation
[3169.508s][info ][gc,start     ] GC(815) Pause Young (Allocation Failure)
[3169.508s][info ][gc,task      ] GC(815) Using 4 workers of 4 for evacuation
[3169.511s][debug][gc,ref       ] GC(815) Skipped phase1 of Reference Processing due to unavailable references
[3169.511s][debug][gc,ref       ] GC(815) Skipped phase2 of Reference Processing due to unavailable references
[3169.511s][debug][gc,ref       ] GC(815) Skipped phase3 of Reference Processing due to unavailable references
[3169.511s][debug][gc,ref       ] GC(815) Skipped phase4 of Reference Processing due to unavailable references
[3169.511s][debug][gc,age       ] GC(815) Desired survivor size 15368192 bytes, new threshold 6 (max threshold 6)
[3169.511s][info ][gc,heap      ] GC(815) ParNew: 242418K->1747K(270336K)
[3169.511s][info ][gc,heap      ] GC(815) CMS: 529393K->529908K(600768K)
[3169.511s][info ][gc,metaspace ] GC(815) Metaspace: 59745K->59745K(1103872K)
[3169.511s][info ][gc           ] GC(815) Pause Young (Allocation Failure) 753M->519M(850M) 2.773ms
[3169.511s][info ][gc,cpu       ] GC(815) User=0.01s Sys=0.00s Real=0.00s
[3169.511s][info ][safepoint    ] Leaving safepoint region
[3169.511s][info ][safepoint    ] Total time for which application threads were stopped: 0.0029782 seconds, Stopping threads took: 0.0000760 seconds
[3170.511s][info ][safepoint    ] Application time: 1.0001095 seconds
[3170.511s][info ][safepoint    ] Entering safepoint region: Cleanup
[3170.511s][info ][safepoint    ] Leaving safepoint region
[3170.511s][info ][safepoint    ] Total time for which application threads were stopped: 0.0001255 seconds, Stopping threads took: 0.0000474 seconds
[3171.512s][info ][safepoint    ] Application time: 1.0001601 seconds
[3171.512s][info ][safepoint    ] Entering safepoint region: Cleanup
[3171.512s][info ][safepoint    ] Leaving safepoint region
[3171.512s][info ][safepoint    ] Total time for which application threads were stopped: 0.0001229 seconds, Stopping threads took: 0.0000428 seconds
[3172.512s][info ][safepoint    ] Application time: 1.0001067 seconds
[3172.512s][info ][safepoint    ] Entering safepoint region: Cleanup
[3172.512s][info ][safepoint    ] Leaving safepoint region
[3172.512s][info ][safepoint    ] Total time for which application threads were stopped: 0.0001404 seconds, Stopping threads took: 0.0000671 seconds
[3173.512s][info ][safepoint    ] Application time: 1.0000863 seconds
[3173.512s][info ][safepoint    ] Entering safepoint region: Cleanup
[3173.512s][info ][safepoint    ] Leaving safepoint region
[3173.512s][info ][safepoint    ] Total time for which application threads were stopped: 0.0001520 seconds, Stopping threads took: 0.0000820 seconds
[3173.808s][info ][safepoint    ] Application time: 0.2960397 seconds
[3173.808s][info ][safepoint    ] Entering safepoint region: GenCollectForAllocation
[3173.808s][info ][gc,start     ] GC(816) Pause Young (Allocation Failure)
[3173.809s][info ][gc,task      ] GC(816) Using 4 workers of 4 for evacuation
[3173.811s][debug][gc,ref       ] GC(816) Skipped phase1 of Reference Processing due to unavailable references
[3173.811s][debug][gc,ref       ] GC(816) Skipped phase2 of Reference Processing due to unavailable references
[3173.811s][debug][gc,ref       ] GC(816) Skipped phase3 of Reference Processing due to unavailable references
[3173.811s][debug][gc,ref       ] GC(816) Skipped phase4 of Reference Processing due to unavailable references
[3173.811s][debug][gc,age       ] GC(816) Desired survivor size 15368192 bytes, new threshold 6 (max threshold 6)
[3173.811s][info ][gc,heap      ] GC(816) ParNew: 242067K->1879K(270336K)
[3173.812s][info ][gc,heap      ] GC(816) CMS: 529908K->530123K(600768K)
[3173.812s][info ][gc,metaspace ] GC(816) Metaspace: 59748K->59748K(1103872K)
[3173.812s][info ][gc           ] GC(816) Pause Young (Allocation Failure) 753M->519M(850M) 3.034ms
[3173.812s][info ][gc,cpu       ] GC(816) User=0.01s Sys=0.00s Real=0.00s
[3173.812s][info ][safepoint    ] Leaving safepoint region
[3173.812s][info ][safepoint    ] Total time for which application threads were stopped: 0.0032321 seconds, Stopping threads took: 0.0000642 seconds
[3174.812s][info ][safepoint    ] Application time: 1.0001040 seconds
[3174.812s][info ][safepoint    ] Entering safepoint region: Cleanup
[3174.812s][info ][safepoint    ] Leaving safepoint region
[3174.812s][info ][safepoint    ] Total time for which application threads were stopped: 0.0001381 seconds, Stopping threads took: 0.0000600 seconds
[3175.812s][info ][safepoint    ] Application time: 1.0001025 seconds
[3175.812s][info ][safepoint    ] Entering safepoint region: Cleanup
[3175.812s][info ][safepoint    ] Leaving safepoint region
[3175.812s][info ][safepoint    ] Total time for which application threads were stopped: 0.0001330 seconds, Stopping threads took: 0.0000465 seconds
[3176.812s][info ][safepoint    ] Application time: 1.0001249 seconds
[3176.812s][info ][safepoint    ] Entering safepoint region: Cleanup
[3176.812s][info ][safepoint    ] Leaving safepoint region
[3176.812s][info ][safepoint    ] Total time for which application threads were stopped: 0.0001315 seconds, Stopping threads took: 0.0000173 seconds
[3177.813s][info ][safepoint    ] Application time: 1.0000910 seconds
[3177.813s][info ][safepoint    ] Entering safepoint region: Cleanup
[3177.813s][info ][safepoint    ] Leaving safepoint region
[3177.813s][info ][safepoint    ] Total time for which application threads were stopped: 0.0001222 seconds, Stopping threads took: 0.0000459 seconds
[3178.060s][info ][safepoint    ] Application time: 0.2470440 seconds
[3178.060s][info ][safepoint    ] Entering safepoint region: GenCollectForAllocation
[3178.060s][info ][gc,start     ] GC(817) Pause Young (Allocation Failure)
[3178.060s][info ][gc,task      ] GC(817) Using 4 workers of 4 for evacuation
[3178.063s][debug][gc,ref       ] GC(817) Skipped phase1 of Reference Processing due to unavailable references
[3178.063s][debug][gc,ref       ] GC(817) Skipped phase2 of Reference Processing due to unavailable references
[3178.063s][debug][gc,ref       ] GC(817) Skipped phase3 of Reference Processing due to unavailable references
[3178.063s][debug][gc,ref       ] GC(817) Skipped phase4 of Reference Processing due to unavailable references
[3178.063s][debug][gc,age       ] GC(817) Desired survivor size 15368192 bytes, new threshold 6 (max threshold 6)
[3178.063s][info ][gc,heap      ] GC(817) ParNew: 242199K->1903K(270336K)
[3178.063s][info ][gc,heap      ] GC(817) CMS: 530123K->530297K(600768K)
[3178.063s][info ][gc,metaspace ] GC(817) Metaspace: 59748K->59748K(1103872K)
[3178.063s][info ][gc           ] GC(817) Pause Young (Allocation Failure) 754M->519M(850M) 3.058ms
[3178.063s][info ][gc,cpu       ] GC(817) User=0.01s Sys=0.00s Real=0.00s
[3178.063s][info ][safepoint    ] Leaving safepoint region
[3178.063s][info ][safepoint    ] Total time for which application threads were stopped: 0.0032313 seconds, Stopping threads took: 0.0000160 seconds
[3179.063s][info ][safepoint    ] Application time: 1.0001118 seconds
[3179.063s][info ][safepoint    ] Entering safepoint region: Cleanup
[3179.063s][info ][safepoint    ] Leaving safepoint region
[3179.063s][info ][safepoint    ] Total time for which application threads were stopped: 0.0001207 seconds, Stopping threads took: 0.0000516 seconds
[3180.063s][info ][safepoint    ] Application time: 1.0000971 seconds
[3180.063s][info ][safepoint    ] Entering safepoint region: Cleanup
[3180.064s][info ][safepoint    ] Leaving safepoint region
[3180.064s][info ][safepoint    ] Total time for which application threads were stopped: 0.0001712 seconds, Stopping threads took: 0.0000971 seconds
[3181.064s][info ][safepoint    ] Application time: 1.0000904 seconds
[3181.064s][info ][safepoint    ] Entering safepoint region: Cleanup
[3181.064s][info ][safepoint    ] Leaving safepoint region
[3181.064s][info ][safepoint    ] Total time for which application threads were stopped: 0.0001483 seconds, Stopping threads took: 0.0000765 seconds
[3182.064s][info ][safepoint    ] Application time: 1.0000906 seconds
[3182.064s][info ][safepoint    ] Entering safepoint region: Cleanup
[3182.064s][info ][safepoint    ] Leaving safepoint region
[3182.064s][info ][safepoint    ] Total time for which application threads were stopped: 0.0001464 seconds, Stopping threads took: 0.0000654 seconds
[3182.163s][info ][safepoint    ] Application time: 0.0992935 seconds
[3182.163s][info ][safepoint    ] Entering safepoint region: GenCollectForAllocation
[3182.164s][info ][gc,start     ] GC(818) Pause Young (Allocation Failure)
[3182.164s][info ][gc,task      ] GC(818) Using 4 workers of 4 for evacuation
[3182.167s][debug][gc,ref       ] GC(818) Skipped phase1 of Reference Processing due to unavailable references
[3182.167s][debug][gc,ref       ] GC(818) Skipped phase2 of Reference Processing due to unavailable references
[3182.167s][debug][gc,ref       ] GC(818) Skipped phase3 of Reference Processing due to unavailable references
[3182.167s][debug][gc,ref       ] GC(818) Skipped phase4 of Reference Processing due to unavailable references
[3182.167s][debug][gc,age       ] GC(818) Desired survivor size 15368192 bytes, new threshold 6 (max threshold 6)
[3182.167s][info ][gc,heap      ] GC(818) ParNew: 242223K->3485K(270336K)
[3182.167s][info ][gc,heap      ] GC(818) CMS: 530297K->530418K(600768K)
[3182.167s][info ][gc,metaspace ] GC(818) Metaspace: 59750K->59750K(1103872K)
[3182.167s][info ][gc           ] GC(818) Pause Young (Allocation Failure) 754M->521M(850M) 3.473ms
[3182.167s][info ][gc,cpu       ] GC(818) User=0.01s Sys=0.00s Real=0.01s
[3182.167s][info ][safepoint    ] Leaving safepoint region
[3182.167s][info ][safepoint    ] Total time for which application threads were stopped: 0.0036284 seconds, Stopping threads took: 0.0000146 seconds
[3183.167s][info ][safepoint    ] Application time: 1.0001116 seconds
[3183.167s][info ][safepoint    ] Entering safepoint region: Cleanup
[3183.167s][info ][safepoint    ] Leaving safepoint region
[3183.167s][info ][safepoint    ] Total time for which application threads were stopped: 0.0000793 seconds, Stopping threads took: 0.0000151 seconds
[3184.167s][info ][safepoint    ] Application time: 1.0000643 seconds
[3184.167s][info ][safepoint    ] Entering safepoint region: Cleanup
[3184.168s][info ][safepoint    ] Leaving safepoint region
[3184.168s][info ][safepoint    ] Total time for which application threads were stopped: 0.0001249 seconds, Stopping threads took: 0.0000431 seconds
[3185.168s][info ][safepoint    ] Application time: 1.0001589 seconds
[3185.168s][info ][safepoint    ] Entering safepoint region: Cleanup
[3185.168s][info ][safepoint    ] Leaving safepoint region
[3185.168s][info ][safepoint    ] Total time for which application threads were stopped: 0.0001896 seconds, Stopping threads took: 0.0000171 seconds
[3186.168s][info ][safepoint    ] Application time: 1.0002082 seconds
[3186.168s][info ][safepoint    ] Entering safepoint region: Cleanup
[3186.168s][info ][safepoint    ] Leaving safepoint region
[3186.168s][info ][safepoint    ] Total time for which application threads were stopped: 0.0000800 seconds, Stopping threads took: 0.0000168 seconds
[3186.509s][info ][safepoint    ] Application time: 0.3403468 seconds
[3186.509s][info ][safepoint    ] Entering safepoint region: GenCollectForAllocation
[3186.509s][info ][gc,start     ] GC(819) Pause Young (Allocation Failure)
[3186.509s][info ][gc,task      ] GC(819) Using 4 workers of 4 for evacuation
[3186.512s][debug][gc,ref       ] GC(819) Skipped phase1 of Reference Processing due to unavailable references
[3186.512s][debug][gc,ref       ] GC(819) Skipped phase2 of Reference Processing due to unavailable references
[3186.512s][debug][gc,ref       ] GC(819) Skipped phase3 of Reference Processing due to unavailable references
[3186.512s][debug][gc,ref       ] GC(819) Skipped phase4 of Reference Processing due to unavailable references
[3186.512s][debug][gc,age       ] GC(819) Desired survivor size 15368192 bytes, new threshold 6 (max threshold 6)
[3186.512s][info ][gc,heap      ] GC(819) ParNew: 243805K->4303K(270336K)
[3186.512s][info ][gc,heap      ] GC(819) CMS: 530418K->530503K(600768K)
[3186.512s][info ][gc,metaspace ] GC(819) Metaspace: 59753K->59753K(1103872K)
[3186.512s][info ][gc           ] GC(819) Pause Young (Allocation Failure) 756M->522M(850M) 3.533ms
[3186.512s][info ][gc,cpu       ] GC(819) User=0.02s Sys=0.00s Real=0.01s
[3186.512s][info ][safepoint    ] Leaving safepoint region
[3186.512s][info ][safepoint    ] Total time for which application threads were stopped: 0.0037527 seconds, Stopping threads took: 0.0000745 seconds
[3187.513s][info ][safepoint    ] Application time: 1.0001112 seconds
[3187.513s][info ][safepoint    ] Entering safepoint region: Cleanup
[3187.513s][info ][safepoint    ] Leaving safepoint region
[3187.513s][info ][safepoint    ] Total time for which application threads were stopped: 0.0001177 seconds, Stopping threads took: 0.0000468 seconds
[3188.513s][info ][safepoint    ] Application time: 1.0000849 seconds
[3188.513s][info ][safepoint    ] Entering safepoint region: Cleanup
[3188.513s][info ][safepoint    ] Leaving safepoint region
[3188.513s][info ][safepoint    ] Total time for which application threads were stopped: 0.0001952 seconds, Stopping threads took: 0.0001204 seconds
[3189.513s][info ][safepoint    ] Application time: 1.0000897 seconds
[3189.513s][info ][safepoint    ] Entering safepoint region: Cleanup
[3189.513s][info ][safepoint    ] Leaving safepoint region
[3189.513s][info ][safepoint    ] Total time for which application threads were stopped: 0.0001955 seconds, Stopping threads took: 0.0000775 seconds
[3190.513s][info ][safepoint    ] Application time: 1.0000875 seconds
[3190.513s][info ][safepoint    ] Entering safepoint region: Cleanup
[3190.514s][info ][safepoint    ] Leaving safepoint region
[3190.514s][info ][safepoint    ] Total time for which application threads were stopped: 0.0001347 seconds, Stopping threads took: 0.0000620 seconds
[3190.966s][info ][safepoint    ] Application time: 0.4521494 seconds
[3190.966s][info ][safepoint    ] Entering safepoint region: GenCollectForAllocation
[3190.966s][info ][gc,start     ] GC(820) Pause Young (Allocation Failure)
[3190.966s][info ][gc,task      ] GC(820) Using 4 workers of 4 for evacuation
[3190.969s][debug][gc,ref       ] GC(820) Skipped phase1 of Reference Processing due to unavailable references
[3190.969s][debug][gc,ref       ] GC(820) Skipped phase2 of Reference Processing due to unavailable references
[3190.969s][debug][gc,ref       ] GC(820) Skipped phase3 of Reference Processing due to unavailable references
[3190.969s][debug][gc,ref       ] GC(820) Skipped phase4 of Reference Processing due to unavailable references
[3190.969s][debug][gc,age       ] GC(820) Desired survivor size 15368192 bytes, new threshold 6 (max threshold 6)
[3190.969s][info ][gc,heap      ] GC(820) ParNew: 244623K->4179K(270336K)
[3190.969s][info ][gc,heap      ] GC(820) CMS: 530503K->530625K(600768K)
[3190.969s][info ][gc,metaspace ] GC(820) Metaspace: 59753K->59753K(1103872K)
[3190.969s][info ][gc           ] GC(820) Pause Young (Allocation Failure) 756M->522M(850M) 3.550ms
[3190.969s][info ][gc,cpu       ] GC(820) User=0.01s Sys=0.00s Real=0.00s
[3190.969s][info ][safepoint    ] Leaving safepoint region
[3190.969s][info ][safepoint    ] Total time for which application threads were stopped: 0.0037117 seconds, Stopping threads took: 0.0000145 seconds
[3191.970s][info ][safepoint    ] Application time: 1.0001103 seconds
[3191.970s][info ][safepoint    ] Entering safepoint region: Cleanup
[3191.970s][info ][safepoint    ] Leaving safepoint region
[3191.970s][info ][safepoint    ] Total time for which application threads were stopped: 0.0000805 seconds, Stopping threads took: 0.0000164 seconds
[3192.970s][info ][safepoint    ] Application time: 1.0000869 seconds
[3192.970s][info ][safepoint    ] Entering safepoint region: Cleanup
[3192.970s][info ][safepoint    ] Leaving safepoint region
[3192.970s][info ][safepoint    ] Total time for which application threads were stopped: 0.0000710 seconds, Stopping threads took: 0.0000138 seconds
[3193.970s][info ][safepoint    ] Application time: 1.0000860 seconds
[3193.970s][info ][safepoint    ] Entering safepoint region: Cleanup
[3193.970s][info ][safepoint    ] Leaving safepoint region
[3193.970s][info ][safepoint    ] Total time for which application threads were stopped: 0.0000841 seconds, Stopping threads took: 0.0000151 seconds
[3194.970s][info ][safepoint    ] Application time: 1.0001431 seconds
[3194.970s][info ][safepoint    ] Entering safepoint region: Cleanup
[3194.970s][info ][safepoint    ] Leaving safepoint region
[3194.970s][info ][safepoint    ] Total time for which application threads were stopped: 0.0000852 seconds, Stopping threads took: 0.0000186 seconds
[3195.760s][info ][safepoint    ] Application time: 0.7897130 seconds
[3195.760s][info ][safepoint    ] Entering safepoint region: GenCollectForAllocation
[3195.760s][info ][gc,start     ] GC(821) Pause Young (Allocation Failure)
[3195.760s][info ][gc,task      ] GC(821) Using 4 workers of 4 for evacuation
[3195.763s][debug][gc,ref       ] GC(821) Skipped phase1 of Reference Processing due to unavailable references
[3195.763s][debug][gc,ref       ] GC(821) Skipped phase2 of Reference Processing due to unavailable references
[3195.763s][debug][gc,ref       ] GC(821) Skipped phase3 of Reference Processing due to unavailable references
[3195.763s][debug][gc,ref       ] GC(821) Skipped phase4 of Reference Processing due to unavailable references
[3195.764s][debug][gc,age       ] GC(821) Desired survivor size 15368192 bytes, new threshold 6 (max threshold 6)
[3195.764s][info ][gc,heap      ] GC(821) ParNew: 244499K->3933K(270336K)
[3195.764s][info ][gc,heap      ] GC(821) CMS: 530625K->530716K(600768K)
[3195.764s][info ][gc,metaspace ] GC(821) Metaspace: 59753K->59753K(1103872K)
[3195.764s][info ][gc           ] GC(821) Pause Young (Allocation Failure) 756M->522M(850M) 3.348ms
[3195.764s][info ][gc,cpu       ] GC(821) User=0.01s Sys=0.00s Real=0.00s
[3195.764s][info ][safepoint    ] Leaving safepoint region
[3195.764s][info ][safepoint    ] Total time for which application threads were stopped: 0.0035027 seconds, Stopping threads took: 0.0000168 seconds
[3196.764s][info ][safepoint    ] Application time: 1.0001075 seconds
[3196.764s][info ][safepoint    ] Entering safepoint region: Cleanup
[3196.764s][info ][safepoint    ] Leaving safepoint region
[3196.764s][info ][safepoint    ] Total time for which application threads were stopped: 0.0001326 seconds, Stopping threads took: 0.0000584 seconds
[3197.764s][info ][safepoint    ] Application time: 1.0000854 seconds
[3197.764s][info ][safepoint    ] Entering safepoint region: Cleanup
[3197.764s][info ][safepoint    ] Leaving safepoint region
[3197.764s][info ][safepoint    ] Total time for which application threads were stopped: 0.0001706 seconds, Stopping threads took: 0.0000970 seconds
[3198.764s][info ][safepoint    ] Application time: 1.0000622 seconds
[3198.764s][info ][safepoint    ] Entering safepoint region: Cleanup
[3198.764s][info ][safepoint    ] Leaving safepoint region
[3198.764s][info ][safepoint    ] Total time for which application threads were stopped: 0.0001256 seconds, Stopping threads took: 0.0000552 seconds
[3199.765s][info ][safepoint    ] Application time: 1.0000950 seconds
[3199.765s][info ][safepoint    ] Entering safepoint region: Cleanup
[3199.765s][info ][safepoint    ] Leaving safepoint region
[3199.765s][info ][safepoint    ] Total time for which application threads were stopped: 0.0000878 seconds, Stopping threads took: 0.0000285 seconds
[3200.509s][info ][safepoint    ] Application time: 0.7443465 seconds
[3200.509s][info ][safepoint    ] Entering safepoint region: GenCollectForAllocation
[3200.509s][info ][gc,start     ] GC(822) Pause Young (Allocation Failure)
[3200.509s][info ][gc,task      ] GC(822) Using 4 workers of 4 for evacuation
[3200.513s][debug][gc,ref       ] GC(822) Skipped phase1 of Reference Processing due to unavailable references
[3200.513s][debug][gc,ref       ] GC(822) Skipped phase2 of Reference Processing due to unavailable references
[3200.513s][debug][gc,ref       ] GC(822) Skipped phase3 of Reference Processing due to unavailable references
[3200.513s][debug][gc,ref       ] GC(822) Skipped phase4 of Reference Processing due to unavailable references
[3200.513s][debug][gc,age       ] GC(822) Desired survivor size 15368192 bytes, new threshold 6 (max threshold 6)
[3200.513s][info ][gc,heap      ] GC(822) ParNew: 244253K->4339K(270336K)
[3200.513s][info ][gc,heap      ] GC(822) CMS: 530716K->530881K(600768K)
[3200.513s][info ][gc,metaspace ] GC(822) Metaspace: 59755K->59755K(1103872K)
[3200.513s][info ][gc           ] GC(822) Pause Young (Allocation Failure) 756M->522M(850M) 4.237ms
[3200.513s][info ][gc,cpu       ] GC(822) User=0.01s Sys=0.00s Real=0.01s
[3200.513s][info ][safepoint    ] Leaving safepoint region
[3200.513s][info ][safepoint    ] Total time for which application threads were stopped: 0.0043991 seconds, Stopping threads took: 0.0000152 seconds
[3201.514s][info ][safepoint    ] Application time: 1.0001009 seconds
[3201.514s][info ][safepoint    ] Entering safepoint region: Cleanup
[3201.514s][info ][safepoint    ] Leaving safepoint region
[3201.514s][info ][safepoint    ] Total time for which application threads were stopped: 0.0000883 seconds, Stopping threads took: 0.0000139 seconds
[3202.514s][info ][safepoint    ] Application time: 1.0000731 seconds
[3202.514s][info ][safepoint    ] Entering safepoint region: Cleanup
[3202.514s][info ][safepoint    ] Leaving safepoint region
[3202.514s][info ][safepoint    ] Total time for which application threads were stopped: 0.0001408 seconds, Stopping threads took: 0.0000658 seconds
[3203.514s][info ][safepoint    ] Application time: 1.0000951 seconds
[3203.514s][info ][safepoint    ] Entering safepoint region: Cleanup
[3203.514s][info ][safepoint    ] Leaving safepoint region
[3203.514s][info ][safepoint    ] Total time for which application threads were stopped: 0.0001492 seconds, Stopping threads took: 0.0000675 seconds
[3204.514s][info ][safepoint    ] Application time: 1.0000981 seconds
[3204.514s][info ][safepoint    ] Entering safepoint region: Cleanup
[3204.514s][info ][safepoint    ] Leaving safepoint region
[3204.514s][info ][safepoint    ] Total time for which application threads were stopped: 0.0000861 seconds, Stopping threads took: 0.0000157 seconds
[3205.472s][info ][safepoint    ] Application time: 0.9575800 seconds
[3205.472s][info ][safepoint    ] Entering safepoint region: GenCollectForAllocation
[3205.472s][info ][safepoint    ] Leaving safepoint region
[3205.472s][info ][safepoint    ] Total time for which application threads were stopped: 0.0001890 seconds, Stopping threads took: 0.0000983 seconds
[3205.472s][info ][safepoint    ] Application time: 0.0000807 seconds
[3205.472s][info ][safepoint    ] Entering safepoint region: GenCollectForAllocation
[3205.472s][info ][gc,start     ] GC(823) Pause Young (Allocation Failure)
[3205.472s][info ][gc,task      ] GC(823) Using 4 workers of 4 for evacuation
[3205.476s][debug][gc,ref       ] GC(823) Skipped phase1 of Reference Processing due to unavailable references
[3205.476s][debug][gc,ref       ] GC(823) Skipped phase2 of Reference Processing due to unavailable references
[3205.476s][debug][gc,ref       ] GC(823) Skipped phase3 of Reference Processing due to unavailable references
[3205.476s][debug][gc,ref       ] GC(823) Skipped phase4 of Reference Processing due to unavailable references
[3205.476s][debug][gc,age       ] GC(823) Desired survivor size 15368192 bytes, new threshold 6 (max threshold 6)
[3205.476s][info ][gc,heap      ] GC(823) ParNew: 244659K->4519K(270336K)
[3205.476s][info ][gc,heap      ] GC(823) CMS: 530881K->531039K(600768K)
[3205.476s][info ][gc,metaspace ] GC(823) Metaspace: 59755K->59755K(1103872K)
[3205.476s][info ][gc           ] GC(823) Pause Young (Allocation Failure) 757M->523M(850M) 3.864ms
[3205.476s][info ][gc,cpu       ] GC(823) User=0.01s Sys=0.01s Real=0.00s
[3205.476s][info ][safepoint    ] Leaving safepoint region
[3205.476s][info ][safepoint    ] Total time for which application threads were stopped: 0.0039880 seconds, Stopping threads took: 0.0000412 seconds
[3206.476s][info ][safepoint    ] Application time: 1.0000953 seconds
[3206.476s][info ][safepoint    ] Entering safepoint region: Cleanup
[3206.477s][info ][safepoint    ] Leaving safepoint region
[3206.477s][info ][safepoint    ] Total time for which application threads were stopped: 0.0000797 seconds, Stopping threads took: 0.0000165 seconds
[3207.477s][info ][safepoint    ] Application time: 1.0001017 seconds
[3207.477s][info ][safepoint    ] Entering safepoint region: Cleanup
[3207.477s][info ][safepoint    ] Leaving safepoint region
[3207.477s][info ][safepoint    ] Total time for which application threads were stopped: 0.0000892 seconds, Stopping threads took: 0.0000296 seconds
[3208.477s][info ][safepoint    ] Application time: 1.0001467 seconds
[3208.477s][info ][safepoint    ] Entering safepoint region: Cleanup
[3208.477s][info ][safepoint    ] Leaving safepoint region
[3208.477s][info ][safepoint    ] Total time for which application threads were stopped: 0.0000751 seconds, Stopping threads took: 0.0000153 seconds
[3209.477s][info ][safepoint    ] Application time: 1.0000918 seconds
[3209.477s][info ][safepoint    ] Entering safepoint region: Cleanup
[3209.477s][info ][safepoint    ] Leaving safepoint region
[3209.477s][info ][safepoint    ] Total time for which application threads were stopped: 0.0000744 seconds, Stopping threads took: 0.0000155 seconds
[3210.212s][info ][safepoint    ] Application time: 0.7342764 seconds
[3210.212s][info ][safepoint    ] Entering safepoint region: GenCollectForAllocation
[3210.212s][info ][gc,start     ] GC(824) Pause Young (Allocation Failure)
[3210.212s][info ][gc,task      ] GC(824) Using 4 workers of 4 for evacuation
[3210.216s][debug][gc,ref       ] GC(824) Skipped phase1 of Reference Processing due to unavailable references
[3210.216s][debug][gc,ref       ] GC(824) Skipped phase2 of Reference Processing due to unavailable references
[3210.216s][debug][gc,ref       ] GC(824) Skipped phase3 of Reference Processing due to unavailable references
[3210.216s][debug][gc,ref       ] GC(824) Skipped phase4 of Reference Processing due to unavailable references
[3210.216s][debug][gc,age       ] GC(824) Desired survivor size 15368192 bytes, new threshold 6 (max threshold 6)
[3210.217s][info ][gc,heap      ] GC(824) ParNew: 244839K->3574K(270336K)
[3210.217s][info ][gc,heap      ] GC(824) CMS: 531039K->532532K(600768K)
[3210.217s][info ][gc,metaspace ] GC(824) Metaspace: 59755K->59755K(1103872K)
[3210.217s][info ][gc           ] GC(824) Pause Young (Allocation Failure) 757M->523M(850M) 4.866ms
[3210.217s][info ][gc,cpu       ] GC(824) User=0.01s Sys=0.00s Real=0.01s
[3210.217s][info ][safepoint    ] Leaving safepoint region
[3210.217s][info ][safepoint    ] Total time for which application threads were stopped: 0.0050217 seconds, Stopping threads took: 0.0000164 seconds
[3211.217s][info ][safepoint    ] Application time: 1.0001031 seconds
[3211.217s][info ][safepoint    ] Entering safepoint region: Cleanup
[3211.217s][info ][safepoint    ] Leaving safepoint region
[3211.217s][info ][safepoint    ] Total time for which application threads were stopped: 0.0000741 seconds, Stopping threads took: 0.0000149 seconds
[3212.217s][info ][safepoint    ] Application time: 1.0000807 seconds
[3212.217s][info ][safepoint    ] Entering safepoint region: Cleanup
[3212.217s][info ][safepoint    ] Leaving safepoint region
[3212.217s][info ][safepoint    ] Total time for which application threads were stopped: 0.0000948 seconds, Stopping threads took: 0.0000287 seconds
[3213.217s][info ][safepoint    ] Application time: 1.0000962 seconds
[3213.217s][info ][safepoint    ] Entering safepoint region: Cleanup
[3213.217s][info ][safepoint    ] Leaving safepoint region
[3213.217s][info ][safepoint    ] Total time for which application threads were stopped: 0.0000770 seconds, Stopping threads took: 0.0000157 seconds
[3214.217s][info ][safepoint    ] Application time: 1.0000913 seconds
[3214.217s][info ][safepoint    ] Entering safepoint region: Cleanup
[3214.217s][info ][safepoint    ] Leaving safepoint region
[3214.217s][info ][safepoint    ] Total time for which application threads were stopped: 0.0000740 seconds, Stopping threads took: 0.0000164 seconds
[3215.218s][info ][safepoint    ] Application time: 1.0002118 seconds
[3215.218s][info ][safepoint    ] Entering safepoint region: Cleanup
[3215.218s][info ][safepoint    ] Leaving safepoint region
[3215.218s][info ][safepoint    ] Total time for which application threads were stopped: 0.0000770 seconds, Stopping threads took: 0.0000185 seconds
[3215.660s][info ][safepoint    ] Application time: 0.4424751 seconds
[3215.660s][info ][safepoint    ] Entering safepoint region: GenCollectForAllocation
[3215.660s][info ][gc,start     ] GC(825) Pause Young (Allocation Failure)
[3215.660s][info ][gc,task      ] GC(825) Using 4 workers of 4 for evacuation
[3215.663s][debug][gc,ref       ] GC(825) Skipped phase1 of Reference Processing due to unavailable references
[3215.663s][debug][gc,ref       ] GC(825) Skipped phase2 of Reference Processing due to unavailable references
[3215.663s][debug][gc,ref       ] GC(825) Skipped phase3 of Reference Processing due to unavailable references
[3215.663s][debug][gc,ref       ] GC(825) Skipped phase4 of Reference Processing due to unavailable references
[3215.663s][debug][gc,age       ] GC(825) Desired survivor size 15368192 bytes, new threshold 6 (max threshold 6)
[3215.663s][info ][gc,heap      ] GC(825) ParNew: 243894K->2672K(270336K)
[3215.663s][info ][gc,heap      ] GC(825) CMS: 532532K->532614K(600768K)
[3215.663s][info ][gc,metaspace ] GC(825) Metaspace: 59755K->59755K(1103872K)
[3215.663s][info ][gc           ] GC(825) Pause Young (Allocation Failure) 758M->522M(850M) 2.991ms
[3215.663s][info ][gc,cpu       ] GC(825) User=0.01s Sys=0.00s Real=0.00s
[3215.663s][info ][safepoint    ] Leaving safepoint region
[3215.663s][info ][safepoint    ] Total time for which application threads were stopped: 0.0031445 seconds, Stopping threads took: 0.0000174 seconds
[3216.664s][info ][safepoint    ] Application time: 1.0000984 seconds
[3216.664s][info ][safepoint    ] Entering safepoint region: Cleanup
[3216.664s][info ][safepoint    ] Leaving safepoint region
[3216.664s][info ][safepoint    ] Total time for which application threads were stopped: 0.0001368 seconds, Stopping threads took: 0.0000617 seconds
[3217.664s][info ][safepoint    ] Application time: 1.0001623 seconds
[3217.664s][info ][safepoint    ] Entering safepoint region: Cleanup
[3217.664s][info ][safepoint    ] Leaving safepoint region
[3217.664s][info ][safepoint    ] Total time for which application threads were stopped: 0.0001017 seconds, Stopping threads took: 0.0000374 seconds
[3218.664s][info ][safepoint    ] Application time: 1.0001448 seconds
[3218.664s][info ][safepoint    ] Entering safepoint region: Cleanup
[3218.664s][info ][safepoint    ] Leaving safepoint region
[3218.664s][info ][safepoint    ] Total time for which application threads were stopped: 0.0000811 seconds, Stopping threads took: 0.0000194 seconds
[3219.664s][info ][safepoint    ] Application time: 1.0000945 seconds
[3219.664s][info ][safepoint    ] Entering safepoint region: Cleanup
[3219.664s][info ][safepoint    ] Leaving safepoint region
[3219.664s][info ][safepoint    ] Total time for which application threads were stopped: 0.0000849 seconds, Stopping threads took: 0.0000186 seconds
[3220.665s][info ][safepoint    ] Application time: 1.0001041 seconds
[3220.665s][info ][safepoint    ] Entering safepoint region: Cleanup
[3220.665s][info ][safepoint    ] Leaving safepoint region
[3220.665s][info ][safepoint    ] Total time for which application threads were stopped: 0.0000758 seconds, Stopping threads took: 0.0000149 seconds
[3221.414s][info ][safepoint    ] Application time: 0.7496014 seconds
[3221.414s][info ][safepoint    ] Entering safepoint region: GenCollectForAllocation
[3221.414s][info ][gc,start     ] GC(826) Pause Young (Allocation Failure)
[3221.414s][info ][gc,task      ] GC(826) Using 4 workers of 4 for evacuation
[3221.417s][debug][gc,ref       ] GC(826) Skipped phase1 of Reference Processing due to unavailable references
[3221.417s][debug][gc,ref       ] GC(826) Skipped phase2 of Reference Processing due to unavailable references
[3221.417s][debug][gc,ref       ] GC(826) Skipped phase3 of Reference Processing due to unavailable references
[3221.417s][debug][gc,ref       ] GC(826) Skipped phase4 of Reference Processing due to unavailable references
[3221.417s][debug][gc,age       ] GC(826) Desired survivor size 15368192 bytes, new threshold 6 (max threshold 6)
[3221.417s][info ][gc,heap      ] GC(826) ParNew: 242992K->3120K(270336K)
[3221.417s][info ][gc,heap      ] GC(826) CMS: 532614K->532670K(600768K)
[3221.417s][info ][gc,metaspace ] GC(826) Metaspace: 59774K->59774K(1103872K)
[3221.417s][info ][gc           ] GC(826) Pause Young (Allocation Failure) 757M->523M(850M) 2.862ms
[3221.417s][info ][gc,cpu       ] GC(826) User=0.01s Sys=0.00s Real=0.00s
[3221.417s][info ][safepoint    ] Leaving safepoint region
[3221.417s][info ][safepoint    ] Total time for which application threads were stopped: 0.0030232 seconds, Stopping threads took: 0.0000165 seconds
[3222.417s][info ][safepoint    ] Application time: 1.0001078 seconds
[3222.418s][info ][safepoint    ] Entering safepoint region: Cleanup
[3222.418s][info ][safepoint    ] Leaving safepoint region
[3222.418s][info ][safepoint    ] Total time for which application threads were stopped: 0.0000783 seconds, Stopping threads took: 0.0000161 seconds
[3223.418s][info ][safepoint    ] Application time: 1.0000456 seconds
[3223.418s][info ][safepoint    ] Entering safepoint region: Cleanup
[3223.418s][info ][safepoint    ] Leaving safepoint region
[3223.418s][info ][safepoint    ] Total time for which application threads were stopped: 0.0000907 seconds, Stopping threads took: 0.0000162 seconds
[3224.418s][info ][safepoint    ] Application time: 1.0001126 seconds
[3224.418s][info ][safepoint    ] Entering safepoint region: Cleanup
[3224.418s][info ][safepoint    ] Leaving safepoint region
[3224.418s][info ][safepoint    ] Total time for which application threads were stopped: 0.0000843 seconds, Stopping threads took: 0.0000180 seconds
[3225.418s][info ][safepoint    ] Application time: 1.0001301 seconds
[3225.418s][info ][safepoint    ] Entering safepoint region: Cleanup
[3225.418s][info ][safepoint    ] Leaving safepoint region
[3225.418s][info ][safepoint    ] Total time for which application threads were stopped: 0.0000767 seconds, Stopping threads took: 0.0000171 seconds
[3226.418s][info ][safepoint    ] Application time: 1.0000936 seconds
[3226.418s][info ][safepoint    ] Entering safepoint region: Cleanup
[3226.418s][info ][safepoint    ] Leaving safepoint region
[3226.418s][info ][safepoint    ] Total time for which application threads were stopped: 0.0000740 seconds, Stopping threads took: 0.0000167 seconds
[3227.158s][info ][safepoint    ] Application time: 0.7391002 seconds
[3227.158s][info ][safepoint    ] Entering safepoint region: GenCollectForAllocation
[3227.158s][info ][gc,start     ] GC(827) Pause Young (Allocation Failure)
[3227.158s][info ][gc,task      ] GC(827) Using 4 workers of 4 for evacuation
[3227.161s][debug][gc,ref       ] GC(827) Skipped phase1 of Reference Processing due to unavailable references
[3227.161s][debug][gc,ref       ] GC(827) Skipped phase2 of Reference Processing due to unavailable references
[3227.161s][debug][gc,ref       ] GC(827) Skipped phase3 of Reference Processing due to unavailable references
[3227.161s][debug][gc,ref       ] GC(827) Skipped phase4 of Reference Processing due to unavailable references
[3227.161s][debug][gc,age       ] GC(827) Desired survivor size 15368192 bytes, new threshold 6 (max threshold 6)
[3227.161s][info ][gc,heap      ] GC(827) ParNew: 243440K->2950K(270336K)
[3227.161s][info ][gc,heap      ] GC(827) CMS: 532670K->532787K(600768K)
[3227.161s][info ][gc,metaspace ] GC(827) Metaspace: 59774K->59774K(1103872K)
[3227.161s][info ][gc           ] GC(827) Pause Young (Allocation Failure) 757M->523M(850M) 3.390ms
[3227.161s][info ][gc,cpu       ] GC(827) User=0.01s Sys=0.00s Real=0.00s
[3227.161s][info ][safepoint    ] Leaving safepoint region
[3227.161s][info ][safepoint    ] Total time for which application threads were stopped: 0.0035362 seconds, Stopping threads took: 0.0000165 seconds
[3228.161s][info ][safepoint    ] Application time: 1.0001048 seconds
[3228.161s][info ][safepoint    ] Entering safepoint region: Cleanup
[3228.161s][info ][safepoint    ] Leaving safepoint region
[3228.161s][info ][safepoint    ] Total time for which application threads were stopped: 0.0001635 seconds, Stopping threads took: 0.0000873 seconds
[3229.162s][info ][safepoint    ] Application time: 1.0000967 seconds
[3229.162s][info ][safepoint    ] Entering safepoint region: Cleanup
[3229.162s][info ][safepoint    ] Leaving safepoint region
[3229.162s][info ][safepoint    ] Total time for which application threads were stopped: 0.0001342 seconds, Stopping threads took: 0.0000601 seconds
[3230.162s][info ][safepoint    ] Application time: 1.0000912 seconds
[3230.162s][info ][safepoint    ] Entering safepoint region: Cleanup
[3230.162s][info ][safepoint    ] Leaving safepoint region
[3230.162s][info ][safepoint    ] Total time for which application threads were stopped: 0.0001517 seconds, Stopping threads took: 0.0000758 seconds
[3231.162s][info ][safepoint    ] Application time: 1.0000891 seconds
[3231.162s][info ][safepoint    ] Entering safepoint region: Cleanup
[3231.162s][info ][safepoint    ] Leaving safepoint region
[3231.162s][info ][safepoint    ] Total time for which application threads were stopped: 0.0001355 seconds, Stopping threads took: 0.0000616 seconds
[3232.162s][info ][safepoint    ] Application time: 1.0000986 seconds
[3232.162s][info ][safepoint    ] Entering safepoint region: Cleanup
[3232.163s][info ][safepoint    ] Leaving safepoint region
[3232.163s][info ][safepoint    ] Total time for which application threads were stopped: 0.0001483 seconds, Stopping threads took: 0.0000703 seconds
[3232.858s][info ][safepoint    ] Application time: 0.6954827 seconds
[3232.858s][info ][safepoint    ] Entering safepoint region: GenCollectForAllocation
[3232.858s][info ][gc,start     ] GC(828) Pause Young (Allocation Failure)
[3232.858s][info ][gc,task      ] GC(828) Using 4 workers of 4 for evacuation
[3232.861s][debug][gc,ref       ] GC(828) Skipped phase1 of Reference Processing due to unavailable references
[3232.861s][debug][gc,ref       ] GC(828) Skipped phase2 of Reference Processing due to unavailable references
[3232.861s][debug][gc,ref       ] GC(828) Skipped phase3 of Reference Processing due to unavailable references
[3232.861s][debug][gc,ref       ] GC(828) Skipped phase4 of Reference Processing due to unavailable references
[3232.861s][debug][gc,age       ] GC(828) Desired survivor size 15368192 bytes, new threshold 6 (max threshold 6)
[3232.861s][info ][gc,heap      ] GC(828) ParNew: 243270K->2608K(270336K)
[3232.861s][info ][gc,heap      ] GC(828) CMS: 532787K->532865K(600768K)
[3232.861s][info ][gc,metaspace ] GC(828) Metaspace: 59774K->59774K(1103872K)
[3232.861s][info ][gc           ] GC(828) Pause Young (Allocation Failure) 757M->522M(850M) 2.868ms
[3232.861s][info ][gc,cpu       ] GC(828) User=0.01s Sys=0.00s Real=0.00s
[3232.861s][info ][safepoint    ] Leaving safepoint region
[3232.861s][info ][safepoint    ] Total time for which application threads were stopped: 0.0030272 seconds, Stopping threads took: 0.0000154 seconds
[3233.861s][info ][safepoint    ] Application time: 1.0002569 seconds
[3233.861s][info ][safepoint    ] Entering safepoint region: Cleanup
[3233.862s][info ][safepoint    ] Leaving safepoint region
[3233.862s][info ][safepoint    ] Total time for which application threads were stopped: 0.0001562 seconds, Stopping threads took: 0.0000852 seconds
[3234.862s][info ][safepoint    ] Application time: 1.0000871 seconds
[3234.862s][info ][safepoint    ] Entering safepoint region: Cleanup
[3234.862s][info ][safepoint    ] Leaving safepoint region
[3234.862s][info ][safepoint    ] Total time for which application threads were stopped: 0.0002368 seconds, Stopping threads took: 0.0001555 seconds
[3235.862s][info ][safepoint    ] Application time: 1.0001612 seconds
[3235.862s][info ][safepoint    ] Entering safepoint region: Cleanup
[3235.862s][info ][safepoint    ] Leaving safepoint region
[3235.862s][info ][safepoint    ] Total time for which application threads were stopped: 0.0001254 seconds, Stopping threads took: 0.0000388 seconds
[3236.862s][info ][safepoint    ] Application time: 1.0001707 seconds
[3236.862s][info ][safepoint    ] Entering safepoint region: Cleanup
[3236.863s][info ][safepoint    ] Leaving safepoint region
[3236.863s][info ][safepoint    ] Total time for which application threads were stopped: 0.0001400 seconds, Stopping threads took: 0.0000654 seconds
[3237.863s][info ][safepoint    ] Application time: 1.0000935 seconds
[3237.863s][info ][safepoint    ] Entering safepoint region: Cleanup
[3237.863s][info ][safepoint    ] Leaving safepoint region
[3237.863s][info ][safepoint    ] Total time for which application threads were stopped: 0.0001380 seconds, Stopping threads took: 0.0000685 seconds
[3238.265s][info ][safepoint    ] Application time: 0.4018231 seconds
[3238.265s][info ][safepoint    ] Entering safepoint region: GenCollectForAllocation
[3238.265s][info ][gc,start     ] GC(829) Pause Young (Allocation Failure)
[3238.265s][info ][gc,task      ] GC(829) Using 4 workers of 4 for evacuation
[3238.268s][debug][gc,ref       ] GC(829) Skipped phase1 of Reference Processing due to unavailable references
[3238.268s][debug][gc,ref       ] GC(829) Skipped phase2 of Reference Processing due to unavailable references
[3238.268s][debug][gc,ref       ] GC(829) Skipped phase3 of Reference Processing due to unavailable references
[3238.268s][debug][gc,ref       ] GC(829) Skipped phase4 of Reference Processing due to unavailable references
[3238.269s][debug][gc,age       ] GC(829) Desired survivor size 15368192 bytes, new threshold 6 (max threshold 6)
[3238.269s][info ][gc,heap      ] GC(829) ParNew: 242928K->1950K(270336K)
[3238.269s][info ][gc,heap      ] GC(829) CMS: 532865K->533443K(600768K)
[3238.269s][info ][gc,metaspace ] GC(829) Metaspace: 59774K->59774K(1103872K)
[3238.269s][info ][gc           ] GC(829) Pause Young (Allocation Failure) 757M->522M(850M) 3.817ms
[3238.269s][info ][gc,cpu       ] GC(829) User=0.01s Sys=0.00s Real=0.00s
[3238.269s][info ][safepoint    ] Leaving safepoint region
[3238.269s][info ][safepoint    ] Total time for which application threads were stopped: 0.0039701 seconds, Stopping threads took: 0.0000148 seconds
[3239.269s][info ][safepoint    ] Application time: 1.0000881 seconds
[3239.269s][info ][safepoint    ] Entering safepoint region: Cleanup
[3239.269s][info ][safepoint    ] Leaving safepoint region
[3239.269s][info ][safepoint    ] Total time for which application threads were stopped: 0.0000895 seconds, Stopping threads took: 0.0000158 seconds
[3240.269s][info ][safepoint    ] Application time: 1.0000777 seconds
[3240.269s][info ][safepoint    ] Entering safepoint region: Cleanup
[3240.269s][info ][safepoint    ] Leaving safepoint region
[3240.269s][info ][safepoint    ] Total time for which application threads were stopped: 0.0000741 seconds, Stopping threads took: 0.0000155 seconds
[3241.269s][info ][safepoint    ] Application time: 1.0001574 seconds
[3241.269s][info ][safepoint    ] Entering safepoint region: Cleanup
[3241.269s][info ][safepoint    ] Leaving safepoint region
[3241.269s][info ][safepoint    ] Total time for which application threads were stopped: 0.0001072 seconds, Stopping threads took: 0.0000172 seconds
[3242.270s][info ][safepoint    ] Application time: 1.0000999 seconds
[3242.270s][info ][safepoint    ] Entering safepoint region: Cleanup
[3242.270s][info ][safepoint    ] Leaving safepoint region
[3242.270s][info ][safepoint    ] Total time for which application threads were stopped: 0.0000773 seconds, Stopping threads took: 0.0000165 seconds
[3243.270s][info ][safepoint    ] Application time: 1.0000771 seconds
[3243.270s][info ][safepoint    ] Entering safepoint region: Cleanup
[3243.270s][info ][safepoint    ] Leaving safepoint region
[3243.270s][info ][safepoint    ] Total time for which application threads were stopped: 0.0000963 seconds, Stopping threads took: 0.0000156 seconds
[3243.864s][info ][safepoint    ] Application time: 0.5938612 seconds
[3243.864s][info ][safepoint    ] Entering safepoint region: GenCollectForAllocation
[3243.864s][info ][gc,start     ] GC(830) Pause Young (Allocation Failure)
[3243.864s][info ][gc,task      ] GC(830) Using 4 workers of 4 for evacuation
[3243.866s][debug][gc,ref       ] GC(830) Skipped phase1 of Reference Processing due to unavailable references
[3243.866s][debug][gc,ref       ] GC(830) Skipped phase2 of Reference Processing due to unavailable references
[3243.866s][debug][gc,ref       ] GC(830) Skipped phase3 of Reference Processing due to unavailable references
[3243.866s][debug][gc,ref       ] GC(830) Skipped phase4 of Reference Processing due to unavailable references
[3243.867s][debug][gc,age       ] GC(830) Desired survivor size 15368192 bytes, new threshold 6 (max threshold 6)
[3243.867s][info ][gc,heap      ] GC(830) ParNew: 242270K->1341K(270336K)
[3243.867s][info ][gc,heap      ] GC(830) CMS: 533443K->534449K(600768K)
[3243.867s][info ][gc,metaspace ] GC(830) Metaspace: 59774K->59774K(1103872K)
[3243.867s][info ][gc           ] GC(830) Pause Young (Allocation Failure) 757M->523M(850M) 2.743ms
[3243.867s][info ][gc,cpu       ] GC(830) User=0.01s Sys=0.00s Real=0.01s
[3243.867s][info ][safepoint    ] Leaving safepoint region
[3243.867s][info ][safepoint    ] Total time for which application threads were stopped: 0.0029048 seconds, Stopping threads took: 0.0000151 seconds
[3244.867s][info ][safepoint    ] Application time: 1.0001062 seconds
[3244.867s][info ][safepoint    ] Entering safepoint region: Cleanup
[3244.867s][info ][safepoint    ] Leaving safepoint region
[3244.867s][info ][safepoint    ] Total time for which application threads were stopped: 0.0000847 seconds, Stopping threads took: 0.0000150 seconds
[3245.867s][info ][safepoint    ] Application time: 1.0000934 seconds
[3245.867s][info ][safepoint    ] Entering safepoint region: Cleanup
[3245.867s][info ][safepoint    ] Leaving safepoint region
[3245.867s][info ][safepoint    ] Total time for which application threads were stopped: 0.0000742 seconds, Stopping threads took: 0.0000158 seconds
[3246.867s][info ][safepoint    ] Application time: 1.0000859 seconds
[3246.867s][info ][safepoint    ] Entering safepoint region: Cleanup
[3246.867s][info ][safepoint    ] Leaving safepoint region
[3246.867s][info ][safepoint    ] Total time for which application threads were stopped: 0.0000735 seconds, Stopping threads took: 0.0000155 seconds
[3247.867s][info ][safepoint    ] Application time: 1.0000862 seconds
[3247.867s][info ][safepoint    ] Entering safepoint region: Cleanup
[3247.867s][info ][safepoint    ] Leaving safepoint region
[3247.867s][info ][safepoint    ] Total time for which application threads were stopped: 0.0000736 seconds, Stopping threads took: 0.0000147 seconds
[3248.868s][info ][safepoint    ] Application time: 1.0000917 seconds
[3248.868s][info ][safepoint    ] Entering safepoint region: Cleanup
[3248.868s][info ][safepoint    ] Leaving safepoint region
[3248.868s][info ][safepoint    ] Total time for which application threads were stopped: 0.0000731 seconds, Stopping threads took: 0.0000154 seconds
[3249.413s][info ][safepoint    ] Application time: 0.5453859 seconds
[3249.413s][info ][safepoint    ] Entering safepoint region: GenCollectForAllocation
[3249.413s][info ][gc,start     ] GC(831) Pause Young (Allocation Failure)
[3249.413s][info ][gc,task      ] GC(831) Using 4 workers of 4 for evacuation
[3249.415s][debug][gc,ref       ] GC(831) Skipped phase1 of Reference Processing due to unavailable references
[3249.415s][debug][gc,ref       ] GC(831) Skipped phase2 of Reference Processing due to unavailable references
[3249.415s][debug][gc,ref       ] GC(831) Skipped phase3 of Reference Processing due to unavailable references
[3249.415s][debug][gc,ref       ] GC(831) Skipped phase4 of Reference Processing due to unavailable references
[3249.415s][debug][gc,age       ] GC(831) Desired survivor size 15368192 bytes, new threshold 6 (max threshold 6)
[3249.416s][info ][gc,heap      ] GC(831) ParNew: 241661K->826K(270336K)
[3249.416s][info ][gc,heap      ] GC(831) CMS: 534449K->534570K(600768K)
[3249.416s][info ][gc,metaspace ] GC(831) Metaspace: 59774K->59774K(1103872K)
[3249.416s][info ][gc           ] GC(831) Pause Young (Allocation Failure) 757M->522M(850M) 2.310ms
[3249.416s][info ][gc,cpu       ] GC(831) User=0.01s Sys=0.00s Real=0.00s
[3249.416s][info ][safepoint    ] Leaving safepoint region
[3249.416s][info ][safepoint    ] Total time for which application threads were stopped: 0.0024630 seconds, Stopping threads took: 0.0000171 seconds
[3250.416s][info ][safepoint    ] Application time: 1.0000928 seconds
[3250.416s][info ][safepoint    ] Entering safepoint region: Cleanup
[3250.416s][info ][safepoint    ] Leaving safepoint region
[3250.416s][info ][safepoint    ] Total time for which application threads were stopped: 0.0000888 seconds, Stopping threads took: 0.0000147 seconds
[3251.416s][info ][safepoint    ] Application time: 1.0000762 seconds
[3251.416s][info ][safepoint    ] Entering safepoint region: Cleanup
[3251.416s][info ][safepoint    ] Leaving safepoint region
[3251.416s][info ][safepoint    ] Total time for which application threads were stopped: 0.0000840 seconds, Stopping threads took: 0.0000144 seconds
[3252.416s][info ][safepoint    ] Application time: 1.0001572 seconds
[3252.416s][info ][safepoint    ] Entering safepoint region: Cleanup
[3252.416s][info ][safepoint    ] Leaving safepoint region
[3252.416s][info ][safepoint    ] Total time for which application threads were stopped: 0.0000804 seconds, Stopping threads took: 0.0000178 seconds
[3253.416s][info ][safepoint    ] Application time: 1.0001034 seconds
[3253.416s][info ][safepoint    ] Entering safepoint region: Cleanup
[3253.416s][info ][safepoint    ] Leaving safepoint region
[3253.416s][info ][safepoint    ] Total time for which application threads were stopped: 0.0000779 seconds, Stopping threads took: 0.0000145 seconds
[3254.417s][info ][safepoint    ] Application time: 1.0000911 seconds
[3254.417s][info ][safepoint    ] Entering safepoint region: Cleanup
[3254.417s][info ][safepoint    ] Leaving safepoint region
[3254.417s][info ][safepoint    ] Total time for which application threads were stopped: 0.0000730 seconds, Stopping threads took: 0.0000152 seconds
[3254.914s][info ][safepoint    ] Application time: 0.4970285 seconds
[3254.914s][info ][safepoint    ] Entering safepoint region: GenCollectForAllocation
[3254.914s][info ][gc,start     ] GC(832) Pause Young (Allocation Failure)
[3254.914s][info ][gc,task      ] GC(832) Using 4 workers of 4 for evacuation
[3254.916s][debug][gc,ref       ] GC(832) Skipped phase1 of Reference Processing due to unavailable references
[3254.916s][debug][gc,ref       ] GC(832) Skipped phase2 of Reference Processing due to unavailable references
[3254.916s][debug][gc,ref       ] GC(832) Skipped phase3 of Reference Processing due to unavailable references
[3254.916s][debug][gc,ref       ] GC(832) Skipped phase4 of Reference Processing due to unavailable references
[3254.916s][debug][gc,age       ] GC(832) Desired survivor size 15368192 bytes, new threshold 6 (max threshold 6)
[3254.916s][info ][gc,heap      ] GC(832) ParNew: 241146K->1015K(270336K)
[3254.916s][info ][gc,heap      ] GC(832) CMS: 534570K->534638K(600768K)
[3254.916s][info ][gc,metaspace ] GC(832) Metaspace: 59774K->59774K(1103872K)
[3254.916s][info ][gc           ] GC(832) Pause Young (Allocation Failure) 757M->523M(850M) 2.564ms
[3254.916s][info ][gc,cpu       ] GC(832) User=0.01s Sys=0.00s Real=0.00s
[3254.916s][info ][safepoint    ] Leaving safepoint region
[3254.916s][info ][safepoint    ] Total time for which application threads were stopped: 0.0027133 seconds, Stopping threads took: 0.0000165 seconds
[3255.917s][info ][safepoint    ] Application time: 1.0000954 seconds
[3255.917s][info ][safepoint    ] Entering safepoint region: Cleanup
[3255.917s][info ][safepoint    ] Leaving safepoint region
[3255.917s][info ][safepoint    ] Total time for which application threads were stopped: 0.0000879 seconds, Stopping threads took: 0.0000157 seconds
[3256.917s][info ][safepoint    ] Application time: 1.0000854 seconds
[3256.917s][info ][safepoint    ] Entering safepoint region: Cleanup
[3256.917s][info ][safepoint    ] Leaving safepoint region
[3256.917s][info ][safepoint    ] Total time for which application threads were stopped: 0.0000713 seconds, Stopping threads took: 0.0000144 seconds
[3257.917s][info ][safepoint    ] Application time: 1.0001121 seconds
[3257.917s][info ][safepoint    ] Entering safepoint region: Cleanup
[3257.917s][info ][safepoint    ] Leaving safepoint region
[3257.917s][info ][safepoint    ] Total time for which application threads were stopped: 0.0000781 seconds, Stopping threads took: 0.0000167 seconds
[3258.917s][info ][safepoint    ] Application time: 1.0000927 seconds
[3258.917s][info ][safepoint    ] Entering safepoint region: Cleanup
[3258.917s][info ][safepoint    ] Leaving safepoint region
[3258.917s][info ][safepoint    ] Total time for which application threads were stopped: 0.0000844 seconds, Stopping threads took: 0.0000161 seconds
[3259.917s][info ][safepoint    ] Application time: 1.0001031 seconds
[3259.917s][info ][safepoint    ] Entering safepoint region: Cleanup
[3259.918s][info ][safepoint    ] Leaving safepoint region
[3259.918s][info ][safepoint    ] Total time for which application threads were stopped: 0.0000825 seconds, Stopping threads took: 0.0000258 seconds
[3260.458s][info ][safepoint    ] Application time: 0.5408551 seconds
[3260.458s][info ][safepoint    ] Entering safepoint region: GenCollectForAllocation
[3260.459s][info ][gc,start     ] GC(833) Pause Young (Allocation Failure)
[3260.459s][info ][gc,task      ] GC(833) Using 4 workers of 4 for evacuation
[3260.461s][debug][gc,ref       ] GC(833) Skipped phase1 of Reference Processing due to unavailable references
[3260.461s][debug][gc,ref       ] GC(833) Skipped phase2 of Reference Processing due to unavailable references
[3260.461s][debug][gc,ref       ] GC(833) Skipped phase3 of Reference Processing due to unavailable references
[3260.461s][debug][gc,ref       ] GC(833) Skipped phase4 of Reference Processing due to unavailable references
[3260.461s][debug][gc,age       ] GC(833) Desired survivor size 15368192 bytes, new threshold 6 (max threshold 6)
[3260.461s][info ][gc,heap      ] GC(833) ParNew: 241335K->1607K(270336K)
[3260.461s][info ][gc,heap      ] GC(833) CMS: 534638K->534650K(600768K)
[3260.461s][info ][gc,metaspace ] GC(833) Metaspace: 59774K->59774K(1103872K)
[3260.461s][info ][gc           ] GC(833) Pause Young (Allocation Failure) 757M->523M(850M) 2.260ms
[3260.461s][info ][gc,cpu       ] GC(833) User=0.01s Sys=0.00s Real=0.00s
[3260.461s][info ][safepoint    ] Leaving safepoint region
[3260.461s][info ][safepoint    ] Total time for which application threads were stopped: 0.0024757 seconds, Stopping threads took: 0.0000620 seconds
[3261.461s][info ][safepoint    ] Application time: 1.0000992 seconds
[3261.461s][info ][safepoint    ] Entering safepoint region: Cleanup
[3261.461s][info ][safepoint    ] Leaving safepoint region
[3261.461s][info ][safepoint    ] Total time for which application threads were stopped: 0.0001417 seconds, Stopping threads took: 0.0000579 seconds
[3262.461s][info ][safepoint    ] Application time: 1.0000953 seconds
[3262.461s][info ][safepoint    ] Entering safepoint region: Cleanup
[3262.461s][info ][safepoint    ] Leaving safepoint region
[3262.461s][info ][safepoint    ] Total time for which application threads were stopped: 0.0001081 seconds, Stopping threads took: 0.0000460 seconds
[3263.462s][info ][safepoint    ] Application time: 1.0000932 seconds
[3263.462s][info ][safepoint    ] Entering safepoint region: Cleanup
[3263.462s][info ][safepoint    ] Leaving safepoint region
[3263.462s][info ][safepoint    ] Total time for which application threads were stopped: 0.0001476 seconds, Stopping threads took: 0.0000851 seconds
[3264.462s][info ][safepoint    ] Application time: 1.0000984 seconds
[3264.462s][info ][safepoint    ] Entering safepoint region: Cleanup
[3264.462s][info ][safepoint    ] Leaving safepoint region
[3264.462s][info ][safepoint    ] Total time for which application threads were stopped: 0.0001117 seconds, Stopping threads took: 0.0000434 seconds
[3265.462s][info ][safepoint    ] Application time: 1.0000920 seconds
[3265.462s][info ][safepoint    ] Entering safepoint region: Cleanup
[3265.462s][info ][safepoint    ] Leaving safepoint region
[3265.462s][info ][safepoint    ] Total time for which application threads were stopped: 0.0001218 seconds, Stopping threads took: 0.0000474 seconds
[3265.814s][info ][safepoint    ] Application time: 0.3517766 seconds
[3265.814s][info ][safepoint    ] Entering safepoint region: GenCollectForAllocation
[3265.814s][info ][gc,start     ] GC(834) Pause Young (Allocation Failure)
[3265.814s][info ][gc,task      ] GC(834) Using 4 workers of 4 for evacuation
[3265.817s][debug][gc,ref       ] GC(834) Skipped phase1 of Reference Processing due to unavailable references
[3265.817s][debug][gc,ref       ] GC(834) Skipped phase2 of Reference Processing due to unavailable references
[3265.817s][debug][gc,ref       ] GC(834) Skipped phase3 of Reference Processing due to unavailable references
[3265.817s][debug][gc,ref       ] GC(834) Skipped phase4 of Reference Processing due to unavailable references
[3265.817s][debug][gc,age       ] GC(834) Desired survivor size 15368192 bytes, new threshold 6 (max threshold 6)
[3265.817s][info ][gc,heap      ] GC(834) ParNew: 241927K->1563K(270336K)
[3265.817s][info ][gc,heap      ] GC(834) CMS: 534650K->534742K(600768K)
[3265.817s][info ][gc,metaspace ] GC(834) Metaspace: 59774K->59774K(1103872K)
[3265.817s][info ][gc           ] GC(834) Pause Young (Allocation Failure) 758M->523M(850M) 2.557ms
[3265.817s][info ][gc,cpu       ] GC(834) User=0.01s Sys=0.00s Real=0.00s
[3265.817s][info ][safepoint    ] Leaving safepoint region
[3265.817s][info ][safepoint    ] Total time for which application threads were stopped: 0.0027614 seconds, Stopping threads took: 0.0000144 seconds
[3266.817s][info ][safepoint    ] Application time: 1.0000699 seconds
[3266.817s][info ][safepoint    ] Entering safepoint region: Cleanup
[3266.817s][info ][safepoint    ] Leaving safepoint region
[3266.817s][info ][safepoint    ] Total time for which application threads were stopped: 0.0000723 seconds, Stopping threads took: 0.0000160 seconds
[3267.817s][info ][safepoint    ] Application time: 1.0000916 seconds
[3267.817s][info ][safepoint    ] Entering safepoint region: Cleanup
[3267.817s][info ][safepoint    ] Leaving safepoint region
[3267.817s][info ][safepoint    ] Total time for which application threads were stopped: 0.0000886 seconds, Stopping threads took: 0.0000292 seconds
[3268.817s][info ][safepoint    ] Application time: 1.0000812 seconds
[3268.817s][info ][safepoint    ] Entering safepoint region: Cleanup
[3268.817s][info ][safepoint    ] Leaving safepoint region
[3268.817s][info ][safepoint    ] Total time for which application threads were stopped: 0.0000791 seconds, Stopping threads took: 0.0000156 seconds
[3269.817s][info ][safepoint    ] Application time: 1.0000938 seconds
[3269.818s][info ][safepoint    ] Entering safepoint region: Cleanup
[3269.818s][info ][safepoint    ] Leaving safepoint region
[3269.818s][info ][safepoint    ] Total time for which application threads were stopped: 0.0000737 seconds, Stopping threads took: 0.0000153 seconds
[3270.818s][info ][safepoint    ] Application time: 1.0000708 seconds
[3270.818s][info ][safepoint    ] Entering safepoint region: Cleanup
[3270.818s][info ][safepoint    ] Leaving safepoint region
[3270.818s][info ][safepoint    ] Total time for which application threads were stopped: 0.0000743 seconds, Stopping threads took: 0.0000153 seconds
[3271.361s][info ][safepoint    ] Application time: 0.5429565 seconds
[3271.361s][info ][safepoint    ] Entering safepoint region: GenCollectForAllocation
[3271.361s][info ][gc,start     ] GC(835) Pause Young (Allocation Failure)
[3271.361s][info ][gc,task      ] GC(835) Using 4 workers of 4 for evacuation
[3271.364s][debug][gc,ref       ] GC(835) Skipped phase1 of Reference Processing due to unavailable references
[3271.364s][debug][gc,ref       ] GC(835) Skipped phase2 of Reference Processing due to unavailable references
[3271.364s][debug][gc,ref       ] GC(835) Skipped phase3 of Reference Processing due to unavailable references
[3271.364s][debug][gc,ref       ] GC(835) Skipped phase4 of Reference Processing due to unavailable references
[3271.364s][debug][gc,age       ] GC(835) Desired survivor size 15368192 bytes, new threshold 6 (max threshold 6)
[3271.364s][info ][gc,heap      ] GC(835) ParNew: 241883K->1672K(270336K)
[3271.364s][info ][gc,heap      ] GC(835) CMS: 534742K->534825K(600768K)
[3271.364s][info ][gc,metaspace ] GC(835) Metaspace: 59774K->59774K(1103872K)
[3271.364s][info ][gc           ] GC(835) Pause Young (Allocation Failure) 758M->523M(850M) 3.077ms
[3271.364s][info ][gc,cpu       ] GC(835) User=0.01s Sys=0.01s Real=0.00s
[3271.364s][info ][safepoint    ] Leaving safepoint region
[3271.364s][info ][safepoint    ] Total time for which application threads were stopped: 0.0032325 seconds, Stopping threads took: 0.0000159 seconds
[3272.364s][info ][safepoint    ] Application time: 1.0000517 seconds
[3272.364s][info ][safepoint    ] Entering safepoint region: Cleanup
[3272.364s][info ][safepoint    ] Leaving safepoint region
[3272.364s][info ][safepoint    ] Total time for which application threads were stopped: 0.0001528 seconds, Stopping threads took: 0.0000803 seconds
[3273.364s][info ][safepoint    ] Application time: 1.0000911 seconds
[3273.364s][info ][safepoint    ] Entering safepoint region: Cleanup
[3273.365s][info ][safepoint    ] Leaving safepoint region
[3273.365s][info ][safepoint    ] Total time for which application threads were stopped: 0.0001450 seconds, Stopping threads took: 0.0000740 seconds
[3274.365s][info ][safepoint    ] Application time: 1.0000866 seconds
[3274.365s][info ][safepoint    ] Entering safepoint region: Cleanup
[3274.365s][info ][safepoint    ] Leaving safepoint region
[3274.365s][info ][safepoint    ] Total time for which application threads were stopped: 0.0000950 seconds, Stopping threads took: 0.0000171 seconds
[3275.365s][info ][safepoint    ] Application time: 1.0001165 seconds
[3275.365s][info ][safepoint    ] Entering safepoint region: Cleanup
[3275.365s][info ][safepoint    ] Leaving safepoint region
[3275.365s][info ][safepoint    ] Total time for which application threads were stopped: 0.0000839 seconds, Stopping threads took: 0.0000183 seconds
[3276.365s][info ][safepoint    ] Application time: 1.0000991 seconds
[3276.365s][info ][safepoint    ] Entering safepoint region: Cleanup
[3276.365s][info ][safepoint    ] Leaving safepoint region
[3276.365s][info ][safepoint    ] Total time for which application threads were stopped: 0.0000760 seconds, Stopping threads took: 0.0000163 seconds
[3276.964s][info ][safepoint    ] Application time: 0.5988235 seconds
[3276.964s][info ][safepoint    ] Entering safepoint region: GenCollectForAllocation
[3276.964s][info ][gc,start     ] GC(836) Pause Young (Allocation Failure)
[3276.964s][info ][gc,task      ] GC(836) Using 4 workers of 4 for evacuation
[3276.967s][debug][gc,ref       ] GC(836) Skipped phase1 of Reference Processing due to unavailable references
[3276.967s][debug][gc,ref       ] GC(836) Skipped phase2 of Reference Processing due to unavailable references
[3276.967s][debug][gc,ref       ] GC(836) Skipped phase3 of Reference Processing due to unavailable references
[3276.967s][debug][gc,ref       ] GC(836) Skipped phase4 of Reference Processing due to unavailable references
[3276.967s][debug][gc,age       ] GC(836) Desired survivor size 15368192 bytes, new threshold 6 (max threshold 6)
[3276.967s][info ][gc,heap      ] GC(836) ParNew: 241992K->1473K(270336K)
[3276.967s][info ][gc,heap      ] GC(836) CMS: 534825K->534973K(600768K)
[3276.967s][info ][gc,metaspace ] GC(836) Metaspace: 59774K->59774K(1103872K)
[3276.967s][info ][gc           ] GC(836) Pause Young (Allocation Failure) 758M->523M(850M) 2.547ms
[3276.967s][info ][gc,cpu       ] GC(836) User=0.01s Sys=0.00s Real=0.00s
[3276.967s][info ][safepoint    ] Leaving safepoint region
[3276.967s][info ][safepoint    ] Total time for which application threads were stopped: 0.0027103 seconds, Stopping threads took: 0.0000344 seconds
[3277.967s][info ][safepoint    ] Application time: 1.0000970 seconds
[3277.967s][info ][safepoint    ] Entering safepoint region: Cleanup
[3277.967s][info ][safepoint    ] Leaving safepoint region
[3277.967s][info ][safepoint    ] Total time for which application threads were stopped: 0.0000732 seconds, Stopping threads took: 0.0000154 seconds
[3278.967s][info ][safepoint    ] Application time: 1.0000931 seconds
[3278.967s][info ][safepoint    ] Entering safepoint region: Cleanup
[3278.967s][info ][safepoint    ] Leaving safepoint region
[3278.967s][info ][safepoint    ] Total time for which application threads were stopped: 0.0000730 seconds, Stopping threads took: 0.0000155 seconds
[3279.967s][info ][safepoint    ] Application time: 1.0000923 seconds
[3279.967s][info ][safepoint    ] Entering safepoint region: Cleanup
[3279.967s][info ][safepoint    ] Leaving safepoint region
[3279.967s][info ][safepoint    ] Total time for which application threads were stopped: 0.0000713 seconds, Stopping threads took: 0.0000150 seconds
[3280.967s][info ][safepoint    ] Application time: 1.0000811 seconds
[3280.968s][info ][safepoint    ] Entering safepoint region: Cleanup
[3280.968s][info ][safepoint    ] Leaving safepoint region
[3280.968s][info ][safepoint    ] Total time for which application threads were stopped: 0.0000708 seconds, Stopping threads took: 0.0000148 seconds
[3281.968s][info ][safepoint    ] Application time: 1.0000834 seconds
[3281.968s][info ][safepoint    ] Entering safepoint region: Cleanup
[3281.968s][info ][safepoint    ] Leaving safepoint region
[3281.968s][info ][safepoint    ] Total time for which application threads were stopped: 0.0000831 seconds, Stopping threads took: 0.0000152 seconds
[3282.613s][info ][safepoint    ] Application time: 0.6449184 seconds
[3282.613s][info ][safepoint    ] Entering safepoint region: GenCollectForAllocation
[3282.613s][info ][gc,start     ] GC(837) Pause Young (Allocation Failure)
[3282.613s][info ][gc,task      ] GC(837) Using 4 workers of 4 for evacuation
[3282.615s][debug][gc,ref       ] GC(837) Skipped phase1 of Reference Processing due to unavailable references
[3282.615s][debug][gc,ref       ] GC(837) Skipped phase2 of Reference Processing due to unavailable references
[3282.615s][debug][gc,ref       ] GC(837) Skipped phase3 of Reference Processing due to unavailable references
[3282.615s][debug][gc,ref       ] GC(837) Skipped phase4 of Reference Processing due to unavailable references
[3282.615s][debug][gc,age       ] GC(837) Desired survivor size 15368192 bytes, new threshold 6 (max threshold 6)
[3282.615s][info ][gc,heap      ] GC(837) ParNew: 241793K->1617K(270336K)
[3282.615s][info ][gc,heap      ] GC(837) CMS: 534973K->535090K(600768K)
[3282.615s][info ][gc,metaspace ] GC(837) Metaspace: 59775K->59775K(1103872K)
[3282.615s][info ][gc           ] GC(837) Pause Young (Allocation Failure) 758M->524M(850M) 2.544ms
[3282.615s][info ][gc,cpu       ] GC(837) User=0.01s Sys=0.00s Real=0.00s
[3282.615s][info ][safepoint    ] Leaving safepoint region
[3282.615s][info ][safepoint    ] Total time for which application threads were stopped: 0.0027015 seconds, Stopping threads took: 0.0000140 seconds
[3283.616s][info ][safepoint    ] Application time: 1.0001015 seconds
[3283.616s][info ][safepoint    ] Entering safepoint region: Cleanup
[3283.616s][info ][safepoint    ] Leaving safepoint region
[3283.616s][info ][safepoint    ] Total time for which application threads were stopped: 0.0000720 seconds, Stopping threads took: 0.0000156 seconds
[3284.616s][info ][safepoint    ] Application time: 1.0000649 seconds
[3284.616s][info ][safepoint    ] Entering safepoint region: Cleanup
[3284.616s][info ][safepoint    ] Leaving safepoint region
[3284.616s][info ][safepoint    ] Total time for which application threads were stopped: 0.0000719 seconds, Stopping threads took: 0.0000153 seconds
[3285.616s][info ][safepoint    ] Application time: 1.0000887 seconds
[3285.616s][info ][safepoint    ] Entering safepoint region: Cleanup
[3285.616s][info ][safepoint    ] Leaving safepoint region
[3285.616s][info ][safepoint    ] Total time for which application threads were stopped: 0.0000870 seconds, Stopping threads took: 0.0000283 seconds
[3286.616s][info ][safepoint    ] Application time: 1.0000585 seconds
[3286.616s][info ][safepoint    ] Entering safepoint region: Cleanup
[3286.616s][info ][safepoint    ] Leaving safepoint region
[3286.616s][info ][safepoint    ] Total time for which application threads were stopped: 0.0000733 seconds, Stopping threads took: 0.0000159 seconds
[3287.616s][info ][safepoint    ] Application time: 1.0001073 seconds
[3287.616s][info ][safepoint    ] Entering safepoint region: Cleanup
[3287.616s][info ][safepoint    ] Leaving safepoint region
[3287.616s][info ][safepoint    ] Total time for which application threads were stopped: 0.0000735 seconds, Stopping threads took: 0.0000161 seconds
[3288.110s][info ][safepoint    ] Application time: 0.4940354 seconds
[3288.111s][info ][safepoint    ] Entering safepoint region: GenCollectForAllocation
[3288.111s][info ][gc,start     ] GC(838) Pause Young (Allocation Failure)
[3288.111s][info ][gc,task      ] GC(838) Using 4 workers of 4 for evacuation
[3288.113s][debug][gc,ref       ] GC(838) Skipped phase1 of Reference Processing due to unavailable references
[3288.113s][debug][gc,ref       ] GC(838) Skipped phase2 of Reference Processing due to unavailable references
[3288.113s][debug][gc,ref       ] GC(838) Skipped phase3 of Reference Processing due to unavailable references
[3288.113s][debug][gc,ref       ] GC(838) Skipped phase4 of Reference Processing due to unavailable references
[3288.113s][debug][gc,age       ] GC(838) Desired survivor size 15368192 bytes, new threshold 6 (max threshold 6)
[3288.113s][info ][gc,heap      ] GC(838) ParNew: 241937K->1648K(270336K)
[3288.113s][info ][gc,heap      ] GC(838) CMS: 535090K->535195K(600768K)
[3288.113s][info ][gc,metaspace ] GC(838) Metaspace: 59775K->59775K(1103872K)
[3288.113s][info ][gc           ] GC(838) Pause Young (Allocation Failure) 758M->524M(850M) 2.665ms
[3288.113s][info ][gc,cpu       ] GC(838) User=0.01s Sys=0.00s Real=0.01s
[3288.113s][info ][safepoint    ] Leaving safepoint region
[3288.113s][info ][safepoint    ] Total time for which application threads were stopped: 0.0028318 seconds, Stopping threads took: 0.0000169 seconds
[3289.113s][info ][safepoint    ] Application time: 1.0000497 seconds
[3289.113s][info ][safepoint    ] Entering safepoint region: Cleanup
[3289.114s][info ][safepoint    ] Leaving safepoint region
[3289.114s][info ][safepoint    ] Total time for which application threads were stopped: 0.0001356 seconds, Stopping threads took: 0.0000631 seconds
[3290.114s][info ][safepoint    ] Application time: 1.0000958 seconds
[3290.114s][info ][safepoint    ] Entering safepoint region: Cleanup
[3290.114s][info ][safepoint    ] Leaving safepoint region
[3290.114s][info ][safepoint    ] Total time for which application threads were stopped: 0.0001744 seconds, Stopping threads took: 0.0001006 seconds
[3291.114s][info ][safepoint    ] Application time: 1.0000878 seconds
[3291.114s][info ][safepoint    ] Entering safepoint region: Cleanup
[3291.114s][info ][safepoint    ] Leaving safepoint region
[3291.114s][info ][safepoint    ] Total time for which application threads were stopped: 0.0001050 seconds, Stopping threads took: 0.0000372 seconds
[3292.114s][info ][safepoint    ] Application time: 1.0000873 seconds
[3292.114s][info ][safepoint    ] Entering safepoint region: Cleanup
[3292.114s][info ][safepoint    ] Leaving safepoint region
[3292.114s][info ][safepoint    ] Total time for which application threads were stopped: 0.0001229 seconds, Stopping threads took: 0.0000610 seconds
[3293.114s][info ][safepoint    ] Application time: 1.0000848 seconds
[3293.114s][info ][safepoint    ] Entering safepoint region: Cleanup
[3293.115s][info ][safepoint    ] Leaving safepoint region
[3293.115s][info ][safepoint    ] Total time for which application threads were stopped: 0.0000852 seconds, Stopping threads took: 0.0000155 seconds
[3293.761s][info ][safepoint    ] Application time: 0.6468261 seconds
[3293.761s][info ][safepoint    ] Entering safepoint region: GenCollectForAllocation
[3293.762s][info ][gc,start     ] GC(839) Pause Young (Allocation Failure)
[3293.762s][info ][gc,task      ] GC(839) Using 4 workers of 4 for evacuation
[3293.764s][debug][gc,ref       ] GC(839) Skipped phase1 of Reference Processing due to unavailable references
[3293.764s][debug][gc,ref       ] GC(839) Skipped phase2 of Reference Processing due to unavailable references
[3293.764s][debug][gc,ref       ] GC(839) Skipped phase3 of Reference Processing due to unavailable references
[3293.764s][debug][gc,ref       ] GC(839) Skipped phase4 of Reference Processing due to unavailable references
[3293.764s][debug][gc,age       ] GC(839) Desired survivor size 15368192 bytes, new threshold 6 (max threshold 6)
[3293.764s][info ][gc,heap      ] GC(839) ParNew: 241968K->1433K(270336K)
[3293.764s][info ][gc,heap      ] GC(839) CMS: 535195K->535768K(600768K)
[3293.764s][info ][gc,metaspace ] GC(839) Metaspace: 59775K->59775K(1103872K)
[3293.764s][info ][gc           ] GC(839) Pause Young (Allocation Failure) 758M->524M(850M) 2.635ms
[3293.764s][info ][gc,cpu       ] GC(839) User=0.01s Sys=0.00s Real=0.01s
[3293.764s][info ][safepoint    ] Leaving safepoint region
[3293.764s][info ][safepoint    ] Total time for which application threads were stopped: 0.0027835 seconds, Stopping threads took: 0.0000159 seconds
[3294.764s][info ][safepoint    ] Application time: 1.0001020 seconds
[3294.764s][info ][safepoint    ] Entering safepoint region: Cleanup
[3294.764s][info ][safepoint    ] Leaving safepoint region
[3294.764s][info ][safepoint    ] Total time for which application threads were stopped: 0.0000708 seconds, Stopping threads took: 0.0000137 seconds
[3295.765s][info ][safepoint    ] Application time: 1.0000929 seconds
[3295.765s][info ][safepoint    ] Entering safepoint region: Cleanup
[3295.765s][info ][safepoint    ] Leaving safepoint region
[3295.765s][info ][safepoint    ] Total time for which application threads were stopped: 0.0000714 seconds, Stopping threads took: 0.0000152 seconds
[3296.765s][info ][safepoint    ] Application time: 1.0000914 seconds
[3296.765s][info ][safepoint    ] Entering safepoint region: Cleanup
[3296.765s][info ][safepoint    ] Leaving safepoint region
[3296.765s][info ][safepoint    ] Total time for which application threads were stopped: 0.0000849 seconds, Stopping threads took: 0.0000149 seconds
[3297.765s][info ][safepoint    ] Application time: 1.0000910 seconds
[3297.765s][info ][safepoint    ] Entering safepoint region: Cleanup
[3297.765s][info ][safepoint    ] Leaving safepoint region
[3297.765s][info ][safepoint    ] Total time for which application threads were stopped: 0.0000853 seconds, Stopping threads took: 0.0000164 seconds
[3298.765s][info ][safepoint    ] Application time: 1.0000866 seconds
[3298.765s][info ][safepoint    ] Entering safepoint region: Cleanup
[3298.765s][info ][safepoint    ] Leaving safepoint region
[3298.765s][info ][safepoint    ] Total time for which application threads were stopped: 0.0000751 seconds, Stopping threads took: 0.0000185 seconds
[3299.310s][info ][safepoint    ] Application time: 0.5447479 seconds
[3299.310s][info ][safepoint    ] Entering safepoint region: GenCollectForAllocation
[3299.310s][info ][gc,start     ] GC(840) Pause Young (Allocation Failure)
[3299.310s][info ][gc,task      ] GC(840) Using 4 workers of 4 for evacuation
[3299.312s][debug][gc,ref       ] GC(840) Skipped phase1 of Reference Processing due to unavailable references
[3299.312s][debug][gc,ref       ] GC(840) Skipped phase2 of Reference Processing due to unavailable references
[3299.313s][debug][gc,ref       ] GC(840) Skipped phase3 of Reference Processing due to unavailable references
[3299.313s][debug][gc,ref       ] GC(840) Skipped phase4 of Reference Processing due to unavailable references
[3299.313s][debug][gc,age       ] GC(840) Desired survivor size 15368192 bytes, new threshold 6 (max threshold 6)
[3299.313s][info ][gc,heap      ] GC(840) ParNew: 241753K->1092K(270336K)
[3299.313s][info ][gc,heap      ] GC(840) CMS: 535768K->535893K(600768K)
[3299.313s][info ][gc,metaspace ] GC(840) Metaspace: 59775K->59775K(1103872K)
[3299.313s][info ][gc           ] GC(840) Pause Young (Allocation Failure) 759M->524M(850M) 2.516ms
[3299.313s][info ][gc,cpu       ] GC(840) User=0.01s Sys=0.00s Real=0.01s
[3299.313s][info ][safepoint    ] Leaving safepoint region
[3299.313s][info ][safepoint    ] Total time for which application threads were stopped: 0.0026744 seconds, Stopping threads took: 0.0000152 seconds
[3300.313s][info ][safepoint    ] Application time: 1.0000974 seconds
[3300.313s][info ][safepoint    ] Entering safepoint region: Cleanup
[3300.313s][info ][safepoint    ] Leaving safepoint region
[3300.313s][info ][safepoint    ] Total time for which application threads were stopped: 0.0001372 seconds, Stopping threads took: 0.0000735 seconds
[3301.313s][info ][safepoint    ] Application time: 1.0000986 seconds
[3301.313s][info ][safepoint    ] Entering safepoint region: Cleanup
[3301.313s][info ][safepoint    ] Leaving safepoint region
[3301.313s][info ][safepoint    ] Total time for which application threads were stopped: 0.0001139 seconds, Stopping threads took: 0.0000382 seconds
[3302.313s][info ][safepoint    ] Application time: 1.0001056 seconds
[3302.313s][info ][safepoint    ] Entering safepoint region: Cleanup
[3302.314s][info ][safepoint    ] Leaving safepoint region
[3302.314s][info ][safepoint    ] Total time for which application threads were stopped: 0.0001505 seconds, Stopping threads took: 0.0000834 seconds
[3303.314s][info ][safepoint    ] Application time: 1.0000960 seconds
[3303.314s][info ][safepoint    ] Entering safepoint region: Cleanup
[3303.314s][info ][safepoint    ] Leaving safepoint region
[3303.314s][info ][safepoint    ] Total time for which application threads were stopped: 0.0001386 seconds, Stopping threads took: 0.0000542 seconds
[3304.314s][info ][safepoint    ] Application time: 1.0001044 seconds
[3304.314s][info ][safepoint    ] Entering safepoint region: Cleanup
[3304.314s][info ][safepoint    ] Leaving safepoint region
[3304.314s][info ][safepoint    ] Total time for which application threads were stopped: 0.0001215 seconds, Stopping threads took: 0.0000575 seconds
[3304.912s][info ][safepoint    ] Application time: 0.5980364 seconds
[3304.912s][info ][safepoint    ] Entering safepoint region: GenCollectForAllocation
[3304.912s][info ][gc,start     ] GC(841) Pause Young (Allocation Failure)
[3304.912s][info ][gc,task      ] GC(841) Using 4 workers of 4 for evacuation
[3304.914s][debug][gc,ref       ] GC(841) Skipped phase1 of Reference Processing due to unavailable references
[3304.914s][debug][gc,ref       ] GC(841) Skipped phase2 of Reference Processing due to unavailable references
[3304.914s][debug][gc,ref       ] GC(841) Skipped phase3 of Reference Processing due to unavailable references
[3304.914s][debug][gc,ref       ] GC(841) Skipped phase4 of Reference Processing due to unavailable references
[3304.915s][debug][gc,age       ] GC(841) Desired survivor size 15368192 bytes, new threshold 6 (max threshold 6)
[3304.915s][info ][gc,heap      ] GC(841) ParNew: 241412K->1307K(270336K)
[3304.915s][info ][gc,heap      ] GC(841) CMS: 535893K->535972K(600768K)
[3304.915s][info ][gc,metaspace ] GC(841) Metaspace: 59775K->59775K(1103872K)
[3304.915s][info ][gc           ] GC(841) Pause Young (Allocation Failure) 759M->524M(850M) 2.290ms
[3304.915s][info ][gc,cpu       ] GC(841) User=0.01s Sys=0.00s Real=0.00s
[3304.915s][info ][safepoint    ] Leaving safepoint region
[3304.915s][info ][safepoint    ] Total time for which application threads were stopped: 0.0024394 seconds, Stopping threads took: 0.0000149 seconds
[3305.915s][info ][safepoint    ] Application time: 1.0000971 seconds
[3305.915s][info ][safepoint    ] Entering safepoint region: Cleanup
[3305.915s][info ][safepoint    ] Leaving safepoint region
[3305.915s][info ][safepoint    ] Total time for which application threads were stopped: 0.0000845 seconds, Stopping threads took: 0.0000267 seconds
[3306.915s][info ][safepoint    ] Application time: 1.0000914 seconds
[3306.915s][info ][safepoint    ] Entering safepoint region: Cleanup
[3306.915s][info ][safepoint    ] Leaving safepoint region
[3306.915s][info ][safepoint    ] Total time for which application threads were stopped: 0.0001728 seconds, Stopping threads took: 0.0001090 seconds
[3307.915s][info ][safepoint    ] Application time: 1.0001290 seconds
[3307.915s][info ][safepoint    ] Entering safepoint region: Cleanup
[3307.915s][info ][safepoint    ] Leaving safepoint region
[3307.915s][info ][safepoint    ] Total time for which application threads were stopped: 0.0001196 seconds, Stopping threads took: 0.0000534 seconds
[3308.916s][info ][safepoint    ] Application time: 1.0001637 seconds
[3308.916s][info ][safepoint    ] Entering safepoint region: Cleanup
[3308.916s][info ][safepoint    ] Leaving safepoint region
[3308.916s][info ][safepoint    ] Total time for which application threads were stopped: 0.0000737 seconds, Stopping threads took: 0.0000167 seconds
[3309.916s][info ][safepoint    ] Application time: 1.0000805 seconds
[3309.916s][info ][safepoint    ] Entering safepoint region: Cleanup
[3309.916s][info ][safepoint    ] Leaving safepoint region
[3309.916s][info ][safepoint    ] Total time for which application threads were stopped: 0.0000857 seconds, Stopping threads took: 0.0000165 seconds
[3310.410s][info ][safepoint    ] Application time: 0.4941316 seconds
[3310.410s][info ][safepoint    ] Entering safepoint region: GenCollectForAllocation
[3310.410s][info ][gc,start     ] GC(842) Pause Young (Allocation Failure)
[3310.410s][info ][gc,task      ] GC(842) Using 4 workers of 4 for evacuation
[3310.412s][debug][gc,ref       ] GC(842) Skipped phase1 of Reference Processing due to unavailable references
[3310.412s][debug][gc,ref       ] GC(842) Skipped phase2 of Reference Processing due to unavailable references
[3310.412s][debug][gc,ref       ] GC(842) Skipped phase3 of Reference Processing due to unavailable references
[3310.413s][debug][gc,ref       ] GC(842) Skipped phase4 of Reference Processing due to unavailable references
[3310.413s][debug][gc,age       ] GC(842) Desired survivor size 15368192 bytes, new threshold 6 (max threshold 6)
[3310.413s][info ][gc,heap      ] GC(842) ParNew: 241627K->1382K(270336K)
[3310.413s][info ][gc,heap      ] GC(842) CMS: 535972K->536022K(600768K)
[3310.413s][info ][gc,metaspace ] GC(842) Metaspace: 59775K->59775K(1103872K)
[3310.413s][info ][gc           ] GC(842) Pause Young (Allocation Failure) 759M->524M(850M) 2.534ms
[3310.413s][info ][gc,cpu       ] GC(842) User=0.01s Sys=0.00s Real=0.01s
[3310.413s][info ][safepoint    ] Leaving safepoint region
[3310.413s][info ][safepoint    ] Total time for which application threads were stopped: 0.0026860 seconds, Stopping threads took: 0.0000144 seconds
[3311.413s][info ][safepoint    ] Application time: 1.0000914 seconds
[3311.413s][info ][safepoint    ] Entering safepoint region: Cleanup
[3311.413s][info ][safepoint    ] Leaving safepoint region
[3311.413s][info ][safepoint    ] Total time for which application threads were stopped: 0.0001420 seconds, Stopping threads took: 0.0000704 seconds
[3312.413s][info ][safepoint    ] Application time: 1.0001110 seconds
[3312.413s][info ][safepoint    ] Entering safepoint region: Cleanup
[3312.413s][info ][safepoint    ] Leaving safepoint region
[3312.413s][info ][safepoint    ] Total time for which application threads were stopped: 0.0001352 seconds, Stopping threads took: 0.0000463 seconds
[3313.413s][info ][safepoint    ] Application time: 1.0000890 seconds
[3313.413s][info ][safepoint    ] Entering safepoint region: Cleanup
[3313.414s][info ][safepoint    ] Leaving safepoint region
[3313.414s][info ][safepoint    ] Total time for which application threads were stopped: 0.0001285 seconds, Stopping threads took: 0.0000613 seconds
[3313.712s][info ][safepoint    ] Application time: 0.2986061 seconds
[3313.712s][info ][safepoint    ] Entering safepoint region: GenCollectForAllocation
[3313.712s][info ][gc,start     ] GC(843) Pause Young (Allocation Failure)
[3313.712s][info ][gc,task      ] GC(843) Using 4 workers of 4 for evacuation
[3313.715s][debug][gc,ref       ] GC(843) Skipped phase1 of Reference Processing due to unavailable references
[3313.715s][debug][gc,ref       ] GC(843) Skipped phase2 of Reference Processing due to unavailable references
[3313.715s][debug][gc,ref       ] GC(843) Skipped phase3 of Reference Processing due to unavailable references
[3313.715s][debug][gc,ref       ] GC(843) Skipped phase4 of Reference Processing due to unavailable references
[3313.715s][debug][gc,age       ] GC(843) Desired survivor size 15368192 bytes, new threshold 6 (max threshold 6)
[3313.715s][info ][gc,heap      ] GC(843) ParNew: 241702K->1340K(270336K)
[3313.715s][info ][gc,heap      ] GC(843) CMS: 536022K->536169K(600768K)
[3313.715s][info ][gc,metaspace ] GC(843) Metaspace: 59775K->59775K(1103872K)
[3313.715s][info ][gc           ] GC(843) Pause Young (Allocation Failure) 759M->524M(850M) 3.130ms
[3313.715s][info ][gc,cpu       ] GC(843) User=0.01s Sys=0.00s Real=0.00s
[3313.715s][info ][safepoint    ] Leaving safepoint region
[3313.715s][info ][safepoint    ] Total time for which application threads were stopped: 0.0032931 seconds, Stopping threads took: 0.0000159 seconds
[3314.716s][info ][safepoint    ] Application time: 1.0001011 seconds
[3314.716s][info ][safepoint    ] Entering safepoint region: Cleanup
[3314.716s][info ][safepoint    ] Leaving safepoint region
[3314.716s][info ][safepoint    ] Total time for which application threads were stopped: 0.0000720 seconds, Stopping threads took: 0.0000155 seconds
[3315.716s][info ][safepoint    ] Application time: 1.0000948 seconds
[3315.716s][info ][safepoint    ] Entering safepoint region: Cleanup
[3315.716s][info ][safepoint    ] Leaving safepoint region
[3315.716s][info ][safepoint    ] Total time for which application threads were stopped: 0.0000764 seconds, Stopping threads took: 0.0000164 seconds
[3316.716s][info ][safepoint    ] Application time: 1.0000969 seconds
[3316.716s][info ][safepoint    ] Entering safepoint region: Cleanup
[3316.716s][info ][safepoint    ] Leaving safepoint region
[3316.716s][info ][safepoint    ] Total time for which application threads were stopped: 0.0000954 seconds, Stopping threads took: 0.0000368 seconds
[3317.716s][info ][safepoint    ] Application time: 1.0000888 seconds
[3317.716s][info ][safepoint    ] Entering safepoint region: Cleanup
[3317.716s][info ][safepoint    ] Leaving safepoint region
[3317.716s][info ][safepoint    ] Total time for which application threads were stopped: 0.0000739 seconds, Stopping threads took: 0.0000156 seconds
[3318.516s][info ][safepoint    ] Application time: 0.7993370 seconds
[3318.516s][info ][safepoint    ] Entering safepoint region: RevokeBias
[3318.516s][info ][safepoint    ] Leaving safepoint region
[3318.516s][info ][safepoint    ] Total time for which application threads were stopped: 0.0000858 seconds, Stopping threads took: 0.0000152 seconds
[3319.013s][info ][safepoint    ] Application time: 0.4971311 seconds
[3319.013s][info ][safepoint    ] Entering safepoint region: GenCollectForAllocation
[3319.013s][info ][gc,start     ] GC(844) Pause Young (Allocation Failure)
[3319.013s][info ][gc,task      ] GC(844) Using 4 workers of 4 for evacuation
[3319.016s][debug][gc,ref       ] GC(844) Skipped phase1 of Reference Processing due to unavailable references
[3319.016s][debug][gc,ref       ] GC(844) Skipped phase2 of Reference Processing due to unavailable references
[3319.016s][debug][gc,ref       ] GC(844) Skipped phase3 of Reference Processing due to unavailable references
[3319.016s][debug][gc,ref       ] GC(844) Skipped phase4 of Reference Processing due to unavailable references
[3319.016s][debug][gc,age       ] GC(844) Desired survivor size 15368192 bytes, new threshold 6 (max threshold 6)
[3319.016s][info ][gc,heap      ] GC(844) ParNew: 241660K->1226K(270336K)
[3319.016s][info ][gc,heap      ] GC(844) CMS: 536169K->536354K(600768K)
[3319.016s][info ][gc,metaspace ] GC(844) Metaspace: 59775K->59775K(1103872K)
[3319.016s][info ][gc           ] GC(844) Pause Young (Allocation Failure) 759M->524M(850M) 2.932ms
[3319.016s][info ][gc,cpu       ] GC(844) User=0.00s Sys=0.01s Real=0.00s
[3319.016s][info ][safepoint    ] Leaving safepoint region
[3319.016s][info ][safepoint    ] Total time for which application threads were stopped: 0.0031478 seconds, Stopping threads took: 0.0000777 seconds
[3324.608s][info ][safepoint    ] Application time: 5.5922994 seconds
[3324.609s][info ][safepoint    ] Entering safepoint region: GenCollectForAllocation
[3324.609s][info ][gc,start     ] GC(845) Pause Young (Allocation Failure)
[3324.609s][info ][gc,task      ] GC(845) Using 4 workers of 4 for evacuation
[3324.611s][debug][gc,ref       ] GC(845) Skipped phase1 of Reference Processing due to unavailable references
[3324.611s][debug][gc,ref       ] GC(845) Skipped phase2 of Reference Processing due to unavailable references
[3324.611s][debug][gc,ref       ] GC(845) Skipped phase3 of Reference Processing due to unavailable references
[3324.611s][debug][gc,ref       ] GC(845) Skipped phase4 of Reference Processing due to unavailable references
[3324.611s][debug][gc,age       ] GC(845) Desired survivor size 15368192 bytes, new threshold 6 (max threshold 6)
[3324.611s][info ][gc,heap      ] GC(845) ParNew: 241546K->1298K(270336K)
[3324.611s][info ][gc,heap      ] GC(845) CMS: 536354K->536494K(600768K)
[3324.611s][info ][gc,metaspace ] GC(845) Metaspace: 59776K->59776K(1103872K)
[3324.611s][info ][gc           ] GC(845) Pause Young (Allocation Failure) 759M->525M(850M) 2.810ms
[3324.611s][info ][gc,cpu       ] GC(845) User=0.01s Sys=0.00s Real=0.00s
[3324.611s][info ][safepoint    ] Leaving safepoint region
[3324.611s][info ][safepoint    ] Total time for which application threads were stopped: 0.0030104 seconds, Stopping threads took: 0.0000548 seconds
[3330.109s][info ][safepoint    ] Application time: 5.4971140 seconds
[3330.109s][info ][safepoint    ] Entering safepoint region: GenCollectForAllocation
[3330.109s][info ][gc,start     ] GC(846) Pause Young (Allocation Failure)
[3330.109s][info ][gc,task      ] GC(846) Using 4 workers of 4 for evacuation
[3330.111s][debug][gc,ref       ] GC(846) Skipped phase1 of Reference Processing due to unavailable references
[3330.111s][debug][gc,ref       ] GC(846) Skipped phase2 of Reference Processing due to unavailable references
[3330.111s][debug][gc,ref       ] GC(846) Skipped phase3 of Reference Processing due to unavailable references
[3330.111s][debug][gc,ref       ] GC(846) Skipped phase4 of Reference Processing due to unavailable references
[3330.112s][debug][gc,age       ] GC(846) Desired survivor size 15368192 bytes, new threshold 6 (max threshold 6)
[3330.112s][info ][gc,heap      ] GC(846) ParNew: 241618K->1505K(270336K)
[3330.112s][info ][gc,heap      ] GC(846) CMS: 536494K->536597K(600768K)
[3330.112s][info ][gc,metaspace ] GC(846) Metaspace: 59776K->59776K(1103872K)
[3330.112s][info ][gc           ] GC(846) Pause Young (Allocation Failure) 759M->525M(850M) 2.771ms
[3330.112s][info ][gc,cpu       ] GC(846) User=0.01s Sys=0.00s Real=0.00s
[3330.112s][info ][safepoint    ] Leaving safepoint region
[3330.112s][info ][safepoint    ] Total time for which application threads were stopped: 0.0029786 seconds, Stopping threads took: 0.0000755 seconds
[3335.658s][info ][safepoint    ] Application time: 5.5461048 seconds
[3335.658s][info ][safepoint    ] Entering safepoint region: GenCollectForAllocation
[3335.658s][info ][gc,start     ] GC(847) Pause Young (Allocation Failure)
[3335.658s][info ][gc,task      ] GC(847) Using 4 workers of 4 for evacuation
[3335.660s][debug][gc,ref       ] GC(847) Skipped phase1 of Reference Processing due to unavailable references
[3335.660s][debug][gc,ref       ] GC(847) Skipped phase2 of Reference Processing due to unavailable references
[3335.660s][debug][gc,ref       ] GC(847) Skipped phase3 of Reference Processing due to unavailable references
[3335.660s][debug][gc,ref       ] GC(847) Skipped phase4 of Reference Processing due to unavailable references
[3335.661s][debug][gc,age       ] GC(847) Desired survivor size 15368192 bytes, new threshold 6 (max threshold 6)
[3335.661s][info ][gc,heap      ] GC(847) ParNew: 241825K->1341K(270336K)
[3335.661s][info ][gc,heap      ] GC(847) CMS: 536597K->536689K(600768K)
[3335.661s][info ][gc,metaspace ] GC(847) Metaspace: 59778K->59778K(1103872K)
[3335.661s][info ][gc           ] GC(847) Pause Young (Allocation Failure) 760M->525M(850M) 2.759ms
[3335.661s][info ][gc,cpu       ] GC(847) User=0.01s Sys=0.00s Real=0.00s
[3335.661s][info ][safepoint    ] Leaving safepoint region
[3335.661s][info ][safepoint    ] Total time for which application threads were stopped: 0.0029129 seconds, Stopping threads took: 0.0000145 seconds
[3338.661s][info ][safepoint    ] Application time: 3.0002151 seconds
[3338.661s][info ][safepoint    ] Entering safepoint region: Cleanup
[3338.661s][info ][safepoint    ] Leaving safepoint region
[3338.661s][info ][safepoint    ] Total time for which application threads were stopped: 0.0001429 seconds, Stopping threads took: 0.0000753 seconds
[3341.164s][info ][safepoint    ] Application time: 2.5026753 seconds
[3341.164s][info ][safepoint    ] Entering safepoint region: GenCollectForAllocation
[3341.164s][info ][gc,start     ] GC(848) Pause Young (Allocation Failure)
[3341.164s][info ][gc,task      ] GC(848) Using 4 workers of 4 for evacuation
[3341.166s][debug][gc,ref       ] GC(848) Skipped phase1 of Reference Processing due to unavailable references
[3341.166s][debug][gc,ref       ] GC(848) Skipped phase2 of Reference Processing due to unavailable references
[3341.167s][debug][gc,ref       ] GC(848) Skipped phase3 of Reference Processing due to unavailable references
[3341.167s][debug][gc,ref       ] GC(848) Skipped phase4 of Reference Processing due to unavailable references
[3341.167s][debug][gc,age       ] GC(848) Desired survivor size 15368192 bytes, new threshold 6 (max threshold 6)
[3341.167s][info ][gc,heap      ] GC(848) ParNew: 241661K->1672K(270336K)
[3341.167s][info ][gc,heap      ] GC(848) CMS: 536689K->536863K(600768K)
[3341.167s][info ][gc,metaspace ] GC(848) Metaspace: 59779K->59779K(1103872K)
[3341.167s][info ][gc           ] GC(848) Pause Young (Allocation Failure) 760M->525M(850M) 2.788ms
[3341.167s][info ][gc,cpu       ] GC(848) User=0.01s Sys=0.00s Real=0.01s
[3341.167s][info ][safepoint    ] Leaving safepoint region
[3341.167s][info ][safepoint    ] Total time for which application threads were stopped: 0.0029366 seconds, Stopping threads took: 0.0000150 seconds
[3344.167s][info ][safepoint    ] Application time: 3.0002285 seconds
[3344.167s][info ][safepoint    ] Entering safepoint region: Cleanup
[3344.167s][info ][safepoint    ] Leaving safepoint region
[3344.167s][info ][safepoint    ] Total time for which application threads were stopped: 0.0000767 seconds, Stopping threads took: 0.0000153 seconds
[3346.465s][info ][safepoint    ] Application time: 2.2976794 seconds
[3346.465s][info ][safepoint    ] Entering safepoint region: GenCollectForAllocation
[3346.465s][info ][gc,start     ] GC(849) Pause Young (Allocation Failure)
[3346.465s][info ][gc,task      ] GC(849) Using 4 workers of 4 for evacuation
[3346.468s][debug][gc,ref       ] GC(849) Skipped phase1 of Reference Processing due to unavailable references
[3346.468s][debug][gc,ref       ] GC(849) Skipped phase2 of Reference Processing due to unavailable references
[3346.468s][debug][gc,ref       ] GC(849) Skipped phase3 of Reference Processing due to unavailable references
[3346.468s][debug][gc,ref       ] GC(849) Skipped phase4 of Reference Processing due to unavailable references
[3346.469s][debug][gc,age       ] GC(849) Desired survivor size 15368192 bytes, new threshold 6 (max threshold 6)
[3346.469s][info ][gc,heap      ] GC(849) ParNew: 241992K->1528K(270336K)
[3346.469s][info ][gc,heap      ] GC(849) CMS: 536863K->537094K(600768K)
[3346.469s][info ][gc,metaspace ] GC(849) Metaspace: 59779K->59779K(1103872K)
[3346.469s][info ][gc           ] GC(849) Pause Young (Allocation Failure) 760M->525M(850M) 3.728ms
[3346.469s][info ][gc,cpu       ] GC(849) User=0.01s Sys=0.00s Real=0.00s
[3346.469s][info ][safepoint    ] Leaving safepoint region
[3346.469s][info ][safepoint    ] Total time for which application threads were stopped: 0.0038928 seconds, Stopping threads took: 0.0000150 seconds
[3351.469s][info ][safepoint    ] Application time: 5.0004226 seconds
[3351.469s][info ][safepoint    ] Entering safepoint region: Cleanup
[3351.469s][info ][safepoint    ] Leaving safepoint region
[3351.469s][info ][safepoint    ] Total time for which application threads were stopped: 0.0000999 seconds, Stopping threads took: 0.0000398 seconds
[3351.909s][info ][safepoint    ] Application time: 0.4392325 seconds
[3351.909s][info ][safepoint    ] Entering safepoint region: GenCollectForAllocation
[3351.909s][info ][gc,start     ] GC(850) Pause Young (Allocation Failure)
[3351.909s][info ][gc,task      ] GC(850) Using 4 workers of 4 for evacuation
[3351.911s][debug][gc,ref       ] GC(850) Skipped phase1 of Reference Processing due to unavailable references
[3351.911s][debug][gc,ref       ] GC(850) Skipped phase2 of Reference Processing due to unavailable references
[3351.911s][debug][gc,ref       ] GC(850) Skipped phase3 of Reference Processing due to unavailable references
[3351.911s][debug][gc,ref       ] GC(850) Skipped phase4 of Reference Processing due to unavailable references
[3351.911s][debug][gc,age       ] GC(850) Desired survivor size 15368192 bytes, new threshold 6 (max threshold 6)
[3351.911s][info ][gc,heap      ] GC(850) ParNew: 240748K->1944K(270336K)
[3351.911s][info ][gc,heap      ] GC(850) CMS: 537094K->537095K(600768K)
[3351.911s][info ][gc,metaspace ] GC(850) Metaspace: 59779K->59779K(1103872K)
[3351.911s][info ][gc           ] GC(850) Pause Young (Allocation Failure) 759M->526M(850M) 2.505ms
[3351.911s][info ][gc,cpu       ] GC(850) User=0.00s Sys=0.00s Real=0.00s
[3351.911s][info ][safepoint    ] Leaving safepoint region
[3351.911s][info ][safepoint    ] Total time for which application threads were stopped: 0.0026443 seconds, Stopping threads took: 0.0000151 seconds
[3357.308s][info ][safepoint    ] Application time: 5.3971570 seconds
[3357.308s][info ][safepoint    ] Entering safepoint region: GenCollectForAllocation
[3357.309s][info ][gc,start     ] GC(851) Pause Young (Allocation Failure)
[3357.309s][info ][gc,task      ] GC(851) Using 4 workers of 4 for evacuation
[3357.311s][debug][gc,ref       ] GC(851) Skipped phase1 of Reference Processing due to unavailable references
[3357.311s][debug][gc,ref       ] GC(851) Skipped phase2 of Reference Processing due to unavailable references
[3357.311s][debug][gc,ref       ] GC(851) Skipped phase3 of Reference Processing due to unavailable references
[3357.311s][debug][gc,ref       ] GC(851) Skipped phase4 of Reference Processing due to unavailable references
[3357.311s][debug][gc,age       ] GC(851) Desired survivor size 15368192 bytes, new threshold 6 (max threshold 6)
[3357.311s][info ][gc,heap      ] GC(851) ParNew: 242264K->1806K(270336K)
[3357.311s][info ][gc,heap      ] GC(851) CMS: 537095K->537301K(600768K)
[3357.311s][info ][gc,metaspace ] GC(851) Metaspace: 59779K->59779K(1103872K)
[3357.311s][info ][gc           ] GC(851) Pause Young (Allocation Failure) 761M->526M(850M) 2.673ms
[3357.311s][info ][gc,cpu       ] GC(851) User=0.01s Sys=0.00s Real=0.00s
[3357.311s][info ][safepoint    ] Leaving safepoint region
[3357.311s][info ][safepoint    ] Total time for which application threads were stopped: 0.0028772 seconds, Stopping threads took: 0.0000587 seconds
[3362.863s][info ][safepoint    ] Application time: 5.5517586 seconds
[3362.863s][info ][safepoint    ] Entering safepoint region: GenCollectForAllocation
[3362.863s][info ][gc,start     ] GC(852) Pause Young (Allocation Failure)
[3362.863s][info ][gc,task      ] GC(852) Using 4 workers of 4 for evacuation
[3362.865s][debug][gc,ref       ] GC(852) Skipped phase1 of Reference Processing due to unavailable references
[3362.865s][debug][gc,ref       ] GC(852) Skipped phase2 of Reference Processing due to unavailable references
[3362.865s][debug][gc,ref       ] GC(852) Skipped phase3 of Reference Processing due to unavailable references
[3362.865s][debug][gc,ref       ] GC(852) Skipped phase4 of Reference Processing due to unavailable references
[3362.866s][debug][gc,age       ] GC(852) Desired survivor size 15368192 bytes, new threshold 6 (max threshold 6)
[3362.866s][info ][gc,heap      ] GC(852) ParNew: 242126K->1798K(270336K)
[3362.866s][info ][gc,heap      ] GC(852) CMS: 537301K->537458K(600768K)
[3362.866s][info ][gc,metaspace ] GC(852) Metaspace: 59779K->59779K(1103872K)
[3362.866s][info ][gc           ] GC(852) Pause Young (Allocation Failure) 761M->526M(850M) 2.434ms
[3362.866s][info ][gc,cpu       ] GC(852) User=0.01s Sys=0.00s Real=0.01s
[3362.866s][info ][safepoint    ] Leaving safepoint region
[3362.866s][info ][safepoint    ] Total time for which application threads were stopped: 0.0025780 seconds, Stopping threads took: 0.0000140 seconds
[3368.462s][info ][safepoint    ] Application time: 5.5968292 seconds
[3368.463s][info ][safepoint    ] Entering safepoint region: GenCollectForAllocation
[3368.463s][info ][gc,start     ] GC(853) Pause Young (Allocation Failure)
[3368.463s][info ][gc,task      ] GC(853) Using 4 workers of 4 for evacuation
[3368.465s][debug][gc,ref       ] GC(853) Skipped phase1 of Reference Processing due to unavailable references
[3368.465s][debug][gc,ref       ] GC(853) Skipped phase2 of Reference Processing due to unavailable references
[3368.465s][debug][gc,ref       ] GC(853) Skipped phase3 of Reference Processing due to unavailable references
[3368.465s][debug][gc,ref       ] GC(853) Skipped phase4 of Reference Processing due to unavailable references
[3368.465s][debug][gc,age       ] GC(853) Desired survivor size 15368192 bytes, new threshold 6 (max threshold 6)
[3368.465s][info ][gc,heap      ] GC(853) ParNew: 242118K->2110K(270336K)
[3368.465s][info ][gc,heap      ] GC(853) CMS: 537458K->537563K(600768K)
[3368.465s][info ][gc,metaspace ] GC(853) Metaspace: 59780K->59780K(1103872K)
[3368.465s][info ][gc           ] GC(853) Pause Young (Allocation Failure) 761M->527M(850M) 2.529ms
[3368.465s][info ][gc,cpu       ] GC(853) User=0.00s Sys=0.00s Real=0.01s
[3368.465s][info ][safepoint    ] Leaving safepoint region
[3368.465s][info ][safepoint    ] Total time for which application threads were stopped: 0.0026746 seconds, Stopping threads took: 0.0000151 seconds
[3373.958s][info ][safepoint    ] Application time: 5.4932845 seconds
[3373.959s][info ][safepoint    ] Entering safepoint region: GenCollectForAllocation
[3373.959s][info ][gc,start     ] GC(854) Pause Young (Allocation Failure)
[3373.959s][info ][gc,task      ] GC(854) Using 4 workers of 4 for evacuation
[3373.961s][debug][gc,ref       ] GC(854) Skipped phase1 of Reference Processing due to unavailable references
[3373.961s][debug][gc,ref       ] GC(854) Skipped phase2 of Reference Processing due to unavailable references
[3373.961s][debug][gc,ref       ] GC(854) Skipped phase3 of Reference Processing due to unavailable references
[3373.961s][debug][gc,ref       ] GC(854) Skipped phase4 of Reference Processing due to unavailable references
[3373.961s][debug][gc,age       ] GC(854) Desired survivor size 15368192 bytes, new threshold 6 (max threshold 6)
[3373.961s][info ][gc,heap      ] GC(854) ParNew: 242430K->1709K(270336K)
[3373.961s][info ][gc,heap      ] GC(854) CMS: 537563K->538059K(600768K)
[3373.961s][info ][gc,metaspace ] GC(854) Metaspace: 59780K->59780K(1103872K)
[3373.961s][info ][gc           ] GC(854) Pause Young (Allocation Failure) 761M->527M(850M) 2.681ms
[3373.961s][info ][gc,cpu       ] GC(854) User=0.01s Sys=0.00s Real=0.00s
[3373.961s][info ][safepoint    ] Leaving safepoint region
[3373.961s][info ][safepoint    ] Total time for which application threads were stopped: 0.0028967 seconds, Stopping threads took: 0.0000819 seconds
[3379.515s][info ][safepoint    ] Application time: 5.5532677 seconds
[3379.515s][info ][safepoint    ] Entering safepoint region: GenCollectForAllocation
[3379.515s][info ][gc,start     ] GC(855) Pause Young (Allocation Failure)
[3379.515s][info ][gc,task      ] GC(855) Using 4 workers of 4 for evacuation
[3379.517s][debug][gc,ref       ] GC(855) Skipped phase1 of Reference Processing due to unavailable references
[3379.517s][debug][gc,ref       ] GC(855) Skipped phase2 of Reference Processing due to unavailable references
[3379.517s][debug][gc,ref       ] GC(855) Skipped phase3 of Reference Processing due to unavailable references
[3379.517s][debug][gc,ref       ] GC(855) Skipped phase4 of Reference Processing due to unavailable references
[3379.517s][debug][gc,age       ] GC(855) Desired survivor size 15368192 bytes, new threshold 6 (max threshold 6)
[3379.517s][info ][gc,heap      ] GC(855) ParNew: 242029K->1489K(270336K)
[3379.517s][info ][gc,heap      ] GC(855) CMS: 538059K->538176K(600768K)
[3379.517s][info ][gc,metaspace ] GC(855) Metaspace: 59780K->59780K(1103872K)
[3379.517s][info ][gc           ] GC(855) Pause Young (Allocation Failure) 761M->527M(850M) 2.344ms
[3379.517s][info ][gc,cpu       ] GC(855) User=0.01s Sys=0.00s Real=0.00s
[3379.517s][info ][safepoint    ] Leaving safepoint region
[3379.517s][info ][safepoint    ] Total time for which application threads were stopped: 0.0024883 seconds, Stopping threads took: 0.0000157 seconds
[3381.517s][info ][safepoint    ] Application time: 2.0001428 seconds
[3381.517s][info ][safepoint    ] Entering safepoint region: Cleanup
[3381.518s][info ][safepoint    ] Leaving safepoint region
[3381.518s][info ][safepoint    ] Total time for which application threads were stopped: 0.0000934 seconds, Stopping threads took: 0.0000156 seconds
[3384.862s][info ][safepoint    ] Application time: 3.3442237 seconds
[3384.862s][info ][safepoint    ] Entering safepoint region: GenCollectForAllocation
[3384.862s][info ][gc,start     ] GC(856) Pause Young (Allocation Failure)
[3384.862s][info ][gc,task      ] GC(856) Using 4 workers of 4 for evacuation
[3384.865s][debug][gc,ref       ] GC(856) Skipped phase1 of Reference Processing due to unavailable references
[3384.865s][debug][gc,ref       ] GC(856) Skipped phase2 of Reference Processing due to unavailable references
[3384.865s][debug][gc,ref       ] GC(856) Skipped phase3 of Reference Processing due to unavailable references
[3384.865s][debug][gc,ref       ] GC(856) Skipped phase4 of Reference Processing due to unavailable references
[3384.865s][debug][gc,age       ] GC(856) Desired survivor size 15368192 bytes, new threshold 6 (max threshold 6)
[3384.865s][info ][gc,heap      ] GC(856) ParNew: 241809K->1499K(270336K)
[3384.865s][info ][gc,heap      ] GC(856) CMS: 538176K->538408K(600768K)
[3384.865s][info ][gc,metaspace ] GC(856) Metaspace: 59780K->59780K(1103872K)
[3384.865s][info ][gc           ] GC(856) Pause Young (Allocation Failure) 761M->527M(850M) 2.781ms
[3384.865s][info ][gc,cpu       ] GC(856) User=0.01s Sys=0.00s Real=0.01s
[3384.865s][info ][safepoint    ] Leaving safepoint region
[3384.865s][info ][safepoint    ] Total time for which application threads were stopped: 0.0029788 seconds, Stopping threads took: 0.0000597 seconds
[3390.170s][info ][safepoint    ] Application time: 5.3054211 seconds
[3390.170s][info ][safepoint    ] Entering safepoint region: GenCollectForAllocation
[3390.170s][info ][gc,start     ] GC(857) Pause Young (Allocation Failure)
[3390.170s][info ][gc,task      ] GC(857) Using 4 workers of 4 for evacuation
[3390.173s][debug][gc,ref       ] GC(857) Skipped phase1 of Reference Processing due to unavailable references
[3390.173s][debug][gc,ref       ] GC(857) Skipped phase2 of Reference Processing due to unavailable references
[3390.173s][debug][gc,ref       ] GC(857) Skipped phase3 of Reference Processing due to unavailable references
[3390.173s][debug][gc,ref       ] GC(857) Skipped phase4 of Reference Processing due to unavailable references
[3390.173s][debug][gc,age       ] GC(857) Desired survivor size 15368192 bytes, new threshold 6 (max threshold 6)
[3390.173s][info ][gc,heap      ] GC(857) ParNew: 241819K->1466K(270336K)
[3390.173s][info ][gc,heap      ] GC(857) CMS: 538408K->538432K(600768K)
[3390.173s][info ][gc,metaspace ] GC(857) Metaspace: 59780K->59780K(1103872K)
[3390.173s][info ][gc           ] GC(857) Pause Young (Allocation Failure) 761M->527M(850M) 2.414ms
[3390.173s][info ][gc,cpu       ] GC(857) User=0.01s Sys=0.00s Real=0.01s
[3390.173s][info ][safepoint    ] Leaving safepoint region
[3390.173s][info ][safepoint    ] Total time for which application threads were stopped: 0.0025598 seconds, Stopping threads took: 0.0000146 seconds
[3395.663s][info ][safepoint    ] Application time: 5.4903509 seconds
[3395.663s][info ][safepoint    ] Entering safepoint region: GenCollectForAllocation
[3395.663s][info ][gc,start     ] GC(858) Pause Young (Allocation Failure)
[3395.663s][info ][gc,task      ] GC(858) Using 4 workers of 4 for evacuation
[3395.666s][debug][gc,ref       ] GC(858) Skipped phase1 of Reference Processing due to unavailable references
[3395.666s][debug][gc,ref       ] GC(858) Skipped phase2 of Reference Processing due to unavailable references
[3395.666s][debug][gc,ref       ] GC(858) Skipped phase3 of Reference Processing due to unavailable references
[3395.666s][debug][gc,ref       ] GC(858) Skipped phase4 of Reference Processing due to unavailable references
[3395.666s][debug][gc,age       ] GC(858) Desired survivor size 15368192 bytes, new threshold 6 (max threshold 6)
[3395.666s][info ][gc,heap      ] GC(858) ParNew: 241786K->1639K(270336K)
[3395.666s][info ][gc,heap      ] GC(858) CMS: 538432K->538540K(600768K)
[3395.666s][info ][gc,metaspace ] GC(858) Metaspace: 59780K->59780K(1103872K)
[3395.666s][info ][gc           ] GC(858) Pause Young (Allocation Failure) 761M->527M(850M) 2.603ms
[3395.666s][info ][gc,cpu       ] GC(858) User=0.01s Sys=0.00s Real=0.01s
[3395.666s][info ][safepoint    ] Leaving safepoint region
[3395.666s][info ][safepoint    ] Total time for which application threads were stopped: 0.0027588 seconds, Stopping threads took: 0.0000145 seconds
[3401.065s][info ][safepoint    ] Application time: 5.3991150 seconds
[3401.065s][info ][safepoint    ] Entering safepoint region: GenCollectForAllocation
[3401.065s][info ][gc,start     ] GC(859) Pause Young (Allocation Failure)
[3401.065s][info ][gc,task      ] GC(859) Using 4 workers of 4 for evacuation
[3401.068s][debug][gc,ref       ] GC(859) Skipped phase1 of Reference Processing due to unavailable references
[3401.068s][debug][gc,ref       ] GC(859) Skipped phase2 of Reference Processing due to unavailable references
[3401.068s][debug][gc,ref       ] GC(859) Skipped phase3 of Reference Processing due to unavailable references
[3401.068s][debug][gc,ref       ] GC(859) Skipped phase4 of Reference Processing due to unavailable references
[3401.068s][debug][gc,age       ] GC(859) Desired survivor size 15368192 bytes, new threshold 6 (max threshold 6)
[3401.068s][info ][gc,heap      ] GC(859) ParNew: 241959K->1449K(270336K)
[3401.068s][info ][gc,heap      ] GC(859) CMS: 538540K->539087K(600768K)
[3401.068s][info ][gc,metaspace ] GC(859) Metaspace: 59780K->59780K(1103872K)
[3401.068s][info ][gc           ] GC(859) Pause Young (Allocation Failure) 762M->527M(850M) 2.847ms
[3401.068s][info ][gc,cpu       ] GC(859) User=0.01s Sys=0.00s Real=0.00s
[3401.068s][info ][safepoint    ] Leaving safepoint region
[3401.068s][info ][safepoint    ] Total time for which application threads were stopped: 0.0029867 seconds, Stopping threads took: 0.0000151 seconds
[3406.614s][info ][safepoint    ] Application time: 5.5455576 seconds
[3406.614s][info ][safepoint    ] Entering safepoint region: GenCollectForAllocation
[3406.614s][info ][gc,start     ] GC(860) Pause Young (Allocation Failure)
[3406.614s][info ][gc,task      ] GC(860) Using 4 workers of 4 for evacuation
[3406.616s][debug][gc,ref       ] GC(860) Skipped phase1 of Reference Processing due to unavailable references
[3406.616s][debug][gc,ref       ] GC(860) Skipped phase2 of Reference Processing due to unavailable references
[3406.616s][debug][gc,ref       ] GC(860) Skipped phase3 of Reference Processing due to unavailable references
[3406.616s][debug][gc,ref       ] GC(860) Skipped phase4 of Reference Processing due to unavailable references
[3406.617s][debug][gc,age       ] GC(860) Desired survivor size 15368192 bytes, new threshold 6 (max threshold 6)
[3406.617s][info ][gc,heap      ] GC(860) ParNew: 241769K->1149K(270336K)
[3406.617s][info ][gc,heap      ] GC(860) CMS: 539087K->539230K(600768K)
[3406.617s][info ][gc,metaspace ] GC(860) Metaspace: 59780K->59780K(1103872K)
[3406.617s][info ][gc           ] GC(860) Pause Young (Allocation Failure) 762M->527M(850M) 2.804ms
[3406.617s][info ][gc,cpu       ] GC(860) User=0.01s Sys=0.00s Real=0.00s
[3406.617s][info ][safepoint    ] Leaving safepoint region
[3406.617s][info ][safepoint    ] Total time for which application threads were stopped: 0.0029525 seconds, Stopping threads took: 0.0000141 seconds
[3412.167s][info ][safepoint    ] Application time: 5.5499406 seconds
[3412.167s][info ][safepoint    ] Entering safepoint region: GenCollectForAllocation
[3412.167s][info ][gc,start     ] GC(861) Pause Young (Allocation Failure)
[3412.167s][info ][gc,task      ] GC(861) Using 4 workers of 4 for evacuation
[3412.169s][debug][gc,ref       ] GC(861) Skipped phase1 of Reference Processing due to unavailable references
[3412.169s][debug][gc,ref       ] GC(861) Skipped phase2 of Reference Processing due to unavailable references
[3412.169s][debug][gc,ref       ] GC(861) Skipped phase3 of Reference Processing due to unavailable references
[3412.169s][debug][gc,ref       ] GC(861) Skipped phase4 of Reference Processing due to unavailable references
[3412.169s][debug][gc,age       ] GC(861) Desired survivor size 15368192 bytes, new threshold 6 (max threshold 6)
[3412.169s][info ][gc,heap      ] GC(861) ParNew: 241469K->1585K(270336K)
[3412.169s][info ][gc,heap      ] GC(861) CMS: 539230K->539314K(600768K)
[3412.169s][info ][gc,metaspace ] GC(861) Metaspace: 59780K->59780K(1103872K)
[3412.169s][info ][gc           ] GC(861) Pause Young (Allocation Failure) 762M->528M(850M) 2.359ms
[3412.169s][info ][gc,cpu       ] GC(861) User=0.01s Sys=0.00s Real=0.00s
[3412.169s][info ][safepoint    ] Leaving safepoint region
[3412.169s][info ][safepoint    ] Total time for which application threads were stopped: 0.0025126 seconds, Stopping threads took: 0.0000143 seconds
[3417.170s][info ][safepoint    ] Application time: 5.0004064 seconds
[3417.170s][info ][safepoint    ] Entering safepoint region: Cleanup
[3417.170s][info ][safepoint    ] Leaving safepoint region
[3417.170s][info ][safepoint    ] Total time for which application threads were stopped: 0.0000950 seconds, Stopping threads took: 0.0000296 seconds
[3417.613s][info ][safepoint    ] Application time: 0.4438426 seconds
[3417.614s][info ][safepoint    ] Entering safepoint region: GenCollectForAllocation
[3417.614s][info ][gc,start     ] GC(862) Pause Young (Allocation Failure)
[3417.614s][info ][gc,task      ] GC(862) Using 4 workers of 4 for evacuation
[3417.616s][debug][gc,ref       ] GC(862) Skipped phase1 of Reference Processing due to unavailable references
[3417.616s][debug][gc,ref       ] GC(862) Skipped phase2 of Reference Processing due to unavailable references
[3417.616s][debug][gc,ref       ] GC(862) Skipped phase3 of Reference Processing due to unavailable references
[3417.616s][debug][gc,ref       ] GC(862) Skipped phase4 of Reference Processing due to unavailable references
[3417.616s][debug][gc,age       ] GC(862) Desired survivor size 15368192 bytes, new threshold 6 (max threshold 6)
[3417.616s][info ][gc,heap      ] GC(862) ParNew: 241905K->1381K(270336K)
[3417.616s][info ][gc,heap      ] GC(862) CMS: 539314K->539428K(600768K)
[3417.616s][info ][gc,metaspace ] GC(862) Metaspace: 59780K->59780K(1103872K)
[3417.616s][info ][gc           ] GC(862) Pause Young (Allocation Failure) 762M->528M(850M) 2.295ms
[3417.616s][info ][gc,cpu       ] GC(862) User=0.01s Sys=0.00s Real=0.00s
[3417.616s][info ][safepoint    ] Leaving safepoint region
[3417.616s][info ][safepoint    ] Total time for which application threads were stopped: 0.0024415 seconds, Stopping threads took: 0.0000149 seconds
[3423.112s][info ][safepoint    ] Application time: 5.4962167 seconds
[3423.112s][info ][safepoint    ] Entering safepoint region: GenCollectForAllocation
[3423.112s][info ][gc,start     ] GC(863) Pause Young (Allocation Failure)
[3423.112s][info ][gc,task      ] GC(863) Using 4 workers of 4 for evacuation
[3423.115s][debug][gc,ref       ] GC(863) Skipped phase1 of Reference Processing due to unavailable references
[3423.115s][debug][gc,ref       ] GC(863) Skipped phase2 of Reference Processing due to unavailable references
[3423.115s][debug][gc,ref       ] GC(863) Skipped phase3 of Reference Processing due to unavailable references
[3423.115s][debug][gc,ref       ] GC(863) Skipped phase4 of Reference Processing due to unavailable references
[3423.115s][debug][gc,age       ] GC(863) Desired survivor size 15368192 bytes, new threshold 6 (max threshold 6)
[3423.115s][info ][gc,heap      ] GC(863) ParNew: 241701K->1335K(270336K)
[3423.115s][info ][gc,heap      ] GC(863) CMS: 539428K->539529K(600768K)
[3423.115s][info ][gc,metaspace ] GC(863) Metaspace: 59780K->59780K(1103872K)
[3423.115s][info ][gc           ] GC(863) Pause Young (Allocation Failure) 762M->528M(850M) 2.440ms
[3423.115s][info ][gc,cpu       ] GC(863) User=0.01s Sys=0.00s Real=0.00s
[3423.115s][info ][safepoint    ] Leaving safepoint region
[3423.115s][info ][safepoint    ] Total time for which application threads were stopped: 0.0025959 seconds, Stopping threads took: 0.0000165 seconds
[3428.614s][info ][safepoint    ] Application time: 5.4992756 seconds
[3428.614s][info ][safepoint    ] Entering safepoint region: GenCollectForAllocation
[3428.614s][info ][gc,start     ] GC(864) Pause Young (Allocation Failure)
[3428.614s][info ][gc,task      ] GC(864) Using 4 workers of 4 for evacuation
[3428.617s][debug][gc,ref       ] GC(864) Skipped phase1 of Reference Processing due to unavailable references
[3428.617s][debug][gc,ref       ] GC(864) Skipped phase2 of Reference Processing due to unavailable references
[3428.617s][debug][gc,ref       ] GC(864) Skipped phase3 of Reference Processing due to unavailable references
[3428.617s][debug][gc,ref       ] GC(864) Skipped phase4 of Reference Processing due to unavailable references
[3428.617s][debug][gc,age       ] GC(864) Desired survivor size 15368192 bytes, new threshold 6 (max threshold 6)
[3428.617s][info ][gc,heap      ] GC(864) ParNew: 241655K->883K(270336K)
[3428.617s][info ][gc,heap      ] GC(864) CMS: 539529K->539854K(600768K)
[3428.617s][info ][gc,metaspace ] GC(864) Metaspace: 59780K->59780K(1103872K)
[3428.617s][info ][gc           ] GC(864) Pause Young (Allocation Failure) 762M->528M(850M) 2.689ms
[3428.617s][info ][gc,cpu       ] GC(864) User=0.01s Sys=0.00s Real=0.00s
[3428.617s][info ][safepoint    ] Leaving safepoint region
[3428.617s][info ][safepoint    ] Total time for which application threads were stopped: 0.0028507 seconds, Stopping threads took: 0.0000145 seconds
[3434.210s][info ][safepoint    ] Application time: 5.5934171 seconds
[3434.210s][info ][safepoint    ] Entering safepoint region: GenCollectForAllocation
[3434.211s][info ][gc,start     ] GC(865) Pause Young (Allocation Failure)
[3434.211s][info ][gc,task      ] GC(865) Using 4 workers of 4 for evacuation
[3434.213s][debug][gc,ref       ] GC(865) Skipped phase1 of Reference Processing due to unavailable references
[3434.213s][debug][gc,ref       ] GC(865) Skipped phase2 of Reference Processing due to unavailable references
[3434.213s][debug][gc,ref       ] GC(865) Skipped phase3 of Reference Processing due to unavailable references
[3434.213s][debug][gc,ref       ] GC(865) Skipped phase4 of Reference Processing due to unavailable references
[3434.213s][debug][gc,age       ] GC(865) Desired survivor size 15368192 bytes, new threshold 6 (max threshold 6)
[3434.213s][info ][gc,heap      ] GC(865) ParNew: 241203K->1012K(270336K)
[3434.213s][info ][gc,heap      ] GC(865) CMS: 539854K->539934K(600768K)
[3434.213s][info ][gc,metaspace ] GC(865) Metaspace: 59780K->59780K(1103872K)
[3434.213s][info ][gc           ] GC(865) Pause Young (Allocation Failure) 762M->528M(850M) 2.949ms
[3434.214s][info ][gc,cpu       ] GC(865) User=0.01s Sys=0.00s Real=0.01s
[3434.214s][info ][safepoint    ] Leaving safepoint region
[3434.214s][info ][safepoint    ] Total time for which application threads were stopped: 0.0030955 seconds, Stopping threads took: 0.0000155 seconds
[3439.763s][info ][safepoint    ] Application time: 5.5492855 seconds
[3439.763s][info ][safepoint    ] Entering safepoint region: GenCollectForAllocation
[3439.763s][info ][gc,start     ] GC(866) Pause Young (Allocation Failure)
[3439.763s][info ][gc,task      ] GC(866) Using 4 workers of 4 for evacuation
[3439.765s][debug][gc,ref       ] GC(866) Skipped phase1 of Reference Processing due to unavailable references
[3439.765s][debug][gc,ref       ] GC(866) Skipped phase2 of Reference Processing due to unavailable references
[3439.765s][debug][gc,ref       ] GC(866) Skipped phase3 of Reference Processing due to unavailable references
[3439.765s][debug][gc,ref       ] GC(866) Skipped phase4 of Reference Processing due to unavailable references
[3439.765s][debug][gc,age       ] GC(866) Desired survivor size 15368192 bytes, new threshold 6 (max threshold 6)
[3439.765s][info ][gc,heap      ] GC(866) ParNew: 241332K->1203K(270336K)
[3439.765s][info ][gc,heap      ] GC(866) CMS: 539934K->539938K(600768K)
[3439.765s][info ][gc,metaspace ] GC(866) Metaspace: 59780K->59780K(1103872K)
[3439.765s][info ][gc           ] GC(866) Pause Young (Allocation Failure) 762M->528M(850M) 2.147ms
[3439.765s][info ][gc,cpu       ] GC(866) User=0.00s Sys=0.00s Real=0.01s
[3439.765s][info ][safepoint    ] Leaving safepoint region
[3439.765s][info ][safepoint    ] Total time for which application threads were stopped: 0.0022866 seconds, Stopping threads took: 0.0000144 seconds
[3445.310s][info ][safepoint    ] Application time: 5.5451121 seconds
[3445.310s][info ][safepoint    ] Entering safepoint region: GenCollectForAllocation
[3445.310s][info ][gc,start     ] GC(867) Pause Young (Allocation Failure)
[3445.310s][info ][gc,task      ] GC(867) Using 4 workers of 4 for evacuation
[3445.313s][debug][gc,ref       ] GC(867) Skipped phase1 of Reference Processing due to unavailable references
[3445.313s][debug][gc,ref       ] GC(867) Skipped phase2 of Reference Processing due to unavailable references
[3445.313s][debug][gc,ref       ] GC(867) Skipped phase3 of Reference Processing due to unavailable references
[3445.313s][debug][gc,ref       ] GC(867) Skipped phase4 of Reference Processing due to unavailable references
[3445.313s][debug][gc,age       ] GC(867) Desired survivor size 15368192 bytes, new threshold 6 (max threshold 6)
[3445.313s][info ][gc,heap      ] GC(867) ParNew: 241523K->963K(270336K)
[3445.313s][info ][gc,heap      ] GC(867) CMS: 539938K->540209K(600768K)
[3445.313s][info ][gc,metaspace ] GC(867) Metaspace: 59780K->59780K(1103872K)
[3445.313s][info ][gc           ] GC(867) Pause Young (Allocation Failure) 763M->528M(850M) 2.633ms
[3445.313s][info ][gc,cpu       ] GC(867) User=0.01s Sys=0.00s Real=0.01s
[3445.313s][info ][safepoint    ] Leaving safepoint region
[3445.313s][info ][safepoint    ] Total time for which application threads were stopped: 0.0027992 seconds, Stopping threads took: 0.0000285 seconds
[3446.313s][info ][safepoint    ] Application time: 1.0001382 seconds
[3446.313s][info ][safepoint    ] Entering safepoint region: Cleanup
[3446.313s][info ][safepoint    ] Leaving safepoint region
[3446.313s][info ][safepoint    ] Total time for which application threads were stopped: 0.0001413 seconds, Stopping threads took: 0.0000666 seconds
[3447.314s][info ][safepoint    ] Application time: 1.0001553 seconds
[3447.314s][info ][safepoint    ] Entering safepoint region: Cleanup
[3447.314s][info ][safepoint    ] Leaving safepoint region
[3447.314s][info ][safepoint    ] Total time for which application threads were stopped: 0.0002027 seconds, Stopping threads took: 0.0001106 seconds
[3448.314s][info ][safepoint    ] Application time: 1.0000971 seconds
[3448.314s][info ][safepoint    ] Entering safepoint region: Cleanup
[3448.314s][info ][safepoint    ] Leaving safepoint region
[3448.314s][info ][safepoint    ] Total time for which application threads were stopped: 0.0001313 seconds, Stopping threads took: 0.0000682 seconds
[3450.658s][info ][safepoint    ] Application time: 2.3443476 seconds
[3450.659s][info ][safepoint    ] Entering safepoint region: GenCollectForAllocation
[3450.659s][info ][gc,start     ] GC(868) Pause Young (Allocation Failure)
[3450.659s][info ][gc,task      ] GC(868) Using 4 workers of 4 for evacuation
[3450.661s][debug][gc,ref       ] GC(868) Skipped phase1 of Reference Processing due to unavailable references
[3450.661s][debug][gc,ref       ] GC(868) Skipped phase2 of Reference Processing due to unavailable references
[3450.661s][debug][gc,ref       ] GC(868) Skipped phase3 of Reference Processing due to unavailable references
[3450.661s][debug][gc,ref       ] GC(868) Skipped phase4 of Reference Processing due to unavailable references
[3450.661s][debug][gc,age       ] GC(868) Desired survivor size 15368192 bytes, new threshold 6 (max threshold 6)
[3450.661s][info ][gc,heap      ] GC(868) ParNew: 241283K->1259K(270336K)
[3450.661s][info ][gc,heap      ] GC(868) CMS: 540209K->540246K(600768K)
[3450.661s][info ][gc,metaspace ] GC(868) Metaspace: 59780K->59780K(1103872K)
[3450.661s][info ][gc           ] GC(868) Pause Young (Allocation Failure) 763M->528M(850M) 2.291ms
[3450.661s][info ][gc,cpu       ] GC(868) User=0.00s Sys=0.00s Real=0.00s
[3450.661s][info ][safepoint    ] Leaving safepoint region
[3450.661s][info ][safepoint    ] Total time for which application threads were stopped: 0.0025620 seconds, Stopping threads took: 0.0001409 seconds
[3456.058s][info ][safepoint    ] Application time: 5.3974186 seconds
[3456.059s][info ][safepoint    ] Entering safepoint region: GenCollectForAllocation
[3456.059s][info ][gc,start     ] GC(869) Pause Young (Allocation Failure)
[3456.059s][info ][gc,task      ] GC(869) Using 4 workers of 4 for evacuation
[3456.061s][debug][gc,ref       ] GC(869) Skipped phase1 of Reference Processing due to unavailable references
[3456.061s][debug][gc,ref       ] GC(869) Skipped phase2 of Reference Processing due to unavailable references
[3456.061s][debug][gc,ref       ] GC(869) Skipped phase3 of Reference Processing due to unavailable references
[3456.061s][debug][gc,ref       ] GC(869) Skipped phase4 of Reference Processing due to unavailable references
[3456.061s][debug][gc,age       ] GC(869) Desired survivor size 15368192 bytes, new threshold 6 (max threshold 6)
[3456.061s][info ][gc,heap      ] GC(869) ParNew: 241579K->1234K(270336K)
[3456.061s][info ][gc,heap      ] GC(869) CMS: 540246K->540335K(600768K)
[3456.061s][info ][gc,metaspace ] GC(869) Metaspace: 59780K->59780K(1103872K)
[3456.061s][info ][gc           ] GC(869) Pause Young (Allocation Failure) 763M->528M(850M) 2.393ms
[3456.061s][info ][gc,cpu       ] GC(869) User=0.01s Sys=0.00s Real=0.00s
[3456.061s][info ][safepoint    ] Leaving safepoint region
[3456.061s][info ][safepoint    ] Total time for which application threads were stopped: 0.0025908 seconds, Stopping threads took: 0.0000543 seconds
[3461.562s][info ][safepoint    ] Application time: 5.5012373 seconds
[3461.562s][info ][safepoint    ] Entering safepoint region: GenCollectForAllocation
[3461.562s][info ][gc,start     ] GC(870) Pause Young (Allocation Failure)
[3461.562s][info ][gc,task      ] GC(870) Using 4 workers of 4 for evacuation
[3461.565s][debug][gc,ref       ] GC(870) Skipped phase1 of Reference Processing due to unavailable references
[3461.565s][debug][gc,ref       ] GC(870) Skipped phase2 of Reference Processing due to unavailable references
[3461.565s][debug][gc,ref       ] GC(870) Skipped phase3 of Reference Processing due to unavailable references
[3461.565s][debug][gc,ref       ] GC(870) Skipped phase4 of Reference Processing due to unavailable references
[3461.565s][debug][gc,age       ] GC(870) Desired survivor size 15368192 bytes, new threshold 6 (max threshold 6)
[3461.565s][info ][gc,heap      ] GC(870) ParNew: 241554K->1319K(270336K)
[3461.565s][info ][gc,heap      ] GC(870) CMS: 540335K->540365K(600768K)
[3461.565s][info ][gc,metaspace ] GC(870) Metaspace: 59780K->59780K(1103872K)
[3461.565s][info ][gc           ] GC(870) Pause Young (Allocation Failure) 763M->528M(850M) 2.305ms
[3461.565s][info ][gc,cpu       ] GC(870) User=0.01s Sys=0.00s Real=0.01s
[3461.565s][info ][safepoint    ] Leaving safepoint region
[3461.565s][info ][safepoint    ] Total time for which application threads were stopped: 0.0024605 seconds, Stopping threads took: 0.0000149 seconds
[3467.212s][info ][safepoint    ] Application time: 5.6468239 seconds
[3467.212s][info ][safepoint    ] Entering safepoint region: GenCollectForAllocation
[3467.212s][info ][gc,start     ] GC(871) Pause Young (Allocation Failure)
[3467.212s][info ][gc,task      ] GC(871) Using 4 workers of 4 for evacuation
[3467.214s][debug][gc,ref       ] GC(871) Skipped phase1 of Reference Processing due to unavailable references
[3467.214s][debug][gc,ref       ] GC(871) Skipped phase2 of Reference Processing due to unavailable references
[3467.214s][debug][gc,ref       ] GC(871) Skipped phase3 of Reference Processing due to unavailable references
[3467.214s][debug][gc,ref       ] GC(871) Skipped phase4 of Reference Processing due to unavailable references
[3467.214s][debug][gc,age       ] GC(871) Desired survivor size 15368192 bytes, new threshold 6 (max threshold 6)
[3467.214s][info ][gc,heap      ] GC(871) ParNew: 241639K->1376K(270336K)
[3467.214s][info ][gc,heap      ] GC(871) CMS: 540365K->540532K(600768K)
[3467.214s][info ][gc,metaspace ] GC(871) Metaspace: 59780K->59780K(1103872K)
[3467.214s][info ][gc           ] GC(871) Pause Young (Allocation Failure) 763M->529M(850M) 2.637ms
[3467.214s][info ][gc,cpu       ] GC(871) User=0.01s Sys=0.00s Real=0.01s
[3467.214s][info ][safepoint    ] Leaving safepoint region
[3467.214s][info ][safepoint    ] Total time for which application threads were stopped: 0.0027751 seconds, Stopping threads took: 0.0000154 seconds
[3468.215s][info ][safepoint    ] Application time: 1.0001038 seconds
[3468.215s][info ][safepoint    ] Entering safepoint region: Cleanup
[3468.215s][info ][safepoint    ] Leaving safepoint region
[3468.215s][info ][safepoint    ] Total time for which application threads were stopped: 0.0000897 seconds, Stopping threads took: 0.0000282 seconds
[3472.859s][info ][safepoint    ] Application time: 4.6439939 seconds
[3472.859s][info ][safepoint    ] Entering safepoint region: GenCollectForAllocation
[3472.859s][info ][gc,start     ] GC(872) Pause Young (Allocation Failure)
[3472.859s][info ][gc,task      ] GC(872) Using 4 workers of 4 for evacuation
[3472.861s][debug][gc,ref       ] GC(872) Skipped phase1 of Reference Processing due to unavailable references
[3472.861s][debug][gc,ref       ] GC(872) Skipped phase2 of Reference Processing due to unavailable references
[3472.861s][debug][gc,ref       ] GC(872) Skipped phase3 of Reference Processing due to unavailable references
[3472.861s][debug][gc,ref       ] GC(872) Skipped phase4 of Reference Processing due to unavailable references
[3472.861s][debug][gc,age       ] GC(872) Desired survivor size 15368192 bytes, new threshold 6 (max threshold 6)
[3472.861s][info ][gc,heap      ] GC(872) ParNew: 241696K->1358K(270336K)
[3472.861s][info ][gc,heap      ] GC(872) CMS: 540532K->540635K(600768K)
[3472.861s][info ][gc,metaspace ] GC(872) Metaspace: 59780K->59780K(1103872K)
[3472.861s][info ][gc           ] GC(872) Pause Young (Allocation Failure) 763M->529M(850M) 2.362ms
[3472.861s][info ][gc,cpu       ] GC(872) User=0.01s Sys=0.00s Real=0.00s
[3472.861s][info ][safepoint    ] Leaving safepoint region
[3472.861s][info ][safepoint    ] Total time for which application threads were stopped: 0.0025229 seconds, Stopping threads took: 0.0000260 seconds
[3478.463s][info ][safepoint    ] Application time: 5.6020593 seconds
[3478.463s][info ][safepoint    ] Entering safepoint region: GenCollectForAllocation
[3478.463s][info ][gc,start     ] GC(873) Pause Young (Allocation Failure)
[3478.463s][info ][gc,task      ] GC(873) Using 4 workers of 4 for evacuation
[3478.466s][debug][gc,ref       ] GC(873) Skipped phase1 of Reference Processing due to unavailable references
[3478.466s][debug][gc,ref       ] GC(873) Skipped phase2 of Reference Processing due to unavailable references
[3478.466s][debug][gc,ref       ] GC(873) Skipped phase3 of Reference Processing due to unavailable references
[3478.466s][debug][gc,ref       ] GC(873) Skipped phase4 of Reference Processing due to unavailable references
[3478.466s][debug][gc,age       ] GC(873) Desired survivor size 15368192 bytes, new threshold 6 (max threshold 6)
[3478.466s][info ][gc,heap      ] GC(873) ParNew: 241678K->1157K(270336K)
[3478.466s][info ][gc,heap      ] GC(873) CMS: 540635K->540827K(600768K)
[3478.466s][info ][gc,metaspace ] GC(873) Metaspace: 59780K->59780K(1103872K)
[3478.466s][info ][gc           ] GC(873) Pause Young (Allocation Failure) 763M->529M(850M) 2.575ms
[3478.466s][info ][gc,cpu       ] GC(873) User=0.01s Sys=0.00s Real=0.01s
[3478.466s][info ][safepoint    ] Leaving safepoint region
[3478.466s][info ][safepoint    ] Total time for which application threads were stopped: 0.0027217 seconds, Stopping threads took: 0.0000147 seconds
[3484.311s][info ][safepoint    ] Application time: 5.8450007 seconds
[3484.311s][info ][safepoint    ] Entering safepoint region: GenCollectForAllocation
[3484.311s][info ][gc,start     ] GC(874) Pause Young (Allocation Failure)
[3484.311s][info ][gc,task      ] GC(874) Using 4 workers of 4 for evacuation
[3484.314s][debug][gc,ref       ] GC(874) Skipped phase1 of Reference Processing due to unavailable references
[3484.314s][debug][gc,ref       ] GC(874) Skipped phase2 of Reference Processing due to unavailable references
[3484.314s][debug][gc,ref       ] GC(874) Skipped phase3 of Reference Processing due to unavailable references
[3484.314s][debug][gc,ref       ] GC(874) Skipped phase4 of Reference Processing due to unavailable references
[3484.314s][debug][gc,age       ] GC(874) Desired survivor size 15368192 bytes, new threshold 6 (max threshold 6)
[3484.314s][info ][gc,heap      ] GC(874) ParNew: 241477K->1198K(270336K)
[3484.314s][info ][gc,heap      ] GC(874) CMS: 540827K->541002K(600768K)
[3484.314s][info ][gc,metaspace ] GC(874) Metaspace: 59780K->59780K(1103872K)
[3484.314s][info ][gc           ] GC(874) Pause Young (Allocation Failure) 763M->529M(850M) 2.652ms
[3484.314s][info ][gc,cpu       ] GC(874) User=0.01s Sys=0.00s Real=0.01s
[3484.314s][info ][safepoint    ] Leaving safepoint region
[3484.314s][info ][safepoint    ] Total time for which application threads were stopped: 0.0028095 seconds, Stopping threads took: 0.0000139 seconds
[3486.164s][info ][safepoint    ] Application time: 1.8499264 seconds
[3486.164s][info ][safepoint    ] Entering safepoint region: RevokeBias
[3486.164s][info ][safepoint    ] Leaving safepoint region
[3486.164s][info ][safepoint    ] Total time for which application threads were stopped: 0.0000843 seconds, Stopping threads took: 0.0000148 seconds
[3490.161s][info ][safepoint    ] Application time: 3.9972864 seconds
[3490.161s][info ][safepoint    ] Entering safepoint region: GenCollectForAllocation
[3490.161s][info ][gc,start     ] GC(875) Pause Young (Allocation Failure)
[3490.161s][info ][gc,task      ] GC(875) Using 4 workers of 4 for evacuation
[3490.164s][debug][gc,ref       ] GC(875) Skipped phase1 of Reference Processing due to unavailable references
[3490.164s][debug][gc,ref       ] GC(875) Skipped phase2 of Reference Processing due to unavailable references
[3490.164s][debug][gc,ref       ] GC(875) Skipped phase3 of Reference Processing due to unavailable references
[3490.164s][debug][gc,ref       ] GC(875) Skipped phase4 of Reference Processing due to unavailable references
[3490.164s][debug][gc,age       ] GC(875) Desired survivor size 15368192 bytes, new threshold 6 (max threshold 6)
[3490.164s][info ][gc,heap      ] GC(875) ParNew: 241518K->923K(270336K)
[3490.164s][info ][gc,heap      ] GC(875) CMS: 541002K->541141K(600768K)
[3490.164s][info ][gc,metaspace ] GC(875) Metaspace: 59781K->59781K(1103872K)
[3490.164s][info ][gc           ] GC(875) Pause Young (Allocation Failure) 764M->529M(850M) 2.892ms
[3490.164s][info ][gc,cpu       ] GC(875) User=0.01s Sys=0.00s Real=0.01s
[3490.164s][info ][safepoint    ] Leaving safepoint region
[3490.164s][info ][safepoint    ] Total time for which application threads were stopped: 0.0030384 seconds, Stopping threads took: 0.0000141 seconds
[3494.165s][info ][safepoint    ] Application time: 4.0003412 seconds
[3494.165s][info ][safepoint    ] Entering safepoint region: Cleanup
[3494.165s][info ][safepoint    ] Leaving safepoint region
[3494.165s][info ][safepoint    ] Total time for which application threads were stopped: 0.0000747 seconds, Stopping threads took: 0.0000164 seconds
[3496.012s][info ][safepoint    ] Application time: 1.8471227 seconds
[3496.012s][info ][safepoint    ] Entering safepoint region: GenCollectForAllocation
[3496.012s][info ][gc,start     ] GC(876) Pause Young (Allocation Failure)
[3496.012s][info ][gc,task      ] GC(876) Using 4 workers of 4 for evacuation
[3496.014s][debug][gc,ref       ] GC(876) Skipped phase1 of Reference Processing due to unavailable references
[3496.014s][debug][gc,ref       ] GC(876) Skipped phase2 of Reference Processing due to unavailable references
[3496.014s][debug][gc,ref       ] GC(876) Skipped phase3 of Reference Processing due to unavailable references
[3496.014s][debug][gc,ref       ] GC(876) Skipped phase4 of Reference Processing due to unavailable references
[3496.014s][debug][gc,age       ] GC(876) Desired survivor size 15368192 bytes, new threshold 6 (max threshold 6)
[3496.014s][info ][gc,heap      ] GC(876) ParNew: 241243K->1060K(270336K)
[3496.014s][info ][gc,heap      ] GC(876) CMS: 541141K->541225K(600768K)
[3496.014s][info ][gc,metaspace ] GC(876) Metaspace: 59788K->59788K(1103872K)
[3496.014s][info ][gc           ] GC(876) Pause Young (Allocation Failure) 764M->529M(850M) 2.283ms
[3496.014s][info ][gc,cpu       ] GC(876) User=0.00s Sys=0.01s Real=0.01s
[3496.014s][info ][safepoint    ] Leaving safepoint region
[3496.014s][info ][safepoint    ] Total time for which application threads were stopped: 0.0024379 seconds, Stopping threads took: 0.0000147 seconds
[3501.512s][info ][safepoint    ] Application time: 5.4971382 seconds
[3501.512s][info ][safepoint    ] Entering safepoint region: GenCollectForAllocation
[3501.512s][info ][gc,start     ] GC(877) Pause Young (Allocation Failure)
[3501.512s][info ][gc,task      ] GC(877) Using 4 workers of 4 for evacuation
[3501.514s][debug][gc,ref       ] GC(877) Skipped phase1 of Reference Processing due to unavailable references
[3501.514s][debug][gc,ref       ] GC(877) Skipped phase2 of Reference Processing due to unavailable references
[3501.514s][debug][gc,ref       ] GC(877) Skipped phase3 of Reference Processing due to unavailable references
[3501.514s][debug][gc,ref       ] GC(877) Skipped phase4 of Reference Processing due to unavailable references
[3501.514s][debug][gc,age       ] GC(877) Desired survivor size 15368192 bytes, new threshold 6 (max threshold 6)
[3501.514s][info ][gc,heap      ] GC(877) ParNew: 241380K->1119K(270336K)
[3501.514s][info ][gc,heap      ] GC(877) CMS: 541225K->541350K(600768K)
[3501.514s][info ][gc,metaspace ] GC(877) Metaspace: 59788K->59788K(1103872K)
[3501.514s][info ][gc           ] GC(877) Pause Young (Allocation Failure) 764M->529M(850M) 2.465ms
[3501.514s][info ][gc,cpu       ] GC(877) User=0.01s Sys=0.00s Real=0.01s
[3501.514s][info ][safepoint    ] Leaving safepoint region
[3501.514s][info ][safepoint    ] Total time for which application threads were stopped: 0.0026209 seconds, Stopping threads took: 0.0000153 seconds
[3505.514s][info ][safepoint    ] Application time: 4.0003101 seconds
[3505.515s][info ][safepoint    ] Entering safepoint region: Cleanup
[3505.515s][info ][safepoint    ] Leaving safepoint region
[3505.515s][info ][safepoint    ] Total time for which application threads were stopped: 0.0001397 seconds, Stopping threads took: 0.0000785 seconds
[3507.063s][info ][safepoint    ] Application time: 1.5482560 seconds
[3507.063s][info ][safepoint    ] Entering safepoint region: GenCollectForAllocation
[3507.063s][info ][gc,start     ] GC(878) Pause Young (Allocation Failure)
[3507.063s][info ][gc,task      ] GC(878) Using 4 workers of 4 for evacuation
[3507.065s][debug][gc,ref       ] GC(878) Skipped phase1 of Reference Processing due to unavailable references
[3507.065s][debug][gc,ref       ] GC(878) Skipped phase2 of Reference Processing due to unavailable references
[3507.065s][debug][gc,ref       ] GC(878) Skipped phase3 of Reference Processing due to unavailable references
[3507.065s][debug][gc,ref       ] GC(878) Skipped phase4 of Reference Processing due to unavailable references
[3507.065s][debug][gc,age       ] GC(878) Desired survivor size 15368192 bytes, new threshold 6 (max threshold 6)
[3507.065s][info ][gc,heap      ] GC(878) ParNew: 241439K->1206K(270336K)
[3507.065s][info ][gc,heap      ] GC(878) CMS: 541350K->541476K(600768K)
[3507.065s][info ][gc,metaspace ] GC(878) Metaspace: 59788K->59788K(1103872K)
[3507.065s][info ][gc           ] GC(878) Pause Young (Allocation Failure) 764M->529M(850M) 2.335ms
[3507.065s][info ][gc,cpu       ] GC(878) User=0.01s Sys=0.00s Real=0.01s
[3507.065s][info ][safepoint    ] Leaving safepoint region
[3507.065s][info ][safepoint    ] Total time for which application threads were stopped: 0.0024761 seconds, Stopping threads took: 0.0000153 seconds
[3512.366s][info ][safepoint    ] Application time: 5.3002566 seconds
[3512.366s][info ][safepoint    ] Entering safepoint region: GenCollectForAllocation
[3512.366s][info ][gc,start     ] GC(879) Pause Young (Allocation Failure)
[3512.366s][info ][gc,task      ] GC(879) Using 4 workers of 4 for evacuation
[3512.368s][debug][gc,ref       ] GC(879) Skipped phase1 of Reference Processing due to unavailable references
[3512.368s][debug][gc,ref       ] GC(879) Skipped phase2 of Reference Processing due to unavailable references
[3512.368s][debug][gc,ref       ] GC(879) Skipped phase3 of Reference Processing due to unavailable references
[3512.368s][debug][gc,ref       ] GC(879) Skipped phase4 of Reference Processing due to unavailable references
[3512.368s][debug][gc,age       ] GC(879) Desired survivor size 15368192 bytes, new threshold 6 (max threshold 6)
[3512.368s][info ][gc,heap      ] GC(879) ParNew: 241526K->1524K(270336K)
[3512.368s][info ][gc,heap      ] GC(879) CMS: 541476K->541504K(600768K)
[3512.368s][info ][gc,metaspace ] GC(879) Metaspace: 59788K->59788K(1103872K)
[3512.368s][info ][gc           ] GC(879) Pause Young (Allocation Failure) 764M->530M(850M) 2.413ms
[3512.368s][info ][gc,cpu       ] GC(879) User=0.01s Sys=0.01s Real=0.00s
[3512.368s][info ][safepoint    ] Leaving safepoint region
[3512.368s][info ][safepoint    ] Total time for which application threads were stopped: 0.0025677 seconds, Stopping threads took: 0.0000303 seconds
[3513.368s][info ][safepoint    ] Application time: 1.0000981 seconds
[3513.368s][info ][safepoint    ] Entering safepoint region: Cleanup
[3513.369s][info ][safepoint    ] Leaving safepoint region
[3513.369s][info ][safepoint    ] Total time for which application threads were stopped: 0.0000944 seconds, Stopping threads took: 0.0000155 seconds
[3515.369s][info ][safepoint    ] Application time: 2.0002128 seconds
[3515.369s][info ][safepoint    ] Entering safepoint region: Cleanup
[3515.369s][info ][safepoint    ] Leaving safepoint region
[3515.369s][info ][safepoint    ] Total time for which application threads were stopped: 0.0000758 seconds, Stopping threads took: 0.0000151 seconds
[3517.712s][info ][safepoint    ] Application time: 2.3426792 seconds
[3517.712s][info ][safepoint    ] Entering safepoint region: GenCollectForAllocation
[3517.712s][info ][gc,start     ] GC(880) Pause Young (Allocation Failure)
[3517.712s][info ][gc,task      ] GC(880) Using 4 workers of 4 for evacuation
[3517.714s][debug][gc,ref       ] GC(880) Skipped phase1 of Reference Processing due to unavailable references
[3517.714s][debug][gc,ref       ] GC(880) Skipped phase2 of Reference Processing due to unavailable references
[3517.714s][debug][gc,ref       ] GC(880) Skipped phase3 of Reference Processing due to unavailable references
[3517.714s][debug][gc,ref       ] GC(880) Skipped phase4 of Reference Processing due to unavailable references
[3517.714s][debug][gc,age       ] GC(880) Desired survivor size 15368192 bytes, new threshold 6 (max threshold 6)
[3517.714s][info ][gc,heap      ] GC(880) ParNew: 241844K->1839K(270336K)
[3517.714s][info ][gc,heap      ] GC(880) CMS: 541504K->541608K(600768K)
[3517.714s][info ][gc,metaspace ] GC(880) Metaspace: 59790K->59790K(1103872K)
[3517.714s][info ][gc           ] GC(880) Pause Young (Allocation Failure) 764M->530M(850M) 2.642ms
[3517.714s][info ][gc,cpu       ] GC(880) User=0.01s Sys=0.00s Real=0.01s
[3517.714s][info ][safepoint    ] Leaving safepoint region
[3517.714s][info ][safepoint    ] Total time for which application threads were stopped: 0.0027932 seconds, Stopping threads took: 0.0000177 seconds
[3521.715s][info ][safepoint    ] Application time: 4.0004094 seconds
[3521.715s][info ][safepoint    ] Entering safepoint region: Cleanup
[3521.715s][info ][safepoint    ] Leaving safepoint region
[3521.715s][info ][safepoint    ] Total time for which application threads were stopped: 0.0000839 seconds, Stopping threads took: 0.0000178 seconds
[3522.561s][info ][safepoint    ] Application time: 0.8460483 seconds
[3522.561s][info ][safepoint    ] Entering safepoint region: GenCollectForAllocation
[3522.561s][info ][gc,start     ] GC(881) Pause Young (Allocation Failure)
[3522.561s][info ][gc,task      ] GC(881) Using 4 workers of 4 for evacuation
[3522.564s][debug][gc,ref       ] GC(881) Skipped phase1 of Reference Processing due to unavailable references
[3522.564s][debug][gc,ref       ] GC(881) Skipped phase2 of Reference Processing due to unavailable references
[3522.564s][debug][gc,ref       ] GC(881) Skipped phase3 of Reference Processing due to unavailable references
[3522.564s][debug][gc,ref       ] GC(881) Skipped phase4 of Reference Processing due to unavailable references
[3522.564s][debug][gc,age       ] GC(881) Desired survivor size 15368192 bytes, new threshold 6 (max threshold 6)
[3522.564s][info ][gc,heap      ] GC(881) ParNew: 242159K->3431K(270336K)
[3522.564s][info ][gc,heap      ] GC(881) CMS: 541608K->541632K(600768K)
[3522.564s][info ][gc,metaspace ] GC(881) Metaspace: 59790K->59790K(1103872K)
[3522.564s][info ][gc           ] GC(881) Pause Young (Allocation Failure) 765M->532M(850M) 3.040ms
[3522.564s][info ][gc,cpu       ] GC(881) User=0.01s Sys=0.00s Real=0.01s
[3522.564s][info ][safepoint    ] Leaving safepoint region
[3522.564s][info ][safepoint    ] Total time for which application threads were stopped: 0.0031849 seconds, Stopping threads took: 0.0000152 seconds
[3527.461s][info ][safepoint    ] Application time: 4.8970080 seconds
[3527.461s][info ][safepoint    ] Entering safepoint region: GenCollectForAllocation
[3527.461s][info ][gc,start     ] GC(882) Pause Young (Allocation Failure)
[3527.461s][info ][gc,task      ] GC(882) Using 4 workers of 4 for evacuation
[3527.464s][debug][gc,ref       ] GC(882) Skipped phase1 of Reference Processing due to unavailable references
[3527.464s][debug][gc,ref       ] GC(882) Skipped phase2 of Reference Processing due to unavailable references
[3527.464s][debug][gc,ref       ] GC(882) Skipped phase3 of Reference Processing due to unavailable references
[3527.464s][debug][gc,ref       ] GC(882) Skipped phase4 of Reference Processing due to unavailable references
[3527.464s][debug][gc,age       ] GC(882) Desired survivor size 15368192 bytes, new threshold 6 (max threshold 6)
[3527.464s][info ][gc,heap      ] GC(882) ParNew: 243751K->4427K(270336K)
[3527.464s][info ][gc,heap      ] GC(882) CMS: 541632K->541644K(600768K)
[3527.464s][info ][gc,metaspace ] GC(882) Metaspace: 59790K->59790K(1103872K)
[3527.464s][info ][gc           ] GC(882) Pause Young (Allocation Failure) 766M->533M(850M) 3.137ms
[3527.464s][info ][gc,cpu       ] GC(882) User=0.02s Sys=0.00s Real=0.01s
[3527.464s][info ][safepoint    ] Leaving safepoint region
[3527.464s][info ][safepoint    ] Total time for which application threads were stopped: 0.0032984 seconds, Stopping threads took: 0.0000257 seconds
[3529.465s][info ][safepoint    ] Application time: 2.0001606 seconds
[3529.465s][info ][safepoint    ] Entering safepoint region: Cleanup
[3529.465s][info ][safepoint    ] Leaving safepoint region
[3529.465s][info ][safepoint    ] Total time for which application threads were stopped: 0.0001502 seconds, Stopping threads took: 0.0000849 seconds
[3531.465s][info ][safepoint    ] Application time: 2.0001656 seconds
[3531.465s][info ][safepoint    ] Entering safepoint region: Cleanup
[3531.465s][info ][safepoint    ] Leaving safepoint region
[3531.465s][info ][safepoint    ] Total time for which application threads were stopped: 0.0001284 seconds, Stopping threads took: 0.0000576 seconds
[3532.316s][info ][safepoint    ] Application time: 0.8507758 seconds
[3532.316s][info ][safepoint    ] Entering safepoint region: GenCollectForAllocation
[3532.316s][info ][gc,start     ] GC(883) Pause Young (Allocation Failure)
[3532.316s][info ][gc,task      ] GC(883) Using 4 workers of 4 for evacuation
[3532.319s][debug][gc,ref       ] GC(883) Skipped phase1 of Reference Processing due to unavailable references
[3532.319s][debug][gc,ref       ] GC(883) Skipped phase2 of Reference Processing due to unavailable references
[3532.319s][debug][gc,ref       ] GC(883) Skipped phase3 of Reference Processing due to unavailable references
[3532.319s][debug][gc,ref       ] GC(883) Skipped phase4 of Reference Processing due to unavailable references
[3532.320s][debug][gc,age       ] GC(883) Desired survivor size 15368192 bytes, new threshold 6 (max threshold 6)
[3532.320s][info ][gc,heap      ] GC(883) ParNew: 244747K->4232K(270336K)
[3532.320s][info ][gc,heap      ] GC(883) CMS: 541644K->541791K(600768K)
[3532.320s][info ][gc,metaspace ] GC(883) Metaspace: 59790K->59790K(1103872K)
[3532.320s][info ][gc           ] GC(883) Pause Young (Allocation Failure) 767M->533M(850M) 3.470ms
[3532.320s][info ][gc,cpu       ] GC(883) User=0.02s Sys=0.00s Real=0.00s
[3532.320s][info ][safepoint    ] Leaving safepoint region
[3532.320s][info ][safepoint    ] Total time for which application threads were stopped: 0.0036188 seconds, Stopping threads took: 0.0000144 seconds
[3536.763s][info ][safepoint    ] Application time: 4.4436941 seconds
[3536.763s][info ][safepoint    ] Entering safepoint region: GenCollectForAllocation
[3536.763s][info ][gc,start     ] GC(884) Pause Young (Allocation Failure)
[3536.763s][info ][gc,task      ] GC(884) Using 4 workers of 4 for evacuation
[3536.767s][debug][gc,ref       ] GC(884) Skipped phase1 of Reference Processing due to unavailable references
[3536.767s][debug][gc,ref       ] GC(884) Skipped phase2 of Reference Processing due to unavailable references
[3536.767s][debug][gc,ref       ] GC(884) Skipped phase3 of Reference Processing due to unavailable references
[3536.767s][debug][gc,ref       ] GC(884) Skipped phase4 of Reference Processing due to unavailable references
[3536.767s][debug][gc,age       ] GC(884) Desired survivor size 15368192 bytes, new threshold 6 (max threshold 6)
[3536.767s][info ][gc,heap      ] GC(884) ParNew: 244552K->4084K(270336K)
[3536.767s][info ][gc,heap      ] GC(884) CMS: 541791K->541902K(600768K)
[3536.767s][info ][gc,metaspace ] GC(884) Metaspace: 59790K->59790K(1103872K)
[3536.767s][info ][gc           ] GC(884) Pause Young (Allocation Failure) 767M->533M(850M) 3.508ms
[3536.767s][info ][gc,cpu       ] GC(884) User=0.02s Sys=0.00s Real=0.01s
[3536.767s][info ][safepoint    ] Leaving safepoint region
[3536.767s][info ][safepoint    ] Total time for which application threads were stopped: 0.0036606 seconds, Stopping threads took: 0.0000152 seconds
[3538.767s][info ][safepoint    ] Application time: 2.0001748 seconds
[3538.767s][info ][safepoint    ] Entering safepoint region: Cleanup
[3538.767s][info ][safepoint    ] Leaving safepoint region
[3538.767s][info ][safepoint    ] Total time for which application threads were stopped: 0.0000968 seconds, Stopping threads took: 0.0000160 seconds
[3541.510s][info ][safepoint    ] Application time: 2.7424532 seconds
[3541.510s][info ][safepoint    ] Entering safepoint region: GenCollectForAllocation
[3541.510s][info ][gc,start     ] GC(885) Pause Young (Allocation Failure)
[3541.510s][info ][gc,task      ] GC(885) Using 4 workers of 4 for evacuation
[3541.513s][debug][gc,ref       ] GC(885) Skipped phase1 of Reference Processing due to unavailable references
[3541.513s][debug][gc,ref       ] GC(885) Skipped phase2 of Reference Processing due to unavailable references
[3541.513s][debug][gc,ref       ] GC(885) Skipped phase3 of Reference Processing due to unavailable references
[3541.513s][debug][gc,ref       ] GC(885) Skipped phase4 of Reference Processing due to unavailable references
[3541.514s][debug][gc,age       ] GC(885) Desired survivor size 15368192 bytes, new threshold 6 (max threshold 6)
[3541.514s][info ][gc,heap      ] GC(885) ParNew: 244404K->4737K(270336K)
[3541.514s][info ][gc,heap      ] GC(885) CMS: 541902K->542204K(600768K)
[3541.514s][info ][gc,metaspace ] GC(885) Metaspace: 59790K->59790K(1103872K)
[3541.514s][info ][gc           ] GC(885) Pause Young (Allocation Failure) 767M->534M(850M) 3.720ms
[3541.514s][info ][gc,cpu       ] GC(885) User=0.02s Sys=0.00s Real=0.01s
[3541.514s][info ][safepoint    ] Leaving safepoint region
[3541.514s][info ][safepoint    ] Total time for which application threads were stopped: 0.0038833 seconds, Stopping threads took: 0.0000146 seconds
[3546.157s][info ][safepoint    ] Application time: 4.6435839 seconds
[3546.157s][info ][safepoint    ] Entering safepoint region: GenCollectForAllocation
[3546.157s][info ][gc,start     ] GC(886) Pause Young (Allocation Failure)
[3546.157s][info ][gc,task      ] GC(886) Using 4 workers of 4 for evacuation
[3546.161s][debug][gc,ref       ] GC(886) Skipped phase1 of Reference Processing due to unavailable references
[3546.161s][debug][gc,ref       ] GC(886) Skipped phase2 of Reference Processing due to unavailable references
[3546.161s][debug][gc,ref       ] GC(886) Skipped phase3 of Reference Processing due to unavailable references
[3546.161s][debug][gc,ref       ] GC(886) Skipped phase4 of Reference Processing due to unavailable references
[3546.161s][debug][gc,age       ] GC(886) Desired survivor size 15368192 bytes, new threshold 6 (max threshold 6)
[3546.161s][info ][gc,heap      ] GC(886) ParNew: 245057K->4050K(270336K)
[3546.161s][info ][gc,heap      ] GC(886) CMS: 542204K->542310K(600768K)
[3546.161s][info ][gc,metaspace ] GC(886) Metaspace: 59790K->59790K(1103872K)
[3546.161s][info ][gc           ] GC(886) Pause Young (Allocation Failure) 768M->533M(850M) 3.326ms
[3546.161s][info ][gc,cpu       ] GC(886) User=0.01s Sys=0.00s Real=0.00s
[3546.161s][info ][safepoint    ] Leaving safepoint region
[3546.161s][info ][safepoint    ] Total time for which application threads were stopped: 0.0034803 seconds, Stopping threads took: 0.0000170 seconds
[3550.709s][info ][safepoint    ] Application time: 4.5483535 seconds
[3550.709s][info ][safepoint    ] Entering safepoint region: GenCollectForAllocation
[3550.709s][info ][gc,start     ] GC(887) Pause Young (Allocation Failure)
[3550.709s][info ][gc,task      ] GC(887) Using 4 workers of 4 for evacuation
[3550.713s][debug][gc,ref       ] GC(887) Skipped phase1 of Reference Processing due to unavailable references
[3550.713s][debug][gc,ref       ] GC(887) Skipped phase2 of Reference Processing due to unavailable references
[3550.713s][debug][gc,ref       ] GC(887) Skipped phase3 of Reference Processing due to unavailable references
[3550.713s][debug][gc,ref       ] GC(887) Skipped phase4 of Reference Processing due to unavailable references
[3550.713s][debug][gc,age       ] GC(887) Desired survivor size 15368192 bytes, new threshold 6 (max threshold 6)
[3550.713s][info ][gc,heap      ] GC(887) ParNew: 244370K->4432K(270336K)
[3550.713s][info ][gc,heap      ] GC(887) CMS: 542310K->542971K(600768K)
[3550.713s][info ][gc,metaspace ] GC(887) Metaspace: 59790K->59790K(1103872K)
[3550.713s][info ][gc           ] GC(887) Pause Young (Allocation Failure) 768M->534M(850M) 4.095ms
[3550.713s][info ][gc,cpu       ] GC(887) User=0.02s Sys=0.00s Real=0.01s
[3550.713s][info ][safepoint    ] Leaving safepoint region
[3550.713s][info ][safepoint    ] Total time for which application threads were stopped: 0.0042456 seconds, Stopping threads took: 0.0000157 seconds
[3555.762s][info ][safepoint    ] Application time: 5.0481564 seconds
[3555.762s][info ][safepoint    ] Entering safepoint region: GenCollectForAllocation
[3555.762s][info ][gc,start     ] GC(888) Pause Young (Allocation Failure)
[3555.762s][info ][gc,task      ] GC(888) Using 4 workers of 4 for evacuation
[3555.765s][debug][gc,ref       ] GC(888) Skipped phase1 of Reference Processing due to unavailable references
[3555.765s][debug][gc,ref       ] GC(888) Skipped phase2 of Reference Processing due to unavailable references
[3555.765s][debug][gc,ref       ] GC(888) Skipped phase3 of Reference Processing due to unavailable references
[3555.765s][debug][gc,ref       ] GC(888) Skipped phase4 of Reference Processing due to unavailable references
[3555.766s][debug][gc,age       ] GC(888) Desired survivor size 15368192 bytes, new threshold 6 (max threshold 6)
[3555.766s][info ][gc,heap      ] GC(888) ParNew: 244752K->3565K(270336K)
[3555.766s][info ][gc,heap      ] GC(888) CMS: 542971K->543433K(600768K)
[3555.766s][info ][gc,metaspace ] GC(888) Metaspace: 59790K->59790K(1103872K)
[3555.766s][info ][gc           ] GC(888) Pause Young (Allocation Failure) 769M->534M(850M) 3.817ms
[3555.766s][info ][gc,cpu       ] GC(888) User=0.01s Sys=0.00s Real=0.01s
[3555.766s][info ][safepoint    ] Leaving safepoint region
[3555.766s][info ][safepoint    ] Total time for which application threads were stopped: 0.0039587 seconds, Stopping threads took: 0.0000161 seconds
[3560.560s][info ][safepoint    ] Application time: 4.7939348 seconds
[3560.560s][info ][safepoint    ] Entering safepoint region: GenCollectForAllocation
[3560.560s][info ][gc,start     ] GC(889) Pause Young (Allocation Failure)
[3560.560s][info ][gc,task      ] GC(889) Using 4 workers of 4 for evacuation
[3560.563s][debug][gc,ref       ] GC(889) Skipped phase1 of Reference Processing due to unavailable references
[3560.563s][debug][gc,ref       ] GC(889) Skipped phase2 of Reference Processing due to unavailable references
[3560.563s][debug][gc,ref       ] GC(889) Skipped phase3 of Reference Processing due to unavailable references
[3560.563s][debug][gc,ref       ] GC(889) Skipped phase4 of Reference Processing due to unavailable references
[3560.563s][debug][gc,age       ] GC(889) Desired survivor size 15368192 bytes, new threshold 6 (max threshold 6)
[3560.563s][info ][gc,heap      ] GC(889) ParNew: 243885K->3239K(270336K)
[3560.563s][info ][gc,heap      ] GC(889) CMS: 543433K->543681K(600768K)
[3560.563s][info ][gc,metaspace ] GC(889) Metaspace: 59790K->59790K(1103872K)
[3560.563s][info ][gc           ] GC(889) Pause Young (Allocation Failure) 768M->534M(850M) 3.149ms
[3560.563s][info ][gc,cpu       ] GC(889) User=0.01s Sys=0.00s Real=0.00s
[3560.563s][info ][safepoint    ] Leaving safepoint region
[3560.563s][info ][safepoint    ] Total time for which application threads were stopped: 0.0033481 seconds, Stopping threads took: 0.0000165 seconds
[3565.561s][info ][safepoint    ] Application time: 4.9977679 seconds
[3565.561s][info ][safepoint    ] Entering safepoint region: GenCollectForAllocation
[3565.561s][info ][gc,start     ] GC(890) Pause Young (Allocation Failure)
[3565.561s][info ][gc,task      ] GC(890) Using 4 workers of 4 for evacuation
[3565.564s][debug][gc,ref       ] GC(890) Skipped phase1 of Reference Processing due to unavailable references
[3565.564s][debug][gc,ref       ] GC(890) Skipped phase2 of Reference Processing due to unavailable references
[3565.564s][debug][gc,ref       ] GC(890) Skipped phase3 of Reference Processing due to unavailable references
[3565.564s][debug][gc,ref       ] GC(890) Skipped phase4 of Reference Processing due to unavailable references
[3565.564s][debug][gc,age       ] GC(890) Desired survivor size 15368192 bytes, new threshold 6 (max threshold 6)
[3565.564s][info ][gc,heap      ] GC(890) ParNew: 243559K->3264K(270336K)
[3565.564s][info ][gc,heap      ] GC(890) CMS: 543681K->544023K(600768K)
[3565.564s][info ][gc,metaspace ] GC(890) Metaspace: 59790K->59790K(1103872K)
[3565.564s][info ][gc           ] GC(890) Pause Young (Allocation Failure) 768M->534M(850M) 3.072ms
[3565.564s][info ][gc,cpu       ] GC(890) User=0.01s Sys=0.00s Real=0.00s
[3565.564s][info ][safepoint    ] Leaving safepoint region
[3565.564s][info ][safepoint    ] Total time for which application threads were stopped: 0.0032167 seconds, Stopping threads took: 0.0000161 seconds
[3569.564s][info ][safepoint    ] Application time: 4.0003519 seconds
[3569.565s][info ][safepoint    ] Entering safepoint region: Cleanup
[3569.565s][info ][safepoint    ] Leaving safepoint region
[3569.565s][info ][safepoint    ] Total time for which application threads were stopped: 0.0005606 seconds, Stopping threads took: 0.0004852 seconds
[3570.763s][info ][safepoint    ] Application time: 1.1985546 seconds
[3570.763s][info ][safepoint    ] Entering safepoint region: GenCollectForAllocation
[3570.764s][info ][gc,start     ] GC(891) Pause Young (Allocation Failure)
[3570.764s][info ][gc,task      ] GC(891) Using 4 workers of 4 for evacuation
[3570.766s][debug][gc,ref       ] GC(891) Skipped phase1 of Reference Processing due to unavailable references
[3570.766s][debug][gc,ref       ] GC(891) Skipped phase2 of Reference Processing due to unavailable references
[3570.766s][debug][gc,ref       ] GC(891) Skipped phase3 of Reference Processing due to unavailable references
[3570.766s][debug][gc,ref       ] GC(891) Skipped phase4 of Reference Processing due to unavailable references
[3570.767s][debug][gc,age       ] GC(891) Desired survivor size 15368192 bytes, new threshold 6 (max threshold 6)
[3570.767s][info ][gc,heap      ] GC(891) ParNew: 243584K->3469K(270336K)
[3570.767s][info ][gc,heap      ] GC(891) CMS: 544023K->544224K(600768K)
[3570.767s][info ][gc,metaspace ] GC(891) Metaspace: 59790K->59790K(1103872K)
[3570.767s][info ][gc           ] GC(891) Pause Young (Allocation Failure) 769M->534M(850M) 3.088ms
[3570.767s][info ][gc,cpu       ] GC(891) User=0.01s Sys=0.00s Real=0.01s
[3570.767s][info ][safepoint    ] Leaving safepoint region
[3570.767s][info ][safepoint    ] Total time for which application threads were stopped: 0.0032397 seconds, Stopping threads took: 0.0000156 seconds
[3575.709s][info ][safepoint    ] Application time: 4.9418828 seconds
[3575.709s][info ][safepoint    ] Entering safepoint region: GenCollectForAllocation
[3575.709s][info ][gc,start     ] GC(892) Pause Young (Allocation Failure)
[3575.709s][info ][gc,task      ] GC(892) Using 4 workers of 4 for evacuation
[3575.711s][debug][gc,ref       ] GC(892) Skipped phase1 of Reference Processing due to unavailable references
[3575.711s][debug][gc,ref       ] GC(892) Skipped phase2 of Reference Processing due to unavailable references
[3575.711s][debug][gc,ref       ] GC(892) Skipped phase3 of Reference Processing due to unavailable references
[3575.711s][debug][gc,ref       ] GC(892) Skipped phase4 of Reference Processing due to unavailable references
[3575.712s][debug][gc,age       ] GC(892) Desired survivor size 15368192 bytes, new threshold 6 (max threshold 6)
[3575.712s][info ][gc,heap      ] GC(892) ParNew: 243789K->3506K(270336K)
[3575.712s][info ][gc,heap      ] GC(892) CMS: 544224K->544370K(600768K)
[3575.712s][info ][gc,metaspace ] GC(892) Metaspace: 59790K->59790K(1103872K)
[3575.712s][info ][gc           ] GC(892) Pause Young (Allocation Failure) 769M->535M(850M) 2.827ms
[3575.712s][info ][gc,cpu       ] GC(892) User=0.01s Sys=0.00s Real=0.00s
[3575.712s][info ][safepoint    ] Leaving safepoint region
[3575.712s][info ][safepoint    ] Total time for which application threads were stopped: 0.0030356 seconds, Stopping threads took: 0.0000660 seconds
[3580.913s][info ][safepoint    ] Application time: 5.2017443 seconds
[3580.913s][info ][safepoint    ] Entering safepoint region: GenCollectForAllocation
[3580.914s][info ][gc,start     ] GC(893) Pause Young (Allocation Failure)
[3580.914s][info ][gc,task      ] GC(893) Using 4 workers of 4 for evacuation
[3580.917s][debug][gc,ref       ] GC(893) Skipped phase1 of Reference Processing due to unavailable references
[3580.917s][debug][gc,ref       ] GC(893) Skipped phase2 of Reference Processing due to unavailable references
[3580.917s][debug][gc,ref       ] GC(893) Skipped phase3 of Reference Processing due to unavailable references
[3580.917s][debug][gc,ref       ] GC(893) Skipped phase4 of Reference Processing due to unavailable references
[3580.917s][debug][gc,age       ] GC(893) Desired survivor size 15368192 bytes, new threshold 6 (max threshold 6)
[3580.917s][info ][gc,heap      ] GC(893) ParNew: 243826K->1888K(270336K)
[3580.917s][info ][gc,heap      ] GC(893) CMS: 544370K->545532K(600768K)
[3580.917s][info ][gc,metaspace ] GC(893) Metaspace: 59790K->59790K(1103872K)
[3580.917s][info ][gc           ] GC(893) Pause Young (Allocation Failure) 769M->534M(850M) 3.562ms
[3580.917s][info ][gc,cpu       ] GC(893) User=0.00s Sys=0.00s Real=0.00s
[3580.917s][info ][safepoint    ] Leaving safepoint region
[3580.917s][info ][safepoint    ] Total time for which application threads were stopped: 0.0037109 seconds, Stopping threads took: 0.0000158 seconds
[3586.209s][info ][safepoint    ] Application time: 5.2914398 seconds
[3586.209s][info ][safepoint    ] Entering safepoint region: GenCollectForAllocation
[3586.209s][info ][gc,start     ] GC(894) Pause Young (Allocation Failure)
[3586.209s][info ][gc,task      ] GC(894) Using 4 workers of 4 for evacuation
[3586.211s][debug][gc,ref       ] GC(894) Skipped phase1 of Reference Processing due to unavailable references
[3586.211s][debug][gc,ref       ] GC(894) Skipped phase2 of Reference Processing due to unavailable references
[3586.211s][debug][gc,ref       ] GC(894) Skipped phase3 of Reference Processing due to unavailable references
[3586.211s][debug][gc,ref       ] GC(894) Skipped phase4 of Reference Processing due to unavailable references
[3586.211s][debug][gc,age       ] GC(894) Desired survivor size 15368192 bytes, new threshold 6 (max threshold 6)
[3586.211s][info ][gc,heap      ] GC(894) ParNew: 242208K->1551K(270336K)
[3586.211s][info ][gc,heap      ] GC(894) CMS: 545532K->545596K(600768K)
[3586.211s][info ][gc,metaspace ] GC(894) Metaspace: 59792K->59792K(1103872K)
[3586.211s][info ][gc           ] GC(894) Pause Young (Allocation Failure) 769M->534M(850M) 2.535ms
[3586.211s][info ][gc,cpu       ] GC(894) User=0.01s Sys=0.00s Real=0.00s
[3586.211s][info ][safepoint    ] Leaving safepoint region
[3586.211s][info ][safepoint    ] Total time for which application threads were stopped: 0.0026790 seconds, Stopping threads took: 0.0000157 seconds
[3591.109s][info ][safepoint    ] Application time: 4.8972711 seconds
[3591.109s][info ][safepoint    ] Entering safepoint region: GenCollectForAllocation
[3591.109s][info ][gc,start     ] GC(895) Pause Young (Allocation Failure)
[3591.109s][info ][gc,task      ] GC(895) Using 4 workers of 4 for evacuation
[3591.111s][debug][gc,ref       ] GC(895) Skipped phase1 of Reference Processing due to unavailable references
[3591.112s][debug][gc,ref       ] GC(895) Skipped phase2 of Reference Processing due to unavailable references
[3591.112s][debug][gc,ref       ] GC(895) Skipped phase3 of Reference Processing due to unavailable references
[3591.112s][debug][gc,ref       ] GC(895) Skipped phase4 of Reference Processing due to unavailable references
[3591.112s][debug][gc,age       ] GC(895) Desired survivor size 15368192 bytes, new threshold 6 (max threshold 6)
[3591.112s][info ][gc,heap      ] GC(895) ParNew: 241871K->1736K(270336K)
[3591.112s][info ][gc,heap      ] GC(895) CMS: 545596K->545792K(600768K)
[3591.112s][info ][gc,metaspace ] GC(895) Metaspace: 59792K->59792K(1103872K)
[3591.112s][info ][gc           ] GC(895) Pause Young (Allocation Failure) 769M->534M(850M) 2.801ms
[3591.112s][info ][gc,cpu       ] GC(895) User=0.01s Sys=0.00s Real=0.00s
[3591.112s][info ][safepoint    ] Leaving safepoint region
[3591.112s][info ][safepoint    ] Total time for which application threads were stopped: 0.0030569 seconds, Stopping threads took: 0.0001224 seconds
[3595.860s][info ][safepoint    ] Application time: 4.7486975 seconds
[3595.860s][info ][safepoint    ] Entering safepoint region: GenCollectForAllocation
[3595.861s][info ][gc,start     ] GC(896) Pause Young (Allocation Failure)
[3595.861s][info ][gc,task      ] GC(896) Using 4 workers of 4 for evacuation
[3595.863s][debug][gc,ref       ] GC(896) Skipped phase1 of Reference Processing due to unavailable references
[3595.863s][debug][gc,ref       ] GC(896) Skipped phase2 of Reference Processing due to unavailable references
[3595.863s][debug][gc,ref       ] GC(896) Skipped phase3 of Reference Processing due to unavailable references
[3595.863s][debug][gc,ref       ] GC(896) Skipped phase4 of Reference Processing due to unavailable references
[3595.863s][debug][gc,age       ] GC(896) Desired survivor size 15368192 bytes, new threshold 6 (max threshold 6)
[3595.863s][info ][gc,heap      ] GC(896) ParNew: 242056K->2360K(270336K)
[3595.863s][info ][gc,heap      ] GC(896) CMS: 545792K->545813K(600768K)
[3595.863s][info ][gc,metaspace ] GC(896) Metaspace: 59792K->59792K(1103872K)
[3595.863s][info ][gc           ] GC(896) Pause Young (Allocation Failure) 769M->535M(850M) 2.675ms
[3595.863s][info ][gc,cpu       ] GC(896) User=0.01s Sys=0.00s Real=0.00s
[3595.863s][info ][safepoint    ] Leaving safepoint region
[3595.863s][info ][safepoint    ] Total time for which application threads were stopped: 0.0028199 seconds, Stopping threads took: 0.0000148 seconds
[3600.365s][info ][safepoint    ] Application time: 4.5014975 seconds
[3600.365s][info ][safepoint    ] Entering safepoint region: GenCollectForAllocation
[3600.365s][info ][gc,start     ] GC(897) Pause Young (Allocation Failure)
[3600.365s][info ][gc,task      ] GC(897) Using 4 workers of 4 for evacuation
[3600.368s][debug][gc,ref       ] GC(897) Skipped phase1 of Reference Processing due to unavailable references
[3600.368s][debug][gc,ref       ] GC(897) Skipped phase2 of Reference Processing due to unavailable references
[3600.368s][debug][gc,ref       ] GC(897) Skipped phase3 of Reference Processing due to unavailable references
[3600.368s][debug][gc,ref       ] GC(897) Skipped phase4 of Reference Processing due to unavailable references
[3600.368s][debug][gc,age       ] GC(897) Desired survivor size 15368192 bytes, new threshold 6 (max threshold 6)
[3600.368s][info ][gc,heap      ] GC(897) ParNew: 242680K->2502K(270336K)
[3600.368s][info ][gc,heap      ] GC(897) CMS: 545813K->545921K(600768K)
[3600.368s][info ][gc,metaspace ] GC(897) Metaspace: 59792K->59792K(1103872K)
[3600.368s][info ][gc           ] GC(897) Pause Young (Allocation Failure) 770M->535M(850M) 3.064ms
[3600.368s][info ][gc,cpu       ] GC(897) User=0.01s Sys=0.00s Real=0.00s
[3600.368s][info ][safepoint    ] Leaving safepoint region
[3600.368s][info ][safepoint    ] Total time for which application threads were stopped: 0.0032178 seconds, Stopping threads took: 0.0000152 seconds
[3605.016s][info ][safepoint    ] Application time: 4.6479656 seconds
[3605.016s][info ][safepoint    ] Entering safepoint region: GenCollectForAllocation
[3605.016s][info ][gc,start     ] GC(898) Pause Young (Allocation Failure)
[3605.016s][info ][gc,task      ] GC(898) Using 4 workers of 4 for evacuation
[3605.019s][debug][gc,ref       ] GC(898) Skipped phase1 of Reference Processing due to unavailable references
[3605.019s][debug][gc,ref       ] GC(898) Skipped phase2 of Reference Processing due to unavailable references
[3605.019s][debug][gc,ref       ] GC(898) Skipped phase3 of Reference Processing due to unavailable references
[3605.019s][debug][gc,ref       ] GC(898) Skipped phase4 of Reference Processing due to unavailable references
[3605.019s][debug][gc,age       ] GC(898) Desired survivor size 15368192 bytes, new threshold 6 (max threshold 6)
[3605.019s][info ][gc,heap      ] GC(898) ParNew: 242822K->2800K(270336K)
[3605.019s][info ][gc,heap      ] GC(898) CMS: 545921K->545972K(600768K)
[3605.019s][info ][gc,metaspace ] GC(898) Metaspace: 59792K->59792K(1103872K)
[3605.019s][info ][gc           ] GC(898) Pause Young (Allocation Failure) 770M->535M(850M) 2.911ms
[3605.019s][info ][gc,cpu       ] GC(898) User=0.01s Sys=0.00s Real=0.00s
[3605.019s][info ][safepoint    ] Leaving safepoint region
[3605.019s][info ][safepoint    ] Total time for which application threads were stopped: 0.0030993 seconds, Stopping threads took: 0.0000497 seconds
[3609.658s][info ][safepoint    ] Application time: 4.6392597 seconds
[3609.658s][info ][safepoint    ] Entering safepoint region: GenCollectForAllocation
[3609.659s][info ][gc,start     ] GC(899) Pause Young (Allocation Failure)
[3609.659s][info ][gc,task      ] GC(899) Using 4 workers of 4 for evacuation
[3609.661s][debug][gc,ref       ] GC(899) Skipped phase1 of Reference Processing due to unavailable references
[3609.661s][debug][gc,ref       ] GC(899) Skipped phase2 of Reference Processing due to unavailable references
[3609.661s][debug][gc,ref       ] GC(899) Skipped phase3 of Reference Processing due to unavailable references
[3609.661s][debug][gc,ref       ] GC(899) Skipped phase4 of Reference Processing due to unavailable references
[3609.662s][debug][gc,age       ] GC(899) Desired survivor size 15368192 bytes, new threshold 6 (max threshold 6)
[3609.662s][info ][gc,heap      ] GC(899) ParNew: 243120K->2394K(270336K)
[3609.662s][info ][gc,heap      ] GC(899) CMS: 545972K->546166K(600768K)
[3609.662s][info ][gc,metaspace ] GC(899) Metaspace: 59792K->59792K(1103872K)
[3609.662s][info ][gc           ] GC(899) Pause Young (Allocation Failure) 770M->535M(850M) 3.066ms
[3609.662s][info ][gc,cpu       ] GC(899) User=0.01s Sys=0.00s Real=0.00s
[3609.662s][info ][safepoint    ] Leaving safepoint region
[3609.662s][info ][safepoint    ] Total time for which application threads were stopped: 0.0032583 seconds, Stopping threads took: 0.0000564 seconds
[3612.662s][info ][safepoint    ] Application time: 3.0003312 seconds
[3612.662s][info ][safepoint    ] Entering safepoint region: Cleanup
[3612.662s][info ][safepoint    ] Leaving safepoint region
[3612.662s][info ][safepoint    ] Total time for which application threads were stopped: 0.0001552 seconds, Stopping threads took: 0.0000689 seconds
[3612.812s][info ][safepoint    ] Application time: 0.1500439 seconds
[3612.812s][info ][safepoint    ] Entering safepoint region: GenCollectForAllocation
[3612.812s][info ][gc,start     ] GC(900) Pause Young (Allocation Failure)
[3612.812s][info ][gc,task      ] GC(900) Using 4 workers of 4 for evacuation
[3612.816s][debug][gc,ref       ] GC(900) Skipped phase1 of Reference Processing due to unavailable references
[3612.816s][debug][gc,ref       ] GC(900) Skipped phase2 of Reference Processing due to unavailable references
[3612.816s][debug][gc,ref       ] GC(900) Skipped phase3 of Reference Processing due to unavailable references
[3612.816s][debug][gc,ref       ] GC(900) Skipped phase4 of Reference Processing due to unavailable references
[3612.816s][debug][gc,age       ] GC(900) Desired survivor size 15368192 bytes, new threshold 6 (max threshold 6)
[3612.816s][info ][gc,heap      ] GC(900) ParNew: 242714K->2256K(270336K)
[3612.816s][info ][gc,heap      ] GC(900) CMS: 546166K->546287K(600768K)
[3612.816s][info ][gc,metaspace ] GC(900) Metaspace: 59793K->59793K(1103872K)
[3612.816s][info ][gc           ] GC(900) Pause Young (Allocation Failure) 770M->535M(850M) 3.391ms
[3612.816s][info ][gc,cpu       ] GC(900) User=0.01s Sys=0.00s Real=0.00s
[3612.816s][info ][safepoint    ] Leaving safepoint region
[3612.816s][info ][safepoint    ] Total time for which application threads were stopped: 0.0035347 seconds, Stopping threads took: 0.0000153 seconds
[3613.816s][info ][safepoint    ] Application time: 1.0001076 seconds
[3613.816s][info ][safepoint    ] Entering safepoint region: Cleanup
[3613.816s][info ][safepoint    ] Leaving safepoint region
[3613.816s][info ][safepoint    ] Total time for which application threads were stopped: 0.0000737 seconds, Stopping threads took: 0.0000140 seconds
[3614.816s][info ][safepoint    ] Application time: 1.0001028 seconds
[3614.816s][info ][safepoint    ] Entering safepoint region: Cleanup
[3614.816s][info ][safepoint    ] Leaving safepoint region
[3614.816s][info ][safepoint    ] Total time for which application threads were stopped: 0.0000819 seconds, Stopping threads took: 0.0000158 seconds
[3615.816s][info ][safepoint    ] Application time: 1.0000963 seconds
[3615.816s][info ][safepoint    ] Entering safepoint region: Cleanup
[3615.816s][info ][safepoint    ] Leaving safepoint region
[3615.816s][info ][safepoint    ] Total time for which application threads were stopped: 0.0000846 seconds, Stopping threads took: 0.0000176 seconds
[3617.314s][info ][safepoint    ] Application time: 1.4973437 seconds
[3617.314s][info ][safepoint    ] Entering safepoint region: GenCollectForAllocation
[3617.314s][info ][gc,start     ] GC(901) Pause Young (Allocation Failure)
[3617.314s][info ][gc,task      ] GC(901) Using 4 workers of 4 for evacuation
[3617.317s][debug][gc,ref       ] GC(901) Skipped phase1 of Reference Processing due to unavailable references
[3617.317s][debug][gc,ref       ] GC(901) Skipped phase2 of Reference Processing due to unavailable references
[3617.317s][debug][gc,ref       ] GC(901) Skipped phase3 of Reference Processing due to unavailable references
[3617.317s][debug][gc,ref       ] GC(901) Skipped phase4 of Reference Processing due to unavailable references
[3617.317s][debug][gc,age       ] GC(901) Desired survivor size 15368192 bytes, new threshold 6 (max threshold 6)
[3617.317s][info ][gc,heap      ] GC(901) ParNew: 242576K->2213K(270336K)
[3617.317s][info ][gc,heap      ] GC(901) CMS: 546287K->546583K(600768K)
[3617.317s][info ][gc,metaspace ] GC(901) Metaspace: 59793K->59793K(1103872K)
[3617.317s][info ][gc           ] GC(901) Pause Young (Allocation Failure) 770M->535M(850M) 3.415ms
[3617.317s][info ][gc,cpu       ] GC(901) User=0.01s Sys=0.00s Real=0.00s
[3617.317s][info ][safepoint    ] Leaving safepoint region
[3617.317s][info ][safepoint    ] Total time for which application threads were stopped: 0.0035766 seconds, Stopping threads took: 0.0000162 seconds
[3619.318s][info ][safepoint    ] Application time: 2.0002386 seconds
[3619.318s][info ][safepoint    ] Entering safepoint region: Cleanup
[3619.318s][info ][safepoint    ] Leaving safepoint region
[3619.318s][info ][safepoint    ] Total time for which application threads were stopped: 0.0000775 seconds, Stopping threads took: 0.0000144 seconds
[3621.965s][info ][safepoint    ] Application time: 2.6467427 seconds
[3621.965s][info ][safepoint    ] Entering safepoint region: GenCollectForAllocation
[3621.965s][info ][gc,start     ] GC(902) Pause Young (Allocation Failure)
[3621.965s][info ][gc,task      ] GC(902) Using 4 workers of 4 for evacuation
[3621.968s][debug][gc,ref       ] GC(902) Skipped phase1 of Reference Processing due to unavailable references
[3621.968s][debug][gc,ref       ] GC(902) Skipped phase2 of Reference Processing due to unavailable references
[3621.968s][debug][gc,ref       ] GC(902) Skipped phase3 of Reference Processing due to unavailable references
[3621.968s][debug][gc,ref       ] GC(902) Skipped phase4 of Reference Processing due to unavailable references
[3621.968s][debug][gc,age       ] GC(902) Desired survivor size 15368192 bytes, new threshold 6 (max threshold 6)
[3621.968s][info ][gc,heap      ] GC(902) ParNew: 242533K->2044K(270336K)
[3621.968s][info ][gc,heap      ] GC(902) CMS: 546583K->546950K(600768K)
[3621.968s][info ][gc,metaspace ] GC(902) Metaspace: 59793K->59793K(1103872K)
[3621.968s][info ][gc           ] GC(902) Pause Young (Allocation Failure) 770M->536M(850M) 3.415ms
[3621.968s][info ][gc,cpu       ] GC(902) User=0.01s Sys=0.00s Real=0.00s
[3621.968s][info ][safepoint    ] Leaving safepoint region
[3621.968s][info ][safepoint    ] Total time for which application threads were stopped: 0.0035791 seconds, Stopping threads took: 0.0000154 seconds
[3623.968s][info ][safepoint    ] Application time: 2.0001770 seconds
[3623.968s][info ][safepoint    ] Entering safepoint region: Cleanup
[3623.968s][info ][safepoint    ] Leaving safepoint region
[3623.968s][info ][safepoint    ] Total time for which application threads were stopped: 0.0001073 seconds, Stopping threads took: 0.0000307 seconds
[3626.462s][info ][safepoint    ] Application time: 2.4936357 seconds
[3626.462s][info ][safepoint    ] Entering safepoint region: GenCollectForAllocation
[3626.462s][info ][gc,start     ] GC(903) Pause Young (Allocation Failure)
[3626.462s][info ][gc,task      ] GC(903) Using 4 workers of 4 for evacuation
[3626.465s][debug][gc,ref       ] GC(903) Skipped phase1 of Reference Processing due to unavailable references
[3626.465s][debug][gc,ref       ] GC(903) Skipped phase2 of Reference Processing due to unavailable references
[3626.465s][debug][gc,ref       ] GC(903) Skipped phase3 of Reference Processing due to unavailable references
[3626.465s][debug][gc,ref       ] GC(903) Skipped phase4 of Reference Processing due to unavailable references
[3626.466s][debug][gc,age       ] GC(903) Desired survivor size 15368192 bytes, new threshold 6 (max threshold 6)
[3626.466s][info ][gc,heap      ] GC(903) ParNew: 242364K->1417K(270336K)
[3626.466s][info ][gc,heap      ] GC(903) CMS: 546950K->547284K(600768K)
[3626.466s][info ][gc,metaspace ] GC(903) Metaspace: 59794K->59794K(1103872K)
[3626.466s][info ][gc           ] GC(903) Pause Young (Allocation Failure) 770M->535M(850M) 3.331ms
[3626.466s][info ][gc,cpu       ] GC(903) User=0.01s Sys=0.00s Real=0.01s
[3626.466s][info ][safepoint    ] Leaving safepoint region
[3626.466s][info ][safepoint    ] Total time for which application threads were stopped: 0.0034764 seconds, Stopping threads took: 0.0000153 seconds
[3627.466s][info ][safepoint    ] Application time: 1.0001775 seconds
[3627.466s][info ][safepoint    ] Entering safepoint region: Cleanup
[3627.466s][info ][safepoint    ] Leaving safepoint region
[3627.466s][info ][safepoint    ] Total time for which application threads were stopped: 0.0000727 seconds, Stopping threads took: 0.0000159 seconds
[3628.466s][info ][safepoint    ] Application time: 1.0001008 seconds
[3628.466s][info ][safepoint    ] Entering safepoint region: Cleanup
[3628.466s][info ][safepoint    ] Leaving safepoint region
[3628.466s][info ][safepoint    ] Total time for which application threads were stopped: 0.0000688 seconds, Stopping threads took: 0.0000148 seconds
[3629.466s][info ][safepoint    ] Application time: 1.0000893 seconds
[3629.466s][info ][safepoint    ] Entering safepoint region: Cleanup
[3629.466s][info ][safepoint    ] Leaving safepoint region
[3629.466s][info ][safepoint    ] Total time for which application threads were stopped: 0.0000748 seconds, Stopping threads took: 0.0000162 seconds
[3630.466s][info ][safepoint    ] Application time: 1.0001534 seconds
[3630.467s][info ][safepoint    ] Entering safepoint region: Cleanup
[3630.467s][info ][safepoint    ] Leaving safepoint region
[3630.467s][info ][safepoint    ] Total time for which application threads were stopped: 0.0000719 seconds, Stopping threads took: 0.0000164 seconds
[3630.963s][info ][safepoint    ] Application time: 0.4959864 seconds
[3630.963s][info ][safepoint    ] Entering safepoint region: GenCollectForAllocation
[3630.963s][info ][gc,start     ] GC(904) Pause Young (Allocation Failure)
[3630.963s][info ][gc,task      ] GC(904) Using 4 workers of 4 for evacuation
[3630.965s][debug][gc,ref       ] GC(904) Skipped phase1 of Reference Processing due to unavailable references
[3630.965s][debug][gc,ref       ] GC(904) Skipped phase2 of Reference Processing due to unavailable references
[3630.965s][debug][gc,ref       ] GC(904) Skipped phase3 of Reference Processing due to unavailable references
[3630.965s][debug][gc,ref       ] GC(904) Skipped phase4 of Reference Processing due to unavailable references
[3630.966s][debug][gc,age       ] GC(904) Desired survivor size 15368192 bytes, new threshold 6 (max threshold 6)
[3630.966s][info ][gc,heap      ] GC(904) ParNew: 241737K->1683K(270336K)
[3630.966s][info ][gc,heap      ] GC(904) CMS: 547284K->547424K(600768K)
[3630.966s][info ][gc,metaspace ] GC(904) Metaspace: 59794K->59794K(1103872K)
[3630.966s][info ][gc           ] GC(904) Pause Young (Allocation Failure) 770M->536M(850M) 2.891ms
[3630.966s][info ][gc,cpu       ] GC(904) User=0.01s Sys=0.00s Real=0.01s
[3630.966s][info ][safepoint    ] Leaving safepoint region
[3630.966s][info ][safepoint    ] Total time for which application threads were stopped: 0.0030473 seconds, Stopping threads took: 0.0000156 seconds
[3631.966s][info ][safepoint    ] Application time: 1.0001124 seconds
[3631.966s][info ][safepoint    ] Entering safepoint region: Cleanup
[3631.966s][info ][safepoint    ] Leaving safepoint region
[3631.966s][info ][safepoint    ] Total time for which application threads were stopped: 0.0001288 seconds, Stopping threads took: 0.0000580 seconds
[3632.966s][info ][safepoint    ] Application time: 1.0000952 seconds
[3632.966s][info ][safepoint    ] Entering safepoint region: Cleanup
[3632.966s][info ][safepoint    ] Leaving safepoint region
[3632.966s][info ][safepoint    ] Total time for which application threads were stopped: 0.0000730 seconds, Stopping threads took: 0.0000155 seconds
[3633.966s][info ][safepoint    ] Application time: 1.0000888 seconds
[3633.966s][info ][safepoint    ] Entering safepoint region: Cleanup
[3633.966s][info ][safepoint    ] Leaving safepoint region
[3633.966s][info ][safepoint    ] Total time for which application threads were stopped: 0.0000712 seconds, Stopping threads took: 0.0000154 seconds
[3634.966s][info ][safepoint    ] Application time: 1.0000856 seconds
[3634.966s][info ][safepoint    ] Entering safepoint region: Cleanup
[3634.967s][info ][safepoint    ] Leaving safepoint region
[3634.967s][info ][safepoint    ] Total time for which application threads were stopped: 0.0000714 seconds, Stopping threads took: 0.0000161 seconds
[3635.659s][info ][safepoint    ] Application time: 0.6922218 seconds
[3635.659s][info ][safepoint    ] Entering safepoint region: GenCollectForAllocation
[3635.659s][info ][gc,start     ] GC(905) Pause Young (Allocation Failure)
[3635.659s][info ][gc,task      ] GC(905) Using 4 workers of 4 for evacuation
[3635.662s][debug][gc,ref       ] GC(905) Skipped phase1 of Reference Processing due to unavailable references
[3635.662s][debug][gc,ref       ] GC(905) Skipped phase2 of Reference Processing due to unavailable references
[3635.662s][debug][gc,ref       ] GC(905) Skipped phase3 of Reference Processing due to unavailable references
[3635.662s][debug][gc,ref       ] GC(905) Skipped phase4 of Reference Processing due to unavailable references
[3635.662s][debug][gc,age       ] GC(905) Desired survivor size 15368192 bytes, new threshold 6 (max threshold 6)
[3635.662s][info ][gc,heap      ] GC(905) ParNew: 242003K->1297K(270336K)
[3635.662s][info ][gc,heap      ] GC(905) CMS: 547424K->547554K(600768K)
[3635.662s][info ][gc,metaspace ] GC(905) Metaspace: 59794K->59794K(1103872K)
[3635.662s][info ][gc           ] GC(905) Pause Young (Allocation Failure) 770M->535M(850M) 2.838ms
[3635.662s][info ][gc,cpu       ] GC(905) User=0.01s Sys=0.00s Real=0.00s
[3635.662s][info ][safepoint    ] Leaving safepoint region
[3635.662s][info ][safepoint    ] Total time for which application threads were stopped: 0.0029950 seconds, Stopping threads took: 0.0000151 seconds
[3636.662s][info ][safepoint    ] Application time: 1.0000605 seconds
[3636.662s][info ][safepoint    ] Entering safepoint region: Cleanup
[3636.662s][info ][safepoint    ] Leaving safepoint region
[3636.662s][info ][safepoint    ] Total time for which application threads were stopped: 0.0001498 seconds, Stopping threads took: 0.0000831 seconds
[3637.662s][info ][safepoint    ] Application time: 1.0001074 seconds
[3637.662s][info ][safepoint    ] Entering safepoint region: Cleanup
[3637.662s][info ][safepoint    ] Leaving safepoint region
