[0.012s][info][gc] Using Concurrent Mark Sweep
[0.012s][info][gc,heap,coops] Heap address: 0x0000000700000000, size: 4096 MB, Compressed Oops mode: Zero based, Oop shift amount: 3
[0.140s][info][safepoint    ] Entering safepoint region: EnableBiasedLocking
[0.140s][info][safepoint    ] Leaving safepoint region
[0.140s][info][safepoint    ] Total time for which application threads were stopped: 0.0078643 seconds, Stopping threads took: 0.0077864 seconds
[0.160s][info][safepoint    ] Application time: 0.0120784 seconds
[0.164s][info][safepoint    ] Entering safepoint region: RevokeBias
[0.164s][info][safepoint    ] Leaving safepoint region
[0.164s][info][safepoint    ] Total time for which application threads were stopped: 0.0039664 seconds, Stopping threads took: 0.0038660 seconds
[0.321s][info][safepoint    ] Application time: 0.1575775 seconds
[0.321s][info][safepoint    ] Entering safepoint region: Deoptimize
[0.322s][info][safepoint    ] Leaving safepoint region
[0.322s][info][safepoint    ] Total time for which application threads were stopped: 0.0000624 seconds, Stopping threads took: 0.0000078 seconds
[1.325s][info][safepoint    ] Application time: 1.0033551 seconds
[1.325s][info][safepoint    ] Entering safepoint region: Cleanup
[1.325s][info][safepoint    ] Leaving safepoint region
[1.325s][info][safepoint    ] Total time for which application threads were stopped: 0.0001800 seconds, Stopping threads took: 0.0000607 seconds
[2.038s][info][safepoint    ] Application time: 0.7124729 seconds
[2.038s][info][safepoint    ] Entering safepoint region: Deoptimize
[2.038s][info][safepoint    ] Leaving safepoint region
[2.038s][info][safepoint    ] Total time for which application threads were stopped: 0.0001516 seconds, Stopping threads took: 0.0000205 seconds
[2.106s][info][safepoint    ] Application time: 0.0684394 seconds
[2.106s][info][safepoint    ] Entering safepoint region: Deoptimize
[2.106s][info][safepoint    ] Leaving safepoint region
[2.106s][info][safepoint    ] Total time for which application threads were stopped: 0.0001778 seconds, Stopping threads took: 0.0000080 seconds
[2.208s][info][safepoint    ] Application time: 0.1014747 seconds
[2.208s][info][safepoint    ] Entering safepoint region: Deoptimize
[2.208s][info][safepoint    ] Leaving safepoint region
[2.208s][info][safepoint    ] Total time for which application threads were stopped: 0.0002335 seconds, Stopping threads took: 0.0000910 seconds
[3.212s][info][safepoint    ] Application time: 1.0035010 seconds
[3.212s][info][safepoint    ] Entering safepoint region: Cleanup
[3.212s][info][safepoint    ] Leaving safepoint region
[3.212s][info][safepoint    ] Total time for which application threads were stopped: 0.0000598 seconds, Stopping threads took: 0.0000120 seconds
[3.291s][info][safepoint    ] Application time: 0.0788030 seconds
[3.292s][info][safepoint    ] Entering safepoint region: Deoptimize
[3.292s][info][safepoint    ] Leaving safepoint region
[3.292s][info][safepoint    ] Total time for which application threads were stopped: 0.0011476 seconds, Stopping threads took: 0.0009664 seconds
[3.626s][info][safepoint    ] Application time: 0.3341638 seconds
[3.626s][info][safepoint    ] Entering safepoint region: Deoptimize
[3.626s][info][safepoint    ] Leaving safepoint region
[3.626s][info][safepoint    ] Total time for which application threads were stopped: 0.0002774 seconds, Stopping threads took: 0.0000494 seconds
[4.163s][info][safepoint    ] Application time: 0.5366837 seconds
[4.163s][info][safepoint    ] Entering safepoint region: ICBufferFull
[4.163s][info][safepoint    ] Leaving safepoint region
[4.163s][info][safepoint    ] Total time for which application threads were stopped: 0.0001875 seconds, Stopping threads took: 0.0000708 seconds
[4.367s][info][safepoint    ] Application time: 0.2035772 seconds
[4.367s][info][safepoint    ] Entering safepoint region: ICBufferFull
[4.367s][info][safepoint    ] Leaving safepoint region
[4.367s][info][safepoint    ] Total time for which application threads were stopped: 0.0001437 seconds, Stopping threads took: 0.0000076 seconds
[4.392s][info][safepoint    ] Application time: 0.0248849 seconds
[4.392s][info][safepoint    ] Entering safepoint region: Deoptimize
[4.392s][info][safepoint    ] Leaving safepoint region
[4.392s][info][safepoint    ] Total time for which application threads were stopped: 0.0002654 seconds, Stopping threads took: 0.0000082 seconds
[4.409s][info][safepoint    ] Application time: 0.0168035 seconds
[4.409s][info][safepoint    ] Entering safepoint region: Deoptimize
[4.409s][info][safepoint    ] Leaving safepoint region
[4.409s][info][safepoint    ] Total time for which application threads were stopped: 0.0003165 seconds, Stopping threads took: 0.0000199 seconds
[4.627s][info][safepoint    ] Application time: 0.2173928 seconds
[4.627s][info][safepoint    ] Entering safepoint region: Deoptimize
[4.627s][info][safepoint    ] Leaving safepoint region
[4.627s][info][safepoint    ] Total time for which application threads were stopped: 0.0003406 seconds, Stopping threads took: 0.0000211 seconds
[5.186s][info][safepoint    ] Application time: 0.5587720 seconds
[5.186s][info][safepoint    ] Entering safepoint region: ICBufferFull
[5.186s][info][safepoint    ] Leaving safepoint region
[5.186s][info][safepoint    ] Total time for which application threads were stopped: 0.0001376 seconds, Stopping threads took: 0.0000076 seconds
[5.295s][info][safepoint    ] Application time: 0.1088826 seconds
[5.295s][info][safepoint    ] Entering safepoint region: Deoptimize
[5.295s][info][safepoint    ] Leaving safepoint region
[5.295s][info][safepoint    ] Total time for which application threads were stopped: 0.0003007 seconds, Stopping threads took: 0.0000294 seconds
[5.516s][info][safepoint    ] Application time: 0.2205949 seconds
[5.516s][info][safepoint    ] Entering safepoint region: CollectForMetadataAllocation
[5.516s][info][safepoint    ] Leaving safepoint region
[5.516s][info][safepoint    ] Total time for which application threads were stopped: 0.0001593 seconds, Stopping threads took: 0.0000088 seconds
[5.682s][info][safepoint    ] Application time: 0.1662631 seconds
[5.682s][info][safepoint    ] Entering safepoint region: GenCollectForAllocation
[5.682s][info][gc,start     ] GC(0) Pause Young (Allocation Failure)
[5.704s][info][gc,task      ] GC(0) Using 4 workers of 4 for evacuation
[5.864s][debug][gc,ref       ] GC(0) Skipped phase1 of Reference Processing due to unavailable references
[5.864s][debug][gc,ref       ] GC(0) Skipped phase3 of Reference Processing due to unavailable references
[5.864s][debug][gc,age       ] GC(0) Desired survivor size 15368192 bytes, new threshold 1 (max threshold 6)
[5.864s][info ][gc,heap      ] GC(0) ParNew: 240320K->30014K(270336K)
[5.864s][info ][gc,heap      ] GC(0) CMS: 0K->5556K(600768K)
[5.864s][info ][gc,metaspace ] GC(0) Metaspace: 20520K->20520K(1069056K)
[5.864s][info ][gc           ] GC(0) Pause Young (Allocation Failure) 234M->34M(850M) 181.938ms
[5.864s][info ][gc,cpu       ] GC(0) User=0.19s Sys=0.03s Real=0.19s
[5.864s][info ][safepoint    ] Leaving safepoint region
[5.864s][info ][safepoint    ] Total time for which application threads were stopped: 0.1820786 seconds, Stopping threads took: 0.0000304 seconds
[5.868s][info ][safepoint    ] Application time: 0.0038781 seconds
[5.884s][info ][safepoint    ] Entering safepoint region: CMS_Initial_Mark
[5.884s][info ][gc,start     ] GC(1) Pause Initial Mark
[5.900s][info ][gc           ] GC(1) Pause Initial Mark 39M->39M(850M) 16.248ms
[5.900s][info ][gc,cpu       ] GC(1) User=0.03s Sys=0.00s Real=0.01s
[5.900s][info ][safepoint    ] Leaving safepoint region
[5.900s][info ][safepoint    ] Total time for which application threads were stopped: 0.0319068 seconds, Stopping threads took: 0.0155606 seconds
[5.900s][info ][gc           ] GC(1) Concurrent Mark
[5.928s][info ][gc           ] GC(1) Concurrent Mark 28.157ms
[5.928s][info ][gc,cpu       ] GC(1) User=0.05s Sys=0.00s Real=0.03s
[5.928s][info ][safepoint    ] Application time: 0.0282466 seconds
[5.930s][info ][safepoint    ] Entering safepoint region: RevokeBias
[5.930s][info ][safepoint    ] Leaving safepoint region
[5.930s][info ][safepoint    ] Total time for which application threads were stopped: 0.0015081 seconds, Stopping threads took: 0.0014356 seconds
[5.930s][info ][gc           ] GC(1) Concurrent Preclean
[5.930s][debug][gc,ref       ] GC(1) Preclean SoftReferences 0.002ms
[5.930s][debug][gc,ref       ] GC(1) Preclean WeakReferences 0.000ms
[5.930s][info ][safepoint    ] Application time: 0.0001087 seconds
[5.930s][info ][safepoint    ] Entering safepoint region: RevokeBias
[5.930s][info ][safepoint    ] Leaving safepoint region
[5.930s][info ][safepoint    ] Total time for which application threads were stopped: 0.0001284 seconds, Stopping threads took: 0.0000785 seconds
[5.930s][debug][gc,ref       ] GC(1) Preclean FinalReferences 0.317ms
[5.930s][debug][gc,ref       ] GC(1) Preclean PhantomReferences 0.000ms
[5.931s][info ][safepoint    ] Application time: 0.0004449 seconds
[5.931s][info ][safepoint    ] Entering safepoint region: RevokeBias
[5.931s][info ][safepoint    ] Leaving safepoint region
[5.931s][info ][safepoint    ] Total time for which application threads were stopped: 0.0000795 seconds, Stopping threads took: 0.0000066 seconds
[5.944s][info ][gc           ] GC(1) Concurrent Preclean 14.304ms
[5.944s][info ][gc,cpu       ] GC(1) User=0.01s Sys=0.00s Real=0.02s
[5.944s][info ][gc           ] GC(1) Concurrent Abortable Preclean
[6.048s][info ][safepoint    ] Application time: 0.1171286 seconds
[6.048s][info ][safepoint    ] Entering safepoint region: CollectForMetadataAllocation
[6.048s][info ][safepoint    ] Leaving safepoint region
[6.048s][info ][safepoint    ] Total time for which application threads were stopped: 0.0001069 seconds, Stopping threads took: 0.0000094 seconds
[6.097s][info ][safepoint    ] Application time: 0.0489040 seconds
[6.097s][info ][safepoint    ] Entering safepoint region: CollectForMetadataAllocation
[6.097s][info ][safepoint    ] Leaving safepoint region
[6.097s][info ][safepoint    ] Total time for which application threads were stopped: 0.0000631 seconds, Stopping threads took: 0.0000080 seconds
[6.186s][info ][safepoint    ] Application time: 0.0888869 seconds
[6.186s][info ][safepoint    ] Entering safepoint region: CollectForMetadataAllocation
[6.186s][info ][safepoint    ] Leaving safepoint region
[6.186s][info ][safepoint    ] Total time for which application threads were stopped: 0.0000957 seconds, Stopping threads took: 0.0000078 seconds
[6.278s][info ][safepoint    ] Application time: 0.0918188 seconds
[6.278s][info ][safepoint    ] Entering safepoint region: CollectForMetadataAllocation
[6.278s][info ][safepoint    ] Leaving safepoint region
[6.278s][info ][safepoint    ] Total time for which application threads were stopped: 0.0001267 seconds, Stopping threads took: 0.0000603 seconds
[6.300s][info ][safepoint    ] Application time: 0.0218829 seconds
[6.300s][info ][safepoint    ] Entering safepoint region: RevokeBias
[6.300s][info ][safepoint    ] Leaving safepoint region
[6.300s][info ][safepoint    ] Total time for which application threads were stopped: 0.0000658 seconds, Stopping threads took: 0.0000083 seconds
[6.307s][info ][safepoint    ] Application time: 0.0065900 seconds
[6.307s][info ][safepoint    ] Entering safepoint region: RevokeBias
[6.307s][info ][safepoint    ] Leaving safepoint region
[6.307s][info ][safepoint    ] Total time for which application threads were stopped: 0.0001740 seconds, Stopping threads took: 0.0001242 seconds
[6.316s][info ][safepoint    ] Application time: 0.0089948 seconds
[6.322s][info ][safepoint    ] Entering safepoint region: RevokeBias
[6.322s][info ][safepoint    ] Leaving safepoint region
[6.322s][info ][safepoint    ] Total time for which application threads were stopped: 0.0066534 seconds, Stopping threads took: 0.0061817 seconds
[6.328s][info ][safepoint    ] Application time: 0.0055308 seconds
[6.340s][info ][safepoint    ] Entering safepoint region: RevokeBias
[6.340s][info ][safepoint    ] Leaving safepoint region
[6.340s][info ][safepoint    ] Total time for which application threads were stopped: 0.0120573 seconds, Stopping threads took: 0.0118966 seconds
[6.344s][info ][safepoint    ] Application time: 0.0043919 seconds
[6.345s][info ][safepoint    ] Entering safepoint region: RevokeBias
[6.345s][info ][safepoint    ] Leaving safepoint region
[6.345s][info ][safepoint    ] Total time for which application threads were stopped: 0.0002091 seconds, Stopping threads took: 0.0000077 seconds
[6.345s][info ][safepoint    ] Application time: 0.0001337 seconds
[6.345s][info ][safepoint    ] Entering safepoint region: RevokeBias
[6.345s][info ][safepoint    ] Leaving safepoint region
[6.345s][info ][safepoint    ] Total time for which application threads were stopped: 0.0000779 seconds, Stopping threads took: 0.0000077 seconds
[6.345s][info ][safepoint    ] Application time: 0.0001441 seconds
[6.345s][info ][safepoint    ] Entering safepoint region: RevokeBias
[6.345s][info ][safepoint    ] Leaving safepoint region
[6.345s][info ][safepoint    ] Total time for which application threads were stopped: 0.0001123 seconds, Stopping threads took: 0.0000054 seconds
[6.345s][info ][safepoint    ] Application time: 0.0000255 seconds
[6.345s][info ][safepoint    ] Entering safepoint region: RevokeBias
[6.345s][info ][safepoint    ] Leaving safepoint region
[6.345s][info ][safepoint    ] Total time for which application threads were stopped: 0.0000519 seconds, Stopping threads took: 0.0000047 seconds
[6.346s][info ][safepoint    ] Application time: 0.0002117 seconds
[6.346s][info ][safepoint    ] Entering safepoint region: RevokeBias
[6.346s][info ][safepoint    ] Leaving safepoint region
[6.346s][info ][safepoint    ] Total time for which application threads were stopped: 0.0004345 seconds, Stopping threads took: 0.0003759 seconds
[6.347s][info ][safepoint    ] Application time: 0.0007083 seconds
[6.347s][info ][safepoint    ] Entering safepoint region: CollectForMetadataAllocation
[6.347s][info ][safepoint    ] Leaving safepoint region
[6.347s][info ][safepoint    ] Total time for which application threads were stopped: 0.0000861 seconds, Stopping threads took: 0.0000061 seconds
[6.347s][info ][safepoint    ] Application time: 0.0002699 seconds
[6.347s][info ][safepoint    ] Entering safepoint region: RevokeBias
[6.347s][info ][safepoint    ] Leaving safepoint region
[6.347s][info ][safepoint    ] Total time for which application threads were stopped: 0.0000654 seconds, Stopping threads took: 0.0000050 seconds
[6.347s][info ][safepoint    ] Application time: 0.0001444 seconds
[6.347s][info ][safepoint    ] Entering safepoint region: RevokeBias
[6.347s][info ][safepoint    ] Leaving safepoint region
[6.347s][info ][safepoint    ] Total time for which application threads were stopped: 0.0000515 seconds, Stopping threads took: 0.0000046 seconds
[6.356s][info ][safepoint    ] Application time: 0.0083432 seconds
[6.365s][info ][safepoint    ] Entering safepoint region: RevokeBias
[6.365s][info ][safepoint    ] Leaving safepoint region
[6.365s][info ][safepoint    ] Total time for which application threads were stopped: 0.0093472 seconds, Stopping threads took: 0.0091288 seconds
[6.368s][info ][safepoint    ] Application time: 0.0029975 seconds
[6.368s][info ][safepoint    ] Entering safepoint region: RevokeBias
[6.368s][info ][safepoint    ] Leaving safepoint region
[6.368s][info ][safepoint    ] Total time for which application threads were stopped: 0.0001325 seconds, Stopping threads took: 0.0000208 seconds
[6.388s][info ][safepoint    ] Application time: 0.0194714 seconds
[6.388s][info ][safepoint    ] Entering safepoint region: RevokeBias
[6.388s][info ][safepoint    ] Leaving safepoint region
[6.388s][info ][safepoint    ] Total time for which application threads were stopped: 0.0001354 seconds, Stopping threads took: 0.0000125 seconds
[6.402s][info ][safepoint    ] Application time: 0.0139055 seconds
[6.402s][info ][safepoint    ] Entering safepoint region: CollectForMetadataAllocation
[6.402s][info ][safepoint    ] Leaving safepoint region
[6.402s][info ][safepoint    ] Total time for which application threads were stopped: 0.0002216 seconds, Stopping threads took: 0.0000359 seconds
[6.406s][info ][safepoint    ] Application time: 0.0037137 seconds
[6.406s][info ][safepoint    ] Entering safepoint region: RevokeBias
[6.406s][info ][safepoint    ] Leaving safepoint region
[6.406s][info ][safepoint    ] Total time for which application threads were stopped: 0.0003198 seconds, Stopping threads took: 0.0000084 seconds
[6.424s][info ][safepoint    ] Application time: 0.0175153 seconds
[6.440s][info ][safepoint    ] Entering safepoint region: RevokeBias
[6.440s][info ][safepoint    ] Leaving safepoint region
[6.440s][info ][safepoint    ] Total time for which application threads were stopped: 0.0163825 seconds, Stopping threads took: 0.0162531 seconds
[6.445s][info ][safepoint    ] Application time: 0.0048245 seconds
[6.454s][info ][safepoint    ] Entering safepoint region: RevokeBias
[6.454s][info ][safepoint    ] Leaving safepoint region
[6.454s][info ][safepoint    ] Total time for which application threads were stopped: 0.0091829 seconds, Stopping threads took: 0.0090634 seconds
[6.460s][info ][safepoint    ] Application time: 0.0055974 seconds
[6.460s][info ][safepoint    ] Entering safepoint region: CollectForMetadataAllocation
[6.460s][info ][safepoint    ] Leaving safepoint region
[6.460s][info ][safepoint    ] Total time for which application threads were stopped: 0.0001466 seconds, Stopping threads took: 0.0000085 seconds
[6.460s][info ][safepoint    ] Application time: 0.0002276 seconds
[6.460s][info ][safepoint    ] Entering safepoint region: RevokeBias
[6.460s][info ][safepoint    ] Leaving safepoint region
[6.460s][info ][safepoint    ] Total time for which application threads were stopped: 0.0000971 seconds, Stopping threads took: 0.0000069 seconds
[6.463s][info ][safepoint    ] Application time: 0.0026452 seconds
[6.463s][info ][safepoint    ] Entering safepoint region: RevokeBias
[6.463s][info ][safepoint    ] Leaving safepoint region
[6.463s][info ][safepoint    ] Total time for which application threads were stopped: 0.0000761 seconds, Stopping threads took: 0.0000060 seconds
[6.464s][info ][safepoint    ] Application time: 0.0006491 seconds
[6.464s][info ][safepoint    ] Entering safepoint region: RevokeBias
[6.464s][info ][safepoint    ] Leaving safepoint region
[6.464s][info ][safepoint    ] Total time for which application threads were stopped: 0.0000757 seconds, Stopping threads took: 0.0000178 seconds
[6.464s][info ][safepoint    ] Application time: 0.0000271 seconds
[6.464s][info ][safepoint    ] Entering safepoint region: RevokeBias
[6.464s][info ][safepoint    ] Leaving safepoint region
[6.464s][info ][safepoint    ] Total time for which application threads were stopped: 0.0000859 seconds, Stopping threads took: 0.0000371 seconds
[6.464s][info ][safepoint    ] Application time: 0.0003778 seconds
[6.464s][info ][safepoint    ] Entering safepoint region: RevokeBias
[6.464s][info ][safepoint    ] Leaving safepoint region
[6.464s][info ][safepoint    ] Total time for which application threads were stopped: 0.0000669 seconds, Stopping threads took: 0.0000161 seconds
[6.464s][info ][safepoint    ] Application time: 0.0000543 seconds
[6.464s][info ][safepoint    ] Entering safepoint region: RevokeBias
[6.464s][info ][safepoint    ] Leaving safepoint region
[6.464s][info ][safepoint    ] Total time for which application threads were stopped: 0.0000618 seconds, Stopping threads took: 0.0000131 seconds
[6.468s][info ][safepoint    ] Application time: 0.0034269 seconds
[6.476s][info ][safepoint    ] Entering safepoint region: RevokeBias
[6.476s][info ][safepoint    ] Leaving safepoint region
[6.476s][info ][safepoint    ] Total time for which application threads were stopped: 0.0081332 seconds, Stopping threads took: 0.0080060 seconds
[6.476s][info ][safepoint    ] Application time: 0.0000551 seconds
[6.476s][info ][safepoint    ] Entering safepoint region: RevokeBias
[6.476s][info ][safepoint    ] Leaving safepoint region
[6.476s][info ][safepoint    ] Total time for which application threads were stopped: 0.0000579 seconds, Stopping threads took: 0.0000060 seconds
[6.482s][info ][safepoint    ] Application time: 0.0058137 seconds
[6.483s][info ][safepoint    ] Entering safepoint region: RevokeBias
[6.484s][info ][safepoint    ] Leaving safepoint region
[6.484s][info ][safepoint    ] Total time for which application threads were stopped: 0.0016673 seconds, Stopping threads took: 0.0015666 seconds
[6.487s][info ][safepoint    ] Application time: 0.0029656 seconds
[6.487s][info ][safepoint    ] Entering safepoint region: BulkRevokeBias
[6.487s][info ][safepoint    ] Leaving safepoint region
[6.487s][info ][safepoint    ] Total time for which application threads were stopped: 0.0001636 seconds, Stopping threads took: 0.0000179 seconds
[6.489s][info ][safepoint    ] Application time: 0.0019985 seconds
[6.489s][info ][safepoint    ] Entering safepoint region: RevokeBias
[6.489s][info ][safepoint    ] Leaving safepoint region
[6.489s][info ][safepoint    ] Total time for which application threads were stopped: 0.0000952 seconds, Stopping threads took: 0.0000450 seconds
[6.497s][info ][safepoint    ] Application time: 0.0077642 seconds
[6.497s][info ][safepoint    ] Entering safepoint region: RevokeBias
[6.497s][info ][safepoint    ] Leaving safepoint region
[6.497s][info ][safepoint    ] Total time for which application threads were stopped: 0.0007149 seconds, Stopping threads took: 0.0006352 seconds
[6.498s][info ][safepoint    ] Application time: 0.0002343 seconds
[6.498s][info ][safepoint    ] Entering safepoint region: RevokeBias
[6.498s][info ][safepoint    ] Leaving safepoint region
[6.498s][info ][safepoint    ] Total time for which application threads were stopped: 0.0000536 seconds, Stopping threads took: 0.0000148 seconds
[6.501s][info ][safepoint    ] Application time: 0.0033108 seconds
[6.501s][info ][safepoint    ] Entering safepoint region: RevokeBias
[6.501s][info ][safepoint    ] Leaving safepoint region
[6.501s][info ][safepoint    ] Total time for which application threads were stopped: 0.0000926 seconds, Stopping threads took: 0.0000265 seconds
[6.509s][info ][safepoint    ] Application time: 0.0081376 seconds
[6.509s][info ][safepoint    ] Entering safepoint region: RevokeBias
[6.510s][info ][safepoint    ] Leaving safepoint region
[6.510s][info ][safepoint    ] Total time for which application threads were stopped: 0.0003521 seconds, Stopping threads took: 0.0000757 seconds
[6.512s][info ][safepoint    ] Application time: 0.0027491 seconds
[6.512s][info ][safepoint    ] Entering safepoint region: RevokeBias
[6.512s][info ][safepoint    ] Leaving safepoint region
[6.512s][info ][safepoint    ] Total time for which application threads were stopped: 0.0000868 seconds, Stopping threads took: 0.0000192 seconds
[6.516s][info ][safepoint    ] Application time: 0.0034934 seconds
[6.516s][info ][safepoint    ] Entering safepoint region: RevokeBias
[6.516s][info ][safepoint    ] Leaving safepoint region
[6.516s][info ][safepoint    ] Total time for which application threads were stopped: 0.0000862 seconds, Stopping threads took: 0.0000176 seconds
[6.520s][info ][safepoint    ] Application time: 0.0039227 seconds
[6.520s][info ][safepoint    ] Entering safepoint region: RevokeBias
[6.520s][info ][safepoint    ] Leaving safepoint region
[6.520s][info ][safepoint    ] Total time for which application threads were stopped: 0.0000721 seconds, Stopping threads took: 0.0000205 seconds
[6.522s][info ][safepoint    ] Application time: 0.0015034 seconds
[6.522s][info ][safepoint    ] Entering safepoint region: RevokeBias
[6.522s][info ][safepoint    ] Leaving safepoint region
[6.522s][info ][safepoint    ] Total time for which application threads were stopped: 0.0000871 seconds, Stopping threads took: 0.0000367 seconds
[6.524s][info ][safepoint    ] Application time: 0.0023882 seconds
[6.524s][info ][safepoint    ] Entering safepoint region: RevokeBias
[6.524s][info ][safepoint    ] Leaving safepoint region
[6.524s][info ][safepoint    ] Total time for which application threads were stopped: 0.0001074 seconds, Stopping threads took: 0.0000199 seconds
[6.533s][info ][safepoint    ] Application time: 0.0087910 seconds
[6.533s][info ][safepoint    ] Entering safepoint region: CollectForMetadataAllocation
[6.533s][info ][safepoint    ] Leaving safepoint region
[6.533s][info ][safepoint    ] Total time for which application threads were stopped: 0.0001570 seconds, Stopping threads took: 0.0000097 seconds
[6.537s][info ][safepoint    ] Application time: 0.0039855 seconds
[6.537s][info ][safepoint    ] Entering safepoint region: RevokeBias
[6.537s][info ][safepoint    ] Leaving safepoint region
[6.537s][info ][safepoint    ] Total time for which application threads were stopped: 0.0000866 seconds, Stopping threads took: 0.0000104 seconds
[6.540s][info ][safepoint    ] Application time: 0.0030123 seconds
[6.540s][info ][safepoint    ] Entering safepoint region: RevokeBias
[6.540s][info ][safepoint    ] Leaving safepoint region
[6.540s][info ][safepoint    ] Total time for which application threads were stopped: 0.0001735 seconds, Stopping threads took: 0.0000945 seconds
[6.542s][info ][safepoint    ] Application time: 0.0010829 seconds
[6.542s][info ][safepoint    ] Entering safepoint region: RevokeBias
[6.542s][info ][safepoint    ] Leaving safepoint region
[6.542s][info ][safepoint    ] Total time for which application threads were stopped: 0.0000725 seconds, Stopping threads took: 0.0000161 seconds
[6.542s][info ][safepoint    ] Application time: 0.0007182 seconds
[6.542s][info ][safepoint    ] Entering safepoint region: RevokeBias
[6.542s][info ][safepoint    ] Leaving safepoint region
[6.542s][info ][safepoint    ] Total time for which application threads were stopped: 0.0000664 seconds, Stopping threads took: 0.0000173 seconds
[6.544s][info ][safepoint    ] Application time: 0.0018729 seconds
[6.544s][info ][safepoint    ] Entering safepoint region: RevokeBias
[6.544s][info ][safepoint    ] Leaving safepoint region
[6.544s][info ][safepoint    ] Total time for which application threads were stopped: 0.0000878 seconds, Stopping threads took: 0.0000198 seconds
[6.553s][info ][safepoint    ] Application time: 0.0085367 seconds
[6.554s][info ][safepoint    ] Entering safepoint region: RevokeBias
[6.554s][info ][safepoint    ] Leaving safepoint region
[6.554s][info ][safepoint    ] Total time for which application threads were stopped: 0.0010619 seconds, Stopping threads took: 0.0009853 seconds
[6.555s][info ][safepoint    ] Application time: 0.0005330 seconds
[6.555s][info ][safepoint    ] Entering safepoint region: BulkRevokeBias
[6.555s][info ][safepoint    ] Leaving safepoint region
[6.555s][info ][safepoint    ] Total time for which application threads were stopped: 0.0002252 seconds, Stopping threads took: 0.0000623 seconds
[6.566s][info ][safepoint    ] Application time: 0.0115984 seconds
[6.566s][info ][safepoint    ] Entering safepoint region: CollectForMetadataAllocation
[6.567s][info ][safepoint    ] Leaving safepoint region
[6.567s][info ][safepoint    ] Total time for which application threads were stopped: 0.0001149 seconds, Stopping threads took: 0.0000321 seconds
[6.608s][info ][safepoint    ] Application time: 0.0419150 seconds
[6.608s][info ][safepoint    ] Entering safepoint region: CollectForMetadataAllocation
[6.609s][info ][safepoint    ] Leaving safepoint region
[6.609s][info ][safepoint    ] Total time for which application threads were stopped: 0.0001038 seconds, Stopping threads took: 0.0000145 seconds
[6.614s][info ][safepoint    ] Application time: 0.0053135 seconds
[6.614s][info ][safepoint    ] Entering safepoint region: RevokeBias
[6.614s][info ][safepoint    ] Leaving safepoint region
[6.614s][info ][safepoint    ] Total time for which application threads were stopped: 0.0001125 seconds, Stopping threads took: 0.0000362 seconds
[6.626s][info ][safepoint    ] Application time: 0.0117139 seconds
[6.626s][info ][safepoint    ] Entering safepoint region: CollectForMetadataAllocation
[6.626s][info ][safepoint    ] Leaving safepoint region
[6.626s][info ][safepoint    ] Total time for which application threads were stopped: 0.0001515 seconds, Stopping threads took: 0.0000724 seconds
[6.642s][info ][safepoint    ] Application time: 0.0159774 seconds
[6.644s][info ][safepoint    ] Entering safepoint region: CollectForMetadataAllocation
[6.644s][info ][safepoint    ] Leaving safepoint region
[6.644s][info ][safepoint    ] Total time for which application threads were stopped: 0.0022773 seconds, Stopping threads took: 0.0022028 seconds
[6.658s][info ][safepoint    ] Application time: 0.0137626 seconds
[6.663s][info ][safepoint    ] Entering safepoint region: RevokeBias
[6.663s][info ][safepoint    ] Leaving safepoint region
[6.663s][info ][safepoint    ] Total time for which application threads were stopped: 0.0051063 seconds, Stopping threads took: 0.0049252 seconds
[6.668s][info ][safepoint    ] Application time: 0.0050416 seconds
[6.668s][info ][safepoint    ] Entering safepoint region: CollectForMetadataAllocation
[6.669s][info ][safepoint    ] Leaving safepoint region
[6.669s][info ][safepoint    ] Total time for which application threads were stopped: 0.0003682 seconds, Stopping threads took: 0.0002877 seconds
[6.702s][info ][safepoint    ] Application time: 0.0336179 seconds
[6.728s][info ][safepoint    ] Entering safepoint region: CollectForMetadataAllocation
[6.728s][info ][safepoint    ] Leaving safepoint region
[6.728s][info ][safepoint    ] Total time for which application threads were stopped: 0.0256866 seconds, Stopping threads took: 0.0255744 seconds
[6.744s][info ][safepoint    ] Application time: 0.0158713 seconds
[6.744s][info ][safepoint    ] Entering safepoint region: RevokeBias
[6.744s][info ][safepoint    ] Leaving safepoint region
[6.744s][info ][safepoint    ] Total time for which application threads were stopped: 0.0003427 seconds, Stopping threads took: 0.0002034 seconds
[6.778s][info ][safepoint    ] Application time: 0.0341783 seconds
[6.778s][info ][safepoint    ] Entering safepoint region: RevokeBias
[6.778s][info ][safepoint    ] Leaving safepoint region
[6.778s][info ][safepoint    ] Total time for which application threads were stopped: 0.0001247 seconds, Stopping threads took: 0.0000090 seconds
[6.781s][info ][safepoint    ] Application time: 0.0021250 seconds
[6.781s][info ][safepoint    ] Entering safepoint region: RevokeBias
[6.781s][info ][safepoint    ] Leaving safepoint region
[6.781s][info ][safepoint    ] Total time for which application threads were stopped: 0.0002170 seconds, Stopping threads took: 0.0001197 seconds
[6.784s][info ][safepoint    ] Application time: 0.0028673 seconds
[6.784s][info ][safepoint    ] Entering safepoint region: Deoptimize
[6.784s][info ][safepoint    ] Leaving safepoint region
[6.784s][info ][safepoint    ] Total time for which application threads were stopped: 0.0004602 seconds, Stopping threads took: 0.0000555 seconds
[6.784s][info ][safepoint    ] Application time: 0.0001280 seconds
[6.784s][info ][safepoint    ] Entering safepoint region: CollectForMetadataAllocation
[6.784s][info ][safepoint    ] Leaving safepoint region
[6.784s][info ][safepoint    ] Total time for which application threads were stopped: 0.0000337 seconds, Stopping threads took: 0.0000056 seconds
[6.794s][info ][safepoint    ] Application time: 0.0097500 seconds
[6.794s][info ][safepoint    ] Entering safepoint region: RevokeBias
[6.794s][info ][safepoint    ] Leaving safepoint region
[6.794s][info ][safepoint    ] Total time for which application threads were stopped: 0.0003045 seconds, Stopping threads took: 0.0000871 seconds
[6.798s][info ][safepoint    ] Application time: 0.0034771 seconds
[6.798s][info ][safepoint    ] Entering safepoint region: RevokeBias
[6.799s][info ][safepoint    ] Leaving safepoint region
[6.799s][info ][safepoint    ] Total time for which application threads were stopped: 0.0006977 seconds, Stopping threads took: 0.0000748 seconds
[6.844s][info ][safepoint    ] Application time: 0.0451264 seconds
[6.844s][info ][safepoint    ] Entering safepoint region: RevokeBias
[6.844s][info ][safepoint    ] Leaving safepoint region
[6.844s][info ][safepoint    ] Total time for which application threads were stopped: 0.0003722 seconds, Stopping threads took: 0.0001025 seconds
[6.876s][info ][safepoint    ] Application time: 0.0316026 seconds
[6.888s][info ][safepoint    ] Entering safepoint region: RevokeBias
[6.888s][info ][safepoint    ] Leaving safepoint region
[6.888s][info ][safepoint    ] Total time for which application threads were stopped: 0.0121384 seconds, Stopping threads took: 0.0120167 seconds
[6.925s][info ][safepoint    ] Application time: 0.0366072 seconds
[6.928s][info ][safepoint    ] Entering safepoint region: CollectForMetadataAllocation
[6.928s][info ][safepoint    ] Leaving safepoint region
[6.928s][info ][safepoint    ] Total time for which application threads were stopped: 0.0033425 seconds, Stopping threads took: 0.0032506 seconds
[6.948s][info ][safepoint    ] Application time: 0.0205422 seconds
[6.960s][info ][safepoint    ] Entering safepoint region: CollectForMetadataAllocation
[6.960s][info ][safepoint    ] Leaving safepoint region
[6.960s][info ][safepoint    ] Total time for which application threads were stopped: 0.0115142 seconds, Stopping threads took: 0.0113215 seconds
[6.980s][info ][safepoint    ] Application time: 0.0198782 seconds
[6.981s][info ][safepoint    ] Entering safepoint region: RevokeBias
[6.981s][info ][safepoint    ] Leaving safepoint region
[6.981s][info ][safepoint    ] Total time for which application threads were stopped: 0.0011656 seconds, Stopping threads took: 0.0008909 seconds
[6.981s][info ][safepoint    ] Application time: 0.0003228 seconds
[6.981s][info ][safepoint    ] Entering safepoint region: RevokeBias
[6.982s][info ][safepoint    ] Leaving safepoint region
[6.982s][info ][safepoint    ] Total time for which application threads were stopped: 0.0001769 seconds, Stopping threads took: 0.0000295 seconds
[7.009s][info ][safepoint    ] Application time: 0.0274912 seconds
[7.020s][info ][safepoint    ] Entering safepoint region: RevokeBias
[7.021s][info ][safepoint    ] Leaving safepoint region
[7.021s][info ][safepoint    ] Total time for which application threads were stopped: 0.0115630 seconds, Stopping threads took: 0.0106978 seconds
[7.023s][info ][safepoint    ] Application time: 0.0018867 seconds
[7.023s][info ][safepoint    ] Entering safepoint region: RevokeBias
[7.023s][info ][safepoint    ] Leaving safepoint region
[7.023s][info ][safepoint    ] Total time for which application threads were stopped: 0.0003211 seconds, Stopping threads took: 0.0000078 seconds
[7.088s][info ][safepoint    ] Application time: 0.0654945 seconds
[7.089s][info ][safepoint    ] Entering safepoint region: RevokeBias
[7.089s][info ][safepoint    ] Leaving safepoint region
[7.089s][info ][safepoint    ] Total time for which application threads were stopped: 0.0008571 seconds, Stopping threads took: 0.0001777 seconds
[7.090s][info ][safepoint    ] Application time: 0.0005909 seconds
[7.090s][info ][safepoint    ] Entering safepoint region: RevokeBias
[7.090s][info ][safepoint    ] Leaving safepoint region
[7.090s][info ][safepoint    ] Total time for which application threads were stopped: 0.0005740 seconds, Stopping threads took: 0.0001532 seconds
[7.104s][info ][safepoint    ] Application time: 0.0133682 seconds
[7.108s][info ][safepoint    ] Entering safepoint region: RevokeBias
[7.108s][info ][safepoint    ] Leaving safepoint region
[7.108s][info ][safepoint    ] Total time for which application threads were stopped: 0.0045367 seconds, Stopping threads took: 0.0043334 seconds
[7.109s][info ][safepoint    ] Application time: 0.0004181 seconds
[7.113s][info ][safepoint    ] Entering safepoint region: RevokeBias
[7.114s][info ][safepoint    ] Leaving safepoint region
[7.114s][info ][safepoint    ] Total time for which application threads were stopped: 0.0048017 seconds, Stopping threads took: 0.0045263 seconds
[7.202s][info ][safepoint    ] Application time: 0.0883282 seconds
[7.209s][info ][safepoint    ] Entering safepoint region: CollectForMetadataAllocation
[7.210s][info ][safepoint    ] Leaving safepoint region
[7.210s][info ][safepoint    ] Total time for which application threads were stopped: 0.0076826 seconds, Stopping threads took: 0.0075039 seconds
[7.248s][info ][safepoint    ] Application time: 0.0384463 seconds
[7.255s][info ][safepoint    ] Entering safepoint region: RevokeBias
[7.255s][info ][safepoint    ] Leaving safepoint region
[7.255s][info ][safepoint    ] Total time for which application threads were stopped: 0.0069501 seconds, Stopping threads took: 0.0066824 seconds
[7.260s][info ][safepoint    ] Application time: 0.0053744 seconds
[7.261s][info ][safepoint    ] Entering safepoint region: RevokeBias
[7.262s][info ][safepoint    ] Leaving safepoint region
[7.262s][info ][safepoint    ] Total time for which application threads were stopped: 0.0012496 seconds, Stopping threads took: 0.0006059 seconds
[7.317s][info ][safepoint    ] Application time: 0.0550567 seconds
[7.335s][info ][safepoint    ] Entering safepoint region: BulkRevokeBias
[7.336s][info ][safepoint    ] Leaving safepoint region
[7.336s][info ][safepoint    ] Total time for which application threads were stopped: 0.0196574 seconds, Stopping threads took: 0.0184927 seconds
[7.337s][info ][safepoint    ] Application time: 0.0000912 seconds
[7.337s][info ][safepoint    ] Entering safepoint region: RevokeBias
[7.337s][info ][safepoint    ] Leaving safepoint region
[7.337s][info ][safepoint    ] Total time for which application threads were stopped: 0.0001485 seconds, Stopping threads took: 0.0000056 seconds
[7.339s][info ][safepoint    ] Application time: 0.0025035 seconds
[7.339s][info ][safepoint    ] Entering safepoint region: RevokeBias
[7.339s][info ][safepoint    ] Leaving safepoint region
[7.339s][info ][safepoint    ] Total time for which application threads were stopped: 0.0002511 seconds, Stopping threads took: 0.0000572 seconds
[7.343s][info ][gc           ] GC(1) Concurrent Abortable Preclean 1399.095ms
[7.343s][info ][gc,cpu       ] GC(1) User=2.19s Sys=0.14s Real=1.39s
[7.343s][info ][safepoint    ] Application time: 0.0039805 seconds
[7.343s][info ][safepoint    ] Entering safepoint region: CMS_Final_Remark
[7.344s][info ][gc,start     ] GC(1) Pause Remark
[7.428s][debug][gc,phases    ] GC(1) Rescan (parallel) 84.214ms
[7.428s][debug][gc,ref       ] GC(1) Skipped phase1 of Reference Processing due to unavailable references
[7.428s][debug][gc,ref       ] GC(1) Skipped phase2 of Reference Processing due to unavailable references
[7.428s][debug][gc,ref       ] GC(1) Skipped phase3 of Reference Processing due to unavailable references
[7.428s][debug][gc,ref       ] GC(1) Skipped phase4 of Reference Processing due to unavailable references
[7.428s][debug][gc,phases    ] GC(1) Reference Processing 0.034ms
[7.428s][debug][gc,phases    ] GC(1) Weak Processing 0.032ms
[7.428s][debug][gc,phases    ] GC(1) ClassLoaderData 0.420ms
[7.428s][debug][gc,phases    ] GC(1) ProtectionDomainCacheTable 0.004ms
[7.428s][debug][gc,phases    ] GC(1) ResolvedMethodTable 0.055ms
[7.430s][debug][gc,phases    ] GC(1) Class Unloading 1.816ms
[7.432s][debug][gc,phases    ] GC(1) Scrub Symbol Table 1.809ms
[7.432s][debug][gc,phases    ] GC(1) Scrub String Table 0.209ms
[7.433s][info ][gc           ] GC(1) Pause Remark 154M->154M(850M) 89.107ms
[7.433s][info ][gc,cpu       ] GC(1) User=0.17s Sys=0.00s Real=0.10s
[7.433s][info ][safepoint    ] Leaving safepoint region
[7.433s][info ][safepoint    ] Total time for which application threads were stopped: 0.0892418 seconds, Stopping threads took: 0.0000062 seconds
[7.433s][info ][gc           ] GC(1) Concurrent Sweep
[7.436s][info ][gc           ] GC(1) Concurrent Sweep 3.081ms
[7.436s][info ][gc,cpu       ] GC(1) User=0.00s Sys=0.00s Real=0.00s
[7.436s][info ][gc           ] GC(1) Concurrent Reset
[7.452s][info ][safepoint    ] Application time: 0.0196632 seconds
[7.453s][info ][safepoint    ] Entering safepoint region: RevokeBias
[7.453s][info ][safepoint    ] Leaving safepoint region
[7.453s][info ][safepoint    ] Total time for which application threads were stopped: 0.0009081 seconds, Stopping threads took: 0.0007241 seconds
[7.468s][info ][safepoint    ] Application time: 0.0148978 seconds
[7.476s][info ][safepoint    ] Entering safepoint region: RevokeBias
[7.476s][info ][safepoint    ] Leaving safepoint region
[7.476s][info ][safepoint    ] Total time for which application threads were stopped: 0.0078290 seconds, Stopping threads took: 0.0075434 seconds
[7.492s][info ][safepoint    ] Application time: 0.0163394 seconds
[7.496s][info ][safepoint    ] Entering safepoint region: RevokeBias
[7.496s][info ][safepoint    ] Leaving safepoint region
[7.496s][info ][safepoint    ] Total time for which application threads were stopped: 0.0034149 seconds, Stopping threads took: 0.0030947 seconds
[7.533s][info ][safepoint    ] Application time: 0.0366950 seconds
[7.538s][info ][safepoint    ] Entering safepoint region: RevokeBias
[7.538s][info ][safepoint    ] Leaving safepoint region
[7.538s][info ][safepoint    ] Total time for which application threads were stopped: 0.0056748 seconds, Stopping threads took: 0.0053412 seconds
[7.539s][info ][safepoint    ] Application time: 0.0011236 seconds
[7.543s][info ][safepoint    ] Entering safepoint region: RevokeBias
[7.543s][info ][safepoint    ] Leaving safepoint region
[7.543s][info ][safepoint    ] Total time for which application threads were stopped: 0.0034396 seconds, Stopping threads took: 0.0032410 seconds
[7.545s][info ][gc           ] GC(1) Concurrent Reset 109.533ms
[7.545s][info ][gc,cpu       ] GC(1) User=0.16s Sys=0.04s Real=0.11s
[7.546s][info ][gc,heap      ] GC(1) Old: 5556K->5556K(600768K)
[7.553s][info ][safepoint    ] Application time: 0.0105293 seconds
[7.572s][info ][safepoint    ] Entering safepoint region: RevokeBias
[7.572s][info ][safepoint    ] Leaving safepoint region
[7.572s][info ][safepoint    ] Total time for which application threads were stopped: 0.0186663 seconds, Stopping threads took: 0.0184083 seconds
[7.593s][info ][safepoint    ] Application time: 0.0209935 seconds
[7.620s][info ][safepoint    ] Entering safepoint region: RevokeBias
[7.620s][info ][safepoint    ] Leaving safepoint region
[7.620s][info ][safepoint    ] Total time for which application threads were stopped: 0.0269754 seconds, Stopping threads took: 0.0266908 seconds
[7.625s][info ][safepoint    ] Application time: 0.0052192 seconds
[7.632s][info ][safepoint    ] Entering safepoint region: RevokeBias
[7.632s][info ][safepoint    ] Leaving safepoint region
[7.632s][info ][safepoint    ] Total time for which application threads were stopped: 0.0067379 seconds, Stopping threads took: 0.0064870 seconds
[7.640s][info ][safepoint    ] Application time: 0.0077153 seconds
[7.648s][info ][safepoint    ] Entering safepoint region: RevokeBias
[7.648s][info ][safepoint    ] Leaving safepoint region
[7.648s][info ][safepoint    ] Total time for which application threads were stopped: 0.0083923 seconds, Stopping threads took: 0.0080040 seconds
[7.669s][info ][safepoint    ] Application time: 0.0211344 seconds
[7.681s][info ][safepoint    ] Entering safepoint region: RevokeBias
[7.681s][info ][safepoint    ] Leaving safepoint region
[7.681s][info ][safepoint    ] Total time for which application threads were stopped: 0.0115910 seconds, Stopping threads took: 0.0113170 seconds
[7.701s][info ][safepoint    ] Application time: 0.0203234 seconds
[7.705s][info ][safepoint    ] Entering safepoint region: RevokeBias
[7.705s][info ][safepoint    ] Leaving safepoint region
[7.705s][info ][safepoint    ] Total time for which application threads were stopped: 0.0041755 seconds, Stopping threads took: 0.0035508 seconds
[7.736s][info ][safepoint    ] Application time: 0.0302509 seconds
[7.742s][info ][safepoint    ] Entering safepoint region: RevokeBias
[7.742s][info ][safepoint    ] Leaving safepoint region
[7.742s][info ][safepoint    ] Total time for which application threads were stopped: 0.0066115 seconds, Stopping threads took: 0.0063054 seconds
[7.769s][info ][safepoint    ] Application time: 0.0261377 seconds
[7.773s][info ][safepoint    ] Entering safepoint region: RevokeBias
[7.774s][info ][safepoint    ] Leaving safepoint region
[7.774s][info ][safepoint    ] Total time for which application threads were stopped: 0.0052195 seconds, Stopping threads took: 0.0039672 seconds
[7.803s][info ][safepoint    ] Application time: 0.0292451 seconds
[7.804s][info ][safepoint    ] Entering safepoint region: RevokeBias
[7.804s][info ][safepoint    ] Leaving safepoint region
[7.804s][info ][safepoint    ] Total time for which application threads were stopped: 0.0013626 seconds, Stopping threads took: 0.0008619 seconds
[7.810s][info ][safepoint    ] Application time: 0.0052131 seconds
[7.810s][info ][safepoint    ] Entering safepoint region: RevokeBias
[7.810s][info ][safepoint    ] Leaving safepoint region
[7.810s][info ][safepoint    ] Total time for which application threads were stopped: 0.0005074 seconds, Stopping threads took: 0.0002536 seconds
[7.815s][info ][safepoint    ] Application time: 0.0046851 seconds
[7.818s][info ][safepoint    ] Entering safepoint region: RevokeBias
[7.819s][info ][safepoint    ] Leaving safepoint region
[7.819s][info ][safepoint    ] Total time for which application threads were stopped: 0.0036745 seconds, Stopping threads took: 0.0030867 seconds
[7.853s][info ][safepoint    ] Application time: 0.0341150 seconds
[7.857s][info ][safepoint    ] Entering safepoint region: RevokeBias
[7.857s][info ][safepoint    ] Leaving safepoint region
[7.857s][info ][safepoint    ] Total time for which application threads were stopped: 0.0044577 seconds, Stopping threads took: 0.0041149 seconds
[7.908s][info ][safepoint    ] Application time: 0.0506071 seconds
[7.911s][info ][safepoint    ] Entering safepoint region: RevokeBias
[7.911s][info ][safepoint    ] Leaving safepoint region
[7.911s][info ][safepoint    ] Total time for which application threads were stopped: 0.0031181 seconds, Stopping threads took: 0.0027730 seconds
[7.934s][info ][safepoint    ] Application time: 0.0228324 seconds
[7.940s][info ][safepoint    ] Entering safepoint region: RevokeBias
[7.941s][info ][safepoint    ] Leaving safepoint region
[7.941s][info ][safepoint    ] Total time for which application threads were stopped: 0.0069642 seconds, Stopping threads took: 0.0066471 seconds
[7.977s][info ][safepoint    ] Application time: 0.0360623 seconds
[7.982s][info ][safepoint    ] Entering safepoint region: RevokeBias
[7.982s][info ][safepoint    ] Leaving safepoint region
[7.982s][info ][safepoint    ] Total time for which application threads were stopped: 0.0051191 seconds, Stopping threads took: 0.0048638 seconds
[8.035s][info ][safepoint    ] Application time: 0.0534400 seconds
[8.040s][info ][safepoint    ] Entering safepoint region: RevokeBias
[8.041s][info ][safepoint    ] Leaving safepoint region
[8.041s][info ][safepoint    ] Total time for which application threads were stopped: 0.0052477 seconds, Stopping threads took: 0.0049971 seconds
[8.090s][info ][safepoint    ] Application time: 0.0497311 seconds
[8.096s][info ][safepoint    ] Entering safepoint region: RevokeBias
[8.096s][info ][safepoint    ] Leaving safepoint region
[8.096s][info ][safepoint    ] Total time for which application threads were stopped: 0.0058722 seconds, Stopping threads took: 0.0055763 seconds
[8.141s][info ][safepoint    ] Application time: 0.0448467 seconds
[8.148s][info ][safepoint    ] Entering safepoint region: RevokeBias
[8.148s][info ][safepoint    ] Leaving safepoint region
[8.148s][info ][safepoint    ] Total time for which application threads were stopped: 0.0071185 seconds, Stopping threads took: 0.0068910 seconds
[8.193s][info ][safepoint    ] Application time: 0.0448134 seconds
[8.212s][info ][safepoint    ] Entering safepoint region: BulkRevokeBias
[8.213s][info ][safepoint    ] Leaving safepoint region
[8.213s][info ][safepoint    ] Total time for which application threads were stopped: 0.0201394 seconds, Stopping threads took: 0.0187695 seconds
[8.293s][info ][safepoint    ] Application time: 0.0790913 seconds
[8.313s][info ][safepoint    ] Entering safepoint region: GenCollectForAllocation
[8.313s][info ][gc,start     ] GC(2) Pause Young (Allocation Failure)
[8.313s][info ][gc,task      ] GC(2) Using 4 workers of 4 for evacuation
[8.509s][debug][gc,ref       ] GC(2) Skipped phase1 of Reference Processing due to unavailable references
[8.729s][debug][gc,ref       ] GC(2) Skipped phase3 of Reference Processing due to unavailable references
[8.729s][debug][gc,age       ] GC(2) Desired survivor size 15368192 bytes, new threshold 1 (max threshold 6)
[8.729s][info ][gc,heap      ] GC(2) ParNew: 270334K->30016K(270336K)
[8.729s][info ][gc,heap      ] GC(2) CMS: 5556K->46606K(600768K)
[8.729s][info ][gc,metaspace ] GC(2) Metaspace: 25730K->25730K(1073152K)
[8.729s][info ][gc           ] GC(2) Pause Young (Allocation Failure) 269M->74M(850M) 416.301ms
[8.729s][info ][gc,cpu       ] GC(2) User=0.26s Sys=0.04s Real=0.41s
[8.729s][info ][safepoint    ] Leaving safepoint region
[8.729s][info ][safepoint    ] Total time for which application threads were stopped: 0.4368199 seconds, Stopping threads took: 0.0202959 seconds
[9.153s][info ][safepoint    ] Application time: 0.4232437 seconds
[9.172s][info ][safepoint    ] Entering safepoint region: Deoptimize
[9.173s][info ][safepoint    ] Leaving safepoint region
[9.173s][info ][safepoint    ] Total time for which application threads were stopped: 0.0201825 seconds, Stopping threads took: 0.0194160 seconds
[9.268s][info ][safepoint    ] Application time: 0.0950544 seconds
[9.286s][info ][safepoint    ] Entering safepoint region: GenCollectForAllocation
[9.287s][info ][gc,start     ] GC(3) Pause Young (Allocation Failure)
[9.287s][info ][gc,task      ] GC(3) Using 4 workers of 4 for evacuation
[9.452s][debug][gc,ref       ] GC(3) Skipped phase1 of Reference Processing due to unavailable references
[9.452s][debug][gc,ref       ] GC(3) Skipped phase3 of Reference Processing due to unavailable references
[9.452s][debug][gc,age       ] GC(3) Desired survivor size 15368192 bytes, new threshold 1 (max threshold 6)
[9.452s][info ][gc,heap      ] GC(3) ParNew: 270336K->30016K(270336K)
[9.452s][info ][gc,heap      ] GC(3) CMS: 46606K->71490K(600768K)
[9.452s][info ][gc,metaspace ] GC(3) Metaspace: 26802K->26802K(1073152K)
[9.452s][info ][gc           ] GC(3) Pause Young (Allocation Failure) 309M->99M(850M) 165.530ms
[9.452s][info ][gc,cpu       ] GC(3) User=0.25s Sys=0.01s Real=0.17s
[9.452s][info ][safepoint    ] Leaving safepoint region
[9.452s][info ][safepoint    ] Total time for which application threads were stopped: 0.1842122 seconds, Stopping threads took: 0.0184530 seconds
[9.918s][info ][safepoint    ] Application time: 0.4655191 seconds
[9.944s][info ][safepoint    ] Entering safepoint region: GenCollectForAllocation
[9.944s][info ][gc,start     ] GC(4) Pause Young (Allocation Failure)
[9.944s][info ][gc,task      ] GC(4) Using 4 workers of 4 for evacuation
[10.108s][debug][gc,ref       ] GC(4) Skipped phase1 of Reference Processing due to unavailable references
[10.108s][debug][gc,ref       ] GC(4) Skipped phase3 of Reference Processing due to unavailable references
[10.108s][debug][gc,age       ] GC(4) Desired survivor size 15368192 bytes, new threshold 6 (max threshold 6)
[10.108s][info ][gc,heap      ] GC(4) ParNew: 270336K->23391K(270336K)
[10.108s][info ][gc,heap      ] GC(4) CMS: 71490K->94998K(600768K)
[10.108s][info ][gc,metaspace ] GC(4) Metaspace: 29672K->29672K(1075200K)
[10.108s][info ][gc           ] GC(4) Pause Young (Allocation Failure) 333M->115M(850M) 163.900ms
[10.108s][info ][gc,cpu       ] GC(4) User=0.16s Sys=0.04s Real=0.16s
[10.108s][info ][safepoint    ] Leaving safepoint region
[10.108s][info ][safepoint    ] Total time for which application threads were stopped: 0.1904066 seconds, Stopping threads took: 0.0261510 seconds
[10.326s][info ][safepoint    ] Application time: 0.2175668 seconds
[10.344s][info ][safepoint    ] Entering safepoint region: Deoptimize
[10.345s][info ][safepoint    ] Leaving safepoint region
[10.345s][info ][safepoint    ] Total time for which application threads were stopped: 0.0189062 seconds, Stopping threads took: 0.0181229 seconds
[10.588s][info ][safepoint    ] Application time: 0.2431942 seconds
[10.604s][info ][safepoint    ] Entering safepoint region: GenCollectForAllocation
[10.604s][info ][gc,start     ] GC(5) Pause Young (Allocation Failure)
[10.604s][info ][gc,task      ] GC(5) Using 4 workers of 4 for evacuation
[10.644s][debug][gc,ref       ] GC(5) Skipped phase1 of Reference Processing due to unavailable references
[10.644s][debug][gc,ref       ] GC(5) Skipped phase3 of Reference Processing due to unavailable references
[10.644s][debug][gc,age       ] GC(5) Desired survivor size 15368192 bytes, new threshold 6 (max threshold 6)
[10.644s][info ][gc,heap      ] GC(5) ParNew: 263711K->14753K(270336K)
[10.644s][info ][gc,heap      ] GC(5) CMS: 94998K->94998K(600768K)
[10.644s][info ][gc,metaspace ] GC(5) Metaspace: 31383K->31383K(1077248K)
[10.644s][info ][gc           ] GC(5) Pause Young (Allocation Failure) 350M->107M(850M) 40.251ms
[10.644s][info ][gc,cpu       ] GC(5) User=0.07s Sys=0.00s Real=0.04s
[10.644s][info ][safepoint    ] Leaving safepoint region
[10.644s][info ][safepoint    ] Total time for which application threads were stopped: 0.0565620 seconds, Stopping threads took: 0.0160455 seconds
[10.655s][info ][safepoint    ] Application time: 0.0111318 seconds
[10.660s][info ][safepoint    ] Entering safepoint region: RevokeBias
[10.660s][info ][safepoint    ] Leaving safepoint region
[10.660s][info ][safepoint    ] Total time for which application threads were stopped: 0.0045153 seconds, Stopping threads took: 0.0043380 seconds
[10.668s][info ][safepoint    ] Application time: 0.0080390 seconds
[10.676s][info ][safepoint    ] Entering safepoint region: RevokeBias
[10.676s][info ][safepoint    ] Leaving safepoint region
[10.676s][info ][safepoint    ] Total time for which application threads were stopped: 0.0078636 seconds, Stopping threads took: 0.0076974 seconds
[11.047s][info ][safepoint    ] Application time: 0.3711997 seconds
[11.056s][info ][safepoint    ] Entering safepoint region: GenCollectForAllocation
[11.056s][info ][gc,start     ] GC(6) Pause Young (Allocation Failure)
[11.056s][info ][gc,task      ] GC(6) Using 4 workers of 4 for evacuation
[11.100s][debug][gc,ref       ] GC(6) Skipped phase1 of Reference Processing due to unavailable references
[11.100s][debug][gc,ref       ] GC(6) Skipped phase3 of Reference Processing due to unavailable references
[11.100s][debug][gc,age       ] GC(6) Desired survivor size 15368192 bytes, new threshold 6 (max threshold 6)
[11.100s][info ][gc,heap      ] GC(6) ParNew: 255073K->14399K(270336K)
[11.100s][info ][gc,heap      ] GC(6) CMS: 94998K->94998K(600768K)
[11.100s][info ][gc,metaspace ] GC(6) Metaspace: 32477K->32477K(1079296K)
[11.100s][info ][gc           ] GC(6) Pause Young (Allocation Failure) 341M->106M(850M) 43.973ms
[11.100s][info ][gc,cpu       ] GC(6) User=0.05s Sys=0.00s Real=0.04s
[11.100s][info ][safepoint    ] Leaving safepoint region
[11.100s][info ][safepoint    ] Total time for which application threads were stopped: 0.0530153 seconds, Stopping threads took: 0.0088130 seconds
[11.420s][info ][safepoint    ] Application time: 0.3197428 seconds
[11.464s][info ][safepoint    ] Entering safepoint region: Deoptimize
[11.465s][info ][safepoint    ] Leaving safepoint region
[11.465s][info ][safepoint    ] Total time for which application threads were stopped: 0.0447185 seconds, Stopping threads took: 0.0440133 seconds
[11.540s][info ][safepoint    ] Application time: 0.0757677 seconds
[11.577s][info ][safepoint    ] Entering safepoint region: RevokeBias
[11.577s][info ][safepoint    ] Leaving safepoint region
[11.577s][info ][safepoint    ] Total time for which application threads were stopped: 0.0361840 seconds, Stopping threads took: 0.0360536 seconds
[11.640s][info ][safepoint    ] Application time: 0.0634179 seconds
[11.656s][info ][safepoint    ] Entering safepoint region: RevokeBias
[11.656s][info ][safepoint    ] Leaving safepoint region
[11.656s][info ][safepoint    ] Total time for which application threads were stopped: 0.0162392 seconds, Stopping threads took: 0.0161062 seconds
[11.659s][info ][safepoint    ] Application time: 0.0025146 seconds
[11.659s][info ][safepoint    ] Entering safepoint region: RevokeBias
[11.659s][info ][safepoint    ] Leaving safepoint region
[11.659s][info ][safepoint    ] Total time for which application threads were stopped: 0.0002700 seconds, Stopping threads took: 0.0001888 seconds
[11.659s][info ][safepoint    ] Application time: 0.0000337 seconds
[11.659s][info ][safepoint    ] Entering safepoint region: RevokeBias
[11.659s][info ][safepoint    ] Leaving safepoint region
[11.659s][info ][safepoint    ] Total time for which application threads were stopped: 0.0000625 seconds, Stopping threads took: 0.0000055 seconds
[11.659s][info ][safepoint    ] Application time: 0.0000296 seconds
[11.659s][info ][safepoint    ] Entering safepoint region: RevokeBias
[11.659s][info ][safepoint    ] Leaving safepoint region
[11.659s][info ][safepoint    ] Total time for which application threads were stopped: 0.0000613 seconds, Stopping threads took: 0.0000051 seconds
[11.659s][info ][safepoint    ] Application time: 0.0000214 seconds
[11.659s][info ][safepoint    ] Entering safepoint region: RevokeBias
[11.659s][info ][safepoint    ] Leaving safepoint region
[11.659s][info ][safepoint    ] Total time for which application threads were stopped: 0.0000592 seconds, Stopping threads took: 0.0000049 seconds
[11.665s][info ][safepoint    ] Application time: 0.0055077 seconds
[11.668s][info ][safepoint    ] Entering safepoint region: RevokeBias
[11.668s][info ][gc,start     ] GC(7) Pause Young (Allocation Failure)
[11.668s][info ][gc,task      ] GC(7) Using 4 workers of 4 for evacuation
[11.705s][debug][gc,ref       ] GC(7) Skipped phase1 of Reference Processing due to unavailable references
[11.705s][debug][gc,ref       ] GC(7) Skipped phase3 of Reference Processing due to unavailable references
[11.705s][debug][gc,age       ] GC(7) Desired survivor size 15368192 bytes, new threshold 6 (max threshold 6)
[11.705s][info ][gc,heap      ] GC(7) ParNew: 254719K->16535K(270336K)
[11.705s][info ][gc,heap      ] GC(7) CMS: 94998K->94998K(600768K)
[11.705s][info ][gc,metaspace ] GC(7) Metaspace: 33507K->33507K(1079296K)
[11.705s][info ][gc           ] GC(7) Pause Young (Allocation Failure) 341M->108M(850M) 37.110ms
[11.705s][info ][gc,cpu       ] GC(7) User=0.06s Sys=0.00s Real=0.04s
[11.705s][info ][safepoint    ] Leaving safepoint region
[11.705s][info ][safepoint    ] Total time for which application threads were stopped: 0.0401736 seconds, Stopping threads took: 0.0029059 seconds
[11.705s][info ][safepoint    ] Application time: 0.0001560 seconds
[11.705s][info ][safepoint    ] Entering safepoint region: RevokeBias
[11.705s][info ][safepoint    ] Leaving safepoint region
[11.705s][info ][safepoint    ] Total time for which application threads were stopped: 0.0001115 seconds, Stopping threads took: 0.0000085 seconds
[12.116s][info ][safepoint    ] Application time: 0.4108484 seconds
[12.140s][info ][safepoint    ] Entering safepoint region: GenCollectForAllocation
[12.140s][info ][gc,start     ] GC(8) Pause Young (Allocation Failure)
[12.140s][info ][gc,task      ] GC(8) Using 4 workers of 4 for evacuation
[12.208s][debug][gc,ref       ] GC(8) Skipped phase1 of Reference Processing due to unavailable references
[12.208s][debug][gc,ref       ] GC(8) Skipped phase3 of Reference Processing due to unavailable references
[12.208s][debug][gc,age       ] GC(8) Desired survivor size 15368192 bytes, new threshold 6 (max threshold 6)
[12.208s][info ][gc,heap      ] GC(8) ParNew: 256855K->19738K(270336K)
[12.208s][info ][gc,heap      ] GC(8) CMS: 94998K->94998K(600768K)
[12.208s][info ][gc,metaspace ] GC(8) Metaspace: 33578K->33578K(1079296K)
[12.208s][info ][gc           ] GC(8) Pause Young (Allocation Failure) 343M->112M(850M) 68.122ms
[12.208s][info ][gc,cpu       ] GC(8) User=0.05s Sys=0.00s Real=0.07s
[12.208s][info ][safepoint    ] Leaving safepoint region
[12.208s][info ][safepoint    ] Total time for which application threads were stopped: 0.0917415 seconds, Stopping threads took: 0.0234037 seconds
[12.435s][info ][safepoint    ] Application time: 0.2270396 seconds
[12.444s][info ][safepoint    ] Entering safepoint region: Deoptimize
[12.445s][info ][safepoint    ] Leaving safepoint region
[12.445s][info ][safepoint    ] Total time for which application threads were stopped: 0.0097570 seconds, Stopping threads took: 0.0090569 seconds
[12.485s][info ][safepoint    ] Application time: 0.0397323 seconds
[12.496s][info ][safepoint    ] Entering safepoint region: Deoptimize
[12.497s][info ][safepoint    ] Leaving safepoint region
[12.497s][info ][safepoint    ] Total time for which application threads were stopped: 0.0119586 seconds, Stopping threads took: 0.0112238 seconds
[12.533s][info ][safepoint    ] Application time: 0.0362798 seconds
[12.553s][info ][safepoint    ] Entering safepoint region: RevokeBias
[12.553s][info ][safepoint    ] Leaving safepoint region
[12.553s][info ][safepoint    ] Total time for which application threads were stopped: 0.0198198 seconds, Stopping threads took: 0.0196823 seconds
[12.560s][info ][safepoint    ] Application time: 0.0070931 seconds
[12.571s][info ][safepoint    ] Entering safepoint region: RevokeBias
[12.571s][info ][safepoint    ] Leaving safepoint region
[12.571s][info ][safepoint    ] Total time for which application threads were stopped: 0.0109750 seconds, Stopping threads took: 0.0108373 seconds
[12.592s][info ][safepoint    ] Application time: 0.0215514 seconds
[12.600s][info ][safepoint    ] Entering safepoint region: RevokeBias
[12.600s][info ][safepoint    ] Leaving safepoint region
[12.600s][info ][safepoint    ] Total time for which application threads were stopped: 0.0073099 seconds, Stopping threads took: 0.0071425 seconds
[12.629s][info ][safepoint    ] Application time: 0.0289084 seconds
[12.636s][info ][safepoint    ] Entering safepoint region: RevokeBias
[12.636s][info ][safepoint    ] Leaving safepoint region
[12.636s][info ][safepoint    ] Total time for which application threads were stopped: 0.0074363 seconds, Stopping threads took: 0.0072095 seconds
[12.636s][info ][safepoint    ] Application time: 0.0000578 seconds
[12.636s][info ][safepoint    ] Entering safepoint region: RevokeBias
[12.636s][info ][safepoint    ] Leaving safepoint region
[12.636s][info ][safepoint    ] Total time for which application threads were stopped: 0.0000739 seconds, Stopping threads took: 0.0000075 seconds
[12.636s][info ][safepoint    ] Application time: 0.0000325 seconds
[12.636s][info ][safepoint    ] Entering safepoint region: RevokeBias
[12.636s][info ][safepoint    ] Leaving safepoint region
[12.636s][info ][safepoint    ] Total time for which application threads were stopped: 0.0000696 seconds, Stopping threads took: 0.0000053 seconds
[12.638s][info ][safepoint    ] Application time: 0.0012112 seconds
[12.638s][info ][safepoint    ] Entering safepoint region: RevokeBias
[12.638s][info ][safepoint    ] Leaving safepoint region
[12.638s][info ][safepoint    ] Total time for which application threads were stopped: 0.0000750 seconds, Stopping threads took: 0.0000068 seconds
[12.638s][info ][safepoint    ] Application time: 0.0001721 seconds
[12.638s][info ][safepoint    ] Entering safepoint region: RevokeBias
[12.638s][info ][safepoint    ] Leaving safepoint region
[12.638s][info ][safepoint    ] Total time for which application threads were stopped: 0.0000725 seconds, Stopping threads took: 0.0000067 seconds
[12.940s][info ][safepoint    ] Application time: 0.3024213 seconds
[13.314s][info ][safepoint    ] Entering safepoint region: RevokeBias
[13.314s][info ][gc,start     ] GC(9) Pause Young (Allocation Failure)
[13.314s][info ][gc,task      ] GC(9) Using 4 workers of 4 for evacuation
[13.359s][debug][gc,ref       ] GC(9) Skipped phase1 of Reference Processing due to unavailable references
[13.359s][debug][gc,ref       ] GC(9) Skipped phase3 of Reference Processing due to unavailable references
[13.359s][debug][gc,age       ] GC(9) Desired survivor size 15368192 bytes, new threshold 6 (max threshold 6)
[13.359s][info ][gc,heap      ] GC(9) ParNew: 260058K->25568K(270336K)
[13.359s][info ][gc,heap      ] GC(9) CMS: 94998K->94998K(600768K)
[13.359s][info ][gc,metaspace ] GC(9) Metaspace: 34674K->34674K(1081344K)
[13.359s][info ][gc           ] GC(9) Pause Young (Allocation Failure) 346M->117M(850M) 45.498ms
[13.359s][info ][gc,cpu       ] GC(9) User=0.06s Sys=0.00s Real=0.04s
[13.359s][info ][safepoint    ] Leaving safepoint region
[13.359s][info ][safepoint    ] Total time for which application threads were stopped: 0.0457291 seconds, Stopping threads took: 0.0000289 seconds
[13.532s][info ][safepoint    ] Application time: 0.1730831 seconds
[13.536s][info ][safepoint    ] Entering safepoint region: RevokeBias
[13.536s][info ][safepoint    ] Leaving safepoint region
[13.536s][info ][safepoint    ] Total time for which application threads were stopped: 0.0035471 seconds, Stopping threads took: 0.0033469 seconds
[13.540s][info ][safepoint    ] Application time: 0.0043547 seconds
[13.548s][info ][safepoint    ] Entering safepoint region: RevokeBias
[13.548s][info ][safepoint    ] Leaving safepoint region
[13.548s][info ][safepoint    ] Total time for which application threads were stopped: 0.0077464 seconds, Stopping threads took: 0.0075254 seconds
[13.564s][info ][safepoint    ] Application time: 0.0157760 seconds
[13.588s][info ][safepoint    ] Entering safepoint region: RevokeBias
[13.588s][info ][safepoint    ] Leaving safepoint region
[13.588s][info ][safepoint    ] Total time for which application threads were stopped: 0.0239755 seconds, Stopping threads took: 0.0238305 seconds
[13.625s][info ][safepoint    ] Application time: 0.0375208 seconds
[13.641s][info ][safepoint    ] Entering safepoint region: RevokeBias
[13.641s][info ][safepoint    ] Leaving safepoint region
[13.641s][info ][safepoint    ] Total time for which application threads were stopped: 0.0156304 seconds, Stopping threads took: 0.0155063 seconds
[13.718s][info ][safepoint    ] Application time: 0.0766670 seconds
[13.744s][info ][safepoint    ] Entering safepoint region: RevokeBias
[13.744s][info ][safepoint    ] Leaving safepoint region
[13.744s][info ][safepoint    ] Total time for which application threads were stopped: 0.0261857 seconds, Stopping threads took: 0.0260217 seconds
[13.820s][info ][safepoint    ] Application time: 0.0763430 seconds
[13.832s][info ][safepoint    ] Entering safepoint region: RevokeBias
[13.832s][info ][safepoint    ] Leaving safepoint region
[13.832s][info ][safepoint    ] Total time for which application threads were stopped: 0.0116055 seconds, Stopping threads took: 0.0114348 seconds
[13.868s][info ][safepoint    ] Application time: 0.0361003 seconds
[13.881s][info ][safepoint    ] Entering safepoint region: RevokeBias
[13.881s][info ][safepoint    ] Leaving safepoint region
[13.881s][info ][safepoint    ] Total time for which application threads were stopped: 0.0129383 seconds, Stopping threads took: 0.0128029 seconds
[13.923s][info ][safepoint    ] Application time: 0.0420723 seconds
[13.936s][info ][safepoint    ] Entering safepoint region: GenCollectForAllocation
[13.936s][info ][gc,start     ] GC(10) Pause Young (Allocation Failure)
[13.936s][info ][gc,task      ] GC(10) Using 4 workers of 4 for evacuation
[14.036s][debug][gc,ref       ] GC(10) Skipped phase1 of Reference Processing due to unavailable references
[14.036s][debug][gc,ref       ] GC(10) Skipped phase3 of Reference Processing due to unavailable references
[14.036s][debug][gc,age       ] GC(10) Desired survivor size 15368192 bytes, new threshold 6 (max threshold 6)
[14.036s][info ][gc,heap      ] GC(10) ParNew: 265888K->19114K(270336K)
[14.036s][info ][gc,heap      ] GC(10) CMS: 94998K->103138K(600768K)
[14.036s][info ][gc,metaspace ] GC(10) Metaspace: 36299K->36299K(1081344K)
[14.036s][info ][gc           ] GC(10) Pause Young (Allocation Failure) 352M->119M(850M) 100.193ms
[14.036s][info ][gc,cpu       ] GC(10) User=0.08s Sys=0.00s Real=0.10s
[14.036s][info ][safepoint    ] Leaving safepoint region
[14.036s][info ][safepoint    ] Total time for which application threads were stopped: 0.1130592 seconds, Stopping threads took: 0.0126801 seconds
[14.244s][info ][safepoint    ] Application time: 0.2080905 seconds
[14.264s][info ][safepoint    ] Entering safepoint region: Deoptimize
[14.264s][info ][safepoint    ] Leaving safepoint region
[14.265s][info ][safepoint    ] Total time for which application threads were stopped: 0.0202002 seconds, Stopping threads took: 0.0194702 seconds
[14.284s][info ][safepoint    ] Application time: 0.0192281 seconds
[14.316s][info ][safepoint    ] Entering safepoint region: GenCollectForAllocation
[14.316s][info ][gc,start     ] GC(11) Pause Young (Allocation Failure)
[14.316s][info ][gc,task      ] GC(11) Using 4 workers of 4 for evacuation
[14.372s][debug][gc,ref       ] GC(11) Skipped phase1 of Reference Processing due to unavailable references
[14.372s][debug][gc,ref       ] GC(11) Skipped phase3 of Reference Processing due to unavailable references
[14.372s][debug][gc,age       ] GC(11) Desired survivor size 15368192 bytes, new threshold 6 (max threshold 6)
[14.372s][info ][gc,heap      ] GC(11) ParNew: 259434K->16821K(270336K)
[14.372s][info ][gc,heap      ] GC(11) CMS: 103138K->105555K(600768K)
[14.372s][info ][gc,metaspace ] GC(11) Metaspace: 36313K->36313K(1081344K)
[14.372s][info ][gc           ] GC(11) Pause Young (Allocation Failure) 354M->119M(850M) 56.502ms
[14.372s][info ][gc,cpu       ] GC(11) User=0.06s Sys=0.00s Real=0.06s
[14.372s][info ][safepoint    ] Leaving safepoint region
[14.372s][info ][safepoint    ] Total time for which application threads were stopped: 0.0887073 seconds, Stopping threads took: 0.0320222 seconds
[14.470s][info ][safepoint    ] Application time: 0.0978117 seconds
[14.484s][info ][safepoint    ] Entering safepoint region: RevokeBias
[14.484s][info ][safepoint    ] Leaving safepoint region
[14.484s][info ][safepoint    ] Total time for which application threads were stopped: 0.0136306 seconds, Stopping threads took: 0.0134833 seconds
[14.496s][info ][safepoint    ] Application time: 0.0117798 seconds
[14.499s][info ][safepoint    ] Entering safepoint region: RevokeBias
[14.499s][info ][safepoint    ] Leaving safepoint region
[14.499s][info ][safepoint    ] Total time for which application threads were stopped: 0.0028958 seconds, Stopping threads took: 0.0027642 seconds
[14.504s][info ][safepoint    ] Application time: 0.0049942 seconds
[14.504s][info ][safepoint    ] Entering safepoint region: Deoptimize
[14.504s][info ][safepoint    ] Leaving safepoint region
[14.504s][info ][safepoint    ] Total time for which application threads were stopped: 0.0007424 seconds, Stopping threads took: 0.0000589 seconds
[14.506s][info ][safepoint    ] Application time: 0.0017224 seconds
[14.508s][info ][safepoint    ] Entering safepoint region: RevokeBias
[14.508s][info ][safepoint    ] Leaving safepoint region
[14.508s][info ][safepoint    ] Total time for which application threads were stopped: 0.0018993 seconds, Stopping threads took: 0.0017409 seconds
[14.601s][info ][safepoint    ] Application time: 0.0933322 seconds
[14.614s][info ][safepoint    ] Entering safepoint region: RevokeBias
[14.614s][info ][safepoint    ] Leaving safepoint region
[14.614s][info ][safepoint    ] Total time for which application threads were stopped: 0.0126453 seconds, Stopping threads took: 0.0125110 seconds
[14.627s][info ][safepoint    ] Application time: 0.0132335 seconds
[14.635s][info ][safepoint    ] Entering safepoint region: RevokeBias
[14.635s][info ][safepoint    ] Leaving safepoint region
[14.635s][info ][safepoint    ] Total time for which application threads were stopped: 0.0076156 seconds, Stopping threads took: 0.0074949 seconds
[14.687s][info ][safepoint    ] Application time: 0.0525317 seconds
[14.714s][info ][safepoint    ] Entering safepoint region: GenCollectForAllocation
[14.714s][info ][gc,start     ] GC(12) Pause Young (Allocation Failure)
[14.714s][info ][gc,task      ] GC(12) Using 4 workers of 4 for evacuation
[14.752s][debug][gc,ref       ] GC(12) Skipped phase1 of Reference Processing due to unavailable references
[14.752s][debug][gc,ref       ] GC(12) Skipped phase3 of Reference Processing due to unavailable references
[14.752s][debug][gc,age       ] GC(12) Desired survivor size 15368192 bytes, new threshold 6 (max threshold 6)
[14.752s][info ][gc,heap      ] GC(12) ParNew: 257141K->14847K(270336K)
[14.752s][info ][gc,heap      ] GC(12) CMS: 105555K->107166K(600768K)
[14.752s][info ][gc,metaspace ] GC(12) Metaspace: 36509K->36509K(1081344K)
[14.752s][info ][gc           ] GC(12) Pause Young (Allocation Failure) 354M->119M(850M) 38.146ms
[14.752s][info ][gc,cpu       ] GC(12) User=0.04s Sys=0.00s Real=0.04s
[14.752s][info ][safepoint    ] Leaving safepoint region
[14.752s][info ][safepoint    ] Total time for which application threads were stopped: 0.0647313 seconds, Stopping threads took: 0.0263910 seconds
[15.009s][info ][safepoint    ] Application time: 0.2569694 seconds
[15.017s][info ][safepoint    ] Entering safepoint region: GenCollectForAllocation
[15.017s][info ][gc,start     ] GC(13) Pause Young (Allocation Failure)
[15.017s][info ][gc,task      ] GC(13) Using 4 workers of 4 for evacuation
[15.042s][debug][gc,ref       ] GC(13) Skipped phase1 of Reference Processing due to unavailable references
[15.042s][debug][gc,ref       ] GC(13) Skipped phase3 of Reference Processing due to unavailable references
[15.042s][debug][gc,age       ] GC(13) Desired survivor size 15368192 bytes, new threshold 6 (max threshold 6)
[15.042s][info ][gc,heap      ] GC(13) ParNew: 255167K->19010K(270336K)
[15.042s][info ][gc,heap      ] GC(13) CMS: 107166K->107968K(600768K)
[15.042s][info ][gc,metaspace ] GC(13) Metaspace: 36512K->36512K(1081344K)
[15.042s][info ][gc           ] GC(13) Pause Young (Allocation Failure) 353M->124M(850M) 24.718ms
[15.042s][info ][gc,cpu       ] GC(13) User=0.03s Sys=0.00s Real=0.02s
[15.042s][info ][safepoint    ] Leaving safepoint region
[15.042s][info ][safepoint    ] Total time for which application threads were stopped: 0.0328610 seconds, Stopping threads took: 0.0079559 seconds
[15.254s][info ][safepoint    ] Application time: 0.2121869 seconds
[15.276s][info ][safepoint    ] Entering safepoint region: GenCollectForAllocation
[15.276s][info ][gc,start     ] GC(14) Pause Young (Allocation Failure)
[15.276s][info ][gc,task      ] GC(14) Using 4 workers of 4 for evacuation
[15.336s][debug][gc,ref       ] GC(14) Skipped phase1 of Reference Processing due to unavailable references
[15.336s][debug][gc,ref       ] GC(14) Skipped phase3 of Reference Processing due to unavailable references
[15.336s][debug][gc,age       ] GC(14) Desired survivor size 15368192 bytes, new threshold 6 (max threshold 6)
[15.336s][info ][gc,heap      ] GC(14) ParNew: 259330K->13588K(270336K)
[15.336s][info ][gc,heap      ] GC(14) CMS: 107968K->108675K(600768K)
[15.336s][info ][gc,metaspace ] GC(14) Metaspace: 36514K->36514K(1081344K)
[15.336s][info ][gc           ] GC(14) Pause Young (Allocation Failure) 358M->119M(850M) 59.935ms
[15.336s][info ][gc,cpu       ] GC(14) User=0.06s Sys=0.00s Real=0.06s
[15.336s][info ][safepoint    ] Leaving safepoint region
[15.336s][info ][safepoint    ] Total time for which application threads were stopped: 0.0815523 seconds, Stopping threads took: 0.0213843 seconds
[15.568s][info ][safepoint    ] Application time: 0.2318638 seconds
[15.592s][info ][safepoint    ] Entering safepoint region: GenCollectForAllocation
[15.592s][info ][gc,start     ] GC(15) Pause Young (Allocation Failure)
[15.592s][info ][gc,task      ] GC(15) Using 4 workers of 4 for evacuation
[15.624s][debug][gc,ref       ] GC(15) Skipped phase1 of Reference Processing due to unavailable references
[15.624s][debug][gc,ref       ] GC(15) Skipped phase3 of Reference Processing due to unavailable references
[15.624s][debug][gc,age       ] GC(15) Desired survivor size 15368192 bytes, new threshold 6 (max threshold 6)
[15.624s][info ][gc,heap      ] GC(15) ParNew: 253908K->13460K(270336K)
[15.624s][info ][gc,heap      ] GC(15) CMS: 108675K->111603K(600768K)
[15.624s][info ][gc,metaspace ] GC(15) Metaspace: 36519K->36519K(1081344K)
[15.624s][info ][gc           ] GC(15) Pause Young (Allocation Failure) 354M->122M(850M) 32.062ms
[15.624s][info ][gc,cpu       ] GC(15) User=0.02s Sys=0.00s Real=0.03s
[15.624s][info ][safepoint    ] Leaving safepoint region
[15.624s][info ][safepoint    ] Total time for which application threads were stopped: 0.0562839 seconds, Stopping threads took: 0.0240220 seconds
[15.721s][info ][safepoint    ] Application time: 0.0965785 seconds
[15.736s][info ][safepoint    ] Entering safepoint region: GenCollectForAllocation
[15.736s][info ][gc,start     ] GC(16) Pause Young (Allocation Failure)
[15.736s][info ][gc,task      ] GC(16) Using 4 workers of 4 for evacuation
[15.769s][debug][gc,ref       ] GC(16) Skipped phase1 of Reference Processing due to unavailable references
[15.769s][debug][gc,ref       ] GC(16) Skipped phase3 of Reference Processing due to unavailable references
[15.769s][debug][gc,ref       ] GC(16) Skipped phase4 of Reference Processing due to unavailable references
[15.769s][debug][gc,age       ] GC(16) Desired survivor size 15368192 bytes, new threshold 6 (max threshold 6)
[15.769s][info ][gc,heap      ] GC(16) ParNew: 253780K->9006K(270336K)
[15.769s][info ][gc,heap      ] GC(16) CMS: 111603K->112391K(600768K)
[15.769s][info ][gc,metaspace ] GC(16) Metaspace: 36519K->36519K(1081344K)
[15.769s][info ][gc           ] GC(16) Pause Young (Allocation Failure) 356M->118M(850M) 33.473ms
[15.769s][info ][gc,cpu       ] GC(16) User=0.03s Sys=0.00s Real=0.03s
[15.769s][info ][safepoint    ] Leaving safepoint region
[15.769s][info ][safepoint    ] Total time for which application threads were stopped: 0.0486760 seconds, Stopping threads took: 0.0150104 seconds
[15.961s][info ][safepoint    ] Application time: 0.1914526 seconds
[15.972s][info ][safepoint    ] Entering safepoint region: GenCollectForAllocation
[15.972s][info ][gc,start     ] GC(17) Pause Young (Allocation Failure)
[15.972s][info ][gc,task      ] GC(17) Using 4 workers of 4 for evacuation
[16.016s][debug][gc,ref       ] GC(17) Skipped phase1 of Reference Processing due to unavailable references
[16.016s][debug][gc,ref       ] GC(17) Skipped phase3 of Reference Processing due to unavailable references
[16.016s][debug][gc,ref       ] GC(17) Skipped phase4 of Reference Processing due to unavailable references
[16.016s][debug][gc,age       ] GC(17) Desired survivor size 15368192 bytes, new threshold 6 (max threshold 6)
[16.016s][info ][gc,heap      ] GC(17) ParNew: 249326K->4265K(270336K)
[16.016s][info ][gc,heap      ] GC(17) CMS: 112391K->118836K(600768K)
[16.016s][info ][gc,metaspace ] GC(17) Metaspace: 36519K->36519K(1081344K)
[16.016s][info ][gc           ] GC(17) Pause Young (Allocation Failure) 353M->120M(850M) 44.012ms
[16.016s][info ][gc,cpu       ] GC(17) User=0.04s Sys=0.01s Real=0.04s
[16.016s][info ][safepoint    ] Leaving safepoint region
[16.016s][info ][safepoint    ] Total time for which application threads were stopped: 0.0553596 seconds, Stopping threads took: 0.0111645 seconds
[16.225s][info ][safepoint    ] Application time: 0.2089907 seconds
[16.254s][info ][safepoint    ] Entering safepoint region: GenCollectForAllocation
[16.254s][info ][gc,start     ] GC(18) Pause Young (Allocation Failure)
[16.254s][info ][gc,task      ] GC(18) Using 4 workers of 4 for evacuation
[16.260s][debug][gc,ref       ] GC(18) Skipped phase1 of Reference Processing due to unavailable references
[16.261s][debug][gc,ref       ] GC(18) Skipped phase2 of Reference Processing due to unavailable references
[16.261s][debug][gc,ref       ] GC(18) Skipped phase3 of Reference Processing due to unavailable references
[16.261s][debug][gc,ref       ] GC(18) Skipped phase4 of Reference Processing due to unavailable references
[16.261s][debug][gc,age       ] GC(18) Desired survivor size 15368192 bytes, new threshold 6 (max threshold 6)
[16.261s][info ][gc,heap      ] GC(18) ParNew: 244585K->1145K(270336K)
[16.261s][info ][gc,heap      ] GC(18) CMS: 118836K->118932K(600768K)
[16.261s][info ][gc,metaspace ] GC(18) Metaspace: 36519K->36519K(1081344K)
[16.261s][info ][gc           ] GC(18) Pause Young (Allocation Failure) 354M->117M(850M) 6.710ms
[16.261s][info ][gc,cpu       ] GC(18) User=0.02s Sys=0.00s Real=0.00s
[16.261s][info ][safepoint    ] Leaving safepoint region
[16.261s][info ][safepoint    ] Total time for which application threads were stopped: 0.0355173 seconds, Stopping threads took: 0.0286233 seconds
[16.578s][info ][safepoint    ] Application time: 0.3177541 seconds
[16.592s][info ][safepoint    ] Entering safepoint region: GenCollectForAllocation
[16.592s][info ][gc,start     ] GC(19) Pause Young (Allocation Failure)
[16.592s][info ][gc,task      ] GC(19) Using 4 workers of 4 for evacuation
[16.603s][debug][gc,ref       ] GC(19) Skipped phase1 of Reference Processing due to unavailable references
[16.603s][debug][gc,ref       ] GC(19) Skipped phase2 of Reference Processing due to unavailable references
[16.603s][debug][gc,ref       ] GC(19) Skipped phase3 of Reference Processing due to unavailable references
[16.603s][debug][gc,ref       ] GC(19) Skipped phase4 of Reference Processing due to unavailable references
[16.603s][debug][gc,age       ] GC(19) Desired survivor size 15368192 bytes, new threshold 6 (max threshold 6)
[16.603s][info ][gc,heap      ] GC(19) ParNew: 241465K->560K(270336K)
[16.603s][info ][gc,heap      ] GC(19) CMS: 118932K->118989K(600768K)
[16.603s][info ][gc,metaspace ] GC(19) Metaspace: 36519K->36519K(1081344K)
[16.603s][info ][gc           ] GC(19) Pause Young (Allocation Failure) 351M->116M(850M) 10.820ms
[16.603s][info ][gc,cpu       ] GC(19) User=0.02s Sys=0.00s Real=0.00s
[16.603s][info ][safepoint    ] Leaving safepoint region
[16.603s][info ][safepoint    ] Total time for which application threads were stopped: 0.0244272 seconds, Stopping threads took: 0.0134040 seconds
[16.815s][info ][safepoint    ] Application time: 0.2116544 seconds
[16.836s][info ][safepoint    ] Entering safepoint region: GenCollectForAllocation
[16.836s][info ][gc,start     ] GC(20) Pause Young (Allocation Failure)
[16.836s][info ][gc,task      ] GC(20) Using 4 workers of 4 for evacuation
[16.856s][debug][gc,ref       ] GC(20) Skipped phase1 of Reference Processing due to unavailable references
[16.856s][debug][gc,ref       ] GC(20) Skipped phase2 of Reference Processing due to unavailable references
[16.856s][debug][gc,ref       ] GC(20) Skipped phase3 of Reference Processing due to unavailable references
[16.856s][debug][gc,ref       ] GC(20) Skipped phase4 of Reference Processing due to unavailable references
[16.856s][debug][gc,age       ] GC(20) Desired survivor size 15368192 bytes, new threshold 6 (max threshold 6)
[16.856s][info ][gc,heap      ] GC(20) ParNew: 240880K->452K(270336K)
[16.856s][info ][gc,heap      ] GC(20) CMS: 118989K->119047K(600768K)
[16.856s][info ][gc,metaspace ] GC(20) Metaspace: 36519K->36519K(1081344K)
[16.856s][info ][gc           ] GC(20) Pause Young (Allocation Failure) 351M->116M(850M) 20.559ms
[16.856s][info ][gc,cpu       ] GC(20) User=0.01s Sys=0.00s Real=0.02s
[16.856s][info ][safepoint    ] Leaving safepoint region
[16.856s][info ][safepoint    ] Total time for which application threads were stopped: 0.0417895 seconds, Stopping threads took: 0.0210093 seconds
[17.026s][info ][safepoint    ] Application time: 0.1698185 seconds
[17.060s][info ][safepoint    ] Entering safepoint region: GenCollectForAllocation
[17.060s][info ][gc,start     ] GC(21) Pause Young (Allocation Failure)
[17.060s][info ][gc,task      ] GC(21) Using 4 workers of 4 for evacuation
[17.068s][debug][gc,ref       ] GC(21) Skipped phase1 of Reference Processing due to unavailable references
[17.068s][debug][gc,ref       ] GC(21) Skipped phase2 of Reference Processing due to unavailable references
[17.068s][debug][gc,ref       ] GC(21) Skipped phase3 of Reference Processing due to unavailable references
[17.068s][debug][gc,ref       ] GC(21) Skipped phase4 of Reference Processing due to unavailable references
[17.068s][debug][gc,age       ] GC(21) Desired survivor size 15368192 bytes, new threshold 6 (max threshold 6)
[17.068s][info ][gc,heap      ] GC(21) ParNew: 240772K->518K(270336K)
[17.068s][info ][gc,heap      ] GC(21) CMS: 119047K->119097K(600768K)
[17.068s][info ][gc,metaspace ] GC(21) Metaspace: 36519K->36519K(1081344K)
[17.068s][info ][gc           ] GC(21) Pause Young (Allocation Failure) 351M->116M(850M) 8.273ms
[17.068s][info ][gc,cpu       ] GC(21) User=0.01s Sys=0.00s Real=0.01s
[17.068s][info ][safepoint    ] Leaving safepoint region
[17.068s][info ][safepoint    ] Total time for which application threads were stopped: 0.0420063 seconds, Stopping threads took: 0.0335388 seconds
[17.192s][info ][safepoint    ] Application time: 0.1237229 seconds
[17.212s][info ][safepoint    ] Entering safepoint region: GenCollectForAllocation
[17.212s][info ][gc,start     ] GC(22) Pause Young (Allocation Failure)
[17.212s][info ][gc,task      ] GC(22) Using 4 workers of 4 for evacuation
[17.224s][debug][gc,ref       ] GC(22) Skipped phase1 of Reference Processing due to unavailable references
[17.224s][debug][gc,ref       ] GC(22) Skipped phase2 of Reference Processing due to unavailable references
[17.224s][debug][gc,ref       ] GC(22) Skipped phase3 of Reference Processing due to unavailable references
[17.224s][debug][gc,ref       ] GC(22) Skipped phase4 of Reference Processing due to unavailable references
[17.224s][debug][gc,age       ] GC(22) Desired survivor size 15368192 bytes, new threshold 6 (max threshold 6)
[17.224s][info ][gc,heap      ] GC(22) ParNew: 240838K->506K(270336K)
[17.224s][info ][gc,heap      ] GC(22) CMS: 119097K->119135K(600768K)
[17.224s][info ][gc,metaspace ] GC(22) Metaspace: 36519K->36519K(1081344K)
[17.224s][info ][gc           ] GC(22) Pause Young (Allocation Failure) 351M->116M(850M) 12.047ms
[17.224s][info ][gc,cpu       ] GC(22) User=0.01s Sys=0.00s Real=0.01s
[17.224s][info ][safepoint    ] Leaving safepoint region
[17.224s][info ][safepoint    ] Total time for which application threads were stopped: 0.0322243 seconds, Stopping threads took: 0.0199843 seconds
[17.380s][info ][safepoint    ] Application time: 0.1554530 seconds
[17.408s][info ][safepoint    ] Entering safepoint region: GenCollectForAllocation
[17.408s][info ][gc,start     ] GC(23) Pause Young (Allocation Failure)
[17.408s][info ][gc,task      ] GC(23) Using 4 workers of 4 for evacuation
[17.429s][debug][gc,ref       ] GC(23) Skipped phase1 of Reference Processing due to unavailable references
[17.429s][debug][gc,ref       ] GC(23) Skipped phase2 of Reference Processing due to unavailable references
[17.429s][debug][gc,ref       ] GC(23) Skipped phase3 of Reference Processing due to unavailable references
[17.429s][debug][gc,ref       ] GC(23) Skipped phase4 of Reference Processing due to unavailable references
[17.430s][debug][gc,age       ] GC(23) Desired survivor size 15368192 bytes, new threshold 6 (max threshold 6)
[17.430s][info ][gc,heap      ] GC(23) ParNew: 240826K->437K(270336K)
[17.430s][info ][gc,heap      ] GC(23) CMS: 119135K->119163K(600768K)
[17.430s][info ][gc,metaspace ] GC(23) Metaspace: 36519K->36519K(1081344K)
[17.430s][info ][gc           ] GC(23) Pause Young (Allocation Failure) 351M->116M(850M) 21.646ms
[17.430s][info ][gc,cpu       ] GC(23) User=0.01s Sys=0.00s Real=0.02s
[17.430s][info ][safepoint    ] Leaving safepoint region
[17.430s][info ][safepoint    ] Total time for which application threads were stopped: 0.0499151 seconds, Stopping threads took: 0.0280735 seconds
[17.645s][info ][safepoint    ] Application time: 0.2150854 seconds
[17.680s][info ][safepoint    ] Entering safepoint region: GenCollectForAllocation
[17.680s][info ][gc,start     ] GC(24) Pause Young (Allocation Failure)
[17.680s][info ][gc,task      ] GC(24) Using 4 workers of 4 for evacuation
[17.684s][debug][gc,ref       ] GC(24) Skipped phase1 of Reference Processing due to unavailable references
[17.684s][debug][gc,ref       ] GC(24) Skipped phase2 of Reference Processing due to unavailable references
[17.684s][debug][gc,ref       ] GC(24) Skipped phase3 of Reference Processing due to unavailable references
[17.684s][debug][gc,ref       ] GC(24) Skipped phase4 of Reference Processing due to unavailable references
[17.684s][debug][gc,age       ] GC(24) Desired survivor size 15368192 bytes, new threshold 6 (max threshold 6)
[17.684s][info ][gc,heap      ] GC(24) ParNew: 240757K->541K(270336K)
[17.684s][info ][gc,heap      ] GC(24) CMS: 119163K->119203K(600768K)
[17.684s][info ][gc,metaspace ] GC(24) Metaspace: 36520K->36520K(1081344K)
[17.684s][info ][gc           ] GC(24) Pause Young (Allocation Failure) 351M->116M(850M) 4.077ms
[17.684s][info ][gc,cpu       ] GC(24) User=0.01s Sys=0.00s Real=0.01s
[17.684s][info ][safepoint    ] Leaving safepoint region
[17.684s][info ][safepoint    ] Total time for which application threads were stopped: 0.0395347 seconds, Stopping threads took: 0.0351956 seconds
[17.892s][info ][safepoint    ] Application time: 0.2077141 seconds
[17.904s][info ][safepoint    ] Entering safepoint region: GenCollectForAllocation
[17.904s][info ][gc,start     ] GC(25) Pause Young (Allocation Failure)
[17.904s][info ][gc,task      ] GC(25) Using 4 workers of 4 for evacuation
[17.924s][debug][gc,ref       ] GC(25) Skipped phase1 of Reference Processing due to unavailable references
[17.924s][debug][gc,ref       ] GC(25) Skipped phase2 of Reference Processing due to unavailable references
[17.924s][debug][gc,ref       ] GC(25) Skipped phase3 of Reference Processing due to unavailable references
[17.924s][debug][gc,ref       ] GC(25) Skipped phase4 of Reference Processing due to unavailable references
[17.924s][debug][gc,age       ] GC(25) Desired survivor size 15368192 bytes, new threshold 6 (max threshold 6)
[17.924s][info ][gc,heap      ] GC(25) ParNew: 240861K->478K(270336K)
[17.924s][info ][gc,heap      ] GC(25) CMS: 119203K->119255K(600768K)
[17.924s][info ][gc,metaspace ] GC(25) Metaspace: 36520K->36520K(1081344K)
[17.924s][info ][gc           ] GC(25) Pause Young (Allocation Failure) 351M->116M(850M) 20.049ms
[17.924s][info ][gc,cpu       ] GC(25) User=0.01s Sys=0.00s Real=0.02s
[17.924s][info ][safepoint    ] Leaving safepoint region
[17.924s][info ][safepoint    ] Total time for which application threads were stopped: 0.0320366 seconds, Stopping threads took: 0.0117833 seconds
[18.148s][info ][safepoint    ] Application time: 0.2240235 seconds
[18.192s][info ][safepoint    ] Entering safepoint region: GenCollectForAllocation
[18.192s][info ][gc,start     ] GC(26) Pause Young (Allocation Failure)
[18.192s][info ][gc,task      ] GC(26) Using 4 workers of 4 for evacuation
[18.208s][debug][gc,ref       ] GC(26) Skipped phase1 of Reference Processing due to unavailable references
[18.208s][debug][gc,ref       ] GC(26) Skipped phase2 of Reference Processing due to unavailable references
[18.208s][debug][gc,ref       ] GC(26) Skipped phase3 of Reference Processing due to unavailable references
[18.208s][debug][gc,ref       ] GC(26) Skipped phase4 of Reference Processing due to unavailable references
[18.208s][debug][gc,age       ] GC(26) Desired survivor size 15368192 bytes, new threshold 6 (max threshold 6)
[18.208s][info ][gc,heap      ] GC(26) ParNew: 240798K->461K(270336K)
[18.208s][info ][gc,heap      ] GC(26) CMS: 119255K->119302K(600768K)
[18.208s][info ][gc,metaspace ] GC(26) Metaspace: 36520K->36520K(1081344K)
[18.208s][info ][gc           ] GC(26) Pause Young (Allocation Failure) 351M->116M(850M) 16.095ms
[18.208s][info ][gc,cpu       ] GC(26) User=0.01s Sys=0.00s Real=0.01s
[18.208s][info ][safepoint    ] Leaving safepoint region
[18.208s][info ][safepoint    ] Total time for which application threads were stopped: 0.0599607 seconds, Stopping threads took: 0.0436705 seconds
[18.460s][info ][safepoint    ] Application time: 0.2523309 seconds
[18.540s][info ][safepoint    ] Entering safepoint region: GenCollectForAllocation
[18.540s][info ][gc,start     ] GC(27) Pause Young (Allocation Failure)
[18.540s][info ][gc,task      ] GC(27) Using 4 workers of 4 for evacuation
[18.546s][debug][gc,ref       ] GC(27) Skipped phase1 of Reference Processing due to unavailable references
[18.546s][debug][gc,ref       ] GC(27) Skipped phase2 of Reference Processing due to unavailable references
[18.546s][debug][gc,ref       ] GC(27) Skipped phase3 of Reference Processing due to unavailable references
[18.546s][debug][gc,ref       ] GC(27) Skipped phase4 of Reference Processing due to unavailable references
[18.546s][debug][gc,age       ] GC(27) Desired survivor size 15368192 bytes, new threshold 6 (max threshold 6)
[18.546s][info ][gc,heap      ] GC(27) ParNew: 240781K->465K(270336K)
[18.546s][info ][gc,heap      ] GC(27) CMS: 119302K->119354K(600768K)
[18.546s][info ][gc,metaspace ] GC(27) Metaspace: 36520K->36520K(1081344K)
[18.546s][info ][gc           ] GC(27) Pause Young (Allocation Failure) 351M->117M(850M) 6.100ms
[18.546s][info ][gc,cpu       ] GC(27) User=0.01s Sys=0.00s Real=0.01s
[18.546s][info ][safepoint    ] Leaving safepoint region
[18.546s][info ][safepoint    ] Total time for which application threads were stopped: 0.0063013 seconds, Stopping threads took: 0.0000317 seconds
[18.806s][info ][safepoint    ] Application time: 0.2595100 seconds
[18.826s][info ][safepoint    ] Entering safepoint region: GenCollectForAllocation
[18.826s][info ][gc,start     ] GC(28) Pause Young (Allocation Failure)
[18.826s][info ][gc,task      ] GC(28) Using 4 workers of 4 for evacuation
[18.836s][debug][gc,ref       ] GC(28) Skipped phase1 of Reference Processing due to unavailable references
[18.836s][debug][gc,ref       ] GC(28) Skipped phase2 of Reference Processing due to unavailable references
[18.836s][debug][gc,ref       ] GC(28) Skipped phase3 of Reference Processing due to unavailable references
[18.836s][debug][gc,ref       ] GC(28) Skipped phase4 of Reference Processing due to unavailable references
[18.836s][debug][gc,age       ] GC(28) Desired survivor size 15368192 bytes, new threshold 6 (max threshold 6)
[18.836s][info ][gc,heap      ] GC(28) ParNew: 240785K->540K(270336K)
[18.836s][info ][gc,heap      ] GC(28) CMS: 119354K->119401K(600768K)
[18.836s][info ][gc,metaspace ] GC(28) Metaspace: 36520K->36520K(1081344K)
[18.836s][info ][gc           ] GC(28) Pause Young (Allocation Failure) 351M->117M(850M) 9.667ms
[18.836s][info ][gc,cpu       ] GC(28) User=0.01s Sys=0.00s Real=0.01s
[18.836s][info ][safepoint    ] Leaving safepoint region
[18.836s][info ][safepoint    ] Total time for which application threads were stopped: 0.0303029 seconds, Stopping threads took: 0.0204539 seconds
[18.956s][info ][safepoint    ] Application time: 0.1199283 seconds
[18.972s][info ][safepoint    ] Entering safepoint region: GenCollectForAllocation
[18.972s][info ][gc,start     ] GC(29) Pause Young (Allocation Failure)
[18.972s][info ][gc,task      ] GC(29) Using 4 workers of 4 for evacuation
[18.992s][debug][gc,ref       ] GC(29) Skipped phase1 of Reference Processing due to unavailable references
[18.992s][debug][gc,ref       ] GC(29) Skipped phase2 of Reference Processing due to unavailable references
[18.992s][debug][gc,ref       ] GC(29) Skipped phase3 of Reference Processing due to unavailable references
[18.992s][debug][gc,ref       ] GC(29) Skipped phase4 of Reference Processing due to unavailable references
[18.992s][debug][gc,age       ] GC(29) Desired survivor size 15368192 bytes, new threshold 6 (max threshold 6)
[18.992s][info ][gc,heap      ] GC(29) ParNew: 240860K->581K(270336K)
[18.992s][info ][gc,heap      ] GC(29) CMS: 119401K->119444K(600768K)
[18.992s][info ][gc,metaspace ] GC(29) Metaspace: 36520K->36520K(1081344K)
[18.992s][info ][gc           ] GC(29) Pause Young (Allocation Failure) 351M->117M(850M) 20.249ms
[18.992s][info ][gc,cpu       ] GC(29) User=0.01s Sys=0.00s Real=0.03s
[18.992s][info ][safepoint    ] Leaving safepoint region
[18.992s][info ][safepoint    ] Total time for which application threads were stopped: 0.0358520 seconds, Stopping threads took: 0.0154086 seconds
[19.198s][info ][safepoint    ] Application time: 0.2063276 seconds
[19.208s][info ][safepoint    ] Entering safepoint region: GenCollectForAllocation
[19.208s][info ][gc,start     ] GC(30) Pause Young (Allocation Failure)
[19.208s][info ][gc,task      ] GC(30) Using 4 workers of 4 for evacuation
[19.220s][debug][gc,ref       ] GC(30) Skipped phase1 of Reference Processing due to unavailable references
[19.220s][debug][gc,ref       ] GC(30) Skipped phase2 of Reference Processing due to unavailable references
[19.220s][debug][gc,ref       ] GC(30) Skipped phase3 of Reference Processing due to unavailable references
[19.220s][debug][gc,ref       ] GC(30) Skipped phase4 of Reference Processing due to unavailable references
[19.220s][debug][gc,age       ] GC(30) Desired survivor size 15368192 bytes, new threshold 6 (max threshold 6)
[19.220s][info ][gc,heap      ] GC(30) ParNew: 240901K->475K(270336K)
[19.220s][info ][gc,heap      ] GC(30) CMS: 119444K->119496K(600768K)
[19.220s][info ][gc,metaspace ] GC(30) Metaspace: 36520K->36520K(1081344K)
[19.220s][info ][gc           ] GC(30) Pause Young (Allocation Failure) 351M->117M(850M) 12.045ms
[19.220s][info ][gc,cpu       ] GC(30) User=0.01s Sys=0.00s Real=0.01s
[19.220s][info ][safepoint    ] Leaving safepoint region
[19.220s][info ][safepoint    ] Total time for which application threads were stopped: 0.0217015 seconds, Stopping threads took: 0.0094371 seconds
[19.471s][info ][safepoint    ] Application time: 0.2514328 seconds
[19.480s][info ][safepoint    ] Entering safepoint region: GenCollectForAllocation
[19.480s][info ][gc,start     ] GC(31) Pause Young (Allocation Failure)
[19.480s][info ][gc,task      ] GC(31) Using 4 workers of 4 for evacuation
[19.489s][debug][gc,ref       ] GC(31) Skipped phase1 of Reference Processing due to unavailable references
[19.489s][debug][gc,ref       ] GC(31) Skipped phase2 of Reference Processing due to unavailable references
[19.489s][debug][gc,ref       ] GC(31) Skipped phase3 of Reference Processing due to unavailable references
[19.489s][debug][gc,ref       ] GC(31) Skipped phase4 of Reference Processing due to unavailable references
[19.489s][debug][gc,age       ] GC(31) Desired survivor size 15368192 bytes, new threshold 6 (max threshold 6)
[19.489s][info ][gc,heap      ] GC(31) ParNew: 240795K->491K(270336K)
[19.489s][info ][gc,heap      ] GC(31) CMS: 119496K->119526K(600768K)
[19.489s][info ][gc,metaspace ] GC(31) Metaspace: 36520K->36520K(1081344K)
[19.489s][info ][gc           ] GC(31) Pause Young (Allocation Failure) 351M->117M(850M) 9.261ms
[19.489s][info ][gc,cpu       ] GC(31) User=0.00s Sys=0.00s Real=0.01s
[19.489s][info ][safepoint    ] Leaving safepoint region
[19.489s][info ][safepoint    ] Total time for which application threads were stopped: 0.0177617 seconds, Stopping threads took: 0.0083292 seconds
[19.655s][info ][safepoint    ] Application time: 0.1658133 seconds
[19.680s][info ][safepoint    ] Entering safepoint region: GenCollectForAllocation
[19.680s][info ][gc,start     ] GC(32) Pause Young (Allocation Failure)
[19.680s][info ][gc,task      ] GC(32) Using 4 workers of 4 for evacuation
[19.688s][debug][gc,ref       ] GC(32) Skipped phase1 of Reference Processing due to unavailable references
[19.688s][debug][gc,ref       ] GC(32) Skipped phase2 of Reference Processing due to unavailable references
[19.688s][debug][gc,ref       ] GC(32) Skipped phase3 of Reference Processing due to unavailable references
[19.688s][debug][gc,ref       ] GC(32) Skipped phase4 of Reference Processing due to unavailable references
[19.688s][debug][gc,age       ] GC(32) Desired survivor size 15368192 bytes, new threshold 6 (max threshold 6)
[19.688s][info ][gc,heap      ] GC(32) ParNew: 240811K->696K(270336K)
[19.688s][info ][gc,heap      ] GC(32) CMS: 119526K->119584K(600768K)
[19.688s][info ][gc,metaspace ] GC(32) Metaspace: 36520K->36520K(1081344K)
[19.688s][info ][gc           ] GC(32) Pause Young (Allocation Failure) 351M->117M(850M) 8.316ms
[19.688s][info ][gc,cpu       ] GC(32) User=0.01s Sys=0.00s Real=0.01s
[19.688s][info ][safepoint    ] Leaving safepoint region
[19.688s][info ][safepoint    ] Total time for which application threads were stopped: 0.0331835 seconds, Stopping threads took: 0.0246728 seconds
[19.888s][info ][safepoint    ] Application time: 0.1995765 seconds
[19.912s][info ][safepoint    ] Entering safepoint region: GenCollectForAllocation
[19.912s][info ][gc,start     ] GC(33) Pause Young (Allocation Failure)
[19.912s][info ][gc,task      ] GC(33) Using 4 workers of 4 for evacuation
[19.924s][debug][gc,ref       ] GC(33) Skipped phase1 of Reference Processing due to unavailable references
[19.924s][debug][gc,ref       ] GC(33) Skipped phase2 of Reference Processing due to unavailable references
[19.924s][debug][gc,ref       ] GC(33) Skipped phase3 of Reference Processing due to unavailable references
[19.924s][debug][gc,ref       ] GC(33) Skipped phase4 of Reference Processing due to unavailable references
[19.924s][debug][gc,age       ] GC(33) Desired survivor size 15368192 bytes, new threshold 6 (max threshold 6)
[19.924s][info ][gc,heap      ] GC(33) ParNew: 241016K->429K(270336K)
[19.924s][info ][gc,heap      ] GC(33) CMS: 119584K->119633K(600768K)
[19.924s][info ][gc,metaspace ] GC(33) Metaspace: 36520K->36520K(1081344K)
[19.924s][info ][gc           ] GC(33) Pause Young (Allocation Failure) 352M->117M(850M) 12.125ms
[19.924s][info ][gc,cpu       ] GC(33) User=0.01s Sys=0.00s Real=0.01s
[19.924s][info ][safepoint    ] Leaving safepoint region
[19.924s][info ][safepoint    ] Total time for which application threads were stopped: 0.0362603 seconds, Stopping threads took: 0.0238761 seconds
[20.108s][info ][safepoint    ] Application time: 0.1839371 seconds
[20.128s][info ][safepoint    ] Entering safepoint region: GenCollectForAllocation
[20.128s][info ][gc,start     ] GC(34) Pause Young (Allocation Failure)
[20.128s][info ][gc,task      ] GC(34) Using 4 workers of 4 for evacuation
[20.140s][debug][gc,ref       ] GC(34) Skipped phase1 of Reference Processing due to unavailable references
[20.140s][debug][gc,ref       ] GC(34) Skipped phase2 of Reference Processing due to unavailable references
[20.140s][debug][gc,ref       ] GC(34) Skipped phase3 of Reference Processing due to unavailable references
[20.140s][debug][gc,ref       ] GC(34) Skipped phase4 of Reference Processing due to unavailable references
[20.140s][debug][gc,age       ] GC(34) Desired survivor size 15368192 bytes, new threshold 6 (max threshold 6)
[20.140s][info ][gc,heap      ] GC(34) ParNew: 240749K->451K(270336K)
[20.140s][info ][gc,heap      ] GC(34) CMS: 119633K->119706K(600768K)
[20.140s][info ][gc,metaspace ] GC(34) Metaspace: 36520K->36520K(1081344K)
[20.140s][info ][gc           ] GC(34) Pause Young (Allocation Failure) 351M->117M(850M) 12.048ms
[20.140s][info ][gc,cpu       ] GC(34) User=0.01s Sys=0.00s Real=0.01s
[20.140s][info ][safepoint    ] Leaving safepoint region
[20.140s][info ][safepoint    ] Total time for which application threads were stopped: 0.0318746 seconds, Stopping threads took: 0.0196342 seconds
[20.336s][info ][safepoint    ] Application time: 0.1957914 seconds
[20.364s][info ][safepoint    ] Entering safepoint region: GenCollectForAllocation
[20.364s][info ][gc,start     ] GC(35) Pause Young (Allocation Failure)
[20.364s][info ][gc,task      ] GC(35) Using 4 workers of 4 for evacuation
[20.372s][debug][gc,ref       ] GC(35) Skipped phase1 of Reference Processing due to unavailable references
[20.372s][debug][gc,ref       ] GC(35) Skipped phase2 of Reference Processing due to unavailable references
[20.372s][debug][gc,ref       ] GC(35) Skipped phase3 of Reference Processing due to unavailable references
[20.372s][debug][gc,ref       ] GC(35) Skipped phase4 of Reference Processing due to unavailable references
[20.372s][debug][gc,age       ] GC(35) Desired survivor size 15368192 bytes, new threshold 6 (max threshold 6)
[20.372s][info ][gc,heap      ] GC(35) ParNew: 240771K->455K(270336K)
[20.372s][info ][gc,heap      ] GC(35) CMS: 119706K->119743K(600768K)
[20.372s][info ][gc,metaspace ] GC(35) Metaspace: 36523K->36523K(1081344K)
[20.372s][info ][gc           ] GC(35) Pause Young (Allocation Failure) 352M->117M(850M) 7.997ms
[20.372s][info ][gc,cpu       ] GC(35) User=0.01s Sys=0.00s Real=0.01s
[20.372s][info ][safepoint    ] Leaving safepoint region
[20.372s][info ][safepoint    ] Total time for which application threads were stopped: 0.0362877 seconds, Stopping threads took: 0.0280950 seconds
[20.587s][info ][safepoint    ] Application time: 0.2150811 seconds
[20.608s][info ][safepoint    ] Entering safepoint region: GenCollectForAllocation
[20.608s][info ][gc,start     ] GC(36) Pause Young (Allocation Failure)
[20.608s][info ][gc,task      ] GC(36) Using 4 workers of 4 for evacuation
[20.628s][debug][gc,ref       ] GC(36) Skipped phase1 of Reference Processing due to unavailable references
[20.628s][debug][gc,ref       ] GC(36) Skipped phase2 of Reference Processing due to unavailable references
[20.628s][debug][gc,ref       ] GC(36) Skipped phase3 of Reference Processing due to unavailable references
[20.628s][debug][gc,ref       ] GC(36) Skipped phase4 of Reference Processing due to unavailable references
[20.628s][debug][gc,age       ] GC(36) Desired survivor size 15368192 bytes, new threshold 6 (max threshold 6)
[20.628s][info ][gc,heap      ] GC(36) ParNew: 240775K->658K(270336K)
[20.628s][info ][gc,heap      ] GC(36) CMS: 119743K->119795K(600768K)
[20.628s][info ][gc,metaspace ] GC(36) Metaspace: 36538K->36538K(1081344K)
[20.628s][info ][gc           ] GC(36) Pause Young (Allocation Failure) 352M->117M(850M) 20.038ms
[20.628s][info ][gc,cpu       ] GC(36) User=0.01s Sys=0.00s Real=0.02s
[20.628s][info ][safepoint    ] Leaving safepoint region
[20.628s][info ][safepoint    ] Total time for which application threads were stopped: 0.0407652 seconds, Stopping threads took: 0.0205253 seconds
[20.783s][info ][safepoint    ] Application time: 0.1551952 seconds
[20.800s][info ][safepoint    ] Entering safepoint region: GenCollectForAllocation
[20.800s][info ][gc,start     ] GC(37) Pause Young (Allocation Failure)
[20.800s][info ][gc,task      ] GC(37) Using 4 workers of 4 for evacuation
[20.821s][debug][gc,ref       ] GC(37) Skipped phase1 of Reference Processing due to unavailable references
[20.821s][debug][gc,ref       ] GC(37) Skipped phase2 of Reference Processing due to unavailable references
[20.821s][debug][gc,ref       ] GC(37) Skipped phase3 of Reference Processing due to unavailable references
[20.821s][debug][gc,ref       ] GC(37) Skipped phase4 of Reference Processing due to unavailable references
[20.821s][debug][gc,age       ] GC(37) Desired survivor size 15368192 bytes, new threshold 6 (max threshold 6)
[20.821s][info ][gc,heap      ] GC(37) ParNew: 240978K->471K(270336K)
[20.821s][info ][gc,heap      ] GC(37) CMS: 119795K->119855K(600768K)
[20.821s][info ][gc,metaspace ] GC(37) Metaspace: 36538K->36538K(1081344K)
[20.821s][info ][gc           ] GC(37) Pause Young (Allocation Failure) 352M->117M(850M) 21.283ms
[20.821s][info ][gc,cpu       ] GC(37) User=0.01s Sys=0.00s Real=0.02s
[20.821s][info ][safepoint    ] Leaving safepoint region
[20.821s][info ][safepoint    ] Total time for which application threads were stopped: 0.0380655 seconds, Stopping threads took: 0.0165878 seconds
[21.137s][info ][safepoint    ] Application time: 0.3161864 seconds
[21.160s][info ][safepoint    ] Entering safepoint region: GenCollectForAllocation
[21.160s][info ][gc,start     ] GC(38) Pause Young (Allocation Failure)
[21.160s][info ][gc,task      ] GC(38) Using 4 workers of 4 for evacuation
[21.165s][debug][gc,ref       ] GC(38) Skipped phase1 of Reference Processing due to unavailable references
[21.165s][debug][gc,ref       ] GC(38) Skipped phase2 of Reference Processing due to unavailable references
[21.165s][debug][gc,ref       ] GC(38) Skipped phase3 of Reference Processing due to unavailable references
[21.165s][debug][gc,ref       ] GC(38) Skipped phase4 of Reference Processing due to unavailable references
[21.165s][debug][gc,age       ] GC(38) Desired survivor size 15368192 bytes, new threshold 6 (max threshold 6)
[21.165s][info ][gc,heap      ] GC(38) ParNew: 240791K->385K(270336K)
[21.165s][info ][gc,heap      ] GC(38) CMS: 119855K->119893K(600768K)
[21.165s][info ][gc,metaspace ] GC(38) Metaspace: 36546K->36546K(1081344K)
[21.165s][info ][gc           ] GC(38) Pause Young (Allocation Failure) 352M->117M(850M) 5.415ms
[21.165s][info ][gc,cpu       ] GC(38) User=0.01s Sys=0.00s Real=0.01s
[21.165s][info ][safepoint    ] Leaving safepoint region
[21.165s][info ][safepoint    ] Total time for which application threads were stopped: 0.0279008 seconds, Stopping threads took: 0.0222817 seconds
[21.390s][info ][safepoint    ] Application time: 0.2243855 seconds
[21.408s][info ][safepoint    ] Entering safepoint region: GenCollectForAllocation
[21.408s][info ][gc,start     ] GC(39) Pause Young (Allocation Failure)
[21.408s][info ][gc,task      ] GC(39) Using 4 workers of 4 for evacuation
[21.433s][debug][gc,ref       ] GC(39) Skipped phase1 of Reference Processing due to unavailable references
[21.433s][debug][gc,ref       ] GC(39) Skipped phase2 of Reference Processing due to unavailable references
[21.433s][debug][gc,ref       ] GC(39) Skipped phase3 of Reference Processing due to unavailable references
[21.433s][debug][gc,ref       ] GC(39) Skipped phase4 of Reference Processing due to unavailable references
[21.433s][debug][gc,age       ] GC(39) Desired survivor size 15368192 bytes, new threshold 6 (max threshold 6)
[21.433s][info ][gc,heap      ] GC(39) ParNew: 240705K->519K(270336K)
[21.433s][info ][gc,heap      ] GC(39) CMS: 119893K->119954K(600768K)
[21.433s][info ][gc,metaspace ] GC(39) Metaspace: 36546K->36546K(1081344K)
[21.433s][info ][gc           ] GC(39) Pause Young (Allocation Failure) 352M->117M(850M) 25.300ms
[21.433s][info ][gc,cpu       ] GC(39) User=0.01s Sys=0.00s Real=0.03s
[21.433s][info ][safepoint    ] Leaving safepoint region
[21.433s][info ][safepoint    ] Total time for which application threads were stopped: 0.0435287 seconds, Stopping threads took: 0.0180459 seconds
[21.607s][info ][safepoint    ] Application time: 0.1739477 seconds
[21.626s][info ][safepoint    ] Entering safepoint region: GenCollectForAllocation
[21.626s][info ][gc,start     ] GC(40) Pause Young (Allocation Failure)
[21.626s][info ][gc,task      ] GC(40) Using 4 workers of 4 for evacuation
[21.637s][debug][gc,ref       ] GC(40) Skipped phase1 of Reference Processing due to unavailable references
[21.637s][debug][gc,ref       ] GC(40) Skipped phase2 of Reference Processing due to unavailable references
[21.637s][debug][gc,ref       ] GC(40) Skipped phase3 of Reference Processing due to unavailable references
[21.637s][debug][gc,ref       ] GC(40) Skipped phase4 of Reference Processing due to unavailable references
[21.637s][debug][gc,age       ] GC(40) Desired survivor size 15368192 bytes, new threshold 6 (max threshold 6)
[21.637s][info ][gc,heap      ] GC(40) ParNew: 240839K->451K(270336K)
[21.637s][info ][gc,heap      ] GC(40) CMS: 119954K->119992K(600768K)
[21.637s][info ][gc,metaspace ] GC(40) Metaspace: 36546K->36546K(1081344K)
[21.637s][info ][gc           ] GC(40) Pause Young (Allocation Failure) 352M->117M(850M) 11.669ms
[21.637s][info ][gc,cpu       ] GC(40) User=0.01s Sys=0.00s Real=0.01s
[21.637s][info ][safepoint    ] Leaving safepoint region
[21.637s][info ][safepoint    ] Total time for which application threads were stopped: 0.0301277 seconds, Stopping threads took: 0.0182767 seconds
[21.891s][info ][safepoint    ] Application time: 0.2539687 seconds
[21.900s][info ][safepoint    ] Entering safepoint region: GenCollectForAllocation
[21.900s][info ][gc,start     ] GC(41) Pause Young (Allocation Failure)
[21.900s][info ][gc,task      ] GC(41) Using 4 workers of 4 for evacuation
[21.917s][debug][gc,ref       ] GC(41) Skipped phase1 of Reference Processing due to unavailable references
[21.917s][debug][gc,ref       ] GC(41) Skipped phase2 of Reference Processing due to unavailable references
[21.917s][debug][gc,ref       ] GC(41) Skipped phase3 of Reference Processing due to unavailable references
[21.917s][debug][gc,ref       ] GC(41) Skipped phase4 of Reference Processing due to unavailable references
[21.917s][debug][gc,age       ] GC(41) Desired survivor size 15368192 bytes, new threshold 6 (max threshold 6)
[21.917s][info ][gc,heap      ] GC(41) ParNew: 240771K->453K(270336K)
[21.917s][info ][gc,heap      ] GC(41) CMS: 119992K->120040K(600768K)
[21.917s][info ][gc,metaspace ] GC(41) Metaspace: 36546K->36546K(1081344K)
[21.917s][info ][gc           ] GC(41) Pause Young (Allocation Failure) 352M->117M(850M) 17.309ms
[21.917s][info ][gc,cpu       ] GC(41) User=0.01s Sys=0.00s Real=0.02s
[21.917s][info ][safepoint    ] Leaving safepoint region
[21.917s][info ][safepoint    ] Total time for which application threads were stopped: 0.0258944 seconds, Stopping threads took: 0.0083769 seconds
[22.136s][info ][safepoint    ] Application time: 0.2188319 seconds
[22.148s][info ][safepoint    ] Entering safepoint region: GenCollectForAllocation
[22.149s][info ][gc,start     ] GC(42) Pause Young (Allocation Failure)
[22.149s][info ][gc,task      ] GC(42) Using 4 workers of 4 for evacuation
[22.156s][debug][gc,ref       ] GC(42) Skipped phase1 of Reference Processing due to unavailable references
[22.156s][debug][gc,ref       ] GC(42) Skipped phase2 of Reference Processing due to unavailable references
[22.156s][debug][gc,ref       ] GC(42) Skipped phase3 of Reference Processing due to unavailable references
[22.156s][debug][gc,ref       ] GC(42) Skipped phase4 of Reference Processing due to unavailable references
[22.156s][debug][gc,age       ] GC(42) Desired survivor size 15368192 bytes, new threshold 6 (max threshold 6)
[22.156s][info ][gc,heap      ] GC(42) ParNew: 240773K->463K(270336K)
[22.156s][info ][gc,heap      ] GC(42) CMS: 120040K->120076K(600768K)
[22.156s][info ][gc,metaspace ] GC(42) Metaspace: 36546K->36546K(1081344K)
[22.156s][info ][gc           ] GC(42) Pause Young (Allocation Failure) 352M->117M(850M) 7.379ms
[22.156s][info ][gc,cpu       ] GC(42) User=0.01s Sys=0.00s Real=0.01s
[22.156s][info ][safepoint    ] Leaving safepoint region
[22.156s][info ][safepoint    ] Total time for which application threads were stopped: 0.0197857 seconds, Stopping threads took: 0.0122245 seconds
[22.368s][info ][safepoint    ] Application time: 0.2117464 seconds
[22.921s][info ][safepoint    ] Entering safepoint region: GenCollectForAllocation
[22.937s][info ][gc,start     ] GC(43) Pause Young (Allocation Failure)
[22.937s][info ][gc,task      ] GC(43) Using 4 workers of 4 for evacuation
[22.939s][debug][gc,ref       ] GC(43) Skipped phase1 of Reference Processing due to unavailable references
[22.939s][debug][gc,ref       ] GC(43) Skipped phase2 of Reference Processing due to unavailable references
[22.939s][debug][gc,ref       ] GC(43) Skipped phase3 of Reference Processing due to unavailable references
[22.939s][debug][gc,ref       ] GC(43) Skipped phase4 of Reference Processing due to unavailable references
[22.939s][debug][gc,age       ] GC(43) Desired survivor size 15368192 bytes, new threshold 6 (max threshold 6)
[22.939s][info ][gc,heap      ] GC(43) ParNew: 240783K->554K(270336K)
[22.939s][info ][gc,heap      ] GC(43) CMS: 120076K->120106K(600768K)
[22.939s][info ][gc,metaspace ] GC(43) Metaspace: 36546K->36546K(1081344K)
[22.939s][info ][gc           ] GC(43) Pause Young (Allocation Failure) 352M->117M(850M) 2.698ms
[22.939s][info ][gc,cpu       ] GC(43) User=0.01s Sys=0.00s Real=0.00s
[22.939s][info ][safepoint    ] Leaving safepoint region
[22.939s][info ][safepoint    ] Total time for which application threads were stopped: 0.0184443 seconds, Stopping threads took: 0.0155966 seconds
[23.112s][info ][safepoint    ] Application time: 0.1721348 seconds
[23.127s][info ][safepoint    ] Entering safepoint region: GenCollectForAllocation
[23.128s][info ][gc,start     ] GC(44) Pause Young (Allocation Failure)
[23.128s][info ][gc,task      ] GC(44) Using 4 workers of 4 for evacuation
[23.140s][debug][gc,ref       ] GC(44) Skipped phase1 of Reference Processing due to unavailable references
[23.140s][debug][gc,ref       ] GC(44) Skipped phase2 of Reference Processing due to unavailable references
[23.140s][debug][gc,ref       ] GC(44) Skipped phase3 of Reference Processing due to unavailable references
[23.140s][debug][gc,ref       ] GC(44) Skipped phase4 of Reference Processing due to unavailable references
[23.140s][debug][gc,age       ] GC(44) Desired survivor size 15368192 bytes, new threshold 6 (max threshold 6)
[23.140s][info ][gc,heap      ] GC(44) ParNew: 240874K->513K(270336K)
[23.140s][info ][gc,heap      ] GC(44) CMS: 120106K->120172K(600768K)
[23.140s][info ][gc,metaspace ] GC(44) Metaspace: 36546K->36546K(1081344K)
[23.140s][info ][gc           ] GC(44) Pause Young (Allocation Failure) 352M->117M(850M) 12.259ms
[23.140s][info ][gc,cpu       ] GC(44) User=0.01s Sys=0.00s Real=0.01s
[23.140s][info ][safepoint    ] Leaving safepoint region
[23.140s][info ][safepoint    ] Total time for which application threads were stopped: 0.0282659 seconds, Stopping threads took: 0.0158189 seconds
[23.394s][info ][safepoint    ] Application time: 0.2545658 seconds
[23.420s][info ][safepoint    ] Entering safepoint region: GenCollectForAllocation
[23.420s][info ][gc,start     ] GC(45) Pause Young (Allocation Failure)
[23.420s][info ][gc,task      ] GC(45) Using 4 workers of 4 for evacuation
[23.424s][debug][gc,ref       ] GC(45) Skipped phase1 of Reference Processing due to unavailable references
[23.424s][debug][gc,ref       ] GC(45) Skipped phase2 of Reference Processing due to unavailable references
[23.424s][debug][gc,ref       ] GC(45) Skipped phase3 of Reference Processing due to unavailable references
[23.424s][debug][gc,ref       ] GC(45) Skipped phase4 of Reference Processing due to unavailable references
[23.424s][debug][gc,age       ] GC(45) Desired survivor size 15368192 bytes, new threshold 6 (max threshold 6)
[23.424s][info ][gc,heap      ] GC(45) ParNew: 240833K->504K(270336K)
[23.424s][info ][gc,heap      ] GC(45) CMS: 120172K->120234K(600768K)
[23.424s][info ][gc,metaspace ] GC(45) Metaspace: 36546K->36546K(1081344K)
[23.424s][info ][gc           ] GC(45) Pause Young (Allocation Failure) 352M->117M(850M) 4.086ms
[23.424s][info ][gc,cpu       ] GC(45) User=0.01s Sys=0.00s Real=0.01s
[23.424s][info ][safepoint    ] Leaving safepoint region
[23.424s][info ][safepoint    ] Total time for which application threads were stopped: 0.0296394 seconds, Stopping threads took: 0.0253821 seconds
[23.604s][info ][safepoint    ] Application time: 0.1799188 seconds
[23.636s][info ][safepoint    ] Entering safepoint region: GenCollectForAllocation
[23.636s][info ][gc,start     ] GC(46) Pause Young (Allocation Failure)
[23.636s][info ][gc,task      ] GC(46) Using 4 workers of 4 for evacuation
[23.644s][debug][gc,ref       ] GC(46) Skipped phase1 of Reference Processing due to unavailable references
[23.644s][debug][gc,ref       ] GC(46) Skipped phase2 of Reference Processing due to unavailable references
[23.644s][debug][gc,ref       ] GC(46) Skipped phase3 of Reference Processing due to unavailable references
[23.644s][debug][gc,ref       ] GC(46) Skipped phase4 of Reference Processing due to unavailable references
[23.644s][debug][gc,age       ] GC(46) Desired survivor size 15368192 bytes, new threshold 6 (max threshold 6)
[23.644s][info ][gc,heap      ] GC(46) ParNew: 240824K->499K(270336K)
[23.644s][info ][gc,heap      ] GC(46) CMS: 120234K->120287K(600768K)
[23.644s][info ][gc,metaspace ] GC(46) Metaspace: 36546K->36546K(1081344K)
[23.644s][info ][gc           ] GC(46) Pause Young (Allocation Failure) 352M->117M(850M) 8.215ms
[23.644s][info ][gc,cpu       ] GC(46) User=0.01s Sys=0.00s Real=0.01s
[23.644s][info ][safepoint    ] Leaving safepoint region
[23.644s][info ][safepoint    ] Total time for which application threads were stopped: 0.0401510 seconds, Stopping threads took: 0.0317527 seconds
[23.936s][info ][safepoint    ] Application time: 0.2916015 seconds
[23.939s][info ][safepoint    ] Entering safepoint region: GenCollectForAllocation
[23.939s][info ][gc,start     ] GC(47) Pause Young (Allocation Failure)
[23.939s][info ][gc,task      ] GC(47) Using 4 workers of 4 for evacuation
[23.947s][debug][gc,ref       ] GC(47) Skipped phase1 of Reference Processing due to unavailable references
[23.947s][debug][gc,ref       ] GC(47) Skipped phase2 of Reference Processing due to unavailable references
[23.947s][debug][gc,ref       ] GC(47) Skipped phase3 of Reference Processing due to unavailable references
[23.947s][debug][gc,ref       ] GC(47) Skipped phase4 of Reference Processing due to unavailable references
[23.947s][debug][gc,age       ] GC(47) Desired survivor size 15368192 bytes, new threshold 6 (max threshold 6)
[23.948s][info ][gc,heap      ] GC(47) ParNew: 240819K->484K(270336K)
[23.948s][info ][gc,heap      ] GC(47) CMS: 120287K->120330K(600768K)
[23.948s][info ][gc,metaspace ] GC(47) Metaspace: 36546K->36546K(1081344K)
[23.948s][info ][gc           ] GC(47) Pause Young (Allocation Failure) 352M->117M(850M) 8.323ms
[23.948s][info ][gc,cpu       ] GC(47) User=0.01s Sys=0.00s Real=0.01s
[23.948s][info ][safepoint    ] Leaving safepoint region
[23.948s][info ][safepoint    ] Total time for which application threads were stopped: 0.0117667 seconds, Stopping threads took: 0.0032544 seconds
[24.152s][info ][safepoint    ] Application time: 0.2044080 seconds
[24.160s][info ][safepoint    ] Entering safepoint region: GenCollectForAllocation
[24.160s][info ][gc,start     ] GC(48) Pause Young (Allocation Failure)
[24.160s][info ][gc,task      ] GC(48) Using 4 workers of 4 for evacuation
[24.184s][debug][gc,ref       ] GC(48) Skipped phase1 of Reference Processing due to unavailable references
[24.184s][debug][gc,ref       ] GC(48) Skipped phase2 of Reference Processing due to unavailable references
[24.184s][debug][gc,ref       ] GC(48) Skipped phase3 of Reference Processing due to unavailable references
[24.184s][debug][gc,ref       ] GC(48) Skipped phase4 of Reference Processing due to unavailable references
[24.184s][debug][gc,age       ] GC(48) Desired survivor size 15368192 bytes, new threshold 6 (max threshold 6)
[24.184s][info ][gc,heap      ] GC(48) ParNew: 240804K->500K(270336K)
[24.184s][info ][gc,heap      ] GC(48) CMS: 120330K->120382K(600768K)
[24.184s][info ][gc,metaspace ] GC(48) Metaspace: 36546K->36546K(1081344K)
[24.184s][info ][gc           ] GC(48) Pause Young (Allocation Failure) 352M->118M(850M) 24.189ms
[24.184s][info ][gc,cpu       ] GC(48) User=0.00s Sys=0.00s Real=0.03s
[24.184s][info ][safepoint    ] Leaving safepoint region
[24.184s][info ][safepoint    ] Total time for which application threads were stopped: 0.0321484 seconds, Stopping threads took: 0.0077606 seconds
[24.368s][info ][safepoint    ] Application time: 0.1834611 seconds
[24.388s][info ][safepoint    ] Entering safepoint region: GenCollectForAllocation
[24.388s][info ][gc,start     ] GC(49) Pause Young (Allocation Failure)
[24.388s][info ][gc,task      ] GC(49) Using 4 workers of 4 for evacuation
[24.400s][debug][gc,ref       ] GC(49) Skipped phase1 of Reference Processing due to unavailable references
[24.400s][debug][gc,ref       ] GC(49) Skipped phase2 of Reference Processing due to unavailable references
[24.401s][debug][gc,ref       ] GC(49) Skipped phase3 of Reference Processing due to unavailable references
[24.401s][debug][gc,ref       ] GC(49) Skipped phase4 of Reference Processing due to unavailable references
[24.401s][debug][gc,age       ] GC(49) Desired survivor size 15368192 bytes, new threshold 6 (max threshold 6)
[24.401s][info ][gc,heap      ] GC(49) ParNew: 240820K->514K(270336K)
[24.401s][info ][gc,heap      ] GC(49) CMS: 120382K->120436K(600768K)
[24.401s][info ][gc,metaspace ] GC(49) Metaspace: 36546K->36546K(1081344K)
[24.401s][info ][gc           ] GC(49) Pause Young (Allocation Failure) 352M->118M(850M) 12.713ms
[24.401s][info ][gc,cpu       ] GC(49) User=0.02s Sys=0.00s Real=0.01s
[24.401s][info ][safepoint    ] Leaving safepoint region
[24.401s][info ][safepoint    ] Total time for which application threads were stopped: 0.0330240 seconds, Stopping threads took: 0.0201183 seconds
[24.620s][info ][safepoint    ] Application time: 0.2191166 seconds
[24.634s][info ][safepoint    ] Entering safepoint region: GenCollectForAllocation
[24.634s][info ][gc,start     ] GC(50) Pause Young (Allocation Failure)
[24.634s][info ][gc,task      ] GC(50) Using 4 workers of 4 for evacuation
[24.644s][debug][gc,ref       ] GC(50) Skipped phase1 of Reference Processing due to unavailable references
[24.644s][debug][gc,ref       ] GC(50) Skipped phase2 of Reference Processing due to unavailable references
[24.644s][debug][gc,ref       ] GC(50) Skipped phase3 of Reference Processing due to unavailable references
[24.644s][debug][gc,ref       ] GC(50) Skipped phase4 of Reference Processing due to unavailable references
[24.644s][debug][gc,age       ] GC(50) Desired survivor size 15368192 bytes, new threshold 6 (max threshold 6)
[24.644s][info ][gc,heap      ] GC(50) ParNew: 240834K->597K(270336K)
[24.644s][info ][gc,heap      ] GC(50) CMS: 120436K->120496K(600768K)
[24.644s][info ][gc,metaspace ] GC(50) Metaspace: 36550K->36550K(1081344K)
[24.644s][info ][gc           ] GC(50) Pause Young (Allocation Failure) 352M->118M(850M) 10.010ms
[24.644s][info ][gc,cpu       ] GC(50) User=0.01s Sys=0.00s Real=0.01s
[24.644s][info ][safepoint    ] Leaving safepoint region
[24.644s][info ][safepoint    ] Total time for which application threads were stopped: 0.0242490 seconds, Stopping threads took: 0.0140521 seconds
[24.904s][info ][safepoint    ] Application time: 0.2600881 seconds
[24.932s][info ][safepoint    ] Entering safepoint region: GenCollectForAllocation
[24.932s][info ][gc,start     ] GC(51) Pause Young (Allocation Failure)
[24.932s][info ][gc,task      ] GC(51) Using 4 workers of 4 for evacuation
[24.956s][debug][gc,ref       ] GC(51) Skipped phase1 of Reference Processing due to unavailable references
[24.956s][debug][gc,ref       ] GC(51) Skipped phase2 of Reference Processing due to unavailable references
[24.956s][debug][gc,ref       ] GC(51) Skipped phase3 of Reference Processing due to unavailable references
[24.956s][debug][gc,ref       ] GC(51) Skipped phase4 of Reference Processing due to unavailable references
[24.956s][debug][gc,age       ] GC(51) Desired survivor size 15368192 bytes, new threshold 6 (max threshold 6)
[24.956s][info ][gc,heap      ] GC(51) ParNew: 240917K->514K(270336K)
[24.956s][info ][gc,heap      ] GC(51) CMS: 120496K->120549K(600768K)
[24.956s][info ][gc,metaspace ] GC(51) Metaspace: 36550K->36550K(1081344K)
[24.956s][info ][gc           ] GC(51) Pause Young (Allocation Failure) 352M->118M(850M) 24.007ms
[24.956s][info ][gc,cpu       ] GC(51) User=0.02s Sys=0.00s Real=0.02s
[24.956s][info ][safepoint    ] Leaving safepoint region
[24.956s][info ][safepoint    ] Total time for which application threads were stopped: 0.0517725 seconds, Stopping threads took: 0.0275563 seconds
[25.252s][info ][safepoint    ] Application time: 0.2957454 seconds
[25.276s][info ][safepoint    ] Entering safepoint region: GenCollectForAllocation
[25.276s][info ][gc,start     ] GC(52) Pause Young (Allocation Failure)
[25.276s][info ][gc,task      ] GC(52) Using 4 workers of 4 for evacuation
[25.295s][debug][gc,ref       ] GC(52) Skipped phase1 of Reference Processing due to unavailable references
[25.295s][debug][gc,ref       ] GC(52) Skipped phase2 of Reference Processing due to unavailable references
[25.295s][debug][gc,ref       ] GC(52) Skipped phase3 of Reference Processing due to unavailable references
[25.295s][debug][gc,ref       ] GC(52) Skipped phase4 of Reference Processing due to unavailable references
[25.295s][debug][gc,age       ] GC(52) Desired survivor size 15368192 bytes, new threshold 6 (max threshold 6)
[25.295s][info ][gc,heap      ] GC(52) ParNew: 240834K->600K(270336K)
[25.295s][info ][gc,heap      ] GC(52) CMS: 120549K->120601K(600768K)
[25.295s][info ][gc,metaspace ] GC(52) Metaspace: 36550K->36550K(1081344K)
[25.295s][info ][gc           ] GC(52) Pause Young (Allocation Failure) 352M->118M(850M) 19.039ms
[25.295s][info ][gc,cpu       ] GC(52) User=0.01s Sys=0.00s Real=0.02s
[25.295s][info ][safepoint    ] Leaving safepoint region
[25.295s][info ][safepoint    ] Total time for which application threads were stopped: 0.0433851 seconds, Stopping threads took: 0.0241684 seconds
[25.591s][info ][safepoint    ] Application time: 0.2956206 seconds
[25.609s][info ][safepoint    ] Entering safepoint region: GenCollectForAllocation
[25.609s][info ][gc,start     ] GC(53) Pause Young (Allocation Failure)
[25.610s][info ][gc,task      ] GC(53) Using 4 workers of 4 for evacuation
[25.620s][debug][gc,ref       ] GC(53) Skipped phase1 of Reference Processing due to unavailable references
[25.620s][debug][gc,ref       ] GC(53) Skipped phase2 of Reference Processing due to unavailable references
[25.620s][debug][gc,ref       ] GC(53) Skipped phase3 of Reference Processing due to unavailable references
[25.620s][debug][gc,ref       ] GC(53) Skipped phase4 of Reference Processing due to unavailable references
[25.620s][debug][gc,age       ] GC(53) Desired survivor size 15368192 bytes, new threshold 6 (max threshold 6)
[25.620s][info ][gc,heap      ] GC(53) ParNew: 240920K->510K(270336K)
[25.620s][info ][gc,heap      ] GC(53) CMS: 120601K->120656K(600768K)
[25.620s][info ][gc,metaspace ] GC(53) Metaspace: 36550K->36550K(1081344K)
[25.620s][info ][gc           ] GC(53) Pause Young (Allocation Failure) 353M->118M(850M) 10.520ms
[25.620s][info ][gc,cpu       ] GC(53) User=0.01s Sys=0.00s Real=0.01s
[25.620s][info ][safepoint    ] Leaving safepoint region
[25.620s][info ][safepoint    ] Total time for which application threads were stopped: 0.0292449 seconds, Stopping threads took: 0.0185224 seconds
[26.027s][info ][safepoint    ] Application time: 0.4069032 seconds
[26.036s][info ][safepoint    ] Entering safepoint region: GenCollectForAllocation
[26.036s][info ][gc,start     ] GC(54) Pause Young (Allocation Failure)
[26.036s][info ][gc,task      ] GC(54) Using 4 workers of 4 for evacuation
[26.068s][debug][gc,ref       ] GC(54) Skipped phase1 of Reference Processing due to unavailable references
[26.068s][debug][gc,ref       ] GC(54) Skipped phase2 of Reference Processing due to unavailable references
[26.068s][debug][gc,ref       ] GC(54) Skipped phase3 of Reference Processing due to unavailable references
[26.068s][debug][gc,ref       ] GC(54) Skipped phase4 of Reference Processing due to unavailable references
[26.068s][debug][gc,age       ] GC(54) Desired survivor size 15368192 bytes, new threshold 6 (max threshold 6)
[26.068s][info ][gc,heap      ] GC(54) ParNew: 240830K->508K(270336K)
[26.068s][info ][gc,heap      ] GC(54) CMS: 120656K->120704K(600768K)
[26.068s][info ][gc,metaspace ] GC(54) Metaspace: 36550K->36550K(1081344K)
[26.068s][info ][gc           ] GC(54) Pause Young (Allocation Failure) 353M->118M(850M) 32.438ms
[26.068s][info ][gc,cpu       ] GC(54) User=0.03s Sys=0.00s Real=0.03s
[26.068s][info ][safepoint    ] Leaving safepoint region
[26.068s][info ][safepoint    ] Total time for which application threads were stopped: 0.0414570 seconds, Stopping threads took: 0.0088228 seconds
[26.231s][info ][safepoint    ] Application time: 0.1621784 seconds
[26.251s][info ][safepoint    ] Entering safepoint region: GenCollectForAllocation
[26.251s][info ][gc,start     ] GC(55) Pause Young (Allocation Failure)
[26.251s][info ][gc,task      ] GC(55) Using 4 workers of 4 for evacuation
[26.281s][debug][gc,ref       ] GC(55) Skipped phase1 of Reference Processing due to unavailable references
[26.281s][debug][gc,ref       ] GC(55) Skipped phase2 of Reference Processing due to unavailable references
[26.281s][debug][gc,ref       ] GC(55) Skipped phase3 of Reference Processing due to unavailable references
[26.281s][debug][gc,ref       ] GC(55) Skipped phase4 of Reference Processing due to unavailable references
[26.281s][debug][gc,age       ] GC(55) Desired survivor size 15368192 bytes, new threshold 6 (max threshold 6)
[26.281s][info ][gc,heap      ] GC(55) ParNew: 240828K->521K(270336K)
[26.281s][info ][gc,heap      ] GC(55) CMS: 120704K->120768K(600768K)
[26.281s][info ][gc,metaspace ] GC(55) Metaspace: 36550K->36550K(1081344K)
[26.281s][info ][gc           ] GC(55) Pause Young (Allocation Failure) 353M->118M(850M) 30.057ms
[26.281s][info ][gc,cpu       ] GC(55) User=0.03s Sys=0.00s Real=0.03s
[26.281s][info ][safepoint    ] Leaving safepoint region
[26.281s][info ][safepoint    ] Total time for which application threads were stopped: 0.0506708 seconds, Stopping threads took: 0.0203961 seconds
[26.445s][info ][safepoint    ] Application time: 0.1641581 seconds
[26.452s][info ][safepoint    ] Entering safepoint region: GenCollectForAllocation
[26.452s][info ][gc,start     ] GC(56) Pause Young (Allocation Failure)
[26.452s][info ][gc,task      ] GC(56) Using 4 workers of 4 for evacuation
[26.482s][debug][gc,ref       ] GC(56) Skipped phase1 of Reference Processing due to unavailable references
[26.482s][debug][gc,ref       ] GC(56) Skipped phase2 of Reference Processing due to unavailable references
[26.482s][debug][gc,ref       ] GC(56) Skipped phase3 of Reference Processing due to unavailable references
[26.482s][debug][gc,ref       ] GC(56) Skipped phase4 of Reference Processing due to unavailable references
[26.482s][debug][gc,age       ] GC(56) Desired survivor size 15368192 bytes, new threshold 6 (max threshold 6)
[26.483s][info ][gc,heap      ] GC(56) ParNew: 240841K->501K(270336K)
[26.483s][info ][gc,heap      ] GC(56) CMS: 120768K->120829K(600768K)
[26.483s][info ][gc,metaspace ] GC(56) Metaspace: 36550K->36550K(1081344K)
[26.483s][info ][gc           ] GC(56) Pause Young (Allocation Failure) 353M->118M(850M) 30.239ms
[26.483s][info ][gc,cpu       ] GC(56) User=0.02s Sys=0.00s Real=0.02s
[26.483s][info ][safepoint    ] Leaving safepoint region
[26.483s][info ][safepoint    ] Total time for which application threads were stopped: 0.0370845 seconds, Stopping threads took: 0.0066561 seconds
[26.711s][info ][safepoint    ] Application time: 0.2285779 seconds
[26.740s][info ][safepoint    ] Entering safepoint region: GenCollectForAllocation
[26.740s][info ][gc,start     ] GC(57) Pause Young (Allocation Failure)
[26.740s][info ][gc,task      ] GC(57) Using 4 workers of 4 for evacuation
[26.774s][debug][gc,ref       ] GC(57) Skipped phase1 of Reference Processing due to unavailable references
[26.774s][debug][gc,ref       ] GC(57) Skipped phase2 of Reference Processing due to unavailable references
[26.774s][debug][gc,ref       ] GC(57) Skipped phase3 of Reference Processing due to unavailable references
[26.774s][debug][gc,ref       ] GC(57) Skipped phase4 of Reference Processing due to unavailable references
[26.774s][debug][gc,age       ] GC(57) Desired survivor size 15368192 bytes, new threshold 6 (max threshold 6)
[26.774s][info ][gc,heap      ] GC(57) ParNew: 240821K->503K(270336K)
[26.774s][info ][gc,heap      ] GC(57) CMS: 120829K->120869K(600768K)
[26.774s][info ][gc,metaspace ] GC(57) Metaspace: 36550K->36550K(1081344K)
[26.774s][info ][gc           ] GC(57) Pause Young (Allocation Failure) 353M->118M(850M) 33.922ms
[26.774s][info ][gc,cpu       ] GC(57) User=0.01s Sys=0.00s Real=0.04s
[26.774s][info ][safepoint    ] Leaving safepoint region
[26.774s][info ][safepoint    ] Total time for which application threads were stopped: 0.0629395 seconds, Stopping threads took: 0.0287037 seconds
[26.982s][info ][safepoint    ] Application time: 0.2074524 seconds
[27.004s][info ][safepoint    ] Entering safepoint region: GenCollectForAllocation
[27.004s][info ][gc,start     ] GC(58) Pause Young (Allocation Failure)
[27.004s][info ][gc,task      ] GC(58) Using 4 workers of 4 for evacuation
[27.020s][debug][gc,ref       ] GC(58) Skipped phase1 of Reference Processing due to unavailable references
[27.020s][debug][gc,ref       ] GC(58) Skipped phase2 of Reference Processing due to unavailable references
[27.020s][debug][gc,ref       ] GC(58) Skipped phase3 of Reference Processing due to unavailable references
[27.020s][debug][gc,ref       ] GC(58) Skipped phase4 of Reference Processing due to unavailable references
[27.020s][debug][gc,age       ] GC(58) Desired survivor size 15368192 bytes, new threshold 6 (max threshold 6)
[27.020s][info ][gc,heap      ] GC(58) ParNew: 240823K->641K(270336K)
[27.020s][info ][gc,heap      ] GC(58) CMS: 120869K->120938K(600768K)
[27.020s][info ][gc,metaspace ] GC(58) Metaspace: 36551K->36551K(1081344K)
[27.020s][info ][gc           ] GC(58) Pause Young (Allocation Failure) 353M->118M(850M) 16.180ms
[27.020s][info ][gc,cpu       ] GC(58) User=0.01s Sys=0.00s Real=0.01s
[27.020s][info ][safepoint    ] Leaving safepoint region
[27.020s][info ][safepoint    ] Total time for which application threads were stopped: 0.0386482 seconds, Stopping threads took: 0.0222906 seconds
[27.246s][info ][safepoint    ] Application time: 0.2253911 seconds
[27.268s][info ][safepoint    ] Entering safepoint region: GenCollectForAllocation
[27.269s][info ][gc,start     ] GC(59) Pause Young (Allocation Failure)
[27.269s][info ][gc,task      ] GC(59) Using 4 workers of 4 for evacuation
[27.286s][debug][gc,ref       ] GC(59) Skipped phase1 of Reference Processing due to unavailable references
[27.286s][debug][gc,ref       ] GC(59) Skipped phase2 of Reference Processing due to unavailable references
[27.286s][debug][gc,ref       ] GC(59) Skipped phase3 of Reference Processing due to unavailable references
[27.286s][debug][gc,ref       ] GC(59) Skipped phase4 of Reference Processing due to unavailable references
[27.286s][debug][gc,age       ] GC(59) Desired survivor size 15368192 bytes, new threshold 6 (max threshold 6)
[27.286s][info ][gc,heap      ] GC(59) ParNew: 240961K->635K(270336K)
[27.286s][info ][gc,heap      ] GC(59) CMS: 120938K->120986K(600768K)
[27.286s][info ][gc,metaspace ] GC(59) Metaspace: 36551K->36551K(1081344K)
[27.286s][info ][gc           ] GC(59) Pause Young (Allocation Failure) 353M->118M(850M) 17.825ms
[27.286s][info ][gc,cpu       ] GC(59) User=0.01s Sys=0.00s Real=0.02s
[27.287s][info ][safepoint    ] Leaving safepoint region
[27.287s][info ][safepoint    ] Total time for which application threads were stopped: 0.0409599 seconds, Stopping threads took: 0.0226725 seconds
[27.538s][info ][safepoint    ] Application time: 0.2511217 seconds
[27.568s][info ][safepoint    ] Entering safepoint region: GenCollectForAllocation
[27.568s][info ][gc,start     ] GC(60) Pause Young (Allocation Failure)
[27.569s][info ][gc,task      ] GC(60) Using 4 workers of 4 for evacuation
[27.593s][debug][gc,ref       ] GC(60) Skipped phase1 of Reference Processing due to unavailable references
[27.593s][debug][gc,ref       ] GC(60) Skipped phase2 of Reference Processing due to unavailable references
[27.593s][debug][gc,ref       ] GC(60) Skipped phase3 of Reference Processing due to unavailable references
[27.593s][debug][gc,ref       ] GC(60) Skipped phase4 of Reference Processing due to unavailable references
[27.593s][debug][gc,age       ] GC(60) Desired survivor size 15368192 bytes, new threshold 6 (max threshold 6)
[27.593s][info ][gc,heap      ] GC(60) ParNew: 240955K->558K(270336K)
[27.593s][info ][gc,heap      ] GC(60) CMS: 120986K->121055K(600768K)
[27.593s][info ][gc,metaspace ] GC(60) Metaspace: 36551K->36551K(1081344K)
[27.593s][info ][gc           ] GC(60) Pause Young (Allocation Failure) 353M->118M(850M) 24.431ms
[27.593s][info ][gc,cpu       ] GC(60) User=0.01s Sys=0.00s Real=0.03s
[27.593s][info ][safepoint    ] Leaving safepoint region
[27.593s][info ][safepoint    ] Total time for which application threads were stopped: 0.0550312 seconds, Stopping threads took: 0.0304069 seconds
[27.881s][info ][safepoint    ] Application time: 0.2881294 seconds
[27.887s][info ][safepoint    ] Entering safepoint region: GenCollectForAllocation
[27.888s][info ][gc,start     ] GC(61) Pause Young (Allocation Failure)
[27.888s][info ][gc,task      ] GC(61) Using 4 workers of 4 for evacuation
[27.894s][debug][gc,ref       ] GC(61) Skipped phase1 of Reference Processing due to unavailable references
[27.894s][debug][gc,ref       ] GC(61) Skipped phase2 of Reference Processing due to unavailable references
[27.894s][debug][gc,ref       ] GC(61) Skipped phase3 of Reference Processing due to unavailable references
[27.894s][debug][gc,ref       ] GC(61) Skipped phase4 of Reference Processing due to unavailable references
[27.894s][debug][gc,age       ] GC(61) Desired survivor size 15368192 bytes, new threshold 6 (max threshold 6)
[27.894s][info ][gc,heap      ] GC(61) ParNew: 240878K->549K(270336K)
[27.894s][info ][gc,heap      ] GC(61) CMS: 121055K->121089K(600768K)
[27.894s][info ][gc,metaspace ] GC(61) Metaspace: 36551K->36551K(1081344K)
[27.894s][info ][gc           ] GC(61) Pause Young (Allocation Failure) 353M->118M(850M) 6.816ms
[27.894s][info ][gc,cpu       ] GC(61) User=0.01s Sys=0.00s Real=0.01s
[27.894s][info ][safepoint    ] Leaving safepoint region
[27.894s][info ][safepoint    ] Total time for which application threads were stopped: 0.0134670 seconds, Stopping threads took: 0.0064630 seconds
[28.139s][info ][safepoint    ] Application time: 0.2443439 seconds
[28.159s][info ][safepoint    ] Entering safepoint region: GenCollectForAllocation
[28.159s][info ][gc,start     ] GC(62) Pause Young (Allocation Failure)
[28.159s][info ][gc,task      ] GC(62) Using 4 workers of 4 for evacuation
[28.163s][debug][gc,ref       ] GC(62) Skipped phase1 of Reference Processing due to unavailable references
[28.163s][debug][gc,ref       ] GC(62) Skipped phase2 of Reference Processing due to unavailable references
[28.163s][debug][gc,ref       ] GC(62) Skipped phase3 of Reference Processing due to unavailable references
[28.163s][debug][gc,ref       ] GC(62) Skipped phase4 of Reference Processing due to unavailable references
[28.163s][debug][gc,age       ] GC(62) Desired survivor size 15368192 bytes, new threshold 6 (max threshold 6)
[28.163s][info ][gc,heap      ] GC(62) ParNew: 240869K->571K(270336K)
[28.163s][info ][gc,heap      ] GC(62) CMS: 121089K->121158K(600768K)
[28.163s][info ][gc,metaspace ] GC(62) Metaspace: 36551K->36551K(1081344K)
[28.163s][info ][gc           ] GC(62) Pause Young (Allocation Failure) 353M->118M(850M) 4.157ms
[28.163s][info ][gc,cpu       ] GC(62) User=0.01s Sys=0.00s Real=0.00s
[28.163s][info ][safepoint    ] Leaving safepoint region
[28.163s][info ][safepoint    ] Total time for which application threads were stopped: 0.0245658 seconds, Stopping threads took: 0.0202154 seconds
[28.350s][info ][safepoint    ] Application time: 0.1866070 seconds
[28.364s][info ][safepoint    ] Entering safepoint region: GenCollectForAllocation
[28.364s][info ][gc,start     ] GC(63) Pause Young (Allocation Failure)
[28.364s][info ][gc,task      ] GC(63) Using 4 workers of 4 for evacuation
[28.370s][debug][gc,ref       ] GC(63) Skipped phase1 of Reference Processing due to unavailable references
[28.370s][debug][gc,ref       ] GC(63) Skipped phase2 of Reference Processing due to unavailable references
[28.370s][debug][gc,ref       ] GC(63) Skipped phase3 of Reference Processing due to unavailable references
[28.370s][debug][gc,ref       ] GC(63) Skipped phase4 of Reference Processing due to unavailable references
[28.370s][debug][gc,age       ] GC(63) Desired survivor size 15368192 bytes, new threshold 6 (max threshold 6)
[28.370s][info ][gc,heap      ] GC(63) ParNew: 240891K->577K(270336K)
[28.370s][info ][gc,heap      ] GC(63) CMS: 121158K->121234K(600768K)
[28.370s][info ][gc,metaspace ] GC(63) Metaspace: 36551K->36551K(1081344K)
[28.370s][info ][gc           ] GC(63) Pause Young (Allocation Failure) 353M->118M(850M) 5.735ms
[28.370s][info ][gc,cpu       ] GC(63) User=0.01s Sys=0.00s Real=0.00s
[28.370s][info ][safepoint    ] Leaving safepoint region
[28.370s][info ][safepoint    ] Total time for which application threads were stopped: 0.0197970 seconds, Stopping threads took: 0.0137313 seconds
[28.632s][info ][safepoint    ] Application time: 0.2618726 seconds
[28.636s][info ][safepoint    ] Entering safepoint region: GenCollectForAllocation
[28.636s][info ][gc,start     ] GC(64) Pause Young (Allocation Failure)
[28.636s][info ][gc,task      ] GC(64) Using 4 workers of 4 for evacuation
[28.666s][debug][gc,ref       ] GC(64) Skipped phase1 of Reference Processing due to unavailable references
[28.666s][debug][gc,ref       ] GC(64) Skipped phase2 of Reference Processing due to unavailable references
[28.666s][debug][gc,ref       ] GC(64) Skipped phase3 of Reference Processing due to unavailable references
[28.666s][debug][gc,ref       ] GC(64) Skipped phase4 of Reference Processing due to unavailable references
[28.666s][debug][gc,age       ] GC(64) Desired survivor size 15368192 bytes, new threshold 6 (max threshold 6)
[28.666s][info ][gc,heap      ] GC(64) ParNew: 240897K->664K(270336K)
[28.666s][info ][gc,heap      ] GC(64) CMS: 121234K->121289K(600768K)
[28.666s][info ][gc,metaspace ] GC(64) Metaspace: 36551K->36551K(1081344K)
[28.666s][info ][gc           ] GC(64) Pause Young (Allocation Failure) 353M->119M(850M) 30.209ms
[28.666s][info ][gc,cpu       ] GC(64) User=0.02s Sys=0.00s Real=0.03s
[28.666s][info ][safepoint    ] Leaving safepoint region
[28.666s][info ][safepoint    ] Total time for which application threads were stopped: 0.0343787 seconds, Stopping threads took: 0.0040038 seconds
[28.866s][info ][safepoint    ] Application time: 0.1996845 seconds
[28.872s][info ][safepoint    ] Entering safepoint region: GenCollectForAllocation
[28.872s][info ][gc,start     ] GC(65) Pause Young (Allocation Failure)
[28.872s][info ][gc,task      ] GC(65) Using 4 workers of 4 for evacuation
[28.900s][debug][gc,ref       ] GC(65) Skipped phase1 of Reference Processing due to unavailable references
[28.900s][debug][gc,ref       ] GC(65) Skipped phase2 of Reference Processing due to unavailable references
[28.900s][debug][gc,ref       ] GC(65) Skipped phase3 of Reference Processing due to unavailable references
[28.900s][debug][gc,ref       ] GC(65) Skipped phase4 of Reference Processing due to unavailable references
[28.900s][debug][gc,age       ] GC(65) Desired survivor size 15368192 bytes, new threshold 6 (max threshold 6)
[28.900s][info ][gc,heap      ] GC(65) ParNew: 240984K->573K(270336K)
[28.900s][info ][gc,heap      ] GC(65) CMS: 121289K->121349K(600768K)
[28.900s][info ][gc,metaspace ] GC(65) Metaspace: 36551K->36551K(1081344K)
[28.900s][info ][gc           ] GC(65) Pause Young (Allocation Failure) 353M->119M(850M) 27.942ms
[28.900s][info ][gc,cpu       ] GC(65) User=0.01s Sys=0.00s Real=0.02s
[28.900s][info ][safepoint    ] Leaving safepoint region
[28.900s][info ][safepoint    ] Total time for which application threads were stopped: 0.0341753 seconds, Stopping threads took: 0.0060506 seconds
[29.173s][info ][safepoint    ] Application time: 0.2734179 seconds
[29.212s][info ][safepoint    ] Entering safepoint region: GenCollectForAllocation
[29.212s][info ][gc,start     ] GC(66) Pause Young (Allocation Failure)
[29.212s][info ][gc,task      ] GC(66) Using 4 workers of 4 for evacuation
[29.220s][debug][gc,ref       ] GC(66) Skipped phase1 of Reference Processing due to unavailable references
[29.220s][debug][gc,ref       ] GC(66) Skipped phase2 of Reference Processing due to unavailable references
[29.220s][debug][gc,ref       ] GC(66) Skipped phase3 of Reference Processing due to unavailable references
[29.220s][debug][gc,ref       ] GC(66) Skipped phase4 of Reference Processing due to unavailable references
[29.220s][debug][gc,age       ] GC(66) Desired survivor size 15368192 bytes, new threshold 6 (max threshold 6)
[29.220s][info ][gc,heap      ] GC(66) ParNew: 240893K->587K(270336K)
[29.220s][info ][gc,heap      ] GC(66) CMS: 121349K->121420K(600768K)
[29.220s][info ][gc,metaspace ] GC(66) Metaspace: 36551K->36551K(1081344K)
[29.220s][info ][gc           ] GC(66) Pause Young (Allocation Failure) 353M->119M(850M) 8.101ms
[29.220s][info ][gc,cpu       ] GC(66) User=0.01s Sys=0.00s Real=0.00s
[29.220s][info ][safepoint    ] Leaving safepoint region
[29.220s][info ][safepoint    ] Total time for which application threads were stopped: 0.0466315 seconds, Stopping threads took: 0.0383419 seconds
[29.508s][info ][safepoint    ] Application time: 0.2876163 seconds
[29.517s][info ][safepoint    ] Entering safepoint region: GenCollectForAllocation
[29.517s][info ][gc,start     ] GC(67) Pause Young (Allocation Failure)
[29.517s][info ][gc,task      ] GC(67) Using 4 workers of 4 for evacuation
[29.529s][debug][gc,ref       ] GC(67) Skipped phase1 of Reference Processing due to unavailable references
[29.529s][debug][gc,ref       ] GC(67) Skipped phase2 of Reference Processing due to unavailable references
[29.529s][debug][gc,ref       ] GC(67) Skipped phase3 of Reference Processing due to unavailable references
[29.529s][debug][gc,ref       ] GC(67) Skipped phase4 of Reference Processing due to unavailable references
[29.529s][debug][gc,age       ] GC(67) Desired survivor size 15368192 bytes, new threshold 6 (max threshold 6)
[29.529s][info ][gc,heap      ] GC(67) ParNew: 240907K->716K(270336K)
[29.529s][info ][gc,heap      ] GC(67) CMS: 121420K->121486K(600768K)
[29.529s][info ][gc,metaspace ] GC(67) Metaspace: 36555K->36555K(1081344K)
[29.529s][info ][gc           ] GC(67) Pause Young (Allocation Failure) 353M->119M(850M) 11.877ms
[29.529s][info ][gc,cpu       ] GC(67) User=0.00s Sys=0.00s Real=0.01s
[29.529s][info ][safepoint    ] Leaving safepoint region
[29.529s][info ][safepoint    ] Total time for which application threads were stopped: 0.0210503 seconds, Stopping threads took: 0.0089946 seconds
[29.793s][info ][safepoint    ] Application time: 0.2637156 seconds
[29.812s][info ][safepoint    ] Entering safepoint region: GenCollectForAllocation
[29.812s][info ][gc,start     ] GC(68) Pause Young (Allocation Failure)
[29.812s][info ][gc,task      ] GC(68) Using 4 workers of 4 for evacuation
[29.828s][debug][gc,ref       ] GC(68) Skipped phase1 of Reference Processing due to unavailable references
[29.828s][debug][gc,ref       ] GC(68) Skipped phase2 of Reference Processing due to unavailable references
[29.828s][debug][gc,ref       ] GC(68) Skipped phase3 of Reference Processing due to unavailable references
[29.828s][debug][gc,ref       ] GC(68) Skipped phase4 of Reference Processing due to unavailable references
[29.828s][debug][gc,age       ] GC(68) Desired survivor size 15368192 bytes, new threshold 6 (max threshold 6)
[29.828s][info ][gc,heap      ] GC(68) ParNew: 241036K->958K(270336K)
[29.828s][info ][gc,heap      ] GC(68) CMS: 121486K->121548K(600768K)
[29.828s][info ][gc,metaspace ] GC(68) Metaspace: 36555K->36555K(1081344K)
[29.828s][info ][gc           ] GC(68) Pause Young (Allocation Failure) 354M->119M(850M) 16.036ms
[29.828s][info ][gc,cpu       ] GC(68) User=0.02s Sys=0.00s Real=0.01s
[29.828s][info ][safepoint    ] Leaving safepoint region
[29.828s][info ][safepoint    ] Total time for which application threads were stopped: 0.0355052 seconds, Stopping threads took: 0.0192890 seconds
[30.118s][info ][safepoint    ] Application time: 0.2898026 seconds
[30.124s][info ][safepoint    ] Entering safepoint region: GenCollectForAllocation
[30.124s][info ][gc,start     ] GC(69) Pause Young (Allocation Failure)
[30.124s][info ][gc,task      ] GC(69) Using 4 workers of 4 for evacuation
[30.140s][debug][gc,ref       ] GC(69) Skipped phase1 of Reference Processing due to unavailable references
[30.140s][debug][gc,ref       ] GC(69) Skipped phase2 of Reference Processing due to unavailable references
[30.140s][debug][gc,ref       ] GC(69) Skipped phase3 of Reference Processing due to unavailable references
[30.140s][debug][gc,ref       ] GC(69) Skipped phase4 of Reference Processing due to unavailable references
[30.140s][debug][gc,age       ] GC(69) Desired survivor size 15368192 bytes, new threshold 6 (max threshold 6)
[30.140s][info ][gc,heap      ] GC(69) ParNew: 241278K->1866K(270336K)
[30.140s][info ][gc,heap      ] GC(69) CMS: 121548K->121618K(600768K)
[30.140s][info ][gc,metaspace ] GC(69) Metaspace: 36555K->36555K(1081344K)
[30.140s][info ][gc           ] GC(69) Pause Young (Allocation Failure) 354M->120M(850M) 16.085ms
[30.140s][info ][gc,cpu       ] GC(69) User=0.01s Sys=0.00s Real=0.01s
[30.140s][info ][safepoint    ] Leaving safepoint region
[30.140s][info ][safepoint    ] Total time for which application threads were stopped: 0.0221432 seconds, Stopping threads took: 0.0058664 seconds
[30.403s][info ][safepoint    ] Application time: 0.2632701 seconds
[30.412s][info ][safepoint    ] Entering safepoint region: GenCollectForAllocation
[30.412s][info ][gc,start     ] GC(70) Pause Young (Allocation Failure)
[30.412s][info ][gc,task      ] GC(70) Using 4 workers of 4 for evacuation
[30.424s][debug][gc,ref       ] GC(70) Skipped phase1 of Reference Processing due to unavailable references
[30.424s][debug][gc,ref       ] GC(70) Skipped phase2 of Reference Processing due to unavailable references
[30.424s][debug][gc,ref       ] GC(70) Skipped phase3 of Reference Processing due to unavailable references
[30.424s][debug][gc,ref       ] GC(70) Skipped phase4 of Reference Processing due to unavailable references
[30.424s][debug][gc,age       ] GC(70) Desired survivor size 15368192 bytes, new threshold 6 (max threshold 6)
[30.424s][info ][gc,heap      ] GC(70) ParNew: 242186K->2336K(270336K)
[30.424s][info ][gc,heap      ] GC(70) CMS: 121618K->121694K(600768K)
[30.424s][info ][gc,metaspace ] GC(70) Metaspace: 36555K->36555K(1081344K)
[30.424s][info ][gc           ] GC(70) Pause Young (Allocation Failure) 355M->121M(850M) 12.177ms
[30.424s][info ][gc,cpu       ] GC(70) User=0.01s Sys=0.00s Real=0.01s
[30.424s][info ][safepoint    ] Leaving safepoint region
[30.424s][info ][safepoint    ] Total time for which application threads were stopped: 0.0209753 seconds, Stopping threads took: 0.0086126 seconds
[30.604s][info ][safepoint    ] Application time: 0.1800931 seconds
[30.647s][info ][safepoint    ] Entering safepoint region: GenCollectForAllocation
[30.647s][info ][gc,start     ] GC(71) Pause Young (Allocation Failure)
[30.647s][info ][gc,task      ] GC(71) Using 4 workers of 4 for evacuation
[30.668s][debug][gc,ref       ] GC(71) Skipped phase1 of Reference Processing due to unavailable references
[30.668s][debug][gc,ref       ] GC(71) Skipped phase2 of Reference Processing due to unavailable references
[30.668s][debug][gc,ref       ] GC(71) Skipped phase3 of Reference Processing due to unavailable references
[30.668s][debug][gc,ref       ] GC(71) Skipped phase4 of Reference Processing due to unavailable references
[30.668s][debug][gc,age       ] GC(71) Desired survivor size 15368192 bytes, new threshold 6 (max threshold 6)
[30.668s][info ][gc,heap      ] GC(71) ParNew: 242656K->2255K(270336K)
[30.668s][info ][gc,heap      ] GC(71) CMS: 121694K->121775K(600768K)
[30.668s][info ][gc,metaspace ] GC(71) Metaspace: 36555K->36555K(1081344K)
[30.668s][info ][gc           ] GC(71) Pause Young (Allocation Failure) 355M->121M(850M) 20.564ms
[30.668s][info ][gc,cpu       ] GC(71) User=0.01s Sys=0.00s Real=0.02s
[30.668s][info ][safepoint    ] Leaving safepoint region
[30.668s][info ][safepoint    ] Total time for which application threads were stopped: 0.0635287 seconds, Stopping threads took: 0.0427870 seconds
[30.848s][info ][safepoint    ] Application time: 0.1797490 seconds
[30.872s][info ][safepoint    ] Entering safepoint region: GenCollectForAllocation
[30.872s][info ][gc,start     ] GC(72) Pause Young (Allocation Failure)
[30.872s][info ][gc,task      ] GC(72) Using 4 workers of 4 for evacuation
[30.887s][debug][gc,ref       ] GC(72) Skipped phase1 of Reference Processing due to unavailable references
[30.887s][debug][gc,ref       ] GC(72) Skipped phase2 of Reference Processing due to unavailable references
[30.887s][debug][gc,ref       ] GC(72) Skipped phase3 of Reference Processing due to unavailable references
[30.887s][debug][gc,ref       ] GC(72) Skipped phase4 of Reference Processing due to unavailable references
[30.887s][debug][gc,age       ] GC(72) Desired survivor size 15368192 bytes, new threshold 6 (max threshold 6)
[30.887s][info ][gc,heap      ] GC(72) ParNew: 242575K->2327K(270336K)
[30.887s][info ][gc,heap      ] GC(72) CMS: 121775K->121842K(600768K)
[30.887s][info ][gc,metaspace ] GC(72) Metaspace: 36555K->36555K(1081344K)
[30.887s][info ][gc           ] GC(72) Pause Young (Allocation Failure) 355M->121M(850M) 15.127ms
[30.887s][info ][gc,cpu       ] GC(72) User=0.02s Sys=0.00s Real=0.01s
[30.887s][info ][safepoint    ] Leaving safepoint region
[30.887s][info ][safepoint    ] Total time for which application threads were stopped: 0.0393255 seconds, Stopping threads took: 0.0240083 seconds
[31.063s][info ][safepoint    ] Application time: 0.1758818 seconds
[31.090s][info ][safepoint    ] Entering safepoint region: GenCollectForAllocation
[31.090s][info ][gc,start     ] GC(73) Pause Young (Allocation Failure)
[31.090s][info ][gc,task      ] GC(73) Using 4 workers of 4 for evacuation
[31.108s][debug][gc,ref       ] GC(73) Skipped phase1 of Reference Processing due to unavailable references
[31.108s][debug][gc,ref       ] GC(73) Skipped phase2 of Reference Processing due to unavailable references
[31.108s][debug][gc,ref       ] GC(73) Skipped phase3 of Reference Processing due to unavailable references
[31.108s][debug][gc,ref       ] GC(73) Skipped phase4 of Reference Processing due to unavailable references
[31.108s][debug][gc,age       ] GC(73) Desired survivor size 15368192 bytes, new threshold 6 (max threshold 6)
[31.108s][info ][gc,heap      ] GC(73) ParNew: 242647K->1588K(270336K)
[31.108s][info ][gc,heap      ] GC(73) CMS: 121842K->122124K(600768K)
[31.108s][info ][gc,metaspace ] GC(73) Metaspace: 36555K->36555K(1081344K)
[31.108s][info ][gc           ] GC(73) Pause Young (Allocation Failure) 355M->120M(850M) 18.130ms
[31.108s][info ][gc,cpu       ] GC(73) User=0.01s Sys=0.00s Real=0.02s
[31.108s][info ][safepoint    ] Leaving safepoint region
[31.108s][info ][safepoint    ] Total time for which application threads were stopped: 0.0451602 seconds, Stopping threads took: 0.0268184 seconds
[31.390s][info ][safepoint    ] Application time: 0.2817462 seconds
[31.393s][info ][safepoint    ] Entering safepoint region: GenCollectForAllocation
[31.393s][info ][gc,start     ] GC(74) Pause Young (Allocation Failure)
[31.393s][info ][gc,task      ] GC(74) Using 4 workers of 4 for evacuation
[31.453s][debug][gc,ref       ] GC(74) Skipped phase1 of Reference Processing due to unavailable references
[31.453s][debug][gc,ref       ] GC(74) Skipped phase2 of Reference Processing due to unavailable references
[31.453s][debug][gc,ref       ] GC(74) Skipped phase3 of Reference Processing due to unavailable references
[31.453s][debug][gc,ref       ] GC(74) Skipped phase4 of Reference Processing due to unavailable references
[31.453s][debug][gc,age       ] GC(74) Desired survivor size 15368192 bytes, new threshold 6 (max threshold 6)
[31.453s][info ][gc,heap      ] GC(74) ParNew: 241908K->2163K(270336K)
[31.453s][info ][gc,heap      ] GC(74) CMS: 122124K->122185K(600768K)
[31.453s][info ][gc,metaspace ] GC(74) Metaspace: 36555K->36555K(1081344K)
[31.453s][info ][gc           ] GC(74) Pause Young (Allocation Failure) 355M->121M(850M) 59.668ms
[31.453s][info ][gc,cpu       ] GC(74) User=0.02s Sys=0.00s Real=0.06s
[31.453s][info ][safepoint    ] Leaving safepoint region
[31.453s][info ][safepoint    ] Total time for which application threads were stopped: 0.0632304 seconds, Stopping threads took: 0.0033888 seconds
[31.674s][info ][safepoint    ] Application time: 0.2208057 seconds
[31.708s][info ][safepoint    ] Entering safepoint region: GenCollectForAllocation
[31.708s][info ][gc,start     ] GC(75) Pause Young (Allocation Failure)
[31.708s][info ][gc,task      ] GC(75) Using 4 workers of 4 for evacuation
[31.741s][debug][gc,ref       ] GC(75) Skipped phase1 of Reference Processing due to unavailable references
[31.741s][debug][gc,ref       ] GC(75) Skipped phase2 of Reference Processing due to unavailable references
[31.741s][debug][gc,ref       ] GC(75) Skipped phase3 of Reference Processing due to unavailable references
[31.741s][debug][gc,ref       ] GC(75) Skipped phase4 of Reference Processing due to unavailable references
[31.741s][debug][gc,age       ] GC(75) Desired survivor size 15368192 bytes, new threshold 6 (max threshold 6)
[31.741s][info ][gc,heap      ] GC(75) ParNew: 242483K->1407K(270336K)
[31.741s][info ][gc,heap      ] GC(75) CMS: 122185K->123165K(600768K)
[31.741s][info ][gc,metaspace ] GC(75) Metaspace: 36555K->36555K(1081344K)
[31.741s][info ][gc           ] GC(75) Pause Young (Allocation Failure) 356M->121M(850M) 33.120ms
[31.741s][info ][gc,cpu       ] GC(75) User=0.03s Sys=0.00s Real=0.03s
[31.741s][info ][safepoint    ] Leaving safepoint region
[31.741s][info ][safepoint    ] Total time for which application threads were stopped: 0.0671747 seconds, Stopping threads took: 0.0338491 seconds
[31.951s][info ][safepoint    ] Application time: 0.2102781 seconds
[31.984s][info ][safepoint    ] Entering safepoint region: GenCollectForAllocation
[31.984s][info ][gc,start     ] GC(76) Pause Young (Allocation Failure)
[31.984s][info ][gc,task      ] GC(76) Using 4 workers of 4 for evacuation
[32.005s][debug][gc,ref       ] GC(76) Skipped phase1 of Reference Processing due to unavailable references
[32.005s][debug][gc,ref       ] GC(76) Skipped phase2 of Reference Processing due to unavailable references
[32.005s][debug][gc,ref       ] GC(76) Skipped phase3 of Reference Processing due to unavailable references
[32.005s][debug][gc,ref       ] GC(76) Skipped phase4 of Reference Processing due to unavailable references
[32.006s][debug][gc,age       ] GC(76) Desired survivor size 15368192 bytes, new threshold 6 (max threshold 6)
[32.006s][info ][gc,heap      ] GC(76) ParNew: 241727K->1037K(270336K)
[32.006s][info ][gc,heap      ] GC(76) CMS: 123165K->123248K(600768K)
[32.006s][info ][gc,metaspace ] GC(76) Metaspace: 36555K->36555K(1081344K)
[32.006s][info ][gc           ] GC(76) Pause Young (Allocation Failure) 356M->121M(850M) 21.621ms
[32.006s][info ][gc,cpu       ] GC(76) User=0.02s Sys=0.00s Real=0.02s
[32.006s][info ][safepoint    ] Leaving safepoint region
[32.006s][info ][safepoint    ] Total time for which application threads were stopped: 0.0542597 seconds, Stopping threads took: 0.0324467 seconds
[32.284s][info ][safepoint    ] Application time: 0.2779838 seconds
[32.312s][info ][safepoint    ] Entering safepoint region: GenCollectForAllocation
[32.312s][info ][gc,start     ] GC(77) Pause Young (Allocation Failure)
[32.312s][info ][gc,task      ] GC(77) Using 4 workers of 4 for evacuation
[32.338s][debug][gc,ref       ] GC(77) Skipped phase1 of Reference Processing due to unavailable references
[32.339s][debug][gc,ref       ] GC(77) Skipped phase2 of Reference Processing due to unavailable references
[32.339s][debug][gc,ref       ] GC(77) Skipped phase3 of Reference Processing due to unavailable references
[32.339s][debug][gc,ref       ] GC(77) Skipped phase4 of Reference Processing due to unavailable references
[32.339s][debug][gc,age       ] GC(77) Desired survivor size 15368192 bytes, new threshold 6 (max threshold 6)
[32.339s][info ][gc,heap      ] GC(77) ParNew: 241357K->2079K(270336K)
[32.339s][info ][gc,heap      ] GC(77) CMS: 123248K->123330K(600768K)
[32.339s][info ][gc,metaspace ] GC(77) Metaspace: 36555K->36555K(1081344K)
[32.339s][info ][gc           ] GC(77) Pause Young (Allocation Failure) 356M->122M(850M) 26.768ms
[32.339s][info ][gc,cpu       ] GC(77) User=0.01s Sys=0.00s Real=0.02s
[32.339s][info ][safepoint    ] Leaving safepoint region
[32.339s][info ][safepoint    ] Total time for which application threads were stopped: 0.0549772 seconds, Stopping threads took: 0.0280218 seconds
[32.535s][info ][safepoint    ] Application time: 0.1966227 seconds
[32.648s][info ][safepoint    ] Entering safepoint region: GenCollectForAllocation
[32.648s][info ][gc,start     ] GC(78) Pause Young (Allocation Failure)
[32.648s][info ][gc,task      ] GC(78) Using 4 workers of 4 for evacuation
[32.669s][debug][gc,ref       ] GC(78) Skipped phase1 of Reference Processing due to unavailable references
[32.669s][debug][gc,ref       ] GC(78) Skipped phase2 of Reference Processing due to unavailable references
[32.669s][debug][gc,ref       ] GC(78) Skipped phase3 of Reference Processing due to unavailable references
[32.669s][debug][gc,ref       ] GC(78) Skipped phase4 of Reference Processing due to unavailable references
[32.669s][debug][gc,age       ] GC(78) Desired survivor size 15368192 bytes, new threshold 6 (max threshold 6)
[32.669s][info ][gc,heap      ] GC(78) ParNew: 242399K->2634K(270336K)
[32.669s][info ][gc,heap      ] GC(78) CMS: 123330K->123430K(600768K)
[32.669s][info ][gc,metaspace ] GC(78) Metaspace: 36555K->36555K(1081344K)
[32.669s][info ][gc           ] GC(78) Pause Young (Allocation Failure) 357M->123M(850M) 20.824ms
[32.669s][info ][gc,cpu       ] GC(78) User=0.02s Sys=0.00s Real=0.02s
[32.669s][info ][safepoint    ] Leaving safepoint region
[32.669s][info ][safepoint    ] Total time for which application threads were stopped: 0.0210474 seconds, Stopping threads took: 0.0000332 seconds
[32.983s][info ][safepoint    ] Application time: 0.3147091 seconds
[32.990s][info ][safepoint    ] Entering safepoint region: GenCollectForAllocation
[32.990s][info ][gc,start     ] GC(79) Pause Young (Allocation Failure)
[32.990s][info ][gc,task      ] GC(79) Using 4 workers of 4 for evacuation
[33.022s][debug][gc,ref       ] GC(79) Skipped phase1 of Reference Processing due to unavailable references
[33.022s][debug][gc,ref       ] GC(79) Skipped phase2 of Reference Processing due to unavailable references
[33.022s][debug][gc,ref       ] GC(79) Skipped phase3 of Reference Processing due to unavailable references
[33.022s][debug][gc,ref       ] GC(79) Skipped phase4 of Reference Processing due to unavailable references
[33.022s][debug][gc,age       ] GC(79) Desired survivor size 15368192 bytes, new threshold 6 (max threshold 6)
[33.022s][info ][gc,heap      ] GC(79) ParNew: 242954K->3390K(270336K)
[33.022s][info ][gc,heap      ] GC(79) CMS: 123430K->123497K(600768K)
[33.022s][info ][gc,metaspace ] GC(79) Metaspace: 36555K->36555K(1081344K)
[33.022s][info ][gc           ] GC(79) Pause Young (Allocation Failure) 357M->123M(850M) 31.832ms
[33.022s][info ][gc,cpu       ] GC(79) User=0.02s Sys=0.00s Real=0.03s
[33.022s][info ][safepoint    ] Leaving safepoint region
[33.022s][info ][safepoint    ] Total time for which application threads were stopped: 0.0384692 seconds, Stopping threads took: 0.0063184 seconds
[33.293s][info ][safepoint    ] Application time: 0.2713622 seconds
[33.312s][info ][safepoint    ] Entering safepoint region: GenCollectForAllocation
[33.312s][info ][gc,start     ] GC(80) Pause Young (Allocation Failure)
[33.312s][info ][gc,task      ] GC(80) Using 4 workers of 4 for evacuation
[33.332s][debug][gc,ref       ] GC(80) Skipped phase1 of Reference Processing due to unavailable references
[33.332s][debug][gc,ref       ] GC(80) Skipped phase2 of Reference Processing due to unavailable references
[33.332s][debug][gc,ref       ] GC(80) Skipped phase3 of Reference Processing due to unavailable references
[33.332s][debug][gc,ref       ] GC(80) Skipped phase4 of Reference Processing due to unavailable references
[33.332s][debug][gc,age       ] GC(80) Desired survivor size 15368192 bytes, new threshold 6 (max threshold 6)
[33.332s][info ][gc,heap      ] GC(80) ParNew: 243710K->3742K(270336K)
[33.332s][info ][gc,heap      ] GC(80) CMS: 123497K->123566K(600768K)
[33.332s][info ][gc,metaspace ] GC(80) Metaspace: 36555K->36555K(1081344K)
[33.332s][info ][gc           ] GC(80) Pause Young (Allocation Failure) 358M->124M(850M) 20.033ms
[33.332s][info ][gc,cpu       ] GC(80) User=0.02s Sys=0.00s Real=0.02s
[33.332s][info ][safepoint    ] Leaving safepoint region
[33.332s][info ][safepoint    ] Total time for which application threads were stopped: 0.0385717 seconds, Stopping threads took: 0.0183744 seconds
[33.579s][info ][safepoint    ] Application time: 0.2469658 seconds
[33.604s][info ][safepoint    ] Entering safepoint region: GenCollectForAllocation
[33.604s][info ][gc,start     ] GC(81) Pause Young (Allocation Failure)
[33.604s][info ][gc,task      ] GC(81) Using 4 workers of 4 for evacuation
[33.644s][debug][gc,ref       ] GC(81) Skipped phase1 of Reference Processing due to unavailable references
[33.644s][debug][gc,ref       ] GC(81) Skipped phase2 of Reference Processing due to unavailable references
[33.644s][debug][gc,ref       ] GC(81) Skipped phase3 of Reference Processing due to unavailable references
[33.644s][debug][gc,ref       ] GC(81) Skipped phase4 of Reference Processing due to unavailable references
[33.644s][debug][gc,age       ] GC(81) Desired survivor size 15368192 bytes, new threshold 6 (max threshold 6)
[33.644s][info ][gc,heap      ] GC(81) ParNew: 244062K->4822K(270336K)
[33.644s][info ][gc,heap      ] GC(81) CMS: 123566K->123758K(600768K)
[33.644s][info ][gc,metaspace ] GC(81) Metaspace: 36555K->36555K(1081344K)
[33.644s][info ][gc           ] GC(81) Pause Young (Allocation Failure) 359M->125M(850M) 39.680ms
[33.644s][info ][gc,cpu       ] GC(81) User=0.02s Sys=0.00s Real=0.04s
[33.644s][info ][safepoint    ] Leaving safepoint region
[33.644s][info ][safepoint    ] Total time for which application threads were stopped: 0.0650760 seconds, Stopping threads took: 0.0251945 seconds
[34.068s][info ][safepoint    ] Application time: 0.4239437 seconds
[34.123s][info ][safepoint    ] Entering safepoint region: GenCollectForAllocation
[34.124s][info ][gc,start     ] GC(82) Pause Young (Allocation Failure)
[34.124s][info ][gc,task      ] GC(82) Using 4 workers of 4 for evacuation
[34.176s][debug][gc,ref       ] GC(82) Skipped phase1 of Reference Processing due to unavailable references
[34.176s][debug][gc,ref       ] GC(82) Skipped phase2 of Reference Processing due to unavailable references
[34.176s][debug][gc,ref       ] GC(82) Skipped phase3 of Reference Processing due to unavailable references
[34.176s][debug][gc,ref       ] GC(82) Skipped phase4 of Reference Processing due to unavailable references
[34.176s][debug][gc,age       ] GC(82) Desired survivor size 15368192 bytes, new threshold 6 (max threshold 6)
[34.176s][info ][gc,heap      ] GC(82) ParNew: 245142K->8406K(270336K)
[34.176s][info ][gc,heap      ] GC(82) CMS: 123758K->124116K(600768K)
[34.176s][info ][gc,metaspace ] GC(82) Metaspace: 36555K->36555K(1081344K)
[34.176s][info ][gc           ] GC(82) Pause Young (Allocation Failure) 360M->129M(850M) 52.392ms
[34.176s][info ][gc,cpu       ] GC(82) User=0.05s Sys=0.00s Real=0.06s
[34.176s][info ][safepoint    ] Leaving safepoint region
[34.176s][info ][safepoint    ] Total time for which application threads were stopped: 0.1079874 seconds, Stopping threads took: 0.0553504 seconds
[34.404s][info ][safepoint    ] Application time: 0.2277356 seconds
[34.436s][info ][safepoint    ] Entering safepoint region: GenCollectForAllocation
[34.436s][info ][gc,start     ] GC(83) Pause Young (Allocation Failure)
[34.436s][info ][gc,task      ] GC(83) Using 4 workers of 4 for evacuation
[34.469s][debug][gc,ref       ] GC(83) Skipped phase1 of Reference Processing due to unavailable references
[34.469s][debug][gc,ref       ] GC(83) Skipped phase2 of Reference Processing due to unavailable references
[34.469s][debug][gc,ref       ] GC(83) Skipped phase3 of Reference Processing due to unavailable references
[34.469s][debug][gc,ref       ] GC(83) Skipped phase4 of Reference Processing due to unavailable references
[34.469s][debug][gc,age       ] GC(83) Desired survivor size 15368192 bytes, new threshold 6 (max threshold 6)
[34.469s][info ][gc,heap      ] GC(83) ParNew: 248726K->10873K(270336K)
[34.469s][info ][gc,heap      ] GC(83) CMS: 124116K->124790K(600768K)
[34.469s][info ][gc,metaspace ] GC(83) Metaspace: 36555K->36555K(1081344K)
[34.469s][info ][gc           ] GC(83) Pause Young (Allocation Failure) 364M->132M(850M) 33.260ms
[34.469s][info ][gc,cpu       ] GC(83) User=0.04s Sys=0.01s Real=0.03s
[34.469s][info ][safepoint    ] Leaving safepoint region
[34.469s][info ][safepoint    ] Total time for which application threads were stopped: 0.0655066 seconds, Stopping threads took: 0.0320454 seconds
[34.711s][info ][safepoint    ] Application time: 0.2413118 seconds
[34.752s][info ][safepoint    ] Entering safepoint region: GenCollectForAllocation
[34.752s][info ][gc,start     ] GC(84) Pause Young (Allocation Failure)
[34.752s][info ][gc,task      ] GC(84) Using 4 workers of 4 for evacuation
[34.784s][debug][gc,ref       ] GC(84) Skipped phase1 of Reference Processing due to unavailable references
[34.784s][debug][gc,ref       ] GC(84) Skipped phase2 of Reference Processing due to unavailable references
[34.784s][debug][gc,ref       ] GC(84) Skipped phase3 of Reference Processing due to unavailable references
[34.784s][debug][gc,ref       ] GC(84) Skipped phase4 of Reference Processing due to unavailable references
[34.784s][debug][gc,age       ] GC(84) Desired survivor size 15368192 bytes, new threshold 6 (max threshold 6)
[34.784s][info ][gc,heap      ] GC(84) ParNew: 251193K->11739K(270336K)
[34.784s][info ][gc,heap      ] GC(84) CMS: 124790K->125585K(600768K)
[34.784s][info ][gc,metaspace ] GC(84) Metaspace: 36555K->36555K(1081344K)
[34.784s][info ][gc           ] GC(84) Pause Young (Allocation Failure) 367M->134M(850M) 32.278ms
[34.784s][info ][gc,cpu       ] GC(84) User=0.04s Sys=0.00s Real=0.03s
[34.785s][info ][safepoint    ] Leaving safepoint region
[34.785s][info ][safepoint    ] Total time for which application threads were stopped: 0.0738861 seconds, Stopping threads took: 0.0414033 seconds
[35.064s][info ][safepoint    ] Application time: 0.2798632 seconds
[35.081s][info ][safepoint    ] Entering safepoint region: GenCollectForAllocation
[35.081s][info ][gc,start     ] GC(85) Pause Young (Allocation Failure)
[35.081s][info ][gc,task      ] GC(85) Using 4 workers of 4 for evacuation
[35.102s][debug][gc,ref       ] GC(85) Skipped phase1 of Reference Processing due to unavailable references
[35.102s][debug][gc,ref       ] GC(85) Skipped phase2 of Reference Processing due to unavailable references
[35.102s][debug][gc,ref       ] GC(85) Skipped phase3 of Reference Processing due to unavailable references
[35.102s][debug][gc,ref       ] GC(85) Skipped phase4 of Reference Processing due to unavailable references
[35.102s][debug][gc,age       ] GC(85) Desired survivor size 15368192 bytes, new threshold 6 (max threshold 6)
[35.102s][info ][gc,heap      ] GC(85) ParNew: 252059K->8032K(270336K)
[35.102s][info ][gc,heap      ] GC(85) CMS: 125585K->126250K(600768K)
[35.102s][info ][gc,metaspace ] GC(85) Metaspace: 36555K->36555K(1081344K)
[35.102s][info ][gc           ] GC(85) Pause Young (Allocation Failure) 368M->131M(850M) 20.707ms
[35.102s][info ][gc,cpu       ] GC(85) User=0.04s Sys=0.00s Real=0.02s
[35.102s][info ][safepoint    ] Leaving safepoint region
[35.102s][info ][safepoint    ] Total time for which application threads were stopped: 0.0376636 seconds, Stopping threads took: 0.0167812 seconds
[35.342s][info ][safepoint    ] Application time: 0.2397915 seconds
[35.372s][info ][safepoint    ] Entering safepoint region: GenCollectForAllocation
[35.372s][info ][gc,start     ] GC(86) Pause Young (Allocation Failure)
[35.372s][info ][gc,task      ] GC(86) Using 4 workers of 4 for evacuation
[35.396s][debug][gc,ref       ] GC(86) Skipped phase1 of Reference Processing due to unavailable references
[35.396s][debug][gc,ref       ] GC(86) Skipped phase2 of Reference Processing due to unavailable references
[35.396s][debug][gc,ref       ] GC(86) Skipped phase3 of Reference Processing due to unavailable references
[35.396s][debug][gc,ref       ] GC(86) Skipped phase4 of Reference Processing due to unavailable references
[35.396s][debug][gc,age       ] GC(86) Desired survivor size 15368192 bytes, new threshold 6 (max threshold 6)
[35.396s][info ][gc,heap      ] GC(86) ParNew: 248352K->6630K(270336K)
[35.396s][info ][gc,heap      ] GC(86) CMS: 126250K->126496K(600768K)
[35.396s][info ][gc,metaspace ] GC(86) Metaspace: 36555K->36555K(1081344K)
[35.396s][info ][gc           ] GC(86) Pause Young (Allocation Failure) 365M->130M(850M) 24.093ms
[35.396s][info ][gc,cpu       ] GC(86) User=0.02s Sys=0.00s Real=0.02s
[35.396s][info ][safepoint    ] Leaving safepoint region
[35.396s][info ][safepoint    ] Total time for which application threads were stopped: 0.0541665 seconds, Stopping threads took: 0.0298715 seconds
[35.689s][info ][safepoint    ] Application time: 0.2930113 seconds
[35.724s][info ][safepoint    ] Entering safepoint region: GenCollectForAllocation
[35.724s][info ][gc,start     ] GC(87) Pause Young (Allocation Failure)
[35.724s][info ][gc,task      ] GC(87) Using 4 workers of 4 for evacuation
[35.760s][debug][gc,ref       ] GC(87) Skipped phase1 of Reference Processing due to unavailable references
[35.760s][debug][gc,ref       ] GC(87) Skipped phase2 of Reference Processing due to unavailable references
[35.760s][debug][gc,ref       ] GC(87) Skipped phase3 of Reference Processing due to unavailable references
[35.760s][debug][gc,ref       ] GC(87) Skipped phase4 of Reference Processing due to unavailable references
[35.760s][debug][gc,age       ] GC(87) Desired survivor size 15368192 bytes, new threshold 6 (max threshold 6)
[35.760s][info ][gc,heap      ] GC(87) ParNew: 246950K->6938K(270336K)
[35.760s][info ][gc,heap      ] GC(87) CMS: 126496K->126999K(600768K)
[35.760s][info ][gc,metaspace ] GC(87) Metaspace: 36555K->36555K(1081344K)
[35.760s][info ][gc           ] GC(87) Pause Young (Allocation Failure) 364M->130M(850M) 36.081ms
[35.760s][info ][gc,cpu       ] GC(87) User=0.03s Sys=0.00s Real=0.03s
[35.760s][info ][safepoint    ] Leaving safepoint region
[35.760s][info ][safepoint    ] Total time for which application threads were stopped: 0.0709510 seconds, Stopping threads took: 0.0347045 seconds
[36.017s][info ][safepoint    ] Application time: 0.2572621 seconds
[36.032s][info ][safepoint    ] Entering safepoint region: GenCollectForAllocation
[36.032s][info ][gc,start     ] GC(88) Pause Young (Allocation Failure)
[36.032s][info ][gc,task      ] GC(88) Using 4 workers of 4 for evacuation
[36.086s][debug][gc,ref       ] GC(88) Skipped phase1 of Reference Processing due to unavailable references
[36.086s][debug][gc,ref       ] GC(88) Skipped phase2 of Reference Processing due to unavailable references
[36.086s][debug][gc,ref       ] GC(88) Skipped phase3 of Reference Processing due to unavailable references
[36.086s][debug][gc,ref       ] GC(88) Skipped phase4 of Reference Processing due to unavailable references
[36.086s][debug][gc,age       ] GC(88) Desired survivor size 15368192 bytes, new threshold 6 (max threshold 6)
[36.086s][info ][gc,heap      ] GC(88) ParNew: 247258K->5387K(270336K)
[36.086s][info ][gc,heap      ] GC(88) CMS: 126999K->131611K(600768K)
[36.086s][info ][gc,metaspace ] GC(88) Metaspace: 36555K->36555K(1081344K)
[36.086s][info ][gc           ] GC(88) Pause Young (Allocation Failure) 365M->133M(850M) 54.232ms
[36.086s][info ][gc,cpu       ] GC(88) User=0.04s Sys=0.00s Real=0.05s
[36.086s][info ][safepoint    ] Leaving safepoint region
[36.086s][info ][safepoint    ] Total time for which application threads were stopped: 0.0688511 seconds, Stopping threads took: 0.0144411 seconds
[36.535s][info ][safepoint    ] Application time: 0.4485010 seconds
[37.089s][info ][safepoint    ] Entering safepoint region: GenCollectForAllocation
[37.090s][info ][gc,start     ] GC(89) Pause Young (Allocation Failure)
[37.090s][info ][gc,task      ] GC(89) Using 4 workers of 4 for evacuation
[37.100s][debug][gc,ref       ] GC(89) Skipped phase1 of Reference Processing due to unavailable references
[37.100s][debug][gc,ref       ] GC(89) Skipped phase2 of Reference Processing due to unavailable references
[37.100s][debug][gc,ref       ] GC(89) Skipped phase3 of Reference Processing due to unavailable references
[37.100s][debug][gc,ref       ] GC(89) Skipped phase4 of Reference Processing due to unavailable references
[37.100s][debug][gc,age       ] GC(89) Desired survivor size 15368192 bytes, new threshold 6 (max threshold 6)
[37.100s][info ][gc,heap      ] GC(89) ParNew: 245707K->2062K(270336K)
[37.100s][info ][gc,heap      ] GC(89) CMS: 131611K->131870K(600768K)
[37.100s][info ][gc,metaspace ] GC(89) Metaspace: 36555K->36555K(1081344K)
[37.100s][info ][gc           ] GC(89) Pause Young (Allocation Failure) 368M->130M(850M) 10.075ms
[37.100s][info ][gc,cpu       ] GC(89) User=0.01s Sys=0.00s Real=0.01s
[37.100s][info ][safepoint    ] Leaving safepoint region
[37.100s][info ][safepoint    ] Total time for which application threads were stopped: 0.0217043 seconds, Stopping threads took: 0.0114541 seconds
[37.284s][info ][safepoint    ] Application time: 0.1842774 seconds
[37.305s][info ][safepoint    ] Entering safepoint region: RevokeBias
[37.305s][info ][safepoint    ] Leaving safepoint region
[37.305s][info ][safepoint    ] Total time for which application threads were stopped: 0.0214153 seconds, Stopping threads took: 0.0212554 seconds
[37.327s][info ][safepoint    ] Application time: 0.0217447 seconds
[37.328s][info ][safepoint    ] Entering safepoint region: RevokeBias
[37.328s][info ][safepoint    ] Leaving safepoint region
[37.328s][info ][safepoint    ] Total time for which application threads were stopped: 0.0011961 seconds, Stopping threads took: 0.0010786 seconds
[37.457s][info ][safepoint    ] Application time: 0.1282698 seconds
[37.461s][info ][safepoint    ] Entering safepoint region: RevokeBias
[37.461s][info ][safepoint    ] Leaving safepoint region
[37.461s][info ][safepoint    ] Total time for which application threads were stopped: 0.0044350 seconds, Stopping threads took: 0.0042434 seconds
[37.854s][info ][safepoint    ] Application time: 0.3927297 seconds
[37.854s][info ][safepoint    ] Entering safepoint region: RevokeBias
[37.854s][info ][safepoint    ] Leaving safepoint region
[37.854s][info ][safepoint    ] Total time for which application threads were stopped: 0.0002959 seconds, Stopping threads took: 0.0001134 seconds
[38.561s][info ][safepoint    ] Application time: 0.7067333 seconds
[38.561s][info ][safepoint    ] Entering safepoint region: GenCollectForAllocation
[38.561s][info ][gc,start     ] GC(90) Pause Young (Allocation Failure)
[38.561s][info ][gc,task      ] GC(90) Using 4 workers of 4 for evacuation
[38.605s][debug][gc,ref       ] GC(90) Skipped phase1 of Reference Processing due to unavailable references
[38.605s][debug][gc,ref       ] GC(90) Skipped phase3 of Reference Processing due to unavailable references
[38.606s][debug][gc,age       ] GC(90) Desired survivor size 15368192 bytes, new threshold 6 (max threshold 6)
[38.606s][info ][gc,heap      ] GC(90) ParNew: 242382K->10402K(270336K)
[38.606s][info ][gc,heap      ] GC(90) CMS: 131870K->132002K(600768K)
[38.606s][info ][gc,metaspace ] GC(90) Metaspace: 37084K->37084K(1083392K)
[38.606s][info ][gc           ] GC(90) Pause Young (Allocation Failure) 365M->139M(850M) 44.427ms
[38.606s][info ][gc,cpu       ] GC(90) User=0.04s Sys=0.00s Real=0.05s
[38.606s][info ][safepoint    ] Leaving safepoint region
[38.606s][info ][safepoint    ] Total time for which application threads were stopped: 0.0446091 seconds, Stopping threads took: 0.0000155 seconds
[38.838s][info ][safepoint    ] Application time: 0.2328024 seconds
[38.838s][info ][safepoint    ] Entering safepoint region: RevokeBias
[38.839s][info ][safepoint    ] Leaving safepoint region
[38.839s][info ][safepoint    ] Total time for which application threads were stopped: 0.0001188 seconds, Stopping threads took: 0.0000150 seconds
[39.334s][info ][safepoint    ] Application time: 0.4952640 seconds
[39.334s][info ][safepoint    ] Entering safepoint region: RevokeBias
[39.334s][info ][safepoint    ] Leaving safepoint region
[39.334s][info ][safepoint    ] Total time for which application threads were stopped: 0.0001632 seconds, Stopping threads took: 0.0000286 seconds
[39.335s][info ][safepoint    ] Application time: 0.0010575 seconds
[39.335s][info ][safepoint    ] Entering safepoint region: RevokeBias
[39.335s][info ][safepoint    ] Leaving safepoint region
[39.335s][info ][safepoint    ] Total time for which application threads were stopped: 0.0000398 seconds, Stopping threads took: 0.0000183 seconds
[39.335s][info ][safepoint    ] Application time: 0.0000915 seconds
[39.335s][info ][safepoint    ] Entering safepoint region: RevokeBias
[39.335s][info ][safepoint    ] Leaving safepoint region
[39.335s][info ][safepoint    ] Total time for which application threads were stopped: 0.0000331 seconds, Stopping threads took: 0.0000151 seconds
[39.348s][info ][safepoint    ] Application time: 0.0124560 seconds
[39.348s][info ][safepoint    ] Entering safepoint region: RevokeBias
[39.348s][info ][safepoint    ] Leaving safepoint region
[39.348s][info ][safepoint    ] Total time for which application threads were stopped: 0.0000782 seconds, Stopping threads took: 0.0000274 seconds
[39.367s][info ][safepoint    ] Application time: 0.0189690 seconds
[39.367s][info ][safepoint    ] Entering safepoint region: Deoptimize
[39.368s][info ][safepoint    ] Leaving safepoint region
[39.368s][info ][safepoint    ] Total time for which application threads were stopped: 0.0006726 seconds, Stopping threads took: 0.0000259 seconds
[39.381s][info ][safepoint    ] Application time: 0.0137590 seconds
[39.381s][info ][safepoint    ] Entering safepoint region: RevokeBias
[39.381s][info ][safepoint    ] Leaving safepoint region
[39.381s][info ][safepoint    ] Total time for which application threads were stopped: 0.0000887 seconds, Stopping threads took: 0.0000325 seconds
[39.383s][info ][safepoint    ] Application time: 0.0015292 seconds
[39.383s][info ][safepoint    ] Entering safepoint region: RevokeBias
[39.383s][info ][safepoint    ] Leaving safepoint region
[39.383s][info ][safepoint    ] Total time for which application threads were stopped: 0.0000490 seconds, Stopping threads took: 0.0000216 seconds
[39.383s][info ][safepoint    ] Application time: 0.0000312 seconds
[39.383s][info ][safepoint    ] Entering safepoint region: RevokeBias
[39.383s][info ][safepoint    ] Leaving safepoint region
[39.383s][info ][safepoint    ] Total time for which application threads were stopped: 0.0000297 seconds, Stopping threads took: 0.0000138 seconds
[39.384s][info ][safepoint    ] Application time: 0.0004815 seconds
[39.384s][info ][safepoint    ] Entering safepoint region: Deoptimize
[39.384s][info ][safepoint    ] Leaving safepoint region
[39.384s][info ][safepoint    ] Total time for which application threads were stopped: 0.0007403 seconds, Stopping threads took: 0.0000178 seconds
[39.389s][info ][safepoint    ] Application time: 0.0046033 seconds
[39.389s][info ][safepoint    ] Entering safepoint region: BulkRevokeBias
[39.389s][info ][safepoint    ] Leaving safepoint region
[39.389s][info ][safepoint    ] Total time for which application threads were stopped: 0.0001698 seconds, Stopping threads took: 0.0000231 seconds
[39.438s][info ][safepoint    ] Application time: 0.0492300 seconds
[39.438s][info ][safepoint    ] Entering safepoint region: Deoptimize
[39.439s][info ][safepoint    ] Leaving safepoint region
[39.439s][info ][safepoint    ] Total time for which application threads were stopped: 0.0007116 seconds, Stopping threads took: 0.0000136 seconds
[39.477s][info ][safepoint    ] Application time: 0.0379125 seconds
[39.477s][info ][safepoint    ] Entering safepoint region: BulkRevokeBias
[39.477s][info ][safepoint    ] Leaving safepoint region
[39.477s][info ][safepoint    ] Total time for which application threads were stopped: 0.0002172 seconds, Stopping threads took: 0.0000154 seconds
[39.616s][info ][safepoint    ] Application time: 0.1387572 seconds
[39.624s][info ][safepoint    ] Entering safepoint region: Deoptimize
[39.624s][info ][safepoint    ] Leaving safepoint region
[39.624s][info ][safepoint    ] Total time for which application threads were stopped: 0.0084653 seconds, Stopping threads took: 0.0077409 seconds
[39.733s][info ][safepoint    ] Application time: 0.1086367 seconds
[39.733s][info ][safepoint    ] Entering safepoint region: RevokeBias
[39.733s][info ][safepoint    ] Leaving safepoint region
[39.733s][info ][safepoint    ] Total time for which application threads were stopped: 0.0001054 seconds, Stopping threads took: 0.0000244 seconds
[39.733s][info ][safepoint    ] Application time: 0.0000473 seconds
[39.733s][info ][safepoint    ] Entering safepoint region: RevokeBias
[39.733s][info ][safepoint    ] Leaving safepoint region
[39.733s][info ][safepoint    ] Total time for which application threads were stopped: 0.0000304 seconds, Stopping threads took: 0.0000067 seconds
[40.102s][info ][safepoint    ] Application time: 0.3691215 seconds
[40.103s][info ][safepoint    ] Entering safepoint region: ICBufferFull
[40.103s][info ][safepoint    ] Leaving safepoint region
[40.103s][info ][safepoint    ] Total time for which application threads were stopped: 0.0001634 seconds, Stopping threads took: 0.0000236 seconds
[40.416s][info ][safepoint    ] Application time: 0.3130575 seconds
[40.416s][info ][safepoint    ] Entering safepoint region: ICBufferFull
[40.416s][info ][safepoint    ] Leaving safepoint region
[40.416s][info ][safepoint    ] Total time for which application threads were stopped: 0.0001500 seconds, Stopping threads took: 0.0000153 seconds
[41.091s][info ][safepoint    ] Application time: 0.6750631 seconds
[41.091s][info ][safepoint    ] Entering safepoint region: ICBufferFull
[41.091s][info ][safepoint    ] Leaving safepoint region
[41.091s][info ][safepoint    ] Total time for which application threads were stopped: 0.0001831 seconds, Stopping threads took: 0.0000262 seconds
[42.001s][info ][safepoint    ] Application time: 0.9103025 seconds
[42.002s][info ][safepoint    ] Entering safepoint region: ICBufferFull
[42.002s][info ][safepoint    ] Leaving safepoint region
[42.002s][info ][safepoint    ] Total time for which application threads were stopped: 0.0001889 seconds, Stopping threads took: 0.0000160 seconds
[42.532s][info ][safepoint    ] Application time: 0.5300185 seconds
[42.532s][info ][safepoint    ] Entering safepoint region: RevokeBias
[42.532s][info ][safepoint    ] Leaving safepoint region
[42.532s][info ][safepoint    ] Total time for which application threads were stopped: 0.0001421 seconds, Stopping threads took: 0.0000153 seconds
[42.614s][info ][safepoint    ] Application time: 0.0816698 seconds
[42.628s][info ][safepoint    ] Entering safepoint region: Deoptimize
[42.629s][info ][safepoint    ] Leaving safepoint region
[42.629s][info ][safepoint    ] Total time for which application threads were stopped: 0.0152918 seconds, Stopping threads took: 0.0143607 seconds
[42.639s][info ][safepoint    ] Application time: 0.0097202 seconds
[42.639s][info ][safepoint    ] Entering safepoint region: CollectForMetadataAllocation
[42.639s][info ][safepoint    ] Leaving safepoint region
[42.639s][info ][safepoint    ] Total time for which application threads were stopped: 0.0005077 seconds, Stopping threads took: 0.0003674 seconds
[42.657s][info ][safepoint    ] Application time: 0.0178107 seconds
[42.657s][info ][safepoint    ] Entering safepoint region: RevokeBias
[42.657s][info ][safepoint    ] Leaving safepoint region
[42.657s][info ][safepoint    ] Total time for which application threads were stopped: 0.0001422 seconds, Stopping threads took: 0.0000358 seconds
[42.733s][info ][safepoint    ] Application time: 0.0761965 seconds
[42.733s][info ][safepoint    ] Entering safepoint region: GenCollectForAllocation
[42.734s][info ][gc,start     ] GC(91) Pause Young (Allocation Failure)
[42.734s][info ][gc,task      ] GC(91) Using 4 workers of 4 for evacuation
[42.953s][debug][gc,ref       ] GC(91) Skipped phase1 of Reference Processing due to unavailable references
[42.953s][debug][gc,ref       ] GC(91) Skipped phase3 of Reference Processing due to unavailable references
[42.953s][debug][gc,age       ] GC(91) Desired survivor size 15368192 bytes, new threshold 1 (max threshold 6)
[42.953s][info ][gc,heap      ] GC(91) ParNew: 250722K->30016K(270336K)
[42.953s][info ][gc,heap      ] GC(91) CMS: 132002K->178823K(600768K)
[42.953s][info ][gc,metaspace ] GC(91) Metaspace: 42585K->42585K(1087488K)
[42.953s][info ][gc           ] GC(91) Pause Young (Allocation Failure) 373M->203M(850M) 219.595ms
[42.953s][info ][gc,cpu       ] GC(91) User=0.24s Sys=0.02s Real=0.22s
[42.953s][info ][safepoint    ] Leaving safepoint region
[42.953s][info ][safepoint    ] Total time for which application threads were stopped: 0.2199110 seconds, Stopping threads took: 0.0001471 seconds
[42.956s][info ][safepoint    ] Application time: 0.0025005 seconds
[42.956s][info ][safepoint    ] Entering safepoint region: CMS_Initial_Mark
[42.956s][info ][gc,start     ] GC(92) Pause Initial Mark
[42.979s][info ][gc           ] GC(92) Pause Initial Mark 205M->205M(850M) 23.057ms
[42.979s][info ][gc,cpu       ] GC(92) User=0.02s Sys=0.00s Real=0.02s
[42.979s][info ][safepoint    ] Leaving safepoint region
[42.979s][info ][safepoint    ] Total time for which application threads were stopped: 0.0232128 seconds, Stopping threads took: 0.0000310 seconds
[42.979s][info ][gc           ] GC(92) Concurrent Mark
[43.232s][info ][gc           ] GC(92) Concurrent Mark 252.695ms
[43.232s][info ][gc,cpu       ] GC(92) User=0.53s Sys=0.01s Real=0.26s
[43.232s][info ][gc           ] GC(92) Concurrent Preclean
[43.232s][debug][gc,ref       ] GC(92) Preclean SoftReferences 0.001ms
[43.232s][debug][gc,ref       ] GC(92) Preclean WeakReferences 0.015ms
[43.232s][debug][gc,ref       ] GC(92) Preclean FinalReferences 0.001ms
[43.232s][debug][gc,ref       ] GC(92) Preclean PhantomReferences 0.002ms
[43.233s][info ][gc           ] GC(92) Concurrent Preclean 1.503ms
[43.233s][info ][gc,cpu       ] GC(92) User=0.00s Sys=0.00s Real=0.00s
[43.233s][info ][gc           ] GC(92) Concurrent Abortable Preclean
[43.323s][info ][safepoint    ] Application time: 0.3439168 seconds
[43.333s][info ][safepoint    ] Entering safepoint region: CollectForMetadataAllocation
[43.333s][info ][safepoint    ] Leaving safepoint region
[43.333s][info ][safepoint    ] Total time for which application threads were stopped: 0.0103776 seconds, Stopping threads took: 0.0101869 seconds
[43.352s][info ][safepoint    ] Application time: 0.0185010 seconds
[43.352s][info ][safepoint    ] Entering safepoint region: CollectForMetadataAllocation
[43.352s][info ][safepoint    ] Leaving safepoint region
[43.352s][info ][safepoint    ] Total time for which application threads were stopped: 0.0001471 seconds, Stopping threads took: 0.0000524 seconds
[43.647s][info ][safepoint    ] Application time: 0.2952103 seconds
[43.647s][info ][safepoint    ] Entering safepoint region: CollectForMetadataAllocation
[43.647s][info ][safepoint    ] Leaving safepoint region
[43.647s][info ][safepoint    ] Total time for which application threads were stopped: 0.0002216 seconds, Stopping threads took: 0.0000144 seconds
[43.671s][info ][safepoint    ] Application time: 0.0239279 seconds
[43.671s][info ][safepoint    ] Entering safepoint region: CollectForMetadataAllocation
[43.671s][info ][safepoint    ] Leaving safepoint region
[43.672s][info ][safepoint    ] Total time for which application threads were stopped: 0.0001009 seconds, Stopping threads took: 0.0000161 seconds
[43.678s][info ][safepoint    ] Application time: 0.0062539 seconds
[43.678s][info ][safepoint    ] Entering safepoint region: Deoptimize
[43.679s][info ][safepoint    ] Leaving safepoint region
[43.679s][info ][safepoint    ] Total time for which application threads were stopped: 0.0008744 seconds, Stopping threads took: 0.0000145 seconds
[43.682s][info ][safepoint    ] Application time: 0.0030505 seconds
[43.682s][info ][safepoint    ] Entering safepoint region: RevokeBias
[43.682s][info ][safepoint    ] Leaving safepoint region
[43.682s][info ][safepoint    ] Total time for which application threads were stopped: 0.0000654 seconds, Stopping threads took: 0.0000103 seconds
[43.734s][info ][safepoint    ] Application time: 0.0519371 seconds
[43.734s][info ][safepoint    ] Entering safepoint region: CollectForMetadataAllocation
[43.734s][info ][safepoint    ] Leaving safepoint region
[43.734s][info ][safepoint    ] Total time for which application threads were stopped: 0.0001337 seconds, Stopping threads took: 0.0000162 seconds
[44.103s][info ][safepoint    ] Application time: 0.3692753 seconds
[44.103s][info ][safepoint    ] Entering safepoint region: CollectForMetadataAllocation
[44.103s][info ][safepoint    ] Leaving safepoint region
[44.103s][info ][safepoint    ] Total time for which application threads were stopped: 0.0001193 seconds, Stopping threads took: 0.0000151 seconds
[44.111s][info ][safepoint    ] Application time: 0.0077049 seconds
[44.111s][info ][safepoint    ] Entering safepoint region: Deoptimize
[44.113s][info ][safepoint    ] Leaving safepoint region
[44.113s][info ][safepoint    ] Total time for which application threads were stopped: 0.0016417 seconds, Stopping threads took: 0.0000649 seconds
[44.196s][info ][safepoint    ] Application time: 0.0831126 seconds
[44.196s][info ][safepoint    ] Entering safepoint region: CollectForMetadataAllocation
[44.196s][info ][safepoint    ] Leaving safepoint region
[44.196s][info ][safepoint    ] Total time for which application threads were stopped: 0.0001888 seconds, Stopping threads took: 0.0000185 seconds
[44.348s][info ][safepoint    ] Application time: 0.1517030 seconds
[44.348s][info ][safepoint    ] Entering safepoint region: CollectForMetadataAllocation
[44.348s][info ][safepoint    ] Leaving safepoint region
[44.348s][info ][safepoint    ] Total time for which application threads were stopped: 0.0001900 seconds, Stopping threads took: 0.0000179 seconds
[44.350s][info ][safepoint    ] Application time: 0.0024821 seconds
[44.350s][info ][safepoint    ] Entering safepoint region: CollectForMetadataAllocation
[44.351s][info ][safepoint    ] Leaving safepoint region
[44.351s][info ][safepoint    ] Total time for which application threads were stopped: 0.0000560 seconds, Stopping threads took: 0.0000105 seconds
[44.427s][info ][safepoint    ] Application time: 0.0766586 seconds
[44.427s][info ][safepoint    ] Entering safepoint region: Deoptimize
[44.428s][info ][safepoint    ] Leaving safepoint region
[44.428s][info ][safepoint    ] Total time for which application threads were stopped: 0.0012576 seconds, Stopping threads took: 0.0000167 seconds
[44.442s][info ][safepoint    ] Application time: 0.0131068 seconds
[44.442s][info ][safepoint    ] Entering safepoint region: Deoptimize
[44.443s][info ][safepoint    ] Leaving safepoint region
[44.443s][info ][safepoint    ] Total time for which application threads were stopped: 0.0009868 seconds, Stopping threads took: 0.0000179 seconds
[44.560s][info ][safepoint    ] Application time: 0.1171658 seconds
[44.561s][info ][safepoint    ] Entering safepoint region: CollectForMetadataAllocation
[44.561s][info ][safepoint    ] Leaving safepoint region
[44.561s][info ][safepoint    ] Total time for which application threads were stopped: 0.0015904 seconds, Stopping threads took: 0.0014066 seconds
[44.930s][info ][safepoint    ] Application time: 0.3688967 seconds
[44.936s][info ][safepoint    ] Entering safepoint region: ICBufferFull
[44.936s][info ][safepoint    ] Leaving safepoint region
[44.936s][info ][safepoint    ] Total time for which application threads were stopped: 0.0056534 seconds, Stopping threads took: 0.0054582 seconds
[45.036s][info ][safepoint    ] Application time: 0.0997731 seconds
[45.040s][info ][safepoint    ] Entering safepoint region: CollectForMetadataAllocation
[45.040s][info ][safepoint    ] Leaving safepoint region
[45.040s][info ][safepoint    ] Total time for which application threads were stopped: 0.0042131 seconds, Stopping threads took: 0.0040039 seconds
[45.240s][info ][safepoint    ] Application time: 0.1998347 seconds
[45.240s][info ][safepoint    ] Entering safepoint region: ICBufferFull
[45.240s][info ][safepoint    ] Leaving safepoint region
[45.240s][info ][safepoint    ] Total time for which application threads were stopped: 0.0004504 seconds, Stopping threads took: 0.0000193 seconds
[45.320s][info ][safepoint    ] Application time: 0.0795005 seconds
[45.320s][info ][safepoint    ] Entering safepoint region: ICBufferFull
[45.320s][info ][safepoint    ] Leaving safepoint region
[45.320s][info ][safepoint    ] Total time for which application threads were stopped: 0.0001820 seconds, Stopping threads took: 0.0000222 seconds
[45.590s][info ][safepoint    ] Application time: 0.2697519 seconds
[45.590s][info ][safepoint    ] Entering safepoint region: ICBufferFull
[45.590s][info ][safepoint    ] Leaving safepoint region
[45.590s][info ][safepoint    ] Total time for which application threads were stopped: 0.0001906 seconds, Stopping threads took: 0.0000152 seconds
[45.712s][info ][safepoint    ] Application time: 0.1224455 seconds
[45.720s][info ][safepoint    ] Entering safepoint region: ICBufferFull
[45.720s][info ][safepoint    ] Leaving safepoint region
[45.720s][info ][safepoint    ] Total time for which application threads were stopped: 0.0076380 seconds, Stopping threads took: 0.0074468 seconds
[45.942s][info ][safepoint    ] Application time: 0.2214089 seconds
[45.942s][info ][safepoint    ] Entering safepoint region: ICBufferFull
[45.942s][info ][safepoint    ] Leaving safepoint region
[45.942s][info ][safepoint    ] Total time for which application threads were stopped: 0.0001811 seconds, Stopping threads took: 0.0000284 seconds
[46.386s][info ][gc           ] GC(92) Concurrent Abortable Preclean 3152.515ms
[46.386s][info ][gc,cpu       ] GC(92) User=5.27s Sys=0.15s Real=3.15s
[46.386s][info ][safepoint    ] Application time: 0.4441846 seconds
[46.386s][info ][safepoint    ] Entering safepoint region: CMS_Final_Remark
[46.386s][info ][gc,start     ] GC(92) Pause Remark
[46.476s][debug][gc,phases    ] GC(92) Rescan (parallel) 89.599ms
[46.476s][debug][gc,ref       ] GC(92) Skipped phase1 of Reference Processing due to unavailable references
[46.476s][debug][gc,ref       ] GC(92) Skipped phase2 of Reference Processing due to unavailable references
[46.476s][debug][gc,ref       ] GC(92) Skipped phase3 of Reference Processing due to unavailable references
[46.476s][debug][gc,ref       ] GC(92) Skipped phase4 of Reference Processing due to unavailable references
[46.476s][debug][gc,phases    ] GC(92) Reference Processing 0.035ms
[46.476s][debug][gc,phases    ] GC(92) Weak Processing 0.109ms
[46.477s][debug][gc,phases    ] GC(92) ClassLoaderData 1.083ms
[46.477s][debug][gc,phases    ] GC(92) Dictionary 0.020ms
[46.477s][debug][gc,phases    ] GC(92) ProtectionDomainCacheTable 0.004ms
[46.477s][debug][gc,phases    ] GC(92) ResolvedMethodTable 0.136ms
[46.514s][debug][gc,phases    ] GC(92) Class Unloading 37.647ms
[46.517s][debug][gc,phases    ] GC(92) Scrub Symbol Table 3.057ms
[46.517s][debug][gc,phases    ] GC(92) Scrub String Table 0.321ms
[46.518s][info ][gc           ] GC(92) Pause Remark 334M->334M(850M) 131.515ms
[46.518s][info ][gc,cpu       ] GC(92) User=0.14s Sys=0.00s Real=0.13s
[46.518s][info ][safepoint    ] Leaving safepoint region
[46.518s][info ][safepoint    ] Total time for which application threads were stopped: 0.1317813 seconds, Stopping threads took: 0.0000601 seconds
[46.518s][info ][gc           ] GC(92) Concurrent Sweep
[46.528s][info ][safepoint    ] Application time: 0.0100418 seconds
[46.528s][info ][safepoint    ] Entering safepoint region: ICBufferFull
[46.528s][info ][safepoint    ] Leaving safepoint region
[46.528s][info ][safepoint    ] Total time for which application threads were stopped: 0.0002183 seconds, Stopping threads took: 0.0000164 seconds
[46.639s][info ][gc           ] GC(92) Concurrent Sweep 121.305ms
[46.639s][info ][gc,cpu       ] GC(92) User=0.18s Sys=0.00s Real=0.12s
[46.639s][info ][gc           ] GC(92) Concurrent Reset
[46.655s][info ][gc           ] GC(92) Concurrent Reset 15.586ms
[46.655s][info ][gc,cpu       ] GC(92) User=0.02s Sys=0.00s Real=0.02s
[46.655s][info ][gc,heap      ] GC(92) Old: 178823K->173480K(600768K)
[47.021s][info ][safepoint    ] Application time: 0.4930686 seconds
[47.021s][info ][safepoint    ] Entering safepoint region: ICBufferFull
[47.021s][info ][safepoint    ] Leaving safepoint region
[47.021s][info ][safepoint    ] Total time for which application threads were stopped: 0.0003944 seconds, Stopping threads took: 0.0000163 seconds
[47.239s][info ][safepoint    ] Application time: 0.2173048 seconds
[47.239s][info ][safepoint    ] Entering safepoint region: ICBufferFull
[47.239s][info ][safepoint    ] Leaving safepoint region
[47.239s][info ][safepoint    ] Total time for which application threads were stopped: 0.0001704 seconds, Stopping threads took: 0.0000168 seconds
[47.350s][info ][safepoint    ] Application time: 0.1108281 seconds
[47.356s][info ][safepoint    ] Entering safepoint region: ICBufferFull
[47.356s][info ][safepoint    ] Leaving safepoint region
[47.356s][info ][safepoint    ] Total time for which application threads were stopped: 0.0061014 seconds, Stopping threads took: 0.0058915 seconds
[47.838s][info ][safepoint    ] Application time: 0.4823001 seconds
[47.838s][info ][safepoint    ] Entering safepoint region: ICBufferFull
[47.838s][info ][safepoint    ] Leaving safepoint region
[47.838s][info ][safepoint    ] Total time for which application threads were stopped: 0.0001936 seconds, Stopping threads took: 0.0000161 seconds
[48.844s][info ][safepoint    ] Application time: 1.0052968 seconds
[48.848s][info ][safepoint    ] Entering safepoint region: Cleanup
[48.848s][info ][safepoint    ] Leaving safepoint region
[48.848s][info ][safepoint    ] Total time for which application threads were stopped: 0.0041464 seconds, Stopping threads took: 0.0039345 seconds
[49.422s][info ][safepoint    ] Application time: 0.5737687 seconds
[49.422s][info ][safepoint    ] Entering safepoint region: GenCollectForAllocation
[49.422s][info ][gc,start     ] GC(93) Pause Young (Allocation Failure)
[49.422s][info ][gc,task      ] GC(93) Using 4 workers of 4 for evacuation
[49.520s][debug][gc,ref       ] GC(93) Skipped phase1 of Reference Processing due to unavailable references
[49.520s][debug][gc,ref       ] GC(93) Skipped phase3 of Reference Processing due to unavailable references
[49.520s][debug][gc,age       ] GC(93) Desired survivor size 15368192 bytes, new threshold 6 (max threshold 6)
[49.520s][info ][gc,heap      ] GC(93) ParNew: 270336K->24443K(270336K)
[49.520s][info ][gc,heap      ] GC(93) CMS: 173480K->188584K(600768K)
[49.520s][info ][gc,metaspace ] GC(93) Metaspace: 45792K->45792K(1091584K)
[49.520s][info ][gc           ] GC(93) Pause Young (Allocation Failure) 433M->208M(850M) 98.252ms
[49.520s][info ][gc,cpu       ] GC(93) User=0.08s Sys=0.01s Real=0.10s
[49.520s][info ][safepoint    ] Leaving safepoint region
[49.520s][info ][safepoint    ] Total time for which application threads were stopped: 0.0984754 seconds, Stopping threads took: 0.0000578 seconds
[50.520s][info ][safepoint    ] Application time: 1.0001023 seconds
[50.520s][info ][safepoint    ] Entering safepoint region: Cleanup
[50.521s][info ][safepoint    ] Leaving safepoint region
[50.521s][info ][safepoint    ] Total time for which application threads were stopped: 0.0002405 seconds, Stopping threads took: 0.0000165 seconds
[51.124s][info ][safepoint    ] Application time: 0.6031039 seconds
[51.132s][info ][safepoint    ] Entering safepoint region: RevokeBias
[51.132s][info ][safepoint    ] Leaving safepoint region
[51.132s][info ][safepoint    ] Total time for which application threads were stopped: 0.0081583 seconds, Stopping threads took: 0.0080100 seconds
[51.139s][info ][safepoint    ] Application time: 0.0072655 seconds
[51.139s][info ][safepoint    ] Entering safepoint region: RevokeBias
[51.139s][info ][safepoint    ] Leaving safepoint region
[51.139s][info ][safepoint    ] Total time for which application threads were stopped: 0.0000876 seconds, Stopping threads took: 0.0000157 seconds
[51.140s][info ][safepoint    ] Application time: 0.0004251 seconds
[51.140s][info ][safepoint    ] Entering safepoint region: RevokeBias
[51.140s][info ][safepoint    ] Leaving safepoint region
[51.140s][info ][safepoint    ] Total time for which application threads were stopped: 0.0000634 seconds, Stopping threads took: 0.0000233 seconds
[51.182s][info ][safepoint    ] Application time: 0.0417823 seconds
[51.182s][info ][safepoint    ] Entering safepoint region: Deoptimize
[51.183s][info ][safepoint    ] Leaving safepoint region
[51.183s][info ][safepoint    ] Total time for which application threads were stopped: 0.0011262 seconds, Stopping threads took: 0.0000428 seconds
[51.185s][info ][safepoint    ] Application time: 0.0026043 seconds
[51.185s][info ][safepoint    ] Entering safepoint region: RevokeBias
[51.185s][info ][safepoint    ] Leaving safepoint region
[51.185s][info ][safepoint    ] Total time for which application threads were stopped: 0.0001068 seconds, Stopping threads took: 0.0000246 seconds
[51.204s][info ][safepoint    ] Application time: 0.0181759 seconds
[51.204s][info ][safepoint    ] Entering safepoint region: RevokeBias
[51.204s][info ][safepoint    ] Leaving safepoint region
[51.204s][info ][safepoint    ] Total time for which application threads were stopped: 0.0002846 seconds, Stopping threads took: 0.0001971 seconds
[51.206s][info ][safepoint    ] Application time: 0.0019503 seconds
[51.206s][info ][safepoint    ] Entering safepoint region: RevokeBias
[51.206s][info ][safepoint    ] Leaving safepoint region
[51.206s][info ][safepoint    ] Total time for which application threads were stopped: 0.0000791 seconds, Stopping threads took: 0.0000215 seconds
[51.392s][info ][safepoint    ] Application time: 0.1863033 seconds
[51.396s][info ][safepoint    ] Entering safepoint region: RevokeBias
[51.396s][info ][safepoint    ] Leaving safepoint region
[51.396s][info ][safepoint    ] Total time for which application threads were stopped: 0.0038138 seconds, Stopping threads took: 0.0034018 seconds
[51.402s][info ][safepoint    ] Application time: 0.0058074 seconds
[51.402s][info ][safepoint    ] Entering safepoint region: RevokeBias
[51.402s][info ][safepoint    ] Leaving safepoint region
[51.402s][info ][safepoint    ] Total time for which application threads were stopped: 0.0002330 seconds, Stopping threads took: 0.0000342 seconds
[51.437s][info ][safepoint    ] Application time: 0.0351782 seconds
[51.437s][info ][safepoint    ] Entering safepoint region: Deoptimize
[51.439s][info ][safepoint    ] Leaving safepoint region
[51.439s][info ][safepoint    ] Total time for which application threads were stopped: 0.0015879 seconds, Stopping threads took: 0.0000160 seconds
[51.445s][info ][safepoint    ] Application time: 0.0056064 seconds
[51.445s][info ][safepoint    ] Entering safepoint region: RevokeBias
[51.445s][info ][safepoint    ] Leaving safepoint region
[51.445s][info ][safepoint    ] Total time for which application threads were stopped: 0.0000751 seconds, Stopping threads took: 0.0000161 seconds
[51.451s][info ][safepoint    ] Application time: 0.0061743 seconds
[51.451s][info ][safepoint    ] Entering safepoint region: RevokeBias
[51.451s][info ][safepoint    ] Leaving safepoint region
[51.451s][info ][safepoint    ] Total time for which application threads were stopped: 0.0000987 seconds, Stopping threads took: 0.0000318 seconds
[51.453s][info ][safepoint    ] Application time: 0.0019729 seconds
[51.453s][info ][safepoint    ] Entering safepoint region: RevokeBias
[51.453s][info ][safepoint    ] Leaving safepoint region
[51.453s][info ][safepoint    ] Total time for which application threads were stopped: 0.0000680 seconds, Stopping threads took: 0.0000248 seconds
[51.453s][info ][safepoint    ] Application time: 0.0000283 seconds
[51.453s][info ][safepoint    ] Entering safepoint region: RevokeBias
[51.453s][info ][safepoint    ] Leaving safepoint region
[51.453s][info ][safepoint    ] Total time for which application threads were stopped: 0.0000366 seconds, Stopping threads took: 0.0000138 seconds
[51.459s][info ][safepoint    ] Application time: 0.0057496 seconds
[51.459s][info ][safepoint    ] Entering safepoint region: RevokeBias
[51.459s][info ][safepoint    ] Leaving safepoint region
[51.459s][info ][safepoint    ] Total time for which application threads were stopped: 0.0000765 seconds, Stopping threads took: 0.0000151 seconds
[51.470s][info ][safepoint    ] Application time: 0.0106779 seconds
[51.470s][info ][safepoint    ] Entering safepoint region: RevokeBias
[51.470s][info ][safepoint    ] Leaving safepoint region
[51.470s][info ][safepoint    ] Total time for which application threads were stopped: 0.0001178 seconds, Stopping threads took: 0.0000384 seconds
[51.517s][info ][safepoint    ] Application time: 0.0473217 seconds
[51.517s][info ][safepoint    ] Entering safepoint region: RevokeBias
[51.517s][info ][safepoint    ] Leaving safepoint region
[51.517s][info ][safepoint    ] Total time for which application threads were stopped: 0.0001363 seconds, Stopping threads took: 0.0000635 seconds
[51.521s][info ][safepoint    ] Application time: 0.0035532 seconds
[51.521s][info ][safepoint    ] Entering safepoint region: RevokeBias
[51.521s][info ][safepoint    ] Leaving safepoint region
[51.521s][info ][safepoint    ] Total time for which application threads were stopped: 0.0001075 seconds, Stopping threads took: 0.0000450 seconds
[51.565s][info ][safepoint    ] Application time: 0.0436101 seconds
[51.565s][info ][safepoint    ] Entering safepoint region: Deoptimize
[51.566s][info ][safepoint    ] Leaving safepoint region
[51.566s][info ][safepoint    ] Total time for which application threads were stopped: 0.0011893 seconds, Stopping threads took: 0.0000285 seconds
[51.622s][info ][safepoint    ] Application time: 0.0564452 seconds
[51.622s][info ][safepoint    ] Entering safepoint region: Deoptimize
[51.624s][info ][safepoint    ] Leaving safepoint region
[51.624s][info ][safepoint    ] Total time for which application threads were stopped: 0.0012239 seconds, Stopping threads took: 0.0000294 seconds
[51.692s][info ][safepoint    ] Application time: 0.0683749 seconds
[51.692s][info ][safepoint    ] Entering safepoint region: RevokeBias
[51.692s][info ][safepoint    ] Leaving safepoint region
[51.692s][info ][safepoint    ] Total time for which application threads were stopped: 0.0001498 seconds, Stopping threads took: 0.0000281 seconds
[51.864s][info ][safepoint    ] Application time: 0.1718182 seconds
[51.864s][info ][safepoint    ] Entering safepoint region: RevokeBias
[51.864s][info ][safepoint    ] Leaving safepoint region
[51.864s][info ][safepoint    ] Total time for which application threads were stopped: 0.0002370 seconds, Stopping threads took: 0.0000982 seconds
[51.983s][info ][safepoint    ] Application time: 0.1184037 seconds
[51.983s][info ][safepoint    ] Entering safepoint region: Deoptimize
[51.984s][info ][safepoint    ] Leaving safepoint region
[51.984s][info ][safepoint    ] Total time for which application threads were stopped: 0.0012313 seconds, Stopping threads took: 0.0000522 seconds
[51.984s][info ][safepoint    ] Application time: 0.0002940 seconds
[51.984s][info ][safepoint    ] Entering safepoint region: Deoptimize
[51.985s][info ][safepoint    ] Leaving safepoint region
[51.985s][info ][safepoint    ] Total time for which application threads were stopped: 0.0004498 seconds, Stopping threads took: 0.0000199 seconds
[51.986s][info ][safepoint    ] Application time: 0.0010325 seconds
[51.986s][info ][safepoint    ] Entering safepoint region: RevokeBias
[51.986s][info ][safepoint    ] Leaving safepoint region
[51.986s][info ][safepoint    ] Total time for which application threads were stopped: 0.0000664 seconds, Stopping threads took: 0.0000216 seconds
[51.990s][info ][safepoint    ] Application time: 0.0037127 seconds
[51.990s][info ][safepoint    ] Entering safepoint region: Deoptimize
[51.991s][info ][safepoint    ] Leaving safepoint region
[51.991s][info ][safepoint    ] Total time for which application threads were stopped: 0.0012961 seconds, Stopping threads took: 0.0000127 seconds
[52.008s][info ][safepoint    ] Application time: 0.0171907 seconds
[52.008s][info ][safepoint    ] Entering safepoint region: RevokeBias
[52.008s][info ][safepoint    ] Leaving safepoint region
[52.008s][info ][safepoint    ] Total time for which application threads were stopped: 0.0002227 seconds, Stopping threads took: 0.0001379 seconds
[52.038s][info ][safepoint    ] Application time: 0.0299862 seconds
[52.038s][info ][safepoint    ] Entering safepoint region: RevokeBias
[52.038s][info ][safepoint    ] Leaving safepoint region
[52.038s][info ][safepoint    ] Total time for which application threads were stopped: 0.0000973 seconds, Stopping threads took: 0.0000163 seconds
[52.057s][info ][safepoint    ] Application time: 0.0184810 seconds
[52.057s][info ][safepoint    ] Entering safepoint region: Deoptimize
[52.058s][info ][safepoint    ] Leaving safepoint region
[52.058s][info ][safepoint    ] Total time for which application threads were stopped: 0.0011240 seconds, Stopping threads took: 0.0000297 seconds
[52.073s][info ][safepoint    ] Application time: 0.0153667 seconds
[52.073s][info ][safepoint    ] Entering safepoint region: Deoptimize
[52.075s][info ][safepoint    ] Leaving safepoint region
[52.075s][info ][safepoint    ] Total time for which application threads were stopped: 0.0011636 seconds, Stopping threads took: 0.0000159 seconds
[52.490s][info ][safepoint    ] Application time: 0.4156040 seconds
[52.490s][info ][safepoint    ] Entering safepoint region: Deoptimize
[52.491s][info ][safepoint    ] Leaving safepoint region
[52.491s][info ][safepoint    ] Total time for which application threads were stopped: 0.0012686 seconds, Stopping threads took: 0.0000539 seconds
[52.493s][info ][safepoint    ] Application time: 0.0015723 seconds
[52.493s][info ][safepoint    ] Entering safepoint region: RevokeBias
[52.493s][info ][safepoint    ] Leaving safepoint region
[52.493s][info ][safepoint    ] Total time for which application threads were stopped: 0.0001352 seconds, Stopping threads took: 0.0000557 seconds
[52.496s][info ][safepoint    ] Application time: 0.0031766 seconds
[52.503s][info ][safepoint    ] Entering safepoint region: RevokeBias
[52.503s][info ][safepoint    ] Leaving safepoint region
[52.503s][info ][safepoint    ] Total time for which application threads were stopped: 0.0063657 seconds, Stopping threads took: 0.0062402 seconds
[52.846s][info ][safepoint    ] Application time: 0.3434610 seconds
[52.846s][info ][safepoint    ] Entering safepoint region: RevokeBias
[52.846s][info ][safepoint    ] Leaving safepoint region
[52.846s][info ][safepoint    ] Total time for which application threads were stopped: 0.0001996 seconds, Stopping threads took: 0.0000274 seconds
[52.847s][info ][safepoint    ] Application time: 0.0006429 seconds
[52.847s][info ][safepoint    ] Entering safepoint region: RevokeBias
[52.847s][info ][safepoint    ] Leaving safepoint region
[52.847s][info ][safepoint    ] Total time for which application threads were stopped: 0.0001256 seconds, Stopping threads took: 0.0000783 seconds
[53.012s][info ][safepoint    ] Application time: 0.1648302 seconds
[53.012s][info ][safepoint    ] Entering safepoint region: ICBufferFull
[53.012s][info ][safepoint    ] Leaving safepoint region
[53.012s][info ][safepoint    ] Total time for which application threads were stopped: 0.0003303 seconds, Stopping threads took: 0.0000162 seconds
[53.566s][info ][safepoint    ] Application time: 0.5531303 seconds
[53.566s][info ][safepoint    ] Entering safepoint region: GenCollectForAllocation
[53.566s][info ][gc,start     ] GC(94) Pause Young (Allocation Failure)
[53.566s][info ][gc,task      ] GC(94) Using 4 workers of 4 for evacuation
[53.616s][debug][gc,ref       ] GC(94) Skipped phase1 of Reference Processing due to unavailable references
[53.617s][debug][gc,age       ] GC(94) Desired survivor size 15368192 bytes, new threshold 1 (max threshold 6)
[53.617s][info ][gc,heap      ] GC(94) ParNew: 264760K->30016K(270336K)
[53.617s][info ][gc,heap      ] GC(94) CMS: 188584K->195207K(600768K)
[53.617s][info ][gc,metaspace ] GC(94) Metaspace: 54238K->54238K(1097728K)
[53.617s][info ][gc           ] GC(94) Pause Young (Allocation Failure) 442M->219M(850M) 50.861ms
[53.617s][info ][gc,cpu       ] GC(94) User=0.08s Sys=0.01s Real=0.05s
[53.617s][info ][safepoint    ] Leaving safepoint region
[53.617s][info ][safepoint    ] Total time for which application threads were stopped: 0.0511875 seconds, Stopping threads took: 0.0000577 seconds
[54.133s][info ][safepoint    ] Application time: 0.5159147 seconds
[54.133s][info ][safepoint    ] Entering safepoint region: RevokeBias
[54.133s][info ][safepoint    ] Leaving safepoint region
[54.133s][info ][safepoint    ] Total time for which application threads were stopped: 0.0001970 seconds, Stopping threads took: 0.0000328 seconds
[54.551s][info ][safepoint    ] Application time: 0.4177159 seconds
[54.551s][info ][safepoint    ] Entering safepoint region: Deoptimize
[54.552s][info ][safepoint    ] Leaving safepoint region
[54.552s][info ][safepoint    ] Total time for which application threads were stopped: 0.0014071 seconds, Stopping threads took: 0.0000159 seconds
[54.554s][info ][safepoint    ] Application time: 0.0017323 seconds
[54.554s][info ][safepoint    ] Entering safepoint region: Deoptimize
[54.555s][info ][safepoint    ] Leaving safepoint region
[54.555s][info ][safepoint    ] Total time for which application threads were stopped: 0.0011466 seconds, Stopping threads took: 0.0000127 seconds
[55.555s][info ][safepoint    ] Application time: 1.0000901 seconds
[55.555s][info ][safepoint    ] Entering safepoint region: Cleanup
[55.555s][info ][safepoint    ] Leaving safepoint region
[55.555s][info ][safepoint    ] Total time for which application threads were stopped: 0.0001523 seconds, Stopping threads took: 0.0000187 seconds
[56.555s][info ][safepoint    ] Application time: 1.0000878 seconds
[56.555s][info ][safepoint    ] Entering safepoint region: Cleanup
[56.556s][info ][safepoint    ] Leaving safepoint region
[56.556s][info ][safepoint    ] Total time for which application threads were stopped: 0.0001225 seconds, Stopping threads took: 0.0000189 seconds
[56.583s][info ][safepoint    ] Application time: 0.0274957 seconds
[56.583s][info ][safepoint    ] Entering safepoint region: GenCollectForAllocation
[56.583s][info ][gc,start     ] GC(95) Pause Young (Allocation Failure)
[56.583s][info ][gc,task      ] GC(95) Using 4 workers of 4 for evacuation
[56.632s][debug][gc,ref       ] GC(95) Skipped phase1 of Reference Processing due to unavailable references
[56.633s][debug][gc,ref       ] GC(95) Skipped phase3 of Reference Processing due to unavailable references
[56.633s][debug][gc,age       ] GC(95) Desired survivor size 15368192 bytes, new threshold 6 (max threshold 6)
[56.633s][info ][gc,heap      ] GC(95) ParNew: 270336K->12981K(270336K)
[56.633s][info ][gc,heap      ] GC(95) CMS: 195207K->224210K(600768K)
[56.633s][info ][gc,metaspace ] GC(95) Metaspace: 54537K->54537K(1099776K)
[56.633s][info ][gc           ] GC(95) Pause Young (Allocation Failure) 454M->231M(850M) 49.590ms
[56.633s][info ][gc,cpu       ] GC(95) User=0.08s Sys=0.01s Real=0.06s
[56.633s][info ][safepoint    ] Leaving safepoint region
[56.633s][info ][safepoint    ] Total time for which application threads were stopped: 0.0497354 seconds, Stopping threads took: 0.0000172 seconds
[56.992s][info ][safepoint    ] Application time: 0.3589230 seconds
[56.992s][info ][safepoint    ] Entering safepoint region: RevokeBias
[56.992s][info ][safepoint    ] Leaving safepoint region
[56.992s][info ][safepoint    ] Total time for which application threads were stopped: 0.0001296 seconds, Stopping threads took: 0.0000166 seconds
[56.992s][info ][safepoint    ] Application time: 0.0001458 seconds
[56.992s][info ][safepoint    ] Entering safepoint region: RevokeBias
[56.992s][info ][safepoint    ] Leaving safepoint region
[56.992s][info ][safepoint    ] Total time for which application threads were stopped: 0.0000557 seconds, Stopping threads took: 0.0000102 seconds
[57.325s][info ][safepoint    ] Application time: 0.3325390 seconds
[57.325s][info ][safepoint    ] Entering safepoint region: ICBufferFull
[57.325s][info ][safepoint    ] Leaving safepoint region
[57.325s][info ][safepoint    ] Total time for which application threads were stopped: 0.0002808 seconds, Stopping threads took: 0.0000363 seconds
[57.727s][info ][safepoint    ] Application time: 0.4024930 seconds
[57.728s][info ][safepoint    ] Entering safepoint region: ICBufferFull
[57.728s][info ][safepoint    ] Leaving safepoint region
[57.728s][info ][safepoint    ] Total time for which application threads were stopped: 0.0002580 seconds, Stopping threads took: 0.0000277 seconds
[58.368s][info ][safepoint    ] Application time: 0.6397879 seconds
[58.554s][info ][safepoint    ] Entering safepoint region: ICBufferFull
[58.554s][info ][safepoint    ] Leaving safepoint region
[58.554s][info ][safepoint    ] Total time for which application threads were stopped: 0.0006223 seconds, Stopping threads took: 0.0000525 seconds
[59.393s][info ][safepoint    ] Application time: 0.8387664 seconds
[59.393s][info ][safepoint    ] Entering safepoint region: ICBufferFull
[59.394s][info ][safepoint    ] Leaving safepoint region
[59.394s][info ][safepoint    ] Total time for which application threads were stopped: 0.0010194 seconds, Stopping threads took: 0.0000833 seconds
[60.394s][info ][safepoint    ] Application time: 1.0000959 seconds
[60.395s][info ][safepoint    ] Entering safepoint region: Cleanup
[60.395s][info ][safepoint    ] Leaving safepoint region
[60.395s][info ][safepoint    ] Total time for which application threads were stopped: 0.0002393 seconds, Stopping threads took: 0.0000765 seconds
[61.024s][info ][safepoint    ] Application time: 0.6297213 seconds
[61.024s][info ][safepoint    ] Entering safepoint region: GenCollectForAllocation
[61.025s][info ][gc,start     ] GC(96) Pause Young (Allocation Failure)
[61.025s][info ][gc,task      ] GC(96) Using 4 workers of 4 for evacuation
[61.036s][debug][gc,ref       ] GC(96) Skipped phase1 of Reference Processing due to unavailable references
[61.036s][debug][gc,ref       ] GC(96) Skipped phase3 of Reference Processing due to unavailable references
[61.036s][debug][gc,age       ] GC(96) Desired survivor size 15368192 bytes, new threshold 6 (max threshold 6)
[61.036s][info ][gc,heap      ] GC(96) ParNew: 253301K->12145K(270336K)
[61.036s][info ][gc,heap      ] GC(96) CMS: 224210K->224210K(600768K)
[61.036s][info ][gc,metaspace ] GC(96) Metaspace: 54771K->54771K(1099776K)
[61.036s][info ][gc           ] GC(96) Pause Young (Allocation Failure) 466M->230M(850M) 11.347ms
[61.036s][info ][gc,cpu       ] GC(96) User=0.02s Sys=0.00s Real=0.01s
[61.036s][info ][safepoint    ] Leaving safepoint region
[61.036s][info ][safepoint    ] Total time for which application threads were stopped: 0.0116041 seconds, Stopping threads took: 0.0000415 seconds
[61.993s][info ][safepoint    ] Application time: 0.9565951 seconds
[61.993s][info ][safepoint    ] Entering safepoint region: RevokeBias
[61.993s][info ][safepoint    ] Leaving safepoint region
[61.993s][info ][safepoint    ] Total time for which application threads were stopped: 0.0002786 seconds, Stopping threads took: 0.0000999 seconds
[61.994s][info ][safepoint    ] Application time: 0.0008162 seconds
[61.994s][info ][safepoint    ] Entering safepoint region: RevokeBias
[61.994s][info ][safepoint    ] Leaving safepoint region
[61.994s][info ][safepoint    ] Total time for which application threads were stopped: 0.0000992 seconds, Stopping threads took: 0.0000631 seconds
[61.994s][info ][safepoint    ] Application time: 0.0001830 seconds
[61.994s][info ][safepoint    ] Entering safepoint region: RevokeBias
[61.994s][info ][safepoint    ] Leaving safepoint region
[61.994s][info ][safepoint    ] Total time for which application threads were stopped: 0.0001563 seconds, Stopping threads took: 0.0001309 seconds
[61.994s][info ][safepoint    ] Application time: 0.0000470 seconds
[61.994s][info ][safepoint    ] Entering safepoint region: RevokeBias
[61.994s][info ][safepoint    ] Leaving safepoint region
[61.994s][info ][safepoint    ] Total time for which application threads were stopped: 0.0000281 seconds, Stopping threads took: 0.0000066 seconds
[61.994s][info ][safepoint    ] Application time: 0.0000691 seconds
[61.994s][info ][safepoint    ] Entering safepoint region: RevokeBias
[61.994s][info ][safepoint    ] Leaving safepoint region
[61.994s][info ][safepoint    ] Total time for which application threads were stopped: 0.0000296 seconds, Stopping threads took: 0.0000068 seconds
[61.995s][info ][safepoint    ] Application time: 0.0001139 seconds
[61.995s][info ][safepoint    ] Entering safepoint region: RevokeBias
[61.995s][info ][safepoint    ] Leaving safepoint region
[61.995s][info ][safepoint    ] Total time for which application threads were stopped: 0.0000298 seconds, Stopping threads took: 0.0000073 seconds
[62.995s][info ][safepoint    ] Application time: 1.0001058 seconds
[62.995s][info ][safepoint    ] Entering safepoint region: Cleanup
[62.995s][info ][safepoint    ] Leaving safepoint region
[62.995s][info ][safepoint    ] Total time for which application threads were stopped: 0.0001178 seconds, Stopping threads took: 0.0000178 seconds
[63.995s][info ][safepoint    ] Application time: 1.0001783 seconds
[63.995s][info ][safepoint    ] Entering safepoint region: Cleanup
[63.995s][info ][safepoint    ] Leaving safepoint region
[63.995s][info ][safepoint    ] Total time for which application threads were stopped: 0.0001642 seconds, Stopping threads took: 0.0000183 seconds
[64.995s][info ][safepoint    ] Application time: 1.0000865 seconds
[64.995s][info ][safepoint    ] Entering safepoint region: Cleanup
[64.995s][info ][safepoint    ] Leaving safepoint region
[64.995s][info ][safepoint    ] Total time for which application threads were stopped: 0.0001148 seconds, Stopping threads took: 0.0000180 seconds
[65.877s][info ][safepoint    ] Application time: 0.8813090 seconds
[65.877s][info ][safepoint    ] Entering safepoint region: GenCollectForAllocation
[65.877s][info ][gc,start     ] GC(97) Pause Young (Allocation Failure)
[65.877s][info ][gc,task      ] GC(97) Using 4 workers of 4 for evacuation
[65.903s][debug][gc,ref       ] GC(97) Skipped phase1 of Reference Processing due to unavailable references
[65.903s][debug][gc,ref       ] GC(97) Skipped phase3 of Reference Processing due to unavailable references
[65.903s][debug][gc,age       ] GC(97) Desired survivor size 15368192 bytes, new threshold 6 (max threshold 6)
[65.903s][info ][gc,heap      ] GC(97) ParNew: 252465K->13389K(270336K)
[65.903s][info ][gc,heap      ] GC(97) CMS: 224210K->224210K(600768K)
[65.903s][info ][gc,metaspace ] GC(97) Metaspace: 54963K->54963K(1099776K)
[65.903s][info ][gc           ] GC(97) Pause Young (Allocation Failure) 465M->232M(850M) 26.203ms
[65.903s][info ][gc,cpu       ] GC(97) User=0.05s Sys=0.00s Real=0.02s
[65.903s][info ][safepoint    ] Leaving safepoint region
[65.903s][info ][safepoint    ] Total time for which application threads were stopped: 0.0264785 seconds, Stopping threads took: 0.0000154 seconds
[66.903s][info ][safepoint    ] Application time: 1.0001252 seconds
[66.970s][info ][safepoint    ] Entering safepoint region: Cleanup
[66.970s][info ][safepoint    ] Leaving safepoint region
[66.970s][info ][safepoint    ] Total time for which application threads were stopped: 0.0001258 seconds, Stopping threads took: 0.0000276 seconds
[67.972s][info ][safepoint    ] Application time: 1.0018814 seconds
[67.972s][info ][safepoint    ] Entering safepoint region: Cleanup
[67.972s][info ][safepoint    ] Leaving safepoint region
[67.972s][info ][safepoint    ] Total time for which application threads were stopped: 0.0001478 seconds, Stopping threads took: 0.0000403 seconds
[68.972s][info ][safepoint    ] Application time: 1.0002095 seconds
[68.972s][info ][safepoint    ] Entering safepoint region: Cleanup
[68.972s][info ][safepoint    ] Leaving safepoint region
[68.972s][info ][safepoint    ] Total time for which application threads were stopped: 0.0001306 seconds, Stopping threads took: 0.0000375 seconds
[69.972s][info ][safepoint    ] Application time: 1.0000932 seconds
[69.972s][info ][safepoint    ] Entering safepoint region: Cleanup
[69.972s][info ][safepoint    ] Leaving safepoint region
[69.972s][info ][safepoint    ] Total time for which application threads were stopped: 0.0001339 seconds, Stopping threads took: 0.0000430 seconds
[70.972s][info ][safepoint    ] Application time: 1.0001116 seconds
[70.973s][info ][safepoint    ] Entering safepoint region: Cleanup
[70.973s][info ][safepoint    ] Leaving safepoint region
[70.973s][info ][safepoint    ] Total time for which application threads were stopped: 0.0001709 seconds, Stopping threads took: 0.0000787 seconds
[71.076s][info ][safepoint    ] Application time: 0.1030809 seconds
[71.076s][info ][safepoint    ] Entering safepoint region: GenCollectForAllocation
[71.076s][info ][gc,start     ] GC(98) Pause Young (Allocation Failure)
[71.076s][info ][gc,task      ] GC(98) Using 4 workers of 4 for evacuation
[71.088s][debug][gc,ref       ] GC(98) Skipped phase1 of Reference Processing due to unavailable references
[71.088s][debug][gc,ref       ] GC(98) Skipped phase3 of Reference Processing due to unavailable references
[71.088s][debug][gc,ref       ] GC(98) Skipped phase4 of Reference Processing due to unavailable references
[71.088s][debug][gc,age       ] GC(98) Desired survivor size 15368192 bytes, new threshold 6 (max threshold 6)
[71.088s][info ][gc,heap      ] GC(98) ParNew: 253709K->10406K(270336K)
[71.088s][info ][gc,heap      ] GC(98) CMS: 224210K->224210K(600768K)
[71.088s][info ][gc,metaspace ] GC(98) Metaspace: 55022K->55022K(1099776K)
[71.088s][info ][gc           ] GC(98) Pause Young (Allocation Failure) 466M->229M(850M) 12.026ms
[71.088s][info ][gc,cpu       ] GC(98) User=0.03s Sys=0.00s Real=0.01s
[71.088s][info ][safepoint    ] Leaving safepoint region
[71.088s][info ][safepoint    ] Total time for which application threads were stopped: 0.0121950 seconds, Stopping threads took: 0.0000251 seconds
[72.088s][info ][safepoint    ] Application time: 1.0000995 seconds
[72.088s][info ][safepoint    ] Entering safepoint region: Cleanup
[72.088s][info ][safepoint    ] Leaving safepoint region
[72.088s][info ][safepoint    ] Total time for which application threads were stopped: 0.0001668 seconds, Stopping threads took: 0.0000171 seconds
[73.088s][info ][safepoint    ] Application time: 1.0001049 seconds
[73.094s][info ][safepoint    ] Entering safepoint region: Cleanup
[73.094s][info ][safepoint    ] Leaving safepoint region
[73.094s][info ][safepoint    ] Total time for which application threads were stopped: 0.0001035 seconds, Stopping threads took: 0.0000303 seconds
[74.095s][info ][safepoint    ] Application time: 1.0000942 seconds
[74.095s][info ][safepoint    ] Entering safepoint region: Cleanup
[74.095s][info ][safepoint    ] Leaving safepoint region
[74.095s][info ][safepoint    ] Total time for which application threads were stopped: 0.0000784 seconds, Stopping threads took: 0.0000202 seconds
[75.095s][info ][safepoint    ] Application time: 1.0000902 seconds
[75.095s][info ][safepoint    ] Entering safepoint region: Cleanup
[75.095s][info ][safepoint    ] Leaving safepoint region
[75.095s][info ][safepoint    ] Total time for which application threads were stopped: 0.0001093 seconds, Stopping threads took: 0.0000186 seconds
[76.095s][info ][safepoint    ] Application time: 1.0001072 seconds
[76.210s][info ][safepoint    ] Entering safepoint region: Cleanup
[76.210s][info ][safepoint    ] Leaving safepoint region
[76.210s][info ][safepoint    ] Total time for which application threads were stopped: 0.0001132 seconds, Stopping threads took: 0.0000320 seconds
[76.524s][info ][safepoint    ] Application time: 0.3138422 seconds
[76.524s][info ][safepoint    ] Entering safepoint region: GenCollectForAllocation
[76.524s][info ][gc,start     ] GC(99) Pause Young (Allocation Failure)
[76.524s][info ][gc,task      ] GC(99) Using 4 workers of 4 for evacuation
[76.532s][debug][gc,ref       ] GC(99) Skipped phase1 of Reference Processing due to unavailable references
[76.532s][debug][gc,ref       ] GC(99) Skipped phase3 of Reference Processing due to unavailable references
[76.532s][debug][gc,ref       ] GC(99) Skipped phase4 of Reference Processing due to unavailable references
[76.533s][debug][gc,age       ] GC(99) Desired survivor size 15368192 bytes, new threshold 6 (max threshold 6)
[76.533s][info ][gc,heap      ] GC(99) ParNew: 250726K->12753K(270336K)
[76.533s][info ][gc,heap      ] GC(99) CMS: 224210K->224210K(600768K)
[76.533s][info ][gc,metaspace ] GC(99) Metaspace: 55053K->55053K(1099776K)
[76.533s][info ][gc           ] GC(99) Pause Young (Allocation Failure) 463M->231M(850M) 8.428ms
[76.533s][info ][gc,cpu       ] GC(99) User=0.03s Sys=0.00s Real=0.01s
[76.533s][info ][safepoint    ] Leaving safepoint region
[76.533s][info ][safepoint    ] Total time for which application threads were stopped: 0.0085809 seconds, Stopping threads took: 0.0000172 seconds
[77.533s][info ][safepoint    ] Application time: 1.0001059 seconds
[77.533s][info ][safepoint    ] Entering safepoint region: Cleanup
[77.533s][info ][safepoint    ] Leaving safepoint region
[77.533s][info ][safepoint    ] Total time for which application threads were stopped: 0.0001051 seconds, Stopping threads took: 0.0000181 seconds
[78.533s][info ][safepoint    ] Application time: 1.0000878 seconds
[78.944s][info ][safepoint    ] Entering safepoint region: Cleanup
[78.944s][info ][safepoint    ] Leaving safepoint region
[78.944s][info ][safepoint    ] Total time for which application threads were stopped: 0.0001415 seconds, Stopping threads took: 0.0000421 seconds
[79.944s][info ][safepoint    ] Application time: 1.0000890 seconds
[79.944s][info ][safepoint    ] Entering safepoint region: Cleanup
[79.944s][info ][safepoint    ] Leaving safepoint region
[79.944s][info ][safepoint    ] Total time for which application threads were stopped: 0.0001308 seconds, Stopping threads took: 0.0000284 seconds
[80.350s][info ][safepoint    ] Application time: 0.4055709 seconds
[80.350s][info ][safepoint    ] Entering safepoint region: ICBufferFull
[80.350s][info ][safepoint    ] Leaving safepoint region
[80.350s][info ][safepoint    ] Total time for which application threads were stopped: 0.0002534 seconds, Stopping threads took: 0.0000184 seconds
[81.351s][info ][safepoint    ] Application time: 1.0001139 seconds
[81.351s][info ][safepoint    ] Entering safepoint region: Cleanup
[81.351s][info ][safepoint    ] Leaving safepoint region
[81.351s][info ][safepoint    ] Total time for which application threads were stopped: 0.0001692 seconds, Stopping threads took: 0.0000186 seconds
[81.826s][info ][safepoint    ] Application time: 0.4753855 seconds
[81.826s][info ][safepoint    ] Entering safepoint region: GenCollectForAllocation
[81.826s][info ][gc,start     ] GC(100) Pause Young (Allocation Failure)
[81.826s][info ][gc,task      ] GC(100) Using 4 workers of 4 for evacuation
[81.840s][debug][gc,ref       ] GC(100) Skipped phase1 of Reference Processing due to unavailable references
[81.840s][debug][gc,ref       ] GC(100) Skipped phase3 of Reference Processing due to unavailable references
[81.840s][debug][gc,age       ] GC(100) Desired survivor size 15368192 bytes, new threshold 6 (max threshold 6)
[81.840s][info ][gc,heap      ] GC(100) ParNew: 253073K->12899K(270336K)
[81.840s][info ][gc,heap      ] GC(100) CMS: 224210K->224210K(600768K)
[81.840s][info ][gc,metaspace ] GC(100) Metaspace: 55105K->55105K(1099776K)
[81.840s][info ][gc           ] GC(100) Pause Young (Allocation Failure) 466M->231M(850M) 14.031ms
[81.840s][info ][gc,cpu       ] GC(100) User=0.02s Sys=0.00s Real=0.01s
[81.840s][info ][safepoint    ] Leaving safepoint region
[81.840s][info ][safepoint    ] Total time for which application threads were stopped: 0.0141900 seconds, Stopping threads took: 0.0000162 seconds
[82.840s][info ][safepoint    ] Application time: 1.0001024 seconds
[82.841s][info ][safepoint    ] Entering safepoint region: Cleanup
[82.841s][info ][safepoint    ] Leaving safepoint region
[82.841s][info ][safepoint    ] Total time for which application threads were stopped: 0.0001016 seconds, Stopping threads took: 0.0000338 seconds
[83.844s][info ][safepoint    ] Application time: 1.0030818 seconds
[83.844s][info ][safepoint    ] Entering safepoint region: Cleanup
[83.844s][info ][safepoint    ] Leaving safepoint region
[83.844s][info ][safepoint    ] Total time for which application threads were stopped: 0.0000911 seconds, Stopping threads took: 0.0000205 seconds
[84.844s][info ][safepoint    ] Application time: 1.0000481 seconds
[84.844s][info ][safepoint    ] Entering safepoint region: Cleanup
[84.844s][info ][safepoint    ] Leaving safepoint region
[84.844s][info ][safepoint    ] Total time for which application threads were stopped: 0.0001048 seconds, Stopping threads took: 0.0000177 seconds
[85.844s][info ][safepoint    ] Application time: 1.0001201 seconds
[85.844s][info ][safepoint    ] Entering safepoint region: Cleanup
[85.844s][info ][safepoint    ] Leaving safepoint region
[85.844s][info ][safepoint    ] Total time for which application threads were stopped: 0.0001081 seconds, Stopping threads took: 0.0000189 seconds
[86.844s][info ][safepoint    ] Application time: 1.0000953 seconds
[86.844s][info ][safepoint    ] Entering safepoint region: Cleanup
[86.845s][info ][safepoint    ] Leaving safepoint region
[86.845s][info ][safepoint    ] Total time for which application threads were stopped: 0.0000880 seconds, Stopping threads took: 0.0000185 seconds
[87.422s][info ][safepoint    ] Application time: 0.5773392 seconds
[87.422s][info ][safepoint    ] Entering safepoint region: GenCollectForAllocation
[87.422s][info ][gc,start     ] GC(101) Pause Young (Allocation Failure)
[87.422s][info ][gc,task      ] GC(101) Using 4 workers of 4 for evacuation
[87.431s][debug][gc,ref       ] GC(101) Skipped phase1 of Reference Processing due to unavailable references
[87.431s][debug][gc,ref       ] GC(101) Skipped phase3 of Reference Processing due to unavailable references
[87.431s][debug][gc,age       ] GC(101) Desired survivor size 15368192 bytes, new threshold 6 (max threshold 6)
[87.431s][info ][gc,heap      ] GC(101) ParNew: 253219K->8759K(270336K)
[87.431s][info ][gc,heap      ] GC(101) CMS: 224210K->231297K(600768K)
[87.431s][info ][gc,metaspace ] GC(101) Metaspace: 55136K->55136K(1099776K)
[87.431s][info ][gc           ] GC(101) Pause Young (Allocation Failure) 466M->234M(850M) 9.391ms
[87.431s][info ][gc,cpu       ] GC(101) User=0.03s Sys=0.00s Real=0.01s
[87.431s][info ][safepoint    ] Leaving safepoint region
[87.431s][info ][safepoint    ] Total time for which application threads were stopped: 0.0095649 seconds, Stopping threads took: 0.0000162 seconds
[88.432s][info ][safepoint    ] Application time: 1.0000970 seconds
[88.432s][info ][safepoint    ] Entering safepoint region: Cleanup
[88.432s][info ][safepoint    ] Leaving safepoint region
[88.432s][info ][safepoint    ] Total time for which application threads were stopped: 0.0001304 seconds, Stopping threads took: 0.0000588 seconds
[89.432s][info ][safepoint    ] Application time: 1.0000864 seconds
[89.432s][info ][safepoint    ] Entering safepoint region: Cleanup
[89.432s][info ][safepoint    ] Leaving safepoint region
[89.432s][info ][safepoint    ] Total time for which application threads were stopped: 0.0000938 seconds, Stopping threads took: 0.0000183 seconds
[90.432s][info ][safepoint    ] Application time: 1.0000962 seconds
[90.432s][info ][safepoint    ] Entering safepoint region: Cleanup
[90.432s][info ][safepoint    ] Leaving safepoint region
[90.432s][info ][safepoint    ] Total time for which application threads were stopped: 0.0000970 seconds, Stopping threads took: 0.0000204 seconds
[91.432s][info ][safepoint    ] Application time: 1.0000938 seconds
[91.432s][info ][safepoint    ] Entering safepoint region: Cleanup
[91.432s][info ][safepoint    ] Leaving safepoint region
[91.432s][info ][safepoint    ] Total time for which application threads were stopped: 0.0001061 seconds, Stopping threads took: 0.0000191 seconds
[92.433s][info ][safepoint    ] Application time: 1.0000919 seconds
[92.433s][info ][safepoint    ] Entering safepoint region: Cleanup
[92.433s][info ][safepoint    ] Leaving safepoint region
[92.433s][info ][safepoint    ] Total time for which application threads were stopped: 0.0001001 seconds, Stopping threads took: 0.0000167 seconds
[93.022s][info ][safepoint    ] Application time: 0.5892828 seconds
[93.022s][info ][safepoint    ] Entering safepoint region: GenCollectForAllocation
[93.022s][info ][gc,start     ] GC(102) Pause Young (Allocation Failure)
[93.022s][info ][gc,task      ] GC(102) Using 4 workers of 4 for evacuation
[93.025s][debug][gc,ref       ] GC(102) Skipped phase1 of Reference Processing due to unavailable references
[93.025s][debug][gc,ref       ] GC(102) Skipped phase3 of Reference Processing due to unavailable references
[93.025s][debug][gc,age       ] GC(102) Desired survivor size 15368192 bytes, new threshold 6 (max threshold 6)
[93.025s][info ][gc,heap      ] GC(102) ParNew: 249079K->2676K(270336K)
[93.025s][info ][gc,heap      ] GC(102) CMS: 231297K->231920K(600768K)
[93.025s][info ][gc,metaspace ] GC(102) Metaspace: 55200K->55200K(1099776K)
[93.025s][info ][gc           ] GC(102) Pause Young (Allocation Failure) 469M->229M(850M) 3.303ms
[93.025s][info ][gc,cpu       ] GC(102) User=0.02s Sys=0.00s Real=0.01s
[93.025s][info ][safepoint    ] Leaving safepoint region
[93.025s][info ][safepoint    ] Total time for which application threads were stopped: 0.0034816 seconds, Stopping threads took: 0.0000292 seconds
[94.026s][info ][safepoint    ] Application time: 1.0001010 seconds
[94.026s][info ][safepoint    ] Entering safepoint region: Cleanup
[94.026s][info ][safepoint    ] Leaving safepoint region
[94.026s][info ][safepoint    ] Total time for which application threads were stopped: 0.0001430 seconds, Stopping threads took: 0.0000392 seconds
[95.026s][info ][safepoint    ] Application time: 1.0001018 seconds
[95.026s][info ][safepoint    ] Entering safepoint region: Cleanup
[95.026s][info ][safepoint    ] Leaving safepoint region
[95.026s][info ][safepoint    ] Total time for which application threads were stopped: 0.0001694 seconds, Stopping threads took: 0.0000717 seconds
[96.026s][info ][safepoint    ] Application time: 1.0000876 seconds
[96.026s][info ][safepoint    ] Entering safepoint region: Cleanup
[96.026s][info ][safepoint    ] Leaving safepoint region
[96.026s][info ][safepoint    ] Total time for which application threads were stopped: 0.0000990 seconds, Stopping threads took: 0.0000161 seconds
[97.026s][info ][safepoint    ] Application time: 1.0001294 seconds
[97.026s][info ][safepoint    ] Entering safepoint region: Cleanup
[97.027s][info ][safepoint    ] Leaving safepoint region
[97.027s][info ][safepoint    ] Total time for which application threads were stopped: 0.0002094 seconds, Stopping threads took: 0.0000352 seconds
[98.027s][info ][safepoint    ] Application time: 1.0000406 seconds
[98.027s][info ][safepoint    ] Entering safepoint region: Cleanup
[98.027s][info ][safepoint    ] Leaving safepoint region
[98.027s][info ][safepoint    ] Total time for which application threads were stopped: 0.0001064 seconds, Stopping threads took: 0.0000161 seconds
[98.228s][info ][safepoint    ] Application time: 0.2012454 seconds
[98.228s][info ][safepoint    ] Entering safepoint region: GenCollectForAllocation
[98.228s][info ][gc,start     ] GC(103) Pause Young (Allocation Failure)
[98.228s][info ][gc,task      ] GC(103) Using 4 workers of 4 for evacuation
[98.231s][debug][gc,ref       ] GC(103) Skipped phase1 of Reference Processing due to unavailable references
[98.231s][debug][gc,ref       ] GC(103) Skipped phase3 of Reference Processing due to unavailable references
[98.231s][debug][gc,ref       ] GC(103) Skipped phase4 of Reference Processing due to unavailable references
[98.231s][debug][gc,age       ] GC(103) Desired survivor size 15368192 bytes, new threshold 6 (max threshold 6)
[98.231s][info ][gc,heap      ] GC(103) ParNew: 242996K->1500K(270336K)
[98.231s][info ][gc,heap      ] GC(103) CMS: 231920K->232713K(600768K)
[98.231s][info ][gc,metaspace ] GC(103) Metaspace: 55263K->55263K(1099776K)
[98.231s][info ][gc           ] GC(103) Pause Young (Allocation Failure) 463M->228M(850M) 3.107ms
[98.231s][info ][gc,cpu       ] GC(103) User=0.01s Sys=0.00s Real=0.00s
[98.231s][info ][safepoint    ] Leaving safepoint region
[98.231s][info ][safepoint    ] Total time for which application threads were stopped: 0.0032462 seconds, Stopping threads took: 0.0000161 seconds
[99.232s][info ][safepoint    ] Application time: 1.0001355 seconds
[99.232s][info ][safepoint    ] Entering safepoint region: Cleanup
[99.232s][info ][safepoint    ] Leaving safepoint region
[99.232s][info ][safepoint    ] Total time for which application threads were stopped: 0.0000961 seconds, Stopping threads took: 0.0000163 seconds
[100.232s][info ][safepoint    ] Application time: 1.0000893 seconds
[100.232s][info ][safepoint    ] Entering safepoint region: Cleanup
[100.232s][info ][safepoint    ] Leaving safepoint region
[100.232s][info ][safepoint    ] Total time for which application threads were stopped: 0.0001378 seconds, Stopping threads took: 0.0000170 seconds
[101.232s][info ][safepoint    ] Application time: 1.0000824 seconds
[101.232s][info ][safepoint    ] Entering safepoint region: Cleanup
[101.232s][info ][safepoint    ] Leaving safepoint region
[101.232s][info ][safepoint    ] Total time for which application threads were stopped: 0.0001103 seconds, Stopping threads took: 0.0000168 seconds
[102.232s][info ][safepoint    ] Application time: 1.0001209 seconds
[102.232s][info ][safepoint    ] Entering safepoint region: Cleanup
[102.232s][info ][safepoint    ] Leaving safepoint region
[102.232s][info ][safepoint    ] Total time for which application threads were stopped: 0.0001510 seconds, Stopping threads took: 0.0000147 seconds
[103.233s][info ][safepoint    ] Application time: 1.0001035 seconds
[103.233s][info ][safepoint    ] Entering safepoint region: Cleanup
[103.233s][info ][safepoint    ] Leaving safepoint region
[103.233s][info ][safepoint    ] Total time for which application threads were stopped: 0.0001072 seconds, Stopping threads took: 0.0000328 seconds
[103.624s][info ][safepoint    ] Application time: 0.3913289 seconds
[103.624s][info ][safepoint    ] Entering safepoint region: GenCollectForAllocation
[103.624s][info ][gc,start     ] GC(104) Pause Young (Allocation Failure)
[103.624s][info ][gc,task      ] GC(104) Using 4 workers of 4 for evacuation
[103.627s][debug][gc,ref       ] GC(104) Skipped phase1 of Reference Processing due to unavailable references
[103.627s][debug][gc,ref       ] GC(104) Skipped phase3 of Reference Processing due to unavailable references
[103.627s][debug][gc,age       ] GC(104) Desired survivor size 15368192 bytes, new threshold 6 (max threshold 6)
[103.627s][info ][gc,heap      ] GC(104) ParNew: 241820K->1614K(270336K)
[103.627s][info ][gc,heap      ] GC(104) CMS: 232713K->232726K(600768K)
[103.627s][info ][gc,metaspace ] GC(104) Metaspace: 55333K->55333K(1099776K)
[103.627s][info ][gc           ] GC(104) Pause Young (Allocation Failure) 463M->228M(850M) 2.895ms
[103.627s][info ][gc,cpu       ] GC(104) User=0.01s Sys=0.00s Real=0.00s
[103.627s][info ][safepoint    ] Leaving safepoint region
[103.627s][info ][safepoint    ] Total time for which application threads were stopped: 0.0030495 seconds, Stopping threads took: 0.0000155 seconds
[104.627s][info ][safepoint    ] Application time: 1.0000978 seconds
[104.627s][info ][safepoint    ] Entering safepoint region: Cleanup
[104.628s][info ][safepoint    ] Leaving safepoint region
[104.628s][info ][safepoint    ] Total time for which application threads were stopped: 0.0003021 seconds, Stopping threads took: 0.0000860 seconds
[105.628s][info ][safepoint    ] Application time: 1.0001170 seconds
[105.640s][info ][safepoint    ] Entering safepoint region: Cleanup
[105.640s][info ][safepoint    ] Leaving safepoint region
[105.640s][info ][safepoint    ] Total time for which application threads were stopped: 0.0126579 seconds, Stopping threads took: 0.0124823 seconds
[106.282s][info ][safepoint    ] Application time: 0.6416729 seconds
[106.282s][info ][safepoint    ] Entering safepoint region: RevokeBias
[106.282s][info ][safepoint    ] Leaving safepoint region
[106.282s][info ][safepoint    ] Total time for which application threads were stopped: 0.0001078 seconds, Stopping threads took: 0.0000149 seconds
[106.378s][info ][safepoint    ] Application time: 0.0956048 seconds
[106.378s][info ][safepoint    ] Entering safepoint region: GenCollectForAllocation
[106.378s][info ][gc,start     ] GC(105) Pause Young (Allocation Failure)
[106.378s][info ][gc,task      ] GC(105) Using 4 workers of 4 for evacuation
[106.382s][debug][gc,ref       ] GC(105) Skipped phase1 of Reference Processing due to unavailable references
[106.382s][debug][gc,ref       ] GC(105) Skipped phase3 of Reference Processing due to unavailable references
[106.382s][debug][gc,age       ] GC(105) Desired survivor size 15368192 bytes, new threshold 6 (max threshold 6)
[106.382s][info ][gc,heap      ] GC(105) ParNew: 241934K->2138K(270336K)
[106.382s][info ][gc,heap      ] GC(105) CMS: 232726K->232799K(600768K)
[106.382s][info ][gc,metaspace ] GC(105) Metaspace: 55856K->55856K(1099776K)
[106.382s][info ][gc           ] GC(105) Pause Young (Allocation Failure) 463M->229M(850M) 4.020ms
[106.382s][info ][gc,cpu       ] GC(105) User=0.01s Sys=0.00s Real=0.00s
[106.382s][info ][safepoint    ] Leaving safepoint region
[106.382s][info ][safepoint    ] Total time for which application threads were stopped: 0.0041715 seconds, Stopping threads took: 0.0000169 seconds
[107.382s][info ][safepoint    ] Application time: 1.0001019 seconds
[107.382s][info ][safepoint    ] Entering safepoint region: Cleanup
[107.382s][info ][safepoint    ] Leaving safepoint region
[107.382s][info ][safepoint    ] Total time for which application threads were stopped: 0.0001417 seconds, Stopping threads took: 0.0000680 seconds
[108.382s][info ][safepoint    ] Application time: 1.0000922 seconds
[108.382s][info ][safepoint    ] Entering safepoint region: Cleanup
[108.383s][info ][safepoint    ] Leaving safepoint region
[108.383s][info ][safepoint    ] Total time for which application threads were stopped: 0.0002269 seconds, Stopping threads took: 0.0001188 seconds
[109.383s][info ][safepoint    ] Application time: 1.0001132 seconds
[109.383s][info ][safepoint    ] Entering safepoint region: Cleanup
[109.383s][info ][safepoint    ] Leaving safepoint region
[109.383s][info ][safepoint    ] Total time for which application threads were stopped: 0.0002655 seconds, Stopping threads took: 0.0000173 seconds
[110.383s][info ][safepoint    ] Application time: 1.0001519 seconds
[110.384s][info ][safepoint    ] Entering safepoint region: Cleanup
[110.384s][info ][safepoint    ] Leaving safepoint region
[110.384s][info ][safepoint    ] Total time for which application threads were stopped: 0.0006560 seconds, Stopping threads took: 0.0005804 seconds
[111.384s][info ][safepoint    ] Application time: 1.0000929 seconds
[111.384s][info ][safepoint    ] Entering safepoint region: Cleanup
[111.384s][info ][safepoint    ] Leaving safepoint region
[111.384s][info ][safepoint    ] Total time for which application threads were stopped: 0.0001540 seconds, Stopping threads took: 0.0000756 seconds
[111.719s][info ][safepoint    ] Application time: 0.3347274 seconds
[111.719s][info ][safepoint    ] Entering safepoint region: GenCollectForAllocation
[111.719s][info ][gc,start     ] GC(106) Pause Young (Allocation Failure)
[111.719s][info ][gc,task      ] GC(106) Using 4 workers of 4 for evacuation
[111.722s][debug][gc,ref       ] GC(106) Skipped phase1 of Reference Processing due to unavailable references
[111.722s][debug][gc,ref       ] GC(106) Skipped phase3 of Reference Processing due to unavailable references
[111.722s][debug][gc,age       ] GC(106) Desired survivor size 15368192 bytes, new threshold 6 (max threshold 6)
[111.723s][info ][gc,heap      ] GC(106) ParNew: 242458K->2304K(270336K)
[111.723s][info ][gc,heap      ] GC(106) CMS: 232799K->232913K(600768K)
[111.723s][info ][gc,metaspace ] GC(106) Metaspace: 55923K->55923K(1099776K)
[111.723s][info ][gc           ] GC(106) Pause Young (Allocation Failure) 464M->229M(850M) 3.479ms
[111.723s][info ][gc,cpu       ] GC(106) User=0.01s Sys=0.00s Real=0.00s
[111.723s][info ][safepoint    ] Leaving safepoint region
[111.723s][info ][safepoint    ] Total time for which application threads were stopped: 0.0036519 seconds, Stopping threads took: 0.0000504 seconds
[112.723s][info ][safepoint    ] Application time: 1.0001003 seconds
[112.723s][info ][safepoint    ] Entering safepoint region: Cleanup
[112.723s][info ][safepoint    ] Leaving safepoint region
[112.723s][info ][safepoint    ] Total time for which application threads were stopped: 0.0001218 seconds, Stopping threads took: 0.0000438 seconds
[113.723s][info ][safepoint    ] Application time: 1.0001026 seconds
[113.723s][info ][safepoint    ] Entering safepoint region: Cleanup
[113.723s][info ][safepoint    ] Leaving safepoint region
[113.723s][info ][safepoint    ] Total time for which application threads were stopped: 0.0001317 seconds, Stopping threads took: 0.0000430 seconds
[114.723s][info ][safepoint    ] Application time: 1.0001034 seconds
[114.723s][info ][safepoint    ] Entering safepoint region: Cleanup
[114.723s][info ][safepoint    ] Leaving safepoint region
[114.723s][info ][safepoint    ] Total time for which application threads were stopped: 0.0001337 seconds, Stopping threads took: 0.0000420 seconds
[115.723s][info ][safepoint    ] Application time: 1.0000910 seconds
[115.724s][info ][safepoint    ] Entering safepoint region: Cleanup
[115.724s][info ][safepoint    ] Leaving safepoint region
[115.724s][info ][safepoint    ] Total time for which application threads were stopped: 0.0001158 seconds, Stopping threads took: 0.0000493 seconds
[116.724s][info ][safepoint    ] Application time: 1.0001009 seconds
[116.724s][info ][safepoint    ] Entering safepoint region: Cleanup
[116.724s][info ][safepoint    ] Leaving safepoint region
[116.724s][info ][safepoint    ] Total time for which application threads were stopped: 0.0001179 seconds, Stopping threads took: 0.0000445 seconds
[116.869s][info ][safepoint    ] Application time: 0.1449148 seconds
[116.869s][info ][safepoint    ] Entering safepoint region: GenCollectForAllocation
[116.869s][info ][gc,start     ] GC(107) Pause Young (Allocation Failure)
[116.869s][info ][gc,task      ] GC(107) Using 4 workers of 4 for evacuation
[116.872s][debug][gc,ref       ] GC(107) Skipped phase1 of Reference Processing due to unavailable references
[116.872s][debug][gc,ref       ] GC(107) Skipped phase3 of Reference Processing due to unavailable references
[116.872s][debug][gc,ref       ] GC(107) Skipped phase4 of Reference Processing due to unavailable references
[116.873s][debug][gc,age       ] GC(107) Desired survivor size 15368192 bytes, new threshold 6 (max threshold 6)
[116.873s][info ][gc,heap      ] GC(107) ParNew: 242624K->2582K(270336K)
[116.873s][info ][gc,heap      ] GC(107) CMS: 232913K->233014K(600768K)
[116.873s][info ][gc,metaspace ] GC(107) Metaspace: 55938K->55938K(1099776K)
[116.873s][info ][gc           ] GC(107) Pause Young (Allocation Failure) 464M->230M(850M) 3.637ms
[116.873s][info ][gc,cpu       ] GC(107) User=0.01s Sys=0.00s Real=0.01s
[116.873s][info ][safepoint    ] Leaving safepoint region
[116.873s][info ][safepoint    ] Total time for which application threads were stopped: 0.0038638 seconds, Stopping threads took: 0.0000493 seconds
[117.873s][info ][safepoint    ] Application time: 1.0001256 seconds
[117.873s][info ][safepoint    ] Entering safepoint region: Cleanup
[117.873s][info ][safepoint    ] Leaving safepoint region
[117.873s][info ][safepoint    ] Total time for which application threads were stopped: 0.0001070 seconds, Stopping threads took: 0.0000413 seconds
[118.873s][info ][safepoint    ] Application time: 1.0001016 seconds
[118.873s][info ][safepoint    ] Entering safepoint region: Cleanup
[118.873s][info ][safepoint    ] Leaving safepoint region
[118.873s][info ][safepoint    ] Total time for which application threads were stopped: 0.0001483 seconds, Stopping threads took: 0.0000740 seconds
[119.873s][info ][safepoint    ] Application time: 1.0000962 seconds
[119.873s][info ][safepoint    ] Entering safepoint region: Cleanup
[119.873s][info ][safepoint    ] Leaving safepoint region
[119.873s][info ][safepoint    ] Total time for which application threads were stopped: 0.0001061 seconds, Stopping threads took: 0.0000416 seconds
[120.874s][info ][safepoint    ] Application time: 1.0001089 seconds
[120.874s][info ][safepoint    ] Entering safepoint region: Cleanup
[120.874s][info ][safepoint    ] Leaving safepoint region
[120.874s][info ][safepoint    ] Total time for which application threads were stopped: 0.0001340 seconds, Stopping threads took: 0.0000518 seconds
[121.874s][info ][safepoint    ] Application time: 1.0000856 seconds
[121.874s][info ][safepoint    ] Entering safepoint region: Cleanup
[121.874s][info ][safepoint    ] Leaving safepoint region
[121.874s][info ][safepoint    ] Total time for which application threads were stopped: 0.0002256 seconds, Stopping threads took: 0.0000431 seconds
[122.076s][info ][safepoint    ] Application time: 0.2016666 seconds
[122.076s][info ][safepoint    ] Entering safepoint region: GenCollectForAllocation
[122.076s][info ][gc,start     ] GC(108) Pause Young (Allocation Failure)
[122.076s][info ][gc,task      ] GC(108) Using 4 workers of 4 for evacuation
[122.085s][debug][gc,ref       ] GC(108) Skipped phase1 of Reference Processing due to unavailable references
[122.086s][debug][gc,ref       ] GC(108) Skipped phase3 of Reference Processing due to unavailable references
[122.086s][debug][gc,ref       ] GC(108) Skipped phase4 of Reference Processing due to unavailable references
[122.086s][debug][gc,age       ] GC(108) Desired survivor size 15368192 bytes, new threshold 6 (max threshold 6)
[122.086s][info ][gc,heap      ] GC(108) ParNew: 242902K->2426K(270336K)
[122.086s][info ][gc,heap      ] GC(108) CMS: 233014K->233200K(600768K)
[122.086s][info ][gc,metaspace ] GC(108) Metaspace: 55946K->55946K(1099776K)
[122.086s][info ][gc           ] GC(108) Pause Young (Allocation Failure) 464M->230M(850M) 9.777ms
[122.086s][info ][gc,cpu       ] GC(108) User=0.02s Sys=0.00s Real=0.01s
[122.086s][info ][safepoint    ] Leaving safepoint region
[122.086s][info ][safepoint    ] Total time for which application threads were stopped: 0.0101116 seconds, Stopping threads took: 0.0000858 seconds
[123.093s][info ][safepoint    ] Application time: 1.0073256 seconds
[123.093s][info ][safepoint    ] Entering safepoint region: Cleanup
[123.093s][info ][safepoint    ] Leaving safepoint region
[123.093s][info ][safepoint    ] Total time for which application threads were stopped: 0.0000780 seconds, Stopping threads took: 0.0000171 seconds
[124.093s][info ][safepoint    ] Application time: 1.0001123 seconds
[124.094s][info ][safepoint    ] Entering safepoint region: Cleanup
[124.094s][info ][safepoint    ] Leaving safepoint region
[124.094s][info ][safepoint    ] Total time for which application threads were stopped: 0.0001128 seconds, Stopping threads took: 0.0000447 seconds
[125.094s][info ][safepoint    ] Application time: 1.0000979 seconds
[125.094s][info ][safepoint    ] Entering safepoint region: Cleanup
[125.094s][info ][safepoint    ] Leaving safepoint region
[125.094s][info ][safepoint    ] Total time for which application threads were stopped: 0.0000948 seconds, Stopping threads took: 0.0000199 seconds
[126.094s][info ][safepoint    ] Application time: 1.0000878 seconds
[126.094s][info ][safepoint    ] Entering safepoint region: Cleanup
[126.094s][info ][safepoint    ] Leaving safepoint region
[126.094s][info ][safepoint    ] Total time for which application threads were stopped: 0.0000948 seconds, Stopping threads took: 0.0000183 seconds
[127.094s][info ][safepoint    ] Application time: 1.0000962 seconds
[127.094s][info ][safepoint    ] Entering safepoint region: Cleanup
[127.094s][info ][safepoint    ] Leaving safepoint region
[127.094s][info ][safepoint    ] Total time for which application threads were stopped: 0.0002321 seconds, Stopping threads took: 0.0000172 seconds
[127.319s][info ][safepoint    ] Application time: 0.2248606 seconds
[127.319s][info ][safepoint    ] Entering safepoint region: GenCollectForAllocation
[127.320s][info ][gc,start     ] GC(109) Pause Young (Allocation Failure)
[127.320s][info ][gc,task      ] GC(109) Using 4 workers of 4 for evacuation
[127.328s][debug][gc,ref       ] GC(109) Skipped phase1 of Reference Processing due to unavailable references
[127.328s][debug][gc,ref       ] GC(109) Skipped phase3 of Reference Processing due to unavailable references
[127.328s][debug][gc,ref       ] GC(109) Skipped phase4 of Reference Processing due to unavailable references
[127.328s][debug][gc,age       ] GC(109) Desired survivor size 15368192 bytes, new threshold 6 (max threshold 6)
[127.328s][info ][gc,heap      ] GC(109) ParNew: 242746K->2148K(270336K)
[127.328s][info ][gc,heap      ] GC(109) CMS: 233200K->233561K(600768K)
[127.328s][info ][gc,metaspace ] GC(109) Metaspace: 55958K->55958K(1099776K)
[127.328s][info ][gc           ] GC(109) Pause Young (Allocation Failure) 464M->230M(850M) 8.512ms
[127.328s][info ][gc,cpu       ] GC(109) User=0.01s Sys=0.00s Real=0.01s
[127.328s][info ][safepoint    ] Leaving safepoint region
[127.328s][info ][safepoint    ] Total time for which application threads were stopped: 0.0087224 seconds, Stopping threads took: 0.0000623 seconds
[128.328s][info ][safepoint    ] Application time: 1.0000968 seconds
[128.328s][info ][safepoint    ] Entering safepoint region: Cleanup
[128.328s][info ][safepoint    ] Leaving safepoint region
[128.328s][info ][safepoint    ] Total time for which application threads were stopped: 0.0000820 seconds, Stopping threads took: 0.0000185 seconds
[129.328s][info ][safepoint    ] Application time: 1.0000823 seconds
[129.328s][info ][safepoint    ] Entering safepoint region: Cleanup
[129.329s][info ][safepoint    ] Leaving safepoint region
[129.329s][info ][safepoint    ] Total time for which application threads were stopped: 0.0001380 seconds, Stopping threads took: 0.0000606 seconds
[130.330s][info ][safepoint    ] Application time: 1.0018357 seconds
[130.330s][info ][safepoint    ] Entering safepoint region: Cleanup
[130.331s][info ][safepoint    ] Leaving safepoint region
[130.331s][info ][safepoint    ] Total time for which application threads were stopped: 0.0001429 seconds, Stopping threads took: 0.0000470 seconds
[131.331s][info ][safepoint    ] Application time: 1.0001017 seconds
[131.331s][info ][safepoint    ] Entering safepoint region: Cleanup
[131.331s][info ][safepoint    ] Leaving safepoint region
[131.331s][info ][safepoint    ] Total time for which application threads were stopped: 0.0001215 seconds, Stopping threads took: 0.0000423 seconds
[132.331s][info ][safepoint    ] Application time: 1.0001018 seconds
[132.331s][info ][safepoint    ] Entering safepoint region: Cleanup
[132.331s][info ][safepoint    ] Leaving safepoint region
[132.331s][info ][safepoint    ] Total time for which application threads were stopped: 0.0000870 seconds, Stopping threads took: 0.0000175 seconds
[132.527s][info ][safepoint    ] Application time: 0.1956670 seconds
[132.528s][info ][safepoint    ] Entering safepoint region: GenCollectForAllocation
[132.528s][info ][gc,start     ] GC(110) Pause Young (Allocation Failure)
[132.528s][info ][gc,task      ] GC(110) Using 4 workers of 4 for evacuation
[132.534s][debug][gc,ref       ] GC(110) Skipped phase1 of Reference Processing due to unavailable references
[132.534s][debug][gc,ref       ] GC(110) Skipped phase3 of Reference Processing due to unavailable references
[132.534s][debug][gc,ref       ] GC(110) Skipped phase4 of Reference Processing due to unavailable references
[132.534s][debug][gc,age       ] GC(110) Desired survivor size 15368192 bytes, new threshold 6 (max threshold 6)
[132.534s][info ][gc,heap      ] GC(110) ParNew: 242468K->1666K(270336K)
[132.534s][info ][gc,heap      ] GC(110) CMS: 233561K->233814K(600768K)
[132.534s][info ][gc,metaspace ] GC(110) Metaspace: 55969K->55969K(1099776K)
[132.534s][info ][gc           ] GC(110) Pause Young (Allocation Failure) 464M->229M(850M) 5.994ms
[132.534s][info ][gc,cpu       ] GC(110) User=0.01s Sys=0.00s Real=0.01s
[132.534s][info ][safepoint    ] Leaving safepoint region
[132.534s][info ][safepoint    ] Total time for which application threads were stopped: 0.0071629 seconds, Stopping threads took: 0.0010036 seconds
[133.537s][info ][safepoint    ] Application time: 1.0026354 seconds
[133.537s][info ][safepoint    ] Entering safepoint region: Cleanup
[133.537s][info ][safepoint    ] Leaving safepoint region
[133.537s][info ][safepoint    ] Total time for which application threads were stopped: 0.0001144 seconds, Stopping threads took: 0.0000453 seconds
[134.537s][info ][safepoint    ] Application time: 1.0001071 seconds
[134.537s][info ][safepoint    ] Entering safepoint region: Cleanup
[134.537s][info ][safepoint    ] Leaving safepoint region
[134.537s][info ][safepoint    ] Total time for which application threads were stopped: 0.0001016 seconds, Stopping threads took: 0.0000186 seconds
[135.537s][info ][safepoint    ] Application time: 1.0000768 seconds
[135.537s][info ][safepoint    ] Entering safepoint region: Cleanup
[135.537s][info ][safepoint    ] Leaving safepoint region
[135.537s][info ][safepoint    ] Total time for which application threads were stopped: 0.0000795 seconds, Stopping threads took: 0.0000186 seconds
[136.537s][info ][safepoint    ] Application time: 1.0000831 seconds
[136.538s][info ][safepoint    ] Entering safepoint region: Cleanup
[136.538s][info ][safepoint    ] Leaving safepoint region
[136.538s][info ][safepoint    ] Total time for which application threads were stopped: 0.0003873 seconds, Stopping threads took: 0.0003293 seconds
[137.538s][info ][safepoint    ] Application time: 1.0000552 seconds
[137.538s][info ][safepoint    ] Entering safepoint region: Cleanup
[137.538s][info ][safepoint    ] Leaving safepoint region
[137.538s][info ][safepoint    ] Total time for which application threads were stopped: 0.0000784 seconds, Stopping threads took: 0.0000176 seconds
[137.769s][info ][safepoint    ] Application time: 0.2315198 seconds
[137.769s][info ][safepoint    ] Entering safepoint region: GenCollectForAllocation
[137.770s][info ][gc,start     ] GC(111) Pause Young (Allocation Failure)
[137.770s][info ][gc,task      ] GC(111) Using 4 workers of 4 for evacuation
[137.781s][debug][gc,ref       ] GC(111) Skipped phase1 of Reference Processing due to unavailable references
[137.782s][debug][gc,ref       ] GC(111) Skipped phase3 of Reference Processing due to unavailable references
[137.782s][debug][gc,age       ] GC(111) Desired survivor size 15368192 bytes, new threshold 6 (max threshold 6)
[137.782s][info ][gc,heap      ] GC(111) ParNew: 241986K->1573K(270336K)
[137.782s][info ][gc,heap      ] GC(111) CMS: 233814K->234079K(600768K)
[137.782s][info ][gc,metaspace ] GC(111) Metaspace: 56016K->56016K(1099776K)
[137.782s][info ][gc           ] GC(111) Pause Young (Allocation Failure) 464M->230M(850M) 12.189ms
[137.782s][info ][gc,cpu       ] GC(111) User=0.02s Sys=0.00s Real=0.01s
[137.782s][info ][safepoint    ] Leaving safepoint region
[137.782s][info ][safepoint    ] Total time for which application threads were stopped: 0.0123542 seconds, Stopping threads took: 0.0000180 seconds
[138.782s][info ][safepoint    ] Application time: 1.0001055 seconds
[138.782s][info ][safepoint    ] Entering safepoint region: Cleanup
[138.782s][info ][safepoint    ] Leaving safepoint region
[138.782s][info ][safepoint    ] Total time for which application threads were stopped: 0.0000728 seconds, Stopping threads took: 0.0000163 seconds
[139.782s][info ][safepoint    ] Application time: 1.0000973 seconds
[139.782s][info ][safepoint    ] Entering safepoint region: Cleanup
[139.782s][info ][safepoint    ] Leaving safepoint region
[139.782s][info ][safepoint    ] Total time for which application threads were stopped: 0.0000664 seconds, Stopping threads took: 0.0000178 seconds
[140.782s][info ][safepoint    ] Application time: 1.0002613 seconds
[140.782s][info ][safepoint    ] Entering safepoint region: Cleanup
[140.783s][info ][safepoint    ] Leaving safepoint region
[140.783s][info ][safepoint    ] Total time for which application threads were stopped: 0.0000646 seconds, Stopping threads took: 0.0000166 seconds
[141.783s][info ][safepoint    ] Application time: 1.0000837 seconds
[141.783s][info ][safepoint    ] Entering safepoint region: Cleanup
[141.783s][info ][safepoint    ] Leaving safepoint region
[141.783s][info ][safepoint    ] Total time for which application threads were stopped: 0.0000985 seconds, Stopping threads took: 0.0000172 seconds
[142.778s][info ][safepoint    ] Application time: 0.9948022 seconds
[142.778s][info ][safepoint    ] Entering safepoint region: GenCollectForAllocation
[142.778s][info ][gc,start     ] GC(112) Pause Young (Allocation Failure)
[142.778s][info ][gc,task      ] GC(112) Using 4 workers of 4 for evacuation
[142.783s][debug][gc,ref       ] GC(112) Skipped phase1 of Reference Processing due to unavailable references
[142.783s][debug][gc,ref       ] GC(112) Skipped phase3 of Reference Processing due to unavailable references
[142.783s][debug][gc,ref       ] GC(112) Skipped phase4 of Reference Processing due to unavailable references
[142.783s][debug][gc,age       ] GC(112) Desired survivor size 15368192 bytes, new threshold 6 (max threshold 6)
[142.783s][info ][gc,heap      ] GC(112) ParNew: 241893K->1594K(270336K)
[142.783s][info ][gc,heap      ] GC(112) CMS: 234079K->234175K(600768K)
[142.783s][info ][gc,metaspace ] GC(112) Metaspace: 56027K->56027K(1099776K)
[142.783s][info ][gc           ] GC(112) Pause Young (Allocation Failure) 464M->230M(850M) 5.641ms
[142.783s][info ][gc,cpu       ] GC(112) User=0.01s Sys=0.00s Real=0.00s
[142.783s][info ][safepoint    ] Leaving safepoint region
[142.783s][info ][safepoint    ] Total time for which application threads were stopped: 0.0058323 seconds, Stopping threads took: 0.0000169 seconds
[143.784s][info ][safepoint    ] Application time: 1.0001106 seconds
[143.784s][info ][safepoint    ] Entering safepoint region: Cleanup
[143.784s][info ][safepoint    ] Leaving safepoint region
[143.784s][info ][safepoint    ] Total time for which application threads were stopped: 0.0001027 seconds, Stopping threads took: 0.0000176 seconds
[144.784s][info ][safepoint    ] Application time: 1.0000803 seconds
[144.784s][info ][safepoint    ] Entering safepoint region: Cleanup
[144.784s][info ][safepoint    ] Leaving safepoint region
[144.784s][info ][safepoint    ] Total time for which application threads were stopped: 0.0001075 seconds, Stopping threads took: 0.0000410 seconds
[145.784s][info ][safepoint    ] Application time: 1.0000920 seconds
[145.784s][info ][safepoint    ] Entering safepoint region: Cleanup
[145.784s][info ][safepoint    ] Leaving safepoint region
[145.784s][info ][safepoint    ] Total time for which application threads were stopped: 0.0000866 seconds, Stopping threads took: 0.0000181 seconds
[146.784s][info ][safepoint    ] Application time: 1.0000953 seconds
[146.784s][info ][safepoint    ] Entering safepoint region: Cleanup
[146.784s][info ][safepoint    ] Leaving safepoint region
[146.784s][info ][safepoint    ] Total time for which application threads were stopped: 0.0000783 seconds, Stopping threads took: 0.0000190 seconds
[147.784s][info ][safepoint    ] Application time: 1.0000891 seconds
[147.784s][info ][safepoint    ] Entering safepoint region: Cleanup
[147.785s][info ][safepoint    ] Leaving safepoint region
[147.785s][info ][safepoint    ] Total time for which application threads were stopped: 0.0001394 seconds, Stopping threads took: 0.0000305 seconds
[147.921s][info ][safepoint    ] Application time: 0.1365906 seconds
[147.921s][info ][safepoint    ] Entering safepoint region: GenCollectForAllocation
[147.921s][info ][gc,start     ] GC(113) Pause Young (Allocation Failure)
[147.921s][info ][gc,task      ] GC(113) Using 4 workers of 4 for evacuation
[147.924s][debug][gc,ref       ] GC(113) Skipped phase1 of Reference Processing due to unavailable references
[147.924s][debug][gc,ref       ] GC(113) Skipped phase3 of Reference Processing due to unavailable references
[147.924s][debug][gc,age       ] GC(113) Desired survivor size 15368192 bytes, new threshold 6 (max threshold 6)
[147.924s][info ][gc,heap      ] GC(113) ParNew: 241914K->1944K(270336K)
[147.924s][info ][gc,heap      ] GC(113) CMS: 234175K->234402K(600768K)
[147.924s][info ][gc,metaspace ] GC(113) Metaspace: 56062K->56062K(1099776K)
[147.924s][info ][gc           ] GC(113) Pause Young (Allocation Failure) 464M->230M(850M) 2.983ms
[147.924s][info ][gc,cpu       ] GC(113) User=0.01s Sys=0.00s Real=0.01s
[147.924s][info ][safepoint    ] Leaving safepoint region
[147.924s][info ][safepoint    ] Total time for which application threads were stopped: 0.0031635 seconds, Stopping threads took: 0.0000366 seconds
[148.928s][info ][safepoint    ] Application time: 1.0033856 seconds
[148.928s][info ][safepoint    ] Entering safepoint region: Cleanup
[148.928s][info ][safepoint    ] Leaving safepoint region
[148.928s][info ][safepoint    ] Total time for which application threads were stopped: 0.0001034 seconds, Stopping threads took: 0.0000330 seconds
[149.928s][info ][safepoint    ] Application time: 1.0001982 seconds
[149.928s][info ][safepoint    ] Entering safepoint region: Cleanup
[149.928s][info ][safepoint    ] Leaving safepoint region
[149.928s][info ][safepoint    ] Total time for which application threads were stopped: 0.0001333 seconds, Stopping threads took: 0.0000367 seconds
[150.928s][info ][safepoint    ] Application time: 1.0000883 seconds
[150.928s][info ][safepoint    ] Entering safepoint region: Cleanup
[150.928s][info ][safepoint    ] Leaving safepoint region
[150.928s][info ][safepoint    ] Total time for which application threads were stopped: 0.0000737 seconds, Stopping threads took: 0.0000182 seconds
[151.929s][info ][safepoint    ] Application time: 1.0003823 seconds
[151.929s][info ][safepoint    ] Entering safepoint region: Cleanup
[151.929s][info ][safepoint    ] Leaving safepoint region
[151.929s][info ][safepoint    ] Total time for which application threads were stopped: 0.0000961 seconds, Stopping threads took: 0.0000393 seconds
[152.922s][info ][safepoint    ] Application time: 0.9927895 seconds
[152.922s][info ][safepoint    ] Entering safepoint region: GenCollectForAllocation
[152.922s][info ][gc,start     ] GC(114) Pause Young (Allocation Failure)
[152.922s][info ][gc,task      ] GC(114) Using 4 workers of 4 for evacuation
[152.926s][debug][gc,ref       ] GC(114) Skipped phase1 of Reference Processing due to unavailable references
[152.926s][debug][gc,ref       ] GC(114) Skipped phase3 of Reference Processing due to unavailable references
[152.926s][debug][gc,ref       ] GC(114) Skipped phase4 of Reference Processing due to unavailable references
[152.926s][debug][gc,age       ] GC(114) Desired survivor size 15368192 bytes, new threshold 6 (max threshold 6)
[152.926s][info ][gc,heap      ] GC(114) ParNew: 242264K->2828K(270336K)
[152.926s][info ][gc,heap      ] GC(114) CMS: 234402K->234475K(600768K)
[152.926s][info ][gc,metaspace ] GC(114) Metaspace: 56077K->56077K(1099776K)
[152.926s][info ][gc           ] GC(114) Pause Young (Allocation Failure) 465M->231M(850M) 4.248ms
[152.926s][info ][gc,cpu       ] GC(114) User=0.01s Sys=0.00s Real=0.01s
[152.926s][info ][safepoint    ] Leaving safepoint region
[152.926s][info ][safepoint    ] Total time for which application threads were stopped: 0.0044620 seconds, Stopping threads took: 0.0000419 seconds
[153.926s][info ][safepoint    ] Application time: 1.0001069 seconds
[153.926s][info ][safepoint    ] Entering safepoint region: Cleanup
[153.927s][info ][safepoint    ] Leaving safepoint region
[153.927s][info ][safepoint    ] Total time for which application threads were stopped: 0.0001544 seconds, Stopping threads took: 0.0000636 seconds
[154.927s][info ][safepoint    ] Application time: 1.0001051 seconds
[154.927s][info ][safepoint    ] Entering safepoint region: Cleanup
[154.927s][info ][safepoint    ] Leaving safepoint region
[154.927s][info ][safepoint    ] Total time for which application threads were stopped: 0.0003964 seconds, Stopping threads took: 0.0002818 seconds
[155.927s][info ][safepoint    ] Application time: 1.0000952 seconds
[155.927s][info ][safepoint    ] Entering safepoint region: Cleanup
[155.927s][info ][safepoint    ] Leaving safepoint region
[155.927s][info ][safepoint    ] Total time for which application threads were stopped: 0.0002723 seconds, Stopping threads took: 0.0001356 seconds
[156.928s][info ][safepoint    ] Application time: 1.0002066 seconds
[156.928s][info ][safepoint    ] Entering safepoint region: Cleanup
[156.928s][info ][safepoint    ] Leaving safepoint region
[156.928s][info ][safepoint    ] Total time for which application threads were stopped: 0.0000982 seconds, Stopping threads took: 0.0000204 seconds
[157.928s][info ][safepoint    ] Application time: 1.0000813 seconds
[157.928s][info ][safepoint    ] Entering safepoint region: Cleanup
[157.928s][info ][safepoint    ] Leaving safepoint region
[157.928s][info ][safepoint    ] Total time for which application threads were stopped: 0.0003487 seconds, Stopping threads took: 0.0000933 seconds
[158.120s][info ][safepoint    ] Application time: 0.1917358 seconds
[158.120s][info ][safepoint    ] Entering safepoint region: GenCollectForAllocation
[158.120s][info ][gc,start     ] GC(115) Pause Young (Allocation Failure)
[158.120s][info ][gc,task      ] GC(115) Using 4 workers of 4 for evacuation
[158.124s][debug][gc,ref       ] GC(115) Skipped phase1 of Reference Processing due to unavailable references
[158.124s][debug][gc,ref       ] GC(115) Skipped phase3 of Reference Processing due to unavailable references
[158.124s][debug][gc,ref       ] GC(115) Skipped phase4 of Reference Processing due to unavailable references
[158.124s][debug][gc,age       ] GC(115) Desired survivor size 15368192 bytes, new threshold 6 (max threshold 6)
[158.124s][info ][gc,heap      ] GC(115) ParNew: 243148K->3294K(270336K)
[158.124s][info ][gc,heap      ] GC(115) CMS: 234475K->234628K(600768K)
[158.124s][info ][gc,metaspace ] GC(115) Metaspace: 56106K->56106K(1099776K)
[158.124s][info ][gc           ] GC(115) Pause Young (Allocation Failure) 466M->232M(850M) 3.726ms
[158.124s][info ][gc,cpu       ] GC(115) User=0.01s Sys=0.00s Real=0.01s
[158.124s][info ][safepoint    ] Leaving safepoint region
[158.124s][info ][safepoint    ] Total time for which application threads were stopped: 0.0038834 seconds, Stopping threads took: 0.0000187 seconds
[159.124s][info ][safepoint    ] Application time: 1.0001008 seconds
[159.124s][info ][safepoint    ] Entering safepoint region: Cleanup
[159.124s][info ][safepoint    ] Leaving safepoint region
[159.124s][info ][safepoint    ] Total time for which application threads were stopped: 0.0001333 seconds, Stopping threads took: 0.0000455 seconds
[160.124s][info ][safepoint    ] Application time: 1.0001003 seconds
[160.124s][info ][safepoint    ] Entering safepoint region: Cleanup
[160.125s][info ][safepoint    ] Leaving safepoint region
[160.125s][info ][safepoint    ] Total time for which application threads were stopped: 0.0001780 seconds, Stopping threads took: 0.0000972 seconds
[161.125s][info ][safepoint    ] Application time: 1.0005574 seconds
[161.125s][info ][safepoint    ] Entering safepoint region: Cleanup
[161.125s][info ][safepoint    ] Leaving safepoint region
[161.125s][info ][safepoint    ] Total time for which application threads were stopped: 0.0001320 seconds, Stopping threads took: 0.0000409 seconds
[162.125s][info ][safepoint    ] Application time: 1.0001773 seconds
[162.126s][info ][safepoint    ] Entering safepoint region: Cleanup
[162.126s][info ][safepoint    ] Leaving safepoint region
[162.126s][info ][safepoint    ] Total time for which application threads were stopped: 0.0001139 seconds, Stopping threads took: 0.0000422 seconds
[162.474s][info ][safepoint    ] Application time: 0.3482709 seconds
[162.474s][info ][safepoint    ] Entering safepoint region: GenCollectForAllocation
[162.474s][info ][gc,start     ] GC(116) Pause Young (Allocation Failure)
[162.474s][info ][gc,task      ] GC(116) Using 4 workers of 4 for evacuation
[162.484s][debug][gc,ref       ] GC(116) Skipped phase1 of Reference Processing due to unavailable references
[162.484s][debug][gc,ref       ] GC(116) Skipped phase3 of Reference Processing due to unavailable references
[162.484s][debug][gc,ref       ] GC(116) Skipped phase4 of Reference Processing due to unavailable references
[162.484s][debug][gc,age       ] GC(116) Desired survivor size 15368192 bytes, new threshold 6 (max threshold 6)
[162.484s][info ][gc,heap      ] GC(116) ParNew: 243614K->5874K(270336K)
[162.484s][info ][gc,heap      ] GC(116) CMS: 234628K->234796K(600768K)
[162.484s][info ][gc,metaspace ] GC(116) Metaspace: 56113K->56113K(1099776K)
[162.484s][info ][gc           ] GC(116) Pause Young (Allocation Failure) 467M->235M(850M) 9.821ms
[162.484s][info ][gc,cpu       ] GC(116) User=0.02s Sys=0.00s Real=0.01s
[162.484s][info ][safepoint    ] Leaving safepoint region
[162.484s][info ][safepoint    ] Total time for which application threads were stopped: 0.0100315 seconds, Stopping threads took: 0.0000180 seconds
[163.484s][info ][safepoint    ] Application time: 1.0001313 seconds
[163.484s][info ][safepoint    ] Entering safepoint region: Cleanup
[163.484s][info ][safepoint    ] Leaving safepoint region
[163.484s][info ][safepoint    ] Total time for which application threads were stopped: 0.0000724 seconds, Stopping threads took: 0.0000189 seconds
[164.484s][info ][safepoint    ] Application time: 1.0000768 seconds
[164.484s][info ][safepoint    ] Entering safepoint region: Cleanup
[164.484s][info ][safepoint    ] Leaving safepoint region
[164.484s][info ][safepoint    ] Total time for which application threads were stopped: 0.0000757 seconds, Stopping threads took: 0.0000191 seconds
[165.484s][info ][safepoint    ] Application time: 1.0000406 seconds
[165.484s][info ][safepoint    ] Entering safepoint region: Cleanup
[165.485s][info ][safepoint    ] Leaving safepoint region
[165.485s][info ][safepoint    ] Total time for which application threads were stopped: 0.0000847 seconds, Stopping threads took: 0.0000187 seconds
[166.485s][info ][safepoint    ] Application time: 1.0000761 seconds
[166.948s][info ][safepoint    ] Entering safepoint region: Cleanup
[166.948s][info ][safepoint    ] Leaving safepoint region
[166.948s][info ][safepoint    ] Total time for which application threads were stopped: 0.0000909 seconds, Stopping threads took: 0.0000282 seconds
[167.223s][info ][safepoint    ] Application time: 0.2743509 seconds
[167.223s][info ][safepoint    ] Entering safepoint region: GenCollectForAllocation
[167.223s][info ][gc,start     ] GC(117) Pause Young (Allocation Failure)
[167.223s][info ][gc,task      ] GC(117) Using 4 workers of 4 for evacuation
[167.233s][debug][gc,ref       ] GC(117) Skipped phase1 of Reference Processing due to unavailable references
[167.233s][debug][gc,ref       ] GC(117) Skipped phase3 of Reference Processing due to unavailable references
[167.233s][debug][gc,ref       ] GC(117) Skipped phase4 of Reference Processing due to unavailable references
[167.233s][debug][gc,age       ] GC(117) Desired survivor size 15368192 bytes, new threshold 6 (max threshold 6)
[167.233s][info ][gc,heap      ] GC(117) ParNew: 246194K->6025K(270336K)
[167.233s][info ][gc,heap      ] GC(117) CMS: 234796K->235015K(600768K)
[167.233s][info ][gc,metaspace ] GC(117) Metaspace: 56123K->56123K(1099776K)
[167.233s][info ][gc           ] GC(117) Pause Young (Allocation Failure) 469M->235M(850M) 10.327ms
[167.233s][info ][gc,cpu       ] GC(117) User=0.02s Sys=0.00s Real=0.02s
[167.233s][info ][safepoint    ] Leaving safepoint region
[167.233s][info ][safepoint    ] Total time for which application threads were stopped: 0.0104816 seconds, Stopping threads took: 0.0000184 seconds
[168.233s][info ][safepoint    ] Application time: 1.0001148 seconds
[168.233s][info ][safepoint    ] Entering safepoint region: Cleanup
[168.233s][info ][safepoint    ] Leaving safepoint region
[168.233s][info ][safepoint    ] Total time for which application threads were stopped: 0.0002023 seconds, Stopping threads took: 0.0001069 seconds
[169.233s][info ][safepoint    ] Application time: 1.0000962 seconds
[169.234s][info ][safepoint    ] Entering safepoint region: Cleanup
[169.234s][info ][safepoint    ] Leaving safepoint region
[169.234s][info ][safepoint    ] Total time for which application threads were stopped: 0.0000755 seconds, Stopping threads took: 0.0000186 seconds
[170.234s][info ][safepoint    ] Application time: 1.0001002 seconds
[170.236s][info ][safepoint    ] Entering safepoint region: Cleanup
[170.236s][info ][safepoint    ] Leaving safepoint region
[170.236s][info ][safepoint    ] Total time for which application threads were stopped: 0.0021994 seconds, Stopping threads took: 0.0021160 seconds
[171.236s][info ][safepoint    ] Application time: 1.0000635 seconds
[171.236s][info ][safepoint    ] Entering safepoint region: Cleanup
[171.236s][info ][safepoint    ] Leaving safepoint region
[171.236s][info ][safepoint    ] Total time for which application threads were stopped: 0.0000728 seconds, Stopping threads took: 0.0000170 seconds
[171.926s][info ][safepoint    ] Application time: 0.6901249 seconds
[171.926s][info ][safepoint    ] Entering safepoint region: GenCollectForAllocation
[171.926s][info ][gc,start     ] GC(118) Pause Young (Allocation Failure)
[171.926s][info ][gc,task      ] GC(118) Using 4 workers of 4 for evacuation
[171.931s][debug][gc,ref       ] GC(118) Skipped phase1 of Reference Processing due to unavailable references
[171.931s][debug][gc,ref       ] GC(118) Skipped phase3 of Reference Processing due to unavailable references
[171.931s][debug][gc,ref       ] GC(118) Skipped phase4 of Reference Processing due to unavailable references
[171.931s][debug][gc,age       ] GC(118) Desired survivor size 15368192 bytes, new threshold 6 (max threshold 6)
[171.931s][info ][gc,heap      ] GC(118) ParNew: 246345K->6582K(270336K)
[171.931s][info ][gc,heap      ] GC(118) CMS: 235015K->235165K(600768K)
[171.931s][info ][gc,metaspace ] GC(118) Metaspace: 56138K->56138K(1099776K)
[171.931s][info ][gc           ] GC(118) Pause Young (Allocation Failure) 470M->236M(850M) 4.875ms
[171.931s][info ][gc,cpu       ] GC(118) User=0.01s Sys=0.00s Real=0.00s
[171.931s][info ][safepoint    ] Leaving safepoint region
[171.931s][info ][safepoint    ] Total time for which application threads were stopped: 0.0050533 seconds, Stopping threads took: 0.0000305 seconds
[172.932s][info ][safepoint    ] Application time: 1.0003074 seconds
[172.932s][info ][safepoint    ] Entering safepoint region: Cleanup
[172.932s][info ][safepoint    ] Leaving safepoint region
[172.932s][info ][safepoint    ] Total time for which application threads were stopped: 0.0001040 seconds, Stopping threads took: 0.0000311 seconds
[173.932s][info ][safepoint    ] Application time: 1.0000856 seconds
[173.932s][info ][safepoint    ] Entering safepoint region: Cleanup
[173.932s][info ][safepoint    ] Leaving safepoint region
[173.932s][info ][safepoint    ] Total time for which application threads were stopped: 0.0002286 seconds, Stopping threads took: 0.0001451 seconds
[174.932s][info ][safepoint    ] Application time: 1.0000924 seconds
[174.932s][info ][safepoint    ] Entering safepoint region: Cleanup
[174.932s][info ][safepoint    ] Leaving safepoint region
[174.932s][info ][safepoint    ] Total time for which application threads were stopped: 0.0000679 seconds, Stopping threads took: 0.0000190 seconds
[175.932s][info ][safepoint    ] Application time: 1.0000607 seconds
[175.932s][info ][safepoint    ] Entering safepoint region: Cleanup
[175.932s][info ][safepoint    ] Leaving safepoint region
[175.932s][info ][safepoint    ] Total time for which application threads were stopped: 0.0001013 seconds, Stopping threads took: 0.0000245 seconds
[176.672s][info ][safepoint    ] Application time: 0.7399532 seconds
[176.672s][info ][safepoint    ] Entering safepoint region: GenCollectForAllocation
[176.673s][info ][gc,start     ] GC(119) Pause Young (Allocation Failure)
[176.673s][info ][gc,task      ] GC(119) Using 4 workers of 4 for evacuation
[176.688s][debug][gc,ref       ] GC(119) Skipped phase1 of Reference Processing due to unavailable references
[176.688s][debug][gc,ref       ] GC(119) Skipped phase2 of Reference Processing due to unavailable references
[176.688s][debug][gc,ref       ] GC(119) Skipped phase3 of Reference Processing due to unavailable references
[176.688s][debug][gc,ref       ] GC(119) Skipped phase4 of Reference Processing due to unavailable references
[176.688s][debug][gc,age       ] GC(119) Desired survivor size 15368192 bytes, new threshold 6 (max threshold 6)
[176.688s][info ][gc,heap      ] GC(119) ParNew: 246902K->6739K(270336K)
[176.688s][info ][gc,heap      ] GC(119) CMS: 235165K->235366K(600768K)
[176.688s][info ][gc,metaspace ] GC(119) Metaspace: 56148K->56148K(1099776K)
[176.688s][info ][gc           ] GC(119) Pause Young (Allocation Failure) 470M->236M(850M) 15.439ms
[176.688s][info ][gc,cpu       ] GC(119) User=0.02s Sys=0.01s Real=0.01s
[176.688s][info ][safepoint    ] Leaving safepoint region
[176.688s][info ][safepoint    ] Total time for which application threads were stopped: 0.0157000 seconds, Stopping threads took: 0.0000182 seconds
[177.688s][info ][safepoint    ] Application time: 1.0001061 seconds
[177.688s][info ][safepoint    ] Entering safepoint region: Cleanup
[177.688s][info ][safepoint    ] Leaving safepoint region
[177.688s][info ][safepoint    ] Total time for which application threads were stopped: 0.0000835 seconds, Stopping threads took: 0.0000188 seconds
[178.689s][info ][safepoint    ] Application time: 1.0000901 seconds
[178.689s][info ][safepoint    ] Entering safepoint region: Cleanup
[178.689s][info ][safepoint    ] Leaving safepoint region
[178.689s][info ][safepoint    ] Total time for which application threads were stopped: 0.0001394 seconds, Stopping threads took: 0.0000202 seconds
[179.689s][info ][safepoint    ] Application time: 1.0001309 seconds
[179.689s][info ][safepoint    ] Entering safepoint region: Cleanup
[179.689s][info ][safepoint    ] Leaving safepoint region
[179.689s][info ][safepoint    ] Total time for which application threads were stopped: 0.0000838 seconds, Stopping threads took: 0.0000193 seconds
[180.689s][info ][safepoint    ] Application time: 1.0000917 seconds
[180.689s][info ][safepoint    ] Entering safepoint region: Cleanup
[180.689s][info ][safepoint    ] Leaving safepoint region
[180.689s][info ][safepoint    ] Total time for which application threads were stopped: 0.0000897 seconds, Stopping threads took: 0.0000188 seconds
[181.370s][info ][safepoint    ] Application time: 0.6812267 seconds
[181.370s][info ][safepoint    ] Entering safepoint region: GenCollectForAllocation
[181.371s][info ][gc,start     ] GC(120) Pause Young (Allocation Failure)
[181.371s][info ][gc,task      ] GC(120) Using 4 workers of 4 for evacuation
[181.375s][debug][gc,ref       ] GC(120) Skipped phase1 of Reference Processing due to unavailable references
[181.375s][debug][gc,ref       ] GC(120) Skipped phase2 of Reference Processing due to unavailable references
[181.375s][debug][gc,ref       ] GC(120) Skipped phase3 of Reference Processing due to unavailable references
[181.375s][debug][gc,ref       ] GC(120) Skipped phase4 of Reference Processing due to unavailable references
[181.375s][debug][gc,age       ] GC(120) Desired survivor size 15368192 bytes, new threshold 6 (max threshold 6)
[181.375s][info ][gc,heap      ] GC(120) ParNew: 247059K->4530K(270336K)
[181.375s][info ][gc,heap      ] GC(120) CMS: 235366K->236346K(600768K)
[181.375s][info ][gc,metaspace ] GC(120) Metaspace: 56157K->56157K(1099776K)
[181.375s][info ][gc           ] GC(120) Pause Young (Allocation Failure) 471M->235M(850M) 4.938ms
[181.376s][info ][gc,cpu       ] GC(120) User=0.01s Sys=0.00s Real=0.01s
[181.376s][info ][safepoint    ] Leaving safepoint region
[181.376s][info ][safepoint    ] Total time for which application threads were stopped: 0.0051474 seconds, Stopping threads took: 0.0000187 seconds
[182.376s][info ][safepoint    ] Application time: 1.0001075 seconds
[182.376s][info ][safepoint    ] Entering safepoint region: Cleanup
[182.376s][info ][safepoint    ] Leaving safepoint region
[182.376s][info ][safepoint    ] Total time for which application threads were stopped: 0.0001239 seconds, Stopping threads took: 0.0000445 seconds
[183.376s][info ][safepoint    ] Application time: 1.0001097 seconds
[183.376s][info ][safepoint    ] Entering safepoint region: Cleanup
[183.376s][info ][safepoint    ] Leaving safepoint region
[183.376s][info ][safepoint    ] Total time for which application threads were stopped: 0.0001415 seconds, Stopping threads took: 0.0000633 seconds
[184.376s][info ][safepoint    ] Application time: 1.0000863 seconds
[184.376s][info ][safepoint    ] Entering safepoint region: Cleanup
[184.376s][info ][safepoint    ] Leaving safepoint region
[184.376s][info ][safepoint    ] Total time for which application threads were stopped: 0.0001678 seconds, Stopping threads took: 0.0000890 seconds
[185.377s][info ][safepoint    ] Application time: 1.0000994 seconds
[185.377s][info ][safepoint    ] Entering safepoint region: Cleanup
[185.377s][info ][safepoint    ] Leaving safepoint region
[185.377s][info ][safepoint    ] Total time for which application threads were stopped: 0.0002437 seconds, Stopping threads took: 0.0001436 seconds
[185.878s][info ][safepoint    ] Application time: 0.5015607 seconds
[185.878s][info ][safepoint    ] Entering safepoint region: GenCollectForAllocation
[185.879s][info ][gc,start     ] GC(121) Pause Young (Allocation Failure)
[185.879s][info ][gc,task      ] GC(121) Using 4 workers of 4 for evacuation
[185.882s][debug][gc,ref       ] GC(121) Skipped phase1 of Reference Processing due to unavailable references
[185.882s][debug][gc,ref       ] GC(121) Skipped phase2 of Reference Processing due to unavailable references
[185.882s][debug][gc,ref       ] GC(121) Skipped phase3 of Reference Processing due to unavailable references
[185.882s][debug][gc,ref       ] GC(121) Skipped phase4 of Reference Processing due to unavailable references
[185.883s][debug][gc,age       ] GC(121) Desired survivor size 15368192 bytes, new threshold 6 (max threshold 6)
[185.883s][info ][gc,heap      ] GC(121) ParNew: 244850K->4782K(270336K)
[185.883s][info ][gc,heap      ] GC(121) CMS: 236346K->236511K(600768K)
[185.883s][info ][gc,metaspace ] GC(121) Metaspace: 56163K->56163K(1099776K)
[185.883s][info ][gc           ] GC(121) Pause Young (Allocation Failure) 469M->235M(850M) 4.073ms
[185.883s][info ][gc,cpu       ] GC(121) User=0.01s Sys=0.00s Real=0.00s
[185.883s][info ][safepoint    ] Leaving safepoint region
[185.883s][info ][safepoint    ] Total time for which application threads were stopped: 0.0042451 seconds, Stopping threads took: 0.0000166 seconds
[186.883s][info ][safepoint    ] Application time: 1.0001143 seconds
[186.883s][info ][safepoint    ] Entering safepoint region: Cleanup
[186.883s][info ][safepoint    ] Leaving safepoint region
[186.883s][info ][safepoint    ] Total time for which application threads were stopped: 0.0000908 seconds, Stopping threads took: 0.0000183 seconds
[187.883s][info ][safepoint    ] Application time: 1.0001478 seconds
[187.883s][info ][safepoint    ] Entering safepoint region: Cleanup
[187.883s][info ][safepoint    ] Leaving safepoint region
[187.883s][info ][safepoint    ] Total time for which application threads were stopped: 0.0000878 seconds, Stopping threads took: 0.0000191 seconds
[188.883s][info ][safepoint    ] Application time: 1.0000963 seconds
[188.883s][info ][safepoint    ] Entering safepoint region: Cleanup
[188.883s][info ][safepoint    ] Leaving safepoint region
[188.883s][info ][safepoint    ] Total time for which application threads were stopped: 0.0000801 seconds, Stopping threads took: 0.0000196 seconds
[189.884s][info ][safepoint    ] Application time: 1.0001924 seconds
[189.884s][info ][safepoint    ] Entering safepoint region: Cleanup
[189.884s][info ][safepoint    ] Leaving safepoint region
[189.884s][info ][safepoint    ] Total time for which application threads were stopped: 0.0000977 seconds, Stopping threads took: 0.0000192 seconds
[190.469s][info ][safepoint    ] Application time: 0.5849218 seconds
[190.469s][info ][safepoint    ] Entering safepoint region: GenCollectForAllocation
[190.469s][info ][gc,start     ] GC(122) Pause Young (Allocation Failure)
[190.469s][info ][gc,task      ] GC(122) Using 4 workers of 4 for evacuation
[190.475s][debug][gc,ref       ] GC(122) Skipped phase1 of Reference Processing due to unavailable references
[190.475s][debug][gc,ref       ] GC(122) Skipped phase2 of Reference Processing due to unavailable references
[190.475s][debug][gc,ref       ] GC(122) Skipped phase3 of Reference Processing due to unavailable references
[190.475s][debug][gc,ref       ] GC(122) Skipped phase4 of Reference Processing due to unavailable references
[190.475s][debug][gc,age       ] GC(122) Desired survivor size 15368192 bytes, new threshold 6 (max threshold 6)
[190.475s][info ][gc,heap      ] GC(122) ParNew: 245102K->3628K(270336K)
[190.475s][info ][gc,heap      ] GC(122) CMS: 236511K->239071K(600768K)
[190.475s][info ][gc,metaspace ] GC(122) Metaspace: 56188K->56188K(1099776K)
[190.475s][info ][gc           ] GC(122) Pause Young (Allocation Failure) 470M->237M(850M) 6.069ms
[190.475s][info ][gc,cpu       ] GC(122) User=0.02s Sys=0.00s Real=0.01s
[190.475s][info ][safepoint    ] Leaving safepoint region
[190.475s][info ][safepoint    ] Total time for which application threads were stopped: 0.0062495 seconds, Stopping threads took: 0.0000292 seconds
[191.475s][info ][safepoint    ] Application time: 1.0001074 seconds
[191.475s][info ][safepoint    ] Entering safepoint region: Cleanup
[191.475s][info ][safepoint    ] Leaving safepoint region
[191.475s][info ][safepoint    ] Total time for which application threads were stopped: 0.0001902 seconds, Stopping threads took: 0.0000439 seconds
[192.475s][info ][safepoint    ] Application time: 1.0001335 seconds
[192.476s][info ][safepoint    ] Entering safepoint region: Cleanup
[192.476s][info ][safepoint    ] Leaving safepoint region
[192.476s][info ][safepoint    ] Total time for which application threads were stopped: 0.0002775 seconds, Stopping threads took: 0.0001891 seconds
[193.476s][info ][safepoint    ] Application time: 1.0001021 seconds
[193.476s][info ][safepoint    ] Entering safepoint region: Cleanup
[193.476s][info ][safepoint    ] Leaving safepoint region
[193.476s][info ][safepoint    ] Total time for which application threads were stopped: 0.0001504 seconds, Stopping threads took: 0.0000636 seconds
[194.476s][info ][safepoint    ] Application time: 1.0000885 seconds
[194.476s][info ][safepoint    ] Entering safepoint region: Cleanup
[194.476s][info ][safepoint    ] Leaving safepoint region
[194.476s][info ][safepoint    ] Total time for which application threads were stopped: 0.0001356 seconds, Stopping threads took: 0.0000434 seconds
[195.121s][info ][safepoint    ] Application time: 0.6448427 seconds
[195.121s][info ][safepoint    ] Entering safepoint region: GenCollectForAllocation
[195.121s][info ][gc,start     ] GC(123) Pause Young (Allocation Failure)
[195.121s][info ][gc,task      ] GC(123) Using 4 workers of 4 for evacuation
[195.124s][debug][gc,ref       ] GC(123) Skipped phase1 of Reference Processing due to unavailable references
[195.124s][debug][gc,ref       ] GC(123) Skipped phase2 of Reference Processing due to unavailable references
[195.124s][debug][gc,ref       ] GC(123) Skipped phase3 of Reference Processing due to unavailable references
[195.124s][debug][gc,ref       ] GC(123) Skipped phase4 of Reference Processing due to unavailable references
[195.124s][debug][gc,age       ] GC(123) Desired survivor size 15368192 bytes, new threshold 6 (max threshold 6)
[195.124s][info ][gc,heap      ] GC(123) ParNew: 243948K->1717K(270336K)
[195.124s][info ][gc,heap      ] GC(123) CMS: 239071K->239211K(600768K)
[195.124s][info ][gc,metaspace ] GC(123) Metaspace: 56202K->56202K(1099776K)
[195.124s][info ][gc           ] GC(123) Pause Young (Allocation Failure) 471M->235M(850M) 2.856ms
[195.124s][info ][gc,cpu       ] GC(123) User=0.01s Sys=0.00s Real=0.01s
[195.124s][info ][safepoint    ] Leaving safepoint region
[195.124s][info ][safepoint    ] Total time for which application threads were stopped: 0.0030008 seconds, Stopping threads took: 0.0000172 seconds
[196.124s][info ][safepoint    ] Application time: 1.0001522 seconds
[196.124s][info ][safepoint    ] Entering safepoint region: Cleanup
[196.125s][info ][safepoint    ] Leaving safepoint region
[196.125s][info ][safepoint    ] Total time for which application threads were stopped: 0.0001577 seconds, Stopping threads took: 0.0000887 seconds
[197.125s][info ][safepoint    ] Application time: 1.0001056 seconds
[197.125s][info ][safepoint    ] Entering safepoint region: Cleanup
[197.125s][info ][safepoint    ] Leaving safepoint region
[197.125s][info ][safepoint    ] Total time for which application threads were stopped: 0.0001320 seconds, Stopping threads took: 0.0000430 seconds
[198.125s][info ][safepoint    ] Application time: 1.0001011 seconds
[198.125s][info ][safepoint    ] Entering safepoint region: Cleanup
[198.125s][info ][safepoint    ] Leaving safepoint region
[198.125s][info ][safepoint    ] Total time for which application threads were stopped: 0.0001814 seconds, Stopping threads took: 0.0000959 seconds
[199.125s][info ][safepoint    ] Application time: 1.0000962 seconds
[199.125s][info ][safepoint    ] Entering safepoint region: Cleanup
[199.125s][info ][safepoint    ] Leaving safepoint region
[199.125s][info ][safepoint    ] Total time for which application threads were stopped: 0.0001139 seconds, Stopping threads took: 0.0000418 seconds
[199.572s][info ][safepoint    ] Application time: 0.4466408 seconds
[199.572s][info ][safepoint    ] Entering safepoint region: GenCollectForAllocation
[199.572s][info ][gc,start     ] GC(124) Pause Young (Allocation Failure)
[199.572s][info ][gc,task      ] GC(124) Using 4 workers of 4 for evacuation
[199.575s][debug][gc,ref       ] GC(124) Skipped phase1 of Reference Processing due to unavailable references
[199.575s][debug][gc,ref       ] GC(124) Skipped phase2 of Reference Processing due to unavailable references
[199.575s][debug][gc,ref       ] GC(124) Skipped phase3 of Reference Processing due to unavailable references
[199.575s][debug][gc,ref       ] GC(124) Skipped phase4 of Reference Processing due to unavailable references
[199.575s][debug][gc,age       ] GC(124) Desired survivor size 15368192 bytes, new threshold 6 (max threshold 6)
[199.575s][info ][gc,heap      ] GC(124) ParNew: 242037K->1774K(270336K)
[199.575s][info ][gc,heap      ] GC(124) CMS: 239211K->239314K(600768K)
[199.575s][info ][gc,metaspace ] GC(124) Metaspace: 56209K->56209K(1099776K)
[199.575s][info ][gc           ] GC(124) Pause Young (Allocation Failure) 469M->235M(850M) 3.145ms
[199.575s][info ][gc,cpu       ] GC(124) User=0.01s Sys=0.00s Real=0.00s
[199.575s][info ][safepoint    ] Leaving safepoint region
[199.575s][info ][safepoint    ] Total time for which application threads were stopped: 0.0032908 seconds, Stopping threads took: 0.0000170 seconds
[200.576s][info ][safepoint    ] Application time: 1.0000999 seconds
[200.576s][info ][safepoint    ] Entering safepoint region: Cleanup
[200.576s][info ][safepoint    ] Leaving safepoint region
[200.576s][info ][safepoint    ] Total time for which application threads were stopped: 0.0001997 seconds, Stopping threads took: 0.0001079 seconds
[201.576s][info ][safepoint    ] Application time: 1.0000829 seconds
[201.576s][info ][safepoint    ] Entering safepoint region: Cleanup
[201.576s][info ][safepoint    ] Leaving safepoint region
[201.576s][info ][safepoint    ] Total time for which application threads were stopped: 0.0001510 seconds, Stopping threads took: 0.0000693 seconds
[202.576s][info ][safepoint    ] Application time: 1.0000939 seconds
[202.576s][info ][safepoint    ] Entering safepoint region: Cleanup
[202.576s][info ][safepoint    ] Leaving safepoint region
[202.576s][info ][safepoint    ] Total time for which application threads were stopped: 0.0001080 seconds, Stopping threads took: 0.0000419 seconds
[203.576s][info ][safepoint    ] Application time: 1.0000966 seconds
[203.576s][info ][safepoint    ] Entering safepoint region: Cleanup
[203.577s][info ][safepoint    ] Leaving safepoint region
[203.577s][info ][safepoint    ] Total time for which application threads were stopped: 0.0001236 seconds, Stopping threads took: 0.0000418 seconds
[203.873s][info ][safepoint    ] Application time: 0.2963984 seconds
[203.873s][info ][safepoint    ] Entering safepoint region: GenCollectForAllocation
[203.873s][info ][gc,start     ] GC(125) Pause Young (Allocation Failure)
[203.873s][info ][gc,task      ] GC(125) Using 4 workers of 4 for evacuation
[203.876s][debug][gc,ref       ] GC(125) Skipped phase1 of Reference Processing due to unavailable references
[203.876s][debug][gc,ref       ] GC(125) Skipped phase2 of Reference Processing due to unavailable references
[203.876s][debug][gc,ref       ] GC(125) Skipped phase3 of Reference Processing due to unavailable references
[203.876s][debug][gc,ref       ] GC(125) Skipped phase4 of Reference Processing due to unavailable references
[203.877s][debug][gc,age       ] GC(125) Desired survivor size 15368192 bytes, new threshold 6 (max threshold 6)
[203.877s][info ][gc,heap      ] GC(125) ParNew: 242094K->2301K(270336K)
[203.877s][info ][gc,heap      ] GC(125) CMS: 239314K->239455K(600768K)
[203.877s][info ][gc,metaspace ] GC(125) Metaspace: 56221K->56221K(1099776K)
[203.877s][info ][gc           ] GC(125) Pause Young (Allocation Failure) 470M->236M(850M) 3.453ms
[203.877s][info ][gc,cpu       ] GC(125) User=0.01s Sys=0.00s Real=0.00s
[203.877s][info ][safepoint    ] Leaving safepoint region
[203.877s][info ][safepoint    ] Total time for which application threads were stopped: 0.0036100 seconds, Stopping threads took: 0.0000188 seconds
[204.877s][info ][safepoint    ] Application time: 1.0000955 seconds
[204.877s][info ][safepoint    ] Entering safepoint region: Cleanup
[204.877s][info ][safepoint    ] Leaving safepoint region
[204.877s][info ][safepoint    ] Total time for which application threads were stopped: 0.0000900 seconds, Stopping threads took: 0.0000179 seconds
[205.877s][info ][safepoint    ] Application time: 1.0000873 seconds
[205.877s][info ][safepoint    ] Entering safepoint region: Cleanup
[205.877s][info ][safepoint    ] Leaving safepoint region
[205.877s][info ][safepoint    ] Total time for which application threads were stopped: 0.0001569 seconds, Stopping threads took: 0.0000406 seconds
[206.877s][info ][safepoint    ] Application time: 1.0000944 seconds
[206.877s][info ][safepoint    ] Entering safepoint region: Cleanup
[206.877s][info ][safepoint    ] Leaving safepoint region
[206.877s][info ][safepoint    ] Total time for which application threads were stopped: 0.0001376 seconds, Stopping threads took: 0.0000588 seconds
[207.878s][info ][safepoint    ] Application time: 1.0000863 seconds
[207.878s][info ][safepoint    ] Entering safepoint region: Cleanup
[207.878s][info ][safepoint    ] Leaving safepoint region
[207.878s][info ][safepoint    ] Total time for which application threads were stopped: 0.0001074 seconds, Stopping threads took: 0.0000192 seconds
[207.970s][info ][safepoint    ] Application time: 0.0926756 seconds
[207.970s][info ][safepoint    ] Entering safepoint region: GenCollectForAllocation
[207.970s][info ][gc,start     ] GC(126) Pause Young (Allocation Failure)
[207.971s][info ][gc,task      ] GC(126) Using 4 workers of 4 for evacuation
[207.973s][debug][gc,ref       ] GC(126) Skipped phase1 of Reference Processing due to unavailable references
[207.973s][debug][gc,ref       ] GC(126) Skipped phase2 of Reference Processing due to unavailable references
[207.973s][debug][gc,ref       ] GC(126) Skipped phase3 of Reference Processing due to unavailable references
[207.973s][debug][gc,ref       ] GC(126) Skipped phase4 of Reference Processing due to unavailable references
[207.974s][debug][gc,age       ] GC(126) Desired survivor size 15368192 bytes, new threshold 6 (max threshold 6)
[207.974s][info ][gc,heap      ] GC(126) ParNew: 242621K->2665K(270336K)
[207.974s][info ][gc,heap      ] GC(126) CMS: 239455K->239495K(600768K)
[207.974s][info ][gc,metaspace ] GC(126) Metaspace: 56223K->56223K(1099776K)
[207.974s][info ][gc           ] GC(126) Pause Young (Allocation Failure) 470M->236M(850M) 3.142ms
[207.974s][info ][gc,cpu       ] GC(126) User=0.01s Sys=0.00s Real=0.01s
[207.974s][info ][safepoint    ] Leaving safepoint region
[207.974s][info ][safepoint    ] Total time for which application threads were stopped: 0.0032878 seconds, Stopping threads took: 0.0000177 seconds
[208.974s][info ][safepoint    ] Application time: 1.0001021 seconds
[208.974s][info ][safepoint    ] Entering safepoint region: Cleanup
[208.974s][info ][safepoint    ] Leaving safepoint region
[208.974s][info ][safepoint    ] Total time for which application threads were stopped: 0.0001562 seconds, Stopping threads took: 0.0000832 seconds
[209.974s][info ][safepoint    ] Application time: 1.0001410 seconds
[209.974s][info ][safepoint    ] Entering safepoint region: Cleanup
[209.974s][info ][safepoint    ] Leaving safepoint region
[209.974s][info ][safepoint    ] Total time for which application threads were stopped: 0.0001053 seconds, Stopping threads took: 0.0000412 seconds
[210.974s][info ][safepoint    ] Application time: 1.0000936 seconds
[210.974s][info ][safepoint    ] Entering safepoint region: Cleanup
[210.974s][info ][safepoint    ] Leaving safepoint region
[210.974s][info ][safepoint    ] Total time for which application threads were stopped: 0.0001100 seconds, Stopping threads took: 0.0000413 seconds
[211.975s][info ][safepoint    ] Application time: 1.0001006 seconds
[211.975s][info ][safepoint    ] Entering safepoint region: Cleanup
[211.975s][info ][safepoint    ] Leaving safepoint region
[211.975s][info ][safepoint    ] Total time for which application threads were stopped: 0.0001197 seconds, Stopping threads took: 0.0000436 seconds
[212.572s][info ][safepoint    ] Application time: 0.5970329 seconds
[212.572s][info ][safepoint    ] Entering safepoint region: GenCollectForAllocation
[212.572s][info ][gc,start     ] GC(127) Pause Young (Allocation Failure)
[212.572s][info ][gc,task      ] GC(127) Using 4 workers of 4 for evacuation
[212.575s][debug][gc,ref       ] GC(127) Skipped phase1 of Reference Processing due to unavailable references
[212.575s][debug][gc,ref       ] GC(127) Skipped phase2 of Reference Processing due to unavailable references
[212.575s][debug][gc,ref       ] GC(127) Skipped phase3 of Reference Processing due to unavailable references
[212.575s][debug][gc,ref       ] GC(127) Skipped phase4 of Reference Processing due to unavailable references
[212.575s][debug][gc,age       ] GC(127) Desired survivor size 15368192 bytes, new threshold 6 (max threshold 6)
[212.575s][info ][gc,heap      ] GC(127) ParNew: 242985K->2418K(270336K)
[212.575s][info ][gc,heap      ] GC(127) CMS: 239495K->239705K(600768K)
[212.575s][info ][gc,metaspace ] GC(127) Metaspace: 56229K->56229K(1099776K)
[212.575s][info ][gc           ] GC(127) Pause Young (Allocation Failure) 471M->236M(850M) 3.184ms
[212.575s][info ][gc,cpu       ] GC(127) User=0.01s Sys=0.00s Real=0.00s
[212.575s][info ][safepoint    ] Leaving safepoint region
[212.575s][info ][safepoint    ] Total time for which application threads were stopped: 0.0033376 seconds, Stopping threads took: 0.0000167 seconds
[213.575s][info ][safepoint    ] Application time: 1.0001060 seconds
[213.575s][info ][safepoint    ] Entering safepoint region: Cleanup
[213.576s][info ][safepoint    ] Leaving safepoint region
[213.576s][info ][safepoint    ] Total time for which application threads were stopped: 0.0002638 seconds, Stopping threads took: 0.0001854 seconds
[214.576s][info ][safepoint    ] Application time: 1.0001008 seconds
[214.576s][info ][safepoint    ] Entering safepoint region: Cleanup
[214.576s][info ][safepoint    ] Leaving safepoint region
[214.576s][info ][safepoint    ] Total time for which application threads were stopped: 0.0001084 seconds, Stopping threads took: 0.0000433 seconds
[215.576s][info ][safepoint    ] Application time: 1.0001109 seconds
[215.576s][info ][safepoint    ] Entering safepoint region: Cleanup
[215.576s][info ][safepoint    ] Leaving safepoint region
[215.576s][info ][safepoint    ] Total time for which application threads were stopped: 0.0001318 seconds, Stopping threads took: 0.0000751 seconds
[216.219s][info ][safepoint    ] Application time: 0.6424158 seconds
[216.219s][info ][safepoint    ] Entering safepoint region: Deoptimize
[216.220s][info ][safepoint    ] Leaving safepoint region
[216.220s][info ][safepoint    ] Total time for which application threads were stopped: 0.0014506 seconds, Stopping threads took: 0.0000175 seconds
[217.220s][info ][safepoint    ] Application time: 1.0001061 seconds
[217.220s][info ][safepoint    ] Entering safepoint region: Cleanup
[217.220s][info ][safepoint    ] Leaving safepoint region
[217.220s][info ][safepoint    ] Total time for which application threads were stopped: 0.0001250 seconds, Stopping threads took: 0.0000459 seconds
[217.224s][info ][safepoint    ] Application time: 0.0032595 seconds
[217.224s][info ][safepoint    ] Entering safepoint region: GenCollectForAllocation
[217.224s][info ][gc,start     ] GC(128) Pause Young (Allocation Failure)
[217.224s][info ][gc,task      ] GC(128) Using 4 workers of 4 for evacuation
[217.227s][debug][gc,ref       ] GC(128) Skipped phase1 of Reference Processing due to unavailable references
[217.227s][debug][gc,ref       ] GC(128) Skipped phase2 of Reference Processing due to unavailable references
[217.227s][debug][gc,ref       ] GC(128) Skipped phase3 of Reference Processing due to unavailable references
[217.227s][debug][gc,ref       ] GC(128) Skipped phase4 of Reference Processing due to unavailable references
[217.227s][debug][gc,age       ] GC(128) Desired survivor size 15368192 bytes, new threshold 6 (max threshold 6)
[217.228s][info ][gc,heap      ] GC(128) ParNew: 242738K->1946K(270336K)
[217.228s][info ][gc,heap      ] GC(128) CMS: 239705K->239992K(600768K)
[217.228s][info ][gc,metaspace ] GC(128) Metaspace: 56243K->56243K(1099776K)
[217.228s][info ][gc           ] GC(128) Pause Young (Allocation Failure) 471M->236M(850M) 3.860ms
[217.228s][info ][gc,cpu       ] GC(128) User=0.01s Sys=0.01s Real=0.01s
[217.228s][info ][safepoint    ] Leaving safepoint region
[217.228s][info ][safepoint    ] Total time for which application threads were stopped: 0.0039689 seconds, Stopping threads took: 0.0000094 seconds
[218.228s][info ][safepoint    ] Application time: 1.0000928 seconds
[218.228s][info ][safepoint    ] Entering safepoint region: Cleanup
[218.228s][info ][safepoint    ] Leaving safepoint region
[218.228s][info ][safepoint    ] Total time for which application threads were stopped: 0.0001838 seconds, Stopping threads took: 0.0001052 seconds
[219.228s][info ][safepoint    ] Application time: 1.0000939 seconds
[219.228s][info ][safepoint    ] Entering safepoint region: Cleanup
[219.228s][info ][safepoint    ] Leaving safepoint region
[219.228s][info ][safepoint    ] Total time for which application threads were stopped: 0.0001016 seconds, Stopping threads took: 0.0000187 seconds
[220.228s][info ][safepoint    ] Application time: 1.0001882 seconds
[220.228s][info ][safepoint    ] Entering safepoint region: Cleanup
[220.228s][info ][safepoint    ] Leaving safepoint region
[220.228s][info ][safepoint    ] Total time for which application threads were stopped: 0.0000766 seconds, Stopping threads took: 0.0000188 seconds
[221.229s][info ][safepoint    ] Application time: 1.0001005 seconds
[221.229s][info ][safepoint    ] Entering safepoint region: Cleanup
[221.229s][info ][safepoint    ] Leaving safepoint region
[221.229s][info ][safepoint    ] Total time for which application threads were stopped: 0.0003329 seconds, Stopping threads took: 0.0000177 seconds
[221.673s][info ][safepoint    ] Application time: 0.4443197 seconds
[221.673s][info ][safepoint    ] Entering safepoint region: GenCollectForAllocation
[221.673s][info ][gc,start     ] GC(129) Pause Young (Allocation Failure)
[221.673s][info ][gc,task      ] GC(129) Using 4 workers of 4 for evacuation
[221.676s][debug][gc,ref       ] GC(129) Skipped phase1 of Reference Processing due to unavailable references
[221.676s][debug][gc,ref       ] GC(129) Skipped phase2 of Reference Processing due to unavailable references
[221.676s][debug][gc,ref       ] GC(129) Skipped phase3 of Reference Processing due to unavailable references
[221.676s][debug][gc,ref       ] GC(129) Skipped phase4 of Reference Processing due to unavailable references
[221.676s][debug][gc,age       ] GC(129) Desired survivor size 15368192 bytes, new threshold 6 (max threshold 6)
[221.676s][info ][gc,heap      ] GC(129) ParNew: 242266K->2366K(270336K)
[221.676s][info ][gc,heap      ] GC(129) CMS: 239992K->240087K(600768K)
[221.676s][info ][gc,metaspace ] GC(129) Metaspace: 56258K->56258K(1099776K)
[221.676s][info ][gc           ] GC(129) Pause Young (Allocation Failure) 470M->236M(850M) 2.946ms
[221.676s][info ][gc,cpu       ] GC(129) User=0.01s Sys=0.00s Real=0.00s
[221.676s][info ][safepoint    ] Leaving safepoint region
[221.676s][info ][safepoint    ] Total time for which application threads were stopped: 0.0031013 seconds, Stopping threads took: 0.0000171 seconds
[222.677s][info ][safepoint    ] Application time: 1.0001535 seconds
[222.677s][info ][safepoint    ] Entering safepoint region: Cleanup
[222.677s][info ][safepoint    ] Leaving safepoint region
[222.677s][info ][safepoint    ] Total time for which application threads were stopped: 0.0001608 seconds, Stopping threads took: 0.0000729 seconds
[223.677s][info ][safepoint    ] Application time: 1.0000992 seconds
[223.677s][info ][safepoint    ] Entering safepoint region: Cleanup
[223.677s][info ][safepoint    ] Leaving safepoint region
[223.677s][info ][safepoint    ] Total time for which application threads were stopped: 0.0001521 seconds, Stopping threads took: 0.0000631 seconds
[224.677s][info ][safepoint    ] Application time: 1.0000911 seconds
[224.677s][info ][safepoint    ] Entering safepoint region: Cleanup
[224.678s][info ][safepoint    ] Leaving safepoint region
[224.678s][info ][safepoint    ] Total time for which application threads were stopped: 0.0004130 seconds, Stopping threads took: 0.0002900 seconds
[224.889s][info ][safepoint    ] Application time: 0.2116216 seconds
[224.889s][info ][safepoint    ] Entering safepoint region: GenCollectForAllocation
[224.889s][info ][gc,start     ] GC(130) Pause Young (Allocation Failure)
[224.889s][info ][gc,task      ] GC(130) Using 4 workers of 4 for evacuation
[224.908s][debug][gc,ref       ] GC(130) Skipped phase1 of Reference Processing due to unavailable references
[224.908s][debug][gc,ref       ] GC(130) Skipped phase2 of Reference Processing due to unavailable references
[224.908s][debug][gc,ref       ] GC(130) Skipped phase3 of Reference Processing due to unavailable references
[224.908s][debug][gc,ref       ] GC(130) Skipped phase4 of Reference Processing due to unavailable references
[224.908s][debug][gc,age       ] GC(130) Desired survivor size 15368192 bytes, new threshold 6 (max threshold 6)
[224.908s][info ][gc,heap      ] GC(130) ParNew: 242686K->9821K(270336K)
[224.908s][info ][gc,heap      ] GC(130) CMS: 240087K->240239K(600768K)
[224.908s][info ][gc,metaspace ] GC(130) Metaspace: 56291K->56291K(1099776K)
[224.908s][info ][gc           ] GC(130) Pause Young (Allocation Failure) 471M->244M(850M) 18.714ms
[224.908s][info ][gc,cpu       ] GC(130) User=0.03s Sys=0.00s Real=0.02s
[224.908s][info ][safepoint    ] Leaving safepoint region
[224.908s][info ][safepoint    ] Total time for which application threads were stopped: 0.0189419 seconds, Stopping threads took: 0.0000594 seconds
[225.908s][info ][safepoint    ] Application time: 1.0001198 seconds
[225.908s][info ][safepoint    ] Entering safepoint region: Cleanup
[225.908s][info ][safepoint    ] Leaving safepoint region
[225.908s][info ][safepoint    ] Total time for which application threads were stopped: 0.0001056 seconds, Stopping threads took: 0.0000306 seconds
[226.908s][info ][safepoint    ] Application time: 1.0000605 seconds
[226.909s][info ][safepoint    ] Entering safepoint region: Cleanup
[226.909s][info ][safepoint    ] Leaving safepoint region
[226.909s][info ][safepoint    ] Total time for which application threads were stopped: 0.0000847 seconds, Stopping threads took: 0.0000187 seconds
[227.576s][info ][safepoint    ] Application time: 0.6675097 seconds
[227.576s][info ][safepoint    ] Entering safepoint region: GenCollectForAllocation
[227.576s][info ][gc,start     ] GC(131) Pause Young (Allocation Failure)
[227.576s][info ][gc,task      ] GC(131) Using 4 workers of 4 for evacuation
[227.588s][debug][gc,ref       ] GC(131) Skipped phase1 of Reference Processing due to unavailable references
[227.588s][debug][gc,ref       ] GC(131) Skipped phase3 of Reference Processing due to unavailable references
[227.589s][debug][gc,age       ] GC(131) Desired survivor size 15368192 bytes, new threshold 6 (max threshold 6)
[227.589s][info ][gc,heap      ] GC(131) ParNew: 250141K->18980K(270336K)
[227.589s][info ][gc,heap      ] GC(131) CMS: 240239K->240338K(600768K)
[227.589s][info ][gc,metaspace ] GC(131) Metaspace: 56341K->56341K(1099776K)
[227.589s][info ][gc           ] GC(131) Pause Young (Allocation Failure) 478M->253M(850M) 12.425ms
[227.589s][info ][gc,cpu       ] GC(131) User=0.04s Sys=0.00s Real=0.01s
[227.589s][info ][safepoint    ] Leaving safepoint region
[227.589s][info ][safepoint    ] Total time for which application threads were stopped: 0.0125804 seconds, Stopping threads took: 0.0000170 seconds
[227.684s][info ][safepoint    ] Application time: 0.0951059 seconds
[227.684s][info ][safepoint    ] Entering safepoint region: Deoptimize
[227.685s][info ][safepoint    ] Leaving safepoint region
[227.685s][info ][safepoint    ] Total time for which application threads were stopped: 0.0014852 seconds, Stopping threads took: 0.0000159 seconds
[227.688s][info ][safepoint    ] Application time: 0.0028135 seconds
[227.688s][info ][safepoint    ] Entering safepoint region: Deoptimize
[227.689s][info ][safepoint    ] Leaving safepoint region
[227.689s][info ][safepoint    ] Total time for which application threads were stopped: 0.0009515 seconds, Stopping threads took: 0.0000101 seconds
[228.689s][info ][safepoint    ] Application time: 1.0001570 seconds
[228.689s][info ][safepoint    ] Entering safepoint region: Cleanup
[228.689s][info ][safepoint    ] Leaving safepoint region
[228.689s][info ][safepoint    ] Total time for which application threads were stopped: 0.0000967 seconds, Stopping threads took: 0.0000166 seconds
[229.690s][info ][safepoint    ] Application time: 1.0001016 seconds
[229.690s][info ][safepoint    ] Entering safepoint region: Cleanup
[229.690s][info ][safepoint    ] Leaving safepoint region
[229.690s][info ][safepoint    ] Total time for which application threads were stopped: 0.0001011 seconds, Stopping threads took: 0.0000317 seconds
[230.093s][info ][safepoint    ] Application time: 0.4032157 seconds
[230.093s][info ][safepoint    ] Entering safepoint region: GenCollectForAllocation
[230.093s][info ][gc,start     ] GC(132) Pause Young (Allocation Failure)
[230.093s][info ][gc,task      ] GC(132) Using 4 workers of 4 for evacuation
[230.103s][debug][gc,ref       ] GC(132) Skipped phase1 of Reference Processing due to unavailable references
[230.103s][debug][gc,ref       ] GC(132) Skipped phase3 of Reference Processing due to unavailable references
[230.103s][debug][gc,age       ] GC(132) Desired survivor size 15368192 bytes, new threshold 3 (max threshold 6)
[230.103s][info ][gc,heap      ] GC(132) ParNew: 259300K->25310K(270336K)
[230.103s][info ][gc,heap      ] GC(132) CMS: 240338K->240453K(600768K)
[230.103s][info ][gc,metaspace ] GC(132) Metaspace: 56451K->56451K(1099776K)
[230.103s][info ][gc           ] GC(132) Pause Young (Allocation Failure) 487M->259M(850M) 9.701ms
[230.103s][info ][gc,cpu       ] GC(132) User=0.04s Sys=0.00s Real=0.00s
[230.103s][info ][safepoint    ] Leaving safepoint region
[230.103s][info ][safepoint    ] Total time for which application threads were stopped: 0.0099259 seconds, Stopping threads took: 0.0000888 seconds
[231.103s][info ][safepoint    ] Application time: 1.0001240 seconds
[231.103s][info ][safepoint    ] Entering safepoint region: Cleanup
[231.103s][info ][safepoint    ] Leaving safepoint region
[231.103s][info ][safepoint    ] Total time for which application threads were stopped: 0.0001300 seconds, Stopping threads took: 0.0000157 seconds
[232.103s][info ][safepoint    ] Application time: 1.0000732 seconds
[232.103s][info ][safepoint    ] Entering safepoint region: Cleanup
[232.103s][info ][safepoint    ] Leaving safepoint region
[232.103s][info ][safepoint    ] Total time for which application threads were stopped: 0.0001576 seconds, Stopping threads took: 0.0000169 seconds
[232.839s][info ][safepoint    ] Application time: 0.7355386 seconds
[232.839s][info ][safepoint    ] Entering safepoint region: GenCollectForAllocation
[232.839s][info ][gc,start     ] GC(133) Pause Young (Allocation Failure)
[232.839s][info ][gc,task      ] GC(133) Using 4 workers of 4 for evacuation
[232.858s][debug][gc,ref       ] GC(133) Skipped phase1 of Reference Processing due to unavailable references
[232.858s][debug][gc,ref       ] GC(133) Skipped phase3 of Reference Processing due to unavailable references
[232.858s][debug][gc,age       ] GC(133) Desired survivor size 15368192 bytes, new threshold 3 (max threshold 6)
[232.858s][info ][gc,heap      ] GC(133) ParNew: 265597K->30016K(270336K)
[232.858s][info ][gc,heap      ] GC(133) CMS: 240453K->245666K(600768K)
[232.858s][info ][gc,metaspace ] GC(133) Metaspace: 56495K->56495K(1099776K)
[232.858s][info ][gc           ] GC(133) Pause Young (Allocation Failure) 494M->269M(850M) 18.641ms
[232.858s][info ][gc,cpu       ] GC(133) User=0.06s Sys=0.00s Real=0.02s
[232.858s][info ][safepoint    ] Leaving safepoint region
[232.858s][info ][safepoint    ] Total time for which application threads were stopped: 0.0189752 seconds, Stopping threads took: 0.0001474 seconds
[233.858s][info ][safepoint    ] Application time: 1.0000988 seconds
[233.858s][info ][safepoint    ] Entering safepoint region: Cleanup
[233.858s][info ][safepoint    ] Leaving safepoint region
[233.858s][info ][safepoint    ] Total time for which application threads were stopped: 0.0000986 seconds, Stopping threads took: 0.0000186 seconds
[234.859s][info ][safepoint    ] Application time: 1.0003578 seconds
[234.859s][info ][safepoint    ] Entering safepoint region: Cleanup
[234.859s][info ][safepoint    ] Leaving safepoint region
[234.859s][info ][safepoint    ] Total time for which application threads were stopped: 0.0001274 seconds, Stopping threads took: 0.0000176 seconds
[235.859s][info ][safepoint    ] Application time: 1.0000933 seconds
[235.859s][info ][safepoint    ] Entering safepoint region: Cleanup
[235.859s][info ][safepoint    ] Leaving safepoint region
[235.859s][info ][safepoint    ] Total time for which application threads were stopped: 0.0001051 seconds, Stopping threads took: 0.0000189 seconds
[235.877s][info ][safepoint    ] Application time: 0.0181996 seconds
[235.877s][info ][safepoint    ] Entering safepoint region: GenCollectForAllocation
[235.877s][info ][gc,start     ] GC(134) Pause Young (Allocation Failure)
[235.877s][info ][gc,task      ] GC(134) Using 4 workers of 4 for evacuation
[235.892s][debug][gc,ref       ] GC(134) Skipped phase1 of Reference Processing due to unavailable references
[235.892s][debug][gc,ref       ] GC(134) Skipped phase3 of Reference Processing due to unavailable references
[235.892s][debug][gc,ref       ] GC(134) Skipped phase4 of Reference Processing due to unavailable references
[235.892s][debug][gc,age       ] GC(134) Desired survivor size 15368192 bytes, new threshold 3 (max threshold 6)
[235.892s][info ][gc,heap      ] GC(134) ParNew: 270336K->24618K(270336K)
[235.892s][info ][gc,heap      ] GC(134) CMS: 245666K->250939K(600768K)
[235.892s][info ][gc,metaspace ] GC(134) Metaspace: 56515K->56515K(1099776K)
[235.892s][info ][gc           ] GC(134) Pause Young (Allocation Failure) 503M->269M(850M) 14.859ms
[235.892s][info ][gc,cpu       ] GC(134) User=0.06s Sys=0.00s Real=0.02s
[235.892s][info ][safepoint    ] Leaving safepoint region
[235.892s][info ][safepoint    ] Total time for which application threads were stopped: 0.0150120 seconds, Stopping threads took: 0.0000180 seconds
[236.892s][info ][safepoint    ] Application time: 1.0001099 seconds
[236.892s][info ][safepoint    ] Entering safepoint region: Cleanup
[236.892s][info ][safepoint    ] Leaving safepoint region
[236.892s][info ][safepoint    ] Total time for which application threads were stopped: 0.0000916 seconds, Stopping threads took: 0.0000169 seconds
[237.893s][info ][safepoint    ] Application time: 1.0001321 seconds
[237.893s][info ][safepoint    ] Entering safepoint region: Cleanup
[237.893s][info ][safepoint    ] Leaving safepoint region
[237.893s][info ][safepoint    ] Total time for which application threads were stopped: 0.0000729 seconds, Stopping threads took: 0.0000159 seconds
[238.893s][info ][safepoint    ] Application time: 1.0000839 seconds
[238.893s][info ][safepoint    ] Entering safepoint region: Cleanup
[238.893s][info ][safepoint    ] Leaving safepoint region
[238.893s][info ][safepoint    ] Total time for which application threads were stopped: 0.0000706 seconds, Stopping threads took: 0.0000160 seconds
[239.621s][info ][safepoint    ] Application time: 0.7285450 seconds
[239.622s][info ][safepoint    ] Entering safepoint region: GenCollectForAllocation
[239.622s][info ][gc,start     ] GC(135) Pause Young (Allocation Failure)
[239.622s][info ][gc,task      ] GC(135) Using 4 workers of 4 for evacuation
[239.635s][debug][gc,ref       ] GC(135) Skipped phase1 of Reference Processing due to unavailable references
[239.635s][debug][gc,ref       ] GC(135) Skipped phase3 of Reference Processing due to unavailable references
[239.635s][debug][gc,ref       ] GC(135) Skipped phase4 of Reference Processing due to unavailable references
[239.635s][debug][gc,age       ] GC(135) Desired survivor size 15368192 bytes, new threshold 6 (max threshold 6)
[239.635s][info ][gc,heap      ] GC(135) ParNew: 264938K->18042K(270336K)
[239.635s][info ][gc,heap      ] GC(135) CMS: 250939K->256467K(600768K)
[239.635s][info ][gc,metaspace ] GC(135) Metaspace: 56540K->56540K(1101824K)
[239.635s][info ][gc           ] GC(135) Pause Young (Allocation Failure) 503M->268M(850M) 13.856ms
[239.635s][info ][gc,cpu       ] GC(135) User=0.04s Sys=0.01s Real=0.02s
[239.636s][info ][safepoint    ] Leaving safepoint region
[239.636s][info ][safepoint    ] Total time for which application threads were stopped: 0.0140176 seconds, Stopping threads took: 0.0000173 seconds
[240.636s][info ][safepoint    ] Application time: 1.0001034 seconds
[240.636s][info ][safepoint    ] Entering safepoint region: Cleanup
[240.636s][info ][safepoint    ] Leaving safepoint region
[240.636s][info ][safepoint    ] Total time for which application threads were stopped: 0.0002098 seconds, Stopping threads took: 0.0000160 seconds
[241.636s][info ][safepoint    ] Application time: 1.0000988 seconds
[241.636s][info ][safepoint    ] Entering safepoint region: Cleanup
[241.636s][info ][safepoint    ] Leaving safepoint region
[241.636s][info ][safepoint    ] Total time for which application threads were stopped: 0.0000828 seconds, Stopping threads took: 0.0000177 seconds
[242.636s][info ][safepoint    ] Application time: 1.0000911 seconds
[242.636s][info ][safepoint    ] Entering safepoint region: Cleanup
[242.636s][info ][safepoint    ] Leaving safepoint region
[242.636s][info ][safepoint    ] Total time for which application threads were stopped: 0.0000849 seconds, Stopping threads took: 0.0000176 seconds
[243.080s][info ][safepoint    ] Application time: 0.4434627 seconds
[243.080s][info ][safepoint    ] Entering safepoint region: GenCollectForAllocation
[243.080s][info ][gc,start     ] GC(136) Pause Young (Allocation Failure)
[243.080s][info ][gc,task      ] GC(136) Using 4 workers of 4 for evacuation
[243.087s][debug][gc,ref       ] GC(136) Skipped phase1 of Reference Processing due to unavailable references
[243.087s][debug][gc,ref       ] GC(136) Skipped phase3 of Reference Processing due to unavailable references
[243.087s][debug][gc,age       ] GC(136) Desired survivor size 15368192 bytes, new threshold 6 (max threshold 6)
[243.087s][info ][gc,heap      ] GC(136) ParNew: 258362K->21055K(270336K)
[243.087s][info ][gc,heap      ] GC(136) CMS: 256467K->256467K(600768K)
[243.087s][info ][gc,metaspace ] GC(136) Metaspace: 56640K->56640K(1101824K)
[243.087s][info ][gc           ] GC(136) Pause Young (Allocation Failure) 502M->271M(850M) 7.116ms
[243.087s][info ][gc,cpu       ] GC(136) User=0.03s Sys=0.00s Real=0.01s
[243.087s][info ][safepoint    ] Leaving safepoint region
[243.087s][info ][safepoint    ] Total time for which application threads were stopped: 0.0072716 seconds, Stopping threads took: 0.0000155 seconds
[244.087s][info ][safepoint    ] Application time: 1.0001338 seconds
[244.087s][info ][safepoint    ] Entering safepoint region: Cleanup
[244.087s][info ][safepoint    ] Leaving safepoint region
[244.087s][info ][safepoint    ] Total time for which application threads were stopped: 0.0000907 seconds, Stopping threads took: 0.0000166 seconds
[245.087s][info ][safepoint    ] Application time: 1.0000848 seconds
[245.088s][info ][safepoint    ] Entering safepoint region: Cleanup
[245.088s][info ][safepoint    ] Leaving safepoint region
[245.088s][info ][safepoint    ] Total time for which application threads were stopped: 0.0001041 seconds, Stopping threads took: 0.0000200 seconds
[246.088s][info ][safepoint    ] Application time: 1.0000713 seconds
[246.088s][info ][safepoint    ] Entering safepoint region: Cleanup
[246.088s][info ][safepoint    ] Leaving safepoint region
[246.088s][info ][safepoint    ] Total time for which application threads were stopped: 0.0001006 seconds, Stopping threads took: 0.0000193 seconds
[246.570s][info ][safepoint    ] Application time: 0.4820971 seconds
[246.570s][info ][safepoint    ] Entering safepoint region: GenCollectForAllocation
[246.570s][info ][gc,start     ] GC(137) Pause Young (Allocation Failure)
[246.570s][info ][gc,task      ] GC(137) Using 4 workers of 4 for evacuation
[246.577s][debug][gc,ref       ] GC(137) Skipped phase1 of Reference Processing due to unavailable references
[246.577s][debug][gc,ref       ] GC(137) Skipped phase3 of Reference Processing due to unavailable references
[246.578s][debug][gc,age       ] GC(137) Desired survivor size 15368192 bytes, new threshold 5 (max threshold 6)
[246.578s][info ][gc,heap      ] GC(137) ParNew: 261375K->23610K(270336K)
[246.578s][info ][gc,heap      ] GC(137) CMS: 256467K->256467K(600768K)
[246.578s][info ][gc,metaspace ] GC(137) Metaspace: 56656K->56656K(1101824K)
[246.578s][info ][gc           ] GC(137) Pause Young (Allocation Failure) 505M->273M(850M) 7.506ms
[246.578s][info ][gc,cpu       ] GC(137) User=0.03s Sys=0.00s Real=0.01s
[246.578s][info ][safepoint    ] Leaving safepoint region
[246.578s][info ][safepoint    ] Total time for which application threads were stopped: 0.0077610 seconds, Stopping threads took: 0.0000631 seconds
[247.578s][info ][safepoint    ] Application time: 1.0001064 seconds
[247.578s][info ][safepoint    ] Entering safepoint region: Cleanup
[247.578s][info ][safepoint    ] Leaving safepoint region
[247.578s][info ][safepoint    ] Total time for which application threads were stopped: 0.0001318 seconds, Stopping threads took: 0.0000388 seconds
[248.578s][info ][safepoint    ] Application time: 1.0000935 seconds
[248.578s][info ][safepoint    ] Entering safepoint region: Cleanup
[248.578s][info ][safepoint    ] Leaving safepoint region
[248.578s][info ][safepoint    ] Total time for which application threads were stopped: 0.0001711 seconds, Stopping threads took: 0.0000734 seconds
[249.578s][info ][safepoint    ] Application time: 1.0000956 seconds
[249.578s][info ][safepoint    ] Entering safepoint region: Cleanup
[249.579s][info ][safepoint    ] Leaving safepoint region
[249.579s][info ][safepoint    ] Total time for which application threads were stopped: 0.0001273 seconds, Stopping threads took: 0.0000573 seconds
[249.898s][info ][safepoint    ] Application time: 0.3193760 seconds
[249.898s][info ][safepoint    ] Entering safepoint region: GenCollectForAllocation
[249.898s][info ][safepoint    ] Leaving safepoint region
[249.898s][info ][safepoint    ] Total time for which application threads were stopped: 0.0001214 seconds, Stopping threads took: 0.0000378 seconds
[249.898s][info ][safepoint    ] Application time: 0.0003097 seconds
[249.898s][info ][safepoint    ] Entering safepoint region: GenCollectFull
[249.899s][info ][gc,start     ] GC(138) Pause Young (GCLocker Initiated GC)
[249.899s][info ][gc,task      ] GC(138) Using 4 workers of 4 for evacuation
[249.911s][debug][gc,ref       ] GC(138) Skipped phase1 of Reference Processing due to unavailable references
[249.911s][debug][gc,ref       ] GC(138) Skipped phase3 of Reference Processing due to unavailable references
[249.911s][debug][gc,ref       ] GC(138) Skipped phase4 of Reference Processing due to unavailable references
[249.911s][debug][gc,age       ] GC(138) Desired survivor size 15368192 bytes, new threshold 6 (max threshold 6)
[249.911s][info ][gc,heap      ] GC(138) ParNew: 264012K->14714K(270336K)
[249.911s][info ][gc,heap      ] GC(138) CMS: 256467K->262606K(600768K)
[249.911s][info ][gc,metaspace ] GC(138) Metaspace: 56659K->56659K(1101824K)
[249.911s][info ][gc           ] GC(138) Pause Young (GCLocker Initiated GC) 508M->270M(850M) 12.387ms
[249.911s][info ][gc,cpu       ] GC(138) User=0.04s Sys=0.00s Real=0.01s
[249.911s][info ][safepoint    ] Leaving safepoint region
[249.911s][info ][safepoint    ] Total time for which application threads were stopped: 0.0125589 seconds, Stopping threads took: 0.0000564 seconds
[250.911s][info ][safepoint    ] Application time: 1.0001001 seconds
[250.911s][info ][safepoint    ] Entering safepoint region: Cleanup
[250.911s][info ][safepoint    ] Leaving safepoint region
[250.911s][info ][safepoint    ] Total time for which application threads were stopped: 0.0001097 seconds, Stopping threads took: 0.0000466 seconds
[251.281s][info ][safepoint    ] Application time: 0.3701022 seconds
[251.281s][info ][safepoint    ] Entering safepoint region: RevokeBias
[251.281s][info ][safepoint    ] Leaving safepoint region
[251.282s][info ][safepoint    ] Total time for which application threads were stopped: 0.0001435 seconds, Stopping threads took: 0.0000176 seconds
[252.282s][info ][safepoint    ] Application time: 1.0000998 seconds
[252.282s][info ][safepoint    ] Entering safepoint region: Cleanup
[252.282s][info ][safepoint    ] Leaving safepoint region
[252.282s][info ][safepoint    ] Total time for which application threads were stopped: 0.0001485 seconds, Stopping threads took: 0.0000190 seconds
[253.282s][info ][safepoint    ] Application time: 1.0001249 seconds
[253.282s][info ][safepoint    ] Entering safepoint region: Cleanup
[253.282s][info ][safepoint    ] Leaving safepoint region
[253.282s][info ][safepoint    ] Total time for which application threads were stopped: 0.0000686 seconds, Stopping threads took: 0.0000178 seconds
[254.282s][info ][safepoint    ] Application time: 1.0000827 seconds
[254.282s][info ][safepoint    ] Entering safepoint region: Cleanup
[254.282s][info ][safepoint    ] Leaving safepoint region
[254.282s][info ][safepoint    ] Total time for which application threads were stopped: 0.0000708 seconds, Stopping threads took: 0.0000187 seconds
[255.221s][info ][safepoint    ] Application time: 0.9391778 seconds
[255.221s][info ][safepoint    ] Entering safepoint region: GenCollectForAllocation
[255.222s][info ][gc,start     ] GC(139) Pause Young (Allocation Failure)
[255.222s][info ][gc,task      ] GC(139) Using 4 workers of 4 for evacuation
[255.228s][debug][gc,ref       ] GC(139) Skipped phase1 of Reference Processing due to unavailable references
[255.228s][debug][gc,ref       ] GC(139) Skipped phase3 of Reference Processing due to unavailable references
[255.228s][debug][gc,age       ] GC(139) Desired survivor size 15368192 bytes, new threshold 6 (max threshold 6)
[255.228s][info ][gc,heap      ] GC(139) ParNew: 255034K->15043K(270336K)
[255.228s][info ][gc,heap      ] GC(139) CMS: 262606K->262606K(600768K)
[255.228s][info ][gc,metaspace ] GC(139) Metaspace: 56742K->56742K(1101824K)
[255.228s][info ][gc           ] GC(139) Pause Young (Allocation Failure) 505M->271M(850M) 6.876ms
[255.228s][info ][gc,cpu       ] GC(139) User=0.03s Sys=0.00s Real=0.01s
[255.228s][info ][safepoint    ] Leaving safepoint region
[255.228s][info ][safepoint    ] Total time for which application threads were stopped: 0.0070379 seconds, Stopping threads took: 0.0000172 seconds
[256.229s][info ][safepoint    ] Application time: 1.0000898 seconds
[256.229s][info ][safepoint    ] Entering safepoint region: Cleanup
[256.229s][info ][safepoint    ] Leaving safepoint region
[256.229s][info ][safepoint    ] Total time for which application threads were stopped: 0.0001023 seconds, Stopping threads took: 0.0000191 seconds
[257.229s][info ][safepoint    ] Application time: 1.0001281 seconds
[257.229s][info ][safepoint    ] Entering safepoint region: Cleanup
[257.229s][info ][safepoint    ] Leaving safepoint region
[257.229s][info ][safepoint    ] Total time for which application threads were stopped: 0.0000763 seconds, Stopping threads took: 0.0000184 seconds
[258.229s][info ][safepoint    ] Application time: 1.0000674 seconds
[258.229s][info ][safepoint    ] Entering safepoint region: Cleanup
[258.229s][info ][safepoint    ] Leaving safepoint region
[258.229s][info ][safepoint    ] Total time for which application threads were stopped: 0.0001335 seconds, Stopping threads took: 0.0000802 seconds
[259.229s][info ][safepoint    ] Application time: 1.0001026 seconds
[259.229s][info ][safepoint    ] Entering safepoint region: Cleanup
[259.230s][info ][safepoint    ] Leaving safepoint region
[259.230s][info ][safepoint    ] Total time for which application threads were stopped: 0.0001540 seconds, Stopping threads took: 0.0000939 seconds
[260.230s][info ][safepoint    ] Application time: 1.0000917 seconds
[260.230s][info ][safepoint    ] Entering safepoint region: Cleanup
[260.230s][info ][safepoint    ] Leaving safepoint region
[260.230s][info ][safepoint    ] Total time for which application threads were stopped: 0.0000897 seconds, Stopping threads took: 0.0000183 seconds
[261.230s][info ][safepoint    ] Application time: 1.0000856 seconds
[261.230s][info ][safepoint    ] Entering safepoint region: Cleanup
[261.230s][info ][safepoint    ] Leaving safepoint region
[261.230s][info ][safepoint    ] Total time for which application threads were stopped: 0.0000722 seconds, Stopping threads took: 0.0000196 seconds
[262.230s][info ][safepoint    ] Application time: 1.0000933 seconds
[262.230s][info ][safepoint    ] Entering safepoint region: Cleanup
[262.230s][info ][safepoint    ] Leaving safepoint region
[262.230s][info ][safepoint    ] Total time for which application threads were stopped: 0.0001705 seconds, Stopping threads took: 0.0000177 seconds
[263.230s][info ][safepoint    ] Application time: 1.0001567 seconds
[263.231s][info ][safepoint    ] Entering safepoint region: Cleanup
[263.231s][info ][safepoint    ] Leaving safepoint region
[263.231s][info ][safepoint    ] Total time for which application threads were stopped: 0.0001450 seconds, Stopping threads took: 0.0000685 seconds
[263.522s][info ][safepoint    ] Application time: 0.2916804 seconds
[263.522s][info ][safepoint    ] Entering safepoint region: GenCollectForAllocation
[263.522s][info ][gc,start     ] GC(140) Pause Young (Allocation Failure)
[263.523s][info ][gc,task      ] GC(140) Using 4 workers of 4 for evacuation
[263.531s][debug][gc,ref       ] GC(140) Skipped phase1 of Reference Processing due to unavailable references
[263.531s][debug][gc,ref       ] GC(140) Skipped phase3 of Reference Processing due to unavailable references
[263.531s][debug][gc,ref       ] GC(140) Skipped phase4 of Reference Processing due to unavailable references
[263.531s][debug][gc,age       ] GC(140) Desired survivor size 15368192 bytes, new threshold 6 (max threshold 6)
[263.531s][info ][gc,heap      ] GC(140) ParNew: 255363K->11163K(270336K)
[263.531s][info ][gc,heap      ] GC(140) CMS: 262606K->267134K(600768K)
[263.531s][info ][gc,metaspace ] GC(140) Metaspace: 56750K->56750K(1101824K)
[263.531s][info ][gc           ] GC(140) Pause Young (Allocation Failure) 505M->271M(850M) 8.883ms
[263.531s][info ][gc,cpu       ] GC(140) User=0.03s Sys=0.00s Real=0.01s
[263.531s][info ][safepoint    ] Leaving safepoint region
[263.531s][info ][safepoint    ] Total time for which application threads were stopped: 0.0090477 seconds, Stopping threads took: 0.0000183 seconds
[264.532s][info ][safepoint    ] Application time: 1.0000988 seconds
[264.532s][info ][safepoint    ] Entering safepoint region: Cleanup
[264.532s][info ][safepoint    ] Leaving safepoint region
[264.532s][info ][safepoint    ] Total time for which application threads were stopped: 0.0000954 seconds, Stopping threads took: 0.0000186 seconds
[265.532s][info ][safepoint    ] Application time: 1.0000827 seconds
[265.532s][info ][safepoint    ] Entering safepoint region: Cleanup
[265.532s][info ][safepoint    ] Leaving safepoint region
[265.532s][info ][safepoint    ] Total time for which application threads were stopped: 0.0000755 seconds, Stopping threads took: 0.0000192 seconds
[266.532s][info ][safepoint    ] Application time: 1.0000828 seconds
[266.532s][info ][safepoint    ] Entering safepoint region: Cleanup
[266.532s][info ][safepoint    ] Leaving safepoint region
[266.532s][info ][safepoint    ] Total time for which application threads were stopped: 0.0000927 seconds, Stopping threads took: 0.0000192 seconds
[267.532s][info ][safepoint    ] Application time: 1.0000921 seconds
[267.532s][info ][safepoint    ] Entering safepoint region: Cleanup
[267.532s][info ][safepoint    ] Leaving safepoint region
[267.532s][info ][safepoint    ] Total time for which application threads were stopped: 0.0000725 seconds, Stopping threads took: 0.0000202 seconds
[268.532s][info ][safepoint    ] Application time: 1.0000815 seconds
[268.532s][info ][safepoint    ] Entering safepoint region: Cleanup
[268.533s][info ][safepoint    ] Leaving safepoint region
[268.533s][info ][safepoint    ] Total time for which application threads were stopped: 0.0001381 seconds, Stopping threads took: 0.0000765 seconds
[269.533s][info ][safepoint    ] Application time: 1.0000938 seconds
[269.533s][info ][safepoint    ] Entering safepoint region: Cleanup
[269.533s][info ][safepoint    ] Leaving safepoint region
[269.533s][info ][safepoint    ] Total time for which application threads were stopped: 0.0000714 seconds, Stopping threads took: 0.0000191 seconds
[270.533s][info ][safepoint    ] Application time: 1.0000973 seconds
[270.533s][info ][safepoint    ] Entering safepoint region: Cleanup
[270.533s][info ][safepoint    ] Leaving safepoint region
[270.533s][info ][safepoint    ] Total time for which application threads were stopped: 0.0000740 seconds, Stopping threads took: 0.0000209 seconds
[271.533s][info ][safepoint    ] Application time: 1.0001233 seconds
[271.533s][info ][safepoint    ] Entering safepoint region: Cleanup
[271.533s][info ][safepoint    ] Leaving safepoint region
[271.533s][info ][safepoint    ] Total time for which application threads were stopped: 0.0000720 seconds, Stopping threads took: 0.0000185 seconds
[272.533s][info ][safepoint    ] Application time: 1.0000949 seconds
[272.533s][info ][safepoint    ] Entering safepoint region: Cleanup
[272.533s][info ][safepoint    ] Leaving safepoint region
[272.533s][info ][safepoint    ] Total time for which application threads were stopped: 0.0000733 seconds, Stopping threads took: 0.0000205 seconds
[273.534s][info ][safepoint    ] Application time: 1.0000907 seconds
[273.534s][info ][safepoint    ] Entering safepoint region: Cleanup
[273.534s][info ][safepoint    ] Leaving safepoint region
[273.534s][info ][safepoint    ] Total time for which application threads were stopped: 0.0000848 seconds, Stopping threads took: 0.0000185 seconds
[274.534s][info ][safepoint    ] Application time: 1.0001254 seconds
[274.534s][info ][safepoint    ] Entering safepoint region: Cleanup
[274.534s][info ][safepoint    ] Leaving safepoint region
[274.534s][info ][safepoint    ] Total time for which application threads were stopped: 0.0000728 seconds, Stopping threads took: 0.0000181 seconds
[275.534s][info ][safepoint    ] Application time: 1.0000811 seconds
[275.534s][info ][safepoint    ] Entering safepoint region: Cleanup
[275.534s][info ][safepoint    ] Leaving safepoint region
[275.534s][info ][safepoint    ] Total time for which application threads were stopped: 0.0000722 seconds, Stopping threads took: 0.0000192 seconds
[276.534s][info ][safepoint    ] Application time: 1.0000888 seconds
[276.534s][info ][safepoint    ] Entering safepoint region: Cleanup
[276.534s][info ][safepoint    ] Leaving safepoint region
[276.534s][info ][safepoint    ] Total time for which application threads were stopped: 0.0000710 seconds, Stopping threads took: 0.0000186 seconds
[277.534s][info ][safepoint    ] Application time: 1.0000758 seconds
[277.534s][info ][safepoint    ] Entering safepoint region: Cleanup
[277.535s][info ][safepoint    ] Leaving safepoint region
[277.535s][info ][safepoint    ] Total time for which application threads were stopped: 0.0000854 seconds, Stopping threads took: 0.0000316 seconds
[278.535s][info ][safepoint    ] Application time: 1.0000897 seconds
[278.535s][info ][safepoint    ] Entering safepoint region: Cleanup
[278.535s][info ][safepoint    ] Leaving safepoint region
[278.535s][info ][safepoint    ] Total time for which application threads were stopped: 0.0000870 seconds, Stopping threads took: 0.0000182 seconds
[279.535s][info ][safepoint    ] Application time: 1.0000990 seconds
[279.535s][info ][safepoint    ] Entering safepoint region: Cleanup
[279.535s][info ][safepoint    ] Leaving safepoint region
[279.535s][info ][safepoint    ] Total time for which application threads were stopped: 0.0000824 seconds, Stopping threads took: 0.0000183 seconds
[280.535s][info ][safepoint    ] Application time: 1.0000948 seconds
[280.535s][info ][safepoint    ] Entering safepoint region: Cleanup
[280.535s][info ][safepoint    ] Leaving safepoint region
[280.535s][info ][safepoint    ] Total time for which application threads were stopped: 0.0000737 seconds, Stopping threads took: 0.0000211 seconds
[281.535s][info ][safepoint    ] Application time: 1.0001467 seconds
[281.535s][info ][safepoint    ] Entering safepoint region: Cleanup
[281.535s][info ][safepoint    ] Leaving safepoint region
[281.535s][info ][safepoint    ] Total time for which application threads were stopped: 0.0000713 seconds, Stopping threads took: 0.0000191 seconds
[282.536s][info ][safepoint    ] Application time: 1.0001491 seconds
[282.536s][info ][safepoint    ] Entering safepoint region: Cleanup
[282.536s][info ][safepoint    ] Leaving safepoint region
[282.536s][info ][safepoint    ] Total time for which application threads were stopped: 0.0001018 seconds, Stopping threads took: 0.0000191 seconds
[283.536s][info ][safepoint    ] Application time: 1.0000977 seconds
[283.536s][info ][safepoint    ] Entering safepoint region: Cleanup
[283.536s][info ][safepoint    ] Leaving safepoint region
[283.536s][info ][safepoint    ] Total time for which application threads were stopped: 0.0000751 seconds, Stopping threads took: 0.0000222 seconds
[284.536s][info ][safepoint    ] Application time: 1.0000506 seconds
[284.536s][info ][safepoint    ] Entering safepoint region: Cleanup
[284.536s][info ][safepoint    ] Leaving safepoint region
[284.536s][info ][safepoint    ] Total time for which application threads were stopped: 0.0000730 seconds, Stopping threads took: 0.0000204 seconds
[285.536s][info ][safepoint    ] Application time: 1.0000853 seconds
[285.536s][info ][safepoint    ] Entering safepoint region: Cleanup
[285.536s][info ][safepoint    ] Leaving safepoint region
[285.536s][info ][safepoint    ] Total time for which application threads were stopped: 0.0000748 seconds, Stopping threads took: 0.0000193 seconds
[286.537s][info ][safepoint    ] Application time: 1.0001299 seconds
[286.537s][info ][safepoint    ] Entering safepoint region: Cleanup
[286.537s][info ][safepoint    ] Leaving safepoint region
[286.537s][info ][safepoint    ] Total time for which application threads were stopped: 0.0000716 seconds, Stopping threads took: 0.0000191 seconds
[287.537s][info ][safepoint    ] Application time: 1.0000928 seconds
[287.537s][info ][safepoint    ] Entering safepoint region: Cleanup
[287.537s][info ][safepoint    ] Leaving safepoint region
[287.537s][info ][safepoint    ] Total time for which application threads were stopped: 0.0000713 seconds, Stopping threads took: 0.0000180 seconds
[288.537s][info ][safepoint    ] Application time: 1.0000855 seconds
[288.537s][info ][safepoint    ] Entering safepoint region: Cleanup
[288.537s][info ][safepoint    ] Leaving safepoint region
[288.537s][info ][safepoint    ] Total time for which application threads were stopped: 0.0000679 seconds, Stopping threads took: 0.0000181 seconds
[289.537s][info ][safepoint    ] Application time: 1.0001298 seconds
[289.537s][info ][safepoint    ] Entering safepoint region: Cleanup
[289.537s][info ][safepoint    ] Leaving safepoint region
[289.537s][info ][safepoint    ] Total time for which application threads were stopped: 0.0000690 seconds, Stopping threads took: 0.0000191 seconds
[290.537s][info ][safepoint    ] Application time: 1.0000791 seconds
[290.537s][info ][safepoint    ] Entering safepoint region: Cleanup
[290.537s][info ][safepoint    ] Leaving safepoint region
[290.537s][info ][safepoint    ] Total time for which application threads were stopped: 0.0000828 seconds, Stopping threads took: 0.0000193 seconds
[291.538s][info ][safepoint    ] Application time: 1.0000958 seconds
[291.538s][info ][safepoint    ] Entering safepoint region: Cleanup
[291.538s][info ][safepoint    ] Leaving safepoint region
[291.538s][info ][safepoint    ] Total time for which application threads were stopped: 0.0000847 seconds, Stopping threads took: 0.0000197 seconds
[292.538s][info ][safepoint    ] Application time: 1.0001224 seconds
[292.538s][info ][safepoint    ] Entering safepoint region: Cleanup
[292.538s][info ][safepoint    ] Leaving safepoint region
[292.538s][info ][safepoint    ] Total time for which application threads were stopped: 0.0000663 seconds, Stopping threads took: 0.0000182 seconds
[293.538s][info ][safepoint    ] Application time: 1.0000909 seconds
[293.538s][info ][safepoint    ] Entering safepoint region: Cleanup
[293.538s][info ][safepoint    ] Leaving safepoint region
[293.538s][info ][safepoint    ] Total time for which application threads were stopped: 0.0000669 seconds, Stopping threads took: 0.0000179 seconds
[294.538s][info ][safepoint    ] Application time: 1.0000835 seconds
[294.538s][info ][safepoint    ] Entering safepoint region: Cleanup
[294.538s][info ][safepoint    ] Leaving safepoint region
[294.538s][info ][safepoint    ] Total time for which application threads were stopped: 0.0000677 seconds, Stopping threads took: 0.0000180 seconds
[295.538s][info ][safepoint    ] Application time: 1.0001645 seconds
[295.538s][info ][safepoint    ] Entering safepoint region: Cleanup
[295.538s][info ][safepoint    ] Leaving safepoint region
[295.538s][info ][safepoint    ] Total time for which application threads were stopped: 0.0000683 seconds, Stopping threads took: 0.0000188 seconds
[296.539s][info ][safepoint    ] Application time: 1.0001536 seconds
[296.539s][info ][safepoint    ] Entering safepoint region: Cleanup
[296.539s][info ][safepoint    ] Leaving safepoint region
[296.539s][info ][safepoint    ] Total time for which application threads were stopped: 0.0000822 seconds, Stopping threads took: 0.0000183 seconds
[297.539s][info ][safepoint    ] Application time: 1.0001464 seconds
[297.539s][info ][safepoint    ] Entering safepoint region: Cleanup
[297.539s][info ][safepoint    ] Leaving safepoint region
[297.539s][info ][safepoint    ] Total time for which application threads were stopped: 0.0000679 seconds, Stopping threads took: 0.0000178 seconds
[298.539s][info ][safepoint    ] Application time: 1.0000836 seconds
[298.539s][info ][safepoint    ] Entering safepoint region: Cleanup
[298.539s][info ][safepoint    ] Leaving safepoint region
[298.539s][info ][safepoint    ] Total time for which application threads were stopped: 0.0000853 seconds, Stopping threads took: 0.0000309 seconds
[299.539s][info ][safepoint    ] Application time: 1.0000935 seconds
[299.539s][info ][safepoint    ] Entering safepoint region: Cleanup
[299.539s][info ][safepoint    ] Leaving safepoint region
[299.539s][info ][safepoint    ] Total time for which application threads were stopped: 0.0000691 seconds, Stopping threads took: 0.0000188 seconds
[300.539s][info ][safepoint    ] Application time: 1.0000866 seconds
[300.540s][info ][safepoint    ] Entering safepoint region: Cleanup
[300.540s][info ][safepoint    ] Leaving safepoint region
[300.540s][info ][safepoint    ] Total time for which application threads were stopped: 0.0000883 seconds, Stopping threads took: 0.0000198 seconds
[301.540s][info ][safepoint    ] Application time: 1.0000834 seconds
[301.540s][info ][safepoint    ] Entering safepoint region: Cleanup
[301.540s][info ][safepoint    ] Leaving safepoint region
[301.540s][info ][safepoint    ] Total time for which application threads were stopped: 0.0000915 seconds, Stopping threads took: 0.0000405 seconds
[302.540s][info ][safepoint    ] Application time: 1.0000958 seconds
[302.540s][info ][safepoint    ] Entering safepoint region: Cleanup
[302.540s][info ][safepoint    ] Leaving safepoint region
[302.540s][info ][safepoint    ] Total time for which application threads were stopped: 0.0000717 seconds, Stopping threads took: 0.0000181 seconds
[303.540s][info ][safepoint    ] Application time: 1.0000923 seconds
[303.540s][info ][safepoint    ] Entering safepoint region: Cleanup
[303.540s][info ][safepoint    ] Leaving safepoint region
[303.540s][info ][safepoint    ] Total time for which application threads were stopped: 0.0000847 seconds, Stopping threads took: 0.0000196 seconds
[304.540s][info ][safepoint    ] Application time: 1.0000868 seconds
[304.540s][info ][safepoint    ] Entering safepoint region: Cleanup
[304.540s][info ][safepoint    ] Leaving safepoint region
[304.540s][info ][safepoint    ] Total time for which application threads were stopped: 0.0000752 seconds, Stopping threads took: 0.0000195 seconds
[305.541s][info ][safepoint    ] Application time: 1.0001047 seconds
[305.541s][info ][safepoint    ] Entering safepoint region: Cleanup
[305.541s][info ][safepoint    ] Leaving safepoint region
[305.541s][info ][safepoint    ] Total time for which application threads were stopped: 0.0001236 seconds, Stopping threads took: 0.0000189 seconds
[306.541s][info ][safepoint    ] Application time: 1.0000934 seconds
[306.541s][info ][safepoint    ] Entering safepoint region: Cleanup
[306.541s][info ][safepoint    ] Leaving safepoint region
[306.541s][info ][safepoint    ] Total time for which application threads were stopped: 0.0000694 seconds, Stopping threads took: 0.0000182 seconds
[307.541s][info ][safepoint    ] Application time: 1.0001030 seconds
[307.541s][info ][safepoint    ] Entering safepoint region: Cleanup
[307.541s][info ][safepoint    ] Leaving safepoint region
[307.541s][info ][safepoint    ] Total time for which application threads were stopped: 0.0000743 seconds, Stopping threads took: 0.0000200 seconds
[308.541s][info ][safepoint    ] Application time: 1.0000653 seconds
[308.541s][info ][safepoint    ] Entering safepoint region: Cleanup
[308.541s][info ][safepoint    ] Leaving safepoint region
[308.541s][info ][safepoint    ] Total time for which application threads were stopped: 0.0000906 seconds, Stopping threads took: 0.0000297 seconds
[309.541s][info ][safepoint    ] Application time: 1.0000948 seconds
[309.541s][info ][safepoint    ] Entering safepoint region: Cleanup
[309.541s][info ][safepoint    ] Leaving safepoint region
[309.541s][info ][safepoint    ] Total time for which application threads were stopped: 0.0000721 seconds, Stopping threads took: 0.0000180 seconds
[310.542s][info ][safepoint    ] Application time: 1.0000539 seconds
[310.542s][info ][safepoint    ] Entering safepoint region: Cleanup
[310.542s][info ][safepoint    ] Leaving safepoint region
[310.542s][info ][safepoint    ] Total time for which application threads were stopped: 0.0000874 seconds, Stopping threads took: 0.0000181 seconds
[311.542s][info ][safepoint    ] Application time: 1.0001361 seconds
[311.542s][info ][safepoint    ] Entering safepoint region: Cleanup
[311.542s][info ][safepoint    ] Leaving safepoint region
[311.542s][info ][safepoint    ] Total time for which application threads were stopped: 0.0001291 seconds, Stopping threads took: 0.0000191 seconds
[311.565s][info ][safepoint    ] Application time: 0.0233985 seconds
[311.565s][info ][safepoint    ] Entering safepoint region: RevokeBias
[311.565s][info ][safepoint    ] Leaving safepoint region
[311.565s][info ][safepoint    ] Total time for which application threads were stopped: 0.0000986 seconds, Stopping threads took: 0.0000171 seconds
[344.569s][info ][safepoint    ] Application time: 33.0030400 seconds
[344.569s][info ][safepoint    ] Entering safepoint region: Cleanup
[344.569s][info ][safepoint    ] Leaving safepoint region
[344.569s][info ][safepoint    ] Total time for which application threads were stopped: 0.0001829 seconds, Stopping threads took: 0.0000181 seconds
[356.570s][info ][safepoint    ] Application time: 12.0011504 seconds
[356.570s][info ][safepoint    ] Entering safepoint region: Cleanup
[356.570s][info ][safepoint    ] Leaving safepoint region
[356.570s][info ][safepoint    ] Total time for which application threads were stopped: 0.0000800 seconds, Stopping threads took: 0.0000200 seconds
[371.565s][info ][safepoint    ] Application time: 14.9952649 seconds
[371.565s][info ][safepoint    ] Entering safepoint region: RevokeBias
[371.565s][info ][safepoint    ] Leaving safepoint region
[371.565s][info ][safepoint    ] Total time for which application threads were stopped: 0.0001282 seconds, Stopping threads took: 0.0000460 seconds
[383.968s][info ][safepoint    ] Application time: 12.4024630 seconds
[383.968s][info ][safepoint    ] Entering safepoint region: GenCollectForAllocation
[383.968s][info ][gc,start     ] GC(141) Pause Young (Allocation Failure)
[383.968s][info ][gc,task      ] GC(141) Using 4 workers of 4 for evacuation
[383.974s][debug][gc,ref       ] GC(141) Skipped phase1 of Reference Processing due to unavailable references
[383.974s][debug][gc,ref       ] GC(141) Skipped phase3 of Reference Processing due to unavailable references
[383.974s][debug][gc,age       ] GC(141) Desired survivor size 15368192 bytes, new threshold 6 (max threshold 6)
[383.974s][info ][gc,heap      ] GC(141) ParNew: 251483K->7833K(270336K)
[383.974s][info ][gc,heap      ] GC(141) CMS: 267134K->268048K(600768K)
[383.974s][info ][gc,metaspace ] GC(141) Metaspace: 56783K->56783K(1101824K)
[383.974s][info ][gc           ] GC(141) Pause Young (Allocation Failure) 506M->269M(850M) 5.728ms
[383.974s][info ][gc,cpu       ] GC(141) User=0.02s Sys=0.00s Real=0.01s
[383.974s][info ][safepoint    ] Leaving safepoint region
[383.974s][info ][safepoint    ] Total time for which application threads were stopped: 0.0058648 seconds, Stopping threads took: 0.0000183 seconds
[431.565s][info ][safepoint    ] Application time: 47.5915197 seconds
[431.565s][info ][safepoint    ] Entering safepoint region: RevokeBias
[431.565s][info ][safepoint    ] Leaving safepoint region
[431.566s][info ][safepoint    ] Total time for which application threads were stopped: 0.0001014 seconds, Stopping threads took: 0.0000322 seconds
[456.569s][info ][safepoint    ] Application time: 25.0037090 seconds
[456.569s][info ][safepoint    ] Entering safepoint region: Cleanup
[456.569s][info ][safepoint    ] Leaving safepoint region
[456.569s][info ][safepoint    ] Total time for which application threads were stopped: 0.0000887 seconds, Stopping threads took: 0.0000186 seconds
[491.565s][info ][safepoint    ] Application time: 34.9959389 seconds
[491.565s][info ][safepoint    ] Entering safepoint region: RevokeBias
[491.565s][info ][safepoint    ] Leaving safepoint region
[491.565s][info ][safepoint    ] Total time for which application threads were stopped: 0.0000993 seconds, Stopping threads took: 0.0000403 seconds
[551.568s][info ][safepoint    ] Application time: 60.0020665 seconds
[551.568s][info ][safepoint    ] Entering safepoint region: RevokeBias
[551.568s][info ][safepoint    ] Leaving safepoint region
[551.568s][info ][safepoint    ] Total time for which application threads were stopped: 0.0001143 seconds, Stopping threads took: 0.0000524 seconds
[556.568s][info ][safepoint    ] Application time: 5.0003876 seconds
[556.568s][info ][safepoint    ] Entering safepoint region: Cleanup
[556.568s][info ][safepoint    ] Leaving safepoint region
[556.568s][info ][safepoint    ] Total time for which application threads were stopped: 0.0001096 seconds, Stopping threads took: 0.0000521 seconds
[584.542s][info ][safepoint    ] Application time: 27.9734082 seconds
[584.548s][info ][safepoint    ] Entering safepoint region: RevokeBias
[584.548s][info ][safepoint    ] Leaving safepoint region
[584.548s][info ][safepoint    ] Total time for which application threads were stopped: 0.0066947 seconds, Stopping threads took: 0.0065591 seconds
[584.553s][info ][safepoint    ] Application time: 0.0047657 seconds
[584.553s][info ][safepoint    ] Entering safepoint region: RevokeBias
[584.553s][info ][safepoint    ] Leaving safepoint region
[584.553s][info ][safepoint    ] Total time for which application threads were stopped: 0.0001193 seconds, Stopping threads took: 0.0000528 seconds
[584.554s][info ][safepoint    ] Application time: 0.0005744 seconds
[584.554s][info ][safepoint    ] Entering safepoint region: RevokeBias
[584.554s][info ][safepoint    ] Leaving safepoint region
[584.554s][info ][safepoint    ] Total time for which application threads were stopped: 0.0000663 seconds, Stopping threads took: 0.0000102 seconds
[584.554s][info ][safepoint    ] Application time: 0.0005692 seconds
[584.555s][info ][safepoint    ] Entering safepoint region: RevokeBias
[584.555s][info ][safepoint    ] Leaving safepoint region
[584.555s][info ][safepoint    ] Total time for which application threads were stopped: 0.0001180 seconds, Stopping threads took: 0.0000781 seconds
[584.555s][info ][safepoint    ] Application time: 0.0002771 seconds
[584.555s][info ][safepoint    ] Entering safepoint region: RevokeBias
[584.555s][info ][safepoint    ] Leaving safepoint region
[584.555s][info ][safepoint    ] Total time for which application threads were stopped: 0.0000512 seconds, Stopping threads took: 0.0000092 seconds
[584.555s][info ][safepoint    ] Application time: 0.0000917 seconds
[584.555s][info ][safepoint    ] Entering safepoint region: RevokeBias
[584.555s][info ][safepoint    ] Leaving safepoint region
[584.555s][info ][safepoint    ] Total time for which application threads were stopped: 0.0000475 seconds, Stopping threads took: 0.0000301 seconds
[584.555s][info ][safepoint    ] Application time: 0.0002007 seconds
[584.555s][info ][safepoint    ] Entering safepoint region: RevokeBias
[584.555s][info ][safepoint    ] Leaving safepoint region
[584.555s][info ][safepoint    ] Total time for which application threads were stopped: 0.0000511 seconds, Stopping threads took: 0.0000355 seconds
[584.556s][info ][safepoint    ] Application time: 0.0010219 seconds
[584.556s][info ][safepoint    ] Entering safepoint region: RevokeBias
[584.556s][info ][safepoint    ] Leaving safepoint region
[584.557s][info ][safepoint    ] Total time for which application threads were stopped: 0.0001050 seconds, Stopping threads took: 0.0000074 seconds
[584.558s][info ][safepoint    ] Application time: 0.0012855 seconds
[584.558s][info ][safepoint    ] Entering safepoint region: RevokeBias
[584.558s][info ][safepoint    ] Leaving safepoint region
[584.558s][info ][safepoint    ] Total time for which application threads were stopped: 0.0000596 seconds, Stopping threads took: 0.0000092 seconds
[584.558s][info ][gc,heap,exit ] Heap
[584.558s][info ][gc,heap,exit ]  par new generation   total 270336K, used 130050K [0x0000000700000000, 0x0000000712550000, 0x0000000714cc0000)
[584.558s][info ][gc,heap,exit ]   eden space 240320K,  50% used [0x0000000700000000, 0x000000070775a3d0, 0x000000070eab0000)
[584.558s][info ][gc,heap,exit ]   from space 30016K,  26% used [0x000000070eab0000, 0x000000070f256760, 0x0000000710800000)
[584.558s][info ][gc,heap,exit ]   to   space 30016K,   0% used [0x0000000710800000, 0x0000000710800000, 0x0000000712550000)
[584.558s][info ][gc,heap,exit ]  concurrent mark-sweep generation total 600768K, used 268048K [0x0000000714cc0000, 0x0000000739770000, 0x0000000800000000)
[584.558s][info ][gc,heap,exit ]  Metaspace       used 56846K, capacity 60341K, committed 60628K, reserved 1101824K
[584.558s][info ][gc,heap,exit ]   class space    used 7608K, capacity 9209K, committed 9252K, reserved 1048576K
[584.558s][info ][safepoint    ] Application time: 0.0004551 seconds
[584.558s][info ][safepoint    ] Entering safepoint region: Halt
